 S0C    S1C    S0U    S1U      EC       EU        OC         OU       PC     PU    YGC     YGCT    FGC    FGCT     GCT   
961152.0 961152.0  0.0    0.0   5767232.0 115344.7 15379136.0    0.0     21248.0 2682.3      0    0.000   0      0.000    0.000
961152.0 961152.0  0.0    0.0   5767232.0 115344.7 15379136.0    0.0     21248.0 13731.3      0    0.000   0      0.000    0.000
961152.0 961152.0  0.0    0.0   5767232.0 115344.7 15379136.0    0.0     21248.0 13733.0      0    0.000   0      0.000    0.000
961152.0 961152.0  0.0    0.0   5767232.0 115344.7 15379136.0    0.0     21248.0 13733.0      0    0.000   0      0.000    0.000
961152.0 961152.0  0.0    0.0   5767232.0 115344.7 15379136.0    0.0     21248.0 13733.0      0    0.000   0      0.000    0.000
961152.0 961152.0  0.0    0.0   5767232.0 115344.7 15379136.0    0.0     21248.0 13733.0      0    0.000   0      0.000    0.000
961152.0 961152.0  0.0    0.0   5767232.0 115344.7 15379136.0    0.0     21248.0 13733.0      0    0.000   0      0.000    0.000
961152.0 961152.0  0.0    0.0   5767232.0 115344.7 15379136.0    0.0     21248.0 13733.0      0    0.000   0      0.000    0.000
961152.0 961152.0  0.0    0.0   5767232.0 115344.7 15379136.0    0.0     21248.0 13733.0      0    0.000   0      0.000    0.000
961152.0 961152.0  0.0    0.0   5767232.0 346034.2 15379136.0    0.0     21248.0 18723.8      0    0.000   0      0.000    0.000
961152.0 961152.0  0.0    0.0   5767232.0 5652662.8 15379136.0    0.0     36800.0 36643.7      0    0.000   0      0.000    0.000
961152.0 961152.0  0.0   74272.3 5767232.0 1177984.0 15379136.0    0.0     48320.0 48147.3      1    0.053   0      0.000    0.053
961152.0 961152.0  0.0   74272.3 5767232.0 4293584.8 15379136.0    0.0     48512.0 48360.6      1    0.053   0      0.000    0.053
961152.0 961152.0 94118.1  0.0   5767232.0 3951393.0 15379136.0    0.0     48512.0 48402.4      2    0.103   0      0.000    0.103
961152.0 961152.0  0.0   145481.3 5767232.0 3365044.0 15379136.0    0.0     48512.0 48405.2      3    0.184   0      0.000    0.184
961152.0 961152.0 197449.3  0.0   5767232.0 2652887.8 15379136.0    0.0     48512.0 48435.2      4    0.299   0      0.000    0.299
289344.0 961152.0  0.0   259183.2 5767232.0 1746481.3 15379136.0    0.0     48704.0 48515.8      5    0.445   0      0.000    0.445
289344.0 354624.0 289337.2  0.0   6980288.0 1138070.4 15379136.0  19008.0   48704.0 48516.7      6    0.632   0      0.000    0.632
383296.0 284992.0  0.0   284928.2 6980288.0 2336842.8 15379136.0  91192.3   48704.0 48521.9      7    0.832   0      0.000    0.832
383296.0 284992.0 243872.2 284928.2 6980288.0 6980288.0 15379136.0  126208.3  48704.0 48522.7      8    0.832   0      0.000    0.832
398976.0 257920.0  0.0   257912.0 6892352.0 821043.8 15379136.0  263936.3  48704.0 48634.1      9    1.276   0      0.000    1.276
398976.0 395776.0 117356.9  0.0   6894784.0 5992859.5 15379136.0  440072.4  48704.0 48660.7     10    1.472   0      0.000    1.472
402752.0 410240.0 13106.1  0.0   6869056.0 6140643.8 15379136.0  629952.4  48704.0 48666.4     12    1.650   0      0.000    1.650
407360.0 412480.0  0.0   5248.1 6864384.0 983490.4 15379136.0  653867.5  48896.0 48722.5     15    1.709   0      0.000    1.709
386752.0 398080.0  0.0   11488.0 6884096.0 2159264.1 15379136.0  668385.4  48896.0 48738.0     17    1.766   0      0.000    1.766
386752.0 370304.0 32096.2  0.0   6932480.0 5636002.4 15379136.0  677681.4  48896.0 48754.0     18    1.810   0      0.000    1.810
350144.0 370304.0  0.0   52448.1 6932480.0 5201279.2 15379136.0  703023.2  48896.0 48761.6     19    1.887   0      0.000    1.887
350144.0 326464.0 77989.4  0.0   7012928.0 5423440.0 15379136.0  749279.2  48896.0 48765.6     20    2.001   0      0.000    2.001
306240.0 326464.0  0.0   69716.4 7012928.0 5155854.4 15379136.0  814956.6  48896.0 48766.7     21    2.111   0      0.000    2.111
306240.0 292288.0 41572.6  0.0   7091008.0 5472407.1 15379136.0  884625.0  48896.0 48769.6     22    2.194   0      0.000    2.194
285440.0 292288.0  0.0   320.0  7091008.0 3912692.6 15379136.0  926061.6  48896.0 48770.0     23    2.234   0      0.000    2.234
285440.0 292288.0  0.0   320.0  7091008.0 6653699.1 15379136.0  926061.6  48896.0 48772.3     23    2.234   0      0.000    2.234
285440.0 292288.0  0.0   320.0  7091008.0 6653710.8 15379136.0  926061.6  48896.0 48772.6     23    2.234   0      0.000    2.234
285440.0 292288.0  0.0   320.0  7091008.0 6653727.4 15379136.0  926061.6  48896.0 48772.6     23    2.234   0      0.000    2.234
285440.0 292288.0  0.0   320.0  7091008.0 6653739.5 15379136.0  926061.6  48896.0 48772.9     23    2.234   0      0.000    2.234
285440.0 292288.0  0.0   320.0  7091008.0 6654222.8 15379136.0  926061.6  48896.0 48772.9     23    2.234   0      0.000    2.234
285440.0 292288.0  0.0   320.0  7091008.0 6654234.3 15379136.0  926061.6  48896.0 48772.9     23    2.234   0      0.000    2.234
285440.0 292288.0  0.0   320.0  7091008.0 6654245.8 15379136.0  926061.6  48896.0 48773.4     23    2.234   0      0.000    2.234
285440.0 292288.0  0.0   320.0  7091008.0 6654257.3 15379136.0  926061.6  48896.0 48774.2     23    2.234   0      0.000    2.234
285440.0 292288.0  0.0   320.0  7091008.0 6654271.5 15379136.0  926061.6  48896.0 48774.5     23    2.234   0      0.000    2.234
285440.0 292288.0  0.0   320.0  7091008.0 7072993.0 15379136.0  926061.6  49664.0 49499.9     24    2.234   0      0.000    2.234
279424.0 265344.0  0.0   163902.9 7138752.0 419111.7 15379136.0  994881.4  49664.0 49644.8     25    2.290   0      0.000    2.290
279424.0 273920.0 320.0   0.0   7136192.0 623630.9 15379136.0 1174947.9  49664.0 49646.4     26    2.332   0      0.000    2.332
266688.0 273920.0  0.0   256.0  7136192.0 928672.1 15379136.0 1175060.0  49664.0 49650.1     27    2.341   0      0.000    2.341
266688.0 272064.0 135794.0  0.0   7145408.0 192825.4 15379136.0 1175164.1  49856.0 49691.2     28    2.367   0      0.000    2.367
252288.0 272064.0  0.0   74227.9 7145408.0 1639295.9 15379136.0 1290610.4  49856.0 49691.5     29    2.407   0      0.000    2.407
252288.0 240256.0 40720.9  0.0   7196992.0 4171900.3 15379136.0 1364694.5  49856.0 49691.5     30    2.438   0      0.000    2.438
224576.0 240256.0  0.0   74397.5 7196992.0 6885208.0 15379136.0 1405247.4  49856.0 49700.9     31    2.467   0      0.000    2.467
233856.0 243520.0  0.0   41526.2 7202496.0 1880183.8 15379136.0 1610308.0  49856.0 49704.6     33    2.542   0      0.000    2.542
233856.0 231168.0 256.0   0.0   7224512.0 4025279.5 15379136.0 1651554.2  49856.0 49707.4     34    2.561   0      0.000    2.561
219584.0 231168.0  0.0   41503.7 7224512.0 6437436.8 15379136.0 1651634.3  49856.0 49710.0     35    2.576   0      0.000    2.576
219584.0 208576.0 41099.5  0.0   7261376.0 5854790.0 15379136.0 1692914.0  49856.0 49711.0     36    2.600   0      0.000    2.600
198080.0 208576.0  0.0   40381.6 7261376.0 3665230.7 15379136.0 1733749.5  49856.0 49711.3     37    2.626   0      0.000    2.626
198080.0 194816.0 320.0   0.0   7296640.0 757986.0 15379136.0 1773891.1  49856.0 49711.3     38    2.651   0      0.000    2.651
198080.0 194816.0 320.0   0.0   7296640.0 2056893.5 15379136.0 1773891.1  49856.0 49711.9     38    2.651   0      0.000    2.651
198080.0 194816.0 320.0   0.0   7296640.0 2062911.6 15379136.0 1773891.1  49856.0 49711.9     38    2.651   0      0.000    2.651
198080.0 194816.0 320.0   0.0   7296640.0 2062920.5 15379136.0 1773891.1  49856.0 49712.2     38    2.651   0      0.000    2.651
198080.0 194816.0 320.0   0.0   7296640.0 2062929.5 15379136.0 1773891.1  49856.0 49712.2     38    2.651   0      0.000    2.651
198080.0 194816.0 320.0   0.0   7296640.0 2062940.5 15379136.0 1773891.1  49856.0 49712.2     38    2.651   0      0.000    2.651
198080.0 194816.0 320.0   0.0   7296640.0 2062948.0 15379136.0 1773891.1  49856.0 49712.5     38    2.651   0      0.000    2.651
198080.0 194816.0 320.0   0.0   7296640.0 2062978.7 15379136.0 1773891.1  49856.0 49712.5     38    2.651   0      0.000    2.651
198080.0 194816.0 320.0   0.0   7296640.0 2062988.0 15379136.0 1773891.1  49856.0 49713.2     38    2.651   0      0.000    2.651
198080.0 194816.0 320.0   0.0   7296640.0 2062997.9 15379136.0 1773891.1  49856.0 49713.2     38    2.651   0      0.000    2.651
198080.0 194816.0 320.0   0.0   7296640.0 2063007.7 15379136.0 1773891.1  49856.0 49713.2     38    2.651   0      0.000    2.651
198080.0 194816.0 320.0   0.0   7296640.0 2063019.3 15379136.0 1773891.1  49856.0 49713.2     38    2.651   0      0.000    2.651
198080.0 194816.0 320.0   0.0   7296640.0 2063050.0 15379136.0 1773891.1  49856.0 49713.2     38    2.651   0      0.000    2.651
198080.0 194816.0 320.0   0.0   7296640.0 2063059.6 15379136.0 1773891.1  49856.0 49713.2     38    2.651   0      0.000    2.651
184064.0 194816.0  0.0   63979.2 7296640.0   0.0    15379136.0 1773955.1  50048.0 50037.5     39    2.677   0      0.000    2.677
184064.0 174272.0 38688.1  0.0   7331200.0 1212444.4 15379136.0 1834666.3  50048.0 50038.5     40    2.734   0      0.000    2.734
167040.0 174272.0  0.0   26496.0 7331200.0 2495220.9 15379136.0 1873302.4  50048.0 50039.2     41    2.803   0      0.000    2.803
167040.0 162816.0 71529.3  0.0   7359680.0 3805137.6 15379136.0 1899806.5  50048.0 50039.9     42    2.873   0      0.000    2.873
156480.0 162816.0  0.0   26784.0 7359680.0 5006356.7 15379136.0 1991658.8  50048.0 50039.9     43    2.951   0      0.000    2.951
156480.0 164224.0 100306.5  0.0   7361088.0 6819420.1 15379136.0 2018366.9  50048.0 50040.7     44    3.069   0      0.000    3.069
163904.0 157632.0 70216.6  0.0   7368000.0 1411364.5 15379136.0 2181134.8  50048.0 50040.9     46    3.256   0      0.000    3.256
163904.0 157632.0 70216.6  0.0   7368000.0 6230001.2 15379136.0 2181134.8  50048.0 50045.9     46    3.256   0      0.000    3.256
177920.0 141120.0  0.0   141113.1 7368000.0 7206813.8 15379136.0 2249159.4  50048.0 50045.9     47    3.334   0      0.000    3.334
177920.0 171328.0  0.0   171327.2 7340288.0 2177255.4 15379136.0 2466676.4  50048.0 50046.5     49    3.508   0      0.000    3.508
177920.0 213248.0 49952.1  0.0   7263040.0 5732131.4 15379136.0 2616753.4  50048.0 50046.6     50    3.578   0      0.000    3.578
206976.0 194112.0 72136.6  0.0   7288448.0 2110585.3 15379136.0 2701885.6  50048.0 50047.8     52    3.783   0      0.000    3.783
186752.0 194112.0  0.0   47165.6 7288448.0 6492889.7 15379136.0 2773446.2  50048.0 50047.8     53    3.931   0      0.000    3.931
182464.0 192832.0  0.0   68591.9 7303872.0 5370935.4 15379136.0 2937922.6  50240.0 50048.2     55    4.166   0      0.000    4.166
173632.0 179392.0  0.0   84725.0 7327680.0 2920865.1 15379136.0 3033213.0  50240.0 50048.6     57    4.387   0      0.000    4.387
173632.0 164032.0 73745.8  0.0   7351872.0 6000049.8 15379136.0 3078583.6  50240.0 50049.5     58    4.479   0      0.000    4.479
160704.0 154752.0 58399.9  0.0   7374080.0 357713.7 15379136.0 3175041.7  50240.0 50050.8     60    4.646   0      0.000    4.646
152256.0 154752.0  0.0   38624.0 7374080.0 1192908.1 15379136.0 3251653.0  50240.0 50051.3     61    4.829   0      0.000    4.829
152256.0 158912.0 109560.1  0.0   7371712.0 2232282.6 15379136.0 3290101.1  50240.0 50051.3     62    4.925   0      0.000    4.925
154432.0 158912.0  0.0   49279.9 7371712.0 3047697.6 15379136.0 3399732.9  50240.0 50051.3     63    5.107   0      0.000    5.107
154432.0 152768.0 88861.8  0.0   7382336.0 2474198.8 15379136.0 3447908.9  50240.0 50051.3     64    5.200   0      0.000    5.200
154432.0 152768.0 88861.8  0.0   7382336.0 6674322.4 15379136.0 3447908.9  50240.0 50051.3     64    5.200   0      0.000    5.200
148736.0 152768.0  0.0   49072.4 7382336.0 2096064.9 15379136.0 3513778.8  50240.0 50051.5     65    5.289   0      0.000    5.289
148736.0 152768.0  0.0   49072.4 7382336.0 4997100.0 15379136.0 3513778.8  50240.0 50051.5     65    5.289   0      0.000    5.289
148736.0 146304.0 38560.0  0.0   7394496.0 491800.8 15379136.0 3556555.1  50240.0 50136.4     66    5.383   0      0.000    5.383
148736.0 146304.0 38560.0  0.0   7394496.0 2793716.7 15379136.0 3556555.1  50240.0 50136.4     66    5.383   0      0.000    5.383
148736.0 146304.0 38560.0  0.0   7394496.0 4274679.1 15379136.0 3556555.1  50240.0 50136.4     66    5.383   0      0.000    5.383
148736.0 146304.0 38560.0  0.0   7394496.0 4391679.7 15379136.0 3556555.1  50240.0 50136.4     66    5.383   0      0.000    5.383
148736.0 146304.0 38560.0  0.0   7394496.0 4392341.3 15379136.0 3556555.1  50240.0 50136.4     66    5.383   0      0.000    5.383
148736.0 146304.0 38560.0  0.0   7394496.0 4392361.5 15379136.0 3556555.1  50240.0 50137.0     66    5.383   0      0.000    5.383
148736.0 146304.0 38560.0  0.0   7394496.0 5390402.3 15379136.0 3556555.1  50240.0 50220.0     66    5.383   0      0.000    5.383
154368.0 110400.0  0.0   110338.3 7394496.0 6945082.2 15379136.0 3590883.1  50240.0 50220.4     67    5.474   0      0.000    5.474
172608.0 256.0   0.0   256.0  7352256.0 990614.2 15379136.0 3800491.3  50240.0 50220.4     69    5.600   0      0.000    5.600
172608.0 174144.0 256.0   0.0   7341248.0 3067858.3 15379136.0 3800571.3  50240.0 50221.0     70    5.629   0      0.000    5.629
166656.0 174144.0  0.0   41649.1 7341248.0 3031183.4 15379136.0 3800659.4  50240.0 50224.2     71    5.666   0      0.000    5.666
166656.0 164160.0 82651.0  0.0   7358720.0 6585824.9 15379136.0 3842135.2  50240.0 50224.3     72    5.703   0      0.000    5.703
164672.0 163456.0 256.0   0.0   7361408.0 3416761.5 15379136.0 3924702.2  50240.0 50224.3     74    5.762   0      0.000    5.762
185216.0 175296.0 50410.2  0.0   7329024.0 430266.7 15379136.0 4046971.4  50240.0 50229.3     76    5.848   0      0.000    5.848
175936.0 175296.0  0.0   92305.9 7329024.0 1169463.5 15379136.0 4097171.3  50240.0 50231.6     77    5.896   0      0.000    5.896
175936.0 175168.0 320.0   0.0   7338432.0 399579.6 15379136.0 4138691.3  50240.0 50232.9     78    5.938   0      0.000    5.938
175936.0 175168.0 320.0   0.0   7338432.0 5966184.5 15379136.0 4138691.3  50240.0 50238.8     78    5.938   0      0.000    5.938
165824.0 175168.0  0.0   41567.7 7338432.0 1244003.4 15379136.0 4138763.3  50240.0 50239.2     79    5.968   0      0.000    5.968
165824.0 175168.0  0.0   41567.7 7338432.0 2756224.1 15379136.0 4138763.3  50240.0 50239.2     79    5.968   0      0.000    5.968
165824.0 175168.0  0.0   41567.7 7338432.0 4573352.8 15379136.0 4138763.3  50240.0 50239.8     79    5.968   0      0.000    5.968
165824.0 186880.0 141768.9  0.0   7315776.0 1521127.6 15379136.0 4231050.8  50432.0 50240.1     80    6.031   0      0.000    6.031
165824.0 186880.0 141768.9  0.0   7315776.0 7258339.2 15379136.0 4231050.8  50432.0 50240.8     80    6.031   0      0.000    6.031
175424.0 186880.0  0.0   65868.3 7315776.0 6244574.7 15379136.0 4423551.5  50432.0 50241.1     81    6.092   0      0.000    6.092
175424.0 175040.0 256.0   0.0   7339072.0 5063861.7 15379136.0 4489167.9  50432.0 50241.2     82    6.132   0      0.000    6.132
172992.0 175040.0  0.0   340.1  7339072.0 1110442.1 15379136.0 4489207.9  50432.0 50317.7     83    6.165   0      0.000    6.165
172992.0 175040.0  0.0   340.1  7339072.0 6263784.5 15379136.0 4489207.9  50432.0 50346.6     83    6.165   0      0.000    6.165
172992.0 193472.0 139809.1  0.0   7302592.0 5554106.8 15379136.0 4489295.9  50432.0 50346.6     84    6.229   0      0.000    6.229
184704.0 193472.0  0.0   72768.1 7302592.0 4689632.5 15379136.0 4618761.2  50432.0 50346.7     85    6.358   0      0.000    6.358
184704.0 183936.0 92928.1  0.0   7320896.0 4154935.4 15379136.0 4671097.2  50432.0 50349.0     86    6.507   0      0.000    6.507
202496.0 147264.0  0.0   147242.7 7320896.0 3963158.9 15379136.0 4763993.4  50432.0 50352.9     87    6.683   0      0.000    6.683
202496.0 193856.0 84637.6 145785.3 7293184.0 7293184.0 15379136.0 4986794.1  50432.0 50353.2     89    6.821   0      0.000    6.821
210560.0 201216.0 61632.0  0.0   7277760.0 3685794.3 15379136.0 5170563.5  50432.0 50413.5     90    7.084   0      0.000    7.084
204416.0 201216.0  0.0   121430.2 7277760.0 6559968.1 15379136.0 5230131.5  50432.0 50413.9     91    7.325   0      0.000    7.325
204416.0 207936.0 126133.2  0.0   7273664.0 6992992.4 15379136.0 5351425.7  50624.0 50473.9     92    7.472   0      0.000    7.472
203328.0 205632.0 160.0   0.0   7278272.0 3226417.3 15379136.0 5544259.0  50624.0 50501.2     94    7.773   0      0.000    7.773
197568.0 205632.0  0.0   88885.5 7278272.0 444976.9 15379136.0 5544323.0  50624.0 50503.2     95    7.877   0      0.000    7.877
197568.0 205632.0  0.0   88885.5 7278272.0 7081488.0 15379136.0 5544323.0  50624.0 50504.2     95    7.877   0      0.000    7.877
197568.0 195520.0 104032.2  0.0   7296448.0 5702762.0 15379136.0 5631786.2  50624.0 50504.9     96    8.031   0      0.000    8.031
190784.0 195520.0  0.0   98173.6 7296448.0 2920719.5 15379136.0 5725634.3  50624.0 50504.9     97    8.177   0      0.000    8.177
190784.0 195520.0  0.0   98173.6 7296448.0 6064251.9 15379136.0 5725634.3  50624.0 50514.0     97    8.177   0      0.000    8.177
190784.0 262336.0 190775.8  0.0   7164864.0 2594754.1 15379136.0 5839265.2  50624.0 50515.6     98    8.371   0      0.000    8.371
190784.0 262336.0 190775.8  0.0   7164864.0 3021867.8 15379136.0 5839265.2  50624.0 50521.9     98    8.371   0      0.000    8.371
252288.0 262336.0  0.0   119531.9 7164864.0 2293709.2 15379136.0 6023069.0  50624.0 50523.0     99    8.538   0      0.000    8.538
252288.0 242816.0 74632.7  0.0   7194432.0 742957.0 15379136.0 6184708.8  50624.0 50523.0    100    8.689   0      0.000    8.689
252288.0 242816.0 74632.7  0.0   7194432.0 5696144.0 15379136.0 6184708.8  50624.0 50523.3    100    8.689   0      0.000    8.689
230848.0 242816.0  0.0   90310.3 7194432.0 1815087.2 15379136.0 6249045.5  50624.0 50523.8    101    8.843   0      0.000    8.843
230848.0 242816.0  0.0   90310.3 7194432.0 3377195.6 15379136.0 6249045.5  50624.0 50525.5    101    8.843   0      0.000    8.843
230848.0 242816.0  0.0   90310.3 7194432.0 3377218.3 15379136.0 6249045.5  50624.0 50525.5    101    8.843   0      0.000    8.843
230848.0 242816.0  0.0   90310.3 7194432.0 3377239.1 15379136.0 6249045.5  50624.0 50525.5    101    8.843   0      0.000    8.843
230848.0 242816.0  0.0   90310.3 7194432.0 3377293.5 15379136.0 6249045.5  50624.0 50525.5    101    8.843   0      0.000    8.843
230848.0 242816.0  0.0   90310.3 7194432.0 3377313.9 15379136.0 6249045.5  50624.0 50525.5    101    8.843   0      0.000    8.843
230848.0 242816.0  0.0   90310.3 7194432.0 3377336.6 15379136.0 6249045.5  50624.0 50525.5    101    8.843   0      0.000    8.843
230848.0 242816.0  0.0   90310.3 7194432.0 3377355.0 15379136.0 6249045.5  50624.0 50525.5    101    8.843   0      0.000    8.843
230848.0 242816.0  0.0   90310.3 7194432.0 3377379.4 15379136.0 6249045.5  50624.0 50525.7    101    8.843   0      0.000    8.843
230848.0 219008.0 94314.8  0.0   7239680.0 2461942.2 15379136.0 6335179.8  50624.0 50531.3    102    8.998   0      0.000    8.998
215488.0 219008.0  0.0   51552.1 7239680.0 6059431.4 15379136.0 6445140.1  50624.0 50532.1    103    9.113   0      0.000    9.113
206080.0 208832.0  0.0   39904.0 7265216.0 1600335.5 15379136.0 6548564.4  50624.0 50532.1    105    9.346   0      0.000    9.346
206080.0 220992.0 159590.1  0.0   7247552.0 6320974.7 15379136.0 6588420.4  50624.0 50534.4    106    9.486   0      0.000    9.486
210112.0 201536.0 102850.3  0.0   7277888.0 1859382.9 15379136.0 6854817.8  50624.0 50542.1    108    9.790   0      0.000    9.790
204160.0 201536.0 192.0  18017.2 7277888.0 7277888.0 15379136.0 6983495.5  50624.0 50542.1    110    9.974   0      0.000    9.974
197376.0 205888.0  0.0   56225.3 7277760.0 6629428.5 15379136.0 6999699.6  50624.0 50542.1    111   10.040   0      0.000   10.040
193280.0 192064.0  0.0   6048.0 7300096.0 4642250.6 15379136.0 7168563.8  50624.0 50542.6    113   10.205   0      0.000   10.205
193280.0 199040.0 120456.1 43848.1 7291456.0 7291456.0 15379136.0 7227592.9  50624.0 50543.0    115   10.327   0      0.000   10.327
190848.0 191872.0 480.0   0.0   7305792.0 2454983.3 15379136.0 7347553.1  50624.0 50543.1    116   10.568   0      0.000   10.568
187264.0 191872.0  0.0   20777.9 7305792.0 6194107.0 15379136.0 7347769.1  50624.0 50543.6    117   10.620   0      0.000   10.620
177600.0 185344.0  0.0   26033.0 7316928.0 1303771.5 15379136.0 7368560.8  50624.0 50544.7    119   10.726   0      0.000   10.726
177600.0 170752.0 20592.4  0.0   7341184.0 1694117.3 15379136.0 7419674.8  50624.0 50545.2    120   10.770   0      0.000   10.770
170560.0 170752.0  0.0   82148.1 7341184.0 1995799.9 15379136.0 7460255.5  50624.0 50545.2    121   10.831   0      0.000   10.831
170560.0 161024.0 40317.6  0.0   7357952.0 2409614.9 15379136.0 7542203.6  50624.0 50545.2    122   10.901   0      0.000   10.901
154624.0 161024.0  0.0   25347.9 7357952.0 929882.4 15379136.0 7582345.2  50624.0 50545.2    123   10.951   0      0.000   10.951
154624.0 161024.0  0.0   25347.9 7357952.0 6201095.1 15379136.0 7582345.2  50624.0 50545.2    123   10.951   0      0.000   10.951
154624.0 152448.0 320.0   0.0   7382464.0 2293402.4 15379136.0 7632489.1  50624.0 50545.2    124   10.996   0      0.000   10.996
154624.0 152448.0 320.0   0.0   7382464.0 3767072.3 15379136.0 7632489.1  50624.0 50545.2    124   10.996   0      0.000   10.996
154624.0 152448.0 320.0   0.0   7382464.0 4487303.6 15379136.0 7632489.1  50624.0 50545.2    124   10.996   0      0.000   10.996
154624.0 152448.0 320.0   0.0   7382464.0 4487350.4 15379136.0 7632489.1  50624.0 50545.2    124   10.996   0      0.000   10.996
154624.0 152448.0 320.0   0.0   7382464.0 4487370.9 15379136.0 7632489.1  50624.0 50545.2    124   10.996   0      0.000   10.996
154624.0 152448.0 320.0   0.0   7382464.0 4487391.6 15379136.0 7632489.1  50624.0 50545.2    124   10.996   0      0.000   10.996
154624.0 152448.0 320.0   0.0   7382464.0 4487412.5 15379136.0 7632489.1  50624.0 50545.2    124   10.996   0      0.000   10.996
154624.0 152448.0 320.0   0.0   7382464.0 4487435.2 15379136.0 7632489.1  50624.0 50545.2    124   10.996   0      0.000   10.996
154624.0 152448.0 320.0   0.0   7382464.0 4487480.4 15379136.0 7632489.1  50624.0 50545.2    124   10.996   0      0.000   10.996
154624.0 152448.0 320.0   0.0   7382464.0 4487503.2 15379136.0 7632489.1  50624.0 50545.2    124   10.996   0      0.000   10.996
154624.0 152448.0 320.0   0.0   7382464.0 4487523.8 15379136.0 7632489.1  50624.0 50547.2    124   10.996   0      0.000   10.996
154624.0 152448.0 320.0   0.0   7382464.0 4487544.3 15379136.0 7632489.1  50624.0 50547.2    124   10.996   0      0.000   10.996
154624.0 152448.0 320.0   0.0   7382464.0 4487564.9 15379136.0 7632489.1  50624.0 50547.8    124   10.996   0      0.000   10.996
154624.0 152448.0 320.0   0.0   7382464.0 4487611.0 15379136.0 7632489.1  50624.0 50547.8    124   10.996   0      0.000   10.996
154624.0 152448.0 320.0   0.0   7382464.0 4487633.6 15379136.0 7632489.1  50624.0 50547.8    124   10.996   0      0.000   10.996
154624.0 152448.0 320.0   0.0   7382464.0 5186546.9 15379136.0 7632489.1  50624.0 50550.8    124   10.996   0      0.000   10.996
154624.0 152448.0 320.0   0.0   7382464.0 5187304.0 15379136.0 7632489.1  50624.0 50551.0    124   10.996   0      0.000   10.996
166336.0 140736.0  0.0   140727.0 7382464.0 7334949.4 15379136.0 7632561.1  50624.0 50552.6    126   11.054   0      0.000   11.054
169792.0 170368.0  0.0   84960.1 7348800.0 1890551.3 15379136.0 7800880.5  50624.0 50553.0    127   11.289   0      0.000   11.289
169792.0 190144.0 143452.4  0.0   7309248.0 5921397.6 15379136.0 7885888.8  50624.0 50553.1    128   11.439   0      0.000   11.439
201280.0 190528.0 78873.2  0.0   7297728.0 1916307.2 15379136.0 8152633.6  50624.0 50557.5    130   11.760   0      0.000   11.760
179264.0 190528.0  0.0   74866.7 7297728.0 4169166.7 15379136.0 8229458.9  50624.0 50558.5    131   11.953   0      0.000   11.953
179264.0 241792.0 179232.1 63396.8 7205952.0 7205952.0 15379136.0 8321779.3  50624.0 50562.9    133   12.166   0      0.000   12.166
243840.0 235264.0 62944.1  0.0   7210432.0 4868194.2 15379136.0 8572667.0  50624.0 50563.0    134   12.582   0      0.000   12.582
237312.0 235264.0  0.0   138112.0 7210432.0 5069575.9 15379136.0 8626379.0  50624.0 50563.9    135   12.749   0      0.000   12.749
217280.0 230208.0  0.0   100704.4 7222016.0 289173.2 15379136.0 8801475.1  50624.0 50564.6    137   13.087   0      0.000   13.087
217280.0 230208.0  0.0   100704.4 7222016.0 5089938.7 15379136.0 8801475.1  50624.0 50565.8    137   13.087   0      0.000   13.087
217280.0 217536.0 132974.0  0.0   7254464.0 3447262.2 15379136.0 8876137.2  50624.0 50565.8    138   13.240   0      0.000   13.240
222656.0 229696.0 192.0   0.0   7230144.0 2017273.5 15379136.0 9197100.1  50624.0 50567.2    140   13.541   0      0.000   13.541
226048.0 229696.0  0.0   41273.1 7230144.0 2054656.9 15379136.0 9197140.1  50624.0 50567.3    141   13.611   0      0.000   13.611
226048.0 216704.0 68296.5  0.0   7246784.0 1836326.7 15379136.0 9230173.1  50624.0 50567.3    142   13.721   0      0.000   13.721
211840.0 216704.0  0.0   43522.7 7246784.0 606055.7 15379136.0 9290261.6  50624.0 50574.7    143   13.828   0      0.000   13.828
211840.0 216704.0  0.0   43522.7 7246784.0 3415665.0 15379136.0 9290261.6  50624.0 50575.5    143   13.828   0      0.000   13.828
211840.0 216704.0  0.0   43522.7 7246784.0 3493188.3 15379136.0 9290261.6  50624.0 50575.5    143   13.828   0      0.000   13.828
211840.0 216704.0  0.0   43522.7 7246784.0 3590281.8 15379136.0 9290261.6  50624.0 50575.8    143   13.828   0      0.000   13.828
211840.0 216704.0  0.0   43522.7 7246784.0 3590306.4 15379136.0 9290261.6  50624.0 50575.8    143   13.828   0      0.000   13.828
211840.0 216704.0  0.0   43522.7 7246784.0 3615368.3 15379136.0 9290261.6  50624.0 50575.8    143   13.828   0      0.000   13.828
211840.0 216704.0  0.0   43522.7 7246784.0 3615391.2 15379136.0 9290261.6  50624.0 50575.8    143   13.828   0      0.000   13.828
211840.0 216704.0  0.0   43522.7 7246784.0 3615432.4 15379136.0 9290261.6  50624.0 50576.4    143   13.828   0      0.000   13.828
211840.0 216704.0  0.0   43522.7 7246784.0 3615454.8 15379136.0 9290261.6  50624.0 50576.4    143   13.828   0      0.000   13.828
211840.0 216704.0  0.0   43522.7 7246784.0 3615475.3 15379136.0 9290261.6  50624.0 50576.7    143   13.828   0      0.000   13.828
211840.0 216704.0  0.0   43522.7 7246784.0 3615498.0 15379136.0 9290261.6  50624.0 50577.5    143   13.828   0      0.000   13.828
211840.0 216704.0  0.0   43522.7 7246784.0 3615516.5 15379136.0 9290261.6  50624.0 50577.5    143   13.828   0      0.000   13.828
211840.0 216704.0  0.0   43522.7 7246784.0 3615566.6 15379136.0 9290261.6  50624.0 50577.5    143   13.828   0      0.000   13.828
211840.0 216704.0  0.0   43522.7 7246784.0 3615585.2 15379136.0 9290261.6  50624.0 50578.0    143   13.828   0      0.000   13.828
211840.0 216704.0  0.0   43522.7 7246784.0 3615608.0 15379136.0 9290261.6  50624.0 50580.3    143   13.828   0      0.000   13.828
211840.0 216704.0  0.0   43522.7 7246784.0 3615628.7 15379136.0 9290261.6  50624.0 50581.4    143   13.828   0      0.000   13.828
211840.0 216704.0  0.0   43522.7 7246784.0 3615651.5 15379136.0 9290261.6  50624.0 50582.3    143   13.828   0      0.000   13.828
211840.0 216704.0  0.0   43522.7 7246784.0 3615694.9 15379136.0 9290261.6  50624.0 50582.3    143   13.828   0      0.000   13.828
211840.0 216704.0  0.0   43522.7 7246784.0 3615715.3 15379136.0 9290261.6  50624.0 50582.3    143   13.828   0      0.000   13.828
211840.0 216704.0  0.0   43522.7 7246784.0 3615735.9 15379136.0 9290261.6  50624.0 50582.3    143   13.828   0      0.000   13.828
211840.0 216704.0  0.0   43522.7 7246784.0 3615758.6 15379136.0 9290261.6  50624.0 50582.3    143   13.828   0      0.000   13.828
211840.0 216704.0  0.0   43522.7 7246784.0 3615779.2 15379136.0 9290261.6  50624.0 50582.5    143   13.828   0      0.000   13.828
211840.0 262144.0 211835.2  0.0   7165248.0 248993.1 15379136.0 9333664.4  50624.0 50588.3    144   13.994   0      0.000   13.994
251968.0 262144.0  0.0   67624.5 7165248.0 3311247.1 15379136.0 9530726.4  50624.0 50589.6    145   14.209   0      0.000   14.209
251968.0 240192.0 77792.7  0.0   7197376.0 6961236.0 15379136.0 9588102.9  50624.0 50592.1    146   14.320   0      0.000   14.320
236736.0 237184.0 131093.2  0.0   7215168.0 3023418.7 15379136.0 9698455.8  50624.0 50592.2    148   14.584   0      0.000   14.584
228032.0 237184.0  0.0   64105.8 7215168.0 5227719.9 15379136.0 9829605.0  50624.0 50592.2    149   14.741   0      0.000   14.741
231616.0 14720.0  0.0   14688.0 7226688.0 2545356.6 15379136.0 10070609.2 50624.0 50592.2    151   15.033   0      0.000   15.033
216320.0 221312.0  0.0   34760.4 7236608.0 1886794.4 15379136.0 10148707.5 50624.0 50592.2    153   15.237   0      0.000   15.237
209536.0 212096.0  0.0   8960.0 7261120.0 2492609.5 15379136.0 10233564.2 50624.0 50592.2    155   15.410   0      0.000   15.410
198656.0 203264.0  0.0   8416.2 7276736.0 871300.0 15379136.0 10258740.5 50624.0 50594.1    157   15.553   0      0.000   15.553
198656.0 190848.0 21312.0  0.0   7300032.0 6753413.7 15379136.0 10265700.7 50624.0 50594.5    158   15.618   0      0.000   15.618
181696.0 174976.0 68700.9  0.0   7332864.0 4522095.9 15379136.0 10307595.3 50624.0 50594.8    160   15.807   0      0.000   15.807
165440.0 156608.0 58688.1  0.0   7367488.0 200194.2 15379136.0 10410048.3 50624.0 50595.2    162   16.080   0      0.000   16.080
165440.0 156608.0 58688.1  0.0   7367488.0 7184093.4 15379136.0 10410048.3 50624.0 50595.2    162   16.080   0      0.000   16.080
154944.0 146240.0 47358.4  0.0   7388352.0 377495.1 15379136.0 10566659.6 50624.0 50596.0    164   16.325   0      0.000   16.325
145088.0 146240.0  0.0   7066.3 7388352.0 474234.7 15379136.0 10639828.5 50624.0 50596.9    165   16.404   0      0.000   16.404
145088.0 135680.0 49975.3  0.0   7408768.0 333238.7 15379136.0 10652329.1 50624.0 50597.3    166   16.467   0      0.000   16.467
145088.0 135680.0 49975.3  0.0   7408768.0 4098162.9 15379136.0 10652329.1 50624.0 50597.8    166   16.467   0      0.000   16.467
145088.0 135680.0 49975.3  0.0   7408768.0 6080744.7 15379136.0 10652329.1 50624.0 50597.8    166   16.467   0      0.000   16.467
153408.0 127360.0  0.0   127296.4 7408768.0 3676322.1 15379136.0 10702068.4 50624.0 50597.8    167   16.542   0      0.000   16.542
153408.0 155712.0 288.0   0.0   7378112.0 364685.1 15379136.0 10829136.9 50624.0 50597.9    168   16.612   0      0.000   16.612
153408.0 155712.0 288.0   0.0   7378112.0 4539104.5 15379136.0 10829136.9 50624.0 50597.9    168   16.612   0      0.000   16.612
149696.0 155712.0  0.0   25834.3 7378112.0 1501313.1 15379136.0 10829192.9 50624.0 50599.3    169   16.676   0      0.000   16.676
149696.0 155712.0  0.0   25834.3 7378112.0 2992366.4 15379136.0 10829192.9 50624.0 50599.5    169   16.676   0      0.000   16.676
149696.0 155712.0  0.0   25834.3 7378112.0 4483384.4 15379136.0 10829192.9 50624.0 50599.9    169   16.676   0      0.000   16.676
149696.0 155712.0  0.0   25834.3 7378112.0 4959294.5 15379136.0 10829192.9 50624.0 50599.9    169   16.676   0      0.000   16.676
149696.0 155712.0  0.0   25834.3 7378112.0 4959341.9 15379136.0 10829192.9 50624.0 50600.3    169   16.676   0      0.000   16.676
149696.0 155712.0  0.0   25834.3 7378112.0 4959362.7 15379136.0 10829192.9 50624.0 50600.3    169   16.676   0      0.000   16.676
149696.0 155712.0  0.0   25834.3 7378112.0 4959387.4 15379136.0 10829192.9 50624.0 50601.1    169   16.676   0      0.000   16.676
149696.0 155712.0  0.0   25834.3 7378112.0 4959408.0 15379136.0 10829192.9 50624.0 50601.1    169   16.676   0      0.000   16.676
149696.0 155712.0  0.0   25834.3 7378112.0 4959430.4 15379136.0 10829192.9 50624.0 50601.1    169   16.676   0      0.000   16.676
149696.0 155712.0  0.0   25834.3 7378112.0 4959481.2 15379136.0 10829192.9 50624.0 50601.4    169   16.676   0      0.000   16.676
149696.0 155712.0  0.0   25834.3 7378112.0 4959499.4 15379136.0 10829192.9 50624.0 50601.4    169   16.676   0      0.000   16.676
149696.0 155712.0  0.0   25834.3 7378112.0 4959521.9 15379136.0 10829192.9 50624.0 50601.6    169   16.676   0      0.000   16.676
149696.0 155712.0  0.0   25834.3 7378112.0 4959542.3 15379136.0 10829192.9 50624.0 50603.0    169   16.676   0      0.000   16.676
149696.0 155712.0  0.0   25834.3 7378112.0 4959565.0 15379136.0 10829192.9 50624.0 50603.0    169   16.676   0      0.000   16.676
149696.0 155712.0  0.0   25834.3 7378112.0 5234350.0 15379136.0 10829192.9 50624.0 50609.4    169   16.676   0      0.000   16.676
149696.0 176192.0 147966.4  0.0   7337152.0 3962121.4 15379136.0 10874856.0 50624.0 50609.5    170   16.759   0      0.000   16.759
167232.0 176192.0  0.0   66400.1 7337152.0 5789245.4 15379136.0 11019169.5 50624.0 50609.8    171   16.874   0      0.000   16.874
167232.0 164352.0 80864.1  0.0   7357952.0 7175842.3 15379136.0 11071257.5 50624.0 50609.8    172   17.022   0      0.000   17.022
156800.0 173696.0 133607.3  0.0   7342144.0   0.0    15379136.0 11213237.8 50624.0 50609.8    174   17.358   0      0.000   17.358
156800.0 173696.0 133607.3  0.0   7342144.0 4193116.9 15379136.0 11213237.8 50624.0 50611.1    174   17.358   0      0.000   17.358
187136.0 134144.0  0.0   134131.8 7342144.0 3238888.2 15379136.0 11346805.1 50624.0 50611.1    175   17.544   0      0.000   17.544
187136.0 269568.0 187104.4  0.0   7150400.0 4443417.2 15379136.0 11488450.5 50624.0 50612.2    176   17.790   0      0.000   17.790
254464.0 269568.0  0.0   90984.0 7150400.0 7042662.4 15379136.0 11686388.4 50624.0 50612.2    178   17.982   0      0.000   17.982
241088.0 248320.0  0.0   59872.0 7186752.0 1204374.7 15379136.0 11885781.2 50624.0 50612.2    179   18.289   0      0.000   18.289
241088.0 246336.0 151264.2  0.0   7196864.0 3034122.4 15379136.0 11944565.2 50624.0 50613.1    180   18.482   0      0.000   18.482
235776.0 246336.0  0.0   82048.1 7196864.0 787418.8 15379136.0 12062443.3 50624.0 50613.1    181   18.637   0      0.000   18.637
235776.0 246336.0  0.0   82048.1 7196864.0 5742539.3 15379136.0 12062443.3 50624.0 50613.1    181   18.637   0      0.000   18.637
235776.0 242176.0 155149.6 117060.0 7205184.0 7205184.0 15379136.0 12269733.0 50624.0 50613.1    183   18.817   0      0.000   18.817
232640.0 221504.0 111515.2  0.0   7235392.0 220418.5 15379136.0 12407733.1 50624.0 50613.4    184   19.209   0      0.000   19.209
232640.0 221504.0 111515.2  0.0   7235392.0 5896938.1 15379136.0 12407733.1 50624.0 50613.9    184   19.209   0      0.000   19.209
230720.0 221504.0  0.0   163905.3 7235392.0 3705135.4 15379136.0 12510573.2 50624.0 50614.1    185   19.417   0      0.000   19.417
230720.0 220608.0 118273.8  0.0   7238208.0 580726.0 15379136.0 12670514.6 50624.0 50614.3    186   19.629   0      0.000   19.629
230720.0 220608.0 118273.8  0.0   7238208.0 3908611.3 15379136.0 12670514.6 50624.0 50614.3    186   19.629   0      0.000   19.629
230720.0 220608.0 118273.8  0.0   7238208.0 5179202.8 15379136.0 12670514.6 50624.0 50614.3    186   19.629   0      0.000   19.629
230720.0 220608.0 118273.8  0.0   7238208.0 6315500.0 15379136.0 12670514.6 50624.0 50614.3    186   19.629   0      0.000   19.629
230720.0 220608.0 118273.8  0.0   7238208.0 6840374.4 15379136.0 12670514.6 50624.0 50614.5    186   19.629   0      0.000   19.629
217600.0 220608.0  0.0   134821.1 7238208.0 1020454.2 15379136.0 12798974.2 50624.0 50614.8    187   19.813   0      0.000   19.813
217600.0 220608.0  0.0   134821.1 7238208.0 3384983.2 15379136.0 12798974.2 50624.0 50614.8    187   19.813   0      0.000   19.813
217600.0 220608.0  0.0   134821.1 7238208.0 5679728.6 15379136.0 12798974.2 50624.0 50614.8    187   19.813   0      0.000   19.813
217600.0 220608.0  0.0   134821.1 7238208.0 7079132.5 15379136.0 12798974.2 50624.0 50614.8    187   19.813   0      0.000   19.813
217600.0 212480.0 86929.0  0.0   7259456.0 1078555.9 15379136.0 12932719.4 50624.0 50614.8    188   19.972   0      0.000   19.972
217600.0 212480.0 86929.0  0.0   7259456.0 1679796.3 15379136.0 12932719.4 50624.0 50614.8    188   19.972   0      0.000   19.972
217600.0 212480.0 86929.0  0.0   7259456.0 1679817.2 15379136.0 12932719.4 50624.0 50615.9    188   19.972   0      0.000   19.972
217600.0 212480.0 86929.0  0.0   7259456.0 1679838.0 15379136.0 12932719.4 50624.0 50615.9    188   19.972   0      0.000   19.972
217600.0 212480.0 86929.0  0.0   7259456.0 1679880.5 15379136.0 12932719.4 50624.0 50616.0    188   19.972   0      0.000   19.972
217600.0 212480.0 86929.0  0.0   7259456.0 1679901.4 15379136.0 12932719.4 50624.0 50616.5    188   19.972   0      0.000   19.972
217600.0 212480.0 86929.0  0.0   7259456.0 4373149.6 15379136.0 12932719.4 50624.0 50617.5    188   19.972   0      0.000   19.972
209280.0 205632.0 72224.1  0.0   7274624.0 219044.9 15379136.0 13080622.5 50624.0 50618.7    190   20.338   0      0.000   20.338
203584.0 205632.0  0.0   127345.1 7274624.0 5302403.9 15379136.0 13134410.6 50624.0 50618.7    191   20.501   0      0.000   20.501
208320.0 141120.0  0.0   141064.1 7281344.0 1927900.9 15379136.0 13310855.7 50624.0 50619.1    193   20.853   0      0.000   20.853
208320.0 202112.0 82395.0 19596.9 7279104.0 7279104.0 15379136.0 13451967.8 50624.0 50619.4    195   21.025   0      0.000   21.025
200000.0 204800.0 11533.3  0.0   7279936.0 5383029.5 15379136.0 13597517.0 50624.0 50619.4    196   21.338   0      0.000   21.338
200192.0 203328.0 704.1   0.0   7282880.0 5108774.0 15379136.0 13664289.8 50624.0 50619.4    198   21.493   0      0.000   21.493
203008.0 200576.0 6912.0  0.0   7285952.0 5041644.7 15379136.0 13669412.5 50624.0 50620.4    200   21.651   0      0.000   21.651
195776.0 189376.0 16288.2  0.0   7304384.0 2660994.9 15379136.0 13685578.2 50624.0 50620.6    202   21.816   0      0.000   21.816
179456.0 189376.0 49884.9 33888.1 7304384.0 7304384.0 15379136.0 13712338.5 50624.0 50620.6    204   21.922   0      0.000   21.922
166784.0 169920.0  0.0   76491.7 7340160.0 5232263.4 15379136.0 13791907.4 50624.0 50620.8    205   22.168   0      0.000   22.168
152896.0 156480.0  0.0   16928.0 7366272.0 1844221.0 15379136.0 13919162.5 50624.0 50620.8    207   22.481   0      0.000   22.481
152896.0 148224.0 66244.6  0.0   7388416.0 7298814.4 15379136.0 13935954.5 50624.0 50621.0    209   22.569   0      0.000   22.569
147648.0 138624.0 50311.8  0.0   7403264.0 4469525.7 15379136.0 14002233.8 50624.0 50621.0    210   22.730   0      0.000   22.730
130688.0 138624.0  32.0  41099.5 7403264.0 7403264.0 15379136.0 14052393.6 50624.0 50621.0    212   22.817   0      0.000   22.817
130688.0 123392.0 41274.0 224.0  7435456.0 7435456.0 15379136.0 14134223.1 50624.0 50621.0    213   22.896   0      0.000   22.896
123584.0 123392.0  0.0   320.0  7435456.0 3557982.4 15379136.0 14134239.1 50624.0 50621.0    213   22.992   0      0.000   22.992
123584.0 123392.0  0.0   320.0  7435456.0 5989427.2 15379136.0 14134239.1 50624.0 50621.0    213   22.992   0      0.000   22.992
123584.0 123392.0  32.0  320.0  7435456.0 7435456.0 15379136.0 14134259.1 50624.0 50621.0    214   22.992   0      0.000   22.992
123584.0 128256.0 76728.7  0.0   7433024.0 1282625.2 15379136.0 14134323.1 50624.0 50621.0    214   23.075   0      0.000   23.075
123584.0 128256.0 76728.7  0.0   7433024.0 1936889.0 15379136.0 14134323.1 50624.0 50621.0    214   23.075   0      0.000   23.075
123584.0 128256.0 76728.7  0.0   7433024.0 1936909.6 15379136.0 14134323.1 50624.0 50621.0    214   23.075   0      0.000   23.075
123584.0 128256.0 76728.7  0.0   7433024.0 1936930.3 15379136.0 14134323.1 50624.0 50621.0    214   23.075   0      0.000   23.075
123584.0 128256.0 76728.7  0.0   7433024.0 1936973.0 15379136.0 14134323.1 50624.0 50621.0    214   23.075   0      0.000   23.075
123584.0 128256.0 76728.7  0.0   7433024.0 1936993.6 15379136.0 14134323.1 50624.0 50621.0    214   23.075   0      0.000   23.075
123584.0 128256.0 76728.7  0.0   7433024.0 1937014.0 15379136.0 14134323.1 50624.0 50621.0    214   23.075   0      0.000   23.075
123584.0 128256.0 76728.7  0.0   7433024.0 1937032.4 15379136.0 14134323.1 50624.0 50621.0    214   23.075   0      0.000   23.075
123584.0 128256.0 76728.7  0.0   7433024.0 1937054.8 15379136.0 14134323.1 50624.0 50621.0    214   23.075   0      0.000   23.075
123584.0 128256.0 76728.7  0.0   7433024.0 1937099.4 15379136.0 14134323.1 50624.0 50621.0    214   23.075   0      0.000   23.075
123584.0 128256.0 76728.7  0.0   7433024.0 1937119.7 15379136.0 14134323.1 50624.0 50621.0    214   23.075   0      0.000   23.075
123584.0 128256.0 76728.7  0.0   7433024.0 1937138.0 15379136.0 14134323.1 50624.0 50621.0    214   23.075   0      0.000   23.075
123584.0 128256.0 76728.7  0.0   7433024.0 1937158.4 15379136.0 14134323.1 50624.0 50621.0    214   23.075   0      0.000   23.075
123584.0 128256.0 76728.7  0.0   7433024.0 1937176.9 15379136.0 14134323.1 50624.0 50621.0    214   23.075   0      0.000   23.075
123584.0 128256.0 76728.7  0.0   7433024.0 2163910.6 15379136.0 14134323.1 50624.0 50622.2    214   23.075   0      0.000   23.075
133248.0 123264.0  0.0   123245.3 7433024.0 5152975.4 15379136.0 14192483.6 50624.0 50622.2    215   23.178   0      0.000   23.178
133248.0 163776.0 119599.7 20489.2 7361984.0 7361984.0 15379136.0 14300260.9 50624.0 50622.2    217   23.325   0      0.000   23.325
177856.0 126080.0  0.0   126066.5 7361984.0 7146102.9 15379136.0 14403504.6 50624.0 50622.2    217   23.497   0      0.000   23.497
177856.0 167488.0 68640.0  0.0   7344192.0 4865896.1 15379136.0 14521371.0 50624.0 50622.2    218   23.675   0      0.000   23.675
183872.0 138240.0  0.0   138211.9 7344192.0 4913709.6 15379136.0 14589995.1 50624.0 50622.3    219   23.871   0      0.000   23.871
183872.0 177216.0 85616.4  0.0   7328448.0 2741646.1 15379136.0 14727008.7 50624.0 50623.0    220   24.061   0      0.000   24.061
174592.0 177216.0  0.0   95604.7 7328448.0 4110824.2 15379136.0 14807513.1 50624.0 50623.2    221   24.233   0      0.000   24.233
174592.0 191808.0 149917.7  0.0   7305920.0 5580997.5 15379136.0 14893893.8 50816.0 50624.7    222   24.429   0      0.000   24.429
186560.0 191808.0  0.0   99296.1 7305920.0 6836453.3 15379136.0 15029063.5 50816.0 50624.7    223   24.632   0      0.000   24.632
186560.0 191360.0 125986.4  0.0   7306816.0 4193534.5 15379136.0 15126335.6 50816.0 50624.7    224   24.832   0      0.000   24.832
186560.0 191360.0 125986.4  0.0   7306816.0 4884830.1 15379136.0 15126335.6 50816.0 50624.7    224   24.832   0      0.000   24.832
191360.0 191360.0  0.0   191331.0 7306816.0   0.0    15379136.0 15321508.6 50816.0 50624.7    225   25.084   1      0.000   25.084
191360.0 191360.0  0.0   191331.0 7306816.0   0.0    15379136.0 15321508.6 50816.0 50624.7    225   25.084   1      0.000   25.084
191360.0 191360.0  0.0   191331.0 7306816.0   0.0    15379136.0 15321508.6 50816.0 50624.7    225   25.084   1      0.000   25.084
191360.0 191360.0  0.0    0.0   7306816.0 6003749.5 15379136.0 2935596.4  101568.0 50624.7    225   25.084   1      6.036   31.120
191360.0 292864.0 170981.0 56224.1 7103808.0 7103808.0 15379136.0 3061790.6  101568.0 50624.7    227   25.191   1      6.036   31.227
284160.0 274496.0 80300.8  0.0   7130880.0 531839.8 15379136.0 3159566.7  101568.0 50624.7    228   25.447   1      6.036   31.483
270912.0 274496.0  0.0   149082.4 7130880.0 3650232.7 15379136.0 3239859.5  101568.0 50625.9    229   25.631   1      6.036   31.668
270912.0 256128.0 117099.5  0.0   7162496.0 4888058.7 15379136.0 3384813.9  101568.0 50625.9    230   25.803   1      6.036   31.839
256384.0 256128.0  0.0   156869.0 7162496.0 2142520.1 15379136.0 3499929.4  101568.0 50625.9    231   25.960   1      6.036   31.996
256384.0 256128.0  0.0   156869.0 7162496.0 5876853.3 15379136.0 3499929.4  101568.0 50625.9    231   25.960   1      6.036   31.996
256384.0 249792.0 82926.6  0.0   7183360.0 1963001.4 15379136.0 3652694.3  101568.0 50625.9    232   26.128   1      6.036   32.164
256384.0 249792.0 82926.6  0.0   7183360.0 4300767.3 15379136.0 3652694.3  101568.0 50625.9    232   26.128   1      6.036   32.164
256384.0 249792.0 82926.6  0.0   7183360.0 4917946.2 15379136.0 3652694.3  101568.0 50625.9    232   26.128   1      6.036   32.164
256384.0 249792.0 82926.6  0.0   7183360.0 4917990.9 15379136.0 3652694.3  101568.0 50625.9    232   26.128   1      6.036   32.164
256384.0 249792.0 82926.6  0.0   7183360.0 4918007.4 15379136.0 3652694.3  101568.0 50625.9    232   26.128   1      6.036   32.164
256384.0 249792.0 82926.6  0.0   7183360.0 4918025.7 15379136.0 3652694.3  101568.0 50625.9    232   26.128   1      6.036   32.164
256384.0 249792.0 82926.6  0.0   7183360.0 4918042.1 15379136.0 3652694.3  101568.0 50625.9    232   26.128   1      6.036   32.164
256384.0 249792.0 82926.6  0.0   7183360.0 4918058.4 15379136.0 3652694.3  101568.0 50625.9    232   26.128   1      6.036   32.164
256384.0 249792.0 82926.6  0.0   7183360.0 4918098.8 15379136.0 3652694.3  101568.0 50625.9    232   26.128   1      6.036   32.164
256384.0 249792.0 82926.6  0.0   7183360.0 4918115.1 15379136.0 3652694.3  101568.0 50625.9    232   26.128   1      6.036   32.164
256384.0 249792.0 82926.6  0.0   7183360.0 4918133.5 15379136.0 3652694.3  101568.0 50625.9    232   26.128   1      6.036   32.164
256384.0 249792.0 82926.6  0.0   7183360.0 4918326.5 15379136.0 3652694.3  101568.0 50625.9    232   26.128   1      6.036   32.164
256384.0 249792.0 82926.6  0.0   7183360.0 4918344.8 15379136.0 3652694.3  101568.0 50625.9    232   26.128   1      6.036   32.164
256384.0 249792.0 82926.6  0.0   7183360.0 4918384.0 15379136.0 3652694.3  101568.0 50625.9    232   26.128   1      6.036   32.164
256384.0 249792.0 82926.6  0.0   7183360.0 4918404.6 15379136.0 3652694.3  101568.0 50625.9    232   26.128   1      6.036   32.164
256384.0 249792.0 82926.6  0.0   7183360.0 4918418.9 15379136.0 3652694.3  101568.0 50625.9    232   26.128   1      6.036   32.164
256384.0 249792.0 82926.6  0.0   7183360.0 4918470.1 15379136.0 3652694.3  101568.0 50625.9    232   26.128   1      6.036   32.164
256384.0 249792.0 82926.6 88246.9 7183360.0 7183360.0 15379136.0 3705532.9  101568.0 50629.9    233   26.128   1      6.036   32.164
241536.0 236288.0 73184.2  0.0   7211712.0 5346455.8 15379136.0 3813831.7  101568.0 50630.0    234   26.408   1      6.036   32.444
231616.0 225088.0 123217.0  0.0   7232832.0 3437779.9 15379136.0 3944875.9  101568.0 50630.2    236   26.663   1      6.036   32.699
217152.0 213248.0 125824.2  0.0   7259136.0 2699643.6 15379136.0 4114802.1  101568.0 50630.2    238   26.964   1      6.036   33.000
213568.0 213248.0 34669.0 44960.0 7259136.0 7259136.0 15379136.0 4242218.2  101568.0 50630.4    240   27.091   1      6.036   33.127
212544.0 208768.0  0.0   11393.2 7267200.0 4195461.2 15379136.0 4355815.9  101568.0 50630.4    241   27.346   1      6.036   33.382
199424.0 205120.0  0.0   50800.9 7271872.0 2902010.1 15379136.0 4427762.0  101568.0 50630.4    243   27.423   1      6.036   33.459
201280.0 201920.0  0.0   3872.1 7285696.0 1008182.2 15379136.0 4503655.4  101568.0 50630.4    245   27.482   1      6.036   33.518
201280.0 189568.0 58287.7 160.0  7298688.0 7298688.0 15379136.0 4506921.2  101568.0 50630.8    247   27.516   1      6.036   33.552
194880.0 191744.0 17824.0  0.0   7302912.0 6505072.8 15379136.0 4676587.1  101568.0 50631.1    248   27.625   1      6.036   33.661
186688.0 179840.0 28608.0  0.0   7323008.0 4590403.4 15379136.0 4711077.7  101568.0 50631.1    250   27.785   1      6.036   33.821
174912.0 184704.0 113311.1  0.0   7320128.0 2750089.9 15379136.0 4755569.8  101568.0 50631.1    252   27.971   1      6.036   34.007
180096.0 184704.0  0.0   14286.8 7320128.0 6395201.9 15379136.0 4868723.4  101568.0 50631.1    253   28.038   1      6.036   34.074
180096.0 176512.0 3264.1  0.0   7332928.0 6500529.6 15379136.0 4882826.3  101568.0 50631.1    254   28.170   1      6.036   34.206
171456.0 176512.0  0.0   5893.0 7332928.0 7154360.3 15379136.0 4885928.0  101568.0 50631.1    255   28.203   1      6.036   34.239
171456.0 159744.0 41003.5  0.0   7358336.0 3184897.8 15379136.0 4891597.0  101568.0 50631.1    256   28.233   1      6.036   34.269
171456.0 159744.0 41003.5  0.0   7358336.0 6016429.7 15379136.0 4891597.0  101568.0 50631.1    256   28.233   1      6.036   34.269
165120.0 159744.0  0.0   90843.6 7358336.0 1125126.4 15379136.0 4932416.5  101568.0 50631.1    257   28.273   1      6.036   34.310
165120.0 159744.0  0.0   90843.6 7358336.0 4484869.1 15379136.0 4932416.5  101568.0 50631.1    257   28.273   1      6.036   34.310
165120.0 188096.0 143207.7  0.0   7313344.0 1011353.1 15379136.0 4998243.4  101568.0 50631.1    258   28.319   1      6.036   34.355
165120.0 188096.0 143207.7  0.0   7313344.0 5042843.6 15379136.0 4998243.4  101568.0 50631.1    258   28.319   1      6.036   34.355
176512.0 188096.0  0.0   51659.3 7313344.0 1437728.3 15379136.0 5141207.2  101568.0 50631.1    259   28.370   1      6.036   34.406
176512.0 188096.0  0.0   51659.3 7313344.0 2922363.7 15379136.0 5141207.2  101568.0 50631.1    259   28.370   1      6.036   34.406
176512.0 188096.0  0.0   51659.3 7313344.0 3508377.6 15379136.0 5141207.2  101568.0 50631.1    259   28.370   1      6.036   34.406
176512.0 188096.0  0.0   51659.3 7313344.0 3508396.1 15379136.0 5141207.2  101568.0 50631.1    259   28.370   1      6.036   34.406
176512.0 188096.0  0.0   51659.3 7313344.0 3508418.8 15379136.0 5141207.2  101568.0 50631.1    259   28.370   1      6.036   34.406
176512.0 188096.0  0.0   51659.3 7313344.0 3508461.1 15379136.0 5141207.2  101568.0 50631.1    259   28.370   1      6.036   34.406
176512.0 188096.0  0.0   51659.3 7313344.0 3508479.7 15379136.0 5141207.2  101568.0 50631.1    259   28.370   1      6.036   34.406
176512.0 188096.0  0.0   51659.3 7313344.0 3508498.2 15379136.0 5141207.2  101568.0 50631.3    259   28.370   1      6.036   34.406
176512.0 188096.0  0.0   51659.3 7313344.0 3508516.6 15379136.0 5141207.2  101568.0 50631.3    259   28.370   1      6.036   34.406
176512.0 188096.0  0.0   51659.3 7313344.0 3508539.2 15379136.0 5141207.2  101568.0 50631.3    259   28.370   1      6.036   34.406
176512.0 188096.0  0.0   51659.3 7313344.0 3508583.7 15379136.0 5141207.2  101568.0 50631.3    259   28.370   1      6.036   34.406
176512.0 188096.0  0.0   51659.3 7313344.0 3508604.2 15379136.0 5141207.2  101568.0 50631.3    259   28.370   1      6.036   34.406
176512.0 188096.0  0.0   51659.3 7313344.0 3508622.9 15379136.0 5141207.2  101568.0 50631.3    259   28.370   1      6.036   34.406
176512.0 188096.0  0.0   51659.3 7313344.0 3508641.3 15379136.0 5141207.2  101568.0 50631.3    259   28.370   1      6.036   34.406
176512.0 191360.0 130481.5  0.0   7306816.0 3052077.5 15379136.0 5141247.2  101568.0 51007.6    260   28.418   1      6.036   34.454
183040.0 191360.0  0.0   40763.6 7306816.0 5532924.2 15379136.0 5226120.1  101568.0 51010.6    261   28.454   1      6.036   34.490
172032.0 181760.0  0.0   40752.9 7324736.0 891047.8 15379136.0 5266811.7  101568.0 51010.8    263   28.511   1      6.036   34.547
172032.0 169728.0 288.0   0.0   7347776.0 4409791.8 15379136.0 5307348.7  101568.0 51010.8    264   28.545   1      6.036   34.582
159232.0 169728.0  0.0   40970.5 7347776.0 7341080.8 15379136.0 5307452.8  101568.0 51181.7    266   28.576   1      6.036   34.612
140288.0 148992.0  0.0   40379.0 7381312.0 5352596.9 15379136.0 5392407.2  101568.0 51181.7    267   28.638   1      6.036   34.675
136704.0 139072.0  0.0   288.0  7410176.0 3548588.8 15379136.0 5432606.3  101568.0 51181.7    269   28.699   1      6.036   34.735
125184.0 127552.0  0.0   608.0  7425280.0 2540061.1 15379136.0 5472875.2  101568.0 51181.7    271   28.757   1      6.036   34.793
125184.0 119232.0 16992.0  0.0   7445120.0 4823654.9 15379136.0 5473264.9  101568.0 51190.1    272   28.785   1      6.036   34.821
116160.0 119232.0  0.0   896.1  7445120.0 1296441.3 15379136.0 5473632.9  101568.0 51190.3    273   28.817   1      6.036   34.853
116160.0 119232.0  0.0   896.1  7445120.0 5022899.8 15379136.0 5473632.9  101568.0 51190.3    273   28.817   1      6.036   34.853
116160.0 119296.0 61810.5  0.0   7450944.0 795310.0 15379136.0 5474337.0  101568.0 51190.3    274   28.853   1      6.036   34.889
116160.0 119296.0 61810.5  0.0   7450944.0 4557004.0 15379136.0 5474337.0  101568.0 51190.3    274   28.853   1      6.036   34.889
116288.0 119296.0  0.0   224.0  7450944.0 928423.1 15379136.0 5535915.7  101568.0 51190.3    275   28.884   1      6.036   34.920
116288.0 119296.0  0.0   224.0  7450944.0 3538408.3 15379136.0 5535915.7  101568.0 51190.3    275   28.884   1      6.036   34.920
116288.0 119296.0  0.0   224.0  7450944.0 4167849.2 15379136.0 5535915.7  101568.0 51190.3    275   28.884   1      6.036   34.920
116288.0 119296.0  0.0   224.0  7450944.0 4167892.5 15379136.0 5535915.7  101568.0 51190.3    275   28.884   1      6.036   34.920
116288.0 119296.0  0.0   224.0  7450944.0 4167912.8 15379136.0 5535915.7  101568.0 51190.3    275   28.884   1      6.036   34.920
116288.0 119296.0  0.0   224.0  7450944.0 4167933.2 15379136.0 5535915.7  101568.0 51190.3    275   28.884   1      6.036   34.920
116288.0 119296.0  0.0   224.0  7450944.0 4167951.5 15379136.0 5535915.7  101568.0 51190.3    275   28.884   1      6.036   34.920
116288.0 119296.0  0.0   224.0  7450944.0 4167969.8 15379136.0 5535915.7  101568.0 51190.3    275   28.884   1      6.036   34.920
116288.0 119296.0  0.0   224.0  7450944.0 4168019.4 15379136.0 5535915.7  101568.0 51190.3    275   28.884   1      6.036   34.920
116288.0 119296.0  0.0   224.0  7450944.0 4168039.7 15379136.0 5535915.7  101568.0 51190.3    275   28.884   1      6.036   34.920
116288.0 119296.0  0.0   224.0  7450944.0 4168060.1 15379136.0 5535915.7  101568.0 51190.3    275   28.884   1      6.036   34.920
116288.0 119296.0  0.0   224.0  7450944.0 4168078.4 15379136.0 5535915.7  101568.0 51190.3    275   28.884   1      6.036   34.920
116288.0 119296.0  0.0   224.0  7450944.0 4168094.7 15379136.0 5535915.7  101568.0 51190.3    275   28.884   1      6.036   34.920
116288.0 119296.0  0.0   224.0  7450944.0 4168137.5 15379136.0 5535915.7  101568.0 51190.3    275   28.884   1      6.036   34.920
116288.0 119296.0  0.0   224.0  7450944.0 4168157.8 15379136.0 5535915.7  101568.0 51190.3    275   28.884   1      6.036   34.920
116288.0 119296.0  0.0   224.0  7450944.0 4168180.2 15379136.0 5535915.7  101568.0 51190.3    275   28.884   1      6.036   34.920
116288.0 119296.0  0.0   224.0  7450944.0 4168212.8 15379136.0 5535915.7  101568.0 51190.3    275   28.884   1      6.036   34.920
116288.0 119296.0  0.0   224.0  7450944.0 4306164.5 15379136.0 5535915.7  101568.0 51526.7    275   28.884   1      6.036   34.920
116288.0 119296.0  0.0   224.0  7450944.0 4941229.5 15379136.0 5535915.7  101568.0 51611.3    275   28.884   1      6.036   34.920
117760.0 120832.0  0.0   128.0  7447872.0 1317062.4 15379136.0 5601065.5  101568.0 51611.9    277   28.943   1      6.036   34.979
117760.0 114112.0 192.0   0.0   7457664.0 5637154.0 15379136.0 5601105.5  101568.0 51612.0    278   28.971   1      6.036   35.007
110400.0 107008.0 224.0   0.0   7472128.0 2723301.8 15379136.0 5641666.5  101568.0 51612.0    280   29.031   1      6.036   35.067
104832.0 107008.0  0.0   41800.6 7472128.0 6731175.4 15379136.0 5641714.5  101568.0 51624.6    281   29.064   1      6.036   35.100
115072.0 118080.0  0.0   256.0  7453376.0 4704745.3 15379136.0 5726640.9  101568.0 51624.6    283   29.127   1      6.036   35.163
106176.0 110528.0  0.0   40476.8 7463936.0 3457124.2 15379136.0 5766820.0  101568.0 51624.7    285   29.191   1      6.036   35.227
101248.0 104000.0  0.0   288.0  7479360.0 2170090.6 15379136.0 5807446.6  101568.0 51624.7    287   29.271   1      6.036   35.307
101248.0 114688.0 82502.7  0.0   7460160.0 3727057.8 15379136.0 5807506.6  101568.0 51624.8    288   29.304   1      6.036   35.340
111680.0 114688.0  0.0   288.0  7460160.0 1711441.0 15379136.0 5848902.0  101568.0 51624.8    289   29.336   1      6.036   35.372
111680.0 114688.0  0.0   288.0  7460160.0 7042002.8 15379136.0 5848902.0  101568.0 51624.8    289   29.336   1      6.036   35.372
111680.0 108096.0 41138.7  0.0   7469760.0 4755990.6 15379136.0 5848986.1  101568.0 51624.8    290   29.387   1      6.036   35.423
104640.0 108096.0  0.0   41535.7 7469760.0 1470163.0 15379136.0 5910314.5  101568.0 51624.8    291   29.426   1      6.036   35.462
104640.0 108096.0  0.0   41535.7 7469760.0 4989824.1 15379136.0 5910314.5  101568.0 51624.8    291   29.426   1      6.036   35.462
104640.0 108096.0  0.0   41535.7 7469760.0 6689494.7 15379136.0 5910314.5  101568.0 51624.8    291   29.426   1      6.036   35.462
104640.0 108096.0  0.0   41535.7 7469760.0 6689541.7 15379136.0 5910314.5  101568.0 51624.8    291   29.426   1      6.036   35.462
104640.0 108096.0  0.0   41535.7 7469760.0 6689560.0 15379136.0 5910314.5  101568.0 51624.8    291   29.426   1      6.036   35.462
104640.0 108096.0  0.0   41535.7 7469760.0 6689582.5 15379136.0 5910314.5  101568.0 51624.8    291   29.426   1      6.036   35.462
104640.0 108096.0  0.0   41535.7 7469760.0 6689600.9 15379136.0 5910314.5  101568.0 51625.1    291   29.426   1      6.036   35.462
104640.0 108096.0  0.0   41535.7 7469760.0 6689621.1 15379136.0 5910314.5  101568.0 51625.1    291   29.426   1      6.036   35.462
104640.0 108096.0  0.0   41535.7 7469760.0 6689669.4 15379136.0 5910314.5  101568.0 51625.1    291   29.426   1      6.036   35.462
104640.0 108096.0  0.0   41535.7 7469760.0 6689689.8 15379136.0 5910314.5  101568.0 51625.1    291   29.426   1      6.036   35.462
104640.0 108096.0  0.0   41535.7 7469760.0 6689708.0 15379136.0 5910314.5  101568.0 51625.1    291   29.426   1      6.036   35.462
104640.0 108096.0  0.0   41535.7 7469760.0 6689728.4 15379136.0 5910314.5  101568.0 51625.1    291   29.426   1      6.036   35.462
104640.0 108096.0  0.0   41535.7 7469760.0 6689746.8 15379136.0 5910314.5  101568.0 51625.1    291   29.426   1      6.036   35.462
104640.0 108096.0  0.0   41535.7 7469760.0 6689788.4 15379136.0 5910314.5  101568.0 51625.1    291   29.426   1      6.036   35.462
104640.0 108096.0  0.0   41535.7 7469760.0 6689808.7 15379136.0 5910314.5  101568.0 51625.1    291   29.426   1      6.036   35.462
104640.0 108096.0  0.0   41535.7 7469760.0 6689829.0 15379136.0 5910314.5  101568.0 51625.1    291   29.426   1      6.036   35.462
104640.0 108096.0  0.0   41535.7 7469760.0 6689875.9 15379136.0 5910314.5  101568.0 51625.1    291   29.426   1      6.036   35.462
104640.0 99648.0 16800.5  0.0   7485248.0 1536228.6 15379136.0 5930978.4  101568.0 51629.7    292   29.456   1      6.036   35.492
111808.0 81280.0  0.0   81262.8 7485248.0 5265383.7 15379136.0 5935302.6  101568.0 51629.7    293   29.487   1      6.036   35.523
105472.0 106624.0  0.0   192.0  7471104.0 1203390.9 15379136.0 6057711.7  101568.0 51629.7    295   29.561   1      6.036   35.597
105472.0 101440.0 40752.9  0.0   7482624.0 5743461.0 15379136.0 6057751.8  101568.0 51629.7    296   29.591   1      6.036   35.627
96512.0 91520.0 22837.5  0.0   7501504.0 1315648.7 15379136.0 6139941.4  101568.0 51631.4    298   29.660   1      6.036   35.696
90560.0 91520.0  0.0   256.0  7501504.0 6132556.7 15379136.0 6162512.5  101568.0 51631.6    299   29.698   1      6.036   35.734
102464.0 104000.0  0.0   256.0  7481536.0 5716715.0 15379136.0 6243186.2  101568.0 51631.6    301   29.761   1      6.036   35.797
97280.0 100096.0  0.0   256.0  7486976.0 4717715.4 15379136.0 6243615.9  101568.0 51631.6    303   29.819   1      6.036   35.855
97280.0 94848.0 37380.5  0.0   7497408.0 5304135.8 15379136.0 6243663.9  101568.0 51632.1    304   29.857   1      6.036   35.893
108992.0 82368.0  0.0   82322.3 7497408.0 1675784.7 15379136.0 6243939.9  101568.0 51632.9    305   29.892   1      6.036   35.928
108992.0 82368.0  0.0   82322.3 7497408.0 4697523.7 15379136.0 6243939.9  101568.0 51633.1    305   29.892   1      6.036   35.928
108992.0 104960.0 41234.7  0.0   7475584.0 1229148.4 15379136.0 6284812.2  101568.0 51633.1    306   29.929   1      6.036   35.965
108992.0 104960.0 41234.7  0.0   7475584.0 3831117.6 15379136.0 6284812.2  101568.0 51633.1    306   29.929   1      6.036   35.965
108992.0 104960.0 41234.7  0.0   7475584.0 5936383.9 15379136.0 6284812.2  101568.0 51633.2    306   29.929   1      6.036   35.965
108992.0 104960.0 41234.7  64.0  7475584.0 7475584.0 15379136.0 6284840.2  101568.0 51633.2    307   29.929   1      6.036   35.965
101120.0 104960.0  0.0   41535.7 7475584.0 1405002.5 15379136.0 6284904.2  101568.0 51633.2    307   29.965   1      6.036   36.002
101120.0 104960.0  0.0   41535.7 7475584.0 2828715.4 15379136.0 6284904.2  101568.0 51633.2    307   29.965   1      6.036   36.002
101120.0 104960.0  0.0   41535.7 7475584.0 4195050.4 15379136.0 6284904.2  101568.0 51633.2    307   29.965   1      6.036   36.002
101120.0 104960.0  0.0   41535.7 7475584.0 4195110.2 15379136.0 6284904.2  101568.0 51633.2    307   29.965   1      6.036   36.002
101120.0 104960.0  0.0   41535.7 7475584.0 4195130.6 15379136.0 6284904.2  101568.0 51633.2    307   29.965   1      6.036   36.002
101120.0 104960.0  0.0   41535.7 7475584.0 4195150.9 15379136.0 6284904.2  101568.0 51633.2    307   29.965   1      6.036   36.002
101120.0 104960.0  0.0   41535.7 7475584.0 4195197.0 15379136.0 6284904.2  101568.0 51633.2    307   29.965   1      6.036   36.002
101120.0 104960.0  0.0   41535.7 7475584.0 4195215.5 15379136.0 6284904.2  101568.0 51633.2    307   29.965   1      6.036   36.002
101120.0 104960.0  0.0   41535.7 7475584.0 7341194.7 15379136.0 6284904.2  101568.0 51635.5    307   29.965   1      6.036   36.002
112768.0 113792.0  0.0   128.0  7461952.0 3271209.9 15379136.0 6391204.7  101568.0 51635.5    309   30.039   1      6.036   36.075
112768.0 110784.0 256.0   0.0   7465984.0 6887121.3 15379136.0 6391252.7  101568.0 51635.5    310   30.068   1      6.036   36.104
108032.0 105152.0 41832.6  0.0   7476352.0 3315090.1 15379136.0 6391380.8  101568.0 51635.5    312   30.133   1      6.036   36.169
117760.0 83904.0  0.0   83899.6 7476352.0 7299876.7 15379136.0 6465765.4  101568.0 51635.5    313   30.187   1      6.036   36.223
110016.0 111616.0  0.0   256.0  7460160.0 4841762.9 15379136.0 6549515.6  101568.0 51635.5    315   30.268   1      6.036   36.305
104512.0 107584.0  0.0   256.0  7471936.0 3006977.8 15379136.0 6549607.7  101568.0 51635.5    317   30.330   1      6.036   36.366
113216.0 116864.0  0.0   2592.0 7455808.0 2341032.9 15379136.0 6609913.2  101568.0 51636.3    319   30.396   1      6.036   36.432
113216.0 125056.0 83389.7  0.0   7439424.0 147724.6 15379136.0 6610286.9  101568.0 51637.2    320   30.428   1      6.036   36.464
113216.0 125056.0 83389.7  0.0   7439424.0 3291717.3 15379136.0 6610286.9  101568.0 51637.2    320   30.428   1      6.036   36.464
125952.0 61056.0  0.0   61021.4 7439424.0 82324.6  15379136.0 6611299.0  101568.0 51637.2    321   30.471   1      6.036   36.507
125952.0 61056.0  0.0   61021.4 7439424.0 2873303.2 15379136.0 6611299.0  101568.0 51637.2    321   30.471   1      6.036   36.507
125952.0 133824.0 81989.4  0.0   7421888.0 775227.1 15379136.0 6672064.5  101568.0 51637.2    322   30.509   1      6.036   36.545
125952.0 133824.0 81989.4  0.0   7421888.0 5121576.5 15379136.0 6672064.5  101568.0 51637.5    322   30.509   1      6.036   36.545
131520.0 133824.0  0.0   288.0  7421888.0 496885.1 15379136.0 6753894.0  101568.0 51637.5    323   30.543   1      6.036   36.579
131520.0 133824.0  0.0   288.0  7421888.0 2076135.4 15379136.0 6753894.0  101568.0 51637.5    323   30.543   1      6.036   36.579
131520.0 133824.0  0.0   288.0  7421888.0 2076155.9 15379136.0 6753894.0  101568.0 51637.5    323   30.543   1      6.036   36.579
131520.0 133824.0  0.0   288.0  7421888.0 2076178.4 15379136.0 6753894.0  101568.0 51637.5    323   30.543   1      6.036   36.579
131520.0 133824.0  0.0   288.0  7421888.0 2076220.3 15379136.0 6753894.0  101568.0 51637.5    323   30.543   1      6.036   36.579
131520.0 133824.0  0.0   288.0  7421888.0 2076240.7 15379136.0 6753894.0  101568.0 51637.5    323   30.543   1      6.036   36.579
131520.0 133824.0  0.0   288.0  7421888.0 2076258.9 15379136.0 6753894.0  101568.0 51637.5    323   30.543   1      6.036   36.579
131520.0 133824.0  0.0   288.0  7421888.0 2076279.2 15379136.0 6753894.0  101568.0 51637.5    323   30.543   1      6.036   36.579
131520.0 133824.0  0.0   288.0  7421888.0 2076299.5 15379136.0 6753894.0  101568.0 51637.5    323   30.543   1      6.036   36.579
131520.0 133824.0  0.0   288.0  7421888.0 2076346.2 15379136.0 6753894.0  101568.0 51637.5    323   30.543   1      6.036   36.579
131520.0 133824.0  0.0   288.0  7421888.0 2076364.7 15379136.0 6753894.0  101568.0 51637.5    323   30.543   1      6.036   36.579
131520.0 133824.0  0.0   288.0  7421888.0 2608378.4 15379136.0 6753894.0  101568.0 51638.4    323   30.543   1      6.036   36.579
131520.0 124160.0 24840.4  0.0   7433856.0 2592475.3 15379136.0 6753950.0  101568.0 51638.4    324   30.576   1      6.036   36.612
121408.0 124160.0  0.0   128.0  7433856.0 6597181.7 15379136.0 6778671.1  101568.0 51638.4    325   30.606   1      6.036   36.642
111424.0 114496.0  0.0   224.0  7453632.0 3916218.9 15379136.0 6798971.6  101568.0 51638.4    327   30.670   1      6.036   36.706
124800.0 82240.0  0.0   82237.5 7461184.0 856647.4 15379136.0 6840449.1  101568.0 51638.9    329   30.741   1      6.036   36.777
124800.0 121664.0 2688.2  0.0   7443072.0 4942362.8 15379136.0 6922478.7  101568.0 51639.1    330   30.775   1      6.036   36.811
115584.0 113024.0 256.0   0.0   7460928.0 3706527.3 15379136.0 6965140.5  101568.0 51639.1    332   30.839   1      6.036   36.875
109760.0 107136.0 42460.9  0.0   7472640.0 3091431.1 15379136.0 6965566.3  101568.0 51639.1    334   30.903   1      6.036   36.939
111808.0 109120.0 800.0   0.0   7468608.0 465555.5 15379136.0 7047437.4  101568.0 51640.7    336   30.970   1      6.036   37.006
111808.0 109120.0 800.0   0.0   7468608.0 5616835.1 15379136.0 7047437.4  101568.0 51640.9    336   30.970   1      6.036   37.006
105664.0 109120.0  0.0   41163.5 7468608.0 2566754.2 15379136.0 7048005.5  101568.0 51640.9    337   31.005   1      6.036   37.041
105664.0 109120.0  0.0   41163.5 7468608.0 6860754.2 15379136.0 7048005.5  101568.0 51640.9    337   31.005   1      6.036   37.041
105664.0 102208.0 41404.8  0.0   7481664.0 3576365.1 15379136.0 7088953.0  101568.0 51640.9    338   31.051   1      6.036   37.087
105664.0 102208.0 41404.8  0.0   7481664.0 6389281.9 15379136.0 7088953.0  101568.0 51640.9    338   31.051   1      6.036   37.087
105664.0 102208.0 41404.8  0.0   7481664.0 7431919.6 15379136.0 7088953.0  101568.0 51641.2    338   31.051   1      6.036   37.087
105664.0 102208.0 41404.8  0.0   7481664.0 7431939.9 15379136.0 7088953.0  101568.0 51641.2    338   31.051   1      6.036   37.087
105664.0 102208.0 41404.8  0.0   7481664.0 7431958.3 15379136.0 7088953.0  101568.0 51641.2    338   31.051   1      6.036   37.087
105664.0 102208.0 41404.8  0.0   7481664.0 7431980.6 15379136.0 7088953.0  101568.0 51642.2    338   31.051   1      6.036   37.087
105664.0 102208.0 41404.8  0.0   7481664.0 7432019.8 15379136.0 7088953.0  101568.0 51642.2    338   31.051   1      6.036   37.087
105664.0 102208.0 41404.8  0.0   7481664.0 7432038.0 15379136.0 7088953.0  101568.0 51642.2    338   31.051   1      6.036   37.087
105664.0 102208.0 41404.8  0.0   7481664.0 7432060.3 15379136.0 7088953.0  101568.0 51642.2    338   31.051   1      6.036   37.087
105664.0 102208.0 41404.8  0.0   7481664.0 7432078.6 15379136.0 7088953.0  101568.0 51642.2    338   31.051   1      6.036   37.087
105664.0 102208.0 41404.8  0.0   7481664.0 7432098.9 15379136.0 7088953.0  101568.0 51642.2    338   31.051   1      6.036   37.087
105664.0 102208.0 41404.8  0.0   7481664.0 7432143.9 15379136.0 7088953.0  101568.0 51642.2    338   31.051   1      6.036   37.087
105664.0 102208.0 41404.8  0.0   7481664.0 7432164.3 15379136.0 7088953.0  101568.0 51642.2    338   31.051   1      6.036   37.087
105664.0 102208.0 41404.8  0.0   7481664.0 7432184.6 15379136.0 7088953.0  101568.0 51642.2    338   31.051   1      6.036   37.087
105664.0 102208.0 41404.8  0.0   7481664.0 7432204.9 15379136.0 7088953.0  101568.0 51642.2    338   31.051   1      6.036   37.087
105664.0 102208.0 41404.8  0.0   7481664.0 7432229.2 15379136.0 7088953.0  101568.0 51642.2    338   31.051   1      6.036   37.087
105664.0 102208.0 41404.8  0.0   7481664.0 7432295.1 15379136.0 7088953.0  101568.0 51642.2    338   31.051   1      6.036   37.087
105664.0 102208.0 41404.8  0.0   7481664.0 7432315.6 15379136.0 7088953.0  101568.0 51642.2    338   31.051   1      6.036   37.087
105664.0 102208.0 41404.8  0.0   7481664.0 7432333.8 15379136.0 7088953.0  101568.0 51642.2    338   31.051   1      6.036   37.087
105664.0 102208.0 41404.8  0.0   7481664.0 7432352.1 15379136.0 7088953.0  101568.0 51642.2    338   31.051   1      6.036   37.087
100352.0 102208.0  0.0   544.1  7481664.0 198246.4 15379136.0 7089029.1  101568.0 51644.4    339   31.085   1      6.036   37.121
100352.0 102208.0  0.0   544.1  7481664.0 4780008.0 15379136.0 7089029.1  101568.0 51644.7    339   31.085   1      6.036   37.121
97472.0 99392.0  0.0   224.0  7489792.0 2131233.5 15379136.0 7134062.1  101568.0 51644.7    341   31.151   1      6.036   37.187
93760.0 95488.0  0.0   41832.6 7496576.0 268158.0 15379136.0 7174695.1  101568.0 51644.7    343   31.217   1      6.036   37.253
93760.0 91328.0 40347.0  0.0   7504448.0 7464075.5 15379136.0 7195555.4  101568.0 51645.6    345   31.251   1      6.036   37.287
96448.0 95360.0 3008.3  0.0   7497728.0 3592752.7 15379136.0 7235758.5  101568.0 51654.7    346   31.322   1      6.036   37.358
94080.0 92096.0 288.0   0.0   7503360.0 1444327.5 15379136.0 7238680.5  101568.0 51654.7    348   31.391   1      6.036   37.427
91136.0 92096.0  0.0   40508.8 7503360.0 7268371.0 15379136.0 7238740.5  101568.0 51654.7    349   31.424   1      6.036   37.460
89344.0 90368.0  0.0   42164.7 7508032.0 5216915.9 15379136.0 7319425.6  101568.0 51658.0    351   31.495   1      6.036   37.531
89344.0 88256.0 448.0   0.0   7511936.0 3999868.1 15379136.0 7361358.2  101568.0 51658.0    352   31.527   1      6.036   37.563
87552.0 88256.0  0.0   41195.5 7511936.0 1804262.0 15379136.0 7361614.3  101568.0 51658.0    353   31.568   1      6.036   37.604
87552.0 88256.0  0.0   41195.5 7511936.0 6584159.4 15379136.0 7361614.3  101568.0 51658.0    353   31.568   1      6.036   37.604
87552.0 94208.0 62012.6  0.0   7501120.0 3202469.8 15379136.0 7402567.5  101568.0 51658.0    354   31.608   1      6.036   37.644
87552.0 94208.0 62012.6  0.0   7501120.0 6589381.6 15379136.0 7402567.5  101568.0 51658.1    354   31.608   1      6.036   37.644
93184.0 94208.0  0.0   256.0  7501120.0 1512821.7 15379136.0 7464340.2  101568.0 51658.5    355   31.641   1      6.036   37.677
93184.0 94208.0  0.0   256.0  7501120.0 1512842.1 15379136.0 7464340.2  101568.0 51658.5    355   31.641   1      6.036   37.677
93184.0 94208.0  0.0   256.0  7501120.0 1512885.4 15379136.0 7464340.2  101568.0 51658.5    355   31.641   1      6.036   37.677
93184.0 94208.0  0.0   256.0  7501120.0 1512905.7 15379136.0 7464340.2  101568.0 51658.5    355   31.641   1      6.036   37.677
93184.0 94208.0  0.0   256.0  7501120.0 1512924.0 15379136.0 7464340.2  101568.0 51658.5    355   31.641   1      6.036   37.677
93184.0 94208.0  0.0   256.0  7501120.0 1512944.3 15379136.0 7464340.2  101568.0 51658.5    355   31.641   1      6.036   37.677
93184.0 94208.0  0.0   256.0  7501120.0 1512964.6 15379136.0 7464340.2  101568.0 51658.5    355   31.641   1      6.036   37.677
93184.0 94208.0  0.0   256.0  7501120.0 1513008.3 15379136.0 7464340.2  101568.0 51658.5    355   31.641   1      6.036   37.677
93184.0 94208.0  0.0   256.0  7501120.0 1513030.7 15379136.0 7464340.2  101568.0 51659.0    355   31.641   1      6.036   37.677
93184.0 94208.0  0.0   256.0  7501120.0 1513049.0 15379136.0 7464340.2  101568.0 51659.0    355   31.641   1      6.036   37.677
93184.0 94208.0  0.0   256.0  7501120.0 1513069.4 15379136.0 7464340.2  101568.0 51659.0    355   31.641   1      6.036   37.677
93184.0 94208.0  0.0   256.0  7501120.0 1513087.7 15379136.0 7464340.2  101568.0 51659.0    355   31.641   1      6.036   37.677
93184.0 94208.0  0.0   256.0  7501120.0 1613907.9 15379136.0 7464340.2  101568.0 51660.3    355   31.641   1      6.036   37.677
93184.0 94208.0  0.0   256.0  7501120.0 4027385.8 15379136.0 7464340.2  101568.0 51666.3    355   31.641   1      6.036   37.677
99136.0 100544.0  0.0   160.0  7488448.0   0.0    15379136.0 7529930.0  101568.0 51666.3    357   31.718   1      6.036   37.754
99136.0 96896.0 41800.6  0.0   7493504.0 4248220.4 15379136.0 7529998.0  101568.0 51666.4    358   31.751   1      6.036   37.787
95296.0 94976.0 44784.9  0.0   7499264.0 2018649.7 15379136.0 7571706.7  101568.0 51666.4    360   31.818   1      6.036   37.854
107712.0 81088.0  0.0   81040.0 7499264.0 5830308.1 15379136.0 7612259.6  101568.0 51669.4    361   31.860   1      6.036   37.896
102784.0 103680.0  0.0   224.0  7478144.0 4569675.2 15379136.0 7695823.4  101568.0 51669.4    363   31.934   1      6.036   37.970
97728.0 98944.0  0.0   288.0  7487808.0 4122149.9 15379136.0 7716013.8  101568.0 51669.4    365   32.002   1      6.036   38.038
92992.0 94400.0  0.0   41513.0 7497408.0 2684814.2 15379136.0 7716451.5  101568.0 51669.6    367   32.070   1      6.036   38.106
92992.0 91200.0 41245.7  0.0   7505344.0 2706528.6 15379136.0 7757744.6  101568.0 51669.6    368   32.118   1      6.036   38.154
92992.0 91200.0 41245.7  0.0   7505344.0 7334741.6 15379136.0 7757744.6  101568.0 51669.6    368   32.118   1      6.036   38.154
86656.0 91200.0  0.0   20797.0 7505344.0 4840991.5 15379136.0 7798814.3  101568.0 51669.6    369   32.155   1      6.036   38.191
86656.0 85312.0 41035.5  0.0   7517568.0 1239947.3 15379136.0 7819407.3  101568.0 51669.6    370   32.190   1      6.036   38.226
86656.0 85312.0 41035.5  0.0   7517568.0 4066717.8 15379136.0 7819407.3  101568.0 51669.6    370   32.190   1      6.036   38.226
86656.0 85312.0 41035.5  0.0   7517568.0 5999073.2 15379136.0 7819407.3  101568.0 51669.6    370   32.190   1      6.036   38.226
86656.0 85312.0 41035.5  0.0   7517568.0 5999514.2 15379136.0 7819407.3  101568.0 51669.6    370   32.190   1      6.036   38.226
86656.0 85312.0 41035.5  0.0   7517568.0 6645751.1 15379136.0 7819407.3  101568.0 51669.6    370   32.190   1      6.036   38.226
84032.0 85312.0  0.0   41503.7 7517568.0 527293.2 15379136.0 7839837.1  101568.0 51669.6    371   32.224   1      6.036   38.260
84032.0 85312.0  0.0   41503.7 7517568.0 1958098.9 15379136.0 7839837.1  101568.0 51669.6    371   32.224   1      6.036   38.260
84032.0 85312.0  0.0   41503.7 7517568.0 3370078.1 15379136.0 7839837.1  101568.0 51669.6    371   32.224   1      6.036   38.260
84032.0 85312.0  0.0   41503.7 7517568.0 3426643.8 15379136.0 7839837.1  101568.0 51669.6    371   32.224   1      6.036   38.260
84032.0 85312.0  0.0   41503.7 7517568.0 3426662.0 15379136.0 7839837.1  101568.0 51669.6    371   32.224   1      6.036   38.260
84032.0 85312.0  0.0   41503.7 7517568.0 3426682.3 15379136.0 7839837.1  101568.0 51669.6    371   32.224   1      6.036   38.260
84032.0 85312.0  0.0   41503.7 7517568.0 3426700.7 15379136.0 7839837.1  101568.0 51669.6    371   32.224   1      6.036   38.260
84032.0 85312.0  0.0   41503.7 7517568.0 3426723.2 15379136.0 7839837.1  101568.0 51669.6    371   32.224   1      6.036   38.260
84032.0 85312.0  0.0   41503.7 7517568.0 3426770.3 15379136.0 7839837.1  101568.0 51669.6    371   32.224   1      6.036   38.260
84032.0 85312.0  0.0   41503.7 7517568.0 3426790.7 15379136.0 7839837.1  101568.0 51669.6    371   32.224   1      6.036   38.260
84032.0 85312.0  0.0   41503.7 7517568.0 3426808.9 15379136.0 7839837.1  101568.0 51669.6    371   32.224   1      6.036   38.260
84032.0 85312.0  0.0   41503.7 7517568.0 3426829.2 15379136.0 7839837.1  101568.0 51669.6    371   32.224   1      6.036   38.260
84032.0 85312.0  0.0   41503.7 7517568.0 3426847.5 15379136.0 7839837.1  101568.0 51669.6    371   32.224   1      6.036   38.260
84032.0 85312.0  0.0   41503.7 7517568.0 4155426.8 15379136.0 7839837.1  101568.0 51674.4    371   32.224   1      6.036   38.260
84032.0 85312.0  0.0   41503.7 7517568.0 4156426.4 15379136.0 7839837.1  101568.0 51674.4    371   32.224   1      6.036   38.260
84032.0 85312.0  0.0   41503.7 7517568.0 4157522.7 15379136.0 7839837.1  101568.0 51674.4    371   32.224   1      6.036   38.260
84032.0 85312.0  0.0   41503.7 7517568.0 4852996.4 15379136.0 7839837.1  101568.0 51674.4    371   32.224   1      6.036   38.260
93056.0 97344.0  0.0   41230.8 7494848.0 2280964.3 15379136.0 8006112.8  101568.0 51674.5    373   32.311   1      6.036   38.347
87680.0 93696.0  0.0   33024.0 7502144.0 89753.4  15379136.0 8067418.0  101568.0 51674.5    375   32.389   1      6.036   38.425
87680.0 99840.0 80877.9  0.0   7489856.0 6596609.9 15379136.0 8087552.5  101568.0 51674.5    376   32.425   1      6.036   38.461
96640.0 93440.0 19392.1  0.0   7499456.0 5363264.4 15379136.0 8148502.7  101568.0 51674.5    378   32.495   1      6.036   38.531
105728.0 105728.0 576.0   0.0   7478080.0 1083103.0 15379136.0 8273103.7  101568.0 51674.5    380   32.568   1      6.036   38.604
100736.0 105728.0  0.0   41035.5 7478080.0 3584040.2 15379136.0 8273471.7  101568.0 51674.5    381   32.604   1      6.036   38.640
100736.0 100352.0 352.0   0.0   7488448.0 6276957.2 15379136.0 8314283.2  101568.0 51674.5    382   32.642   1      6.036   38.678
96512.0 100352.0  0.0   40508.8 7488448.0 3266117.1 15379136.0 8314367.3  101568.0 51674.5    383   32.696   1      6.036   38.732
96512.0 100352.0  0.0   40508.8 7488448.0 7451057.9 15379136.0 8314367.3  101568.0 51674.5    383   32.696   1      6.036   38.732
96512.0 92288.0 20927.8  0.0   7500736.0 3074981.0 15379136.0 8334553.7  101568.0 51674.5    384   32.733   1      6.036   38.769
96512.0 92288.0 20927.8  0.0   7500736.0 4615066.1 15379136.0 8334553.7  101568.0 51674.5    384   32.733   1      6.036   38.769
96512.0 92288.0 20927.8  0.0   7500736.0 4713247.4 15379136.0 8334553.7  101568.0 51674.5    384   32.733   1      6.036   38.769
96512.0 92288.0 20927.8  0.0   7500736.0 4713265.8 15379136.0 8334553.7  101568.0 51674.5    384   32.733   1      6.036   38.769
96512.0 92288.0 20927.8  0.0   7500736.0 4713286.0 15379136.0 8334553.7  101568.0 51674.5    384   32.733   1      6.036   38.769
96512.0 92288.0 20927.8  0.0   7500736.0 4713304.3 15379136.0 8334553.7  101568.0 51674.5    384   32.733   1      6.036   38.769
96512.0 92288.0 20927.8  0.0   7500736.0 4713324.6 15379136.0 8334553.7  101568.0 51674.5    384   32.733   1      6.036   38.769
96512.0 92288.0 20927.8  0.0   7500736.0 4713370.2 15379136.0 8334553.7  101568.0 51674.7    384   32.733   1      6.036   38.769
96512.0 92288.0 20927.8  0.0   7500736.0 4713392.6 15379136.0 8334553.7  101568.0 51674.7    384   32.733   1      6.036   38.769
96512.0 92288.0 20927.8  0.0   7500736.0 4713410.8 15379136.0 8334553.7  101568.0 51674.7    384   32.733   1      6.036   38.769
96512.0 92288.0 20927.8  0.0   7500736.0 4713431.1 15379136.0 8334553.7  101568.0 51674.7    384   32.733   1      6.036   38.769
96512.0 92288.0 20927.8  0.0   7500736.0 4713449.6 15379136.0 8334553.7  101568.0 51674.7    384   32.733   1      6.036   38.769
95680.0 92288.0  0.0   57480.4 7500736.0 1488502.6 15379136.0 8355233.6  101568.0 51675.1    385   32.782   1      6.036   38.818
95680.0 95424.0 160.0   0.0   7498432.0 6203394.2 15379136.0 8400218.6  101568.0 51677.7    386   32.819   1      6.036   38.855
92544.0 91904.0 224.0   0.0   7505088.0 4055946.5 15379136.0 8440815.5  101568.0 51677.7    388   32.892   1      6.036   38.928
90496.0 104704.0 81923.6  0.0   7480128.0 3172463.0 15379136.0 8440923.6  101568.0 51677.7    390   32.969   1      6.036   39.005
102656.0 99712.0 2432.2  0.0   7487168.0 2124865.3 15379136.0 8523317.0  101568.0 51678.0    392   33.043   1      6.036   39.079
96704.0 95680.0 40476.8  0.0   7497152.0 1448710.0 15379136.0 8525605.2  101568.0 51678.0    394   33.114   1      6.036   39.150
92800.0 89600.0 256.0   0.0   7507136.0 735805.1 15379136.0 8566199.8  101568.0 51678.0    396   33.186   1      6.036   39.222
86080.0 89600.0  0.0   288.0  7507136.0 6925597.1 15379136.0 8566239.8  101568.0 51678.0    397   33.222   1      6.036   39.258
86080.0 99904.0 74045.7  0.0   7489728.0 2895902.4 15379136.0 8586768.3  101568.0 51678.0    398   33.259   1      6.036   39.295
86080.0 99904.0 74045.7  0.0   7489728.0 6352261.4 15379136.0 8586768.3  101568.0 51678.0    398   33.259   1      6.036   39.295
114048.0 82688.0  0.0   82634.2 7489728.0 3026457.7 15379136.0 8627840.6  101568.0 51678.0    399   33.298   1      6.036   39.335
114048.0 82688.0  0.0   82634.2 7489728.0 7404611.4 15379136.0 8627840.6  101568.0 51678.0    399   33.298   1      6.036   39.335
114048.0 109824.0 41146.0  0.0   7465664.0 3424947.0 15379136.0 8668958.2  101568.0 51678.0    400   33.340   1      6.036   39.376
114048.0 109824.0 41146.0  0.0   7465664.0 5694306.2 15379136.0 8668958.2  101568.0 51678.0    400   33.340   1      6.036   39.376
114048.0 109824.0 41146.0  0.0   7465664.0 6230213.8 15379136.0 8668958.2  101568.0 51678.0    400   33.340   1      6.036   39.376
114048.0 109824.0 41146.0  0.0   7465664.0 6230257.8 15379136.0 8668958.2  101568.0 51678.0    400   33.340   1      6.036   39.376
114048.0 109824.0 41146.0  0.0   7465664.0 6230278.1 15379136.0 8668958.2  101568.0 51678.0    400   33.340   1      6.036   39.376
114048.0 109824.0 41146.0  0.0   7465664.0 6230296.3 15379136.0 8668958.2  101568.0 51678.0    400   33.340   1      6.036   39.376
114048.0 109824.0 41146.0  0.0   7465664.0 6230316.7 15379136.0 8668958.2  101568.0 51678.0    400   33.340   1      6.036   39.376
114048.0 109824.0 41146.0  0.0   7465664.0 6230335.0 15379136.0 8668958.2  101568.0 51678.0    400   33.340   1      6.036   39.376
114048.0 109824.0 41146.0  0.0   7465664.0 6230384.3 15379136.0 8668958.2  101568.0 51678.0    400   33.340   1      6.036   39.376
114048.0 109824.0 41146.0  0.0   7465664.0 6230402.6 15379136.0 8668958.2  101568.0 51678.0    400   33.340   1      6.036   39.376
114048.0 109824.0 41146.0  0.0   7465664.0 6230422.8 15379136.0 8668958.2  101568.0 51678.0    400   33.340   1      6.036   39.376
114048.0 109824.0 41146.0  0.0   7465664.0 6230441.1 15379136.0 8668958.2  101568.0 51678.0    400   33.340   1      6.036   39.376
114048.0 109824.0 41146.0  0.0   7465664.0 6230463.3 15379136.0 8668958.2  101568.0 51678.0    400   33.340   1      6.036   39.376
114048.0 109824.0 41146.0  0.0   7465664.0 6230504.9 15379136.0 8668958.2  101568.0 51678.0    400   33.340   1      6.036   39.376
104320.0 115392.0 81145.3  0.0   7458752.0 285109.6 15379136.0 8694047.5  101568.0 51679.8    402   33.415   1      6.036   39.451
113664.0 115392.0  0.0   256.0  7458752.0 3752006.4 15379136.0 8734823.4  101568.0 51679.8    403   33.453   1      6.036   39.489
113664.0 111168.0 288.0   0.0   7464704.0 7411293.0 15379136.0 8734907.4  101568.0 51679.8    405   33.488   1      6.036   39.524
107072.0 103552.0 41768.6  0.0   7478912.0 3830204.0 15379136.0 8775540.5  101568.0 51679.8    406   33.560   1      6.036   39.596
100608.0 99456.0 320.0   0.0   7489472.0 1668474.2 15379136.0 8839606.1  101568.0 51679.8    408   33.630   1      6.036   39.666
103872.0 96832.0 33088.0  0.0   7488832.0 890049.4 15379136.0 8899956.5  101568.0 51679.8    410   33.704   1      6.036   39.740
93632.0 93312.0 320.0   0.0   7502592.0 154023.7 15379136.0 8900084.5  101568.0 51679.8    412   33.793   1      6.036   39.829
89216.0 93312.0  0.0   17344.1 7502592.0 4148248.4 15379136.0 8900132.5  101568.0 51679.8    413   33.827   1      6.036   39.863
89216.0 88000.0 864.1   0.0   7512320.0 892906.4 15379136.0 8900826.3  101568.0 51679.8    414   33.866   1      6.036   39.902
89216.0 88000.0 864.1   0.0   7512320.0 3299192.9 15379136.0 8900826.3  101568.0 51679.8    414   33.866   1      6.036   39.902
89216.0 88000.0 864.1   0.0   7512320.0 5954002.2 15379136.0 8900826.3  101568.0 51679.8    414   33.866   1      6.036   39.902
94976.0 82240.0  0.0   82216.3 7512320.0 2374473.0 15379136.0 8901498.3  101568.0 51679.8    415   33.904   1      6.036   39.940
94976.0 82240.0  0.0   82216.3 7512320.0 6363637.3 15379136.0 8901498.3  101568.0 51679.8    415   33.904   1      6.036   39.940
94976.0 100864.0 192.0   0.0   7487808.0 2291693.7 15379136.0 8963097.0  101568.0 51679.8    416   33.939   1      6.036   39.975
94976.0 100864.0 192.0   0.0   7487808.0 3470030.1 15379136.0 8963097.0  101568.0 51679.8    416   33.939   1      6.036   39.975
94976.0 100864.0 192.0   0.0   7487808.0 3470050.4 15379136.0 8963097.0  101568.0 51679.8    416   33.939   1      6.036   39.975
94976.0 100864.0 192.0   0.0   7487808.0 3470070.8 15379136.0 8963097.0  101568.0 51679.8    416   33.939   1      6.036   39.975
94976.0 100864.0 192.0   0.0   7487808.0 3470089.1 15379136.0 8963097.0  101568.0 51679.8    416   33.939   1      6.036   39.975
94976.0 100864.0 192.0   0.0   7487808.0 3470109.3 15379136.0 8963097.0  101568.0 51679.8    416   33.939   1      6.036   39.975
94976.0 100864.0 192.0   0.0   7487808.0 3470152.2 15379136.0 8963097.0  101568.0 51679.8    416   33.939   1      6.036   39.975
94976.0 100864.0 192.0   0.0   7487808.0 3470174.5 15379136.0 8963097.0  101568.0 51679.8    416   33.939   1      6.036   39.975
94976.0 100864.0 192.0   0.0   7487808.0 3470194.7 15379136.0 8963097.0  101568.0 51679.8    416   33.939   1      6.036   39.975
94976.0 100864.0 192.0   0.0   7487808.0 3470215.1 15379136.0 8963097.0  101568.0 51679.8    416   33.939   1      6.036   39.975
94976.0 100864.0 192.0   0.0   7487808.0 3470233.3 15379136.0 8963097.0  101568.0 51679.8    416   33.939   1      6.036   39.975
94976.0 100864.0 192.0   0.0   7487808.0 3470277.2 15379136.0 8963097.0  101568.0 51679.8    416   33.939   1      6.036   39.975
94976.0 100864.0 192.0   0.0   7487808.0 3470293.6 15379136.0 8963097.0  101568.0 51679.8    416   33.939   1      6.036   39.975
94976.0 100864.0 192.0   0.0   7487808.0 3470313.9 15379136.0 8963097.0  101568.0 51679.8    416   33.939   1      6.036   39.975
94976.0 100864.0 192.0   0.0   7487808.0 3470332.2 15379136.0 8963097.0  101568.0 51679.8    416   33.939   1      6.036   39.975
94976.0 100864.0 192.0   0.0   7487808.0 3470362.7 15379136.0 8963097.0  101568.0 51679.8    416   33.939   1      6.036   39.975
99840.0 100864.0  0.0   45328.4 7487808.0 2144423.7 15379136.0 8963121.0  101568.0 51685.8    417   33.975   1      6.036   40.011
99840.0 97984.0 160.0   0.0   7491712.0 6776868.8 15379136.0 9008290.1  101568.0 51685.8    418   34.011   1      6.036   40.047
95552.0 94400.0 40720.9  0.0   7499584.0 4273605.1 15379136.0 9008418.1  101568.0 51685.8    420   34.098   1      6.036   40.134
92032.0 106752.0 81859.6  0.0   7476032.0 2643892.5 15379136.0 9049003.1  101568.0 51685.8    422   34.174   1      6.036   40.210
111424.0 108992.0 896.1   0.0   7469120.0 347314.9 15379136.0 9173305.6  101568.0 51686.5    424   34.262   1      6.036   40.298
106048.0 108992.0  0.0   256.0  7469120.0 5868011.5 15379136.0 9173977.7  101568.0 51686.6    425   34.299   1      6.036   40.335
100800.0 102592.0  0.0   40444.8 7480896.0 3595414.0 15379136.0 9174117.8  101568.0 51686.6    427   34.373   1      6.036   40.410
99904.0 98816.0  0.0   49408.0 7489920.0 2407660.3 15379136.0 9254789.9  101568.0 51689.3    429   34.451   1      6.036   40.487
99904.0 98816.0  0.0   49408.0 7489920.0 6909794.5 15379136.0 9254789.9  101568.0 51689.3    429   34.451   1      6.036   40.487
99904.0 97664.0 1216.1  0.0   7491968.0 3531840.4 15379136.0 9254845.9  101568.0 51689.3    430   34.486   1      6.036   40.522
99904.0 97664.0 1216.1  0.0   7491968.0 7192053.7 15379136.0 9254845.9  101568.0 51689.3    430   34.486   1      6.036   40.522
96064.0 97664.0  0.0   41468.8 7491968.0 3532633.7 15379136.0 9255843.7  101568.0 51689.3    431   34.522   1      6.036   40.558
96064.0 90496.0 20661.7  0.0   7502976.0 152074.6 15379136.0 9297032.6  101568.0 51689.3    432   34.562   1      6.036   40.598
96064.0 90496.0 20661.7  0.0   7502976.0 4347652.1 15379136.0 9297032.6  101568.0 51689.3    432   34.562   1      6.036   40.598
96064.0 90496.0 20661.7  0.0   7502976.0 5398683.6 15379136.0 9297032.6  101568.0 51689.3    432   34.562   1      6.036   40.598
96064.0 90496.0 20661.7  0.0   7502976.0 5398726.1 15379136.0 9297032.6  101568.0 51689.3    432   34.562   1      6.036   40.598
96064.0 90496.0 20661.7  0.0   7502976.0 5398748.6 15379136.0 9297032.6  101568.0 51689.3    432   34.562   1      6.036   40.598
96064.0 90496.0 20661.7  0.0   7502976.0 5398766.8 15379136.0 9297032.6  101568.0 51689.3    432   34.562   1      6.036   40.598
96064.0 90496.0 20661.7  0.0   7502976.0 5398785.1 15379136.0 9297032.6  101568.0 51689.3    432   34.562   1      6.036   40.598
96064.0 90496.0 20661.7  0.0   7502976.0 5398803.6 15379136.0 9297032.6  101568.0 51689.3    432   34.562   1      6.036   40.598
96064.0 90496.0 20661.7  0.0   7502976.0 5398854.7 15379136.0 9297032.6  101568.0 51689.3    432   34.562   1      6.036   40.598
96064.0 90496.0 20661.7  0.0   7502976.0 5398873.0 15379136.0 9297032.6  101568.0 51689.3    432   34.562   1      6.036   40.598
96064.0 90496.0 20661.7  0.0   7502976.0 5398893.3 15379136.0 9297032.6  101568.0 51689.3    432   34.562   1      6.036   40.598
96064.0 90496.0 20661.7  0.0   7502976.0 5398911.6 15379136.0 9297032.6  101568.0 51689.3    432   34.562   1      6.036   40.598
96064.0 90496.0 20661.7  0.0   7502976.0 5543908.1 15379136.0 9297032.6  101568.0 51690.2    432   34.562   1      6.036   40.598
101120.0 85440.0  0.0   85439.7 7502976.0 2322378.4 15379136.0 9358100.1  101568.0 51691.9    433   34.609   1      6.036   40.645
101120.0 104064.0 224.0   0.0   7481408.0 5685262.5 15379136.0 9484023.2  101568.0 51691.9    434   34.659   1      6.036   40.695
100800.0 99008.0 256.0   0.0   7489728.0 2386642.4 15379136.0 9524989.6  101568.0 51691.9    436   34.733   1      6.036   40.769
96640.0 99008.0  0.0   256.0  7489728.0 7293263.0 15379136.0 9525053.7  101568.0 51691.9    437   34.772   1      6.036   40.808
94912.0 95232.0  0.0   44296.8 7497664.0 3552323.9 15379136.0 9565658.7  101568.0 51692.3    439   34.855   1      6.036   40.892
91712.0 93056.0  0.0   40283.0 7501568.0 1845475.8 15379136.0 9589057.8  101568.0 51692.3    441   34.929   1      6.036   40.965
88768.0 90240.0  0.0   544.0  7507584.0 891154.6 15379136.0 9669409.8  101568.0 51692.4    443   35.004   1      6.036   41.040
88768.0 86720.0 37156.5  0.0   7514048.0 6992560.0 15379136.0 9669807.5  101568.0 51693.4    444   35.045   1      6.036   41.081
93504.0 81984.0  0.0   81938.2 7514048.0 5176660.5 15379136.0 9710768.4  101568.0 51695.2    445   35.084   1      6.036   41.120
93504.0 99584.0 928.1   0.0   7490368.0 995238.9 15379136.0 9751216.6  101568.0 51695.2    446   35.123   1      6.036   41.159
93504.0 99584.0 928.1   0.0   7490368.0 3314812.7 15379136.0 9751216.6  101568.0 51695.2    446   35.123   1      6.036   41.159
112192.0 82240.0  0.0   82184.3 7490368.0 387186.6 15379136.0 9751932.8  101568.0 51695.2    447   35.167   1      6.036   41.203
112192.0 82240.0  0.0   82184.3 7490368.0 4595073.0 15379136.0 9751932.8  101568.0 51695.2    447   35.167   1      6.036   41.203
112192.0 110208.0 224.0   0.0   7467136.0 1020738.7 15379136.0 9833865.1  101568.0 51695.2    448   35.204   1      6.036   41.240
112192.0 110208.0 224.0   0.0   7467136.0 2647043.5 15379136.0 9833865.1  101568.0 51695.2    448   35.204   1      6.036   41.240
112192.0 110208.0 224.0   0.0   7467136.0 2647087.3 15379136.0 9833865.1  101568.0 51695.2    448   35.204   1      6.036   41.240
112192.0 110208.0 224.0   0.0   7467136.0 2647109.5 15379136.0 9833865.1  101568.0 51695.2    448   35.204   1      6.036   41.240
112192.0 110208.0 224.0   0.0   7467136.0 2647127.8 15379136.0 9833865.1  101568.0 51695.2    448   35.204   1      6.036   41.240
112192.0 110208.0 224.0   0.0   7467136.0 2647148.0 15379136.0 9833865.1  101568.0 51695.2    448   35.204   1      6.036   41.240
112192.0 110208.0 224.0   0.0   7467136.0 2647166.3 15379136.0 9833865.1  101568.0 51695.2    448   35.204   1      6.036   41.240
112192.0 110208.0 224.0   0.0   7467136.0 2647213.2 15379136.0 9833865.1  101568.0 51695.2    448   35.204   1      6.036   41.240
112192.0 110208.0 224.0   0.0   7467136.0 2647233.5 15379136.0 9833865.1  101568.0 51695.2    448   35.204   1      6.036   41.240
112192.0 110208.0 224.0   0.0   7467136.0 2647253.8 15379136.0 9833865.1  101568.0 51695.2    448   35.204   1      6.036   41.240
112192.0 110208.0 224.0   0.0   7467136.0 2647272.2 15379136.0 9833865.1  101568.0 51695.2    448   35.204   1      6.036   41.240
112192.0 110208.0 224.0   0.0   7467136.0 2647290.5 15379136.0 9833865.1  101568.0 51695.2    448   35.204   1      6.036   41.240
112192.0 110208.0 224.0   0.0   7467136.0 2647332.3 15379136.0 9833865.1  101568.0 51695.2    448   35.204   1      6.036   41.240
114944.0 65216.0  0.0   65200.9 7467136.0 2022504.7 15379136.0 9833913.1  101568.0 51697.3    449   35.242   1      6.036   41.278
114944.0 112704.0 160.0   0.0   7461888.0 6813921.1 15379136.0 9919119.4  101568.0 51697.3    450   35.294   1      6.036   41.330
109824.0 106304.0 256.0   0.0   7473408.0 3652813.7 15379136.0 9919199.4  101568.0 51697.3    452   35.369   1      6.036   41.405
102464.0 116544.0 82233.5  0.0   7456448.0 1467444.2 15379136.0 9919323.5  101568.0 51697.3    454   35.444   1      6.036   41.480
113088.0 116544.0  0.0   43131.3 7456448.0 6536004.0 15379136.0 10001433.0 101568.0 51697.8    455   35.493   1      6.036   41.529
106176.0 109888.0  0.0   256.0  7466560.0 4093426.9 15379136.0 10044414.1 101568.0 51697.8    457   35.587   1      6.036   41.623
114944.0 118784.0  0.0   256.0  7451968.0 3709267.8 15379136.0 10124736.5 101568.0 51697.8    459   35.666   1      6.036   41.702
103360.0 110720.0  0.0   17024.0 7463872.0 2536953.6 15379136.0 10124856.5 101568.0 51697.9    461   35.740   1      6.036   41.776
103360.0 110720.0  0.0   17024.0 7463872.0 7065934.8 15379136.0 10124856.5 101568.0 51697.9    461   35.740   1      6.036   41.776
103360.0 99200.0 1216.1  0.0   7486976.0 3825668.0 15379136.0 10125227.1 101568.0 51697.9    462   35.779   1      6.036   41.815
103360.0 99200.0 1216.1  0.0   7486976.0 7237216.5 15379136.0 10125227.1 101568.0 51697.9    462   35.779   1      6.036   41.815
106368.0 61824.0  0.0   61810.5 7486976.0 3785885.3 15379136.0 10126219.2 101568.0 51697.9    463   35.820   1      6.036   41.856
106368.0 102528.0 288.0   0.0   7480640.0 438626.5 15379136.0 10208258.9 101568.0 51698.3    464   35.857   1      6.036   41.893
106368.0 102528.0 288.0   0.0   7480640.0 3622703.4 15379136.0 10208258.9 101568.0 51698.3    464   35.857   1      6.036   41.893
106368.0 102528.0 288.0   0.0   7480640.0 4682186.1 15379136.0 10208258.9 101568.0 51698.3    464   35.857   1      6.036   41.893
106368.0 102528.0 288.0   0.0   7480640.0 4682206.4 15379136.0 10208258.9 101568.0 51698.3    464   35.857   1      6.036   41.893
106368.0 102528.0 288.0   0.0   7480640.0 4682226.7 15379136.0 10208258.9 101568.0 51698.3    464   35.857   1      6.036   41.893
106368.0 102528.0 288.0   0.0   7480640.0 4682245.0 15379136.0 10208258.9 101568.0 51698.3    464   35.857   1      6.036   41.893
106368.0 102528.0 288.0   0.0   7480640.0 4682265.2 15379136.0 10208258.9 101568.0 51698.3    464   35.857   1      6.036   41.893
106368.0 102528.0 288.0   0.0   7480640.0 4682307.2 15379136.0 10208258.9 101568.0 51698.3    464   35.857   1      6.036   41.893
106368.0 102528.0 288.0   0.0   7480640.0 4682329.5 15379136.0 10208258.9 101568.0 51698.3    464   35.857   1      6.036   41.893
106368.0 102528.0 288.0   0.0   7480640.0 4682350.1 15379136.0 10208258.9 101568.0 51698.3    464   35.857   1      6.036   41.893
106368.0 102528.0 288.0   0.0   7480640.0 4682368.3 15379136.0 10208258.9 101568.0 51698.3    464   35.857   1      6.036   41.893
106368.0 102528.0 288.0   0.0   7480640.0 4682386.6 15379136.0 10208258.9 101568.0 51698.3    464   35.857   1      6.036   41.893
106368.0 102528.0 288.0   0.0   7480640.0 4682433.6 15379136.0 10208258.9 101568.0 51698.3    464   35.857   1      6.036   41.893
106368.0 102528.0 288.0   0.0   7480640.0 4682452.0 15379136.0 10208258.9 101568.0 51698.3    464   35.857   1      6.036   41.893
106368.0 102528.0 288.0   0.0   7480640.0 4682472.4 15379136.0 10208258.9 101568.0 51698.3    464   35.857   1      6.036   41.893
106368.0 102528.0 288.0   0.0   7480640.0 4682490.9 15379136.0 10208258.9 101568.0 51698.3    464   35.857   1      6.036   41.893
110784.0 98112.0  0.0   98101.7 7480640.0 3348476.7 15379136.0 10273834.9 101568.0 51700.9    465   35.908   1      6.036   41.944
110784.0 117312.0 41462.2  0.0   7454912.0 5274968.0 15379136.0 10399806.5 101568.0 51700.9    466   35.953   1      6.036   41.989
114048.0 110272.0 224.0   0.0   7465216.0   0.0    15379136.0 10441120.8 101568.0 51700.9    468   36.031   1      6.036   42.067
106112.0 110272.0  0.0   288.0  7465216.0 1788359.4 15379136.0 10441208.8 101568.0 51700.9    469   36.072   1      6.036   42.108
106112.0 120256.0 83747.5  0.0   7449024.0 2172161.4 15379136.0 10441288.9 101568.0 51701.1    470   36.109   1      6.036   42.145
115840.0 120256.0  0.0   41832.6 7449024.0 6049203.2 15379136.0 10524875.0 101568.0 51701.1    471   36.157   1      6.036   42.193
127104.0 101184.0  0.0   101124.8 7461248.0 4135951.4 15379136.0 10586589.2 101568.0 51701.1    473   36.236   1      6.036   42.272
123136.0 127424.0  0.0   224.0  7434688.0 3301437.0 15379136.0 10707607.6 101568.0 51701.6    475   36.317   1      6.036   42.353
123136.0 118080.0 2112.2  0.0   7448320.0 5803559.4 15379136.0 10707647.6 101568.0 51701.6    476   36.354   1      6.036   42.390
113152.0 118080.0  0.0   256.0  7448320.0 7308591.3 15379136.0 10709570.3 101568.0 51701.6    477   36.394   1      6.036   42.430
108288.0 110784.0  0.0   41274.0 7465600.0 926022.6 15379136.0 10750449.8 101568.0 51701.6    479   36.475   1      6.036   42.511
108288.0 110784.0  0.0   41274.0 7465600.0 6156551.3 15379136.0 10750449.8 101568.0 51701.6    479   36.475   1      6.036   42.511
108288.0 105664.0 41535.7  0.0   7475584.0 2807911.5 15379136.0 10791483.8 101568.0 51701.6    480   36.515   1      6.036   42.551
108288.0 105664.0 41535.7  0.0   7475584.0 5793938.3 15379136.0 10791483.8 101568.0 51701.6    480   36.515   1      6.036   42.551
108288.0 105664.0 41535.7  0.0   7475584.0 7189785.2 15379136.0 10791483.8 101568.0 51701.6    480   36.515   1      6.036   42.551
108288.0 105664.0 41535.7  0.0   7475584.0 7189805.5 15379136.0 10791483.8 101568.0 51701.6    480   36.515   1      6.036   42.551
108288.0 105664.0 41535.7  0.0   7475584.0 7189850.5 15379136.0 10791483.8 101568.0 51701.6    480   36.515   1      6.036   42.551
108288.0 105664.0 41535.7  0.0   7475584.0 7189868.8 15379136.0 10791483.8 101568.0 51701.6    480   36.515   1      6.036   42.551
108288.0 105664.0 41535.7  0.0   7475584.0 7189887.0 15379136.0 10791483.8 101568.0 51701.6    480   36.515   1      6.036   42.551
108288.0 105664.0 41535.7  0.0   7475584.0 7189907.4 15379136.0 10791483.8 101568.0 51701.6    480   36.515   1      6.036   42.551
108288.0 105664.0 41535.7  0.0   7475584.0 7189929.9 15379136.0 10791483.8 101568.0 51701.6    480   36.515   1      6.036   42.551
108288.0 105664.0 41535.7  0.0   7475584.0 7189975.3 15379136.0 10791483.8 101568.0 51701.6    480   36.515   1      6.036   42.551
108288.0 105664.0 41535.7  0.0   7475584.0 7189993.5 15379136.0 10791483.8 101568.0 51701.6    480   36.515   1      6.036   42.551
108288.0 105664.0 41535.7  0.0   7475584.0 7190011.9 15379136.0 10791483.8 101568.0 51701.6    480   36.515   1      6.036   42.551
108288.0 105664.0 41535.7  0.0   7475584.0 7190032.1 15379136.0 10791483.8 101568.0 51701.6    480   36.515   1      6.036   42.551
108288.0 105664.0 41535.7  0.0   7475584.0 7190050.4 15379136.0 10791483.8 101568.0 51701.6    480   36.515   1      6.036   42.551
108288.0 105664.0 41535.7  0.0   7475584.0 7190092.6 15379136.0 10791483.8 101568.0 51701.6    480   36.515   1      6.036   42.551
108288.0 105664.0 41535.7  0.0   7475584.0 7352765.3 15379136.0 10791483.8 101568.0 51701.6    480   36.515   1      6.036   42.551
101248.0 99200.0 40847.9  0.0   7489088.0 3740784.0 15379136.0 10816324.7 101568.0 51701.6    482   36.590   1      6.036   42.626
96640.0 93632.0 256.0   0.0   7499264.0 607493.9 15379136.0 10857148.6 101568.0 51701.6    484   36.676   1      6.036   42.712
93184.0 93632.0  0.0   40315.0 7499264.0 5796489.1 15379136.0 10857208.6 101568.0 51701.6    485   36.713   1      6.036   42.750
91584.0 92800.0  0.0   40720.9 7503552.0 4437066.0 15379136.0 10938956.4 101568.0 51702.6    487   36.794   1      6.036   42.830
87104.0 89344.0  0.0   256.0  7508608.0 3358680.6 15379136.0 10982339.2 101568.0 51702.6    489   36.874   1      6.036   42.910
85056.0 87296.0  0.0   256.0  7514944.0 2979485.8 15379136.0 11022636.1 101568.0 51702.6    491   36.950   1      6.036   42.986
79424.0 82432.0  0.0   640.0  7522048.0 2313222.8 15379136.0 11022748.1 101568.0 51702.6    493   37.027   1      6.036   43.063
79424.0 75904.0 2368.0  0.0   7534208.0 3331718.4 15379136.0 11023129.8 101568.0 51702.8    494   37.067   1      6.036   43.103
79424.0 75904.0 2368.0  0.0   7534208.0 7381181.0 15379136.0 11023129.8 101568.0 51702.8    494   37.067   1      6.036   43.103
86848.0 62144.0  0.0   62082.2 7534208.0 3835543.5 15379136.0 11043642.4 101568.0 51702.8    495   37.108   1      6.036   43.144
86848.0 95424.0 61746.5  0.0   7498688.0 1111451.7 15379136.0 11085021.8 101568.0 51702.8    496   37.150   1      6.036   43.186
86848.0 95424.0 61746.5  0.0   7498688.0 6094250.3 15379136.0 11085021.8 101568.0 51702.8    496   37.150   1      6.036   43.186
92544.0 95424.0  0.0   256.0  7498688.0 2300206.3 15379136.0 11146592.4 101568.0 51702.8    497   37.191   1      6.036   43.227
92544.0 95424.0  0.0   256.0  7498688.0 5050787.2 15379136.0 11146592.4 101568.0 51702.8    497   37.191   1      6.036   43.227
92544.0 95424.0  0.0   256.0  7498688.0 5718710.6 15379136.0 11146592.4 101568.0 51702.8    497   37.191   1      6.036   43.227
92544.0 95424.0  0.0   256.0  7498688.0 5718733.0 15379136.0 11146592.4 101568.0 51702.8    497   37.191   1      6.036   43.227
92544.0 95424.0  0.0   256.0  7498688.0 5718751.3 15379136.0 11146592.4 101568.0 51703.0    497   37.191   1      6.036   43.227
92544.0 95424.0  0.0   256.0  7498688.0 5718769.6 15379136.0 11146592.4 101568.0 51703.0    497   37.191   1      6.036   43.227
92544.0 95424.0  0.0   256.0  7498688.0 5718813.7 15379136.0 11146592.4 101568.0 51703.0    497   37.191   1      6.036   43.227
92544.0 95424.0  0.0   256.0  7498688.0 5718832.0 15379136.0 11146592.4 101568.0 51703.0    497   37.191   1      6.036   43.227
92544.0 95424.0  0.0   256.0  7498688.0 5718856.3 15379136.0 11146592.4 101568.0 51703.0    497   37.191   1      6.036   43.227
92544.0 95424.0  0.0   256.0  7498688.0 5718874.6 15379136.0 11146592.4 101568.0 51703.0    497   37.191   1      6.036   43.227
92544.0 91072.0 37472.5  0.0   7505920.0 4589187.5 15379136.0 11146656.4 101568.0 51705.2    498   37.233   1      6.036   43.269
102144.0 103104.0 192.0   0.0   7483328.0 337494.8 15379136.0 11232519.0 101568.0 51705.2    500   37.318   1      6.036   43.354
100608.0 103104.0  0.0   40720.9 7483328.0 4118408.7 15379136.0 11232575.1 101568.0 51705.2    501   37.358   1      6.036   43.394
95104.0 98112.0  0.0   256.0  7490816.0 850423.4 15379136.0 11273208.1 101568.0 51705.2    503   37.442   1      6.036   43.478
95104.0 110848.0 84840.5  0.0   7467840.0 4530897.7 15379136.0 11313815.8 101568.0 51705.2    504   37.484   1      6.036   43.520
107584.0 100416.0 20349.5  0.0   7481536.0 2523187.1 15379136.0 11398656.8 101568.0 51705.2    506   37.566   1      6.036   43.602
98432.0 95808.0 640.0   0.0   7495296.0 1508939.0 15379136.0 11458999.2 101568.0 51705.2    508   37.646   1      6.036   43.682
89984.0 95808.0  0.0   16608.0 7495296.0 7215830.1 15379136.0 11459380.9 101568.0 51705.2    509   37.693   1      6.036   43.729
89984.0 104896.0 81820.4  0.0   7479744.0 5405412.2 15379136.0 11459449.0 101568.0 51705.2    510   37.733   1      6.036   43.769
102208.0 104896.0  0.0   864.1  7479744.0 1105163.9 15379136.0 11541235.2 101568.0 51705.2    511   37.777   1      6.036   43.813
102208.0 104896.0  0.0   864.1  7479744.0 3469726.1 15379136.0 11541235.2 101568.0 51705.2    511   37.777   1      6.036   43.813
102208.0 107712.0 61842.5  0.0   7474112.0 361348.5 15379136.0 11541873.9 101568.0 51705.2    512   37.830   1      6.036   43.866
102208.0 107712.0 61842.5  0.0   7474112.0 4543425.5 15379136.0 11541873.9 101568.0 51705.2    512   37.830   1      6.036   43.866
105024.0 107712.0  0.0   160.0  7474112.0 1115322.5 15379136.0 11603460.6 101568.0 51705.2    513   37.892   1      6.036   43.928
105024.0 107712.0  0.0   160.0  7474112.0 3096440.2 15379136.0 11603460.6 101568.0 51705.2    513   37.892   1      6.036   43.928
105024.0 107712.0  0.0   160.0  7474112.0 3096458.6 15379136.0 11603460.6 101568.0 51705.2    513   37.892   1      6.036   43.928
105024.0 107712.0  0.0   160.0  7474112.0 3096505.2 15379136.0 11603460.6 101568.0 51705.2    513   37.892   1      6.036   43.928
105024.0 107712.0  0.0   160.0  7474112.0 3096523.5 15379136.0 11603460.6 101568.0 51705.2    513   37.892   1      6.036   43.928
105024.0 107712.0  0.0   160.0  7474112.0 3096543.7 15379136.0 11603460.6 101568.0 51705.2    513   37.892   1      6.036   43.928
105024.0 107712.0  0.0   160.0  7474112.0 3096560.1 15379136.0 11603460.6 101568.0 51705.2    513   37.892   1      6.036   43.928
105024.0 107712.0  0.0   160.0  7474112.0 3096582.6 15379136.0 11603460.6 101568.0 51705.2    513   37.892   1      6.036   43.928
105024.0 107712.0  0.0   160.0  7474112.0 3096630.0 15379136.0 11603460.6 101568.0 51705.2    513   37.892   1      6.036   43.928
105024.0 107712.0  0.0   160.0  7474112.0 3228476.9 15379136.0 11603460.6 101568.0 51707.1    513   37.892   1      6.036   43.928
105024.0 118912.0 85650.9  0.0   7451712.0 7014611.3 15379136.0 11623746.4 101568.0 51708.3    514   37.935   1      6.036   43.971
115904.0 112256.0 224.0   0.0   7461376.0 3023330.4 15379136.0 11749696.5 101568.0 51708.3    516   38.023   1      6.036   44.059
108864.0 112256.0  0.0   40688.9 7461376.0 7274285.0 15379136.0 11749756.5 101568.0 51708.3    517   38.072   1      6.036   44.108
103104.0 105792.0  0.0   416.0  7474880.0 2348832.1 15379136.0 11811000.2 101568.0 51708.5    519   38.163   1      6.036   44.199
99456.0 102016.0  0.0   256.0  7484416.0   0.0    15379136.0 11834407.4 101568.0 51708.5    521   38.243   1      6.036   44.279
99456.0 112384.0 80471.9  0.0   7464768.0 7187430.6 15379136.0 11834467.4 101568.0 51708.5    522   38.283   1      6.036   44.319
109440.0 105984.0 640.0   0.0   7474112.0 6397888.0 15379136.0 11914819.4 101568.0 51708.5    524   38.367   1      6.036   44.403
105344.0 117952.0 82546.3  0.0   7453632.0 540605.8 15379136.0 11956187.0 101568.0 51708.5    526   38.455   1      6.036   44.491
105344.0 117952.0 82546.3  0.0   7453632.0 5098902.9 15379136.0 11956187.0 101568.0 51708.5    526   38.455   1      6.036   44.491
112576.0 117952.0  0.0   41138.7 7453632.0 196647.9 15379136.0 11997254.3 101568.0 51708.5    527   38.498   1      6.036   44.535
112576.0 117952.0  0.0   41138.7 7453632.0 4258885.5 15379136.0 11997254.3 101568.0 51708.5    527   38.498   1      6.036   44.535
112576.0 117952.0  0.0   41138.7 7453632.0 7227490.3 15379136.0 11997254.3 101568.0 51708.5    527   38.498   1      6.036   44.535
112576.0 110336.0 224.0   0.0   7466624.0 2545173.3 15379136.0 12038201.1 101568.0 51708.5    528   38.539   1      6.036   44.575
112576.0 110336.0 224.0   0.0   7466624.0 3313527.4 15379136.0 12038201.1 101568.0 51708.5    528   38.539   1      6.036   44.575
112576.0 110336.0 224.0   0.0   7466624.0 3313941.4 15379136.0 12038201.1 101568.0 51708.5    528   38.539   1      6.036   44.575
112576.0 110336.0 224.0   0.0   7466624.0 4039492.6 15379136.0 12038201.1 101568.0 51708.5    528   38.539   1      6.036   44.575
112576.0 110336.0 224.0   0.0   7466624.0 5460924.8 15379136.0 12038201.1 101568.0 51708.5    528   38.539   1      6.036   44.575
112576.0 110336.0 224.0   0.0   7466624.0 6869777.9 15379136.0 12038201.1 101568.0 51708.5    528   38.539   1      6.036   44.575
106496.0 110336.0  0.0   41567.7 7466624.0 780374.8 15379136.0 12038265.1 101568.0 51708.5    529   38.592   1      6.036   44.628
106496.0 110336.0  0.0   41567.7 7466624.0 817581.3 15379136.0 12038265.1 101568.0 51708.5    529   38.592   1      6.036   44.628
106496.0 110336.0  0.0   41567.7 7466624.0 817601.7 15379136.0 12038265.1 101568.0 51708.5    529   38.592   1      6.036   44.628
106496.0 110336.0  0.0   41567.7 7466624.0 817622.0 15379136.0 12038265.1 101568.0 51708.5    529   38.592   1      6.036   44.628
106496.0 126208.0 104942.5  0.0   7437120.0 2034334.1 15379136.0 12058957.0 101568.0 51708.5    530   38.638   1      6.036   44.674
124032.0 126208.0  0.0   160.0  7437120.0 5721625.3 15379136.0 12103441.0 101568.0 51708.5    531   38.678   1      6.036   44.714
115520.0 121024.0  0.0   40752.9 7444480.0 2062333.3 15379136.0 12103561.1 101568.0 51708.5    533   38.763   1      6.036   44.799
115520.0 112640.0 256.0   0.0   7461376.0 5318466.9 15379136.0 12144110.1 101568.0 51708.9    534   38.808   1      6.036   44.844
105344.0 102592.0 41832.6  0.0   7481600.0 2266069.5 15379136.0 12187419.4 101568.0 51708.9    536   38.916   1      6.036   44.952
114048.0 112064.0 256.0   0.0   7463424.0 1544683.3 15379136.0 12309336.0 101568.0 51708.9    538   39.010   1      6.036   45.046
109312.0 105920.0 640.0   0.0   7474304.0 1429603.3 15379136.0 12309448.0 101568.0 51708.9    540   39.090   1      6.036   45.126
99392.0 105920.0  0.0   16672.0 7474304.0 5690857.9 15379136.0 12309829.7 101568.0 51708.9    541   39.146   1      6.036   45.182
99392.0 98496.0 42409.1  0.0   7491648.0 5143404.7 15379136.0 12309877.7 101568.0 51708.9    542   39.188   1      6.036   45.224
95744.0 98496.0  0.0   288.0  7491648.0 1871982.9 15379136.0 12311203.5 101568.0 51708.9    543   39.231   1      6.036   45.267
95744.0 98496.0  0.0   288.0  7491648.0 5825760.8 15379136.0 12311203.5 101568.0 51708.9    543   39.231   1      6.036   45.267
95744.0 110208.0 82386.4  0.0   7469120.0 2366004.6 15379136.0 12352118.2 101568.0 51708.9    544   39.279   1      6.036   45.315
95744.0 110208.0 82386.4  0.0   7469120.0 6571293.8 15379136.0 12352118.2 101568.0 51708.9    544   39.279   1      6.036   45.315
107136.0 110208.0  0.0   224.0  7469120.0 2140040.7 15379136.0 12475143.4 101568.0 51708.9    545   39.338   1      6.036   45.374
107136.0 110208.0  0.0   224.0  7469120.0 3010695.6 15379136.0 12475143.4 101568.0 51708.9    545   39.338   1      6.036   45.374
107136.0 110208.0  0.0   224.0  7469120.0 3010716.0 15379136.0 12475143.4 101568.0 51708.9    545   39.338   1      6.036   45.374
107136.0 110208.0  0.0   224.0  7469120.0 3010758.9 15379136.0 12475143.4 101568.0 51708.9    545   39.338   1      6.036   45.374
107136.0 110208.0  0.0   224.0  7469120.0 3010779.2 15379136.0 12475143.4 101568.0 51708.9    545   39.338   1      6.036   45.374
107136.0 110208.0  0.0   224.0  7469120.0 3010797.4 15379136.0 12475143.4 101568.0 51708.9    545   39.338   1      6.036   45.374
107136.0 110208.0  0.0   224.0  7469120.0 3010817.7 15379136.0 12475143.4 101568.0 51708.9    545   39.338   1      6.036   45.374
107136.0 110208.0  0.0   224.0  7469120.0 3010835.9 15379136.0 12475143.4 101568.0 51708.9    545   39.338   1      6.036   45.374
107136.0 110208.0  0.0   224.0  7469120.0 3010886.9 15379136.0 12475143.4 101568.0 51708.9    545   39.338   1      6.036   45.374
107136.0 110208.0  0.0   224.0  7469120.0 3010905.1 15379136.0 12475143.4 101568.0 51708.9    545   39.338   1      6.036   45.374
107136.0 110208.0  0.0   224.0  7469120.0 3010925.4 15379136.0 12475143.4 101568.0 51708.9    545   39.338   1      6.036   45.374
107136.0 110208.0  0.0   224.0  7469120.0 3010941.8 15379136.0 12475143.4 101568.0 51708.9    545   39.338   1      6.036   45.374
107136.0 110208.0  0.0   224.0  7469120.0 3010962.1 15379136.0 12475143.4 101568.0 51708.9    545   39.338   1      6.036   45.374
107136.0 110208.0  0.0   224.0  7469120.0 5277038.0 15379136.0 12475143.4 101568.0 51712.5    545   39.338   1      6.036   45.374
119168.0 125568.0  0.0   41430.2 7438400.0 205028.1 15379136.0 12621517.5 101568.0 51712.5    547   39.443   1      6.036   45.479
119168.0 116544.0 288.0   0.0   7453824.0 2630696.9 15379136.0 12662759.7 101568.0 51712.5    548   39.486   1      6.036   45.522
113280.0 116544.0  0.0   224.0  7453824.0 5031793.9 15379136.0 12662815.7 101568.0 51712.5    549   39.529   1      6.036   45.565
113280.0 109824.0 41693.4  0.0   7466432.0 5958601.3 15379136.0 12662899.8 101568.0 51713.4    550   39.576   1      6.036   45.612
106368.0 102912.0 256.0   0.0   7480256.0 432616.0 15379136.0 12706535.1 101568.0 51713.4    552   39.669   1      6.036   45.705
101632.0 102912.0  0.0   41832.6 7480256.0 3264872.9 15379136.0 12706635.2 101568.0 51713.4    553   39.711   1      6.036   45.747
129728.0 114240.0  0.0   114227.7 7445568.0 801415.8 15379136.0 12849386.8 101568.0 51713.4    555   39.812   1      6.036   45.848
129728.0 148352.0 83389.7  0.0   7392832.0 706375.1 15379136.0 12889501.9 101568.0 51713.4    556   39.863   1      6.036   45.899
129728.0 148352.0 83389.7  0.0   7392832.0 7194809.3 15379136.0 12889501.9 101568.0 51713.4    556   39.863   1      6.036   45.899
145792.0 148352.0  0.0   224.0  7392832.0 6555628.6 15379136.0 12931781.1 101568.0 51713.4    557   39.917   1      6.036   45.953
145792.0 138816.0 20661.7  0.0   7404928.0 3411065.4 15379136.0 12931849.2 101568.0 51713.4    558   39.958   1      6.036   45.994
137280.0 138816.0  0.0   61849.8 7404928.0 144813.3 15379136.0 12972688.7 101568.0 51713.4    559   40.003   1      6.036   46.039
137280.0 138816.0  0.0   61849.8 7404928.0 3886667.4 15379136.0 12972688.7 101568.0 51713.4    559   40.003   1      6.036   46.039
137280.0 138816.0  0.0   61849.8 7404928.0 6373996.3 15379136.0 12972688.7 101568.0 51713.4    559   40.003   1      6.036   46.039
137280.0 138816.0  0.0   61849.8 7404928.0 6908262.7 15379136.0 12972688.7 101568.0 51713.4    559   40.003   1      6.036   46.039
137280.0 138816.0  0.0   61849.8 7404928.0 6908283.0 15379136.0 12972688.7 101568.0 51713.4    559   40.003   1      6.036   46.039
137280.0 138816.0  0.0   61849.8 7404928.0 6908301.3 15379136.0 12972688.7 101568.0 51713.4    559   40.003   1      6.036   46.039
137280.0 138816.0  0.0   61849.8 7404928.0 6908321.6 15379136.0 12972688.7 101568.0 51713.4    559   40.003   1      6.036   46.039
137280.0 138816.0  0.0   61849.8 7404928.0 6908341.9 15379136.0 12972688.7 101568.0 51713.4    559   40.003   1      6.036   46.039
137280.0 138816.0  0.0   61849.8 7404928.0 6908389.6 15379136.0 12972688.7 101568.0 51713.4    559   40.003   1      6.036   46.039
137280.0 138816.0  0.0   61849.8 7404928.0 6908408.0 15379136.0 12972688.7 101568.0 51713.4    559   40.003   1      6.036   46.039
137280.0 138816.0  0.0   61849.8 7404928.0 6908426.3 15379136.0 12972688.7 101568.0 51713.4    559   40.003   1      6.036   46.039
137280.0 131200.0 20768.5  0.0   7421056.0 631591.4 15379136.0 13013849.5 101568.0 51715.7    560   40.052   1      6.036   46.088
145792.0 122688.0  0.0   122657.7 7421056.0 3077582.8 15379136.0 13018114.7 101568.0 51715.7    561   40.101   1      6.036   46.137
145792.0 150400.0 224.0   0.0   7388736.0 5136007.2 15379136.0 13140604.4 101568.0 51715.7    562   40.149   1      6.036   46.185
146880.0 139136.0 20649.2  0.0   7403520.0   0.0    15379136.0 13140744.5 101568.0 51715.7    564   40.231   1      6.036   46.267
145856.0 139136.0  0.0   82662.0 7403520.0 2268838.8 15379136.0 13181650.8 101568.0 51715.7    565   40.285   1      6.036   46.321
145856.0 142336.0 928.1   0.0   7401344.0 5514342.4 15379136.0 13223769.7 101568.0 51715.7    566   40.325   1      6.036   46.361
138112.0 137792.0 61032.0  0.0   7413632.0 1465775.1 15379136.0 13224497.8 101568.0 51715.7    568   40.432   1      6.036   46.468
129664.0 137792.0 103994.0 41800.6 7413632.0 7413632.0 15379136.0 13346932.0 101568.0 51715.7    570   40.484   1      6.036   46.520
135296.0 145280.0  0.0   42516.7 7398976.0 654015.0 15379136.0 13407995.4 101568.0 51716.4    571   40.578   1      6.036   46.614
135296.0 145280.0  0.0   42516.7 7398976.0 5940126.3 15379136.0 13407995.4 101568.0 51716.4    571   40.578   1      6.036   46.614
135296.0 129984.0 20725.7  0.0   7424256.0 4381161.9 15379136.0 13450277.8 101568.0 51716.4    572   40.626   1      6.036   46.662
128768.0 129984.0  0.0   61948.6 7424256.0 63976.4  15379136.0 13470739.6 101568.0 51716.4    573   40.671   1      6.036   46.707
128768.0 129984.0  0.0   61948.6 7424256.0 4268430.3 15379136.0 13470739.6 101568.0 51716.4    573   40.671   1      6.036   46.707
128768.0 127552.0 288.0   0.0   7433216.0 401472.1 15379136.0 13553017.2 101568.0 51716.4    574   40.732   1      6.036   46.768
128768.0 127552.0 288.0   0.0   7433216.0 3182680.4 15379136.0 13553017.2 101568.0 51716.4    574   40.732   1      6.036   46.768
128768.0 127552.0 288.0   0.0   7433216.0 3748131.4 15379136.0 13553017.2 101568.0 51716.4    574   40.732   1      6.036   46.768
128768.0 127552.0 288.0   0.0   7433216.0 3748153.7 15379136.0 13553017.2 101568.0 51716.4    574   40.732   1      6.036   46.768
128768.0 127552.0 288.0   0.0   7433216.0 3748196.2 15379136.0 13553017.2 101568.0 51716.4    574   40.732   1      6.036   46.768
128768.0 127552.0 288.0   0.0   7433216.0 3748216.5 15379136.0 13553017.2 101568.0 51716.4    574   40.732   1      6.036   46.768
128768.0 127552.0 288.0   0.0   7433216.0 3748236.8 15379136.0 13553017.2 101568.0 51716.4    574   40.732   1      6.036   46.768
128768.0 127552.0 288.0   0.0   7433216.0 3748255.2 15379136.0 13553017.2 101568.0 51716.4    574   40.732   1      6.036   46.768
128768.0 127552.0 288.0   0.0   7433216.0 3748275.6 15379136.0 13553017.2 101568.0 51716.4    574   40.732   1      6.036   46.768
128768.0 127552.0 288.0   0.0   7433216.0 3748325.2 15379136.0 13553017.2 101568.0 51716.4    574   40.732   1      6.036   46.768
128768.0 127552.0 288.0   0.0   7433216.0 3748343.6 15379136.0 13553017.2 101568.0 51716.4    574   40.732   1      6.036   46.768
135936.0 85504.0  0.0   85497.9 7433216.0 5806247.8 15379136.0 13553049.2 101568.0 51716.4    575   40.779   1      6.036   46.815
131264.0 134080.0  0.0   256.0  7419520.0 1747776.7 15379136.0 13638470.9 101568.0 51716.4    577   40.869   1      6.036   46.905
131264.0 124224.0 20488.5  0.0   7434048.0 5970334.9 15379136.0 13638522.9 101568.0 51716.4    578   40.910   1      6.036   46.946
120896.0 115776.0 41013.0  0.0   7452864.0 418546.0 15379136.0 13679131.9 101568.0 51716.4    580   41.007   1      6.036   47.043
111872.0 115776.0  0.0   43944.8 7452864.0 4607874.8 15379136.0 13719947.5 101568.0 51716.4    581   41.055   1      6.036   47.091
103104.0 109504.0  0.0   20285.5 7468160.0 1976314.2 15379136.0 13763764.3 101568.0 51716.4    583   41.145   1      6.036   47.181
97088.0 100224.0  0.0   40444.8 7486208.0 678693.7 15379136.0 13824304.7 101568.0 51716.4    585   41.240   1      6.036   47.276
97088.0 94400.0 41481.0  0.0   7498048.0 5201775.1 15379136.0 13864525.5 101568.0 51716.4    586   41.282   1      6.036   47.318
93376.0 94400.0  0.0   1248.1 7498048.0 3254948.9 15379136.0 13864891.2 101568.0 51716.4    587   41.325   1      6.036   47.361
93376.0 91776.0 384.0   0.0   7504384.0 382911.7 15379136.0 13865883.3 101568.0 51716.4    588   41.372   1      6.036   47.408
93376.0 91776.0 384.0   0.0   7504384.0 3861240.2 15379136.0 13865883.3 101568.0 51716.4    588   41.372   1      6.036   47.408
102912.0 82240.0  0.0   82184.3 7504384.0 463842.2 15379136.0 13907068.2 101568.0 51716.4    589   41.419   1      6.036   47.455
102912.0 82240.0  0.0   82184.3 7504384.0 4642748.8 15379136.0 13907068.2 101568.0 51716.4    589   41.419   1      6.036   47.455
102912.0 103872.0 320.0   0.0   7481792.0 543357.9 15379136.0 14009489.5 101568.0 51716.4    590   41.463   1      6.036   47.499
102912.0 103872.0 320.0   0.0   7481792.0 1377056.1 15379136.0 14009489.5 101568.0 51716.4    590   41.463   1      6.036   47.499
102912.0 103872.0 320.0   0.0   7481792.0 1377078.5 15379136.0 14009489.5 101568.0 51716.4    590   41.463   1      6.036   47.499
102912.0 103872.0 320.0   0.0   7481792.0 1377096.7 15379136.0 14009489.5 101568.0 51716.4    590   41.463   1      6.036   47.499
102912.0 103872.0 320.0   0.0   7481792.0 1377117.2 15379136.0 14009489.5 101568.0 51716.4    590   41.463   1      6.036   47.499
102912.0 103872.0 320.0   0.0   7481792.0 1377161.6 15379136.0 14009489.5 101568.0 51716.4    590   41.463   1      6.036   47.499
102912.0 103872.0 320.0   0.0   7481792.0 1377180.0 15379136.0 14009489.5 101568.0 51716.4    590   41.463   1      6.036   47.499
102912.0 103872.0 320.0   0.0   7481792.0 1377198.2 15379136.0 14009489.5 101568.0 51716.4    590   41.463   1      6.036   47.499
102912.0 103872.0 320.0   0.0   7481792.0 1377220.7 15379136.0 14009489.5 101568.0 51716.4    590   41.463   1      6.036   47.499
102912.0 103872.0 320.0   0.0   7481792.0 1377241.0 15379136.0 14009489.5 101568.0 51716.4    590   41.463   1      6.036   47.499
100736.0 103872.0  0.0   2720.5 7481792.0 1044375.7 15379136.0 14009553.5 101568.0 51750.6    591   41.506   1      6.036   47.542
94144.0 97664.0  0.0   256.0  7491136.0 1564918.0 15379136.0 14012132.6 101568.0 51750.6    593   41.612   1      6.036   47.648
86464.0 90368.0  0.0   224.0  7505024.0 2276315.2 15379136.0 14012164.6 101568.0 51750.6    595   41.701   1      6.036   47.737
78272.0 82368.0  0.0   192.0  7520704.0 2923720.6 15379136.0 14012220.6 101568.0 51750.6    597   41.791   1      6.036   47.827
69888.0 73920.0  0.0   640.1  7537344.0 1593676.3 15379136.0 14013642.6 101568.0 51750.6    599   41.887   1      6.036   47.923
62080.0 65920.0  0.0   224.0  7553728.0 1959670.8 15379136.0 14014210.7 101568.0 51750.6    601   41.973   1      6.036   48.009
54784.0 58368.0  0.0   256.0  7569088.0 2239044.5 15379136.0 14014282.7 101568.0 51750.6    603   42.082   1      6.036   48.118
47936.0 51328.0  0.0   480.0  7583424.0 546673.3 15379136.0 14014386.7 101568.0 51750.6    605   42.169   1      6.036   48.205
47936.0 51328.0  0.0   480.0  7583424.0 2729696.3 15379136.0 14014386.7 101568.0 51750.6    605   42.169   1      6.036   48.205
47936.0 51328.0  0.0   480.0  7583424.0 4330566.2 15379136.0 14014386.7 101568.0 51750.6    605   42.169   1      6.036   48.205
47936.0 51328.0  0.0   480.0  7583424.0 5512231.8 15379136.0 14014386.7 101568.0 51750.6    605   42.169   1      6.036   48.205
47936.0 51328.0  0.0   480.0  7583424.0 5512250.1 15379136.0 14014386.7 101568.0 51750.6    605   42.169   1      6.036   48.205
47936.0 51328.0  0.0   480.0  7583424.0 5513022.7 15379136.0 14014386.7 101568.0 51750.6    605   42.169   1      6.036   48.205
47936.0 51328.0  0.0   480.0  7583424.0 5513043.1 15379136.0 14014386.7 101568.0 51750.6    605   42.169   1      6.036   48.205
47936.0 51328.0  0.0   480.0  7583424.0 5513063.3 15379136.0 14014386.7 101568.0 51750.6    605   42.169   1      6.036   48.205
47936.0 51328.0  0.0   480.0  7583424.0 5513108.6 15379136.0 14014386.7 101568.0 51750.6    605   42.169   1      6.036   48.205
47936.0 51328.0  0.0   480.0  7583424.0 5513129.0 15379136.0 14014386.7 101568.0 51750.6    605   42.169   1      6.036   48.205
47936.0 51328.0  0.0   480.0  7583424.0 5513151.3 15379136.0 14014386.7 101568.0 51750.6    605   42.169   1      6.036   48.205
47936.0 51328.0  0.0   480.0  7583424.0 5513167.6 15379136.0 14014386.7 101568.0 51750.6    605   42.169   1      6.036   48.205
47936.0 51328.0  0.0   480.0  7583424.0 5513187.9 15379136.0 14014386.7 101568.0 51750.6    605   42.169   1      6.036   48.205
47936.0 51328.0  0.0   480.0  7583424.0 5513230.1 15379136.0 14014386.7 101568.0 51750.6    605   42.169   1      6.036   48.205
47936.0 51328.0  0.0   480.0  7583424.0 5513250.4 15379136.0 14014386.7 101568.0 51750.6    605   42.169   1      6.036   48.205
47936.0 51328.0  0.0   480.0  7583424.0 5513272.8 15379136.0 14014386.7 101568.0 51750.6    605   42.169   1      6.036   48.205
