 S0C    S1C    S0U    S1U      EC       EU        OC         OU       PC     PU    YGC     YGCT    FGC    FGCT     GCT   
961152.0 961152.0  0.0    0.0   5767232.0 115344.7 15379136.0    0.0     21248.0 2530.2      0    0.000   0      0.000    0.000
961152.0 961152.0  0.0    0.0   5767232.0 115344.7 15379136.0    0.0     21248.0 11730.8      0    0.000   0      0.000    0.000
961152.0 961152.0  0.0    0.0   5767232.0 576788.7 15379136.0    0.0     21248.0 20564.2      0    0.000   0      0.000    0.000
961152.0 961152.0  0.0    0.0   5767232.0 4152862.8 15379136.0    0.0     33728.0 33652.0      0    0.000   0      0.000    0.000
961152.0 961152.0  0.0    0.0   5767232.0 5767232.0 15379136.0    0.0     45440.0 45319.5      0    0.000   0      0.000    0.000
961152.0 961152.0  0.0   74312.4 5767232.0 1299409.6 15379136.0    0.0     47936.0 47811.2      1    0.054   0      0.000    0.054
961152.0 961152.0  0.0   74312.4 5767232.0 3120714.5 15379136.0    0.0     47936.0 47894.5      1    0.054   0      0.000    0.054
961152.0 961152.0  0.0   74312.4 5767232.0 4944327.9 15379136.0    0.0     47936.0 47898.6      1    0.054   0      0.000    0.054
961152.0 961152.0 92203.0  0.0   5767232.0 1532543.5 15379136.0    0.0     47936.0 47921.8      2    0.113   0      0.000    0.113
961152.0 961152.0 92203.0  0.0   5767232.0 3855825.8 15379136.0    0.0     48128.0 48016.3      2    0.113   0      0.000    0.113
961152.0 961152.0  0.0   144863.3 5767232.0 508720.3 15379136.0    0.0     48128.0 48017.1      3    0.212   0      0.000    0.212
961152.0 961152.0  0.0   144863.3 5767232.0 3009838.0 15379136.0    0.0     48320.0 48188.3      3    0.212   0      0.000    0.212
961152.0 961152.0  0.0   144863.3 5767232.0 5549839.3 15379136.0    0.0     48320.0 48205.2      3    0.212   0      0.000    0.212
961152.0 961152.0 215298.0  0.0   5767232.0 2384339.3 15379136.0    0.0     48320.0 48209.0      4    0.350   0      0.000    0.350
961152.0 961152.0 215298.0  0.0   5767232.0 4848835.8 15379136.0    0.0     48320.0 48212.6      4    0.350   0      0.000    0.350
300480.0 961152.0  0.0   262047.3 5767232.0 1841605.6 15379136.0    0.0     48320.0 48215.8      5    0.520   0      0.000    0.520
300480.0 961152.0  0.0   262047.3 5767232.0 3987741.7 15379136.0    0.0     48320.0 48217.1      5    0.520   0      0.000    0.520
300480.0 363776.0 300479.3  0.0   6961984.0 674540.2 15379136.0  10056.0   48320.0 48218.4      6    0.734   0      0.000    0.734
300480.0 363776.0 300479.3  0.0   6961984.0 3120024.6 15379136.0  10056.0   48320.0 48219.9      6    0.734   0      0.000    0.734
300480.0 363776.0 300479.3  0.0   6961984.0 5602979.8 15379136.0  10056.0   48320.0 48221.9      6    0.734   0      0.000    0.734
397760.0 300672.0  0.0   300640.2 6961984.0 1199287.9 15379136.0  88042.4   48320.0 48222.8      7    0.981   0      0.000    0.981
397760.0 300672.0  0.0   300640.2 6961984.0 4118519.7 15379136.0  88042.4   48320.0 48319.3      7    0.981   0      0.000    0.981
397760.0 400704.0 260194.9  0.0   6888128.0 1968766.9 15379136.0  183714.5  48512.0 48320.2      8    1.245   0      0.000    1.245
382848.0 400704.0  0.0   214723.8 6888128.0 1936627.8 15379136.0  275418.6  48512.0 48343.2      9    1.477   0      0.000    1.477
382848.0 388096.0 72517.2  0.0   6913344.0 4847257.3 15379136.0  433984.6  48512.0 48354.9     10    1.652   0      0.000    1.652
396672.0 399104.0 33679.7  0.0   6891328.0 767585.4 15379136.0  551584.7  48512.0 48410.7     12    1.832   0      0.000    1.832
397440.0 399104.0  0.0   33538.9 6891328.0 4392886.1 15379136.0  585102.1  48512.0 48413.8     13    1.918   0      0.000    1.918
397440.0 394624.0 20704.2  0.0   6897472.0 4992861.1 15379136.0  617856.9  48512.0 48435.4     14    2.104   0      0.000    2.104
386368.0 394624.0  0.0   34035.1 6897472.0 5547680.0 15379136.0  635753.0  48512.0 48437.2     15    2.165   0      0.000    2.165
386368.0 377216.0 27488.1  0.0   6925952.0 3332949.4 15379136.0  667780.0  48512.0 48442.2     16    2.235   0      0.000    2.235
386368.0 377216.0 27488.1 41920.1 6925952.0 6925952.0 15379136.0  668996.0  48512.0 48444.8     17    2.235   0      0.000    2.235
360064.0 377216.0  0.0   64640.1 6925952.0 3490532.9 15379136.0  690572.0  48512.0 48447.6     17    2.329   0      0.000    2.329
360064.0 341760.0 72718.9  0.0   6987712.0 2498586.9 15379136.0  747940.1  48512.0 48447.7     18    2.442   0      0.000    2.442
332928.0 341760.0  0.0   22048.0 6987712.0 2792195.4 15379136.0  814965.9  48512.0 48447.9     19    2.543   0      0.000    2.543
332928.0 317376.0 53079.8  0.0   7039232.0 4604589.0 15379136.0  836413.9  48512.0 48456.8     20    2.630   0      0.000    2.630
306304.0 317376.0  0.0   28398.9 7039232.0 6805264.8 15379136.0  888349.6  48512.0 48462.7     21    2.712   0      0.000    2.712
280192.0 292864.0  0.0   34016.0 7090368.0 761004.4 15379136.0  959711.8  48512.0 48463.8     23    2.916   0      0.000    2.916
280192.0 268032.0 30672.8  0.0   7141312.0 1310106.4 15379136.0  993687.8  48512.0 48465.2     24    2.979   0      0.000    2.979
280192.0 268032.0 30672.8  0.0   7141312.0 6537168.2 15379136.0  993687.8  48512.0 48468.7     24    2.979   0      0.000    2.979
260992.0 268032.0  0.0   256.0  7141312.0 2444390.5 15379136.0 1024224.6  48512.0 48469.4     25    3.021   0      0.000    3.021
260992.0 268032.0  0.0   256.0  7141312.0 3394950.8 15379136.0 1024224.6  48512.0 48471.6     25    3.021   0      0.000    3.021
260992.0 268032.0  0.0   256.0  7141312.0 4671993.7 15379136.0 1024224.6  49280.0 49102.9     25    3.021   0      0.000    3.021
282048.0 192448.0  0.0   192446.9 7173376.0 931924.7 15379136.0 1094256.6  49280.0 49108.3     27    3.107   0      0.000    3.107
282048.0 280320.0 131343.6  0.0   7127168.0 1316405.7 15379136.0 1311303.8  49280.0 49148.3     28    3.192   0      0.000    3.192
275712.0 280320.0  0.0   288.0  7127168.0 4900866.5 15379136.0 1405349.0  49280.0 49205.1     29    3.225   0      0.000    3.225
275264.0 269184.0  0.0   140595.0 7144640.0 1380675.1 15379136.0 1405489.2  49280.0 49214.7     31    3.274   0      0.000    3.274
275264.0 269184.0  0.0   140595.0 7144640.0 5134600.4 15379136.0 1405489.2  49280.0 49216.8     31    3.274   0      0.000    3.274
275264.0 262208.0 38059.8  0.0   7152064.0 2206704.0 15379136.0 1525110.4  49280.0 49219.5     32    3.320   0      0.000    3.320
275264.0 262208.0 38059.8  0.0   7152064.0 6366802.3 15379136.0 1525110.4  49280.0 49220.2     32    3.320   0      0.000    3.320
275200.0 262208.0  0.0   159577.9 7152064.0 3077949.0 15379136.0 1562746.4  49280.0 49221.8     33    3.363   0      0.000    3.363
275200.0 262208.0  0.0   159577.9 7152064.0 6916778.7 15379136.0 1562746.4  49280.0 49221.9     33    3.363   0      0.000    3.363
275200.0 259968.0 57875.9  0.0   7154368.0 3970593.9 15379136.0 1722156.5  49280.0 49222.2     34    3.423   0      0.000    3.423
275200.0 259968.0 57875.9  0.0   7154368.0 6710317.1 15379136.0 1722156.5  49280.0 49227.2     34    3.423   0      0.000    3.423
251968.0 259968.0  0.0   20974.0 7154368.0 2042379.8 15379136.0 1779848.5  49280.0 49228.4     35    3.453   0      0.000    3.453
251968.0 259968.0  0.0   20974.0 7154368.0 4704967.2 15379136.0 1779848.5  49280.0 49228.6     35    3.453   0      0.000    3.453
251968.0 246656.0 256.0   0.0   7190912.0 226040.9 15379136.0 1800544.2  49280.0 49228.6     36    3.474   0      0.000    3.474
251968.0 246656.0 256.0   0.0   7190912.0 2611163.6 15379136.0 1800544.2  49280.0 49228.6     36    3.474   0      0.000    3.474
251968.0 246656.0 256.0   0.0   7190912.0 4967553.6 15379136.0 1800544.2  49280.0 49229.3     36    3.474   0      0.000    3.474
239872.0 246656.0  0.0   224.0  7190912.0 397518.5 15379136.0 1800608.2  49280.0 49229.5     37    3.494   0      0.000    3.494
239872.0 246656.0  0.0   224.0  7190912.0 3149754.8 15379136.0 1800608.2  49280.0 49229.7     37    3.494   0      0.000    3.494
239872.0 246656.0  0.0   224.0  7190912.0 5894385.5 15379136.0 1800608.2  49280.0 49230.1     37    3.494   0      0.000    3.494
239872.0 232000.0 320.0   0.0   7217664.0 1359688.8 15379136.0 1800632.2  49280.0 49230.7     38    3.512   0      0.000    3.512
239872.0 232000.0 320.0   0.0   7217664.0 3853303.9 15379136.0 1800632.2  49280.0 49231.0     38    3.512   0      0.000    3.512
239872.0 232000.0 320.0   0.0   7217664.0 6567484.6 15379136.0 1800632.2  49280.0 49231.0     38    3.512   0      0.000    3.512
223296.0 232000.0  0.0   288.0  7217664.0 1892473.2 15379136.0 1800680.2  49280.0 49231.2     39    3.531   0      0.000    3.531
223296.0 232000.0  0.0   288.0  7217664.0 3993089.2 15379136.0 1800680.2  49280.0 49231.2     39    3.531   0      0.000    3.531
223296.0 232000.0  0.0   288.0  7217664.0 5370433.2 15379136.0 1800680.2  49280.0 49232.0     39    3.531   0      0.000    3.531
223296.0 232000.0  0.0   288.0  7217664.0 6700688.8 15379136.0 1800680.2  49280.0 49233.1     39    3.531   0      0.000    3.531
223296.0 207296.0 52506.0  0.0   7258944.0 5896711.3 15379136.0 1800728.2  49664.0 49560.4     40    3.550   0      0.000    3.550
224832.0 205760.0  0.0   205747.9 7258944.0 6869069.8 15379136.0 1803651.8  49664.0 49561.3     41    3.610   0      0.000    3.610
313344.0 208128.0  0.0   208092.8 7116480.0 660881.7 15379136.0 2030067.5  49664.0 49561.5     43    3.809   0      0.000    3.809
313344.0 304512.0 128208.0  0.0   7071680.0 2838845.7 15379136.0 2157178.9  49664.0 49561.8     44    3.955   0      0.000    3.955
284544.0 304512.0  0.0   98378.8 7071680.0 6715275.9 15379136.0 2263618.8  49664.0 49561.8     45    4.040   0      0.000    4.040
263424.0 269952.0  0.0   28512.0 7135040.0 2822016.4 15379136.0 2450468.8  49664.0 49561.8     47    4.291   0      0.000    4.291
263424.0 255296.0 31520.0  0.0   7170816.0 6938552.9 15379136.0 2478908.8  49664.0 49562.4     49    4.422   0      0.000    4.422
243648.0 230528.0 58144.1  0.0   7215360.0 3753447.6 15379136.0 2558220.9  49664.0 49562.4     50    4.633   0      0.000    4.633
220928.0 213440.0 29760.0  0.0   7255168.0 729985.7 15379136.0 2658189.0  49664.0 49562.4     52    4.855   0      0.000    4.855
204352.0 213440.0  0.0   36889.2 7255168.0 4163994.1 15379136.0 2687853.0  49664.0 49564.9     53    4.997   0      0.000    4.997
204352.0 190912.0 62926.1  0.0   7294272.0 4442893.6 15379136.0 2724688.8  49664.0 49564.9     54    5.178   0      0.000    5.178
203840.0 190912.0  0.0   134184.8 7294272.0 4722453.2 15379136.0 2787022.9  49664.0 49565.6     55    5.347   0      0.000    5.347
203840.0 197760.0 91153.9  0.0   7287936.0 6035655.8 15379136.0 2920630.3  49664.0 49567.8     56    5.490   0      0.000    5.490
202560.0 197760.0  0.0   120380.7 7287936.0 7110838.5 15379136.0 3014832.1  49664.0 49569.4     57    5.601   0      0.000    5.601
213248.0 224192.0  0.0   72047.6 7241152.0 2617378.0 15379136.0 3264867.2  49664.0 49570.8     59    5.806   0      0.000    5.806
213248.0 209344.0 110093.2  0.0   7266944.0 6433903.9 15379136.0 3333102.8  49664.0 49570.8     60    5.894   0      0.000    5.894
206784.0 205632.0 113407.1  0.0   7277120.0 3166445.5 15379136.0 3473280.1  49664.0 49570.8     62    6.096   0      0.000    6.096
198016.0 205632.0  0.0   60509.1 7277120.0 7277120.0 15379136.0 3565425.7  49664.0 49571.5     64    6.209   0      0.000    6.209
181696.0 187200.0  0.0   54222.0 7304320.0 2213620.1 15379136.0 3691293.3  49664.0 49574.3     65    6.464   0      0.000    6.464
181696.0 172608.0 74240.1  0.0   7335232.0 5581339.9 15379136.0 3745419.3  49664.0 49574.3     66    6.616   0      0.000    6.616
164800.0 161920.0 47265.9  0.0   7362816.0 1455443.1 15379136.0 3881903.4  49664.0 49574.8     68    6.895   0      0.000    6.895
154880.0 161920.0  0.0   68200.8 7362816.0 5079869.9 15379136.0 3926905.3  49664.0 49574.8     69    7.030   0      0.000    7.030
154880.0 154560.0 31345.8  0.0   7380096.0 7255004.7 15379136.0 3986770.1  49664.0 49574.8     71    7.136   0      0.000    7.136
150272.0 154560.0  0.0   47833.6 7380096.0 6124312.7 15379136.0 4017963.9  49664.0 49660.3     71    7.266   0      0.000    7.266
150272.0 145280.0 50801.4  0.0   7393984.0 3657404.2 15379136.0 4065661.4  49664.0 49660.3     72    7.382   0      0.000    7.382
150272.0 145280.0 50801.4  0.0   7393984.0 6378063.4 15379136.0 4065661.4  49664.0 49660.3     72    7.382   0      0.000    7.382
139840.0 145280.0  0.0   53443.2 7393984.0 1474205.7 15379136.0 4116262.8  49664.0 49660.4     73    7.509   0      0.000    7.509
139840.0 145280.0  0.0   53443.2 7393984.0 2781383.8 15379136.0 4116262.8  49664.0 49660.4     73    7.509   0      0.000    7.509
139840.0 145280.0  0.0   53443.2 7393984.0 2781406.7 15379136.0 4116262.8  49664.0 49661.2     73    7.509   0      0.000    7.509
139840.0 145280.0  0.0   53443.2 7393984.0 2781427.7 15379136.0 4116262.8  49664.0 49661.2     73    7.509   0      0.000    7.509
139840.0 145280.0  0.0   53443.2 7393984.0 5123232.1 15379136.0 4116262.8  49856.0 49736.9     73    7.509   0      0.000    7.509
139840.0 193472.0 139836.6  0.0   7302592.0 5984788.9 15379136.0 4207254.4  49856.0 49736.9     74    7.619   0      0.000    7.619
182400.0 172608.0 83024.9  0.0   7334528.0 2203280.1 15379136.0 4330711.2  49856.0 49737.3     76    7.741   0      0.000    7.741
177600.0 172608.0  0.0   288.0  7334528.0 6989593.0 15379136.0 4413512.1  49856.0 49737.3     77    7.793   0      0.000    7.793
174720.0 172928.0  0.0   224.0  7339008.0 4596198.9 15379136.0 4454315.7  49856.0 49737.3     79    7.871   0      0.000    7.871
174720.0 174464.0 256.0   0.0   7340352.0 6828094.6 15379136.0 4454355.7  49856.0 49752.3     80    7.909   0      0.000    7.909
168896.0 167744.0 81886.7  0.0   7352896.0 1917892.7 15379136.0 4475605.2  49856.0 49754.9     82    7.992   0      0.000    7.992
169472.0 91328.0  0.0   91274.1 7352896.0 5659017.2 15379136.0 4557312.0  49856.0 49763.2     83    8.051   0      0.000    8.051
178432.0 139456.0  0.0   139411.1 7361152.0 1357726.3 15379136.0 4714762.6  49856.0 49763.6     85    8.175   0      0.000    8.175
178432.0 170240.0 75569.6  0.0   7340864.0 4863163.7 15379136.0 4795813.4  49856.0 49764.0     86    8.231   0      0.000    8.231
164608.0 165888.0 288.0   0.0   7357760.0 1538241.3 15379136.0 4846684.9  49856.0 49764.0     88    8.323   0      0.000    8.323
156608.0 165888.0  0.0   51493.8 7357760.0 4258444.8 15379136.0 4846769.0  49856.0 49764.0     89    8.363   0      0.000    8.363
156608.0 153280.0 20718.0  0.0   7379648.0 3731130.9 15379136.0 4898052.5  49856.0 49764.0     90    8.413   0      0.000    8.413
152704.0 153280.0  0.0   256.0  7379648.0 480051.6 15379136.0 4918558.5  49856.0 49764.0     91    8.452   0      0.000    8.452
152704.0 153280.0  0.0   256.0  7379648.0 3405305.0 15379136.0 4918558.5  49856.0 49764.0     91    8.452   0      0.000    8.452
152704.0 153280.0  0.0   256.0  7379648.0 3902694.8 15379136.0 4918558.5  49856.0 49764.2     91    8.452   0      0.000    8.452
152704.0 153280.0  0.0   256.0  7379648.0 3903218.5 15379136.0 4918558.5  49856.0 49764.4     91    8.452   0      0.000    8.452
152704.0 153280.0  0.0   256.0  7379648.0 3903241.6 15379136.0 4918558.5  49856.0 49764.4     91    8.452   0      0.000    8.452
152704.0 153280.0  0.0   256.0  7379648.0 3903260.5 15379136.0 4918558.5  49856.0 49764.4     91    8.452   0      0.000    8.452
152704.0 219008.0 152702.4  0.0   7251520.0 1788970.6 15379136.0 5022376.9  49856.0 49788.2     92    8.544   0      0.000    8.544
246208.0 183936.0  0.0   183879.4 7251520.0 1815218.9 15379136.0 5148910.9  49856.0 49790.6     93    8.676   0      0.000    8.676
246208.0 263936.0 173792.6  0.0   7161664.0 4538878.1 15379136.0 5288206.3  49856.0 49792.3     94    8.830   0      0.000    8.830
266816.0 145408.0  0.0   145378.3 7161664.0 7144593.6 15379136.0 5457887.0  49856.0 49851.3     96    8.995   0      0.000    8.995
242368.0 252544.0  0.0   111409.8 7170176.0 595235.4 15379136.0 5703657.7  50048.0 49907.8     97    9.316   0      0.000    9.316
242368.0 230656.0 82567.5  0.0   7216512.0 3610425.4 15379136.0 5812687.6  50048.0 49931.3     98    9.479   0      0.000    9.479
222464.0 225472.0 128.0   0.0   7238592.0 1191670.8 15379136.0 5956300.8  50048.0 49931.6    100    9.729   0      0.000    9.729
222912.0 225472.0  0.0   115578.7 7238592.0 1474975.0 15379136.0 5956316.8  50048.0 49937.7    101    9.883   0      0.000    9.883
222912.0 213824.0 99429.4  0.0   7252800.0 1523458.9 15379136.0 6070797.2  50048.0 49937.7    102   10.100   0      0.000   10.100
222912.0 213824.0 99429.4  0.0   7252800.0 6315297.0 15379136.0 6070797.2  50048.0 49939.1    102   10.100   0      0.000   10.100
240256.0 194048.0  0.0   194016.4 7252800.0 3722233.3 15379136.0 6169258.5  50048.0 49950.4    103   10.324   0      0.000   10.324
240256.0 278336.0 240105.5  0.0   7132864.0 4759379.3 15379136.0 6310091.6  50048.0 49953.2    104   10.602   0      0.000   10.602
281664.0 166912.0  0.0   166900.2 7132864.0 5845935.0 15379136.0 6536884.9  50048.0 49953.7    105   10.932   0      0.000   10.932
281664.0 272832.0 138908.4  0.0   7135040.0 6259579.1 15379136.0 6690577.1  50048.0 49953.7    106   11.157   0      0.000   11.157
266304.0 272832.0  0.0   69536.1 7135040.0 6287377.5 15379136.0 6826017.6  50048.0 49958.9    107   11.330   0      0.000   11.330
266304.0 255936.0 128274.3  0.0   7167296.0 5016348.5 15379136.0 6891961.7  50048.0 49959.0    108   11.511   0      0.000   11.511
249088.0 255936.0  0.0   75276.8 7167296.0 6413548.8 15379136.0 7002264.2  50048.0 49959.4    109   11.720   0      0.000   11.720
249088.0 237696.0 118665.7  0.0   7202752.0 5776957.9 15379136.0 7077012.9  50048.0 49960.3    110   11.903   0      0.000   11.903
230528.0 237696.0  0.0   127597.7 7202752.0 4564699.1 15379136.0 7189550.6  50048.0 49961.0    111   12.090   0      0.000   12.090
230528.0 219392.0 112015.5  0.0   7239616.0 3806728.1 15379136.0 7309106.7  50048.0 49968.6    112   12.299   0      0.000   12.299
230528.0 219392.0 112015.5  0.0   7239616.0 6302733.6 15379136.0 7309106.7  50048.0 49971.9    112   12.299   0      0.000   12.299
221376.0 219392.0  0.0   148072.6 7239616.0 2858117.2 15379136.0 7420654.2  50048.0 49972.1    113   12.476   0      0.000   12.476
221376.0 219392.0  0.0   148072.6 7239616.0 4771469.6 15379136.0 7420654.2  50048.0 49975.0    113   12.476   0      0.000   12.476
221376.0 219392.0  0.0   148072.6 7239616.0 5645576.9 15379136.0 7420654.2  50048.0 49975.4    113   12.476   0      0.000   12.476
221376.0 219392.0  0.0   148072.6 7239616.0 5645599.9 15379136.0 7420654.2  50048.0 49975.4    113   12.476   0      0.000   12.476
221376.0 219392.0  0.0   148072.6 7239616.0 5645622.9 15379136.0 7420654.2  50048.0 49975.5    113   12.476   0      0.000   12.476
221376.0 219392.0  0.0   148072.6 7239616.0 5645643.9 15379136.0 7420654.2  50048.0 49975.5    113   12.476   0      0.000   12.476
221376.0 219392.0  0.0   148072.6 7239616.0 5645694.2 15379136.0 7420654.2  50048.0 49975.7    113   12.476   0      0.000   12.476
221376.0 219392.0  0.0   148072.6 7239616.0 5645713.2 15379136.0 7420654.2  50048.0 49975.7    113   12.476   0      0.000   12.476
221376.0 214272.0 126556.9  0.0   7253888.0 5729944.1 15379136.0 7514659.9  50048.0 49984.8    114   12.669   0      0.000   12.669
208256.0 202624.0 95784.3  0.0   7278656.0 445887.2 15379136.0 7708786.1  50048.0 49984.8    116   13.015   0      0.000   13.015
194688.0 202624.0  0.0   109275.7 7278656.0 3883582.5 15379136.0 7800538.4  50048.0 49985.0    117   13.189   0      0.000   13.189
194688.0 197888.0 47744.0 51872.1 7293760.0 7293760.0 15379136.0 7930609.7  50048.0 49985.0    119   13.353   0      0.000   13.353
190464.0 189760.0 63360.0  0.0   7309312.0 3656493.5 15379136.0 8090097.8  50048.0 49985.4    120   13.728   0      0.000   13.728
181568.0 189760.0  0.0   104551.4 7309312.0 7012274.3 15379136.0 8153457.9  50048.0 49986.7    121   13.907   0      0.000   13.907
190848.0 256.0   0.0   256.0  7324224.0 3011158.6 15379136.0 8289351.8  50048.0 49986.7    123   14.081   0      0.000   14.081
182144.0 187136.0  0.0   98801.6 7311552.0 147938.8 15379136.0 8339401.5  50048.0 49986.7    125   14.213   0      0.000   14.213
182144.0 175424.0 69060.6  0.0   7331968.0 2586079.0 15379136.0 8433944.9  50048.0 49987.0    126   14.328   0      0.000   14.328
180608.0 175424.0  0.0   288.0  7331968.0 6349674.8 15379136.0 8502877.4  50048.0 49988.0    127   14.416   0      0.000   14.416
165952.0 174592.0  0.0   77235.0 7334336.0 2445592.8 15379136.0 8503131.1  50048.0 49993.9    129   14.531   0      0.000   14.531
165952.0 169216.0 288.0   0.0   7351104.0 5162970.8 15379136.0 8580118.1  50048.0 49994.3    130   14.600   0      0.000   14.600
164352.0 169216.0  0.0   81103.6 7351104.0 5906334.4 15379136.0 8580194.2  50048.0 49995.8    131   14.658   0      0.000   14.658
164352.0 155840.0 61284.8  0.0   7369344.0 4767418.0 15379136.0 8661104.4  50048.0 49995.9    132   14.733   0      0.000   14.733
170688.0 131392.0  0.0   131331.3 7369344.0 3365282.7 15379136.0 8747525.7  50048.0 49998.1    133   14.822   0      0.000   14.822
170688.0 188096.0 146784.1  0.0   7313344.0 6513200.8 15379136.0 8953549.8  50048.0 49998.1    134   14.940   0      0.000   14.940
191040.0 191552.0 320.0   0.0   7306432.0 2705973.5 15379136.0 9175655.8  50048.0 49998.1    136   15.092   0      0.000   15.092
190080.0 191552.0  0.0   352.0  7306432.0 5510494.9 15379136.0 9175727.8  50048.0 49998.1    137   15.146   0      0.000   15.146
190080.0 186944.0 320.0   0.0   7312512.0 6596958.2 15379136.0 9175783.8  50048.0 49998.1    138   15.200   0      0.000   15.200
182592.0 186944.0  0.0   352.0  7312512.0 2797378.2 15379136.0 9175855.8  50048.0 49998.1    139   15.254   0      0.000   15.254
182592.0 186944.0  0.0   352.0  7312512.0 2830656.4 15379136.0 9175855.8  50048.0 49998.1    139   15.254   0      0.000   15.254
182592.0 186944.0  0.0   352.0  7312512.0 2830683.7 15379136.0 9175855.8  50048.0 49998.1    139   15.254   0      0.000   15.254
182592.0 186944.0  0.0   352.0  7312512.0 2830708.9 15379136.0 9175855.8  50048.0 49998.5    139   15.254   0      0.000   15.254
182592.0 186944.0  0.0   352.0  7312512.0 2830754.2 15379136.0 9175855.8  50048.0 49998.5    139   15.254   0      0.000   15.254
182592.0 186944.0  0.0   352.0  7312512.0 2830775.5 15379136.0 9175855.8  50048.0 49998.5    139   15.254   0      0.000   15.254
182592.0 186944.0  0.0   352.0  7312512.0 2830796.3 15379136.0 9175855.8  50048.0 49998.5    139   15.254   0      0.000   15.254
182592.0 186944.0  0.0   352.0  7312512.0 2830819.3 15379136.0 9175855.8  50048.0 49998.5    139   15.254   0      0.000   15.254
182592.0 186944.0  0.0   352.0  7312512.0 2830842.2 15379136.0 9175855.8  50048.0 49998.5    139   15.254   0      0.000   15.254
182592.0 186944.0  0.0   352.0  7312512.0 2830887.7 15379136.0 9175855.8  50048.0 49998.7    139   15.254   0      0.000   15.254
182592.0 186944.0  0.0   352.0  7312512.0 2830908.7 15379136.0 9175855.8  50048.0 49998.7    139   15.254   0      0.000   15.254
182592.0 186944.0  0.0   352.0  7312512.0 2830931.8 15379136.0 9175855.8  50048.0 49998.7    139   15.254   0      0.000   15.254
182592.0 186944.0  0.0   352.0  7312512.0 2830953.1 15379136.0 9175855.8  50048.0 49998.7    139   15.254   0      0.000   15.254
182592.0 187392.0 97233.2  0.0   7314752.0 3852134.9 15379136.0 9175903.8  50048.0 50003.1    140   15.341   0      0.000   15.341
206208.0 168576.0  0.0   168556.9 7314752.0 7119597.5 15379136.0 9205339.8  50048.0 50003.5    141   15.482   0      0.000   15.482
220160.0 224064.0  0.0   101473.2 7241408.0 2808146.4 15379136.0 9441787.6  50048.0 50003.5    143   15.828   0      0.000   15.828
220160.0 210880.0 88064.1  0.0   7258496.0 6596329.1 15379136.0 9541244.8  50048.0 50003.6    144   16.057   0      0.000   16.057
200896.0 210880.0 25033.5 84800.1 7258496.0 7258496.0 15379136.0 9666564.9  50048.0 50003.6    146   16.261   0      0.000   16.261
180928.0 191104.0  0.0   65672.9 7297536.0 1119722.4 15379136.0 9770060.4  50048.0 50011.5    147   16.593   0      0.000   16.593
180928.0 173824.0 52288.2  0.0   7334784.0 3376420.0 15379136.0 9833525.3  50048.0 50011.6    148   16.740   0      0.000   16.740
193216.0 151552.0  0.0   151499.8 7334784.0 6014909.8 15379136.0 9888340.8  50048.0 50013.8    149   16.920   0      0.000   16.920
191680.0 201088.0  0.0   71296.1 7287360.0 836113.9 15379136.0 10147023.4 50048.0 50013.8    151   17.362   0      0.000   17.362
191680.0 201088.0  0.0   71296.1 7287360.0 5068295.2 15379136.0 10147023.4 50048.0 50013.9    151   17.362   0      0.000   17.362
191680.0 185984.0 53039.0  0.0   7311872.0 676510.4 15379136.0 10207999.6 50048.0 50013.9    152   17.503   0      0.000   17.503
193280.0 128512.0  0.0   128510.2 7311872.0 4731254.1 15379136.0 10259934.5 50048.0 50014.6    153   17.715   0      0.000   17.715
193280.0 184640.0 91049.5  0.0   7311616.0 4819460.7 15379136.0 10386463.2 50048.0 50015.7    154   17.992   0      0.000   17.992
193280.0 184640.0 91049.5 75379.4 7311616.0 7311616.0 15379136.0 10428278.2 50048.0 50015.7    155   17.992   0      0.000   17.992
188288.0 184640.0  0.0   122267.9 7311616.0 4635069.6 15379136.0 10480876.2 50048.0 50015.7    155   19.391   0      0.000   19.391
188288.0 184640.0 64746.2 122267.9 7311616.0 7311616.0 15379136.0 10510704.1 50048.0 50015.7    156   19.391   0      0.000   19.391
188288.0 184640.0 109716.4 122267.9 7311616.0 7311616.0 15379136.0 10574161.9 50048.0 50015.7    156   19.391   0      0.000   19.391
188288.0 184640.0 136564.5 122267.9 7311616.0 7311616.0 15379136.0 10580813.9 50048.0 50015.7    156   19.391   0      0.000   19.391
188288.0 184640.0 136564.5 122267.9 7311616.0 7311616.0 15379136.0 10582365.9 50048.0 50015.7    156   19.391   0      0.000   19.391
188288.0 184640.0 136564.5 122267.9 7311616.0 7311616.0 15379136.0 10582829.9 50048.0 50015.7    156   19.391   0      0.000   19.391
188288.0 184640.0 136564.5 122267.9 7311616.0 7311616.0 15379136.0 10596941.9 50048.0 50015.7    156   19.391   0      0.000   19.391
188288.0 195904.0 136596.5  0.0   7297728.0 4000695.8 15379136.0 10608509.9 50048.0 50015.9    156   31.743   0      0.000   31.743
190912.0 195904.0  0.0   108180.0 7297728.0 1386918.6 15379136.0 10741538.3 50048.0 50016.2    157   32.057   0      0.000   32.057
190912.0 195904.0  32.0  108180.0 7297728.0 7297728.0 15379136.0 10741554.3 50048.0 50016.7    158   32.057   0      0.000   32.057
190912.0 191872.0 123796.0  0.0   7305792.0 5171855.7 15379136.0 10846574.4 50048.0 50017.4    158   32.368   0      0.000   32.368
183872.0 191872.0  0.0   90212.0 7305792.0 806292.6 15379136.0 10964322.4 50048.0 50018.1    159   32.674   0      0.000   32.674
183872.0 191872.0  0.0   90212.0 7305792.0 3159806.3 15379136.0 10964322.4 50048.0 50018.1    159   32.674   0      0.000   32.674
183872.0 191872.0  0.0   90212.0 7305792.0 3886102.6 15379136.0 10964322.4 50048.0 50018.2    159   32.674   0      0.000   32.674
183872.0 191872.0  0.0   90212.0 7305792.0 3886125.6 15379136.0 10964322.4 50048.0 50018.2    159   32.674   0      0.000   32.674
183872.0 191872.0  0.0   90212.0 7305792.0 3886148.4 15379136.0 10964322.4 50048.0 50018.2    159   32.674   0      0.000   32.674
183872.0 191872.0  0.0   90212.0 7305792.0 3886169.2 15379136.0 10964322.4 50048.0 50018.2    159   32.674   0      0.000   32.674
183872.0 191872.0  0.0   90212.0 7305792.0 3886219.8 15379136.0 10964322.4 50048.0 50018.2    159   32.674   0      0.000   32.674
183872.0 191872.0  0.0   90212.0 7305792.0 3886240.7 15379136.0 10964322.4 50048.0 50018.2    159   32.674   0      0.000   32.674
183872.0 191872.0  0.0   90212.0 7305792.0 3886263.5 15379136.0 10964322.4 50048.0 50018.2    159   32.674   0      0.000   32.674
183872.0 191872.0  0.0   90212.0 7305792.0 3886284.5 15379136.0 10964322.4 50048.0 50018.2    159   32.674   0      0.000   32.674
183872.0 191872.0  0.0   90212.0 7305792.0 3886330.0 15379136.0 10964322.4 50048.0 50018.6    159   32.674   0      0.000   32.674
183872.0 191872.0  0.0   90212.0 7305792.0 3886350.8 15379136.0 10964322.4 50048.0 50018.6    159   32.674   0      0.000   32.674
183872.0 191872.0  0.0   90212.0 7305792.0 3892295.5 15379136.0 10964322.4 50048.0 50018.7    159   32.674   0      0.000   32.674
183872.0 191872.0  0.0   90212.0 7305792.0 7150607.8 15379136.0 10964322.4 50048.0 50022.4    159   32.674   0      0.000   32.674
173184.0 176000.0  0.0   110649.0 7329664.0 1529020.2 15379136.0 11136871.5 50048.0 50022.4    161   33.066   0      0.000   33.066
173184.0 168512.0 106039.2  0.0   7347840.0 4916670.2 15379136.0 11238264.6 50048.0 50023.3    162   33.304   0      0.000   33.304
163200.0 168512.0 26400.0 89569.9 7347840.0 7347840.0 15379136.0 11404471.5 50048.0 50023.3    164   33.617   0      0.000   33.617
161728.0 160448.0  0.0   116928.1 7365888.0 1556587.1 15379136.0 11528983.6 50048.0 50023.3    165   34.293   0      0.000   34.293
161728.0 161920.0 115737.8  0.0   7365696.0 223735.0 15379136.0 11596695.7 50048.0 50023.3    166   34.556   0      0.000   34.556
161728.0 161920.0 115737.8 70171.0 7365696.0 7365696.0 15379136.0 11681085.4 50048.0 50023.8    167   34.556   0      0.000   34.556
159296.0 161920.0  0.0   78883.9 7365696.0 6879686.0 15379136.0 11703885.4 50048.0 50026.6    167   34.891   0      0.000   34.891
159296.0 159232.0 114204.0 159200.8 7371008.0 7371008.0 15379136.0 11875438.8 50048.0 50027.8    169   35.074   0      0.000   35.074
159296.0 159232.0 40682.0 159200.8 7371008.0 7371008.0 15379136.0 12083049.4 50048.0 50028.2    170   35.400   0      0.000   35.400
217664.0 222912.0  0.0   74176.1 7243712.0 1954499.5 15379136.0 12142021.3 50048.0 50028.2    171   36.071   0      0.000   36.071
217664.0 218240.0 137849.8  0.0   7253056.0 4385335.4 15379136.0 12158725.3 50048.0 50031.6    172   36.186   0      0.000   36.186
218432.0 44416.0  0.0   44372.4 7253056.0 5063912.5 15379136.0 12272043.7 50048.0 50031.7    173   36.507   0      0.000   36.507
218432.0 211008.0 78385.0  32.0  7260096.0 7260096.0 15379136.0 12291194.6 50048.0 50032.4    175   36.645   0      0.000   36.645
216000.0 218944.0 340.1   0.0   7251648.0 574121.1 15379136.0 12347993.6 50240.0 50107.2    176   36.878   0      0.000   36.878
216000.0 218944.0 340.1   0.0   7251648.0 6313751.4 15379136.0 12347993.6 50240.0 50109.2    176   36.878   0      0.000   36.878
215680.0 218944.0  0.0   20593.9 7251648.0 813933.9 15379136.0 12348113.6 50240.0 50110.4    177   36.963   0      0.000   36.963
215680.0 218944.0  0.0   20593.9 7251648.0 814004.0 15379136.0 12348113.6 50240.0 50110.4    177   36.963   0      0.000   36.963
215680.0 218944.0  0.0   20593.9 7251648.0 814473.5 15379136.0 12348113.6 50240.0 50110.4    177   36.963   0      0.000   36.963
215680.0 218944.0  0.0   20593.9 7251648.0 814494.0 15379136.0 12348113.6 50240.0 50110.4    177   36.963   0      0.000   36.963
215680.0 218944.0  0.0   20593.9 7251648.0 3102529.1 15379136.0 12348113.6 50240.0 50110.4    177   36.963   0      0.000   36.963
215680.0 218944.0  0.0   20593.9 7251648.0 6917113.7 15379136.0 12348113.6 50240.0 50110.4    177   36.963   0      0.000   36.963
215680.0 209600.0 97233.8  0.0   7264256.0 3194897.9 15379136.0 12388677.5 50240.0 50111.2    178   37.059   0      0.000   37.059
215680.0 209600.0 97233.8  0.0   7264256.0 6998372.1 15379136.0 12388677.5 50240.0 50111.4    178   37.059   0      0.000   37.059
208960.0 209600.0  0.0   4320.0 7264256.0 1740416.6 15379136.0 12506117.3 50240.0 50111.4    179   37.200   0      0.000   37.200
208960.0 209600.0  0.0   4320.0 7264256.0 1740435.6 15379136.0 12506117.3 50240.0 50111.4    179   37.200   0      0.000   37.200
208960.0 209600.0  0.0   4320.0 7264256.0 1740454.3 15379136.0 12506117.3 50240.0 50112.2    179   37.200   0      0.000   37.200
208960.0 209600.0  0.0   4320.0 7264256.0 1740503.9 15379136.0 12506117.3 50240.0 50112.6    179   37.200   0      0.000   37.200
208960.0 209600.0  0.0   4320.0 7264256.0 1740520.5 15379136.0 12506117.3 50240.0 50114.0    179   37.200   0      0.000   37.200
208960.0 209600.0  0.0   4320.0 7264256.0 1740543.2 15379136.0 12506117.3 50240.0 50114.0    179   37.200   0      0.000   37.200
208960.0 209600.0  0.0   4320.0 7264256.0 1740560.0 15379136.0 12506117.3 50240.0 50114.0    179   37.200   0      0.000   37.200
208960.0 209600.0  0.0   4320.0 7264256.0 1740580.8 15379136.0 12506117.3 50240.0 50114.0    179   37.200   0      0.000   37.200
208960.0 209600.0  0.0   4320.0 7264256.0 1740627.2 15379136.0 12506117.3 50240.0 50114.0    179   37.200   0      0.000   37.200
208960.0 209600.0  0.0   4320.0 7264256.0 1740647.9 15379136.0 12506117.3 50240.0 50114.0    179   37.200   0      0.000   37.200
208960.0 209600.0  0.0   4320.0 7264256.0 1740666.6 15379136.0 12506117.3 50240.0 50114.0    179   37.200   0      0.000   37.200
208960.0 209600.0  0.0   4320.0 7264256.0 3375512.9 15379136.0 12506117.3 50240.0 50115.8    179   37.200   0      0.000   37.200
208960.0 223296.0 146810.4  0.0   7242944.0 2800374.1 15379136.0 12506141.3 50240.0 50116.5    180   37.320   0      0.000   37.320
238208.0 208384.0  0.0   208363.8 7242944.0 6086496.2 15379136.0 12542807.5 50240.0 50119.3    181   37.494   0      0.000   37.494
256704.0 160064.0  0.0   160042.6 7197888.0 1389145.2 15379136.0 12779941.1 50240.0 50119.3    183   37.894   0      0.000   37.894
256704.0 244160.0 105038.9  0.0   7188672.0 4694682.5 15379136.0 12935865.1 50240.0 50126.6    184   38.148   0      0.000   38.148
256704.0 244160.0 105038.9  0.0   7188672.0 6431808.7 15379136.0 12935865.1 50240.0 50127.9    184   38.148   0      0.000   38.148
256704.0 244160.0 105038.9  0.0   7188672.0 6765263.8 15379136.0 12935865.1 50240.0 50128.4    184   38.148   0      0.000   38.148
256704.0 244160.0 105038.9 6688.0 7188672.0 7188672.0 15379136.0 12936617.1 50240.0 50128.4    185   38.148   0      0.000   38.148
256704.0 244160.0 105038.9 9280.0 7188672.0 7188672.0 15379136.0 12946161.1 50240.0 50128.4    185   38.148   0      0.000   38.148
233472.0 244160.0  0.0   72146.4 7188672.0 1830376.0 15379136.0 13035280.0 50240.0 50129.5    185   43.861   0      0.000   43.861
233472.0 244160.0  0.0   72146.4 7188672.0 6072461.4 15379136.0 13035280.0 50240.0 50129.5    185   43.861   0      0.000   43.861
233472.0 259776.0 202740.7  0.0   7169984.0 2068407.9 15379136.0 13107352.1 50240.0 50130.3    186   44.110   0      0.000   44.110
233472.0 259776.0 202740.7 131631.8 7169984.0 7169984.0 15379136.0 13265681.6 50240.0 50130.8    187   44.110   0      0.000   44.110
270464.0 175488.0  0.0   175439.8 7169984.0 2516165.9 15379136.0 13275897.6 50240.0 50130.8    187   44.479   0      0.000   44.479
270464.0 175488.0  0.0   175439.8 7169984.0 4881240.1 15379136.0 13275897.6 50240.0 50130.8    187   44.479   0      0.000   44.479
270464.0 175488.0 73651.6 175439.8 7169984.0 7169984.0 15379136.0 13320942.9 50240.0 50131.6    188   44.479   0      0.000   44.479
270464.0 175488.0 139023.3 175439.8 7169984.0 7169984.0 15379136.0 13341230.9 50240.0 50131.6    188   44.479   0      0.000   44.479
270464.0 175488.0 149935.3 175439.8 7169984.0 7169984.0 15379136.0 13351942.9 50240.0 50131.6    188   44.479   0      0.000   44.479
270464.0 280128.0 180719.3  0.0   7129280.0 187151.6 15379136.0 13376775.0 50240.0 50131.6    188   50.672   0      0.000   50.672
270464.0 280128.0 180719.3  0.0   7129280.0 3753506.6 15379136.0 13376775.0 50240.0 50132.6    188   50.672   0      0.000   50.672
268864.0 280128.0  0.0   131987.7 7129280.0 750344.0 15379136.0 13544074.3 50240.0 50132.7    189   50.883   0      0.000   50.883
268864.0 280128.0  0.0   131987.7 7129280.0 3738630.4 15379136.0 13544074.3 50240.0 50132.7    189   50.883   0      0.000   50.883
268864.0 262208.0 71856.0  0.0   7158464.0 345549.6 15379136.0 13665991.0 50240.0 50133.0    190   51.077   0      0.000   51.077
268864.0 262208.0 71856.0  0.0   7158464.0 4116210.4 15379136.0 13665991.0 50240.0 50133.0    190   51.077   0      0.000   51.077
268864.0 262208.0 71856.0  32.0  7158464.0 7158464.0 15379136.0 13665999.0 50240.0 50133.0    191   51.077   0      0.000   51.077
256128.0 262208.0  0.0   64427.6 7158464.0 2681081.6 15379136.0 13731671.0 50240.0 50133.0    191   51.257   0      0.000   51.257
256128.0 262208.0  0.0   64427.6 7158464.0 3810180.5 15379136.0 13731671.0 50240.0 50133.0    191   51.257   0      0.000   51.257
256128.0 262208.0  0.0   64427.6 7158464.0 4840219.6 15379136.0 13731671.0 50240.0 50133.1    191   51.257   0      0.000   51.257
256128.0 262208.0  0.0   64427.6 7158464.0 5989106.6 15379136.0 13731671.0 50240.0 50133.1    191   51.257   0      0.000   51.257
256128.0 262208.0  0.0   64427.6 7158464.0 7098379.0 15379136.0 13731671.0 50240.0 50133.5    191   51.257   0      0.000   51.257
256128.0 250432.0 57854.6  0.0   7182976.0 52266.0  15379136.0 13796010.7 50240.0 50133.5    192   51.432   0      0.000   51.432
256128.0 250432.0 57854.6  0.0   7182976.0 737165.3 15379136.0 13796010.7 50240.0 50136.2    192   51.432   0      0.000   51.432
256128.0 250432.0 57854.6  0.0   7182976.0 2593676.6 15379136.0 13796010.7 50240.0 50136.7    192   51.432   0      0.000   51.432
256128.0 250432.0 57854.6  0.0   7182976.0 5288932.0 15379136.0 13796010.7 50240.0 50136.7    192   51.432   0      0.000   51.432
245952.0 250432.0  0.0   132190.4 7182976.0 1202319.5 15379136.0 13845601.3 50240.0 50136.7    193   51.620   0      0.000   51.620
245952.0 250432.0  0.0   132190.4 7182976.0 5466901.2 15379136.0 13845601.3 50240.0 50136.7    193   51.620   0      0.000   51.620
245952.0 250432.0 62592.1 132190.4 7182976.0 7182976.0 15379136.0 13944451.7 50240.0 50136.7    194   51.620   0      0.000   51.620
245952.0 239808.0 62592.1  0.0   7203776.0 3870865.0 15379136.0 13971699.7 50240.0 50139.4    194   52.906   0      0.000   52.906
245952.0 239808.0 62592.1 56640.0 7203776.0 7203776.0 15379136.0 13994187.7 50240.0 50139.4    195   52.906   0      0.000   52.906
234048.0 239808.0  0.0   56672.0 7203776.0 4800600.9 15379136.0 14011755.7 50240.0 50139.4    195   53.265   0      0.000   53.265
234048.0 231232.0 35296.0  0.0   7224256.0 2388183.8 15379136.0 14068355.7 50240.0 50139.6    196   53.428   0      0.000   53.428
234048.0 231232.0 35296.0  0.0   7224256.0 6685703.7 15379136.0 14068355.7 50240.0 50139.6    196   53.428   0      0.000   53.428
228480.0 231232.0  0.0   26560.0 7224256.0 3153611.1 15379136.0 14103611.8 50240.0 50139.7    197   53.560   0      0.000   53.560
228480.0 254720.0 195192.0  0.0   7180096.0 343006.8 15379136.0 14130107.8 50240.0 50139.8    198   53.744   0      0.000   53.744
228480.0 254720.0 195192.0  0.0   7180096.0 4475712.3 15379136.0 14130107.8 50240.0 50140.1    198   53.744   0      0.000   53.744
240768.0 254720.0  0.0   85755.7 7180096.0 321254.4 15379136.0 14221108.5 50240.0 50140.2    199   53.923   0      0.000   53.923
240768.0 254720.0  0.0   85755.7 7180096.0 6148658.3 15379136.0 14221108.5 50240.0 50140.4    199   53.923   0      0.000   53.923
240768.0 233536.0 52585.0  0.0   7215232.0 4403564.2 15379136.0 14306776.3 50240.0 50140.6    200   54.083   0      0.000   54.083
240768.0 233536.0 52585.0 20366.9 7215232.0 7215232.0 15379136.0 14315766.0 50240.0 50140.6    201   54.083   0      0.000   54.083
231296.0 233536.0  0.0   20398.9 7215232.0 5235704.8 15379136.0 14318310.0 50240.0 50140.6    201   55.800   0      0.000   55.800
231296.0 229440.0 8480.0  0.0   7228800.0 4208127.6 15379136.0 14343075.7 50240.0 50140.6    202   55.949   0      0.000   55.949
219968.0 229440.0  0.0   92242.0 7228800.0 1889274.1 15379136.0 14351379.7 50240.0 50140.6    203   56.083   0      0.000   56.083
219968.0 229440.0  96.0  92242.0 7228800.0 7228800.0 15379136.0 14362634.7 50240.0 50140.6    204   56.083   0      0.000   56.083
219968.0 217280.0 10464.0  0.0   7252288.0 2366681.7 15379136.0 14366018.7 50240.0 50140.6    204   57.042   0      0.000   57.042
219968.0 217280.0 10464.0  0.0   7252288.0 4622711.3 15379136.0 14366018.7 50240.0 50140.6    204   57.042   0      0.000   57.042
219968.0 217280.0 10464.0  0.0   7252288.0 6657147.4 15379136.0 14366018.7 50240.0 50140.6    204   57.042   0      0.000   57.042
205440.0 217280.0  0.0   55342.9 7252288.0 856209.0 15379136.0 14372210.7 50240.0 50140.6    205   57.209   0      0.000   57.209
205440.0 217280.0  0.0   55342.9 7252288.0 3737039.6 15379136.0 14372210.7 50240.0 50140.6    205   57.209   0      0.000   57.209
205440.0 217280.0  0.0   55342.9 7252288.0 6932002.5 15379136.0 14372210.7 50240.0 50140.6    205   57.209   0      0.000   57.209
205440.0 195648.0 47454.1  0.0   7288448.0 2465803.7 15379136.0 14426449.6 50240.0 50140.6    206   57.463   0      0.000   57.463
205440.0 195648.0 47454.1  0.0   7288448.0 3595646.2 15379136.0 14426449.6 50240.0 50140.6    206   57.463   0      0.000   57.463
205440.0 195648.0 47454.1  0.0   7288448.0 3595690.8 15379136.0 14426449.6 50240.0 50140.6    206   57.463   0      0.000   57.463
205440.0 195648.0 47454.1  0.0   7288448.0 3595710.2 15379136.0 14426449.6 50240.0 50140.6    206   57.463   0      0.000   57.463
205440.0 195648.0 47454.1  0.0   7288448.0 3595729.4 15379136.0 14426449.6 50240.0 50140.8    206   57.463   0      0.000   57.463
198208.0 195648.0  0.0   109028.1 7288448.0 1922939.3 15379136.0 14479374.5 50240.0 50140.8    207   57.686   0      0.000   57.686
198208.0 193408.0 92859.7  0.0   7297920.0 2935490.9 15379136.0 14502935.9 50240.0 50141.1    208   57.847   0      0.000   57.847
198208.0 193408.0 92859.7  0.0   7297920.0 7297920.0 15379136.0 14502943.9 50240.0 50141.2    209   57.847   0      0.000   57.847
208384.0 209472.0 128.0   0.0   7270592.0 2496270.3 15379136.0 14742400.7 50240.0 50141.7    210   59.298   0      0.000   59.298
208384.0 209472.0 128.0  123706.0 7270592.0 7270592.0 15379136.0 14742424.7 50240.0 50141.7    211   59.298   0      0.000   59.298
216448.0 209664.0 97600.1  0.0   7263424.0 1430879.8 15379136.0 14870066.8 50240.0 50141.7    212   59.791   0      0.000   59.791
216448.0 209664.0 97600.1  0.0   7263424.0 4757010.2 15379136.0 14870066.8 50240.0 50142.1    212   59.791   0      0.000   59.791
216448.0 209664.0 97600.1  0.0   7263424.0 6596921.1 15379136.0 14870066.8 50240.0 50142.1    212   59.791   0      0.000   59.791
224320.0 154944.0  0.0   154939.3 7263424.0 2119949.6 15379136.0 14951066.8 50240.0 50142.1    213   60.298   0      0.000   60.298
224320.0 154944.0  0.0   154939.3 7263424.0 5241752.0 15379136.0 14951066.8 50240.0 50142.1    213   60.298   0      0.000   60.298
224320.0 225216.0 127156.8  0.0   7239104.0 969806.9 15379136.0 15103665.2 50240.0 50142.1    214   60.610   0      0.000   60.610
224320.0 225216.0 127156.8  0.0   7239104.0 3224291.3 15379136.0 15103665.2 50240.0 50142.1    214   60.610   0      0.000   60.610
224320.0 225216.0 127156.8  0.0   7239104.0 6145853.6 15379136.0 15103665.2 50240.0 50142.4    214   60.610   0      0.000   60.610
231680.0 145472.0  0.0   145440.9 7239104.0   0.0    15379136.0 15225622.0 50240.0 50142.4    215   60.864   1      0.000   60.864
231680.0 145472.0  0.0   145440.9 7239104.0   0.0    15379136.0 15225622.0 50240.0 50142.4    215   60.864   1      0.000   60.864
231680.0 145472.0  0.0   145440.9 7239104.0   0.0    15379136.0 15225622.0 50240.0 50142.4    215   60.864   1      0.000   60.864
231680.0 145472.0  0.0   145440.9 7239104.0   0.0    15379136.0 15225622.0 50240.0 50142.4    215   60.864   1      0.000   60.864
231680.0 145472.0  0.0   145440.9 7239104.0   0.0    15379136.0 15225622.0 50240.0 50142.4    215   60.864   1      0.000   60.864
231680.0 145472.0  0.0    0.0   7239104.0 1028131.2 15379136.0 3225836.8  100544.0 50142.4    215   60.864   1     10.367   71.231
231680.0 145472.0  0.0    0.0   7239104.0 2804583.3 15379136.0 3225836.8  100544.0 50143.8    215   60.864   1     10.367   71.231
231680.0 145472.0  0.0    0.0   7239104.0 2909006.5 15379136.0 3225836.8  100544.0 50143.8    215   60.864   1     10.367   71.231
231680.0 145472.0  0.0    0.0   7239104.0 5965374.8 15379136.0 3225836.8  100544.0 50143.8    215   60.864   1     10.367   71.231
231680.0 220096.0 86470.0  0.0   7237760.0 1764463.9 15379136.0 3225836.8  100544.0 50143.8    216   61.037   1     10.367   71.404
231680.0 220096.0 86470.0  0.0   7237760.0 4288468.8 15379136.0 3225836.8  100544.0 50143.8    216   61.037   1     10.367   71.404
231680.0 220096.0 86470.0  0.0   7237760.0 6834946.5 15379136.0 3225836.8  100544.0 50143.8    216   61.037   1     10.367   71.404
210560.0 220096.0  0.0   103919.2 7237760.0 2384808.7 15379136.0 3301474.7  100544.0 50144.0    217   61.226   1     10.367   71.593
210560.0 220096.0  0.0   103919.2 7237760.0 4814885.8 15379136.0 3301474.7  100544.0 50144.0    217   61.226   1     10.367   71.593
210560.0 203008.0 107096.5  0.0   7275968.0 243167.4 15379136.0 3404305.9  100544.0 50144.0    218   61.372   1     10.367   71.739
210560.0 203008.0 107096.5  0.0   7275968.0 2550352.2 15379136.0 3404305.9  100544.0 50144.2    218   61.372   1     10.367   71.739
210560.0 203008.0 107096.5  0.0   7275968.0 4144192.2 15379136.0 3404305.9  100544.0 50144.2    218   61.372   1     10.367   71.739
210560.0 203008.0 107096.5  0.0   7275968.0 6566136.7 15379136.0 3404305.9  100544.0 50144.2    218   61.372   1     10.367   71.739
198720.0 203008.0  0.0   114870.5 7275968.0 1314482.8 15379136.0 3509005.1  100544.0 50144.2    219   61.537   1     10.367   71.904
198720.0 203008.0  0.0   114870.5 7275968.0 4570357.4 15379136.0 3509005.1  100544.0 50144.2    219   61.537   1     10.367   71.904
198720.0 190976.0 87003.9  0.0   7299840.0 170897.2 15379136.0 3618203.6  100544.0 50144.2    220   61.679   1     10.367   72.046
198720.0 190976.0 87003.9  0.0   7299840.0 2202745.9 15379136.0 3618203.6  100544.0 50144.2    220   61.679   1     10.367   72.046
198720.0 190976.0 87003.9  0.0   7299840.0 4101918.0 15379136.0 3618203.6  100544.0 50145.8    220   61.679   1     10.367   72.046
198720.0 190976.0 87003.9  0.0   7299840.0 6366509.9 15379136.0 3618203.6  100544.0 50146.1    220   61.679   1     10.367   72.046
182080.0 190976.0  0.0   96275.7 7299840.0 526639.8 15379136.0 3699039.5  100544.0 50146.1    221   61.849   1     10.367   72.216
182080.0 190976.0  0.0   96275.7 7299840.0 1537456.4 15379136.0 3699039.5  100544.0 50146.5    221   61.849   1     10.367   72.216
182080.0 190976.0  0.0   96275.7 7299840.0 1721264.0 15379136.0 3699039.5  100544.0 50146.6    221   61.849   1     10.367   72.216
182080.0 190976.0  0.0   96275.7 7299840.0 3296659.7 15379136.0 3699039.5  100544.0 50146.6    221   61.849   1     10.367   72.216
182080.0 190976.0  0.0   96275.7 7299840.0 5419405.8 15379136.0 3699039.5  100544.0 50146.6    221   61.849   1     10.367   72.216
182080.0 180352.0 116199.3  0.0   7327104.0 683011.6 15379136.0 3785483.9  100544.0 50146.6    222   62.039   1     10.367   72.406
182080.0 180352.0 116199.3  0.0   7327104.0 3311059.9 15379136.0 3785483.9  100544.0 50146.6    222   62.039   1     10.367   72.406
182080.0 180352.0 116199.3  0.0   7327104.0 6482334.5 15379136.0 3785483.9  100544.0 50147.3    222   62.039   1     10.367   72.406
184768.0 27008.0  0.0   26944.1 7327104.0 948728.9 15379136.0 3899487.4  100544.0 50147.3    223   62.229   1     10.367   72.596
184768.0 27008.0  0.0   26944.1 7327104.0 3428327.3 15379136.0 3899487.4  100544.0 50147.3    223   62.229   1     10.367   72.596
184768.0 27008.0  0.0   26944.1 7327104.0 5585760.7 15379136.0 3899487.4  100544.0 50147.3    223   62.229   1     10.367   72.596
184768.0 187648.0 125316.7  0.0   7314240.0 911018.6 15379136.0 3921199.4  100544.0 50147.3    224   62.328   1     10.367   72.695
184768.0 187648.0 125316.7  0.0   7314240.0 3532311.2 15379136.0 3921199.4  100544.0 50147.3    224   62.328   1     10.367   72.695
184768.0 187648.0 125316.7  0.0   7314240.0 6113029.5 15379136.0 3921199.4  100544.0 50147.3    224   62.328   1     10.367   72.695
181312.0 187648.0  0.0   103728.5 7314240.0 2243336.6 15379136.0 3957223.4  100544.0 50148.1    225   62.423   1     10.367   72.790
181312.0 187648.0  0.0   103728.5 7314240.0 5420599.2 15379136.0 3957223.4  100544.0 50148.4    225   62.423   1     10.367   72.790
181312.0 184448.0 28800.0  0.0   7320640.0 479254.1 15379136.0 3991671.5  100544.0 50148.6    226   62.573   1     10.367   72.940
181312.0 184448.0 28800.0  0.0   7320640.0 3442020.0 15379136.0 3991671.5  100544.0 50148.6    226   62.573   1     10.367   72.940
181312.0 184448.0 28800.0  0.0   7320640.0 6501418.8 15379136.0 3991671.5  100544.0 50148.6    226   62.573   1     10.367   72.940
177088.0 184448.0  0.0   77378.0 7320640.0 1708000.5 15379136.0 4020383.6  100544.0 50148.6    227   62.668   1     10.367   73.035
177088.0 184448.0  0.0   77378.0 7320640.0 4200672.4 15379136.0 4020383.6  100544.0 50148.6    227   62.668   1     10.367   73.035
177088.0 184448.0  0.0   77378.0 7320640.0 6949755.6 15379136.0 4020383.6  100544.0 50148.6    227   62.668   1     10.367   73.035
177088.0 172352.0 64775.4  0.0   7340096.0 2423437.3 15379136.0 4075648.6  100544.0 50148.8    228   62.780   1     10.367   73.147
177088.0 172352.0 64775.4  0.0   7340096.0 5274776.5 15379136.0 4075648.6  100544.0 50148.8    228   62.780   1     10.367   73.147
176000.0 172352.0  0.0   14112.0 7340096.0 512429.0 15379136.0 4140280.0  100544.0 50148.8    229   62.928   1     10.367   73.295
176000.0 172352.0  0.0   14112.0 7340096.0 3179415.7 15379136.0 4140280.0  100544.0 50148.8    229   62.928   1     10.367   73.295
176000.0 172352.0  0.0   14112.0 7340096.0 6189266.0 15379136.0 4140280.0  100544.0 50148.8    229   62.928   1     10.367   73.295
176000.0 173632.0 35825.7  0.0   7339904.0 2799129.3 15379136.0 4154248.0  100544.0 50149.6    230   63.084   1     10.367   73.450
176000.0 173632.0 35825.7  0.0   7339904.0 6265194.8 15379136.0 4154248.0  100544.0 50150.9    230   63.084   1     10.367   73.450
172864.0 173632.0  0.0   21168.0 7339904.0 1949839.0 15379136.0 4190009.7  100544.0 50151.2    231   63.150   1     10.367   73.517
172864.0 173632.0  0.0   21168.0 7339904.0 4666610.1 15379136.0 4190009.7  100544.0 50151.2    231   63.150   1     10.367   73.517
172864.0 171200.0 18301.7  0.0   7345472.0 697092.3 15379136.0 4216553.6  100544.0 50151.2    232   63.210   1     10.367   73.577
172864.0 171200.0 18301.7  0.0   7345472.0 5346634.8 15379136.0 4216553.6  100544.0 50151.2    232   63.210   1     10.367   73.577
171392.0 171200.0  0.0   192.0  7345472.0 664708.6 15379136.0 4234647.3  100544.0 50151.2    233   63.252   1     10.367   73.619
171392.0 171200.0  0.0   192.0  7345472.0 2192258.6 15379136.0 4234647.3  100544.0 50151.2    233   63.252   1     10.367   73.619
171392.0 171200.0  0.0   192.0  7345472.0 3679119.6 15379136.0 4234647.3  100544.0 50151.2    233   63.252   1     10.367   73.619
171392.0 171200.0  0.0   192.0  7345472.0 5152955.9 15379136.0 4234647.3  100544.0 50529.3    233   63.252   1     10.367   73.619
171392.0 165696.0 24511.0  0.0   7352448.0 2729017.4 15379136.0 4234703.3  100544.0 50529.3    234   63.276   1     10.367   73.643
156800.0 165696.0  0.0   41535.2 7352448.0 1356917.4 15379136.0 4258833.8  100544.0 50529.3    235   63.304   1     10.367   73.671
156800.0 148416.0 41663.2  0.0   7384320.0 1207862.9 15379136.0 4258833.8  100544.0 50529.3    236   63.330   1     10.367   73.697
149824.0 148416.0  0.0   81820.1 7384320.0 152377.6 15379136.0 4258833.8  100544.0 50532.4    237   63.364   1     10.367   73.731
149824.0 148416.0  0.0   81820.1 7384320.0 4223865.5 15379136.0 4258833.8  100544.0 50591.5    237   63.364   1     10.367   73.731
149824.0 148416.0  0.0   81820.1 7384320.0 7328672.9 15379136.0 4258833.8  100544.0 50690.7    237   63.364   1     10.367   73.731
149824.0 172928.0 143071.2  0.0   7343680.0 2847247.1 15379136.0 4299401.4  100544.0 50698.7    238   63.417   1     10.367   73.783
149824.0 172928.0 143071.2  0.0   7343680.0 6303565.9 15379136.0 4299401.4  100544.0 50699.1    238   63.417   1     10.367   73.783
169024.0 172928.0  0.0   22668.0 7343680.0 2383233.9 15379136.0 4299401.4  100544.0 50699.2    239   63.444   1     10.367   73.811
169024.0 172928.0  0.0   22668.0 7343680.0 6020300.1 15379136.0 4299401.4  100544.0 50699.4    239   63.444   1     10.367   73.811
169024.0 160832.0 43465.0  0.0   7359680.0 1056229.3 15379136.0 4299401.4  100544.0 50699.4    240   63.478   1     10.367   73.845
169024.0 160832.0 43465.0  0.0   7359680.0 3163318.8 15379136.0 4299401.4  100544.0 50699.4    240   63.478   1     10.367   73.845
169024.0 160832.0 43465.0  0.0   7359680.0 4475774.2 15379136.0 4299401.4  100544.0 50699.6    240   63.478   1     10.367   73.845
169024.0 160832.0 43465.0  0.0   7359680.0 6921280.5 15379136.0 4299401.4  100544.0 50700.7    240   63.478   1     10.367   73.845
153088.0 160832.0  0.0   43369.0 7359680.0 2259951.5 15379136.0 4299401.4  100544.0 50700.7    241   63.509   1     10.367   73.876
153088.0 160832.0  0.0   43369.0 7359680.0 4956585.4 15379136.0 4299401.4  100544.0 50700.8    241   63.509   1     10.367   73.876
153088.0 160832.0  0.0   43369.0 7359680.0 7300770.9 15379136.0 4299401.4  100544.0 50700.8    241   63.509   1     10.367   73.876
153088.0 145664.0 43401.0  0.0   7390784.0 3002763.8 15379136.0 4299401.4  100544.0 50700.8    242   63.540   1     10.367   73.907
153088.0 145664.0 43401.0  0.0   7390784.0 5628830.7 15379136.0 4299401.4  100544.0 50700.8    242   63.540   1     10.367   73.907
138688.0 145664.0  0.0   43337.0 7390784.0 1438990.6 15379136.0 4299401.4  100544.0 50701.0    243   63.566   1     10.367   73.933
138688.0 145664.0  0.0   43337.0 7390784.0 4274060.9 15379136.0 4299401.4  100544.0 50701.0    243   63.566   1     10.367   73.933
138688.0 145664.0  0.0   43337.0 7390784.0 7036339.6 15379136.0 4299401.4  100544.0 50701.2    243   63.566   1     10.367   73.933
138688.0 132032.0 43369.0  0.0   7418816.0 2388475.5 15379136.0 4299401.4  100544.0 50706.0    244   63.591   1     10.367   73.958
138688.0 132032.0 43369.0  0.0   7418816.0 3878053.4 15379136.0 4299401.4  100544.0 50708.8    244   63.591   1     10.367   73.958
138688.0 132032.0 43369.0  0.0   7418816.0 5286778.5 15379136.0 4299401.4  100544.0 50708.8    244   63.591   1     10.367   73.958
138688.0 132032.0 43369.0  0.0   7418816.0 6478962.8 15379136.0 4299401.4  100544.0 50708.8    244   63.591   1     10.367   73.958
129472.0 132032.0  0.0   21677.3 7418816.0 301314.5 15379136.0 4299401.4  100544.0 50708.8    245   63.620   1     10.367   73.987
129472.0 132032.0  0.0   21677.3 7418816.0 712366.2 15379136.0 4299401.4  100544.0 50710.3    245   63.620   1     10.367   73.987
129472.0 132032.0  0.0   21677.3 7418816.0 712386.6 15379136.0 4299401.4  100544.0 50710.3    245   63.620   1     10.367   73.987
129472.0 132032.0  0.0   21677.3 7418816.0 872385.5 15379136.0 4299401.4  100544.0 50844.0    245   63.620   1     10.367   73.987
129472.0 132032.0  0.0   21677.3 7418816.0 1111152.3 15379136.0 4299401.4  100544.0 51102.6    245   63.620   1     10.367   73.987
129472.0 132032.0  0.0   21677.3 7418816.0 1537756.5 15379136.0 4299401.4  100544.0 51132.9    245   63.620   1     10.367   73.987
129472.0 132032.0  0.0   21677.3 7418816.0 2523594.9 15379136.0 4299401.4  100544.0 51134.0    245   63.620   1     10.367   73.987
129472.0 132032.0  0.0   21677.3 7418816.0 3985906.1 15379136.0 4299401.4  100544.0 51134.0    245   63.620   1     10.367   73.987
129472.0 132032.0  0.0   21677.3 7418816.0 5500431.6 15379136.0 4299401.4  100544.0 51134.0    245   63.620   1     10.367   73.987
129472.0 132032.0  0.0   21677.3 7418816.0 6862860.9 15379136.0 4299401.4  100544.0 51134.0    245   63.620   1     10.367   73.987
129472.0 145728.0 115259.2  0.0   7398080.0 1625282.7 15379136.0 4299401.4  100544.0 51134.0    246   63.657   1     10.367   74.024
129472.0 145728.0 115259.2  0.0   7398080.0 4278554.0 15379136.0 4299401.4  100544.0 51134.0    246   63.657   1     10.367   74.024
129472.0 145728.0 115259.2  0.0   7398080.0 6992591.9 15379136.0 4299401.4  100544.0 51134.0    246   63.657   1     10.367   74.024
155392.0 106688.0  0.0   106683.9 7398080.0 2606836.7 15379136.0 4299401.4  100544.0 51134.0    247   63.696   1     10.367   74.063
155392.0 106688.0  0.0   106683.9 7398080.0 5426846.8 15379136.0 4299401.4  100544.0 51134.0    247   63.696   1     10.367   74.063
155392.0 162752.0 106715.9  0.0   7364032.0 717267.6 15379136.0 4299401.4  100544.0 51134.0    248   63.733   1     10.367   74.100
155392.0 162752.0 106715.9  0.0   7364032.0 3539406.8 15379136.0 4299401.4  100544.0 51134.4    248   63.733   1     10.367   74.100
155392.0 162752.0 106715.9  0.0   7364032.0 6584696.2 15379136.0 4299401.4  100544.0 51134.4    248   63.733   1     10.367   74.100
168128.0 106624.0  0.0   106619.9 7364032.0 1964496.3 15379136.0 4299401.4  100544.0 51134.4    249   63.770   1     10.367   74.137
168128.0 106624.0  0.0   106619.9 7364032.0 4966025.2 15379136.0 4299401.4  100544.0 51134.4    249   63.770   1     10.367   74.137
168128.0 171840.0 106715.9  0.0   7345856.0 46804.7  15379136.0 4299425.4  100544.0 51134.4    250   63.808   1     10.367   74.175
168128.0 171840.0 106715.9  0.0   7345856.0 1963722.4 15379136.0 4299425.4  100544.0 51134.4    250   63.808   1     10.367   74.175
168128.0 171840.0 106715.9  0.0   7345856.0 4448001.3 15379136.0 4299425.4  100544.0 51134.4    250   63.808   1     10.367   74.175
168128.0 171840.0 106715.9  0.0   7345856.0 7076271.3 15379136.0 4299425.4  100544.0 51142.7    250   63.808   1     10.367   74.175
174080.0 106304.0  0.0   106246.7 7345856.0 2017741.8 15379136.0 4299449.4  100544.0 51142.7    251   63.851   1     10.367   74.218
174080.0 106304.0  0.0   106246.7 7345856.0 4558336.0 15379136.0 4299449.4  100544.0 51142.7    251   63.851   1     10.367   74.218
174080.0 175104.0 105926.7  0.0   7339328.0   0.0    15379136.0 4299505.4  100544.0 51142.7    252   63.886   1     10.367   74.253
174080.0 175104.0 105926.7  0.0   7339328.0 2798047.3 15379136.0 4299505.4  100544.0 51142.7    252   63.886   1     10.367   74.253
174080.0 175104.0 105926.7  0.0   7339328.0 5447827.3 15379136.0 4299505.4  100544.0 51142.7    252   63.886   1     10.367   74.253
171968.0 175104.0  0.0   42147.2 7339328.0 193527.1 15379136.0 4299781.6  100544.0 51142.7    253   63.913   1     10.367   74.279
171968.0 175104.0  0.0   42147.2 7339328.0 2072105.4 15379136.0 4299781.6  100544.0 51142.7    253   63.913   1     10.367   74.279
171968.0 175104.0  0.0   42147.2 7339328.0 2407215.8 15379136.0 4299781.6  100544.0 51142.7    253   63.913   1     10.367   74.279
171968.0 175104.0  0.0   42147.2 7339328.0 2407234.0 15379136.0 4299781.6  100544.0 51142.7    253   63.913   1     10.367   74.279
171968.0 175104.0  0.0   42147.2 7339328.0 3207503.5 15379136.0 4299781.6  100544.0 51151.6    253   63.913   1     10.367   74.279
171968.0 175104.0  0.0   42147.2 7339328.0 5821383.5 15379136.0 4299781.6  100544.0 51151.6    253   63.913   1     10.367   74.279
171968.0 166016.0 85812.8  0.0   7351552.0 1493235.9 15379136.0 4299859.3  100544.0 51151.6    254   63.946   1     10.367   74.313
171968.0 166016.0 85812.8  0.0   7351552.0 4131208.6 15379136.0 4299859.3  100544.0 51151.6    254   63.946   1     10.367   74.313
171968.0 166016.0 85812.8  0.0   7351552.0 7066712.7 15379136.0 4299859.3  100544.0 51151.6    254   63.946   1     10.367   74.313
175232.0 126016.0  0.0   125969.7 7351552.0 2352657.5 15379136.0 4299907.3  100544.0 51151.6    255   63.987   1     10.367   74.354
175232.0 126016.0  0.0   125969.7 7351552.0 5729543.2 15379136.0 4299907.3  100544.0 51151.6    255   63.987   1     10.367   74.354
175232.0 189888.0 146764.1  0.0   7309760.0 1713327.1 15379136.0 4299931.3  100544.0 51151.6    256   64.032   1     10.367   74.399
175232.0 189888.0 146764.1  0.0   7309760.0 4763729.2 15379136.0 4299931.3  100544.0 51151.6    256   64.032   1     10.367   74.399
175232.0 189888.0 146764.1  0.0   7309760.0 7277313.5 15379136.0 4299931.3  100544.0 51151.6    256   64.032   1     10.367   74.399
180160.0 189888.0  0.0   85780.8 7309760.0 2645365.1 15379136.0 4299979.3  100544.0 51151.6    257   64.066   1     10.367   74.433
180160.0 189888.0  0.0   85780.8 7309760.0 5497020.7 15379136.0 4299979.3  100544.0 51151.6    257   64.066   1     10.367   74.433
180160.0 171392.0 85716.8  0.0   7337984.0 862471.6 15379136.0 4300035.3  100544.0 51151.6    258   64.100   1     10.367   74.467
180160.0 171392.0 85716.8  0.0   7337984.0 3873847.8 15379136.0 4300035.3  100544.0 51152.6    258   64.100   1     10.367   74.467
180160.0 171392.0 85716.8  0.0   7337984.0 6680666.3 15379136.0 4300035.3  100544.0 51152.6    258   64.100   1     10.367   74.467
165312.0 171392.0  0.0   93972.9 7337984.0 2506004.3 15379136.0 4300083.3  100544.0 51152.6    259   64.134   1     10.367   74.501
165312.0 171392.0  0.0   93972.9 7337984.0 5143733.7 15379136.0 4300083.3  100544.0 51152.6    259   64.134   1     10.367   74.501
165312.0 171456.0 125945.3  0.0   7346624.0 896372.9 15379136.0 4300131.3  100544.0 51152.6    260   64.174   1     10.367   74.541
165312.0 171456.0 125945.3  0.0   7346624.0 2713156.5 15379136.0 4300131.3  100544.0 51152.6    260   64.174   1     10.367   74.541
165312.0 171456.0 125945.3  0.0   7346624.0 5807468.5 15379136.0 4300131.3  100544.0 51152.9    260   64.174   1     10.367   74.541
168576.0 171456.0  0.0   62649.2 7346624.0 907949.6 15379136.0 4300333.6  100544.0 51152.9    261   64.203   1     10.367   74.570
168576.0 171456.0  0.0   62649.2 7346624.0 2914238.2 15379136.0 4300333.6  100544.0 51152.9    261   64.203   1     10.367   74.570
168576.0 171456.0  0.0   62649.2 7346624.0 3985465.6 15379136.0 4300333.6  100544.0 51154.1    261   64.203   1     10.367   74.570
168576.0 171456.0  0.0   62649.2 7346624.0 4366467.2 15379136.0 4300333.6  100544.0 51155.4    261   64.203   1     10.367   74.570
168576.0 171456.0  0.0   62649.2 7346624.0 7125867.6 15379136.0 4300333.6  100544.0 51155.4    261   64.203   1     10.367   74.570
168576.0 161088.0 86596.0  0.0   7359872.0 2888225.4 15379136.0 4320365.9  100544.0 51155.4    262   64.242   1     10.367   74.609
168576.0 161088.0 86596.0  0.0   7359872.0 5684334.1 15379136.0 4320365.9  100544.0 51155.4    262   64.242   1     10.367   74.609
167872.0 161088.0  0.0   126720.9 7359872.0 742907.3 15379136.0 4320373.9  100544.0 51155.4    263   64.282   1     10.367   74.649
167872.0 161088.0  0.0   126720.9 7359872.0 3537050.7 15379136.0 4320373.9  100544.0 51155.4    263   64.282   1     10.367   74.649
167872.0 161088.0  0.0   126720.9 7359872.0 6909364.4 15379136.0 4320373.9  100544.0 51155.4    263   64.282   1     10.367   74.649
167872.0 187136.0 165199.9  0.0   7315264.0 2643068.6 15379136.0 4402973.7  100544.0 51155.4    264   64.343   1     10.367   74.710
167872.0 187136.0 165199.9  0.0   7315264.0 4959630.8 15379136.0 4402973.7  100544.0 51155.4    264   64.343   1     10.367   74.710
180736.0 187136.0  0.0   86532.0 7315264.0 225708.0 15379136.0 4402973.7  100544.0 51155.4    265   64.377   1     10.367   74.744
180736.0 187136.0  0.0   86532.0 7315264.0 2820779.9 15379136.0 4402973.7  100544.0 51155.4    265   64.377   1     10.367   74.744
180736.0 187136.0  0.0   86532.0 7315264.0 5033514.7 15379136.0 4402973.7  100544.0 51156.0    265   64.377   1     10.367   74.744
180736.0 174656.0 86361.2  0.0   7334144.0 61464.9  15379136.0 4403128.5  100544.0 51156.0    266   64.413   1     10.367   74.780
180736.0 174656.0 86361.2  0.0   7334144.0 2236724.4 15379136.0 4403128.5  100544.0 51156.0    266   64.413   1     10.367   74.780
180736.0 174656.0 86361.2  0.0   7334144.0 4626177.1 15379136.0 4403128.5  100544.0 51156.0    266   64.413   1     10.367   74.780
180736.0 174656.0 86361.2  0.0   7334144.0 7315842.3 15379136.0 4403128.5  100544.0 51156.0    266   64.413   1     10.367   74.780
168768.0 174656.0  0.0   86393.2 7334144.0 2633008.1 15379136.0 4403136.5  100544.0 51156.3    267   64.448   1     10.367   74.815
168768.0 174656.0  0.0   86393.2 7334144.0 5358524.8 15379136.0 4403136.5  100544.0 51157.5    267   64.448   1     10.367   74.815
168768.0 163392.0 85427.7  0.0   7357376.0 978749.1 15379136.0 4403222.0  100544.0 51157.5    268   64.482   1     10.367   74.849
168768.0 163392.0 85427.7  0.0   7357376.0 3745327.2 15379136.0 4403222.0  100544.0 51157.5    268   64.482   1     10.367   74.849
168768.0 163392.0 85427.7  0.0   7357376.0 5866068.3 15379136.0 4403222.0  100544.0 51157.7    268   64.482   1     10.367   74.849
161984.0 163392.0  0.0   63614.8 7357376.0 812184.9 15379136.0 4403296.1  100544.0 51157.7    269   64.512   1     10.367   74.879
161984.0 163392.0  0.0   63614.8 7357376.0 2971025.3 15379136.0 4403296.1  100544.0 51157.7    269   64.512   1     10.367   74.879
161984.0 163392.0  0.0   63614.8 7357376.0 4756440.1 15379136.0 4403296.1  100544.0 51157.7    269   64.512   1     10.367   74.879
161984.0 163392.0  0.0   63614.8 7357376.0 5874961.8 15379136.0 4403296.1  100544.0 51161.0    269   64.512   1     10.367   74.879
161984.0 163392.0  0.0   63614.8 7357376.0 6603427.2 15379136.0 4403296.1  100544.0 51161.4    269   64.512   1     10.367   74.879
161984.0 166400.0 24924.0  0.0   7356736.0 740968.2 15379136.0 4403304.1  100544.0 51161.4    270   64.543   1     10.367   74.910
161984.0 166400.0 24924.0  0.0   7356736.0 2836719.2 15379136.0 4403304.1  100544.0 51161.4    270   64.543   1     10.367   74.910
161984.0 166400.0 24924.0  0.0   7356736.0 4576366.2 15379136.0 4403304.1  100544.0 51161.4    270   64.543   1     10.367   74.910
161984.0 166400.0 24924.0  0.0   7356736.0 7015055.8 15379136.0 4403304.1  100544.0 51161.4    270   64.543   1     10.367   74.910
181120.0 147072.0  0.0   147060.3 7356736.0 2538295.3 15379136.0 4403320.1  100544.0 51161.8    271   64.589   1     10.367   74.956
181120.0 147072.0  0.0   147060.3 7356736.0 6145369.0 15379136.0 4403320.1  100544.0 51161.8    271   64.589   1     10.367   74.956
181120.0 200896.0 169094.5  0.0   7287744.0 2138280.7 15379136.0 4486315.6  100544.0 51161.8    272   64.739   1     10.367   75.106
181120.0 200896.0 169094.5  0.0   7287744.0 5699024.3 15379136.0 4486315.6  100544.0 51161.8    272   64.739   1     10.367   75.106
193536.0 200896.0  0.0   106839.4 7287744.0 2383234.1 15379136.0 4486331.6  100544.0 51161.8    273   64.777   1     10.367   75.144
193536.0 200896.0  0.0   106839.4 7287744.0 5024607.2 15379136.0 4486331.6  100544.0 51161.8    273   64.777   1     10.367   75.144
193536.0 186560.0 86075.9  0.0   7309440.0   0.0    15379136.0 4486347.6  100544.0 51161.8    274   64.813   1     10.367   75.180
193536.0 186560.0 86075.9  0.0   7309440.0 2778120.6 15379136.0 4486347.6  100544.0 51161.8    274   64.813   1     10.367   75.180
193536.0 186560.0 86075.9  0.0   7309440.0 5449712.8 15379136.0 4486347.6  100544.0 51161.8    274   64.813   1     10.367   75.180
179904.0 186560.0  0.0   86075.9 7309440.0 977077.1 15379136.0 4486363.6  100544.0 51161.8    275   64.849   1     10.367   75.216
179904.0 186560.0  0.0   86075.9 7309440.0 3060413.2 15379136.0 4486363.6  100544.0 51161.8    275   64.849   1     10.367   75.216
179904.0 186560.0  0.0   86075.9 7309440.0 5275755.8 15379136.0 4486363.6  100544.0 51161.8    275   64.849   1     10.367   75.216
179904.0 186560.0  0.0   86075.9 7309440.0 7276768.7 15379136.0 4486363.6  100544.0 51161.8    276   64.849   1     10.367   75.216
179904.0 173632.0 85819.8  0.0   7336000.0 2336341.4 15379136.0 4486387.6  100544.0 51161.8    276   64.888   1     10.367   75.255
179904.0 173632.0 85819.8  0.0   7336000.0 4769953.2 15379136.0 4486387.6  100544.0 51161.8    276   64.888   1     10.367   75.255
179904.0 173632.0 85819.8  0.0   7336000.0 6844756.8 15379136.0 4486387.6  100544.0 51161.8    276   64.888   1     10.367   75.255
167744.0 173632.0  0.0   85147.8 7336000.0 1893236.3 15379136.0 4486425.7  100544.0 51161.8    277   64.924   1     10.367   75.291
167744.0 173632.0  0.0   85147.8 7336000.0 3401048.2 15379136.0 4486425.7  100544.0 51161.8    277   64.924   1     10.367   75.291
167744.0 173632.0  0.0   85147.8 7336000.0 5234302.8 15379136.0 4486425.7  100544.0 51161.8    277   64.924   1     10.367   75.291
167744.0 173632.0  0.0   85147.8 7336000.0 6756626.1 15379136.0 4486425.7  100544.0 51161.8    277   64.924   1     10.367   75.291
167744.0 172928.0 22050.6  0.0   7343680.0 502297.0 15379136.0 4486433.7  100544.0 51161.8    278   64.950   1     10.367   75.317
167744.0 172928.0 22050.6  0.0   7343680.0 1670052.0 15379136.0 4486433.7  100544.0 51161.8    278   64.950   1     10.367   75.317
167744.0 172928.0 22050.6  0.0   7343680.0 2788727.9 15379136.0 4486433.7  100544.0 51161.8    278   64.950   1     10.367   75.317
167744.0 172928.0 22050.6  0.0   7343680.0 4060729.4 15379136.0 4486433.7  100544.0 51161.8    278   64.950   1     10.367   75.317
167744.0 172928.0 22050.6  0.0   7343680.0 4870460.0 15379136.0 4486433.7  100544.0 51161.8    278   64.950   1     10.367   75.317
167744.0 172928.0 22050.6  0.0   7343680.0 5197574.5 15379136.0 4486433.7  100544.0 51161.8    278   64.950   1     10.367   75.317
167744.0 172928.0 22050.6  0.0   7343680.0 5481156.4 15379136.0 4486433.7  100544.0 51164.4    278   64.950   1     10.367   75.317
167744.0 172928.0 22050.6  0.0   7343680.0 6376476.2 15379136.0 4486433.7  100544.0 51164.4    278   64.950   1     10.367   75.317
175232.0 24320.0  0.0   24287.3 7343680.0 1191942.5 15379136.0 4486457.7  100544.0 51164.4    279   64.976   1     10.367   75.343
175232.0 24320.0  0.0   24287.3 7343680.0 3274573.0 15379136.0 4486457.7  100544.0 51164.4    279   64.976   1     10.367   75.343
175232.0 24320.0  0.0   24287.3 7343680.0 5649764.0 15379136.0 4486457.7  100544.0 51164.4    279   64.976   1     10.367   75.343
175232.0 188992.0 144033.5  0.0   7311552.0 1038875.8 15379136.0 4486481.7  100544.0 51164.4    280   65.024   1     10.367   75.391
175232.0 188992.0 144033.5  0.0   7311552.0 4620316.5 15379136.0 4486481.7  100544.0 51164.4    280   65.024   1     10.367   75.391
175232.0 188992.0 144033.5  0.0   7311552.0 7260731.2 15379136.0 4486481.7  100544.0 51164.8    280   65.024   1     10.367   75.391
193600.0 127552.0  0.0   127521.4 7311552.0 2619054.5 15379136.0 4486497.7  100544.0 51164.9    281   65.074   1     10.367   75.441
193600.0 127552.0  0.0   127521.4 7311552.0 5184523.6 15379136.0 4486497.7  100544.0 51164.9    281   65.074   1     10.367   75.441
193600.0 204224.0 147973.9  0.0   7281088.0 652654.9 15379136.0 4486497.7  100544.0 51164.9    282   65.116   1     10.367   75.483
193600.0 204224.0 147973.9  0.0   7281088.0 3032661.8 15379136.0 4486497.7  100544.0 51164.9    282   65.116   1     10.367   75.483
193600.0 204224.0 147973.9  0.0   7281088.0 5498850.5 15379136.0 4486497.7  100544.0 51164.9    282   65.116   1     10.367   75.483
224320.0 180608.0  0.0   180563.4 7281088.0 1193532.5 15379136.0 4486505.7  100544.0 51164.9    283   65.305   1     10.367   75.672
224320.0 180608.0  0.0   180563.4 7281088.0 3503141.5 15379136.0 4486505.7  100544.0 51164.9    283   65.305   1     10.367   75.672
224320.0 180608.0  0.0   180563.4 7281088.0 5887416.4 15379136.0 4486505.7  100544.0 51164.9    283   65.305   1     10.367   75.672
224320.0 220544.0 127489.4  0.0   7244672.0 1259593.9 15379136.0 4486529.7  100544.0 51164.9    284   65.349   1     10.367   75.716
224320.0 220544.0 127489.4  0.0   7244672.0 3868155.7 15379136.0 4486529.7  100544.0 51164.9    284   65.349   1     10.367   75.716
224320.0 220544.0 127489.4  0.0   7244672.0 6629730.0 15379136.0 4486529.7  100544.0 51164.9    284   65.349   1     10.367   75.716
216576.0 220544.0  0.0   127457.4 7244672.0 1900021.2 15379136.0 4486553.7  100544.0 51164.9    285   65.388   1     10.367   75.755
216576.0 220544.0  0.0   127457.4 7244672.0 3906508.2 15379136.0 4486553.7  100544.0 51164.9    285   65.388   1     10.367   75.755
216576.0 220544.0  0.0   127457.4 7244672.0 5910489.9 15379136.0 4486553.7  100544.0 51164.9    285   65.388   1     10.367   75.755
216576.0 211968.0 126337.3  0.0   7260992.0 733959.5 15379136.0 4486577.7  100544.0 51164.9    286   65.438   1     10.367   75.805
216576.0 211968.0 126337.3  0.0   7260992.0 3282817.6 15379136.0 4486577.7  100544.0 51164.9    286   65.438   1     10.367   75.805
216576.0 211968.0 126337.3  0.0   7260992.0 5253023.6 15379136.0 4486577.7  100544.0 51164.9    286   65.438   1     10.367   75.805
216576.0 211968.0 126337.3 62760.7 7260992.0 7260992.0 15379136.0 4486585.7  100544.0 51164.9    287   65.438   1     10.367   75.805
210176.0 211968.0  0.0   62920.7 7260992.0 1188304.0 15379136.0 4486601.7  100544.0 51166.3    287   65.470   1     10.367   75.837
210176.0 211968.0  0.0   62920.7 7260992.0 2844967.9 15379136.0 4486601.7  100544.0 51166.3    287   65.470   1     10.367   75.837
210176.0 211968.0  0.0   62920.7 7260992.0 5312713.9 15379136.0 4486601.7  100544.0 51166.3    287   65.470   1     10.367   75.837
210176.0 215360.0 148515.2  0.0   7258816.0 664139.1 15379136.0 4486601.7  100544.0 51166.3    288   65.514   1     10.367   75.881
210176.0 215360.0 148515.2  0.0   7258816.0 3733681.1 15379136.0 4486601.7  100544.0 51166.3    288   65.514   1     10.367   75.881
210176.0 215360.0 148515.2  0.0   7258816.0 6239567.8 15379136.0 4486601.7  100544.0 51166.3    288   65.514   1     10.367   75.881
225664.0 205056.0  0.0   205050.3 7258816.0 2428361.4 15379136.0 4526774.5  100544.0 51166.3    289   65.818   1     10.367   76.185
225664.0 205056.0  0.0   205050.3 7258816.0 6552189.6 15379136.0 4526774.5  100544.0 51166.3    289   65.818   1     10.367   76.185
225664.0 261184.0 210318.1  0.0   7167168.0 2401079.9 15379136.0 4547673.4  100544.0 51166.3    290   65.907   1     10.367   76.273
225664.0 261184.0 210318.1  0.0   7167168.0 5107634.1 15379136.0 4547673.4  100544.0 51166.3    290   65.907   1     10.367   76.273
255040.0 261184.0  0.0   148387.2 7167168.0 670244.9 15379136.0 4547689.4  100544.0 51166.3    291   65.951   1     10.367   76.318
255040.0 261184.0  0.0   148387.2 7167168.0 2823789.0 15379136.0 4547689.4  100544.0 51166.3    291   65.951   1     10.367   76.318
255040.0 261184.0  0.0   148387.2 7167168.0 5419819.4 15379136.0 4547689.4  100544.0 51166.7    291   65.951   1     10.367   76.318
255040.0 243264.0 127616.7  0.0   7191232.0 880939.4 15379136.0 4568522.0  100544.0 51166.7    292   65.995   1     10.367   76.362
255040.0 243264.0 127616.7  0.0   7191232.0 3091048.4 15379136.0 4568522.0  100544.0 51166.7    292   65.995   1     10.367   76.362
255040.0 243264.0 127616.7  0.0   7191232.0 6103135.0 15379136.0 4568522.0  100544.0 51166.7    292   65.995   1     10.367   76.362
232640.0 243264.0  0.0   127072.7 7191232.0 1388098.0 15379136.0 4568538.0  100544.0 51166.7    293   66.032   1     10.367   76.399
232640.0 243264.0  0.0   127072.7 7191232.0 3565525.8 15379136.0 4568538.0  100544.0 51166.7    293   66.032   1     10.367   76.399
232640.0 243264.0  0.0   127072.7 7191232.0 5857407.5 15379136.0 4568538.0  100544.0 51166.7    293   66.032   1     10.367   76.399
232640.0 223104.0 126464.6  0.0   7233792.0 1163424.2 15379136.0 4568538.0  100544.0 51167.2    294   66.072   1     10.367   76.439
232640.0 223104.0 126464.6  0.0   7233792.0 3406661.9 15379136.0 4568538.0  100544.0 51167.2    294   66.072   1     10.367   76.439
232640.0 223104.0 126464.6  0.0   7233792.0 5934448.8 15379136.0 4568538.0  100544.0 51167.2    294   66.072   1     10.367   76.439
221568.0 223104.0  0.0   84193.3 7233792.0 995629.2 15379136.0 4568538.0  100544.0 51167.2    295   66.114   1     10.367   76.481
221568.0 223104.0  0.0   84193.3 7233792.0 2820062.7 15379136.0 4568538.0  100544.0 51167.2    295   66.114   1     10.367   76.481
221568.0 223104.0  0.0   84193.3 7233792.0 3672409.9 15379136.0 4568538.0  100544.0 51167.2    295   66.114   1     10.367   76.481
221568.0 223104.0  0.0   84193.3 7233792.0 4094145.1 15379136.0 4568538.0  100544.0 51167.2    295   66.114   1     10.367   76.481
221568.0 223104.0  0.0   84193.3 7233792.0 4421250.9 15379136.0 4568538.0  100544.0 51167.2    295   66.114   1     10.367   76.481
221568.0 223104.0  0.0   84193.3 7233792.0 4421296.2 15379136.0 4568538.0  100544.0 51167.2    295   66.114   1     10.367   76.481
221568.0 223104.0  0.0   84193.3 7233792.0 4421316.5 15379136.0 4568538.0  100544.0 51167.2    295   66.114   1     10.367   76.481
221568.0 223104.0  0.0   84193.3 7233792.0 4738056.0 15379136.0 4568538.0  100544.0 51167.8    295   66.114   1     10.367   76.481
221568.0 223104.0  0.0   84193.3 7233792.0 5943448.3 15379136.0 4568538.0  100544.0 51167.8    295   66.114   1     10.367   76.481
221568.0 222144.0 65694.6  0.0   7245248.0 437700.7 15379136.0 4568538.0  100544.0 51167.8    296   66.148   1     10.367   76.515
221568.0 222144.0 65694.6  0.0   7245248.0 2398690.0 15379136.0 4568538.0  100544.0 51167.8    296   66.148   1     10.367   76.515
221568.0 222144.0 65694.6  0.0   7245248.0 4892556.3 15379136.0 4568538.0  100544.0 51167.8    296   66.148   1     10.367   76.515
221056.0 222144.0  0.0   65630.6 7245248.0 75314.1  15379136.0 4568546.0  100544.0 51169.5    297   66.185   1     10.367   76.552
221056.0 222144.0  0.0   65630.6 7245248.0 2693711.3 15379136.0 4568546.0  100544.0 51169.5    297   66.185   1     10.367   76.552
221056.0 222144.0  0.0   65630.6 7245248.0 6091869.4 15379136.0 4568546.0  100544.0 51169.9    297   66.185   1     10.367   76.552
221056.0 222208.0 146236.5  0.0   7245120.0 1971448.3 15379136.0 4568570.0  100544.0 51169.9    298   66.229   1     10.367   76.596
221056.0 222208.0 146236.5  0.0   7245120.0 4967909.1 15379136.0 4568570.0  100544.0 51169.9    298   66.229   1     10.367   76.596
220544.0 222208.0  0.0   65630.6 7245120.0 225308.1 15379136.0 4568570.0  100544.0 51169.9    299   66.262   1     10.367   76.629
220544.0 222208.0  0.0   65630.6 7245120.0 2625463.3 15379136.0 4568570.0  100544.0 51169.9    299   66.262   1     10.367   76.629
220544.0 222208.0  0.0   65630.6 7245120.0 4877439.2 15379136.0 4568570.0  100544.0 51169.9    299   66.262   1     10.367   76.629
220544.0 217600.0 65598.6  0.0   7251392.0 195019.8 15379136.0 4568570.0  100544.0 51169.9    300   66.293   1     10.367   76.660
220544.0 217600.0 65598.6  0.0   7251392.0 2911309.6 15379136.0 4568570.0  100544.0 51169.9    300   66.293   1     10.367   76.660
220544.0 217600.0 65598.6  0.0   7251392.0 5185321.6 15379136.0 4568570.0  100544.0 51169.9    300   66.293   1     10.367   76.660
213696.0 217600.0  0.0   65630.6 7251392.0 770890.5 15379136.0 4568578.0  100544.0 51169.9    301   66.323   1     10.367   76.690
213696.0 217600.0  0.0   65630.6 7251392.0 3440248.6 15379136.0 4568578.0  100544.0 51169.9    301   66.323   1     10.367   76.690
213696.0 217600.0  0.0   65630.6 7251392.0 6121238.9 15379136.0 4568578.0  100544.0 51169.9    301   66.323   1     10.367   76.690
213696.0 209088.0 65694.6  0.0   7266752.0 1557781.7 15379136.0 4568594.0  100544.0 51169.9    302   66.407   1     10.367   76.774
213696.0 209088.0 65694.6  0.0   7266752.0 4066568.3 15379136.0 4568594.0  100544.0 51169.9    302   66.407   1     10.367   76.774
213696.0 209088.0 65694.6  0.0   7266752.0 6922508.7 15379136.0 4568594.0  100544.0 51170.3    302   66.407   1     10.367   76.774
203968.0 209088.0  0.0   64958.5 7266752.0 2184696.4 15379136.0 4568660.1  100544.0 51170.3    303   66.441   1     10.367   76.808
203968.0 209088.0  0.0   64958.5 7266752.0 4488892.3 15379136.0 4568660.1  100544.0 51170.3    303   66.441   1     10.367   76.808
203968.0 209088.0  0.0   64958.5 7266752.0 5738779.6 15379136.0 4568660.1  100544.0 51170.3    303   66.441   1     10.367   76.808
203968.0 209088.0  0.0   64958.5 7266752.0 6709169.0 15379136.0 4568660.1  100544.0 51172.0    303   66.441   1     10.367   76.808
203968.0 208832.0 4096.4  0.0   7271872.0 1175556.2 15379136.0 4568668.1  100544.0 51172.0    304   66.472   1     10.367   76.839
203968.0 208832.0 4096.4  0.0   7271872.0 3115272.8 15379136.0 4568668.1  100544.0 51172.0    304   66.472   1     10.367   76.839
203968.0 208832.0 4096.4  0.0   7271872.0 4829146.4 15379136.0 4568668.1  100544.0 51172.0    304   66.472   1     10.367   76.839
203840.0 208832.0  0.0   106390.7 7271872.0 233100.5 15379136.0 4568684.1  100544.0 51172.0    305   66.510   1     10.367   76.877
203840.0 208832.0  0.0   106390.7 7271872.0 3080137.6 15379136.0 4568684.1  100544.0 51172.0    305   66.510   1     10.367   76.877
203840.0 208832.0  0.0   106390.7 7271872.0 6554949.9 15379136.0 4568684.1  100544.0 51172.0    305   66.510   1     10.367   76.877
203840.0 232064.0 196212.4  0.0   7225408.0 2808837.9 15379136.0 4568700.1  100544.0 51172.0    306   66.561   1     10.367   76.928
203840.0 232064.0 196212.4  0.0   7225408.0 5425534.8 15379136.0 4568700.1  100544.0 51172.0    306   66.561   1     10.367   76.928
224512.0 232064.0  0.0   66169.8 7225408.0 789070.2 15379136.0 4568708.1  100544.0 51172.0    307   66.595   1     10.367   76.962
224512.0 232064.0  0.0   66169.8 7225408.0 3634431.2 15379136.0 4568708.1  100544.0 51172.0    307   66.595   1     10.367   76.962
224512.0 232064.0  0.0   66169.8 7225408.0 6191218.8 15379136.0 4568708.1  100544.0 51172.0    307   66.595   1     10.367   76.962
224512.0 216832.0 66137.8  0.0   7248192.0 1570281.3 15379136.0 4568724.1  100544.0 51172.0    308   66.635   1     10.367   77.002
224512.0 216832.0 66137.8  0.0   7248192.0 4334850.3 15379136.0 4568724.1  100544.0 51172.0    308   66.635   1     10.367   77.002
224512.0 216832.0 66137.8  0.0   7248192.0 6945535.1 15379136.0 4568724.1  100544.0 51172.5    308   66.635   1     10.367   77.002
209088.0 216832.0  0.0   65881.8 7248192.0 2216763.1 15379136.0 4568732.1  100544.0 51172.5    309   66.667   1     10.367   77.034
209088.0 216832.0  0.0   65881.8 7248192.0 4817614.9 15379136.0 4568732.1  100544.0 51172.5    309   66.667   1     10.367   77.034
209088.0 201536.0 65273.7  0.0   7278912.0 478620.9 15379136.0 4568748.1  100544.0 51173.4    310   66.700   1     10.367   77.067
209088.0 201536.0 65273.7  0.0   7278912.0 3513059.4 15379136.0 4568748.1  100544.0 51173.4    310   66.700   1     10.367   77.067
209088.0 201536.0 65273.7  0.0   7278912.0 6284246.2 15379136.0 4568748.1  100544.0 51173.4    310   66.700   1     10.367   77.067
194176.0 201536.0  0.0   64281.6 7278912.0 1793807.6 15379136.0 4568830.2  100544.0 51173.4    311   66.731   1     10.367   77.098
194176.0 201536.0  0.0   64281.6 7278912.0 4817179.0 15379136.0 4568830.2  100544.0 51173.7    311   66.731   1     10.367   77.098
194176.0 201536.0  0.0   64281.6 7278912.0 7170267.6 15379136.0 4568830.2  100544.0 51173.7    311   66.731   1     10.367   77.098
194176.0 194176.0 21698.5  0.0   7301184.0 1157287.8 15379136.0 4568846.2  100544.0 51173.7    312   66.760   1     10.367   77.127
194176.0 194176.0 21698.5  0.0   7301184.0 1541553.1 15379136.0 4568846.2  100544.0 51173.7    312   66.760   1     10.367   77.127
194176.0 194176.0 21698.5  0.0   7301184.0 1541571.4 15379136.0 4568846.2  100544.0 51175.2    312   66.760   1     10.367   77.127
194176.0 194176.0 21698.5  0.0   7301184.0 2331850.6 15379136.0 4568846.2  100544.0 51176.3    312   66.760   1     10.367   77.127
194176.0 194176.0 21698.5  0.0   7301184.0 4989442.3 15379136.0 4568846.2  100544.0 51176.3    312   66.760   1     10.367   77.127
184896.0 194176.0  0.0   66242.1 7301184.0 322046.0 15379136.0 4568870.2  100544.0 51176.3    313   66.792   1     10.367   77.159
184896.0 194176.0  0.0   66242.1 7301184.0 2740845.7 15379136.0 4568870.2  100544.0 51176.3    313   66.792   1     10.367   77.159
184896.0 194176.0  0.0   66242.1 7301184.0 5619338.7 15379136.0 4568870.2  100544.0 51176.3    313   66.792   1     10.367   77.159
184896.0 176192.0 66146.1  0.0   7328448.0 1331219.2 15379136.0 4568886.2  100544.0 51176.3    314   66.826   1     10.367   77.193
184896.0 176192.0 66146.1  0.0   7328448.0 4905498.1 15379136.0 4568886.2  100544.0 51176.3    314   66.826   1     10.367   77.193
180544.0 176192.0  0.0   115330.1 7328448.0 815963.7 15379136.0 4568902.2  100544.0 51176.3    315   66.876   1     10.367   77.243
180544.0 176192.0  0.0   115330.1 7328448.0 3657457.0 15379136.0 4568902.2  100544.0 51176.3    315   66.876   1     10.367   77.243
180544.0 176192.0  0.0   115330.1 7328448.0 6409710.7 15379136.0 4568902.2  100544.0 51176.3    315   66.876   1     10.367   77.243
180544.0 172992.0 66146.1  0.0   7336000.0 1093759.9 15379136.0 4568918.2  100544.0 51176.3    316   66.908   1     10.367   77.275
180544.0 172992.0 66146.1  0.0   7336000.0 3087287.0 15379136.0 4568918.2  100544.0 51176.3    316   66.908   1     10.367   77.275
180544.0 172992.0 66146.1  0.0   7336000.0 5345406.9 15379136.0 4568918.2  100544.0 51176.3    316   66.908   1     10.367   77.275
172608.0 172992.0  0.0   103380.7 7336000.0 753603.3 15379136.0 4568918.2  100544.0 51176.3    317   66.944   1     10.367   77.311
172608.0 172992.0  0.0   103380.7 7336000.0 3611501.9 15379136.0 4568918.2  100544.0 51176.3    317   66.944   1     10.367   77.311
172608.0 172992.0  0.0   103380.7 7336000.0 6128364.5 15379136.0 4568918.2  100544.0 51176.3    317   66.944   1     10.367   77.311
172608.0 166208.0 65538.0  0.0   7350720.0 1103530.0 15379136.0 4568926.2  100544.0 51176.3    318   66.975   1     10.367   77.342
172608.0 166208.0 65538.0  0.0   7350720.0 3529356.4 15379136.0 4568926.2  100544.0 51176.3    318   66.975   1     10.367   77.342
172608.0 166208.0 65538.0  0.0   7350720.0 6149169.4 15379136.0 4568926.2  100544.0 51176.3    318   66.975   1     10.367   77.342
160064.0 166208.0  0.0   65506.0 7350720.0 1415054.4 15379136.0 4568980.3  100544.0 51176.3    319   67.008   1     10.367   77.375
160064.0 166208.0  0.0   65506.0 7350720.0 3170837.8 15379136.0 4568980.3  100544.0 51176.3    319   67.008   1     10.367   77.375
160064.0 166208.0  0.0   65506.0 7350720.0 4964521.7 15379136.0 4568980.3  100544.0 51176.3    319   67.008   1     10.367   77.375
160064.0 166208.0  0.0   65506.0 7350720.0 6942272.3 15379136.0 4568980.3  100544.0 51176.3    319   67.008   1     10.367   77.375
160064.0 161472.0 22402.6  0.0   7366592.0 1303827.0 15379136.0 4569000.3  100544.0 51176.3    320   67.039   1     10.367   77.406
160064.0 161472.0 22402.6  0.0   7366592.0 2580998.6 15379136.0 4569000.3  100544.0 51176.3    320   67.039   1     10.367   77.406
160064.0 161472.0 22402.6  0.0   7366592.0 3054366.0 15379136.0 4569000.3  100544.0 51176.3    320   67.039   1     10.367   77.406
160064.0 161472.0 22402.6  0.0   7366592.0 3286741.4 15379136.0 4569000.3  100544.0 51176.3    320   67.039   1     10.367   77.406
160064.0 161472.0 22402.6  0.0   7366592.0 3286788.3 15379136.0 4569000.3  100544.0 51176.3    320   67.039   1     10.367   77.406
160064.0 161472.0 22402.6  0.0   7366592.0 3286808.6 15379136.0 4569000.3  100544.0 51176.6    320   67.039   1     10.367   77.406
160064.0 161472.0 22402.6  0.0   7366592.0 4149388.6 15379136.0 4569000.3  100544.0 51181.5    320   67.039   1     10.367   77.406
160064.0 161472.0 22402.6  0.0   7366592.0 6413527.1 15379136.0 4569000.3  100544.0 51181.5    320   67.039   1     10.367   77.406
160832.0 161472.0  0.0   24612.0 7366592.0 1603892.2 15379136.0 4569024.3  100544.0 51183.1    321   67.073   1     10.367   77.440
160832.0 161472.0  0.0   24612.0 7366592.0 4236533.3 15379136.0 4569024.3  100544.0 51183.1    321   67.073   1     10.367   77.440
160832.0 161472.0  0.0   24612.0 7366592.0 7086653.7 15379136.0 4569024.3  100544.0 51183.1    321   67.073   1     10.367   77.440
160832.0 165504.0 105851.4  0.0   7358528.0 2371486.4 15379136.0 4569048.3  100544.0 51183.1    322   67.108   1     10.367   77.475
160832.0 165504.0 105851.4  0.0   7358528.0 5935924.2 15379136.0 4569048.3  100544.0 51183.1    322   67.108   1     10.367   77.475
157248.0 165504.0  0.0   65598.6 7358528.0 1849168.0 15379136.0 4569048.3  100544.0 51183.1    323   67.144   1     10.367   77.511
157248.0 165504.0  0.0   65598.6 7358528.0 4944118.8 15379136.0 4569048.3  100544.0 51183.1    323   67.144   1     10.367   77.511
157248.0 161664.0 106541.9  0.0   7366208.0 622519.3 15379136.0 4569064.3  100544.0 51183.1    324   67.182   1     10.367   77.549
157248.0 161664.0 106541.9  0.0   7366208.0 3488941.2 15379136.0 4569064.3  100544.0 51183.1    324   67.182   1     10.367   77.549
157248.0 161664.0 106541.9  0.0   7366208.0 6210884.4 15379136.0 4569064.3  100544.0 51183.1    324   67.182   1     10.367   77.549
154560.0 161664.0  0.0   65598.6 7366208.0 1363624.9 15379136.0 4569072.3  100544.0 51183.1    325   67.210   1     10.367   77.577
154560.0 161664.0  0.0   65598.6 7366208.0 4410098.3 15379136.0 4569072.3  100544.0 51183.1    325   67.210   1     10.367   77.577
154560.0 161664.0  0.0   65598.6 7366208.0 7043817.1 15379136.0 4569072.3  100544.0 51183.1    325   67.210   1     10.367   77.577
154560.0 147968.0 65278.5  0.0   7387008.0 2468685.3 15379136.0 4569080.3  100544.0 51183.1    326   67.247   1     10.367   77.614
154560.0 147968.0 65278.5  0.0   7387008.0 4996512.0 15379136.0 4569080.3  100544.0 51183.1    326   67.247   1     10.367   77.614
141952.0 147968.0  0.0   64094.4 7387008.0 317557.8 15379136.0 4569096.3  100544.0 51183.1    327   67.275   1     10.367   77.642
141952.0 147968.0  0.0   64094.4 7387008.0 3175969.2 15379136.0 4569096.3  100544.0 51183.1    327   67.275   1     10.367   77.642
141952.0 147968.0  0.0   64094.4 7387008.0 6044802.5 15379136.0 4569096.3  100544.0 51183.1    327   67.275   1     10.367   77.642
141952.0 140032.0 42394.6  0.0   7407552.0 663537.0 15379136.0 4569128.3  100544.0 51183.1    328   67.303   1     10.367   77.670
141952.0 140032.0 42394.6  0.0   7407552.0 2725331.0 15379136.0 4569128.3  100544.0 51183.4    328   67.303   1     10.367   77.670
141952.0 140032.0 42394.6  0.0   7407552.0 4401852.1 15379136.0 4569128.3  100544.0 51183.4    328   67.303   1     10.367   77.670
141952.0 140032.0 42394.6  0.0   7407552.0 4401872.3 15379136.0 4569128.3  100544.0 51183.4    328   67.303   1     10.367   77.670
141952.0 140032.0 42394.6  0.0   7407552.0 4532953.2 15379136.0 4569128.3  100544.0 51184.0    328   67.303   1     10.367   77.670
141952.0 140032.0 42394.6  0.0   7407552.0 6090881.9 15379136.0 4569128.3  100544.0 51184.4    328   67.303   1     10.367   77.670
133504.0 140032.0  0.0   65652.4 7407552.0 1586911.3 15379136.0 4569136.3  100544.0 51184.4    329   67.337   1     10.367   77.704
133504.0 140032.0  0.0   65652.4 7407552.0 4396212.8 15379136.0 4569136.3  100544.0 51184.4    329   67.337   1     10.367   77.704
133504.0 140032.0  0.0   65652.4 7407552.0 7320477.9 15379136.0 4569136.3  100544.0 51184.4    329   67.337   1     10.367   77.704
133504.0 133504.0 86165.0  0.0   7422528.0 2718394.4 15379136.0 4569152.3  100544.0 51184.4    330   67.373   1     10.367   77.740
133504.0 133504.0 86165.0  0.0   7422528.0 5886449.1 15379136.0 4569152.3  100544.0 51184.4    330   67.373   1     10.367   77.740
132992.0 133504.0  0.0   86197.0 7422528.0 1321687.2 15379136.0 4569168.3  100544.0 51184.4    331   67.411   1     10.367   77.778
132992.0 133504.0  0.0   86197.0 7422528.0 3864660.2 15379136.0 4569168.3  100544.0 51184.4    331   67.411   1     10.367   77.778
132992.0 133504.0  0.0   86197.0 7422528.0 7066223.7 15379136.0 4569168.3  100544.0 51184.5    331   67.411   1     10.367   77.778
132992.0 147264.0 127038.0  0.0   7395008.0 2458446.0 15379136.0 4569176.3  100544.0 51184.5    332   67.447   1     10.367   77.814
132992.0 147264.0 127038.0  0.0   7395008.0 5013586.6 15379136.0 4569176.3  100544.0 51184.5    332   67.447   1     10.367   77.814
132992.0 147264.0 127038.0  0.0   7395008.0 6173980.9 15379136.0 4569176.3  100544.0 51184.5    332   67.447   1     10.367   77.814
155584.0 118976.0  0.0   118965.0 7395008.0 1179995.5 15379136.0 4569200.3  100544.0 51184.5    333   67.488   1     10.367   77.855
155584.0 118976.0  0.0   118965.0 7395008.0 3624657.9 15379136.0 4569200.3  100544.0 51184.5    333   67.488   1     10.367   77.855
155584.0 118976.0  0.0   118965.0 7395008.0 6377777.2 15379136.0 4569200.3  100544.0 51184.5    333   67.488   1     10.367   77.855
155584.0 149696.0 85812.9  0.0   7384256.0 1589592.7 15379136.0 4569200.3  100544.0 51184.5    334   67.527   1     10.367   77.894
155584.0 149696.0 85812.9  0.0   7384256.0 4265689.4 15379136.0 4569200.3  100544.0 51184.5    334   67.527   1     10.367   77.894
155584.0 149696.0 85812.9  0.0   7384256.0 6985633.8 15379136.0 4569200.3  100544.0 51184.5    334   67.527   1     10.367   77.894
144384.0 149696.0  0.0   86005.0 7384256.0 2159808.5 15379136.0 4569224.3  100544.0 51184.5    335   67.831   1     10.367   78.198
144384.0 149696.0  0.0   86005.0 7384256.0 4962440.4 15379136.0 4569224.3  100544.0 51184.5    335   67.831   1     10.367   78.198
144384.0 141376.0 63776.0  0.0   7403776.0 393758.2 15379136.0 4569280.3  100544.0 51184.5    336   67.870   1     10.367   78.237
144384.0 141376.0 63776.0  0.0   7403776.0 3206289.9 15379136.0 4569280.3  100544.0 51184.5    336   67.870   1     10.367   78.237
144384.0 141376.0 63776.0  0.0   7403776.0 4694494.1 15379136.0 4569280.3  100544.0 51184.5    336   67.870   1     10.367   78.237
144384.0 141376.0 63776.0  0.0   7403776.0 5736038.5 15379136.0 4569280.3  100544.0 51184.5    336   67.870   1     10.367   78.237
144384.0 141376.0 63776.0  0.0   7403776.0 5736056.8 15379136.0 4569280.3  100544.0 51184.5    336   67.870   1     10.367   78.237
144384.0 141376.0 63776.0  0.0   7403776.0 5736077.2 15379136.0 4569280.3  100544.0 51184.5    336   67.870   1     10.367   78.237
144384.0 141376.0 63776.0  0.0   7403776.0 6375995.7 15379136.0 4569280.3  100544.0 51185.0    336   67.870   1     10.367   78.237
152704.0 127552.0  0.0   127541.9 7403776.0 325516.1 15379136.0 4569320.3  100544.0 51185.0    337   67.912   1     10.367   78.279
152704.0 127552.0  0.0   127541.9 7403776.0 3355685.7 15379136.0 4569320.3  100544.0 51185.0    337   67.912   1     10.367   78.279
152704.0 127552.0  0.0   127541.9 7403776.0 6176236.6 15379136.0 4569320.3  100544.0 51185.5    337   67.912   1     10.367   78.279
152704.0 168960.0 147556.4  0.0   7351616.0 2127011.4 15379136.0 4589398.7  100544.0 51185.5    338   67.960   1     10.367   78.327
152704.0 168960.0 147556.4  0.0   7351616.0 4833426.7 15379136.0 4589398.7  100544.0 51185.5    338   67.960   1     10.367   78.327
182080.0 155840.0  0.0   155830.7 7351616.0 789713.3 15379136.0 4630726.0  100544.0 51185.5    339   68.008   1     10.367   78.375
182080.0 155840.0  0.0   155830.7 7351616.0 3927516.5 15379136.0 4630726.0  100544.0 51185.5    339   68.008   1     10.367   78.375
182080.0 155840.0  0.0   155830.7 7351616.0 6665590.0 15379136.0 4630726.0  100544.0 51185.5    339   68.008   1     10.367   78.375
182080.0 179520.0 106586.4  0.0   7327936.0 1900896.4 15379136.0 4630734.0  100544.0 51185.5    340   68.049   1     10.367   78.416
182080.0 179520.0 106586.4  0.0   7327936.0 4386279.9 15379136.0 4630734.0  100544.0 51185.5    340   68.049   1     10.367   78.416
182080.0 179520.0 106586.4  0.0   7327936.0 6419996.7 15379136.0 4630734.0  100544.0 51185.5    340   68.049   1     10.367   78.416
174336.0 179520.0  0.0   106650.4 7327936.0 1842846.6 15379136.0 4630750.0  100544.0 51185.5    341   68.088   1     10.367   78.455
174336.0 179520.0  0.0   106650.4 7327936.0 4935990.1 15379136.0 4630750.0  100544.0 51185.5    341   68.088   1     10.367   78.455
174336.0 169408.0 106586.4  0.0   7345792.0 644461.6 15379136.0 4630758.0  100544.0 51185.5    342   68.126   1     10.367   78.493
174336.0 169408.0 106586.4  0.0   7345792.0 3386945.7 15379136.0 4630758.0  100544.0 51185.5    342   68.126   1     10.367   78.493
174336.0 169408.0 106586.4  0.0   7345792.0 6017012.3 15379136.0 4630758.0  100544.0 51185.5    342   68.126   1     10.367   78.493
164864.0 169408.0  0.0   106650.4 7345792.0 1623736.9 15379136.0 4630766.0  100544.0 51185.5    343   68.165   1     10.367   78.532
164864.0 169408.0  0.0   106650.4 7345792.0 4336873.2 15379136.0 4630766.0  100544.0 51185.5    343   68.165   1     10.367   78.532
164864.0 169408.0  0.0   106650.4 7345792.0 7132613.2 15379136.0 4630766.0  100544.0 51185.5    343   68.165   1     10.367   78.532
164864.0 161216.0 84830.8  0.0   7363456.0 2499901.8 15379136.0 4630826.0  100544.0 51185.5    344   68.199   1     10.367   78.566
164864.0 161216.0 84830.8  0.0   7363456.0 4861703.5 15379136.0 4630826.0  100544.0 51185.5    344   68.199   1     10.367   78.566
164864.0 161216.0 84830.8  0.0   7363456.0 6361797.4 15379136.0 4630826.0  100544.0 51185.5    344   68.199   1     10.367   78.566
164864.0 161216.0 84830.8  0.0   7363456.0 6947488.6 15379136.0 4630826.0  100544.0 51185.5    344   68.199   1     10.367   78.566
164800.0 161216.0  0.0   41958.2 7363456.0 283228.0 15379136.0 4630826.0  100544.0 51185.5    345   68.232   1     10.367   78.599
164800.0 161216.0  0.0   41958.2 7363456.0 283246.2 15379136.0 4630826.0  100544.0 51185.5    345   68.232   1     10.367   78.599
164800.0 161216.0  0.0   41958.2 7363456.0 283290.4 15379136.0 4630826.0  100544.0 51185.5    345   68.232   1     10.367   78.599
164800.0 161216.0  0.0   41958.2 7363456.0 602502.8 15379136.0 4630826.0  100544.0 51185.5    345   68.232   1     10.367   78.599
164800.0 161216.0  0.0   41958.2 7363456.0 2201204.5 15379136.0 4630826.0  100544.0 51185.5    345   68.232   1     10.367   78.599
164800.0 161216.0  0.0   41958.2 7363456.0 4660482.5 15379136.0 4630826.0  100544.0 51185.5    345   68.232   1     10.367   78.599
164800.0 161216.0  0.0   41958.2 7363456.0 7360751.6 15379136.0 4630826.0  100544.0 51185.5    346   68.232   1     10.367   78.599
164800.0 162688.0 107195.2  0.0   7362048.0 2752767.9 15379136.0 4630842.0  100544.0 51185.5    346   68.272   1     10.367   78.639
164800.0 162688.0 107195.2  0.0   7362048.0 5677419.0 15379136.0 4630842.0  100544.0 51185.5    346   68.272   1     10.367   78.639
175360.0 147392.0  0.0   147386.0 7362048.0 1934678.6 15379136.0 4711808.7  100544.0 51185.5    347   68.330   1     10.367   78.697
175360.0 147392.0  0.0   147386.0 7362048.0 6189178.1 15379136.0 4711808.7  100544.0 51185.8    347   68.330   1     10.367   78.697
175360.0 170432.0 107195.2  0.0   7343744.0 1618224.2 15379136.0 4711816.7  100544.0 51185.8    348   68.365   1     10.367   78.732
175360.0 170432.0 107195.2  0.0   7343744.0 4029602.6 15379136.0 4711816.7  100544.0 51185.8    348   68.365   1     10.367   78.732
175360.0 170432.0 107195.2  0.0   7343744.0 6660774.5 15379136.0 4711816.7  100544.0 51185.8    348   68.365   1     10.367   78.732
165760.0 170432.0  0.0   107163.2 7343744.0 1587948.7 15379136.0 4711848.7  100544.0 51185.8    349   68.402   1     10.367   78.769
165760.0 170432.0  0.0   107163.2 7343744.0 2515768.2 15379136.0 4711848.7  100544.0 51185.8    349   68.402   1     10.367   78.769
165760.0 170432.0  0.0   107163.2 7343744.0 4548747.5 15379136.0 4711848.7  100544.0 51185.8    349   68.402   1     10.367   78.769
165760.0 170432.0  0.0   107163.2 7343744.0 6705114.3 15379136.0 4711848.7  100544.0 51185.8    349   68.402   1     10.367   78.769
165760.0 161408.0 107163.2  0.0   7362368.0 1787623.7 15379136.0 4711848.7  100544.0 51185.8    350   68.446   1     10.367   78.813
165760.0 161408.0 107163.2  0.0   7362368.0 4183329.2 15379136.0 4711848.7  100544.0 51185.8    350   68.446   1     10.367   78.813
165760.0 161408.0 107163.2  0.0   7362368.0 6732684.0 15379136.0 4711848.7  100544.0 51185.8    350   68.446   1     10.367   78.813
157184.0 161408.0  0.0   106587.1 7362368.0 1938980.0 15379136.0 4711864.7  100544.0 51185.8    351   68.484   1     10.367   78.851
157184.0 161408.0  0.0   106587.1 7362368.0 4460176.7 15379136.0 4711864.7  100544.0 51185.8    351   68.484   1     10.367   78.851
157184.0 161408.0  0.0   106587.1 7362368.0 7202442.1 15379136.0 4711864.7  100544.0 51185.8    351   68.484   1     10.367   78.851
157184.0 158144.0 64691.1  0.0   7373248.0 2466800.0 15379136.0 4732446.4  100544.0 51185.8    352   68.585   1     10.367   78.952
157184.0 158144.0 64691.1  0.0   7373248.0 5066807.1 15379136.0 4732446.4  100544.0 51185.8    352   68.585   1     10.367   78.952
157184.0 158144.0 64691.1  0.0   7373248.0 6801071.0 15379136.0 4732446.4  100544.0 51185.8    352   68.585   1     10.367   78.952
165312.0 21824.0  0.0   21762.5 7373248.0 1320883.3 15379136.0 4732454.4  100544.0 51185.8    353   68.618   1     10.367   78.985
165312.0 21824.0  0.0   21762.5 7373248.0 2025646.7 15379136.0 4732454.4  100544.0 51185.8    353   68.618   1     10.367   78.985
165312.0 21824.0  0.0   21762.5 7373248.0 2025664.9 15379136.0 4732454.4  100544.0 51185.8    353   68.618   1     10.367   78.985
165312.0 21824.0  0.0   21762.5 7373248.0 2357122.3 15379136.0 4732454.4  100544.0 51186.3    353   68.618   1     10.367   78.985
165312.0 21824.0  0.0   21762.5 7373248.0 4148855.3 15379136.0 4732454.4  100544.0 51186.3    353   68.618   1     10.367   78.985
165312.0 21824.0  0.0   21762.5 7373248.0 7084172.9 15379136.0 4732454.4  100544.0 51186.3    353   68.618   1     10.367   78.985
165312.0 158592.0 86728.7  0.0   7365632.0 2394956.1 15379136.0 4732470.4  100544.0 51186.3    354   68.653   1     10.367   79.020
165312.0 158592.0 86728.7  0.0   7365632.0 5484890.6 15379136.0 4732470.4  100544.0 51186.3    354   68.653   1     10.367   79.020
172928.0 147712.0  0.0   147681.2 7365632.0 1818354.5 15379136.0 4752572.9  100544.0 51186.3    355   68.708   1     10.367   79.075
172928.0 147712.0  0.0   147681.2 7365632.0 5129224.9 15379136.0 4752572.9  100544.0 51186.3    355   68.708   1     10.367   79.075
172928.0 190656.0 164852.7  0.0   7308224.0 1384827.7 15379136.0 4829159.9  100544.0 51186.3    356   68.939   1     10.367   79.306
172928.0 190656.0 164852.7  0.0   7308224.0 4172994.2 15379136.0 4829159.9  100544.0 51186.3    356   68.939   1     10.367   79.306
172928.0 190656.0 164852.7  0.0   7308224.0 7272495.3 15379136.0 4829159.9  100544.0 51186.3    356   68.939   1     10.367   79.306
183488.0 190656.0  0.0   107460.3 7308224.0 3176619.9 15379136.0 4829175.9  100544.0 51186.3    357   68.974   1     10.367   79.341
183488.0 190656.0  0.0   107460.3 7308224.0 5347735.5 15379136.0 4829175.9  100544.0 51186.3    357   68.974   1     10.367   79.341
183488.0 190656.0  0.0   107460.3 7308224.0 6808240.6 15379136.0 4829175.9  100544.0 51186.3    357   68.974   1     10.367   79.341
183488.0 176896.0 107492.3  0.0   7329152.0 2426424.4 15379136.0 4829183.9  100544.0 51186.3    358   69.017   1     10.367   79.384
183488.0 176896.0 107492.3  0.0   7329152.0 5502093.4 15379136.0 4829183.9  100544.0 51186.3    358   69.017   1     10.367   79.384
170688.0 176896.0  0.0   106916.3 7329152.0 1251173.9 15379136.0 4829183.9  100544.0 51186.3    359   69.053   1     10.367   79.420
170688.0 176896.0  0.0   106916.3 7329152.0 4062821.5 15379136.0 4829183.9  100544.0 51186.3    359   69.053   1     10.367   79.420
170688.0 176896.0  0.0   106916.3 7329152.0 7183096.4 15379136.0 4829183.9  100544.0 51186.3    359   69.053   1     10.367   79.420
170688.0 164800.0 106340.2  0.0   7354048.0 3174355.3 15379136.0 4829191.9  100544.0 51186.3    360   69.096   1     10.367   79.463
170688.0 164800.0 106340.2  0.0   7354048.0 6356619.4 15379136.0 4829191.9  100544.0 51186.3    360   69.096   1     10.367   79.463
162048.0 164800.0  0.0   85446.2 7354048.0 2060409.6 15379136.0 4829235.9  100544.0 51186.3    361   69.136   1     10.367   79.503
162048.0 164800.0  0.0   85446.2 7354048.0 3825516.6 15379136.0 4829235.9  100544.0 51186.3    361   69.136   1     10.367   79.503
162048.0 164800.0  0.0   85446.2 7354048.0 5203873.1 15379136.0 4829235.9  100544.0 51192.3    361   69.136   1     10.367   79.503
162048.0 165824.0 45200.7  0.0   7357888.0 335733.7 15379136.0 4829251.9  100544.0 51192.5    362   69.169   1     10.367   79.536
162048.0 165824.0 45200.7  0.0   7357888.0 3324804.7 15379136.0 4829251.9  100544.0 51192.5    362   69.169   1     10.367   79.536
162048.0 165824.0 45200.7  0.0   7357888.0 6130313.2 15379136.0 4829251.9  100544.0 51192.5    362   69.169   1     10.367   79.536
165760.0 165824.0  0.0   115186.3 7357888.0 1548773.4 15379136.0 4829267.9  100544.0 51192.5    363   69.206   1     10.367   79.572
165760.0 165824.0  0.0   115186.3 7357888.0 4407752.4 15379136.0 4829267.9  100544.0 51192.5    363   69.206   1     10.367   79.572
165760.0 165824.0  0.0   115186.3 7357888.0 7260239.7 15379136.0 4829267.9  100544.0 51192.5    363   69.206   1     10.367   79.572
165760.0 180480.0 156655.6  0.0   7328576.0 3645721.2 15379136.0 4849672.8  100544.0 51192.5    364   69.285   1     10.367   79.652
165760.0 180480.0 156655.6  0.0   7328576.0 6067595.7 15379136.0 4849672.8  100544.0 51192.5    364   69.285   1     10.367   79.652
181248.0 127104.0  0.0   127042.6 7328576.0 1555916.9 15379136.0 4849696.8  100544.0 51192.5    365   69.331   1     10.367   79.698
181248.0 127104.0  0.0   127042.6 7328576.0 4335817.2 15379136.0 4849696.8  100544.0 51192.5    365   69.331   1     10.367   79.698
181248.0 127104.0  0.0   127042.6 7328576.0 7057592.1 15379136.0 4849696.8  100544.0 51192.5    365   69.331   1     10.367   79.698
181248.0 181312.0 127010.6  0.0   7326912.0 3018911.0 15379136.0 4849704.8  100544.0 51192.5    366   69.370   1     10.367   79.737
181248.0 181312.0 127010.6  0.0   7326912.0 5519404.5 15379136.0 4849704.8  100544.0 51192.5    366   69.370   1     10.367   79.737
180800.0 181312.0  0.0   126946.6 7326912.0 841529.6 15379136.0 4849720.8  100544.0 51192.5    367   69.414   1     10.367   79.781
180800.0 181312.0  0.0   126946.6 7326912.0 3419375.3 15379136.0 4849720.8  100544.0 51192.5    367   69.414   1     10.367   79.781
180800.0 181312.0  0.0   126946.6 7326912.0 6571898.3 15379136.0 4849720.8  100544.0 51193.6    367   69.414   1     10.367   79.781
180800.0 179712.0 126690.6  0.0   7329024.0 2076053.9 15379136.0 4849728.8  100544.0 51193.6    368   69.461   1     10.367   79.828
180800.0 179712.0 126690.6  0.0   7329024.0 4934263.3 15379136.0 4849728.8  100544.0 51194.1    368   69.461   1     10.367   79.828
174208.0 179712.0  0.0   104798.8 7329024.0 556091.4 15379136.0 4849822.9  100544.0 51194.1    369   69.500   1     10.367   79.867
174208.0 179712.0  0.0   104798.8 7329024.0 3211160.5 15379136.0 4849822.9  100544.0 51194.1    369   69.500   1     10.367   79.867
174208.0 179712.0  0.0   104798.8 7329024.0 5364180.2 15379136.0 4849822.9  100544.0 51194.1    369   69.500   1     10.367   79.867
174208.0 179712.0  0.0   104798.8 7329024.0 6592431.6 15379136.0 4849822.9  100544.0 51194.1    369   69.500   1     10.367   79.867
174208.0 174336.0 73840.9  0.0   7340864.0 489493.4 15379136.0 4849830.9  100544.0 51194.5    370   69.537   1     10.367   79.904
174208.0 174336.0 73840.9  0.0   7340864.0 3137419.5 15379136.0 4849830.9  100544.0 51194.5    370   69.537   1     10.367   79.904
174208.0 174336.0 73840.9  0.0   7340864.0 5641784.9 15379136.0 4849830.9  100544.0 51194.5    370   69.537   1     10.367   79.904
167808.0 174336.0  0.0   106830.4 7340864.0 1210993.8 15379136.0 4849846.9  100544.0 51194.5    371   69.572   1     10.367   79.939
167808.0 174336.0  0.0   106830.4 7340864.0 4231631.2 15379136.0 4849846.9  100544.0 51194.5    371   69.572   1     10.367   79.939
167808.0 174336.0  0.0   106830.4 7340864.0 6992703.5 15379136.0 4849846.9  100544.0 51194.5    371   69.572   1     10.367   79.939
167808.0 182656.0 164008.2  0.0   7324224.0 2876322.5 15379136.0 4849854.9  100544.0 51194.5    372   69.614   1     10.367   79.981
167808.0 182656.0 164008.2  0.0   7324224.0 5960524.7 15379136.0 4849854.9  100544.0 51194.5    372   69.614   1     10.367   79.981
176128.0 182656.0  0.0   110862.4 7324224.0 1504940.4 15379136.0 4849870.9  100544.0 51194.5    373   69.652   1     10.367   80.019
176128.0 182656.0  0.0   110862.4 7324224.0 4257819.5 15379136.0 4849870.9  100544.0 51194.5    373   69.652   1     10.367   80.019
176128.0 182656.0  0.0   110862.4 7324224.0 6769363.9 15379136.0 4849870.9  100544.0 51194.5    373   69.652   1     10.367   80.019
176128.0 182656.0 147677.7  0.0   7324224.0 2092219.8 15379136.0 4849886.9  100544.0 51194.5    374   69.697   1     10.367   80.064
176128.0 182656.0 147677.7  0.0   7324224.0 4391126.8 15379136.0 4849886.9  100544.0 51194.5    374   69.697   1     10.367   80.064
176128.0 182656.0 147677.7  0.0   7324224.0 7204182.0 15379136.0 4849886.9  100544.0 51194.5    374   69.697   1     10.367   80.064
177664.0 182656.0  0.0   106798.4 7324224.0 3521906.9 15379136.0 4849894.9  100544.0 51194.5    375   69.736   1     10.367   80.103
177664.0 182656.0  0.0   106798.4 7324224.0 6699467.6 15379136.0 4849894.9  100544.0 51194.5    375   69.736   1     10.367   80.103
177664.0 173056.0 106222.4  0.0   7338816.0 2613456.7 15379136.0 4849918.9  100544.0 51194.5    376   69.771   1     10.367   80.138
177664.0 173056.0 106222.4  0.0   7338816.0 5903571.9 15379136.0 4849918.9  100544.0 51194.5    376   69.771   1     10.367   80.138
172352.0 173056.0  0.0   84335.2 7338816.0 770994.2 15379136.0 4850419.0  100544.0 51194.5    377   69.806   1     10.367   80.173
172352.0 173056.0  0.0   84335.2 7338816.0 3479728.1 15379136.0 4850419.0  100544.0 51194.5    377   69.806   1     10.367   80.173
172352.0 173056.0  0.0   84335.2 7338816.0 6269144.9 15379136.0 4850419.0  100544.0 51194.5    377   69.806   1     10.367   80.173
172352.0 178112.0 41842.9  0.0   7333312.0 1131825.3 15379136.0 4850467.0  100544.0 51194.5    378   69.833   1     10.367   80.200
172352.0 178112.0 41842.9  0.0   7333312.0 2463532.0 15379136.0 4850467.0  100544.0 51194.5    378   69.833   1     10.367   80.200
172352.0 178112.0 41842.9  0.0   7333312.0 4923573.9 15379136.0 4850467.0  100544.0 51194.5    378   69.833   1     10.367   80.200
173824.0 178112.0  0.0   86752.0 7333312.0 253424.8 15379136.0 4870507.4  100544.0 51194.5    379   69.868   1     10.367   80.235
173824.0 178112.0  0.0   86752.0 7333312.0 3076992.5 15379136.0 4870507.4  100544.0 51194.5    379   69.868   1     10.367   80.235
173824.0 178112.0  0.0   86752.0 7333312.0 5887084.9 15379136.0 4870507.4  100544.0 51194.5    379   69.868   1     10.367   80.235
173824.0 169472.0 86688.0  0.0   7346240.0 2133870.9 15379136.0 4870515.4  100544.0 51194.5    380   69.903   1     10.367   80.270
173824.0 169472.0 86688.0  0.0   7346240.0 5428109.6 15379136.0 4870515.4  100544.0 51194.5    380   69.903   1     10.367   80.270
169408.0 169472.0  0.0   119520.0 7346240.0 1165260.9 15379136.0 4870523.4  100544.0 51194.5    381   69.947   1     10.367   80.314
169408.0 169472.0  0.0   119520.0 7346240.0 4094670.5 15379136.0 4870523.4  100544.0 51194.5    381   69.947   1     10.367   80.314
169408.0 169472.0  0.0   119520.0 7346240.0 7132280.2 15379136.0 4870523.4  100544.0 51194.5    381   69.947   1     10.367   80.314
169408.0 165568.0 86720.0  0.0   7354560.0 2641779.9 15379136.0 4870531.4  100544.0 51194.5    382   69.990   1     10.367   80.357
169408.0 165568.0 86720.0  0.0   7354560.0 5165329.4 15379136.0 4870531.4  100544.0 51194.5    382   69.990   1     10.367   80.357
161600.0 165568.0  0.0   86752.0 7354560.0 463176.6 15379136.0 4870555.4  100544.0 51194.5    383   70.026   1     10.367   80.393
161600.0 165568.0  0.0   86752.0 7354560.0 3479770.2 15379136.0 4870555.4  100544.0 51194.5    383   70.026   1     10.367   80.393
161600.0 165568.0  0.0   86752.0 7354560.0 6086522.0 15379136.0 4870555.4  100544.0 51194.5    383   70.026   1     10.367   80.393
161600.0 157760.0 86496.0  0.0   7370176.0 1208898.2 15379136.0 4870571.4  100544.0 51194.5    384   70.061   1     10.367   80.428
161600.0 157760.0 86496.0  0.0   7370176.0 4073852.5 15379136.0 4870571.4  100544.0 51194.5    384   70.061   1     10.367   80.428
161600.0 157760.0 86496.0  0.0   7370176.0 7114167.4 15379136.0 4870571.4  100544.0 51194.5    384   70.061   1     10.367   80.428
153856.0 157760.0  0.0   86464.0 7370176.0 2774906.6 15379136.0 4870635.4  100544.0 51194.5    385   70.102   1     10.367   80.469
153856.0 157760.0  0.0   86464.0 7370176.0 5500218.6 15379136.0 4870635.4  100544.0 51194.5    385   70.102   1     10.367   80.469
153856.0 153984.0 63748.2  0.0   7381568.0 875372.1 15379136.0 4870663.5  100544.0 51194.5    386   70.135   1     10.367   80.502
153856.0 153984.0 63748.2  0.0   7381568.0 3025130.1 15379136.0 4870663.5  100544.0 51194.5    386   70.135   1     10.367   80.502
153856.0 153984.0 63748.2  0.0   7381568.0 4774199.0 15379136.0 4870663.5  100544.0 51194.5    386   70.135   1     10.367   80.502
153856.0 153984.0 63748.2  0.0   7381568.0 6438593.0 15379136.0 4870663.5  100544.0 51194.5    386   70.135   1     10.367   80.502
163840.0 768.0   0.0   704.0  7381568.0 178769.1 15379136.0 4870679.5  100544.0 51194.5    387   70.169   1     10.367   80.536
163840.0 768.0   0.0   704.0  7381568.0 179083.8 15379136.0 4870679.5  100544.0 51194.5    387   70.169   1     10.367   80.536
163840.0 768.0   0.0   704.0  7381568.0 736355.4 15379136.0 4870679.5  100544.0 51196.8    387   70.169   1     10.367   80.536
163840.0 768.0   0.0   704.0  7381568.0 3246262.6 15379136.0 4870679.5  100544.0 51196.8    387   70.169   1     10.367   80.536
163840.0 768.0   0.0   704.0  7381568.0 6064519.4 15379136.0 4870679.5  100544.0 51196.8    387   70.169   1     10.367   80.536
163840.0 171712.0 127456.1  0.0   7346112.0 1566587.4 15379136.0 4870695.5  100544.0 51196.8    388   70.209   1     10.367   80.576
163840.0 171712.0 127456.1  0.0   7346112.0 4549363.9 15379136.0 4870695.5  100544.0 51196.8    388   70.209   1     10.367   80.576
179968.0 163456.0  0.0   163417.3 7346112.0 689548.1 15379136.0 4924003.1  100544.0 51196.8    389   70.263   1     10.367   80.630
179968.0 163456.0  0.0   163417.3 7346112.0 3944434.0 15379136.0 4924003.1  100544.0 51196.8    389   70.263   1     10.367   80.630
179968.0 163456.0  0.0   163417.3 7346112.0 7117093.4 15379136.0 4924003.1  100544.0 51196.8    389   70.263   1     10.367   80.630
179968.0 199040.0 143712.1  0.0   7291456.0 2654574.8 15379136.0 4924011.1  100544.0 51196.8    390   70.304   1     10.367   80.671
179968.0 199040.0 143712.1  0.0   7291456.0 5241997.1 15379136.0 4924011.1  100544.0 51196.8    390   70.304   1     10.367   80.671
198976.0 199040.0  0.0   127328.1 7291456.0 1352314.7 15379136.0 4924035.1  100544.0 51196.8    391   70.345   1     10.367   80.712
198976.0 199040.0  0.0   127328.1 7291456.0 4267085.0 15379136.0 4924035.1  100544.0 51196.8    391   70.345   1     10.367   80.712
198976.0 199040.0  0.0   127328.1 7291456.0 6387950.5 15379136.0 4924035.1  100544.0 51196.8    391   70.345   1     10.367   80.712
198976.0 205888.0 148114.7  0.0   7277760.0 1347618.1 15379136.0 4924051.1  100544.0 51196.8    392   70.387   1     10.367   80.754
198976.0 205888.0 148114.7  0.0   7277760.0 3884815.5 15379136.0 4924051.1  100544.0 51196.8    392   70.387   1     10.367   80.754
198976.0 205888.0 148114.7  0.0   7277760.0 6695113.5 15379136.0 4924051.1  100544.0 51196.8    392   70.387   1     10.367   80.754
210880.0 148224.0  0.0   148178.7 7277760.0 2114686.9 15379136.0 4924067.1  100544.0 51196.8    393   70.431   1     10.367   80.798
210880.0 148224.0  0.0   148178.7 7277760.0 4865160.2 15379136.0 4924067.1  100544.0 51196.8    393   70.431   1     10.367   80.798
210880.0 213888.0 146962.6  0.0   7261760.0 609556.8 15379136.0 4924135.2  100544.0 51196.8    394   70.479   1     10.367   80.846
210880.0 213888.0 146962.6  0.0   7261760.0 2881780.8 15379136.0 4924135.2  100544.0 51196.8    394   70.479   1     10.367   80.846
210880.0 213888.0 146962.6  0.0   7261760.0 5270217.8 15379136.0 4924135.2  100544.0 51196.8    394   70.479   1     10.367   80.846
213056.0 213888.0  0.0   63000.8 7261760.0 556239.8 15379136.0 4924143.2  100544.0 51197.4    395   70.508   1     10.367   80.875
213056.0 213888.0  0.0   63000.8 7261760.0 2660984.3 15379136.0 4924143.2  100544.0 51197.4    395   70.508   1     10.367   80.875
213056.0 213888.0  0.0   63000.8 7261760.0 3349494.9 15379136.0 4924143.2  100544.0 51197.4    395   70.508   1     10.367   80.875
213056.0 213888.0  0.0   63000.8 7261760.0 3370076.4 15379136.0 4924143.2  100544.0 51197.4    395   70.508   1     10.367   80.875
213056.0 213888.0  0.0   63000.8 7261760.0 5640143.0 15379136.0 4924143.2  100544.0 51197.4    395   70.508   1     10.367   80.875
213056.0 216832.0 148395.1  0.0   7255872.0 1296233.0 15379136.0 4924167.2  100544.0 51197.4    396   70.553   1     10.367   80.920
213056.0 216832.0 148395.1  0.0   7255872.0 4291378.9 15379136.0 4924167.2  100544.0 51197.4    396   70.553   1     10.367   80.920
213056.0 216832.0 148395.1  0.0   7255872.0 7249884.0 15379136.0 4924167.2  100544.0 51197.4    397   70.553   1     10.367   80.920
216832.0 216832.0  0.0   216821.3 7255872.0 3526119.6 15379136.0 4945001.8  100544.0 51197.4    397   70.810   1     10.367   81.177
216832.0 216832.0  0.0   216821.3 7255872.0 6572766.4 15379136.0 4945001.8  100544.0 51197.4    397   70.810   1     10.367   81.177
216832.0 240000.0 127416.5  0.0   7209536.0 2161986.4 15379136.0 4945009.8  100544.0 51197.4    398   70.851   1     10.367   81.218
216832.0 240000.0 127416.5  0.0   7209536.0 5301472.4 15379136.0 4945009.8  100544.0 51197.4    398   70.851   1     10.367   81.218
236480.0 240000.0  0.0   147690.4 7209536.0 1116222.2 15379136.0 4945025.8  100544.0 51197.4    399   70.903   1     10.367   81.270
236480.0 240000.0  0.0   147690.4 7209536.0 3472507.2 15379136.0 4945025.8  100544.0 51197.4    399   70.903   1     10.367   81.270
236480.0 240000.0  0.0   147690.4 7209536.0 6014940.5 15379136.0 4945025.8  100544.0 51197.4    399   70.903   1     10.367   81.270
236480.0 225920.0 127448.5  0.0   7227136.0 1517982.4 15379136.0 4945025.8  100544.0 51197.4    400   70.941   1     10.367   81.308
236480.0 225920.0 127448.5  0.0   7227136.0 4265053.8 15379136.0 4945025.8  100544.0 51197.4    400   70.941   1     10.367   81.308
236480.0 225920.0 127448.5  0.0   7227136.0 6703094.1 15379136.0 4945025.8  100544.0 51197.4    400   70.941   1     10.367   81.308
216448.0 225920.0  0.0   127192.4 7227136.0 2348148.8 15379136.0 4945025.8  100544.0 51197.4    401   70.981   1     10.367   81.348
216448.0 225920.0  0.0   127192.4 7227136.0 5596987.0 15379136.0 4945025.8  100544.0 51197.4    401   70.981   1     10.367   81.348
216448.0 208000.0 126200.3  0.0   7265088.0 1593510.6 15379136.0 4945049.8  100544.0 51197.4    402   71.026   1     10.367   81.392
216448.0 208000.0 126200.3  0.0   7265088.0 4365858.6 15379136.0 4945049.8  100544.0 51197.4    402   71.026   1     10.367   81.392
216448.0 208000.0 126200.3  0.0   7265088.0 7242256.5 15379136.0 4945049.8  100544.0 51197.4    403   71.026   1     10.367   81.392
214528.0 208000.0  0.0   42903.4 7265088.0 2693407.9 15379136.0 4965623.6  100544.0 51197.4    403   71.119   1     10.367   81.486
214528.0 208000.0  0.0   42903.4 7265088.0 5360994.8 15379136.0 4965623.6  100544.0 51197.4    403   71.119   1     10.367   81.486
214528.0 208000.0  0.0   42903.4 7265088.0 6279155.6 15379136.0 4965623.6  100544.0 51198.0    403   71.119   1     10.367   81.486
214528.0 217856.0 44577.1  0.0   7253824.0 1466517.6 15379136.0 4965631.6  100544.0 51198.0    404   71.315   1     10.367   81.681
214528.0 217856.0 44577.1  0.0   7253824.0 4440218.4 15379136.0 4965631.6  100544.0 51198.0    404   71.315   1     10.367   81.681
214528.0 217856.0 44577.1  0.0   7253824.0 7072598.1 15379136.0 4965631.6  100544.0 51198.0    404   71.315   1     10.367   81.681
215104.0 217856.0  0.0   66178.1 7253824.0 2857853.3 15379136.0 4965647.6  100544.0 51198.0    405   71.348   1     10.367   81.715
215104.0 217856.0  0.0   66178.1 7253824.0 5996844.0 15379136.0 4965647.6  100544.0 51198.0    405   71.348   1     10.367   81.715
215104.0 232384.0 183383.1  0.0   7224768.0 2444788.6 15379136.0 4965663.6  100544.0 51198.0    406   71.399   1     10.367   81.766
215104.0 232384.0 183383.1  0.0   7224768.0 5603230.9 15379136.0 4965663.6  100544.0 51198.0    406   71.399   1     10.367   81.766
224064.0 232384.0  0.0   124311.9 7224768.0 1774346.9 15379136.0 4965679.6  100544.0 51198.0    407   71.440   1     10.367   81.807
224064.0 232384.0  0.0   124311.9 7224768.0 4822306.0 15379136.0 4965679.6  100544.0 51198.0    407   71.440   1     10.367   81.807
224064.0 221760.0 66178.1  0.0   7243712.0 863096.0 15379136.0 4965679.6  100544.0 51198.5    408   71.470   1     10.367   81.837
224064.0 221760.0 66178.1  0.0   7243712.0 3306934.6 15379136.0 4965679.6  100544.0 51198.5    408   71.470   1     10.367   81.837
224064.0 221760.0 66178.1  0.0   7243712.0 6816773.8 15379136.0 4965679.6  100544.0 51198.5    408   71.470   1     10.367   81.837
216640.0 221760.0  0.0   127192.6 7243712.0 2622694.1 15379136.0 4965687.6  100544.0 51198.5    409   71.507   1     10.367   81.874
216640.0 221760.0  0.0   127192.6 7243712.0 5533132.9 15379136.0 4965687.6  100544.0 51198.5    409   71.507   1     10.367   81.874
216640.0 214336.0 65282.0  0.0   7258560.0 1566876.9 15379136.0 4965695.6  100544.0 51198.5    410   71.536   1     10.367   81.903
216640.0 214336.0 65282.0  0.0   7258560.0 4799218.4 15379136.0 4965695.6  100544.0 51198.5    410   71.536   1     10.367   81.903
214592.0 214336.0  0.0   43774.2 7258560.0 904394.2 15379136.0 4965793.7  100544.0 51198.5    411   71.561   1     10.367   81.928
214592.0 214336.0  0.0   43774.2 7258560.0 3785684.9 15379136.0 4965793.7  100544.0 51198.5    411   71.561   1     10.367   81.928
214592.0 214336.0  0.0   43774.2 7258560.0 6223005.6 15379136.0 4965793.7  100544.0 51198.5    411   71.561   1     10.367   81.928
214592.0 216896.0 21410.5  0.0   7255744.0 431977.2 15379136.0 4965809.7  100544.0 51198.9    412   71.596   1     10.367   81.963
214592.0 216896.0 21410.5  0.0   7255744.0 796788.6 15379136.0 4965809.7  100544.0 51198.9    412   71.596   1     10.367   81.963
214592.0 216896.0 21410.5  0.0   7255744.0 796813.1 15379136.0 4965809.7  100544.0 51198.9    412   71.596   1     10.367   81.963
214592.0 216896.0 21410.5  0.0   7255744.0 1159554.2 15379136.0 4965809.7  100544.0 51232.9    412   71.596   1     10.367   81.963
214592.0 216896.0 21410.5  0.0   7255744.0 3405301.5 15379136.0 4965809.7  100544.0 51232.9    412   71.596   1     10.367   81.963
214592.0 216896.0 21410.5  0.0   7255744.0 6313246.4 15379136.0 4965809.7  100544.0 51232.9    412   71.596   1     10.367   81.963
220096.0 2240.0  0.0   2208.4 7255744.0 1714536.9 15379136.0 4965841.7  100544.0 51232.9    413   71.763   1     10.367   82.130
220096.0 2240.0  0.0   2208.4 7255744.0 4055070.4 15379136.0 4965841.7  100544.0 51232.9    413   71.763   1     10.367   82.130
220096.0 2240.0  0.0   2208.4 7255744.0 6667239.2 15379136.0 4965841.7  100544.0 51232.9    413   71.763   1     10.367   82.130
220096.0 220544.0 2176.4  0.0   7248448.0 1932801.1 15379136.0 4965857.7  100544.0 51232.9    414   71.793   1     10.367   82.160
220096.0 220544.0 2176.4  0.0   7248448.0 4590508.7 15379136.0 4965857.7  100544.0 51232.9    414   71.793   1     10.367   82.160
218688.0 220544.0  0.0   2080.4 7248448.0 72222.8  15379136.0 4965865.7  100544.0 51232.9    415   71.820   1     10.367   82.187
218688.0 220544.0  0.0   2080.4 7248448.0 2497805.3 15379136.0 4965865.7  100544.0 51232.9    415   71.820   1     10.367   82.187
218688.0 220544.0  0.0   2080.4 7248448.0 4997629.8 15379136.0 4965865.7  100544.0 51232.9    415   71.820   1     10.367   82.187
218688.0 220544.0  0.0   2080.4 7248448.0 7207889.6 15379136.0 4965865.7  100544.0 51232.9    415   71.820   1     10.367   82.187
218688.0 215040.0 2144.4  0.0   7255808.0 2371529.7 15379136.0 4965881.7  100544.0 51232.9    416   71.847   1     10.367   82.214
218688.0 215040.0 2144.4  0.0   7255808.0 4890425.2 15379136.0 4965881.7  100544.0 51232.9    416   71.847   1     10.367   82.214
209920.0 215040.0  0.0   2112.4 7255808.0 240327.9 15379136.0 4965889.7  100544.0 51232.9    417   71.874   1     10.367   82.241
209920.0 215040.0  0.0   2112.4 7255808.0 2855022.8 15379136.0 4965889.7  100544.0 51232.9    417   71.874   1     10.367   82.241
209920.0 215040.0  0.0   2112.4 7255808.0 5951326.9 15379136.0 4965889.7  100544.0 51232.9    417   71.874   1     10.367   82.241
209920.0 203712.0 2144.4  0.0   7275904.0 1595795.8 15379136.0 4965897.7  100544.0 51232.9    418   71.905   1     10.367   82.272
209920.0 203712.0 2144.4  0.0   7275904.0 4276356.0 15379136.0 4965897.7  100544.0 51232.9    418   71.905   1     10.367   82.272
209920.0 203712.0 2144.4  0.0   7275904.0 7275904.0 15379136.0 4965897.7  100544.0 51232.9    419   71.905   1     10.367   82.272
196800.0 203712.0  0.0   1312.2 7275904.0 2786734.2 15379136.0 4965937.7  100544.0 51232.9    419   71.934   1     10.367   82.301
196800.0 203712.0  0.0   1312.2 7275904.0 5062314.4 15379136.0 4965937.7  100544.0 51232.9    419   71.934   1     10.367   82.301
196800.0 203712.0  0.0   1312.2 7275904.0 6271698.2 15379136.0 4965937.7  100544.0 51240.3    419   71.934   1     10.367   82.301
