 S0C    S1C    S0U    S1U      EC       EU        OC         OU       PC     PU    YGC     YGCT    FGC    FGCT     GCT   
961152.0 961152.0  0.0    0.0   5767232.0 115344.7 15379136.0    0.0     21248.0 5715.2      0    0.000   0      0.000    0.000
961152.0 961152.0  0.0    0.0   5767232.0 346034.2 15379136.0    0.0     21248.0 14271.5      0    0.000   0      0.000    0.000
961152.0 961152.0  0.0    0.0   5767232.0 3576074.1 15379136.0    0.0     32000.0 31874.0      0    0.000   0      0.000    0.000
961152.0 961152.0  0.0   90774.6 5767232.0 1135536.2 15379136.0    0.0     47552.0 47514.7      1    0.048   0      0.000    0.048
961152.0 961152.0  0.0   90774.6 5767232.0 3900621.3 15379136.0    0.0     48128.0 48031.2      1    0.048   0      0.000    0.048
961152.0 961152.0 126433.6  0.0   5767232.0 2255203.4 15379136.0    0.0     48128.0 48060.5      2    0.103   0      0.000    0.103
961152.0 961152.0  0.0   181183.1 5767232.0 1053517.9 15379136.0    0.0     48128.0 48073.1      3    0.200   0      0.000    0.200
961152.0 961152.0 48521.0 181183.1 5767232.0 5767232.0 15379136.0    0.0     48128.0 48105.4      4    0.200   0      0.000    0.200
961152.0 961152.0 229881.2  0.0   5767232.0 4821576.5 15379136.0    0.0     48128.0 48106.8      4    0.338   0      0.000    0.338
333056.0 961152.0  0.0   293247.1 5767232.0 3551841.3 15379136.0    0.0     48128.0 48107.5      5    0.521   0      0.000    0.521
333056.0 399744.0 333039.1  0.0   6890048.0 2072114.2 15379136.0  11744.0   48320.0 48189.2      6    0.743   0      0.000    0.743
333056.0 399744.0 333039.1  0.0   6890048.0 6515987.9 15379136.0  11744.0   48320.0 48190.7      6    0.743   0      0.000    0.743
412672.0 288832.0  0.0   288768.2 6890048.0 4366434.3 15379136.0  122152.5  48320.0 48191.9      7    0.983   0      0.000    0.983
412672.0 417728.0 285120.2  0.0   6854080.0 1784968.8 15379136.0  205592.5  48320.0 48201.4      8    1.257   0      0.000    1.257
411520.0 417728.0  0.0   264703.6 6854080.0 754757.3 15379136.0  296408.5  48320.0 48298.5      9    1.514   0      0.000    1.514
411520.0 411648.0 126583.0  0.0   6866240.0 2937494.0 15379136.0  478864.7  48512.0 48329.5     10    1.749   0      0.000    1.749
425024.0 31744.0  0.0   31730.1 6866240.0 6408060.3 15379136.0  610956.8  48512.0 48331.5     11    1.889   0      0.000    1.889
440704.0 192.0   0.0   192.0  6820672.0 3917205.0 15379136.0  676077.8  48512.0 48332.9     13    1.958   0      0.000    1.958
437504.0 441408.0  0.0   576.1  6806720.0 1903072.4 15379136.0  676205.8  48512.0 48387.6     15    1.980   0      0.000    1.980
437504.0 428608.0 8736.1  0.0   6823424.0 5778741.6 15379136.0  676587.5  48512.0 48402.4     16    1.995   0      0.000    1.995
415872.0 399424.0 28864.2  0.0   6874240.0 2611864.7 15379136.0  697131.7  48512.0 48430.1     18    2.076   0      0.000    2.076
379200.0 399424.0  0.0   47808.4 6874240.0 1836490.6 15379136.0  723515.9  48512.0 48443.3     19    2.150   0      0.000    2.150
379200.0 399424.0 20576.1 47808.4 6874240.0 6874240.0 15379136.0  725476.1  48512.0 48443.3     20    2.150   0      0.000    2.150
379200.0 355520.0 71328.2  0.0   6954816.0 5751641.8 15379136.0  764324.1  48512.0 48443.3     20    2.263   0      0.000    2.263
334720.0 355520.0  0.0   63968.1 6954816.0 3934445.4 15379136.0  829476.2  48512.0 48443.4     21    2.398   0      0.000    2.398
334720.0 316672.0 108736.2  0.0   7038144.0 1753833.7 15379136.0  887292.3  48512.0 48443.9     22    2.532   0      0.000    2.532
334720.0 316672.0 108736.2  0.0   7038144.0 6684976.3 15379136.0  887292.3  48512.0 48443.9     22    2.532   0      0.000    2.532
300736.0 316672.0  0.0   56352.0 7038144.0 5417064.6 15379136.0  995996.4  48512.0 48444.9     23    2.677   0      0.000    2.677
300736.0 280064.0 87363.8 60013.3 7108736.0 7108736.0 15379136.0 1125928.7  48512.0 48445.4     25    2.902   0      0.000    2.902
264768.0 253888.0 47092.9  0.0   7170880.0 2823210.5 15379136.0 1206931.2  48512.0 48445.6     26    3.150   0      0.000    3.150
243840.0 253888.0  0.0   42078.8 7170880.0 4925096.4 15379136.0 1248493.7  48512.0 48446.6     27    3.426   0      0.000    3.426
229440.0 234496.0  0.0   11146.7 7211200.0 765242.8 15379136.0 1327382.5  48512.0 48446.6     29    3.665   0      0.000    3.665
229440.0 224960.0 224.0   0.0   7235136.0 4113420.4 15379136.0 1338361.2  48512.0 48447.1     30    3.692   0      0.000    3.692
219136.0 224960.0  0.0   256.0  7235136.0 6713981.1 15379136.0 1338417.2  48512.0 48448.2     31    3.708   0      0.000    3.708
219136.0 212224.0 256.0   0.0   7258176.0 5527558.8 15379136.0 1338481.2  48512.0 48451.4     32    3.725   0      0.000    3.725
219136.0 212224.0 256.0   0.0   7258176.0 5732913.6 15379136.0 1338481.2  48512.0 48454.0     32    3.725   0      0.000    3.725
219136.0 212224.0 256.0   0.0   7258176.0 5733579.6 15379136.0 1338481.2  48512.0 48454.8     32    3.725   0      0.000    3.725
219136.0 212224.0 256.0   0.0   7258176.0 5733613.6 15379136.0 1338481.2  48512.0 48455.5     32    3.725   0      0.000    3.725
219136.0 212224.0 256.0   0.0   7258176.0 5733629.6 15379136.0 1338481.2  48512.0 48455.7     32    3.725   0      0.000    3.725
219136.0 212224.0 256.0   0.0   7258176.0 5733645.1 15379136.0 1338481.2  48512.0 48458.4     32    3.725   0      0.000    3.725
219136.0 212224.0 256.0   0.0   7258176.0 5733687.3 15379136.0 1338481.2  48512.0 48458.6     32    3.725   0      0.000    3.725
196928.0 212224.0  0.0   44726.9 7258176.0 6036731.3 15379136.0 1338537.2  49280.0 49092.3     33    3.749   0      0.000    3.749
196928.0 230720.0 180858.1  0.0   7228096.0 5955219.6 15379136.0 1391125.7  49280.0 49103.6     34    3.792   0      0.000    3.792
247488.0 153408.0  0.0   153380.2 7228096.0 5147987.2 15379136.0 1543085.7  49280.0 49146.6     35    3.840   0      0.000    3.840
247488.0 233920.0 82613.6  0.0   7208128.0 6365446.5 15379136.0 1733310.2  49280.0 49201.8     36    3.888   0      0.000    3.888
221248.0 219008.0 288.0   0.0   7249280.0 3331508.9 15379136.0 1897486.2  49280.0 49204.5     38    3.947   0      0.000    3.947
208640.0 219008.0  0.0   37742.9 7249280.0 6356541.7 15379136.0 1897518.2  49280.0 49212.3     39    3.965   0      0.000    3.965
189760.0 195136.0  0.0   16672.0 7285760.0 2226185.2 15379136.0 1955878.7  49280.0 49213.5     41    4.021   0      0.000    4.021
189760.0 179648.0 40434.3  0.0   7320128.0 5780070.8 15379136.0 1955934.7  49280.0 49213.7     42    4.039   0      0.000    4.039
176896.0 172864.0 768.1   0.0   7339776.0 2275740.8 15379136.0 1996205.0  49280.0 49216.2     44    4.078   0      0.000    4.078
163072.0 172864.0  0.0   53764.6 7339776.0 4632773.5 15379136.0 1996722.7  49280.0 49222.9     45    4.096   0      0.000    4.096
163072.0 152320.0 41311.2  0.0   7374144.0 2990341.3 15379136.0 2050315.5  49280.0 49223.4     46    4.122   0      0.000    4.122
149504.0 152320.0  0.0   320.0  7374144.0 1463653.1 15379136.0 2091442.8  49280.0 49223.7     47    4.142   0      0.000    4.142
149504.0 152320.0  0.0   320.0  7374144.0 5447354.1 15379136.0 2091442.8  49280.0 49224.4     47    4.142   0      0.000    4.142
149504.0 145728.0 352.0   0.0   7394304.0 544723.1 15379136.0 2091514.8  49280.0 49225.3     48    4.160   0      0.000    4.160
149504.0 145728.0 352.0   0.0   7394304.0 869942.6 15379136.0 2091514.8  49280.0 49225.6     48    4.160   0      0.000    4.160
149504.0 145728.0 352.0   0.0   7394304.0 869952.9 15379136.0 2091514.8  49280.0 49225.6     48    4.160   0      0.000    4.160
149504.0 145728.0 352.0   0.0   7394304.0 869963.3 15379136.0 2091514.8  49280.0 49225.6     48    4.160   0      0.000    4.160
149504.0 145728.0 352.0   0.0   7394304.0 869973.6 15379136.0 2091514.8  49280.0 49225.6     48    4.160   0      0.000    4.160
149504.0 145728.0 352.0   0.0   7394304.0 869981.9 15379136.0 2091514.8  49280.0 49225.6     48    4.160   0      0.000    4.160
149504.0 145728.0 352.0   0.0   7394304.0 870013.0 15379136.0 2091514.8  49280.0 49225.6     48    4.160   0      0.000    4.160
149504.0 145728.0 352.0   0.0   7394304.0 870021.1 15379136.0 2091514.8  49280.0 49226.1     48    4.160   0      0.000    4.160
149504.0 145728.0 352.0   0.0   7394304.0 870031.6 15379136.0 2091514.8  49280.0 49226.1     48    4.160   0      0.000    4.160
149504.0 145728.0 352.0   0.0   7394304.0 870042.4 15379136.0 2091514.8  49280.0 49226.2     48    4.160   0      0.000    4.160
149504.0 145728.0 352.0   0.0   7394304.0 870052.5 15379136.0 2091514.8  49280.0 49226.2     48    4.160   0      0.000    4.160
149504.0 145728.0 352.0   0.0   7394304.0 870084.6 15379136.0 2091514.8  49280.0 49226.2     48    4.160   0      0.000    4.160
149504.0 145728.0 352.0   0.0   7394304.0 870095.2 15379136.0 2091514.8  49280.0 49226.2     48    4.160   0      0.000    4.160
149504.0 145728.0 352.0   0.0   7394304.0 3487635.3 15379136.0 2091514.8  49664.0 49550.4     48    4.160   0      0.000    4.160
156928.0 138304.0  0.0   138261.4 7394304.0 3334843.0 15379136.0 2131796.2  49664.0 49551.4     49    4.212   0      0.000    4.212
156928.0 184768.0 115126.8  0.0   7320000.0 3765992.7 15379136.0 2208518.0  49664.0 49552.5     50    4.280   0      0.000    4.280
206464.0 148288.0  0.0   148238.8 7320000.0 5282788.4 15379136.0 2274425.4  49664.0 49553.2     51    4.363   0      0.000    4.363
206464.0 216192.0 128577.3 10720.0 7257152.0 7257152.0 15379136.0 2445478.1  49664.0 49553.6     53    4.454   0      0.000    4.454
213504.0 199680.0 72279.4  0.0   7276352.0 2741303.4 15379136.0 2566680.2  49664.0 49554.2     54    4.615   0      0.000    4.615
194496.0 199680.0  0.0   29312.0 7276352.0 5245741.4 15379136.0 2637359.5  49664.0 49554.2     55    4.825   0      0.000    4.825
181952.0 188864.0  0.0   32576.0 7306176.0   0.0    15379136.0 2694895.6  49664.0 49554.4     57    5.221   0      0.000    5.221
181952.0 182528.0 95808.1  0.0   7324480.0 3606830.9 15379136.0 2727367.6  49664.0 49554.6     58    5.322   0      0.000    5.322
176640.0 182528.0  0.0   30624.0 7324480.0 6819680.4 15379136.0 2823055.8  49664.0 49554.6     59    5.410   0      0.000    5.410
163712.0 172992.0  0.0   54013.7 7339904.0 1486331.9 15379136.0 2923729.2  49664.0 49556.3     61    5.703   0      0.000    5.703
163712.0 179520.0 132649.5  0.0   7330496.0 2161330.3 15379136.0 2955792.1  49664.0 49570.6     62    5.843   0      0.000    5.843
168960.0 179520.0  0.0   70966.4 7330496.0 2933700.4 15379136.0 3083437.1  49664.0 49573.2     63    5.939   0      0.000    5.939
168960.0 163712.0 82333.6  0.0   7356864.0 4438778.1 15379136.0 3130011.5  49664.0 49573.7     64    6.026   0      0.000    6.026
174464.0 125248.0  0.0   125231.7 7356864.0 5917831.4 15379136.0 3208177.0  49664.0 49573.7     65    6.106   0      0.000    6.106
174464.0 174208.0 102287.8  0.0   7340864.0 6695463.6 15379136.0 3300776.5  49664.0 49573.9     66    6.410   0      0.000    6.410
180032.0 174144.0 60909.9  0.0   7335360.0 913726.6 15379136.0 3434082.9  49664.0 49575.9     68    6.654   0      0.000    6.654
177216.0 174144.0  0.0   114379.8 7335360.0 2620420.3 15379136.0 3494392.9  49664.0 49576.7     69    6.851   0      0.000    6.851
177216.0 169408.0 75617.8  0.0   7342912.0 3941975.2 15379136.0 3567322.0  49664.0 49577.5     70    7.139   0      0.000    7.139
164032.0 169408.0  0.0   64587.7 7342912.0 5709524.2 15379136.0 3662569.2  49664.0 49577.5     71    7.333   0      0.000    7.333
167104.0 32192.0  0.0   32128.0 7356736.0 972882.5 15379136.0 3876570.9  49664.0 49577.5     73    7.548   0      0.000    7.548
167104.0 166144.0 33231.5  0.0   7356288.0 3528729.8 15379136.0 3908091.0  49664.0 49577.5     74    7.687   0      0.000    7.687
158208.0 166144.0  0.0   67545.5 7356288.0 749800.7 15379136.0 3940178.5  49664.0 49577.5     75    7.862   0      0.000    7.862
158208.0 166144.0  0.0   67545.5 7356288.0 5687418.1 15379136.0 3940178.5  49664.0 49578.2     75    7.862   0      0.000    7.862
158208.0 155072.0 42592.0  0.0   7376256.0 3070937.8 15379136.0 4003548.0  49664.0 49662.9     76    7.967   0      0.000    7.967
151936.0 155072.0  0.0   39873.3 7376256.0 85950.7  15379136.0 4046100.0  49856.0 49664.4     77    8.069   0      0.000    8.069
151936.0 155072.0  0.0   39873.3 7376256.0 3846671.9 15379136.0 4046100.0  49856.0 49664.4     77    8.069   0      0.000    8.069
151936.0 155072.0  0.0   39873.3 7376256.0 6385151.7 15379136.0 4046100.0  49856.0 49664.6     77    8.069   0      0.000    8.069
151936.0 155072.0  0.0   39873.3 7376256.0 7240227.2 15379136.0 4046100.0  49856.0 49665.4     77    8.069   0      0.000    8.069
151936.0 155072.0  0.0   39873.3 7376256.0 7240250.1 15379136.0 4046100.0  49856.0 49665.4     77    8.069   0      0.000    8.069
151936.0 155072.0  0.0   39873.3 7376256.0 7240271.0 15379136.0 4046100.0  49856.0 49665.4     77    8.069   0      0.000    8.069
151936.0 144896.0 59288.5  0.0   7392704.0 5148829.6 15379136.0 4085885.3  49856.0 49745.2     78    8.182   0      0.000    8.182
160320.0 129664.0  0.0   129640.6 7392704.0 4625691.6 15379136.0 4186712.2  49856.0 49749.3     79    8.277   0      0.000    8.277
160320.0 155008.0 53441.9  0.0   7374208.0 5353778.2 15379136.0 4347260.2  49856.0 49753.3     80    8.330   0      0.000    8.330
169344.0 145984.0  0.0   145944.2 7374208.0 6162486.4 15379136.0 4430042.4  49856.0 49758.6     81    8.389   0      0.000    8.389
169344.0 185664.0 135349.3  0.0   7318208.0 7182829.9 15379136.0 4513125.1  49856.0 49762.9     83    8.449   0      0.000    8.449
181568.0 183040.0 115727.6  0.0   7323456.0 1823254.0 15379136.0 4715839.2  49856.0 49765.2     84    8.564   0      0.000    8.564
190528.0 134720.0  0.0   134657.9 7323456.0 2749792.6 15379136.0 4777977.2  49856.0 49765.2     85    8.621   0      0.000    8.621
190528.0 195840.0 5408.0  0.0   7297856.0 5003883.1 15379136.0 4839287.2  49856.0 49765.7     86    8.662   0      0.000    8.662
190336.0 195840.0  0.0   51509.6 7297856.0 6353822.0 15379136.0 4839359.2  49856.0 49767.1     87    8.698   0      0.000    8.698
180224.0 184896.0  0.0   50099.0 7314304.0 154153.0 15379136.0 4936877.0  49856.0 49767.4     89    8.792   0      0.000    8.792
180224.0 180864.0 16672.0  0.0   7327808.0 3025593.8 15379136.0 4986760.0  49856.0 49768.0     90    8.837   0      0.000    8.837
171392.0 180864.0  0.0   76665.3 7327808.0 1955219.3 15379136.0 4986816.0  49856.0 49768.5     91    8.878   0      0.000    8.878
171392.0 180864.0  0.0   76665.3 7327808.0 5046600.0 15379136.0 4986816.0  49856.0 49774.9     91    8.878   0      0.000    8.878
171392.0 174080.0 320.0   0.0   7341376.0 55135.9  15379136.0 4986888.0  49856.0 49774.9     92    8.914   0      0.000    8.914
171392.0 174080.0 320.0   0.0   7341376.0 441093.8 15379136.0 4986888.0  49856.0 49774.9     92    8.914   0      0.000    8.914
171392.0 174080.0 320.0   0.0   7341376.0 441116.9 15379136.0 4986888.0  49856.0 49774.9     92    8.914   0      0.000    8.914
171392.0 174080.0 320.0   0.0   7341376.0 442044.8 15379136.0 4986888.0  49856.0 49775.5     92    8.914   0      0.000    8.914
171392.0 174080.0 320.0   0.0   7341376.0 442129.5 15379136.0 4986888.0  49856.0 49776.9     92    8.914   0      0.000    8.914
171392.0 174080.0 320.0   0.0   7341376.0 3353386.1 15379136.0 4986888.0  49856.0 49787.1     92    8.914   0      0.000    8.914
174080.0 174080.0  0.0   174059.4 7341376.0 2648899.3 15379136.0 5022493.7  49856.0 49791.8     93    9.006   0      0.000    9.006
174080.0 208512.0 96162.0  0.0   7272512.0 2390602.2 15379136.0 5149978.1  49856.0 49851.5     94    9.114   0      0.000    9.114
208512.0 208512.0  0.0   208500.4 7272512.0 808181.6 15379136.0 5256148.0  50048.0 49886.5     95    9.272   0      0.000    9.272
208512.0 265728.0 109446.4  0.0   7158080.0 3767709.1 15379136.0 5485409.8  50048.0 49889.6     96    9.428   0      0.000    9.428
257344.0 265728.0  0.0   61344.1 7158080.0 5947940.8 15379136.0 5592360.1  50048.0 49944.8     97    9.597   0      0.000    9.597
237440.0 248384.0  0.0   81920.1 7183808.0   0.0    15379136.0 5734988.0  50048.0 49944.8     99    9.860   0      0.000    9.860
237440.0 245888.0 160659.3  0.0   7197760.0 2117815.4 15379136.0 5786156.0  50048.0 49948.1    100    9.987   0      0.000    9.987
238336.0 245888.0  0.0   69856.1 7197760.0 3148138.9 15379136.0 5870563.8  50048.0 49953.7    101   10.224   0      0.000   10.224
238336.0 229376.0 76416.4  0.0   7221824.0 3213490.3 15379136.0 5927531.8  50048.0 49955.0    102   10.368   0      0.000   10.368
252480.0 197888.0  0.0   197871.5 7221824.0 2676708.4 15379136.0 6003889.9  50048.0 49957.5    103   10.537   0      0.000   10.537
252480.0 261824.0 173897.1  0.0   7165888.0 2646252.4 15379136.0 6200533.4  50048.0 49961.7    104   10.721   0      0.000   10.721
252480.0 261824.0 173897.1  0.0   7165888.0 5128929.7 15379136.0 6200533.4  50048.0 49961.7    104   10.721   0      0.000   10.721
273792.0 188352.0  0.0   188341.6 7165888.0 5937629.6 15379136.0 6369730.6  50048.0 49962.0    105   10.864   0      0.000   10.864
259008.0 260992.0  0.0   56000.1 7154752.0 528388.6 15379136.0 6688269.6  50048.0 49962.0    107   11.227   0      0.000   11.227
259008.0 252352.0 73408.1  0.0   7178176.0 1872885.4 15379136.0 6738069.7  50048.0 49962.6    108   11.369   0      0.000   11.369
239168.0 252352.0  0.0   109017.7 7178176.0 1631504.2 15379136.0 6811445.8  50048.0 49962.6    109   11.520   0      0.000   11.520
239168.0 228352.0 101807.5  0.0   7222016.0 1707468.5 15379136.0 6918415.4  50048.0 49963.5    110   11.796   0      0.000   11.796
222848.0 228352.0  0.0   128174.8 7222016.0   0.0    15379136.0 7016182.9  50048.0 49963.5    111   12.012   0      0.000   12.012
222848.0 228352.0  0.0   128174.8 7222016.0 2704958.4 15379136.0 7016182.9  50048.0 49964.0    111   12.012   0      0.000   12.012
222848.0 228352.0  0.0   128174.8 7222016.0 3742854.1 15379136.0 7016182.9  50048.0 49965.0    111   12.012   0      0.000   12.012
222848.0 228352.0  0.0   128174.8 7222016.0 3742875.0 15379136.0 7016182.9  50048.0 49965.0    111   12.012   0      0.000   12.012
222848.0 228352.0  0.0   128174.8 7222016.0 3742897.8 15379136.0 7016182.9  50048.0 49965.1    111   12.012   0      0.000   12.012
222848.0 228352.0  0.0   128174.8 7222016.0 3742921.5 15379136.0 7016182.9  50048.0 49965.1    111   12.012   0      0.000   12.012
222848.0 228352.0  0.0   128174.8 7222016.0 3742963.1 15379136.0 7016182.9  50048.0 49965.1    111   12.012   0      0.000   12.012
222848.0 228352.0  0.0   128174.8 7222016.0 3742983.6 15379136.0 7016182.9  50048.0 49965.1    111   12.012   0      0.000   12.012
222848.0 228352.0  0.0   128174.8 7222016.0 3743006.4 15379136.0 7016182.9  50048.0 49965.1    111   12.012   0      0.000   12.012
222848.0 228352.0  0.0   128174.8 7222016.0 3743028.1 15379136.0 7016182.9  50048.0 49967.0    111   12.012   0      0.000   12.012
222848.0 228352.0  0.0   128174.8 7222016.0 3743049.0 15379136.0 7016182.9  50048.0 49967.0    111   12.012   0      0.000   12.012
222848.0 228352.0  0.0   128174.8 7222016.0 5701024.0 15379136.0 7016182.9  50048.0 49972.4    111   12.012   0      0.000   12.012
222848.0 301376.0 222820.2 19072.1 7086784.0 7086784.0 15379136.0 7172669.1  50048.0 49972.6    113   12.207   0      0.000   12.207
296192.0 282752.0 112753.3  0.0   7110592.0 2223653.0 15379136.0 7380325.3  50048.0 49972.8    114   12.503   0      0.000   12.503
272000.0 282752.0  0.0   101888.2 7110592.0 4750435.8 15379136.0 7457581.9  50048.0 49972.8    115   12.668   0      0.000   12.668
272000.0 269888.0 53376.0 85248.2 7147648.0 7147648.0 15379136.0 7562662.1  50048.0 49972.9    117   12.826   0      0.000   12.826
255872.0 251136.0 142816.2  0.0   7182528.0 980405.9 15379136.0 7705233.2  50048.0 49972.9    118   13.314   0      0.000   13.314
244480.0 251136.0  0.0   83619.2 7182528.0 2525249.6 15379136.0 7839873.4  50048.0 49979.0    119   13.489   0      0.000   13.489
244480.0 256320.0 183654.4  0.0   7176896.0 4171605.9 15379136.0 7948905.7  50048.0 49979.0    120   13.694   0      0.000   13.694
254016.0 256320.0  0.0   59513.0 7176896.0 5642937.6 15379136.0 8112500.5  50048.0 49979.2    121   13.864   0      0.000   13.864
243136.0 243968.0  0.0   49408.0 7191552.0 703632.9 15379136.0 8268085.6  50048.0 49979.2    123   14.016   0      0.000   14.016
243136.0 238656.0 60256.7  0.0   7207744.0 2553165.1 15379136.0 8268149.6  50048.0 49979.2    124   14.079   0      0.000   14.079
237824.0 238656.0  0.0   33353.6 7207744.0 5690680.7 15379136.0 8268213.6  50048.0 49979.4    125   14.137   0      0.000   14.137
223360.0 232064.0  0.0   107978.3 7219648.0 1280507.4 15379136.0 8394983.6  50048.0 49979.9    127   14.276   0      0.000   14.276
223360.0 232064.0  0.0   107978.3 7219648.0 5541427.4 15379136.0 8394983.6  50048.0 49981.5    127   14.276   0      0.000   14.276
223360.0 231744.0 152843.7  0.0   7226048.0 1557826.0 15379136.0 8471100.0  50048.0 49981.6    128   14.355   0      0.000   14.355
223360.0 231744.0 152843.7  0.0   7226048.0 6121757.9 15379136.0 8471100.0  50048.0 49982.0    128   14.355   0      0.000   14.355
224128.0 231744.0  0.0   116001.5 7226048.0 5073796.1 15379136.0 8573977.1  50048.0 49982.0    129   14.428   0      0.000   14.428
224128.0 225216.0 25116.1  0.0   7239104.0 4488113.3 15379136.0 8689778.8  50048.0 49982.1    130   14.492   0      0.000   14.492
219840.0 225216.0  0.0   50312.8 7239104.0 2934679.4 15379136.0 8714678.9  50240.0 50057.0    131   14.554   0      0.000   14.554
219840.0 222208.0 352.0   0.0   7245120.0 704449.9 15379136.0 8764683.7  50240.0 50057.0    132   14.615   0      0.000   14.615
219840.0 222208.0 352.0   0.0   7245120.0 4458790.0 15379136.0 8764683.7  50240.0 50057.1    132   14.615   0      0.000   14.615
219840.0 222208.0 352.0   0.0   7245120.0 5805531.2 15379136.0 8764683.7  50240.0 50057.3    132   14.615   0      0.000   14.615
219840.0 222208.0 352.0   0.0   7245120.0 6394793.2 15379136.0 8764683.7  50240.0 50057.7    132   14.615   0      0.000   14.615
219840.0 222208.0 352.0   0.0   7245120.0 6394814.2 15379136.0 8764683.7  50240.0 50057.7    132   14.615   0      0.000   14.615
219840.0 222208.0 352.0   0.0   7245120.0 6394837.2 15379136.0 8764683.7  50240.0 50057.7    132   14.615   0      0.000   14.615
219840.0 222208.0 352.0   0.0   7245120.0 6394881.6 15379136.0 8764683.7  50240.0 50057.9    132   14.615   0      0.000   14.615
219840.0 222208.0 352.0   0.0   7245120.0 6394904.6 15379136.0 8764683.7  50240.0 50057.9    132   14.615   0      0.000   14.615
219840.0 222208.0 352.0   0.0   7245120.0 6394925.6 15379136.0 8764683.7  50240.0 50057.9    132   14.615   0      0.000   14.615
219840.0 222208.0 352.0   0.0   7245120.0 6394948.5 15379136.0 8764683.7  50240.0 50057.9    132   14.615   0      0.000   14.615
219840.0 222208.0 352.0   0.0   7245120.0 6394967.2 15379136.0 8764683.7  50240.0 50057.9    132   14.615   0      0.000   14.615
219840.0 222208.0 352.0   0.0   7245120.0 6395016.5 15379136.0 8764683.7  50240.0 50058.4    132   14.615   0      0.000   14.615
219840.0 222208.0 352.0   0.0   7245120.0 6395035.6 15379136.0 8764683.7  50240.0 50058.7    132   14.615   0      0.000   14.615
217600.0 222208.0  0.0   26016.6 7245120.0 4003390.9 15379136.0 8764763.7  50240.0 50059.4    133   14.674   0      0.000   14.674
217600.0 234880.0 160997.5  0.0   7219776.0 5148615.2 15379136.0 8770903.6  50240.0 50059.4    134   14.779   0      0.000   14.779
244160.0 150144.0  32.0  150114.1 7219776.0 7219776.0 15379136.0 8818955.7  50240.0 50059.4    136   14.929   0      0.000   14.929
249472.0 257984.0  0.0   55552.0 7173568.0 1909863.4 15379136.0 9053155.8  50240.0 50059.6    137   15.262   0      0.000   15.262
249472.0 239232.0 63808.0  0.0   7200832.0 4114678.0 15379136.0 9106699.8  50240.0 50059.9    138   15.520   0      0.000   15.520
226688.0 239232.0  0.0   97504.1 7200832.0 5331611.6 15379136.0 9170547.8  50240.0 50061.5    139   15.682   0      0.000   15.682
225472.0 224960.0  0.0    32.0  7237888.0 3600325.3 15379136.0 9291276.2  50240.0 50062.6    141   15.971   0      0.000   15.971
225472.0 224960.0  0.0    32.0  7237888.0 6418396.8 15379136.0 9291276.2  50240.0 50066.7    141   15.971   0      0.000   15.971
225472.0 216832.0 40093.4  0.0   7247232.0 6126671.5 15379136.0 9291276.2  50240.0 50066.7    142   16.036   0      0.000   16.036
227584.0 141120.0  0.0   141075.3 7247232.0 6291544.7 15379136.0 9328948.1  50240.0 50066.9    143   16.173   0      0.000   16.173
227584.0 334336.0 227570.0 180991.7 7020864.0 7020864.0 15379136.0 9683684.6  50240.0 50066.9    145   16.420   0      0.000   16.420
343936.0 326720.0 134933.7  0.0   7018880.0 1587926.3 15379136.0 9847068.9  50240.0 50066.9    146   16.759   0      0.000   16.759
343936.0 326720.0 134933.7  0.0   7018880.0 6880345.1 15379136.0 9847068.9  50240.0 50066.9    146   16.759   0      0.000   16.759
314048.0 303872.0 62496.1  0.0   7071616.0 101057.1 15379136.0 9999004.7  50240.0 50068.1    148   17.084   0      0.000   17.084
314048.0 303872.0 62496.1 145283.3 7071616.0 7071616.0 15379136.0 10018628.8 50240.0 50069.8    149   17.084   0      0.000   17.084
331648.0 312128.0 128234.7  0.0   7045760.0 667376.6 15379136.0 10278399.1 50240.0 50069.8    150   17.510   0      0.000   17.510
298368.0 312128.0  0.0   96801.3 7045760.0 1903410.3 15379136.0 10402549.8 50240.0 50071.8    151   17.700   0      0.000   17.700
298368.0 288128.0 79627.5  0.0   7103040.0 1216815.1 15379136.0 10494199.1 50240.0 50072.1    152   17.860   0      0.000   17.860
298368.0 288128.0 79627.5 21152.0 7103040.0 7103040.0 15379136.0 10524950.0 50240.0 50072.9    153   17.860   0      0.000   17.860
276352.0 288128.0  0.0   132474.7 7103040.0 3573844.2 15379136.0 10573214.0 50240.0 50072.9    153   18.043   0      0.000   18.043
276352.0 288128.0  0.0   132474.7 7103040.0 6215797.9 15379136.0 10573214.0 50240.0 50072.9    153   18.043   0      0.000   18.043
276352.0 263488.0 103411.5  0.0   7149696.0 65212.8  15379136.0 10692412.6 50240.0 50072.9    154   18.271   0      0.000   18.271
276352.0 263488.0 103411.5  0.0   7149696.0 1043293.0 15379136.0 10692412.6 50240.0 50072.9    154   18.271   0      0.000   18.271
276352.0 263488.0 103411.5  0.0   7149696.0 1043406.6 15379136.0 10692412.6 50240.0 50072.9    154   18.271   0      0.000   18.271
276352.0 263488.0 103411.5  0.0   7149696.0 1043431.5 15379136.0 10692412.6 50240.0 50074.5    154   18.271   0      0.000   18.271
276352.0 263488.0 103411.5  0.0   7149696.0 1043452.7 15379136.0 10692412.6 50240.0 50074.5    154   18.271   0      0.000   18.271
276352.0 263488.0 103411.5  0.0   7149696.0 1043475.6 15379136.0 10692412.6 50240.0 50074.5    154   18.271   0      0.000   18.271
276352.0 263488.0 103411.5  0.0   7149696.0 1043496.4 15379136.0 10692412.6 50240.0 50074.9    154   18.271   0      0.000   18.271
276352.0 263488.0 103411.5  0.0   7149696.0 1043541.0 15379136.0 10692412.6 50240.0 50075.9    154   18.271   0      0.000   18.271
276352.0 263488.0 103411.5  0.0   7149696.0 1043562.1 15379136.0 10692412.6 50240.0 50077.0    154   18.271   0      0.000   18.271
276352.0 263488.0 103411.5  0.0   7149696.0 1043788.6 15379136.0 10692412.6 50240.0 50077.7    154   18.271   0      0.000   18.271
276352.0 263488.0 103411.5  0.0   7149696.0 1043809.2 15379136.0 10692412.6 50240.0 50077.9    154   18.271   0      0.000   18.271
276352.0 263488.0 103411.5  0.0   7149696.0 1043828.0 15379136.0 10692412.6 50240.0 50079.1    154   18.271   0      0.000   18.271
276352.0 263488.0 103411.5  0.0   7149696.0 1043876.4 15379136.0 10692412.6 50240.0 50079.2    154   18.271   0      0.000   18.271
276352.0 263488.0 103411.5  0.0   7149696.0 1043897.2 15379136.0 10692412.6 50240.0 50079.4    154   18.271   0      0.000   18.271
276352.0 263488.0 103411.5  0.0   7149696.0 1043920.0 15379136.0 10692412.6 50240.0 50081.7    154   18.271   0      0.000   18.271
276352.0 263488.0 103411.5  0.0   7149696.0 1043940.6 15379136.0 10692412.6 50240.0 50084.0    154   18.271   0      0.000   18.271
276352.0 263488.0 103411.5  0.0   7149696.0 1043963.2 15379136.0 10692412.6 50240.0 50084.0    154   18.271   0      0.000   18.271
276352.0 263488.0 103411.5  0.0   7149696.0 2635330.4 15379136.0 10692412.6 50240.0 50085.6    154   18.271   0      0.000   18.271
292160.0 235008.0  0.0   234950.1 7149696.0 4016758.4 15379136.0 10795728.2 50240.0 50085.6    155   18.521   0      0.000   18.521
292160.0 290944.0 41408.1  0.0   7106432.0 6299332.4 15379136.0 11024897.9 50240.0 50085.6    156   18.804   0      0.000   18.804
276928.0 276800.0 27392.0  0.0   7135808.0 1969933.7 15379136.0 11157538.3 50240.0 50085.6    158   19.071   0      0.000   19.071
268416.0 276800.0  0.0   61216.1 7135808.0 3883227.7 15379136.0 11184874.3 50240.0 50086.5    159   19.323   0      0.000   19.323
268416.0 258240.0 68920.6  0.0   7162880.0 7111761.8 15379136.0 11246026.4 50240.0 50088.7    161   19.460   0      0.000   19.460
251520.0 274048.0 199145.1  0.0   7141440.0 781233.6 15379136.0 11368273.2 50240.0 50089.9    162   19.821   0      0.000   19.821
267072.0 274048.0  0.0   48897.2 7141440.0 2853886.6 15379136.0 11561053.1 50240.0 50090.8    163   20.073   0      0.000   20.073
267072.0 260416.0 42494.2  0.0   7162048.0 5584126.0 15379136.0 11609886.3 50240.0 50090.8    164   20.171   0      0.000   20.171
249664.0 246080.0 124618.8  0.0   7193792.0 912526.0 15379136.0 11710341.2 50240.0 50090.8    166   20.325   0      0.000   20.325
238080.0 246080.0  0.0   53134.8 7193792.0 3868784.9 15379136.0 11859690.9 50240.0 50091.1    167   20.420   0      0.000   20.420
238080.0 235264.0 20648.0  0.0   7216192.0 7211814.2 15379136.0 11879849.7 50240.0 50094.1    169   20.499   0      0.000   20.499
227136.0 213568.0 72618.9  0.0   7248832.0 1965486.6 15379136.0 11900755.4 50240.0 50095.9    170   20.647   0      0.000   20.647
202304.0 213568.0  0.0   65879.8 7248832.0 4554888.4 15379136.0 11921732.1 50240.0 50096.1    171   20.735   0      0.000   20.735
202304.0 202944.0 352.0   0.0   7283648.0 7163535.6 15379136.0 11987384.0 50240.0 50096.1    173   20.807   0      0.000   20.807
197632.0 197312.0 288.0   0.0   7294592.0 2442316.3 15379136.0 12078759.8 50240.0 50097.1    174   20.963   0      0.000   20.963
195008.0 197312.0  0.0   288.0  7294592.0 1869040.5 15379136.0 12078823.8 50240.0 50097.1    175   21.036   0      0.000   21.036
195008.0 197312.0  0.0   288.0  7294592.0 6303191.8 15379136.0 12078823.8 50240.0 50097.1    175   21.036   0      0.000   21.036
195008.0 191232.0 288.0   0.0   7303296.0 2078086.0 15379136.0 12078895.8 50240.0 50097.1    176   21.108   0      0.000   21.108
195008.0 191232.0 288.0   0.0   7303296.0 2841916.0 15379136.0 12078895.8 50240.0 50097.1    176   21.108   0      0.000   21.108
195008.0 191232.0 288.0   0.0   7303296.0 2841961.1 15379136.0 12078895.8 50240.0 50097.1    176   21.108   0      0.000   21.108
195008.0 191232.0 288.0   0.0   7303296.0 2841983.8 15379136.0 12078895.8 50240.0 50097.1    176   21.108   0      0.000   21.108
195008.0 191232.0 288.0   0.0   7303296.0 2842004.6 15379136.0 12078895.8 50240.0 50097.1    176   21.108   0      0.000   21.108
195008.0 191232.0 288.0   0.0   7303296.0 2842025.2 15379136.0 12078895.8 50240.0 50097.1    176   21.108   0      0.000   21.108
195008.0 191232.0 288.0   0.0   7303296.0 2842041.9 15379136.0 12078895.8 50240.0 50097.1    176   21.108   0      0.000   21.108
195008.0 191232.0 288.0   0.0   7303296.0 2842089.4 15379136.0 12078895.8 50240.0 50097.1    176   21.108   0      0.000   21.108
195008.0 191232.0 288.0   0.0   7303296.0 2842108.2 15379136.0 12078895.8 50240.0 50097.1    176   21.108   0      0.000   21.108
195008.0 191232.0 288.0   0.0   7303296.0 2842128.8 15379136.0 12078895.8 50240.0 50097.1    176   21.108   0      0.000   21.108
195008.0 191232.0 288.0   0.0   7303296.0 2842147.8 15379136.0 12078895.8 50240.0 50097.3    176   21.108   0      0.000   21.108
195008.0 191232.0 288.0   0.0   7303296.0 2842168.4 15379136.0 12078895.8 50240.0 50097.6    176   21.108   0      0.000   21.108
195008.0 191232.0 288.0   0.0   7303296.0 2842208.8 15379136.0 12078895.8 50240.0 50097.8    176   21.108   0      0.000   21.108
195008.0 191232.0 288.0   0.0   7303296.0 2842231.6 15379136.0 12078895.8 50240.0 50097.8    176   21.108   0      0.000   21.108
195008.0 191232.0 288.0   0.0   7303296.0 2842255.0 15379136.0 12078895.8 50240.0 50098.9    176   21.108   0      0.000   21.108
195008.0 191232.0 288.0   0.0   7303296.0 2842279.8 15379136.0 12078895.8 50240.0 50099.5    176   21.108   0      0.000   21.108
195008.0 191232.0 288.0   0.0   7303296.0 2842316.8 15379136.0 12078895.8 50240.0 50099.5    176   21.108   0      0.000   21.108
195008.0 191232.0 288.0   0.0   7303296.0 2842361.9 15379136.0 12078895.8 50240.0 50100.8    176   21.108   0      0.000   21.108
185600.0 191232.0  0.0   74794.3 7303296.0 1912834.8 15379136.0 12078951.8 50240.0 50102.2    177   21.200   0      0.000   21.200
185600.0 215232.0 170205.3  0.0   7259072.0 2667693.5 15379136.0 12150547.6 50240.0 50102.2    178   21.353   0      0.000   21.353
239424.0 172096.0  0.0   172037.9 7259072.0 3607267.7 15379136.0 12280580.5 50240.0 50102.2    179   21.539   0      0.000   21.539
239424.0 257792.0 170434.9  0.0   7173952.0 5351831.6 15379136.0 12431965.6 50240.0 50103.7    180   21.728   0      0.000   21.728
264512.0 150784.0  0.0   150723.2 7173952.0 6537808.3 15379136.0 12600220.6 50240.0 50105.2    181   21.919   0      0.000   21.919
264512.0 248832.0 96725.7  0.0   7176192.0 5511426.6 15379136.0 12745367.7 50240.0 50105.3    182   22.100   0      0.000   22.100
236288.0 248832.0  0.0   75101.1 7176192.0 5287380.4 15379136.0 12818999.8 50240.0 50105.3    183   22.272   0      0.000   22.272
236288.0 227776.0 107360.2  0.0   7225472.0 6964312.6 15379136.0 12889426.6 50240.0 50105.3    184   22.470   0      0.000   22.470
216832.0 204672.0 89368.4  0.0   7268032.0 966721.1 15379136.0 13009883.7 50240.0 50105.3    186   22.823   0      0.000   22.823
224128.0 174464.0  0.0   174432.4 7268032.0 1931025.0 15379136.0 13096180.0 50240.0 50105.3    187   23.015   0      0.000   23.015
224128.0 235904.0 165028.2  0.0   7217728.0 2710079.6 15379136.0 13195777.8 50240.0 50105.3    188   23.219   0      0.000   23.219
235904.0 235904.0  0.0   235899.7 7217728.0 775880.8 15379136.0 13306006.6 50240.0 50106.0    189   23.477   0      0.000   23.477
235904.0 332224.0 234522.6  0.0   7025088.0 282024.6 15379136.0 13519226.4 50240.0 50106.3    190   23.785   0      0.000   23.785
321344.0 332224.0  0.0   91588.4 7025088.0 1978991.0 15379136.0 13746793.1 50240.0 50106.3    191   24.062   0      0.000   24.062
321344.0 305792.0 117922.1  0.0   7062400.0 4572611.5 15379136.0 13835821.4 50240.0 50106.3    192   24.270   0      0.000   24.270
300352.0 305792.0  0.0   64736.1 7062400.0 6770446.8 15379136.0 13946541.2 50240.0 50106.3    193   24.457   0      0.000   24.457
276992.0 284096.0  0.0   75115.6 7105088.0 660385.7 15379136.0 14128850.0 50240.0 50106.3    195   24.848   0      0.000   24.848
276992.0 284096.0 142295.5 75115.6 7105088.0 7105088.0 15379136.0 14193765.6 50240.0 50106.3    196   24.848   0      0.000   24.848
276992.0 270720.0 146295.5  0.0   7141824.0 4432765.8 15379136.0 14201925.6 50240.0 50106.3    196   25.051   0      0.000   25.051
276992.0 270720.0 146295.5  0.0   7141824.0 5831485.3 15379136.0 14201925.6 50240.0 50106.3    196   25.051   0      0.000   25.051
258240.0 270720.0  0.0   129628.7 7141824.0 567319.3 15379136.0 14318618.3 50240.0 50106.3    197   25.268   0      0.000   25.268
258240.0 270720.0  0.0   129628.7 7141824.0 2903097.8 15379136.0 14318618.3 50240.0 50106.3    197   25.268   0      0.000   25.268
258240.0 270720.0  0.0   129628.7 7141824.0 4913567.8 15379136.0 14318618.3 50240.0 50106.3    197   25.268   0      0.000   25.268
258240.0 270720.0  0.0   129628.7 7141824.0 6060340.8 15379136.0 14318618.3 50240.0 50106.3    197   25.268   0      0.000   25.268
258240.0 270720.0  0.0   129628.7 7141824.0 6060383.1 15379136.0 14318618.3 50240.0 50106.3    197   25.268   0      0.000   25.268
258240.0 270720.0  0.0   129628.7 7141824.0 6060403.7 15379136.0 14318618.3 50240.0 50106.3    197   25.268   0      0.000   25.268
258240.0 270720.0  0.0   129628.7 7141824.0 6060422.4 15379136.0 14318618.3 50240.0 50106.3    197   25.268   0      0.000   25.268
258240.0 270720.0  0.0   129628.7 7141824.0 6060443.0 15379136.0 14318618.3 50240.0 50106.5    197   25.268   0      0.000   25.268
258240.0 270720.0  0.0   129628.7 7141824.0 6060461.7 15379136.0 14318618.3 50240.0 50106.9    197   25.268   0      0.000   25.268
258240.0 270720.0  0.0   129628.7 7141824.0 6060508.6 15379136.0 14318618.3 50240.0 50108.1    197   25.268   0      0.000   25.268
258240.0 270720.0  0.0   129628.7 7141824.0 6060527.6 15379136.0 14318618.3 50240.0 50108.1    197   25.268   0      0.000   25.268
258240.0 270720.0  0.0   129628.7 7141824.0 6188814.0 15379136.0 14318618.3 50240.0 50108.3    197   25.268   0      0.000   25.268
258240.0 252096.0 81454.4  32.0  7179200.0 7179200.0 15379136.0 14416668.2 50240.0 50109.6    199   25.480   0      0.000   25.480
250688.0 242048.0 99141.6  0.0   7196800.0 1776127.6 15379136.0 14628430.5 50240.0 50109.8    200   25.898   0      0.000   25.898
237184.0 242048.0  0.0   78080.1 7196800.0 4928399.0 15379136.0 14696457.4 50240.0 50109.8    201   26.065   0      0.000   26.065
237184.0 237824.0 41504.0 79520.1 7213888.0 7213888.0 15379136.0 14811153.5 50240.0 50110.0    203   26.228   0      0.000   26.228
229440.0 218368.0 99211.1  0.0   7241728.0 2867953.5 15379136.0 14898857.6 50240.0 50110.0    204   26.703   0      0.000   26.703
208384.0 218368.0  0.0   98198.0 7241728.0 3697742.8 15379136.0 14998052.8 50240.0 50110.1    205   26.900   0      0.000   26.900
208384.0 303168.0 208362.0  0.0   7083200.0   0.0    15379136.0 15178847.7 50240.0 50110.1    206   27.196   1      0.000   27.196
208384.0 303168.0 208362.0  0.0   7083200.0   0.0    15379136.0 15178847.7 50240.0 50110.1    206   27.196   1      0.000   27.196
208384.0 303168.0 208362.0  0.0   7083200.0   0.0    15379136.0 15178847.7 50240.0 50110.1    206   27.196   1      0.000   27.196
208384.0 303168.0 208362.0  0.0   7083200.0   0.0    15379136.0 15178847.7 50240.0 50110.1    206   27.196   1      0.000   27.196
208384.0 303168.0  0.0    0.0   7083200.0 6769819.5 15379136.0 3083149.6  100480.0 50110.4    206   27.196   1      7.532   34.728
310784.0 297472.0 117732.7  0.0   7081280.0 2209559.9 15379136.0 3240785.8  100480.0 50111.5    208   27.277   1      7.532   34.809
293696.0 297472.0  0.0   170666.9 7081280.0 3590867.9 15379136.0 3341495.7  100480.0 50111.5    209   27.320   1      7.532   34.852
293696.0 292480.0 58417.4  0.0   7103360.0 6461023.3 15379136.0 3438090.6  100480.0 50111.5    210   27.351   1      7.532   34.883
287680.0 287936.0 29578.4  0.0   7113664.0 1623149.2 15379136.0 3589496.0  100480.0 50111.5    212   27.406   1      7.532   34.938
281920.0 287936.0  0.0   51324.4 7113664.0 2679200.7 15379136.0 3664553.7  100480.0 50111.7    213   27.437   1      7.532   34.970
281920.0 272192.0 66296.8  0.0   7135424.0 4040726.8 15379136.0 3665033.8  100480.0 50111.7    214   27.459   1      7.532   34.991
273408.0 272192.0  0.0   352.0  7135424.0 5226089.4 15379136.0 3780721.0  100480.0 50111.7    215   27.484   1      7.532   35.016
273408.0 271680.0 320.0   0.0   7144448.0 5675862.0 15379136.0 3780769.0  100480.0 50111.7    216   27.498   1      7.532   35.030
267584.0 271680.0  0.0   320.0  7144448.0 1889340.6 15379136.0 3780841.0  100480.0 50111.7    217   27.511   1      7.532   35.043
267584.0 271680.0  0.0   320.0  7144448.0 3116138.0 15379136.0 3780841.0  100480.0 50111.7    217   27.511   1      7.532   35.043
267584.0 271680.0  0.0   320.0  7144448.0 3116193.4 15379136.0 3780841.0  100480.0 50111.7    217   27.511   1      7.532   35.043
267584.0 271680.0  0.0   320.0  7144448.0 3116647.8 15379136.0 3780841.0  100480.0 50111.7    217   27.511   1      7.532   35.043
267584.0 271680.0  0.0   320.0  7144448.0 3116664.4 15379136.0 3780841.0  100480.0 50111.7    217   27.511   1      7.532   35.043
267584.0 271680.0  0.0   320.0  7144448.0 3116680.9 15379136.0 3780841.0  100480.0 50111.7    217   27.511   1      7.532   35.043
267584.0 271680.0  0.0   320.0  7144448.0 3116731.7 15379136.0 3780841.0  100480.0 50111.7    217   27.511   1      7.532   35.043
267584.0 271680.0  0.0   320.0  7144448.0 3116744.2 15379136.0 3780841.0  100480.0 50111.7    217   27.511   1      7.532   35.043
267584.0 271680.0  0.0   320.0  7144448.0 3116778.4 15379136.0 3780841.0  100480.0 50111.7    217   27.511   1      7.532   35.043
267584.0 271680.0  0.0   320.0  7144448.0 3116793.1 15379136.0 3780841.0  100480.0 50111.7    217   27.511   1      7.532   35.043
267584.0 271680.0  0.0   320.0  7144448.0 3116809.9 15379136.0 3780841.0  100480.0 50111.7    217   27.511   1      7.532   35.043
267584.0 271680.0  0.0   320.0  7144448.0 3116824.4 15379136.0 3780841.0  100480.0 50112.3    217   27.511   1      7.532   35.043
267584.0 271680.0  0.0   320.0  7144448.0 3116875.1 15379136.0 3780841.0  100480.0 50112.3    217   27.511   1      7.532   35.043
267584.0 271680.0  0.0   320.0  7144448.0 3116900.1 15379136.0 3780841.0  100480.0 50112.3    217   27.511   1      7.532   35.043
267584.0 294400.0 200903.2  0.0   7100736.0 2190840.6 15379136.0 3780889.0  100480.0 50112.6    218   27.568   1      7.532   35.100
322624.0 221248.0  0.0   221211.0 7100736.0 2519806.9 15379136.0 3871919.6  100480.0 50114.0    219   27.664   1      7.532   35.196
322624.0 320768.0 157150.3  0.0   7046144.0 3811691.2 15379136.0 4011781.4  100480.0 50114.2    220   27.794   1      7.532   35.326
319360.0 320768.0 49536.1 161712.8 7046144.0 7046144.0 15379136.0 4227326.6  100480.0 50114.3    222   27.935   1      7.532   35.467
288128.0 301888.0  0.0   80928.1 7068288.0 1782147.4 15379136.0 4392654.7  100480.0 50114.8    223   28.303   1      7.532   35.835
288128.0 279744.0 52192.3  0.0   7121664.0 361714.7 15379136.0 4473583.0  100480.0 50114.8    224   28.447   1      7.532   35.979
288128.0 279744.0 52192.3  96.0  7121664.0 7121664.0 15379136.0 4479583.3  100480.0 50114.8    225   28.447   1      7.532   35.979
275136.0 263616.0 57184.3  0.0   7150784.0 159357.3 15379136.0 4549997.2  100480.0 50116.5    226   28.698   1      7.532   36.230
263104.0 263616.0  0.0   136546.9 7150784.0 2095414.7 15379136.0 4599965.4  100480.0 50117.7    227   28.851   1      7.532   36.383
263104.0 252544.0 59904.1  0.0   7173888.0 5215065.5 15379136.0 4729572.3  100480.0 50117.7    228   28.989   1      7.532   36.521
262848.0 252544.0  0.0   163487.2 7173888.0 562676.4 15379136.0 4784292.4  100480.0 50118.8    229   29.142   1      7.532   36.674
262848.0 273856.0 173424.6  0.0   7141824.0 692044.3 15379136.0 4903324.0  100480.0 50119.2    230   29.360   1      7.532   36.892
260928.0 273856.0  0.0   116911.7 7141824.0 2974237.3 15379136.0 5066346.7  100480.0 50119.2    231   29.555   1      7.532   37.087
260928.0 247296.0 97982.3  0.0   7181312.0 1980700.6 15379136.0 5175602.3  100480.0 50119.2    232   29.802   1      7.532   37.334
235264.0 247296.0  0.0   112373.1 7181312.0 686792.8 15379136.0 5271080.5  100480.0 50121.1    233   29.969   1      7.532   37.501
235264.0 225984.0 86891.5  0.0   7228288.0 2895229.5 15379136.0 5376923.0  100480.0 50121.1    234   30.128   1      7.532   37.660
216640.0 225984.0  0.0   89214.0 7228288.0 5250438.3 15379136.0 5461266.5  100480.0 50121.1    235   30.274   1      7.532   37.806
216640.0 210368.0 74311.8  0.0   7262528.0 5572232.5 15379136.0 5550424.5  100480.0 50121.8    236   30.409   1      7.532   37.941
216640.0 210368.0  0.0   210363.6 7262528.0 4465583.8 15379136.0 5627460.4  100480.0 50128.9    237   30.565   1      7.532   38.097
216640.0 259776.0 82891.2  0.0   7169984.0 2053648.0 15379136.0 5844867.1  100480.0 50128.9    238   30.705   1      7.532   38.237
216640.0 259776.0 82891.2  0.0   7169984.0 5853122.2 15379136.0 5844867.1  100480.0 50128.9    238   30.705   1      7.532   38.237
246336.0 259776.0  0.0   110412.2 7169984.0 1644044.4 15379136.0 5919542.3  100480.0 50128.9    239   30.867   1      7.532   38.399
246336.0 259776.0  0.0   110412.2 7169984.0 3963662.9 15379136.0 5919542.3  100480.0 50128.9    239   30.867   1      7.532   38.399
246336.0 259776.0  0.0   110412.2 7169984.0 3988217.2 15379136.0 5919542.3  100480.0 50128.9    239   30.867   1      7.532   38.399
246336.0 259776.0  0.0   110412.2 7169984.0 3988260.4 15379136.0 5919542.3  100480.0 50128.9    239   30.867   1      7.532   38.399
246336.0 259776.0  0.0   110412.2 7169984.0 3988285.2 15379136.0 5919542.3  100480.0 50128.9    239   30.867   1      7.532   38.399
246336.0 259776.0  0.0   110412.2 7169984.0 3988303.9 15379136.0 5919542.3  100480.0 50128.9    239   30.867   1      7.532   38.399
246336.0 259776.0  0.0   110412.2 7169984.0 3988324.8 15379136.0 5919542.3  100480.0 50128.9    239   30.867   1      7.532   38.399
246336.0 259776.0  0.0   110412.2 7169984.0 3988343.4 15379136.0 5919542.3  100480.0 50128.9    239   30.867   1      7.532   38.399
246336.0 259776.0  0.0   110412.2 7169984.0 3988387.4 15379136.0 5919542.3  100480.0 50128.9    239   30.867   1      7.532   38.399
246336.0 259776.0  0.0   110412.2 7169984.0 3988406.1 15379136.0 5919542.3  100480.0 50128.9    239   30.867   1      7.532   38.399
246336.0 259776.0  0.0   110412.2 7169984.0 3988426.9 15379136.0 5919542.3  100480.0 50128.9    239   30.867   1      7.532   38.399
246336.0 259776.0  0.0   110412.2 7169984.0 3988445.8 15379136.0 5919542.3  100480.0 50128.9    239   30.867   1      7.532   38.399
246336.0 259776.0  0.0   110412.2 7169984.0 3988466.6 15379136.0 5919542.3  100480.0 50128.9    239   30.867   1      7.532   38.399
246336.0 259776.0  0.0   110412.2 7169984.0 3988511.8 15379136.0 5919542.3  100480.0 50128.9    239   30.867   1      7.532   38.399
246336.0 259776.0  0.0   110412.2 7169984.0 3988532.4 15379136.0 5919542.3  100480.0 50128.9    239   30.867   1      7.532   38.399
246336.0 259776.0  0.0   110412.2 7169984.0 3988555.2 15379136.0 5919542.3  100480.0 50129.3    239   30.867   1      7.532   38.399
246336.0 259776.0  0.0   110412.2 7169984.0 3988598.6 15379136.0 5919542.3  100480.0 50129.3    239   30.867   1      7.532   38.399
246336.0 259776.0  0.0   110412.2 7169984.0 4167327.6 15379136.0 5919542.3  100480.0 50129.3    239   30.867   1      7.532   38.399
246336.0 233280.0 114963.1  0.0   7209920.0 6284791.5 15379136.0 6025938.5  100480.0 50129.3    240   31.076   1      7.532   38.608
222144.0 216896.0 129696.6  0.0   7250496.0 1694815.9 15379136.0 6228561.0  100480.0 50129.4    242   31.391   1      7.532   38.923
216960.0 216896.0  0.0   56992.0 7250496.0 4957169.7 15379136.0 6358289.5  100480.0 50129.4    243   31.523   1      7.532   39.055
216960.0 217344.0 45376.0 169355.2 7254848.0 7254848.0 15379136.0 6449001.6  100480.0 50129.5    245   31.708   1      7.532   39.240
232384.0 223040.0 94332.3  0.0   7234112.0 2116272.4 15379136.0 6603024.9  100480.0 50129.5    246   32.026   1      7.532   39.558
232384.0 223040.0  0.0   223018.2 7234112.0 2083764.5 15379136.0 6705415.0  100480.0 50129.5    247   32.248   1      7.532   39.780
232384.0 286464.0 66742.6  0.0   7116608.0 3902585.5 15379136.0 6911534.6  100480.0 50129.5    248   32.448   1      7.532   39.980
274112.0 286464.0  0.0   134864.9 7116608.0 7044542.2 15379136.0 6971962.9  100480.0 50129.5    250   32.540   1      7.532   40.072
268928.0 273728.0  0.0   53141.1 7141696.0 2763754.0 15379136.0 7124626.8  100480.0 50129.5    251   32.632   1      7.532   40.164
268928.0 255296.0 116612.5  0.0   7165312.0 5029152.4 15379136.0 7144807.8  100480.0 50129.5    252   32.681   1      7.532   40.213
246912.0 244992.0 37045.1  0.0   7197632.0 1030805.9 15379136.0 7270416.8  100480.0 50129.5    254   32.776   1      7.532   40.308
231744.0 244992.0  0.0   103793.9 7197632.0 2001469.4 15379136.0 7270790.5  100480.0 50129.5    255   32.823   1      7.532   40.355
231744.0 231552.0 135861.0  0.0   7226240.0 3746911.2 15379136.0 7316709.6  100480.0 50129.6    256   32.883   1      7.532   40.415
226176.0 231552.0  0.0   61490.4 7226240.0 5738165.1 15379136.0 7384219.8  100480.0 50129.6    257   32.962   1      7.532   40.494
226112.0 226112.0  0.0   14368.0 7237248.0 1236595.1 15379136.0 7471837.0  100480.0 50129.6    259   33.118   1      7.532   40.651
226112.0 216256.0 59980.4  0.0   7247168.0 3894536.4 15379136.0 7486097.0  100480.0 50129.6    260   33.185   1      7.532   40.717
216832.0 216256.0  0.0   352.0  7247168.0 4414537.3 15379136.0 7545957.5  100480.0 50130.4    261   33.234   1      7.532   40.766
216832.0 211456.0 22123.1  0.0   7261248.0 2425314.8 15379136.0 7546021.5  100480.0 50130.4    262   33.270   1      7.532   40.802
216832.0 211456.0 22123.1  0.0   7261248.0 6405623.8 15379136.0 7546021.5  100480.0 50130.4    262   33.270   1      7.532   40.802
223104.0 205184.0  0.0   205143.9 7261248.0 3118533.3 15379136.0 7634356.5  100480.0 50133.6    263   33.342   1      7.532   40.874
223104.0 205184.0  0.0   205143.9 7261248.0 7191862.2 15379136.0 7634356.5  100480.0 50140.6    263   33.342   1      7.532   40.874
223104.0 232896.0 71717.0  0.0   7223744.0 3840130.2 15379136.0 7864576.7  100480.0 50140.6    264   33.415   1      7.532   40.947
231616.0 232896.0  0.0   224.0  7223744.0 1755495.1 15379136.0 7936049.8  100480.0 50140.8    265   33.457   1      7.532   40.989
231616.0 232896.0  0.0   224.0  7223744.0 6594862.9 15379136.0 7936049.8  100480.0 50140.8    265   33.457   1      7.532   40.989
231616.0 228224.0 352.0   0.0   7229696.0 1862924.2 15379136.0 7936113.8  100480.0 50141.6    266   33.492   1      7.532   41.024
231616.0 228224.0 352.0   0.0   7229696.0 4000440.8 15379136.0 7936113.8  100480.0 50141.7    266   33.492   1      7.532   41.024
231616.0 228224.0 352.0   0.0   7229696.0 6620783.8 15379136.0 7936113.8  100480.0 50141.7    266   33.492   1      7.532   41.024
223232.0 228224.0  0.0   288.0  7229696.0 1613664.5 15379136.0 7936177.8  100480.0 50141.7    267   33.528   1      7.532   41.060
223232.0 228224.0  0.0   288.0  7229696.0 3361571.8 15379136.0 7936177.8  100480.0 50141.7    267   33.528   1      7.532   41.060
223232.0 228224.0  0.0   288.0  7229696.0 4085725.7 15379136.0 7936177.8  100480.0 50141.7    267   33.528   1      7.532   41.060
223232.0 228224.0  0.0   288.0  7229696.0 4610861.7 15379136.0 7936177.8  100480.0 50141.7    267   33.528   1      7.532   41.060
223232.0 228224.0  0.0   288.0  7229696.0 5253404.1 15379136.0 7936177.8  100480.0 50141.7    267   33.528   1      7.532   41.060
223232.0 228224.0  0.0   288.0  7229696.0 6296660.1 15379136.0 7936177.8  100480.0 50141.7    267   33.528   1      7.532   41.060
223232.0 216896.0 256.0   0.0   7249408.0 94130.0  15379136.0 7936249.8  100480.0 50141.7    268   33.563   1      7.532   41.095
223232.0 216896.0 256.0   0.0   7249408.0 4796805.0 15379136.0 7936249.8  100480.0 50517.5    268   33.563   1      7.532   41.095
201920.0 188992.0 41349.9  0.0   7298624.0   0.0    15379136.0 7940197.4  100480.0 50521.2    270   33.642   1      7.532   41.174
184000.0 188992.0  0.0   256.0  7298624.0 3617695.2 15379136.0 7981447.3  100480.0 50521.2    271   33.678   1      7.532   41.210
184000.0 174656.0 20372.7  0.0   7330880.0 7330880.0 15379136.0 7981503.3  100480.0 50521.2    273   33.717   1      7.532   41.250
169024.0 162752.0 288.0   0.0   7357760.0 3673546.9 15379136.0 8021856.8  100480.0 50521.2    274   33.793   1      7.532   41.325
154688.0 162752.0  0.0   8480.0 7357760.0 5900530.6 15379136.0 8021904.8  100480.0 50692.5    275   33.828   1      7.532   41.361
157760.0 89344.0  0.0   89335.1 7387328.0 798353.9 15379136.0 8024920.2  100480.0 50693.0    277   33.910   1      7.532   41.442
157760.0 151616.0 320.0   0.0   7380160.0 4086826.6 15379136.0 8105811.4  100480.0 50698.1    278   33.952   1      7.532   41.484
145024.0 134848.0 21028.5  0.0   7409664.0 148149.4 15379136.0 8106553.1  100480.0 50699.8    280   34.024   1      7.532   41.556
129088.0 134848.0  0.0   41556.2 7409664.0 3255241.3 15379136.0 8127381.7  100480.0 50699.8    281   34.064   1      7.532   41.596
129088.0 124160.0 288.0   0.0   7436288.0 5172712.4 15379136.0 8127437.7  100480.0 50702.4    282   34.099   1      7.532   41.631
120064.0 124160.0  96.0  42116.2 7436288.0 7436288.0 15379136.0 8169001.9  100480.0 50702.4    284   34.136   1      7.532   41.668
120064.0 112192.0 20811.6  0.0   7457280.0 6136388.1 15379136.0 8169399.8  100480.0 50702.4    284   34.177   1      7.532   41.709
108352.0 112192.0  0.0   320.0  7457280.0 2768606.7 15379136.0 8189971.4  100480.0 50702.4    285   34.213   1      7.532   41.745
108352.0 112192.0  0.0   320.0  7457280.0 6096590.1 15379136.0 8189971.4  100480.0 50702.4    285   34.213   1      7.532   41.745
108352.0 104192.0 288.0   0.0   7476992.0 992344.9 15379136.0 8190043.4  100480.0 50702.4    286   34.248   1      7.532   41.780
108352.0 104192.0 288.0   0.0   7476992.0 992391.5 15379136.0 8190043.4  100480.0 50702.4    286   34.248   1      7.532   41.780
108352.0 104192.0 288.0   0.0   7476992.0 992412.1 15379136.0 8190043.4  100480.0 50702.4    286   34.248   1      7.532   41.780
108352.0 104192.0 288.0   0.0   7476992.0 992430.5 15379136.0 8190043.4  100480.0 50702.4    286   34.248   1      7.532   41.780
108352.0 104192.0 288.0   0.0   7476992.0 992451.1 15379136.0 8190043.4  100480.0 50702.4    286   34.248   1      7.532   41.780
108352.0 104192.0 288.0   0.0   7476992.0 992470.1 15379136.0 8190043.4  100480.0 50702.4    286   34.248   1      7.532   41.780
108352.0 104192.0 288.0   0.0   7476992.0 992515.9 15379136.0 8190043.4  100480.0 50702.4    286   34.248   1      7.532   41.780
108352.0 104192.0 288.0   0.0   7476992.0 992534.5 15379136.0 8190043.4  100480.0 50702.4    286   34.248   1      7.532   41.780
108352.0 104192.0 288.0   0.0   7476992.0 992553.3 15379136.0 8190043.4  100480.0 50702.4    286   34.248   1      7.532   41.780
108352.0 104192.0 288.0   0.0   7476992.0 992573.9 15379136.0 8190043.4  100480.0 50702.4    286   34.248   1      7.532   41.780
108352.0 104192.0 288.0   0.0   7476992.0 992592.5 15379136.0 8190043.4  100480.0 50702.4    286   34.248   1      7.532   41.780
108352.0 104192.0 288.0   0.0   7476992.0 992634.0 15379136.0 8190043.4  100480.0 50702.4    286   34.248   1      7.532   41.780
108352.0 104192.0 288.0   0.0   7476992.0 992654.5 15379136.0 8190043.4  100480.0 50702.4    286   34.248   1      7.532   41.780
108352.0 104192.0 288.0   0.0   7476992.0 992672.9 15379136.0 8190043.4  100480.0 50702.4    286   34.248   1      7.532   41.780
108352.0 104192.0 288.0   0.0   7476992.0 992691.2 15379136.0 8190043.4  100480.0 50702.4    286   34.248   1      7.532   41.780
108352.0 104192.0 288.0   0.0   7476992.0 1105056.6 15379136.0 8190043.4  100480.0 51039.3    286   34.248   1      7.532   41.780
108352.0 104192.0 288.0   0.0   7476992.0 1109205.9 15379136.0 8190043.4  100480.0 51042.0    286   34.248   1      7.532   41.780
119488.0 85952.0  0.0   85890.6 7476992.0 1796036.7 15379136.0 8190091.4  100480.0 51124.9    287   34.302   1      7.532   41.834
119488.0 111872.0 20340.7  0.0   7458176.0 3677243.9 15379136.0 8214572.9  100480.0 51126.1    288   34.348   1      7.532   41.880
128384.0 102976.0  0.0   102961.7 7458176.0 7383635.3 15379136.0 8255245.5  100480.0 51126.1    289   34.397   1      7.532   41.929
123456.0 127616.0  0.0   224.0  7433536.0 3275569.8 15379136.0 8378518.8  100480.0 51126.1    291   34.482   1      7.532   42.014
123456.0 118784.0 288.0   0.0   7447296.0 6636232.3 15379136.0 8378550.8  100480.0 51134.6    292   34.522   1      7.532   42.054
113088.0 105536.0 20533.1  0.0   7470912.0 1871399.3 15379136.0 8381225.9  100480.0 51136.5    294   34.599   1      7.532   42.131
103104.0 105536.0  0.0   41046.7 7470912.0 4891943.9 15379136.0 8401531.0  100480.0 51136.5    295   34.639   1      7.532   42.171
93568.0 100416.0  0.0   29806.9 7486016.0 167016.4 15379136.0 8442441.8  100480.0 51137.3    297   34.720   1      7.532   42.252
93568.0 91520.0 40908.4  0.0   7504448.0 3146189.9 15379136.0 8463803.2  100480.0 51137.3    298   34.759   1      7.532   42.291
90496.0 91520.0  0.0   256.0  7504448.0 6130770.4 15379136.0 8504531.8  100480.0 51137.3    299   34.796   1      7.532   42.328
90496.0 85120.0 21567.2 20683.6 7513920.0 7513920.0 15379136.0 8525915.0  100480.0 51137.3    301   34.832   1      7.532   42.364
80320.0 85120.0  32.0  20811.6 7513920.0 7513920.0 15379136.0 8525968.7  100480.0 51137.3    302   34.869   1      7.532   42.401
80320.0 79296.0 288.0   0.0   7529920.0 5361354.5 15379136.0 8546536.3  100480.0 51137.5    302   34.905   1      7.532   42.437
77632.0 79296.0  0.0   320.0  7529920.0 218153.4 15379136.0 8546584.3  100480.0 51137.5    303   34.942   1      7.532   42.474
77632.0 79296.0  0.0   320.0  7529920.0 1049622.7 15379136.0 8546584.3  100480.0 51137.5    303   34.942   1      7.532   42.474
77632.0 79296.0  0.0   320.0  7529920.0 1049643.1 15379136.0 8546584.3  100480.0 51137.5    303   34.942   1      7.532   42.474
77632.0 79296.0  0.0   320.0  7529920.0 1049663.9 15379136.0 8546584.3  100480.0 51137.5    303   34.942   1      7.532   42.474
77632.0 79296.0  0.0   320.0  7529920.0 1049684.4 15379136.0 8546584.3  100480.0 51137.5    303   34.942   1      7.532   42.474
77632.0 79296.0  0.0   320.0  7529920.0 1049700.9 15379136.0 8546584.3  100480.0 51137.5    303   34.942   1      7.532   42.474
77632.0 79296.0  0.0   320.0  7529920.0 1049748.0 15379136.0 8546584.3  100480.0 51137.5    303   34.942   1      7.532   42.474
77632.0 79296.0  0.0   320.0  7529920.0 1049766.5 15379136.0 8546584.3  100480.0 51137.5    303   34.942   1      7.532   42.474
77632.0 79296.0  0.0   320.0  7529920.0 1049786.9 15379136.0 8546584.3  100480.0 51137.5    303   34.942   1      7.532   42.474
77632.0 79296.0  0.0   320.0  7529920.0 1049807.3 15379136.0 8546584.3  100480.0 51137.5    303   34.942   1      7.532   42.474
77632.0 79296.0  0.0   320.0  7529920.0 1049827.7 15379136.0 8546584.3  100480.0 51137.5    303   34.942   1      7.532   42.474
77632.0 79296.0  0.0   320.0  7529920.0 1049868.9 15379136.0 8546584.3  100480.0 51137.5    303   34.942   1      7.532   42.474
77632.0 79296.0  0.0   320.0  7529920.0 1049889.3 15379136.0 8546584.3  100480.0 51137.9    303   34.942   1      7.532   42.474
77632.0 79296.0  0.0   320.0  7529920.0 1200506.0 15379136.0 8546584.3  100480.0 51138.1    303   34.942   1      7.532   42.474
77632.0 79296.0  0.0   320.0  7529920.0 1200526.3 15379136.0 8546584.3  100480.0 51138.1    303   34.942   1      7.532   42.474
77632.0 79296.0  0.0   320.0  7529920.0 1907076.2 15379136.0 8546584.3  100480.0 51143.7    303   34.942   1      7.532   42.474
77632.0 92800.0 77322.9  0.0   7503936.0 4593296.8 15379136.0 8566709.5  100480.0 51143.7    304   34.993   1      7.532   42.525
99328.0 96576.0 41597.5  0.0   7493632.0 515442.2 15379136.0 8591444.1  100480.0 51143.7    306   35.077   1      7.532   42.609
95360.0 96576.0  0.0   256.0  7493632.0 4351195.0 15379136.0 8632853.6  100480.0 51143.7    307   35.114   1      7.532   42.646
90944.0 93440.0  0.0   288.0  7500736.0 770729.8 15379136.0 8632989.6  100480.0 51143.7    309   35.188   1      7.532   42.720
90944.0 88000.0 288.0   0.0   7510592.0 4230407.5 15379136.0 8633053.6  100480.0 51143.9    310   35.224   1      7.532   42.756
84288.0 88000.0  0.0   3072.3 7510592.0 5403215.8 15379136.0 8633109.6  100480.0 51144.5    311   35.266   1      7.532   42.798
102400.0 49792.0  0.0   49760.1 7487680.0 1482282.8 15379136.0 8717183.7  100480.0 51144.5    313   35.362   1      7.532   42.894
102400.0 99520.0 608.0   0.0   7487616.0 4671200.6 15379136.0 8717559.8  100480.0 51144.6    314   35.399   1      7.532   42.931
92800.0 87360.0 16672.0  0.0   7509376.0 920911.7 15379136.0 8738464.3  100480.0 51144.6    316   35.474   1      7.532   43.006
84800.0 87360.0  0.0   1248.1 7509376.0 3645164.0 15379136.0 8738504.3  100480.0 51144.8    317   35.510   1      7.532   43.042
84800.0 93376.0 61711.7  0.0   7502784.0 5681853.8 15379136.0 8739494.1  100480.0 51144.8    318   35.550   1      7.532   43.082
90880.0 93376.0  0.0   320.0  7502784.0 3609717.4 15379136.0 8800962.0  100480.0 51144.8    319   35.588   1      7.532   43.120
90880.0 87936.0 320.0   0.0   7510720.0 250751.9 15379136.0 8801034.0  100480.0 51144.8    320   35.625   1      7.532   43.157
90880.0 87936.0 320.0   0.0   7510720.0 3911691.5 15379136.0 8801034.0  100480.0 51144.8    320   35.625   1      7.532   43.157
90880.0 87936.0 320.0   0.0   7510720.0 4922770.2 15379136.0 8801034.0  100480.0 51144.8    320   35.625   1      7.532   43.157
90880.0 87936.0 320.0   0.0   7510720.0 4922816.3 15379136.0 8801034.0  100480.0 51144.8    320   35.625   1      7.532   43.157
90880.0 87936.0 320.0   0.0   7510720.0 4922836.7 15379136.0 8801034.0  100480.0 51144.8    320   35.625   1      7.532   43.157
90880.0 87936.0 320.0   0.0   7510720.0 4922854.9 15379136.0 8801034.0  100480.0 51144.8    320   35.625   1      7.532   43.157
90880.0 87936.0 320.0   0.0   7510720.0 4922875.3 15379136.0 8801034.0  100480.0 51144.8    320   35.625   1      7.532   43.157
90880.0 87936.0 320.0   0.0   7510720.0 4922895.6 15379136.0 8801034.0  100480.0 51144.8    320   35.625   1      7.532   43.157
90880.0 87936.0 320.0   0.0   7510720.0 4922942.2 15379136.0 8801034.0  100480.0 51144.8    320   35.625   1      7.532   43.157
90880.0 87936.0 320.0   0.0   7510720.0 4922962.5 15379136.0 8801034.0  100480.0 51144.8    320   35.625   1      7.532   43.157
90880.0 87936.0 320.0   0.0   7510720.0 6348983.8 15379136.0 8801034.0  100480.0 51146.8    320   35.625   1      7.532   43.157
93376.0 107840.0 81876.9  0.0   7473856.0 979751.4 15379136.0 8845831.1  100480.0 51146.8    322   35.714   1      7.532   43.246
105088.0 107840.0  0.0   288.0  7473856.0 4682246.1 15379136.0 8887073.1  100480.0 51146.8    323   35.752   1      7.532   43.284
98112.0 101760.0  0.0   256.0  7482688.0 969583.4 15379136.0 8887217.1  100480.0 51146.8    325   35.826   1      7.532   43.358
98112.0 94144.0 256.0   0.0   7497280.0 4677757.1 15379136.0 8887281.1  100480.0 51147.0    326   35.863   1      7.532   43.395
89984.0 96192.0 54101.1  0.0   7497152.0 626848.8 15379136.0 8887409.1  100480.0 51147.5    328   35.945   1      7.532   43.477
104192.0 63104.0  0.0   63080.3 7497152.0 1155870.0 15379136.0 8888422.9  100480.0 51149.4    329   35.986   1      7.532   43.518
104192.0 114240.0 73974.8  0.0   7461056.0 3934050.4 15379136.0 8951299.3  100480.0 51151.9    330   36.039   1      7.532   43.571
109888.0 107392.0 288.0   0.0   7472256.0   0.0    15379136.0 9033340.1  100480.0 51151.9    332   36.117   1      7.532   43.649
104256.0 107392.0  0.0   288.0  7472256.0 3793969.0 15379136.0 9033404.1  100480.0 51151.9    333   36.155   1      7.532   43.687
104256.0 100672.0 256.0   0.0   7484608.0 6788449.9 15379136.0 9033468.1  100480.0 51152.7    334   36.192   1      7.532   43.724
93120.0 92800.0 41008.6  0.0   7503616.0 1671257.5 15379136.0 9055189.0  100480.0 51152.7    336   36.270   1      7.532   43.802
90112.0 92800.0  0.0   288.0  7503616.0 750824.7 15379136.0 9095961.7  100480.0 51152.7    337   36.309   1      7.532   43.841
90112.0 92800.0  0.0   288.0  7503616.0 4623382.0 15379136.0 9095961.7  100480.0 51152.7    337   36.309   1      7.532   43.841
90112.0 87104.0 288.0   0.0   7512320.0 747021.8 15379136.0 9096025.7  100480.0 51152.7    338   36.349   1      7.532   43.881
90112.0 87104.0 288.0   0.0   7512320.0 2181526.6 15379136.0 9096025.7  100480.0 51152.9    338   36.349   1      7.532   43.881
90112.0 87104.0 288.0   0.0   7512320.0 2181549.0 15379136.0 9096025.7  100480.0 51152.9    338   36.349   1      7.532   43.881
90112.0 87104.0 288.0   0.0   7512320.0 2181567.2 15379136.0 9096025.7  100480.0 51152.9    338   36.349   1      7.532   43.881
90112.0 87104.0 288.0   0.0   7512320.0 2181615.9 15379136.0 9096025.7  100480.0 51152.9    338   36.349   1      7.532   43.881
90112.0 87104.0 288.0   0.0   7512320.0 2181634.3 15379136.0 9096025.7  100480.0 51152.9    338   36.349   1      7.532   43.881
90112.0 87104.0 288.0   0.0   7512320.0 2181654.5 15379136.0 9096025.7  100480.0 51152.9    338   36.349   1      7.532   43.881
90112.0 87104.0 288.0   0.0   7512320.0 2181672.8 15379136.0 9096025.7  100480.0 51152.9    338   36.349   1      7.532   43.881
90112.0 87104.0 288.0   0.0   7512320.0 2258320.8 15379136.0 9096025.7  100480.0 51152.9    338   36.349   1      7.532   43.881
90112.0 87104.0 288.0   0.0   7512320.0 2258364.4 15379136.0 9096025.7  100480.0 51152.9    338   36.349   1      7.532   43.881
90112.0 87104.0 288.0   0.0   7512320.0 2258382.7 15379136.0 9096025.7  100480.0 51152.9    338   36.349   1      7.532   43.881
90112.0 87104.0 288.0   0.0   7512320.0 5973252.1 15379136.0 9096025.7  100480.0 51164.0    338   36.349   1      7.532   43.881
91776.0 102016.0 40788.0  0.0   7485504.0 715247.5 15379136.0 9160562.5  100480.0 51164.0    340   36.460   1      7.532   43.992
99328.0 102016.0  0.0   256.0  7485504.0 4547863.0 15379136.0 9201194.5  100480.0 51164.0    341   36.498   1      7.532   44.030
92672.0 96192.0  0.0   224.0  7494016.0 905976.3 15379136.0 9201274.5  100480.0 51164.0    343   36.572   1      7.532   44.104
92672.0 88896.0 288.0   0.0   7507968.0 4688894.9 15379136.0 9201322.5  100480.0 51164.0    344   36.609   1      7.532   44.141
84928.0 88896.0  0.0   288.0  7507968.0 7312123.0 15379136.0 9201378.5  100480.0 51171.7    345   36.646   1      7.532   44.178
93504.0 81728.0  0.0   81724.7 7514304.0 650257.4 15379136.0 9203656.4  100480.0 51172.0    347   36.729   1      7.532   44.261
93504.0 117056.0 82151.2  0.0   7455424.0 2863609.2 15379136.0 9264999.7  100480.0 51173.3    348   36.779   1      7.532   44.311
110272.0 117056.0  0.0   20513.4 7455424.0 5483244.2 15379136.0 9306620.3  100480.0 51173.3    349   36.818   1      7.532   44.350
104256.0 106560.0  0.0   256.0  7472704.0 1735198.6 15379136.0 9368356.0  100480.0 51173.3    351   36.909   1      7.532   44.441
104256.0 101376.0 576.0   0.0   7483904.0 3922557.5 15379136.0 9368404.0  100480.0 51173.3    352   36.946   1      7.532   44.478
94528.0 101376.0  0.0   20779.6 7483904.0 5211641.6 15379136.0 9368777.7  100480.0 51173.3    353   36.991   1      7.532   44.523
94528.0 91776.0 288.0   0.0   7503232.0 1617014.5 15379136.0 9389345.4  100480.0 51173.3    354   37.029   1      7.532   44.561
94528.0 91776.0 288.0   0.0   7503232.0 3447830.9 15379136.0 9389345.4  100480.0 51173.3    354   37.029   1      7.532   44.561
94528.0 91776.0 288.0   0.0   7503232.0 4671381.3 15379136.0 9389345.4  100480.0 51173.3    354   37.029   1      7.532   44.561
94528.0 91776.0 288.0   0.0   7503232.0 4768518.5 15379136.0 9389345.4  100480.0 51173.3    354   37.029   1      7.532   44.561
94528.0 91776.0 288.0   0.0   7503232.0 4768536.9 15379136.0 9389345.4  100480.0 51173.3    354   37.029   1      7.532   44.561
94528.0 91776.0 288.0   0.0   7503232.0 4768557.2 15379136.0 9389345.4  100480.0 51173.3    354   37.029   1      7.532   44.561
94528.0 91776.0 288.0   0.0   7503232.0 4768602.1 15379136.0 9389345.4  100480.0 51173.3    354   37.029   1      7.532   44.561
94528.0 91776.0 288.0   0.0   7503232.0 4768622.4 15379136.0 9389345.4  100480.0 51173.3    354   37.029   1      7.532   44.561
94528.0 91776.0 288.0   0.0   7503232.0 4768642.6 15379136.0 9389345.4  100480.0 51173.3    354   37.029   1      7.532   44.561
94528.0 91776.0 288.0   0.0   7503232.0 4768660.8 15379136.0 9389345.4  100480.0 51173.3    354   37.029   1      7.532   44.561
94528.0 91776.0 288.0   0.0   7503232.0 4768681.1 15379136.0 9389345.4  100480.0 51173.3    354   37.029   1      7.532   44.561
94528.0 91776.0 288.0   0.0   7503232.0 4768724.7 15379136.0 9389345.4  100480.0 51173.3    354   37.029   1      7.532   44.561
94528.0 91776.0 288.0   0.0   7503232.0 4768740.8 15379136.0 9389345.4  100480.0 51173.3    354   37.029   1      7.532   44.561
94528.0 91776.0 288.0   0.0   7503232.0 4768761.1 15379136.0 9389345.4  100480.0 51173.3    354   37.029   1      7.532   44.561
94528.0 91776.0 288.0   0.0   7503232.0 4768779.4 15379136.0 9389345.4  100480.0 51173.3    354   37.029   1      7.532   44.561
94528.0 91776.0 288.0   0.0   7503232.0 4768803.8 15379136.0 9389345.4  100480.0 51173.3    354   37.029   1      7.532   44.561
94528.0 91776.0 288.0   0.0   7503232.0 4768877.9 15379136.0 9389345.4  100480.0 51173.3    354   37.029   1      7.532   44.561
94528.0 91776.0 288.0   0.0   7503232.0 4768896.2 15379136.0 9389345.4  100480.0 51174.1    354   37.029   1      7.532   44.561
94528.0 91776.0 288.0   0.0   7503232.0 4768916.4 15379136.0 9389345.4  100480.0 51174.1    354   37.029   1      7.532   44.561
94528.0 91776.0 288.0   0.0   7503232.0 4768934.8 15379136.0 9389345.4  100480.0 51174.1    354   37.029   1      7.532   44.561
94528.0 91776.0 288.0   0.0   7503232.0 4869444.0 15379136.0 9389345.4  100480.0 51174.4    354   37.029   1      7.532   44.561
104128.0 82176.0  0.0   82144.5 7503232.0 5268837.4 15379136.0 9389401.4  100480.0 51178.5    355   37.080   1      7.532   44.612
123200.0 126208.0  0.0   256.0  7437120.0 573921.1 15379136.0 9495076.3  100480.0 51178.6    357   37.190   1      7.532   44.722
123200.0 117568.0 41629.5  0.0   7448768.0 4174811.8 15379136.0 9495140.3  100480.0 51178.6    358   37.233   1      7.532   44.765
114752.0 111296.0 288.0   0.0   7463488.0 363054.6 15379136.0 9536617.8  100480.0 51179.5    360   37.308   1      7.532   44.840
111168.0 111296.0  0.0   49440.0 7463488.0 3835797.5 15379136.0 9536689.8  100480.0 51179.5    361   37.352   1      7.532   44.884
111168.0 107584.0 1888.2  0.0   7470784.0 5417934.0 15379136.0 9536737.8  100480.0 51179.7    362   37.393   1      7.532   44.925
105152.0 102016.0 1248.1  0.0   7482368.0 758379.1 15379136.0 9579884.2  100480.0 51180.1    364   37.471   1      7.532   45.003
107392.0 60736.0  0.0   60677.4 7482368.0 4086185.3 15379136.0 9580880.3  100480.0 51180.5    365   37.512   1      7.532   45.044
99328.0 102272.0  0.0   256.0  7479872.0 149038.7 15379136.0 9641675.5  100480.0 51180.5    367   37.592   1      7.532   45.124
99328.0 96000.0 256.0   0.0   7494208.0 3726654.4 15379136.0 9641723.5  100480.0 51180.5    368   37.630   1      7.532   45.162
88704.0 96000.0  0.0   21732.6 7494208.0 5939699.2 15379136.0 9641795.5  100480.0 51185.2    369   37.668   1      7.532   45.200
88704.0 89216.0 41514.7  0.0   7511104.0 6214402.1 15379136.0 9663293.9  100480.0 51185.2    370   37.706   1      7.532   45.238
86720.0 89216.0  0.0   352.0  7511104.0 3189759.7 15379136.0 9704568.7  100480.0 51185.2    371   37.745   1      7.532   45.277
86720.0 89216.0  0.0   352.0  7511104.0 6902897.5 15379136.0 9704568.7  100480.0 51185.2    371   37.745   1      7.532   45.277
86720.0 83840.0 256.0   0.0   7518976.0 1562291.7 15379136.0 9704648.7  100480.0 51185.3    372   37.782   1      7.532   45.314
86720.0 83840.0 256.0   0.0   7518976.0 1562692.1 15379136.0 9704648.7  100480.0 51185.3    372   37.782   1      7.532   45.314
86720.0 83840.0 256.0   0.0   7518976.0 1562712.5 15379136.0 9704648.7  100480.0 51185.3    372   37.782   1      7.532   45.314
86720.0 83840.0 256.0   0.0   7518976.0 1562730.7 15379136.0 9704648.7  100480.0 51185.3    372   37.782   1      7.532   45.314
86720.0 83840.0 256.0   0.0   7518976.0 1562753.0 15379136.0 9704648.7  100480.0 51185.3    372   37.782   1      7.532   45.314
86720.0 83840.0 256.0   0.0   7518976.0 1562769.2 15379136.0 9704648.7  100480.0 51185.3    372   37.782   1      7.532   45.314
86720.0 83840.0 256.0   0.0   7518976.0 1562815.7 15379136.0 9704648.7  100480.0 51185.3    372   37.782   1      7.532   45.314
86720.0 83840.0 256.0   0.0   7518976.0 1562834.0 15379136.0 9704648.7  100480.0 51185.6    372   37.782   1      7.532   45.314
86720.0 83840.0 256.0   0.0   7518976.0 1562856.3 15379136.0 9704648.7  100480.0 51185.8    372   37.782   1      7.532   45.314
86720.0 83840.0 256.0   0.0   7518976.0 1562874.6 15379136.0 9704648.7  100480.0 51185.8    372   37.782   1      7.532   45.314
86720.0 83840.0 256.0   0.0   7518976.0 1562894.8 15379136.0 9704648.7  100480.0 51185.8    372   37.782   1      7.532   45.314
86720.0 83840.0 256.0   0.0   7518976.0 1562938.2 15379136.0 9704648.7  100480.0 51185.8    372   37.782   1      7.532   45.314
88896.0 81664.0  0.0   81635.8 7518976.0 1095290.1 15379136.0 9704712.7  100480.0 51187.4    373   37.827   1      7.532   45.359
88896.0 98752.0 41358.8  0.0   7492032.0 3965428.7 15379136.0 9708945.8  100480.0 51187.4    374   37.869   1      7.532   45.401
96192.0 93184.0 224.0   0.0   7500160.0 551406.5 15379136.0 9750244.8  100480.0 51187.4    376   37.945   1      7.532   45.477
89792.0 93184.0  0.0   192.0  7500160.0 4337156.7 15379136.0 9750284.8  100480.0 51187.4    377   37.984   1      7.532   45.516
82368.0 86144.0  0.0   256.0  7513600.0 747898.0 15379136.0 9750404.8  100480.0 51187.6    379   38.061   1      7.532   45.593
82368.0 78016.0 3008.3  0.0   7529152.0 1744533.7 15379136.0 9750468.8  100480.0 51191.9    380   38.103   1      7.532   45.635
82624.0 77760.0  0.0   77723.0 7529152.0 4401004.3 15379136.0 9793523.5  100480.0 51191.9    381   38.153   1      7.532   45.685
86976.0 91008.0  0.0   608.0  7507520.0 150762.9 15379136.0 9855352.4  100480.0 51192.7    383   38.231   1      7.532   45.763
86976.0 81280.0 20772.5  0.0   7521280.0 3310159.1 15379136.0 9855728.4  100480.0 51192.7    384   38.270   1      7.532   45.802
77888.0 81280.0  0.0   288.0  7521280.0 6675651.7 15379136.0 9876272.9  100480.0 51192.7    385   38.309   1      7.532   45.841
85696.0 61760.0  0.0   61711.7 7537472.0 887146.9 15379136.0 9877323.6  100480.0 51192.7    387   38.395   1      7.532   45.927
85696.0 82240.0 288.0   0.0   7521600.0 1048850.8 15379136.0 9938767.4  100480.0 51192.7    388   38.433   1      7.532   45.965
85696.0 82240.0 288.0   0.0   7521600.0 5889001.2 15379136.0 9938767.4  100480.0 51192.7    388   38.433   1      7.532   45.965
78656.0 82240.0  0.0   288.0  7521600.0 2362288.4 15379136.0 9938847.4  100480.0 51192.7    389   38.481   1      7.532   46.013
78656.0 82240.0  0.0   288.0  7521600.0 5264322.3 15379136.0 9938847.4  100480.0 51192.7    389   38.481   1      7.532   46.013
78656.0 82240.0  0.0   288.0  7521600.0 5264340.7 15379136.0 9938847.4  100480.0 51192.7    389   38.481   1      7.532   46.013
78656.0 82240.0  0.0   288.0  7521600.0 5264363.0 15379136.0 9938847.4  100480.0 51192.7    389   38.481   1      7.532   46.013
78656.0 82240.0  0.0   288.0  7521600.0 5264385.4 15379136.0 9938847.4  100480.0 51192.7    389   38.481   1      7.532   46.013
78656.0 82240.0  0.0   288.0  7521600.0 5264403.6 15379136.0 9938847.4  100480.0 51192.7    389   38.481   1      7.532   46.013
78656.0 82240.0  0.0   288.0  7521600.0 5264447.1 15379136.0 9938847.4  100480.0 51192.7    389   38.481   1      7.532   46.013
78656.0 82240.0  0.0   288.0  7521600.0 5264465.4 15379136.0 9938847.4  100480.0 51192.7    389   38.481   1      7.532   46.013
78656.0 82240.0  0.0   288.0  7521600.0 5264487.8 15379136.0 9938847.4  100480.0 51192.7    389   38.481   1      7.532   46.013
78656.0 82240.0  0.0   288.0  7521600.0 5264506.1 15379136.0 9938847.4  100480.0 51192.7    389   38.481   1      7.532   46.013
78656.0 82240.0  0.0   288.0  7521600.0 5264526.4 15379136.0 9938847.4  100480.0 51192.7    389   38.481   1      7.532   46.013
78656.0 82240.0  0.0   288.0  7521600.0 5264569.0 15379136.0 9938847.4  100480.0 51192.7    389   38.481   1      7.532   46.013
78656.0 82240.0  0.0   288.0  7521600.0 5264589.3 15379136.0 9938847.4  100480.0 51192.7    389   38.481   1      7.532   46.013
78656.0 82240.0  0.0   288.0  7521600.0 5264607.5 15379136.0 9938847.4  100480.0 51192.7    389   38.481   1      7.532   46.013
78656.0 82240.0  0.0   288.0  7521600.0 5264629.8 15379136.0 9938847.4  100480.0 51192.7    389   38.481   1      7.532   46.013
78656.0 82240.0  0.0   288.0  7521600.0 5264648.2 15379136.0 9938847.4  100480.0 51192.7    389   38.481   1      7.532   46.013
78656.0 92544.0 70240.6  0.0   7504448.0 2238278.9 15379136.0 9938911.4  100480.0 51201.8    390   38.525   1      7.532   46.057
103168.0 81920.0  0.0   81876.9 7504448.0 4337887.8 15379136.0 9963562.9  100480.0 51201.8    391   38.571   1      7.532   46.103
101952.0 104768.0  0.0   256.0  7480000.0 736509.8 15379136.0 10045094.4 100480.0 51201.8    393   38.652   1      7.532   46.184
101952.0 98624.0 256.0   0.0   7488960.0 4569906.5 15379136.0 10045126.4 100480.0 51201.8    394   38.691   1      7.532   46.223
94976.0 91072.0 224.0   0.0   7503488.0 763596.1 15379136.0 10045214.4 100480.0 51201.8    396   38.768   1      7.532   46.300
83904.0 91072.0  0.0   18240.2 7503488.0 3379237.9 15379136.0 10045262.4 100480.0 51202.0    397   38.806   1      7.532   46.338
83904.0 93504.0 62191.3  0.0   7502528.0 4977051.8 15379136.0 10046865.1 100480.0 51202.4    398   38.848   1      7.532   46.380
93184.0 86976.0 21028.5  0.0   7509376.0 652306.5 15379136.0 10149767.1 100480.0 51202.4    400   38.933   1      7.532   46.465
84864.0 86976.0  0.0   288.0  7509376.0 4397563.5 15379136.0 10170615.7 100480.0 51202.4    401   38.972   1      7.532   46.504
79360.0 82304.0  0.0   288.0  7522368.0 750578.9 15379136.0 10170727.7 100480.0 51202.4    403   39.049   1      7.532   46.581
79360.0 74624.0 21599.2  0.0   7535552.0 2813913.4 15379136.0 10170767.7 100480.0 51202.4    404   39.089   1      7.532   46.621
69888.0 74624.0  0.0   20843.6 7535552.0 3809516.0 15379136.0 10192148.6 100480.0 51202.4    405   39.136   1      7.532   46.668
69888.0 67840.0 352.0   0.0   7551808.0 41132.8  15379136.0 10212720.2 100480.0 51202.4    406   39.175   1      7.532   46.707
69888.0 67840.0 352.0   0.0   7551808.0 2525205.6 15379136.0 10212720.2 100480.0 51202.4    406   39.175   1      7.532   46.707
69888.0 67840.0 352.0   0.0   7551808.0 4472711.3 15379136.0 10212720.2 100480.0 51202.4    406   39.175   1      7.532   46.707
69888.0 67840.0 352.0   0.0   7551808.0 4610856.7 15379136.0 10212720.2 100480.0 51202.4    406   39.175   1      7.532   46.707
69888.0 67840.0 352.0   0.0   7551808.0 4610875.0 15379136.0 10212720.2 100480.0 51202.4    406   39.175   1      7.532   46.707
69888.0 67840.0 352.0   0.0   7551808.0 4610895.4 15379136.0 10212720.2 100480.0 51202.4    406   39.175   1      7.532   46.707
69888.0 67840.0 352.0   0.0   7551808.0 4610915.6 15379136.0 10212720.2 100480.0 51202.4    406   39.175   1      7.532   46.707
69888.0 67840.0 352.0   0.0   7551808.0 4610934.0 15379136.0 10212720.2 100480.0 51202.4    406   39.175   1      7.532   46.707
69888.0 67840.0 352.0   0.0   7551808.0 4610977.2 15379136.0 10212720.2 100480.0 51202.4    406   39.175   1      7.532   46.707
69888.0 67840.0 352.0   0.0   7551808.0 4611001.7 15379136.0 10212720.2 100480.0 51202.4    406   39.175   1      7.532   46.707
69888.0 67840.0 352.0   0.0   7551808.0 4611019.9 15379136.0 10212720.2 100480.0 51202.4    406   39.175   1      7.532   46.707
69888.0 67840.0 352.0   0.0   7551808.0 4611040.3 15379136.0 10212720.2 100480.0 51202.4    406   39.175   1      7.532   46.707
69888.0 67840.0 352.0   0.0   7551808.0 4611058.5 15379136.0 10212720.2 100480.0 51202.4    406   39.175   1      7.532   46.707
69888.0 67840.0 352.0   0.0   7551808.0 7200057.4 15379136.0 10212720.2 100480.0 51204.7    406   39.175   1      7.532   46.707
70272.0 81024.0 61816.7  0.0   7527488.0 1911499.0 15379136.0 10277416.6 100480.0 51204.7    408   39.268   1      7.532   46.800
79168.0 81024.0  0.0   192.0  7527488.0 5249104.8 15379136.0 10318643.6 100480.0 51204.7    409   39.315   1      7.532   46.848
74112.0 76800.0  0.0   288.0  7533568.0 1557593.3 15379136.0 10318739.6 100480.0 51204.7    411   39.394   1      7.532   46.926
74112.0 71232.0 288.0   0.0   7544192.0 5083959.9 15379136.0 10318803.6 100480.0 51204.7    412   39.433   1      7.532   46.965
68160.0 73344.0 42378.2  0.0   7542848.0 629195.9 15379136.0 10318939.6 100480.0 51205.1    414   39.525   1      7.532   47.057
84416.0 62272.0  0.0   62223.3 7542848.0 2343840.1 15379136.0 10320857.4 100480.0 51206.0    415   39.567   1      7.532   47.099
84416.0 97664.0 73749.4  0.0   7494208.0 5123862.6 15379136.0 10382808.9 100480.0 51206.0    416   39.626   1      7.532   47.158
91456.0 89216.0 320.0   0.0   7508864.0 1126410.2 15379136.0 10424181.4 100480.0 51206.0    418   39.705   1      7.532   47.237
85888.0 89216.0  0.0   4416.0 7508864.0 4520279.1 15379136.0 10424213.4 100480.0 51206.0    419   39.745   1      7.532   47.277
79744.0 83008.0  0.0   992.1  7520640.0   0.0    15379136.0 10424357.4 100480.0 51206.0    421   39.824   1      7.532   47.356
79744.0 82432.0 41546.7  0.0   7524672.0 1205419.4 15379136.0 10425059.2 100480.0 51206.2    422   39.863   1      7.532   47.395
79744.0 82432.0 41546.7  0.0   7524672.0 4863197.3 15379136.0 10425059.2 100480.0 51206.8    422   39.863   1      7.532   47.395
79744.0 82432.0 41546.7  0.0   7524672.0 7187612.1 15379136.0 10425059.2 100480.0 51206.8    422   39.863   1      7.532   47.395
79552.0 82432.0  0.0   320.0  7524672.0 1971644.4 15379136.0 10466330.0 100480.0 51206.8    423   39.903   1      7.532   47.435
79552.0 82432.0  0.0   320.0  7524672.0 3171581.8 15379136.0 10466330.0 100480.0 51206.8    423   39.903   1      7.532   47.435
79552.0 82432.0  0.0   320.0  7524672.0 3171600.0 15379136.0 10466330.0 100480.0 51206.8    423   39.903   1      7.532   47.435
79552.0 82432.0  0.0   320.0  7524672.0 3171620.3 15379136.0 10466330.0 100480.0 51206.8    423   39.903   1      7.532   47.435
79552.0 82432.0  0.0   320.0  7524672.0 3171638.5 15379136.0 10466330.0 100480.0 51206.8    423   39.903   1      7.532   47.435
79552.0 82432.0  0.0   320.0  7524672.0 3171658.8 15379136.0 10466330.0 100480.0 51208.3    423   39.903   1      7.532   47.435
79552.0 82432.0  0.0   320.0  7524672.0 3171702.1 15379136.0 10466330.0 100480.0 51208.3    423   39.903   1      7.532   47.435
79552.0 82432.0  0.0   320.0  7524672.0 3171722.4 15379136.0 10466330.0 100480.0 51208.4    423   39.903   1      7.532   47.435
79552.0 82432.0  0.0   320.0  7524672.0 3171742.7 15379136.0 10466330.0 100480.0 51208.4    423   39.903   1      7.532   47.435
79552.0 82432.0  0.0   320.0  7524672.0 3171763.0 15379136.0 10466330.0 100480.0 51208.4    423   39.903   1      7.532   47.435
79552.0 82432.0  0.0   320.0  7524672.0 3171781.2 15379136.0 10466330.0 100480.0 51208.4    423   39.903   1      7.532   47.435
79552.0 82432.0  0.0   320.0  7524672.0 3171823.6 15379136.0 10466330.0 100480.0 51208.4    423   39.903   1      7.532   47.435
79552.0 91776.0 67678.0  0.0   7505984.0 2453735.5 15379136.0 10487146.9 100480.0 51211.1    424   39.950   1      7.532   47.482
85248.0 91776.0  0.0   20630.3 7505984.0 5219458.3 15379136.0 10532188.7 100480.0 51211.1    425   39.993   1      7.532   47.525
98368.0 100736.0  0.0   256.0  7488064.0 1497197.2 15379136.0 10633983.9 100480.0 51211.1    427   40.085   1      7.532   47.617
98368.0 95424.0 256.0   0.0   7495744.0 4840983.1 15379136.0 10634055.9 100480.0 51211.1    428   40.127   1      7.532   47.659
92096.0 88512.0 224.0   0.0   7508928.0 1119901.0 15379136.0 10634135.9 100480.0 51211.1    430   40.213   1      7.532   47.745
86144.0 88512.0  0.0   31381.3 7508928.0 3316044.7 15379136.0 10634191.9 100480.0 51211.8    431   40.258   1      7.532   47.790
86144.0 90304.0 49024.4  0.0   7508928.0 5742644.2 15379136.0 10637045.9 100480.0 51211.8    432   40.298   1      7.532   47.830
99456.0 102208.0 896.1   0.0   7485120.0 1820604.0 15379136.0 10738422.4 100480.0 51211.8    434   40.395   1      7.532   47.927
95488.0 102208.0  0.0   20708.5 7485120.0 5324827.9 15379136.0 10739094.5 100480.0 51211.8    435   40.435   1      7.532   47.967
89536.0 92736.0  0.0   608.0  7501312.0 1580052.2 15379136.0 10759679.1 100480.0 51211.9    437   40.516   1      7.532   48.048
89536.0 90496.0 41834.8  0.0   7508544.0 2929309.1 15379136.0 10760068.8 100480.0 51211.9    438   40.579   1      7.532   48.111
87552.0 90496.0  0.0   320.0  7508544.0 2138660.3 15379136.0 10801647.6 100480.0 51211.9    439   40.619   1      7.532   48.151
87552.0 90496.0  0.0   320.0  7508544.0 5493747.5 15379136.0 10801647.6 100480.0 51211.9    439   40.619   1      7.532   48.151
87552.0 84288.0 288.0   0.0   7517696.0 439216.7 15379136.0 10801711.6 100480.0 51211.9    440   40.658   1      7.532   48.190
87552.0 84288.0 288.0   0.0   7517696.0 2222581.4 15379136.0 10801711.6 100480.0 51211.9    440   40.658   1      7.532   48.190
87552.0 84288.0 288.0   0.0   7517696.0 2222601.7 15379136.0 10801711.6 100480.0 51211.9    440   40.658   1      7.532   48.190
87552.0 84288.0 288.0   0.0   7517696.0 2222622.1 15379136.0 10801711.6 100480.0 51211.9    440   40.658   1      7.532   48.190
87552.0 84288.0 288.0   0.0   7517696.0 2222638.4 15379136.0 10801711.6 100480.0 51211.9    440   40.658   1      7.532   48.190
87552.0 84288.0 288.0   0.0   7517696.0 2222660.8 15379136.0 10801711.6 100480.0 51211.9    440   40.658   1      7.532   48.190
87552.0 84288.0 288.0   0.0   7517696.0 2222702.3 15379136.0 10801711.6 100480.0 51211.9    440   40.658   1      7.532   48.190
87552.0 84288.0 288.0   0.0   7517696.0 2222722.5 15379136.0 10801711.6 100480.0 51211.9    440   40.658   1      7.532   48.190
87552.0 84288.0 288.0   0.0   7517696.0 2222742.9 15379136.0 10801711.6 100480.0 51211.9    440   40.658   1      7.532   48.190
87552.0 84288.0 288.0   0.0   7517696.0 2222763.1 15379136.0 10801711.6 100480.0 51211.9    440   40.658   1      7.532   48.190
87552.0 84288.0 288.0   0.0   7517696.0 2222781.3 15379136.0 10801711.6 100480.0 51211.9    440   40.658   1      7.532   48.190
87552.0 84288.0 288.0   0.0   7517696.0 2222827.0 15379136.0 10801711.6 100480.0 51211.9    440   40.658   1      7.532   48.190
87552.0 84288.0 288.0   0.0   7517696.0 2222845.2 15379136.0 10801711.6 100480.0 51211.9    440   40.658   1      7.532   48.190
87552.0 84288.0 288.0   0.0   7517696.0 2222863.5 15379136.0 10801711.6 100480.0 51211.9    440   40.658   1      7.532   48.190
87552.0 84288.0 288.0   0.0   7517696.0 2222883.9 15379136.0 10801711.6 100480.0 51211.9    440   40.658   1      7.532   48.190
87552.0 84288.0 288.0   0.0   7517696.0 2222906.2 15379136.0 10801711.6 100480.0 51211.9    440   40.658   1      7.532   48.190
87552.0 84288.0 288.0   0.0   7517696.0 5911847.8 15379136.0 10801711.6 100480.0 51218.2    440   40.658   1      7.532   48.190
97536.0 94976.0 160.0   0.0   7497024.0 370198.3 15379136.0 10907448.6 100480.0 51218.2    442   40.751   1      7.532   48.283
109952.0 82560.0  0.0   82523.4 7497024.0 3261148.0 15379136.0 10948374.5 100480.0 51218.2    443   40.801   1      7.532   48.333
109952.0 106624.0 256.0   0.0   7472960.0 7044257.0 15379136.0 11071636.0 100480.0 51218.2    444   40.849   1      7.532   48.381
102656.0 98432.0 288.0   0.0   7488448.0 3174249.7 15379136.0 11071748.0 100480.0 51218.2    446   40.930   1      7.532   48.462
94080.0 98432.0  0.0   288.0  7488448.0 5564212.3 15379136.0 11071820.0 100480.0 51219.4    447   40.969   1      7.532   48.501
94080.0 100288.0 55567.0  0.0   7488960.0 7470504.1 15379136.0 11071868.0 100480.0 51219.9    449   41.016   1      7.532   48.548
114496.0 110592.0 320.0   0.0   7464448.0 3324702.3 15379136.0 11175997.9 100480.0 51219.9    450   41.107   1      7.532   48.639
106112.0 110592.0  0.0   1216.1 7464448.0 6594493.3 15379136.0 11176061.9 100480.0 51220.3    451   41.147   1      7.532   48.679
94400.0 98176.0  0.0   288.0  7485248.0 2229496.9 15379136.0 11197612.2 100480.0 51220.3    453   41.227   1      7.532   48.759
94400.0 90432.0 320.0   0.0   7504704.0 4779342.2 15379136.0 11197676.2 100480.0 51220.5    454   41.267   1      7.532   48.799
92032.0 90432.0  0.0   42186.8 7504704.0 6468476.8 15379136.0 11197740.2 100480.0 51220.5    455   41.308   1      7.532   48.840
92032.0 88384.0 352.0   0.0   7509120.0 3134377.8 15379136.0 11239660.8 100480.0 51220.5    456   41.350   1      7.532   48.882
92032.0 88384.0 352.0   0.0   7509120.0 6291152.9 15379136.0 11239660.8 100480.0 51220.5    456   41.350   1      7.532   48.882
84544.0 88384.0  0.0   288.0  7509120.0 1210782.3 15379136.0 11239724.8 100480.0 51220.5    457   41.396   1      7.532   48.928
84544.0 88384.0  0.0   288.0  7509120.0 2116887.4 15379136.0 11239724.8 100480.0 51220.5    457   41.396   1      7.532   48.928
84544.0 88384.0  0.0   288.0  7509120.0 2116905.7 15379136.0 11239724.8 100480.0 51220.5    457   41.396   1      7.532   48.928
84544.0 88384.0  0.0   288.0  7509120.0 2116925.9 15379136.0 11239724.8 100480.0 51220.5    457   41.396   1      7.532   48.928
84544.0 88384.0  0.0   288.0  7509120.0 2116946.3 15379136.0 11239724.8 100480.0 51220.5    457   41.396   1      7.532   48.928
84544.0 88384.0  0.0   288.0  7509120.0 2116966.6 15379136.0 11239724.8 100480.0 51220.5    457   41.396   1      7.532   48.928
84544.0 88384.0  0.0   288.0  7509120.0 2117008.7 15379136.0 11239724.8 100480.0 51220.5    457   41.396   1      7.532   48.928
84544.0 88384.0  0.0   288.0  7509120.0 2117029.0 15379136.0 11239724.8 100480.0 51220.5    457   41.396   1      7.532   48.928
84544.0 88384.0  0.0   288.0  7509120.0 2117051.2 15379136.0 11239724.8 100480.0 51220.5    457   41.396   1      7.532   48.928
84544.0 88384.0  0.0   288.0  7509120.0 2117071.5 15379136.0 11239724.8 100480.0 51220.5    457   41.396   1      7.532   48.928
84544.0 88384.0  0.0   288.0  7509120.0 2117087.8 15379136.0 11239724.8 100480.0 51220.5    457   41.396   1      7.532   48.928
84544.0 100416.0 78100.2  0.0   7488704.0 1858565.7 15379136.0 11279943.1 100480.0 51222.1    458   41.457   1      7.532   48.989
99392.0 100416.0  0.0   41109.5 7488704.0 4746964.0 15379136.0 11284234.2 100480.0 51222.1    459   41.503   1      7.532   49.035
92544.0 96128.0  0.0   192.0  7494016.0 682103.3 15379136.0 11325271.8 100480.0 51222.1    461   41.585   1      7.532   49.117
92544.0 92800.0 40521.5  0.0   7503936.0 4334994.9 15379136.0 11325319.8 100480.0 51222.1    462   41.631   1      7.532   49.163
89472.0 85888.0 224.0   0.0   7514176.0 560197.5 15379136.0 11365641.3 100480.0 51222.1    464   41.712   1      7.532   49.244
81728.0 85888.0  0.0   2752.2 7514176.0 2375152.0 15379136.0 11365689.3 100480.0 51223.2    465   41.758   1      7.532   49.290
81728.0 99264.0 81463.1  0.0   7491008.0 5263212.3 15379136.0 11368244.1 100480.0 51223.2    466   41.805   1      7.532   49.337
95360.0 91392.0 288.0   0.0   7502784.0 1489077.1 15379136.0 11450127.4 100480.0 51223.2    468   41.891   1      7.532   49.423
87296.0 91392.0  0.0   256.0  7502784.0 4989507.5 15379136.0 11450191.4 100480.0 51223.2    469   41.932   1      7.532   49.464
78464.0 83008.0  0.0   21380.6 7519232.0 122675.9 15379136.0 11450645.1 100480.0 51223.4    471   42.015   1      7.532   49.547
78464.0 81728.0 41482.7  0.0   7526080.0 1932918.3 15379136.0 11471797.7 100480.0 51223.4    472   42.059   1      7.532   49.591
78464.0 81728.0  0.0   352.0  7526080.0 665884.7 15379136.0 11513076.5 100480.0 51223.4    473   42.101   1      7.532   49.633
78464.0 81728.0  0.0   352.0  7526080.0 4265924.3 15379136.0 11513076.5 100480.0 51223.4    473   42.101   1      7.532   49.633
78464.0 75072.0 256.0   0.0   7536000.0 57506.2  15379136.0 11513132.5 100480.0 51223.4    474   42.141   1      7.532   49.673
78464.0 75072.0 256.0   0.0   7536000.0 1085346.3 15379136.0 11513132.5 100480.0 51223.4    474   42.141   1      7.532   49.673
78464.0 75072.0 256.0   0.0   7536000.0 1085395.4 15379136.0 11513132.5 100480.0 51223.4    474   42.141   1      7.532   49.673
78464.0 75072.0 256.0   0.0   7536000.0 1085413.7 15379136.0 11513132.5 100480.0 51223.4    474   42.141   1      7.532   49.673
78464.0 75072.0 256.0   0.0   7536000.0 1085436.0 15379136.0 11513132.5 100480.0 51223.4    474   42.141   1      7.532   49.673
78464.0 75072.0 256.0   0.0   7536000.0 1085454.2 15379136.0 11513132.5 100480.0 51223.4    474   42.141   1      7.532   49.673
78464.0 75072.0 256.0   0.0   7536000.0 1085472.5 15379136.0 11513132.5 100480.0 51223.4    474   42.141   1      7.532   49.673
78464.0 75072.0 256.0   0.0   7536000.0 1085518.0 15379136.0 11513132.5 100480.0 51223.4    474   42.141   1      7.532   49.673
78464.0 75072.0 256.0   0.0   7536000.0 1085536.3 15379136.0 11513132.5 100480.0 51223.4    474   42.141   1      7.532   49.673
78464.0 75072.0 256.0   0.0   7536000.0 1085558.6 15379136.0 11513132.5 100480.0 51223.4    474   42.141   1      7.532   49.673
78464.0 75072.0 256.0   0.0   7536000.0 1085576.8 15379136.0 11513132.5 100480.0 51223.4    474   42.141   1      7.532   49.673
78464.0 75072.0 256.0   0.0   7536000.0 1085597.1 15379136.0 11513132.5 100480.0 51223.4    474   42.141   1      7.532   49.673
78464.0 75072.0 256.0   0.0   7536000.0 1085637.0 15379136.0 11513132.5 100480.0 51223.4    474   42.141   1      7.532   49.673
78464.0 75072.0 256.0   0.0   7536000.0 5681834.6 15379136.0 11513132.5 100480.0 51225.5    474   42.141   1      7.532   49.673
87552.0 96192.0 61466.6  0.0   7497152.0 434453.9 15379136.0 11537947.6 100480.0 51225.5    476   42.235   1      7.532   49.767
93056.0 96192.0  0.0   224.0  7497152.0 4202069.9 15379136.0 11599298.3 100480.0 51225.5    477   42.277   1      7.532   49.809
85824.0 89536.0  0.0   288.0  7506944.0 736251.1 15379136.0 11599386.3 100480.0 51225.5    479   42.358   1      7.532   49.891
85824.0 81984.0 320.0   0.0   7521728.0 4096389.8 15379136.0 11599450.3 100480.0 51226.1    480   42.400   1      7.532   49.932
78912.0 81984.0  0.0   25504.1 7521728.0 6859957.7 15379136.0 11599514.3 100480.0 51228.0    481   42.447   1      7.532   49.979
86400.0 61632.0  0.0   61607.6 7535360.0 1599748.0 15379136.0 11621957.6 100480.0 51228.0    483   42.532   1      7.532   50.064
86400.0 80256.0 21352.0  0.0   7522880.0 4748720.7 15379136.0 11663167.9 100480.0 51228.0    484   42.576   1      7.532   50.108
74496.0 72448.0 288.0   0.0   7542592.0 935738.0 15379136.0 11704864.5 100480.0 51228.0    486   42.660   1      7.532   50.192
70080.0 72448.0  0.0   320.0  7542592.0 4587958.5 15379136.0 11704912.5 100480.0 51228.4    487   42.702   1      7.532   50.234
70080.0 67392.0 608.0   0.0   7552064.0 6624277.1 15379136.0 11704968.5 100480.0 51228.4    488   42.744   1      7.532   50.276
64384.0 67392.0  0.0   20991.1 7552064.0 6147566.1 15379136.0 11705386.2 100480.0 51228.4    489   42.797   1      7.532   50.329
64384.0 62080.0 320.0   0.0   7563072.0 415822.2 15379136.0 11726137.4 100480.0 51228.4    490   42.840   1      7.532   50.372
64384.0 62080.0 320.0   0.0   7563072.0 1684217.7 15379136.0 11726137.4 100480.0 51228.4    490   42.840   1      7.532   50.372
64384.0 62080.0 320.0   0.0   7563072.0 2231667.2 15379136.0 11726137.4 100480.0 51228.4    490   42.840   1      7.532   50.372
64384.0 62080.0 320.0   0.0   7563072.0 2231687.6 15379136.0 11726137.4 100480.0 51228.4    490   42.840   1      7.532   50.372
64384.0 62080.0 320.0   0.0   7563072.0 2231707.9 15379136.0 11726137.4 100480.0 51230.2    490   42.840   1      7.532   50.372
64384.0 62080.0 320.0   0.0   7563072.0 2231728.2 15379136.0 11726137.4 100480.0 51230.2    490   42.840   1      7.532   50.372
64384.0 62080.0 320.0   0.0   7563072.0 2231746.6 15379136.0 11726137.4 100480.0 51230.2    490   42.840   1      7.532   50.372
64384.0 62080.0 320.0   0.0   7563072.0 2231793.8 15379136.0 11726137.4 100480.0 51230.2    490   42.840   1      7.532   50.372
64384.0 62080.0 320.0   0.0   7563072.0 2231812.2 15379136.0 11726137.4 100480.0 51230.2    490   42.840   1      7.532   50.372
64384.0 62080.0 320.0   0.0   7563072.0 2231832.5 15379136.0 11726137.4 100480.0 51230.2    490   42.840   1      7.532   50.372
64384.0 62080.0 320.0   0.0   7563072.0 2231852.8 15379136.0 11726137.4 100480.0 51230.2    490   42.840   1      7.532   50.372
64384.0 62080.0 320.0   0.0   7563072.0 2231869.0 15379136.0 11726137.4 100480.0 51230.2    490   42.840   1      7.532   50.372
64384.0 62080.0 320.0   0.0   7563072.0 2231915.6 15379136.0 11726137.4 100480.0 51230.2    490   42.840   1      7.532   50.372
64384.0 62080.0 320.0   0.0   7563072.0 2231933.8 15379136.0 11726137.4 100480.0 51230.2    490   42.840   1      7.532   50.372
64384.0 62080.0 320.0   0.0   7563072.0 2231954.3 15379136.0 11726137.4 100480.0 51230.2    490   42.840   1      7.532   50.372
64384.0 62080.0 320.0   0.0   7563072.0 2231972.6 15379136.0 11726137.4 100480.0 51230.2    490   42.840   1      7.532   50.372
64384.0 62080.0 320.0   0.0   7563072.0 6639617.7 15379136.0 11726137.4 100480.0 51231.0    490   42.840   1      7.532   50.372
71744.0 75072.0 41358.8  0.0   7539392.0 630277.2 15379136.0 11791618.4 100480.0 51231.0    492   42.950   1      7.532   50.482
77312.0 41152.0  0.0   41100.5 7539392.0 4066785.8 15379136.0 11832877.4 100480.0 51231.0    493   42.997   1      7.532   50.529
73344.0 75520.0  0.0   288.0  7536704.0 400317.4 15379136.0 11873865.9 100480.0 51231.0    495   43.080   1      7.532   50.612
73344.0 70848.0 288.0   0.0   7545344.0 4030361.4 15379136.0 11873929.9 100480.0 51231.0    496   43.121   1      7.532   50.653
65536.0 70848.0  0.0   16672.0 7545344.0 6533382.9 15379136.0 11873985.9 100480.0 51231.0    497   43.163   1      7.532   50.695
66816.0 61632.0  0.0   61601.8 7561088.0 669464.9 15379136.0 11917652.9 100480.0 51232.1    499   43.257   1      7.532   50.789
66816.0 77632.0 40859.0  0.0   7534272.0 3420128.0 15379136.0 11978998.9 100480.0 51232.1    500   43.304   1      7.532   50.836
74944.0 77632.0  0.0   4768.0 7534272.0 6534565.5 15379136.0 11979383.0 100480.0 51232.1    501   43.346   1      7.532   50.878
68288.0 69824.0  0.0   288.0  7544768.0 2609525.0 15379136.0 12000639.2 100480.0 51232.1    503   43.440   1      7.532   50.972
68288.0 66112.0 1536.1  0.0   7555136.0 4596267.2 15379136.0 12000695.2 100480.0 51232.4    504   43.481   1      7.532   51.013
72640.0 75712.0 320.0   0.0   7538112.0   0.0    15379136.0 12083961.4 100480.0 51232.4    506   43.580   1      7.532   51.112
72640.0 75712.0 320.0   0.0   7538112.0 6667196.6 15379136.0 12083961.4 100480.0 51232.4    506   43.580   1      7.532   51.112
73216.0 75712.0  0.0   352.0  7538112.0 4537937.8 15379136.0 12084009.4 100480.0 51232.4    507   43.624   1      7.532   51.156
73216.0 70464.0 352.0   0.0   7545856.0 1649839.0 15379136.0 12084081.4 100480.0 51232.4    508   43.667   1      7.532   51.199
73216.0 70464.0 352.0   0.0   7545856.0 3282764.7 15379136.0 12084081.4 100480.0 51232.4    508   43.667   1      7.532   51.199
73216.0 70464.0 352.0   0.0   7545856.0 3282809.4 15379136.0 12084081.4 100480.0 51232.4    508   43.667   1      7.532   51.199
73216.0 70464.0 352.0   0.0   7545856.0 3282833.9 15379136.0 12084081.4 100480.0 51232.6    508   43.667   1      7.532   51.199
73216.0 70464.0 352.0   0.0   7545856.0 3282854.2 15379136.0 12084081.4 100480.0 51232.6    508   43.667   1      7.532   51.199
73216.0 70464.0 352.0   0.0   7545856.0 3282872.5 15379136.0 12084081.4 100480.0 51232.6    508   43.667   1      7.532   51.199
73216.0 70464.0 352.0   0.0   7545856.0 3282890.8 15379136.0 12084081.4 100480.0 51232.6    508   43.667   1      7.532   51.199
73216.0 70464.0 352.0   0.0   7545856.0 3282938.0 15379136.0 12084081.4 100480.0 51232.6    508   43.667   1      7.532   51.199
73216.0 70464.0 352.0   0.0   7545856.0 3282958.3 15379136.0 12084081.4 100480.0 51232.6    508   43.667   1      7.532   51.199
73216.0 70464.0 352.0   0.0   7545856.0 3282978.5 15379136.0 12084081.4 100480.0 51232.6    508   43.667   1      7.532   51.199
73216.0 70464.0 352.0   0.0   7545856.0 3282996.8 15379136.0 12084081.4 100480.0 51232.6    508   43.667   1      7.532   51.199
73216.0 70464.0 352.0   0.0   7545856.0 3283017.0 15379136.0 12084081.4 100480.0 51232.6    508   43.667   1      7.532   51.199
73216.0 70464.0 352.0   0.0   7545856.0 3283057.6 15379136.0 12084081.4 100480.0 51232.6    508   43.667   1      7.532   51.199
73216.0 70464.0 352.0   0.0   7545856.0 3373085.1 15379136.0 12084081.4 100480.0 51233.0    508   43.667   1      7.532   51.199
75840.0 44928.0  0.0   44879.5 7545856.0 4352706.3 15379136.0 12116913.4 100480.0 51235.2    509   43.726   1      7.532   51.258
75840.0 71040.0 20911.6  0.0   7542656.0 7484076.8 15379136.0 12222565.5 100480.0 51235.2    511   43.778   1      7.532   51.310
66560.0 64960.0 256.0   0.0   7558016.0 3721765.3 15379136.0 12263843.5 100480.0 51235.2    512   43.864   1      7.532   51.396
63040.0 64960.0  0.0   288.0  7558016.0 7528295.2 15379136.0 12263883.5 100480.0 51235.2    514   43.907   1      7.532   51.439
57024.0 60800.0  0.0   8512.0 7565696.0 3384322.3 15379136.0 12264019.5 100480.0 51235.2    515   43.991   1      7.532   51.523
57024.0 54400.0 2752.2  0.0   7578112.0 4753571.9 15379136.0 12264083.5 100480.0 51235.2    516   44.034   1      7.532   51.566
59584.0 57472.0 576.0   0.0   7572480.0 234172.3 15379136.0 12348108.7 100480.0 51235.2    518   44.127   1      7.532   51.659
55232.0 57472.0  0.0   672.0  7572480.0 3304476.7 15379136.0 12348492.8 100480.0 51235.2    519   44.170   1      7.532   51.702
55232.0 61888.0 41718.2  0.0   7565760.0 6522453.8 15379136.0 12369486.9 100480.0 51235.2    520   44.215   1      7.532   51.747
59712.0 57344.0 384.0   0.0   7572480.0 2382353.8 15379136.0 12390447.1 100480.0 51235.4    522   44.301   1      7.532   51.833
64000.0 42432.0  0.0   42371.7 7572480.0 3918294.4 15379136.0 12390495.1 100480.0 51235.4    523   44.344   1      7.532   51.876
64000.0 61184.0 20843.6  0.0   7564352.0 3348480.0 15379136.0 12432648.6 100480.0 51235.4    524   44.389   1      7.532   51.921
59264.0 61184.0  0.0   320.0  7564352.0 315596.4 15379136.0 12453224.3 100480.0 51235.4    525   44.432   1      7.532   51.964
59264.0 61184.0  0.0   320.0  7564352.0 4015913.0 15379136.0 12453224.3 100480.0 51235.4    525   44.432   1      7.532   51.964
59264.0 61184.0  0.0   320.0  7564352.0 6247047.2 15379136.0 12453224.3 100480.0 51236.0    525   44.432   1      7.532   51.964
59264.0 61184.0  0.0   320.0  7564352.0 6247421.3 15379136.0 12453224.3 100480.0 51236.0    525   44.432   1      7.532   51.964
59264.0 61184.0  0.0   320.0  7564352.0 6247443.6 15379136.0 12453224.3 100480.0 51236.0    525   44.432   1      7.532   51.964
59264.0 61184.0  0.0   320.0  7564352.0 6247464.1 15379136.0 12453224.3 100480.0 51236.0    525   44.432   1      7.532   51.964
59264.0 61184.0  0.0   320.0  7564352.0 6247510.6 15379136.0 12453224.3 100480.0 51236.0    525   44.432   1      7.532   51.964
59264.0 61184.0  0.0   320.0  7564352.0 6247528.8 15379136.0 12453224.3 100480.0 51236.0    525   44.432   1      7.532   51.964
59264.0 61184.0  0.0   320.0  7564352.0 6247551.1 15379136.0 12453224.3 100480.0 51236.0    525   44.432   1      7.532   51.964
59264.0 61184.0  0.0   320.0  7564352.0 6247569.4 15379136.0 12453224.3 100480.0 51236.0    525   44.432   1      7.532   51.964
59264.0 57216.0 20768.5  0.0   7573056.0 3223177.5 15379136.0 12453296.3 100480.0 51236.0    526   44.479   1      7.532   52.011
62656.0 41088.0  0.0   41075.7 7573056.0 5212366.3 15379136.0 12497622.9 100480.0 51237.6    527   44.529   1      7.532   52.061
72960.0 74496.0  0.0   224.0  7540544.0 1417025.9 15379136.0 12641591.1 100480.0 51237.6    529   44.635   1      7.532   52.167
72960.0 70976.0 256.0   0.0   7545600.0 5104182.8 15379136.0 12641647.1 100480.0 51237.6    530   44.678   1      7.532   52.210
68672.0 66048.0 256.0   0.0   7554816.0 1329335.9 15379136.0 12641751.1 100480.0 51237.6    532   44.764   1      7.532   52.296
63104.0 66048.0  0.0   1856.2 7554816.0 3275165.2 15379136.0 12641815.1 100480.0 51237.6    533   44.811   1      7.532   52.343
63104.0 71552.0 49600.5  0.0   7546432.0 5435294.8 15379136.0 12643420.9 100480.0 51237.6    534   44.855   1      7.532   52.387
81216.0 75456.0 21640.0  0.0   7532864.0 219422.6 15379136.0 12758538.4 100480.0 51238.0    536   44.960   1      7.532   52.492
77376.0 75456.0  0.0   40997.9 7532864.0 3178708.9 15379136.0 12779970.5 100480.0 51238.0    537   45.004   1      7.532   52.536
77376.0 75840.0 320.0   0.0   7536320.0 6792220.2 15379136.0 12820764.5 100480.0 51238.0    538   45.049   1      7.532   52.581
73728.0 76800.0 41802.8  0.0   7535936.0 1260606.7 15379136.0 12821210.2 100480.0 51238.0    540   45.135   1      7.532   52.667
74752.0 76800.0  0.0   320.0  7535936.0 2207408.4 15379136.0 12862781.1 100480.0 51238.0    541   45.179   1      7.532   52.711
74752.0 72320.0 256.0   0.0   7542464.0 545236.3 15379136.0 12862853.1 100480.0 51238.0    542   45.221   1      7.532   52.753
74752.0 72320.0 256.0   0.0   7542464.0 3265425.7 15379136.0 12862853.1 100480.0 51238.0    542   45.221   1      7.532   52.753
74752.0 72320.0 256.0   0.0   7542464.0 5068855.7 15379136.0 12862853.1 100480.0 51238.0    542   45.221   1      7.532   52.753
74752.0 72320.0 256.0   0.0   7542464.0 5069077.6 15379136.0 12862853.1 100480.0 51238.0    542   45.221   1      7.532   52.753
74752.0 72320.0 256.0   0.0   7542464.0 5069124.6 15379136.0 12862853.1 100480.0 51238.0    542   45.221   1      7.532   52.753
74752.0 72320.0 256.0   0.0   7542464.0 5069144.9 15379136.0 12862853.1 100480.0 51238.0    542   45.221   1      7.532   52.753
74752.0 72320.0 256.0   0.0   7542464.0 5069165.2 15379136.0 12862853.1 100480.0 51238.0    542   45.221   1      7.532   52.753
74752.0 72320.0 256.0   0.0   7542464.0 5069183.5 15379136.0 12862853.1 100480.0 51238.0    542   45.221   1      7.532   52.753
74752.0 72320.0 256.0   0.0   7542464.0 5069203.8 15379136.0 12862853.1 100480.0 51238.0    542   45.221   1      7.532   52.753
74752.0 72320.0 256.0   0.0   7542464.0 5069250.8 15379136.0 12862853.1 100480.0 51238.0    542   45.221   1      7.532   52.753
74752.0 72320.0 256.0   0.0   7542464.0 5192594.8 15379136.0 12862853.1 100480.0 51238.0    542   45.221   1      7.532   52.753
74240.0 72320.0  0.0   37184.5 7542464.0 6748576.8 15379136.0 12862933.1 100480.0 51238.0    543   45.268   1      7.532   52.800
84544.0 40576.0  0.0   40521.5 7520960.0 2121087.8 15379136.0 12989031.9 100480.0 51238.0    545   45.371   1      7.532   52.903
84544.0 82816.0 256.0   0.0   7522176.0 5601787.2 15379136.0 13029345.4 100480.0 51238.0    546   45.415   1      7.532   52.947
80576.0 78016.0 224.0   0.0   7530944.0 1869411.4 15379136.0 13029425.4 100480.0 51238.0    548   45.503   1      7.532   53.035
75072.0 78016.0  0.0   256.0  7530944.0 5129843.6 15379136.0 13029473.4 100480.0 51238.0    549   45.546   1      7.532   53.078
75072.0 71616.0 2464.2  0.0   7542848.0 7542848.0 15379136.0 13029505.4 100480.0 51238.2    551   45.590   1      7.532   53.122
75712.0 78784.0 41640.9  0.0   7531968.0 2584819.9 15379136.0 13072920.8 100480.0 51238.2    552   45.682   1      7.532   53.214
73024.0 78784.0  0.0   20423.9 7531968.0 6100889.1 15379136.0 13093663.6 100480.0 51238.2    553   45.726   1      7.532   53.258
68864.0 71104.0  0.0   224.0  7545408.0 2177346.6 15379136.0 13114278.2 100480.0 51238.2    555   45.811   1      7.532   53.343
68864.0 66368.0 224.0   0.0   7554304.0 5132289.3 15379136.0 13114334.2 100480.0 51238.2    556   45.854   1      7.532   53.386
71552.0 42752.0  0.0   42723.8 7554304.0 6963917.7 15379136.0 13114398.2 100480.0 51238.2    557   45.898   1      7.532   53.430
72640.0 74816.0  0.0   288.0  7539904.0 449825.3 15379136.0 13197640.4 100480.0 51238.2    559   45.987   1      7.532   53.519
72640.0 74816.0  0.0   288.0  7539904.0 5400624.1 15379136.0 13197640.4 100480.0 51238.2    559   45.987   1      7.532   53.519
72640.0 70208.0 224.0   0.0   7546688.0 2715157.2 15379136.0 13197720.4 100480.0 51238.2    560   46.030   1      7.532   53.562
72640.0 70208.0 224.0   0.0   7546688.0 5232039.3 15379136.0 13197720.4 100480.0 51238.2    560   46.030   1      7.532   53.562
72640.0 70208.0 224.0   0.0   7546688.0 5232061.7 15379136.0 13197720.4 100480.0 51238.2    560   46.030   1      7.532   53.562
72640.0 70208.0 224.0   0.0   7546688.0 5232081.9 15379136.0 13197720.4 100480.0 51238.2    560   46.030   1      7.532   53.562
72640.0 70208.0 224.0   0.0   7546688.0 5232100.3 15379136.0 13197720.4 100480.0 51238.2    560   46.030   1      7.532   53.562
72640.0 70208.0 224.0   0.0   7546688.0 5232145.7 15379136.0 13197720.4 100480.0 51238.2    560   46.030   1      7.532   53.562
72640.0 70208.0 224.0   0.0   7546688.0 5232164.0 15379136.0 13197720.4 100480.0 51238.2    560   46.030   1      7.532   53.562
72640.0 70208.0 224.0   0.0   7546688.0 5232184.2 15379136.0 13197720.4 100480.0 51238.2    560   46.030   1      7.532   53.562
72640.0 70208.0 224.0   0.0   7546688.0 5232206.5 15379136.0 13197720.4 100480.0 51238.2    560   46.030   1      7.532   53.562
72576.0 70208.0  0.0   37120.5 7546688.0 4754212.0 15379136.0 13197768.4 100480.0 51244.4    561   46.077   1      7.532   53.610
72576.0 83072.0 61374.6  0.0   7523392.0 7271620.5 15379136.0 13242499.7 100480.0 51244.4    563   46.130   1      7.532   53.662
84736.0 96512.0 288.0   0.0   7496512.0 3522772.5 15379136.0 13324344.7 100480.0 51244.4    564   46.224   1      7.532   53.757
93760.0 90560.0 288.0   0.0   7505216.0   0.0    15379136.0 13324440.7 100480.0 51244.4    566   46.312   1      7.532   53.844
87104.0 90560.0  0.0   288.0  7505216.0 3790267.1 15379136.0 13324496.7 100480.0 51244.4    567   46.356   1      7.532   53.888
87104.0 89216.0 43018.3  0.0   7511104.0 5859859.6 15379136.0 13324568.7 100480.0 51246.4    568   46.399   1      7.532   53.931
97280.0 99264.0 50068.3  0.0   7491008.0 1467447.7 15379136.0 13388134.8 100480.0 51246.4    570   46.501   1      7.532   54.033
93248.0 99264.0  0.0   21096.0 7491008.0 4408790.2 15379136.0 13388494.9 100480.0 51246.4    571   46.547   1      7.532   54.079
86016.0 87680.0  0.0   288.0  7508608.0 606469.4 15379136.0 13429855.4 100480.0 51246.4    573   46.635   1      7.532   54.167
86016.0 83776.0 320.0   0.0   7519744.0 4261087.5 15379136.0 13429911.4 100480.0 51246.4    574   46.678   1      7.532   54.211
77632.0 83776.0  0.0   21631.2 7519744.0 5279664.9 15379136.0 13429975.4 100480.0 51246.4    575   46.722   1      7.532   54.254
77632.0 72128.0 20843.6  0.0   7539776.0 4593525.4 15379136.0 13451357.2 100480.0 51246.4    576   46.769   1      7.532   54.302
70592.0 72128.0  0.0   320.0  7539776.0 371837.4 15379136.0 13471956.9 100480.0 51246.4    577   46.814   1      7.532   54.346
70592.0 72128.0  0.0   320.0  7539776.0 2845218.8 15379136.0 13471956.9 100480.0 51246.4    577   46.814   1      7.532   54.346
70592.0 72128.0  0.0   320.0  7539776.0 4236269.2 15379136.0 13471956.9 100480.0 51246.4    577   46.814   1      7.532   54.346
70592.0 72128.0  0.0   320.0  7539776.0 4236291.6 15379136.0 13471956.9 100480.0 51246.4    577   46.814   1      7.532   54.346
70592.0 72128.0  0.0   320.0  7539776.0 4236337.3 15379136.0 13471956.9 100480.0 51246.4    577   46.814   1      7.532   54.346
70592.0 72128.0  0.0   320.0  7539776.0 4236357.6 15379136.0 13471956.9 100480.0 51246.4    577   46.814   1      7.532   54.346
70592.0 72128.0  0.0   320.0  7539776.0 4236375.8 15379136.0 13471956.9 100480.0 51246.4    577   46.814   1      7.532   54.346
70592.0 72128.0  0.0   320.0  7539776.0 4236398.0 15379136.0 13471956.9 100480.0 51246.4    577   46.814   1      7.532   54.346
70592.0 72128.0  0.0   320.0  7539776.0 4236416.3 15379136.0 13471956.9 100480.0 51246.4    577   46.814   1      7.532   54.346
70592.0 72128.0  0.0   320.0  7539776.0 4236463.8 15379136.0 13471956.9 100480.0 51246.4    577   46.814   1      7.532   54.346
70592.0 72128.0  0.0   320.0  7539776.0 4236482.1 15379136.0 13471956.9 100480.0 51246.4    577   46.814   1      7.532   54.346
70592.0 72128.0  0.0   320.0  7539776.0 4236502.3 15379136.0 13471956.9 100480.0 51246.4    577   46.814   1      7.532   54.346
70592.0 72128.0  0.0   320.0  7539776.0 4236520.6 15379136.0 13471956.9 100480.0 51246.4    577   46.814   1      7.532   54.346
70592.0 72128.0  0.0   320.0  7539776.0 4236540.9 15379136.0 13471956.9 100480.0 51246.4    577   46.814   1      7.532   54.346
70592.0 72128.0  0.0   320.0  7539776.0 5405794.0 15379136.0 13471956.9 100480.0 51246.7    577   46.814   1      7.532   54.346
70592.0 84224.0 69856.5  0.0   7521088.0 6601918.9 15379136.0 13504780.9 100480.0 51246.7    578   46.868   1      7.532   54.400
85760.0 97920.0 256.0   0.0   7493696.0 1921293.2 15379136.0 13713734.7 100480.0 51246.7    580   46.981   1      7.532   54.513
95424.0 97920.0  0.0   224.0  7493696.0 5335274.8 15379136.0 13713798.8 100480.0 51246.7    581   47.025   1      7.532   54.557
91840.0 94272.0  0.0   288.0  7499840.0 1577145.2 15379136.0 13754168.3 100480.0 51246.7    583   47.119   1      7.532   54.651
91840.0 88960.0 288.0   0.0   7508736.0 4851205.2 15379136.0 13754224.3 100480.0 51246.7    584   47.164   1      7.532   54.696
90112.0 88960.0  0.0   42699.4 7508736.0 7350905.4 15379136.0 13754288.3 100480.0 51246.7    585   47.212   1      7.532   54.744
99392.0 104960.0  0.0   17280.1 7479616.0 2744391.6 15379136.0 13817850.4 100480.0 51246.7    587   47.311   1      7.532   54.843
99392.0 96960.0 288.0   0.0   7493184.0 5903624.0 15379136.0 13818538.5 100480.0 51246.7    588   47.356   1      7.532   54.888
95488.0 93056.0 608.0   0.0   7500992.0 1700223.1 15379136.0 13859006.4 100480.0 51246.7    590   47.447   1      7.532   54.979
86656.0 93056.0  0.0   21124.5 7500992.0 4311727.1 15379136.0 13859369.0 100480.0 51246.7    591   47.492   1      7.532   55.024
86656.0 80832.0 21343.2  0.0   7522048.0 5897345.0 15379136.0 13880233.6 100480.0 51246.7    592   47.538   1      7.532   55.070
75584.0 80832.0  0.0   20811.6 7522048.0 3891312.6 15379136.0 13901308.8 100480.0 51246.7    593   47.584   1      7.532   55.116
75584.0 74240.0 320.0   0.0   7539712.0 167268.6 15379136.0 13921888.4 100480.0 51246.7    594   47.629   1      7.532   55.161
75584.0 74240.0 320.0   0.0   7539712.0 3176421.7 15379136.0 13921888.4 100480.0 51246.7    594   47.629   1      7.532   55.161
75584.0 74240.0 320.0   0.0   7539712.0 3805122.9 15379136.0 13921888.4 100480.0 51246.7    594   47.629   1      7.532   55.161
75584.0 74240.0 320.0   0.0   7539712.0 3805143.3 15379136.0 13921888.4 100480.0 51246.7    594   47.629   1      7.532   55.161
75584.0 74240.0 320.0   0.0   7539712.0 3805167.6 15379136.0 13921888.4 100480.0 51246.7    594   47.629   1      7.532   55.161
75584.0 74240.0 320.0   0.0   7539712.0 3805185.8 15379136.0 13921888.4 100480.0 51246.7    594   47.629   1      7.532   55.161
75584.0 74240.0 320.0   0.0   7539712.0 3805204.0 15379136.0 13921888.4 100480.0 51246.7    594   47.629   1      7.532   55.161
75584.0 74240.0 320.0   0.0   7539712.0 3805246.7 15379136.0 13921888.4 100480.0 51246.7    594   47.629   1      7.532   55.161
75584.0 74240.0 320.0   0.0   7539712.0 3805269.0 15379136.0 13921888.4 100480.0 51246.7    594   47.629   1      7.532   55.161
75584.0 74240.0 320.0   0.0   7539712.0 3805287.2 15379136.0 13921888.4 100480.0 51246.7    594   47.629   1      7.532   55.161
75584.0 74240.0 320.0   0.0   7539712.0 4741658.1 15379136.0 13921888.4 100480.0 51247.6    594   47.629   1      7.532   55.161
71744.0 69824.0  64.0   0.0   7547968.0 1043913.9 15379136.0 13926182.6 100480.0 51247.6    596   47.722   1      7.532   55.254
67456.0 69824.0  0.0   256.0  7547968.0 4620445.7 15379136.0 13926198.6 100480.0 51247.6    597   47.766   1      7.532   55.298
62208.0 64960.0  0.0   256.0  7557120.0 465401.8 15379136.0 13926278.6 100480.0 51247.6    599   47.856   1      7.532   55.388
62208.0 59392.0 224.0   0.0   7567936.0 3997833.2 15379136.0 13926302.6 100480.0 51247.6    600   47.900   1      7.532   55.432
56512.0 54592.0 17600.1  0.0   7578432.0   0.0    15379136.0 13926422.6 100480.0 51247.6    602   47.992   1      7.532   55.524
54720.0 54592.0  0.0   23221.4 7578432.0 1182469.8 15379136.0 13927412.4 100480.0 51247.6    603   48.036   1      7.532   55.568
54720.0 61056.0 40808.9  0.0   7567424.0 3782221.1 15379136.0 14027395.8 100480.0 51247.6    604   48.091   1      7.532   55.623
58944.0 61056.0  0.0   288.0  7567424.0 7302941.0 15379136.0 14088348.1 100480.0 51247.6    605   48.137   1      7.532   55.670
53632.0 56704.0  0.0   4384.0 7573888.0 3043105.7 15379136.0 14088420.1 100480.0 51247.6    607   48.227   1      7.532   55.759
53632.0 51200.0 960.1   0.0   7584704.0 5285989.8 15379136.0 14088484.1 100480.0 51247.6    608   48.272   1      7.532   55.804
51136.0 51200.0  0.0   21156.5 7584704.0 5528115.6 15379136.0 14089177.9 100480.0 51247.6    609   48.318   1      7.532   55.850
51136.0 50624.0 20843.6  0.0   7587776.0 3266897.9 15379136.0 14110046.5 100480.0 51247.6    610   48.368   1      7.532   55.900
51136.0 50624.0 20843.6  0.0   7587776.0 5728363.4 15379136.0 14110046.5 100480.0 51247.6    610   48.368   1      7.532   55.900
48832.0 50624.0  0.0   320.0  7587776.0 466022.8 15379136.0 14130618.1 100480.0 51247.6    611   48.414   1      7.532   55.946
48832.0 50624.0  0.0   320.0  7587776.0 893860.2 15379136.0 14130618.1 100480.0 51247.6    611   48.414   1      7.532   55.946
48832.0 50624.0  0.0   320.0  7587776.0 893920.9 15379136.0 14130618.1 100480.0 51247.6    611   48.414   1      7.532   55.946
48832.0 50624.0  0.0   320.0  7587776.0 1177275.3 15379136.0 14130618.1 100480.0 51247.6    611   48.414   1      7.532   55.946
48832.0 50624.0  0.0   320.0  7587776.0 2386657.8 15379136.0 14130618.1 100480.0 51247.6    611   48.414   1      7.532   55.946
48832.0 50624.0  0.0   320.0  7587776.0 3633537.7 15379136.0 14130618.1 100480.0 51247.6    611   48.414   1      7.532   55.946
48832.0 50624.0  0.0   320.0  7587776.0 4880421.9 15379136.0 14130618.1 100480.0 51247.6    611   48.414   1      7.532   55.946
48832.0 50624.0  0.0   320.0  7587776.0 5817973.7 15379136.0 14130618.1 100480.0 51247.6    611   48.414   1      7.532   55.946
48832.0 50624.0  0.0   320.0  7587776.0 5818018.2 15379136.0 14130618.1 100480.0 51247.6    611   48.414   1      7.532   55.946
48832.0 50624.0  0.0   320.0  7587776.0 5818036.5 15379136.0 14130618.1 100480.0 51247.6    611   48.414   1      7.532   55.946
48832.0 65408.0 48831.5  0.0   7558720.0 5997633.0 15379136.0 14147931.9 100480.0 51249.0    612   48.462   1      7.532   55.995
69184.0 86528.0 61780.0  0.0   7516480.0 589594.2 15379136.0 14348823.1 100480.0 51249.0    614   48.582   1      7.532   56.114
84672.0 86528.0  0.0   288.0  7516480.0 3990335.1 15379136.0 14430539.8 100480.0 51249.0    615   48.630   1      7.532   56.162
79616.0 82304.0  0.0   224.0  7522560.0 153831.4 15379136.0 14430635.8 100480.0 51249.0    617   48.729   1      7.532   56.261
79616.0 76608.0 256.0   0.0   7533312.0 3622575.2 15379136.0 14430683.8 100480.0 51249.0    618   48.794   1      7.532   56.326
72704.0 76608.0  0.0   22325.2 7533312.0 5266746.7 15379136.0 14430755.8 100480.0 51249.0    619   48.843   1      7.532   56.375
77632.0 83712.0  0.0   20776.0 7522112.0 698612.5 15379136.0 14534636.0 100480.0 51249.0    621   48.948   1      7.532   56.480
77632.0 75584.0 864.1   0.0   7536320.0 4014769.1 15379136.0 14555180.0 100480.0 51249.0    622   48.993   1      7.532   56.525
73280.0 75584.0  32.0  256.0  7536320.0 7536320.0 15379136.0 14555868.0 100480.0 51249.0    624   49.038   1      7.532   56.570
79232.0 53888.0  0.0   53852.1 7545600.0 3086351.9 15379136.0 14555948.0 100480.0 51249.0    625   49.134   1      7.532   56.666
79232.0 81664.0 42339.7  0.0   7526208.0 4911053.5 15379136.0 14576820.2 100480.0 51249.0    626   49.181   1      7.532   56.713
75904.0 81664.0  0.0   20779.6 7526208.0 5155011.8 15379136.0 14618985.7 100480.0 51249.0    627   49.230   1      7.532   56.762
75904.0 74112.0 320.0   0.0   7539520.0 2505665.6 15379136.0 14639561.4 100480.0 51249.0    628   49.277   1      7.532   56.809
75904.0 74112.0 320.0   0.0   7539520.0 7078641.1 15379136.0 14639561.4 100480.0 51249.0    628   49.277   1      7.532   56.809
72000.0 74112.0  0.0   352.0  7539520.0 1770022.9 15379136.0 14639625.4 100480.0 51249.0    629   49.323   1      7.532   56.855
72000.0 74112.0  0.0   352.0  7539520.0 1770432.8 15379136.0 14639625.4 100480.0 51249.0    629   49.323   1      7.532   56.855
72000.0 74112.0  0.0   352.0  7539520.0 1770451.1 15379136.0 14639625.4 100480.0 51249.0    629   49.323   1      7.532   56.855
72000.0 74112.0  0.0   352.0  7539520.0 1770473.4 15379136.0 14639625.4 100480.0 51249.0    629   49.323   1      7.532   56.855
72000.0 74112.0  0.0   352.0  7539520.0 1770516.8 15379136.0 14639625.4 100480.0 51249.0    629   49.323   1      7.532   56.855
72000.0 74112.0  0.0   352.0  7539520.0 1770537.1 15379136.0 14639625.4 100480.0 51249.0    629   49.323   1      7.532   56.855
72000.0 74112.0  0.0   352.0  7539520.0 1770555.4 15379136.0 14639625.4 100480.0 51249.0    629   49.323   1      7.532   56.855
72000.0 74112.0  0.0   352.0  7539520.0 1770575.8 15379136.0 14639625.4 100480.0 51249.0    629   49.323   1      7.532   56.855
72000.0 74112.0  0.0   352.0  7539520.0 1770596.1 15379136.0 14639625.4 100480.0 51249.0    629   49.323   1      7.532   56.855
72000.0 74112.0  0.0   352.0  7539520.0 6401268.4 15379136.0 14639625.4 100480.0 51294.0    629   49.323   1      7.532   56.855
66560.0 69120.0  0.0    64.0  7548416.0 2850629.1 15379136.0 14642327.6 100480.0 51294.0    631   49.419   1      7.532   56.951
66560.0 63808.0 192.0   0.0   7559168.0 6468857.8 15379136.0 14642359.6 100480.0 51294.0    632   49.465   1      7.532   56.997
60992.0 58048.0 224.0   0.0   7570496.0 2822499.9 15379136.0 14642439.6 100480.0 51294.0    634   49.555   1      7.532   57.087
55104.0 58048.0  0.0   256.0  7570496.0 6291207.0 15379136.0 14642487.6 100480.0 51294.0    635   49.601   1      7.532   57.133
49024.0 52160.0  0.0   1760.3 7582272.0 2057598.4 15379136.0 14642591.6 100480.0 51295.2    637   49.694   1      7.532   57.226
49024.0 46208.0 640.1   0.0   7594304.0 5395572.4 15379136.0 14644125.6 100480.0 51295.2    638   49.741   1      7.532   57.273
43456.0 40896.0 256.0   0.0   7605184.0 1703615.2 15379136.0 14644549.6 100480.0 51295.2    640   49.840   1      7.532   57.372
38336.0 40896.0  0.0   288.0  7605184.0 5209526.5 15379136.0 14644589.6 100480.0 51295.2    641   49.887   1      7.532   57.419
33600.0 35904.0  0.0   224.0  7615296.0 1246430.6 15379136.0 14644677.6 100480.0 51295.2    643   49.978   1      7.532   57.510
33600.0 31296.0 928.1   0.0   7624640.0 2962930.4 15379136.0 14644749.6 100480.0 51295.2    644   50.023   1      7.532   57.555
29184.0 31296.0  0.0   352.0  7624640.0 737826.0 15379136.0 14645411.4 100480.0 51295.2    645   50.069   1      7.532   57.602
29184.0 31296.0  0.0   352.0  7624640.0 6209204.9 15379136.0 14645411.4 100480.0 51295.2    645   50.069   1      7.532   57.602
29184.0 27264.0 192.0   0.0   7633088.0 3339289.4 15379136.0 14645483.4 100480.0 51295.2    646   50.125   1      7.532   57.657
29184.0 27264.0 192.0   0.0   7633088.0 3339307.8 15379136.0 14645483.4 100480.0 51295.2    646   50.125   1      7.532   57.657
29184.0 27264.0 192.0   0.0   7633088.0 3340115.1 15379136.0 14645483.4 100480.0 51295.2    646   50.125   1      7.532   57.657
29184.0 27264.0 192.0   0.0   7633088.0 3340137.8 15379136.0 14645483.4 100480.0 51295.2    646   50.125   1      7.532   57.657
29184.0 27264.0 192.0   0.0   7633088.0 3340158.0 15379136.0 14645483.4 100480.0 51295.2    646   50.125   1      7.532   57.657
29184.0 27264.0 192.0   0.0   7633088.0 3340178.2 15379136.0 14645483.4 100480.0 51295.2    646   50.125   1      7.532   57.657
29184.0 27264.0 192.0   0.0   7633088.0 3340194.5 15379136.0 14645483.4 100480.0 51295.2    646   50.125   1      7.532   57.657
29184.0 27264.0 192.0   0.0   7633088.0 3340244.1 15379136.0 14645483.4 100480.0 51295.2    646   50.125   1      7.532   57.657
29184.0 27264.0 192.0   0.0   7633088.0 3340262.4 15379136.0 14645483.4 100480.0 51295.2    646   50.125   1      7.532   57.657
29184.0 27264.0 192.0   0.0   7633088.0 3340282.7 15379136.0 14645483.4 100480.0 51295.2    646   50.125   1      7.532   57.657
