 S0C    S1C    S0U    S1U      EC       EU        OC         OU       PC     PU    YGC     YGCT    FGC    FGCT     GCT   
961152.0 961152.0  0.0    0.0   5767232.0 115344.7 15379136.0    0.0     21248.0 2637.8      0    0.000   0      0.000    0.000
961152.0 961152.0  0.0    0.0   5767232.0 115344.7 15379136.0    0.0     21248.0 13116.0      0    0.000   0      0.000    0.000
961152.0 961152.0  0.0    0.0   5767232.0 1730333.6 15379136.0    0.0     26624.0 26448.2      0    0.000   0      0.000    0.000
961152.0 961152.0  0.0   49494.5 5767232.0 1113081.5 15379136.0    0.0     39680.0 39175.4      1    0.039   0      0.000    0.039
961152.0 961152.0  0.0   49494.5 5767232.0 1248956.9 15379136.0    0.0     48128.0 47955.0      1    0.039   0      0.000    0.039
961152.0 961152.0  0.0   49494.5 5767232.0 5011655.1 15379136.0    0.0     48128.0 48009.2      1    0.039   0      0.000    0.039
961152.0 961152.0 97469.7  0.0   5767232.0 3094668.8 15379136.0    0.0     48128.0 48029.8      2    0.112   0      0.000    0.112
961152.0 961152.0  0.0   145785.2 5767232.0 1211007.6 15379136.0    0.0     48128.0 48030.6      3    0.225   0      0.000    0.225
961152.0 961152.0  0.0   145785.2 5767232.0 5202928.0 15379136.0    0.0     48128.0 48063.1      3    0.225   0      0.000    0.225
961152.0 961152.0 197823.2  0.0   5767232.0 3949503.6 15379136.0    0.0     48128.0 48064.8      4    0.387   0      0.000    0.387
301696.0 961152.0  0.0   255871.2 5767232.0 2234942.8 15379136.0    0.0     48320.0 48144.1      5    0.590   0      0.000    0.590
301696.0 961152.0 155401.1 255871.2 5767232.0 5767232.0 15379136.0    0.0     48320.0 48145.9      6    0.590   0      0.000    0.590
301696.0 368640.0 301673.2  0.0   6952256.0 4170087.5 15379136.0   9712.0   48320.0 48148.7      6    0.808   0      0.000    0.808
401536.0 415872.0 282340.4  0.0   6857792.0 319091.0 15379136.0  170396.1  48320.0 48254.9      8    1.308   0      0.000    1.308
401536.0 415872.0 282340.4 168119.2 6857792.0 6857792.0 15379136.0  180836.1  48320.0 48285.7      9    1.308   0      0.000    1.308
409792.0 406464.0 108240.0  0.0   6873280.0 1116620.8 15379136.0  439406.4  48320.0 48287.1     10    1.791   0      0.000    1.791
411264.0 46336.0  0.0   46292.1 6873280.0 2985995.7 15379136.0  547638.4  48320.0 48289.1     11    1.931   0      0.000    1.931
411264.0 417856.0 8896.0  0.0   6853824.0 5314654.3 15379136.0  610614.5  48512.0 48340.0     12    1.995   0      0.000    1.995
415104.0 413440.0 6528.0  0.0   6860992.0 1025570.2 15379136.0  651514.6  48512.0 48342.0     14    2.099   0      0.000    2.099
408448.0 413440.0  0.0   4480.0 6860992.0 3505451.5 15379136.0  657906.7  48512.0 48346.6     15    2.133   0      0.000    2.133
408448.0 399168.0 11104.1  0.0   6881920.0 6049592.8 15379136.0  662306.7  48512.0 48361.5     16    2.175   0      0.000    2.175
387008.0 372160.0 23520.2  0.0   6930368.0 936573.9 15379136.0  687605.4  48512.0 48384.4     18    2.356   0      0.000    2.356
352512.0 372160.0  0.0   47584.3 6930368.0 1553760.9 15379136.0  709469.5  48512.0 48396.2     19    2.428   0      0.000    2.428
352512.0 372160.0  0.0   47584.3 6930368.0 6055214.3 15379136.0  709469.5  48512.0 48400.3     19    2.428   0      0.000    2.428
352512.0 330880.0 63392.3  0.0   7006144.0 3430684.0 15379136.0  752373.7  48512.0 48400.3     20    2.541   0      0.000    2.541
310720.0 330880.0  0.0   63136.1 7006144.0 339319.7 15379136.0  812893.9  48512.0 48401.0     21    2.730   0      0.000    2.730
310720.0 330880.0  0.0   63136.1 7006144.0 5175467.4 15379136.0  812893.9  48512.0 48401.5     21    2.730   0      0.000    2.730
310720.0 293056.0 98475.2  0.0   7085760.0 4023656.2 15379136.0  873006.0  48512.0 48402.0     22    2.879   0      0.000    2.879
276992.0 293056.0 40386.9 59776.1 7085760.0 7085760.0 15379136.0 1021249.2  48512.0 48404.9     24    3.013   0      0.000    3.013
276992.0 264000.0 46530.9  64.0  7148544.0 7148544.0 15379136.0 1031209.2  48512.0 48405.5     25    3.378   0      0.000    3.378
246592.0 264000.0 24608.0 74220.0 7148544.0 7148544.0 15379136.0 1143454.6  48512.0 48405.6     26    3.516   0      0.000    3.516
227968.0 238592.0  0.0   90172.6 7204352.0 1205234.6 15379136.0 1174838.6  48512.0 48407.1     27    4.010   0      0.000    4.010
227968.0 222016.0 21792.0  0.0   7239552.0 2780571.6 15379136.0 1259330.9  48512.0 48407.1     28    4.121   0      0.000    4.121
211328.0 222016.0  0.0   44302.7 7239552.0 4916889.4 15379136.0 1281018.9  48512.0 48407.5     29    4.211   0      0.000    4.211
204160.0 208512.0  0.0   224.0  7269696.0   0.0    15379136.0 1325403.6  48512.0 48409.2     31    4.273   0      0.000    4.273
204160.0 198592.0 256.0   0.0   7286784.0 2031790.3 15379136.0 1325451.6  48512.0 48413.9     32    4.291   0      0.000    4.291
204160.0 198592.0 256.0   0.0   7286784.0 6751575.8 15379136.0 1325451.6  48512.0 48416.7     32    4.291   0      0.000    4.291
204160.0 198592.0 256.0   0.0   7286784.0 6751592.3 15379136.0 1325451.6  48512.0 48416.9     32    4.291   0      0.000    4.291
204160.0 198592.0 256.0   0.0   7286784.0 6757651.2 15379136.0 1325451.6  48512.0 48418.9     32    4.291   0      0.000    4.291
185216.0 198592.0  0.0   53826.0 7286784.0 3152830.2 15379136.0 1325507.6  49280.0 49142.0     33    4.316   0      0.000    4.316
185216.0 220416.0 181700.0  0.0   7248704.0 3763348.6 15379136.0 1399520.3  49280.0 49275.4     34    4.375   0      0.000    4.375
208576.0 220416.0  0.0   40471.1 7248704.0 2560270.7 15379136.0 1674556.5  49472.0 49312.5     35    4.439   0      0.000    4.439
208576.0 216704.0 122844.9  0.0   7256128.0 2487618.8 15379136.0 1734798.1  49472.0 49322.8     36    4.478   0      0.000    4.478
211712.0 216704.0  0.0   8736.0 7256128.0 3336341.4 15379136.0 1857355.1  49472.0 49323.2     37    4.515   0      0.000    4.515
211712.0 208960.0 94617.8  0.0   7268864.0 3837615.4 15379136.0 1857739.1  49472.0 49329.3     38    4.545   0      0.000    4.545
202432.0 208960.0  0.0   18176.3 7268864.0 5240978.2 15379136.0 1931631.0  49472.0 49330.6     39    4.580   0      0.000    4.580
202432.0 189248.0 53676.8  0.0   7297856.0 6839125.8 15379136.0 1949593.1  49472.0 49331.5     40    4.607   0      0.000    4.607
204544.0 209664.0 117868.2  0.0   7270208.0 645061.8 15379136.0 2027556.5  49472.0 49331.8     42    4.684   0      0.000    4.684
208064.0 209664.0  0.0   512.0  7270208.0 2555295.9 15379136.0 2112446.4  49472.0 49334.0     43    4.718   0      0.000    4.718
208064.0 194944.0 57911.6  0.0   7286528.0 3827870.9 15379136.0 2112702.5  49472.0 49334.5     44    4.743   0      0.000    4.743
182336.0 194944.0  0.0   61445.3 7286528.0 5365592.9 15379136.0 2129406.6  49472.0 49335.4     45    4.771   0      0.000    4.771
182336.0 181312.0 288.0   0.0   7325888.0 5908821.4 15379136.0 2190624.0  49472.0 49336.4     46    4.799   0      0.000    4.799
178688.0 181312.0  0.0   352.0  7325888.0 2451606.9 15379136.0 2190696.0  49472.0 49336.7     47    4.818   0      0.000    4.818
178688.0 181312.0  0.0   352.0  7325888.0 5325352.3 15379136.0 2190696.0  49472.0 49336.7     47    4.818   0      0.000    4.818
178688.0 181312.0  0.0   352.0  7325888.0 6341287.8 15379136.0 2190696.0  49472.0 49336.7     47    4.818   0      0.000    4.818
178688.0 181312.0  0.0   352.0  7325888.0 6341298.3 15379136.0 2190696.0  49472.0 49336.7     47    4.818   0      0.000    4.818
178688.0 181312.0  0.0   352.0  7325888.0 6341308.9 15379136.0 2190696.0  49472.0 49337.3     47    4.818   0      0.000    4.818
178688.0 181312.0  0.0   352.0  7325888.0 6341319.3 15379136.0 2190696.0  49472.0 49337.4     47    4.818   0      0.000    4.818
178688.0 181312.0  0.0   352.0  7325888.0 6341352.6 15379136.0 2190696.0  49472.0 49337.4     47    4.818   0      0.000    4.818
178688.0 181312.0  0.0   352.0  7325888.0 6341363.1 15379136.0 2190696.0  49472.0 49338.0     47    4.818   0      0.000    4.818
178688.0 181312.0  0.0   352.0  7325888.0 6341373.5 15379136.0 2190696.0  49472.0 49338.0     47    4.818   0      0.000    4.818
178688.0 181312.0  0.0   352.0  7325888.0 6341384.3 15379136.0 2190696.0  49472.0 49338.0     47    4.818   0      0.000    4.818
178688.0 181312.0  0.0   352.0  7325888.0 6341394.8 15379136.0 2190696.0  49472.0 49338.0     47    4.818   0      0.000    4.818
178688.0 181312.0  0.0   352.0  7325888.0 6341424.0 15379136.0 2190696.0  49472.0 49338.7     47    4.818   0      0.000    4.818
178688.0 181312.0  0.0   352.0  7325888.0 6341434.7 15379136.0 2190696.0  49472.0 49338.7     47    4.818   0      0.000    4.818
178688.0 181312.0  0.0   352.0  7325888.0 6746878.1 15379136.0 2190696.0  49664.0 49640.5     47    4.818   0      0.000    4.818
178688.0 178816.0 86580.6  0.0   7331904.0 5636765.1 15379136.0 2190752.0  49664.0 49659.3     48    4.850   0      0.000    4.850
178816.0 178816.0  0.0   178806.3 7331904.0 3708167.5 15379136.0 2341948.5  49664.0 49659.5     49    4.934   0      0.000    4.934
178816.0 364736.0 178808.7  0.0   6960064.0 2382962.6 15379136.0 2557117.0  49664.0 49660.1     50    5.043   0      0.000    5.043
344512.0 364736.0  0.0   85390.7 6960064.0 1776775.5 15379136.0 2755295.7  49664.0 49660.1     51    5.136   0      0.000    5.136
344512.0 350784.0 191183.0  0.0   6987968.0 3261283.6 15379136.0 2819540.2  49664.0 49660.4     52    5.241   0      0.000    5.241
329408.0 350784.0  0.0   108533.9 6987968.0 4178200.1 15379136.0 2973398.2  49664.0 49660.6     53    5.328   0      0.000    5.328
329408.0 316224.0 71392.7  0.0   7043904.0 4749217.5 15379136.0 3058955.5  49664.0 49660.6     54    5.631   0      0.000    5.631
309824.0 316224.0  0.0   31584.0 7043904.0 6438492.2 15379136.0 3129116.1  49664.0 49660.6     55    5.828   0      0.000    5.828
309824.0 302848.0 25952.0 37824.1 7076864.0 7076864.0 15379136.0 3161800.2  49664.0 49660.6     57    6.230   0      0.000    6.230
284544.0 271680.0 112241.9  0.0   7133312.0 1414605.5 15379136.0 3269112.3  49664.0 49660.6     58    6.440   0      0.000    6.440
263168.0 271680.0  0.0   45257.8 7133312.0 2286440.7 15379136.0 3340022.4  49664.0 49660.7     59    6.677   0      0.000    6.677
263168.0 251264.0 62048.0  0.0   7175104.0 3053518.5 15379136.0 3364566.4  49664.0 49661.9     60    6.872   0      0.000    6.872
238272.0 251264.0  0.0   70408.2 7175104.0 4262414.9 15379136.0 3392726.5  49664.0 49663.5     61    6.977   0      0.000    6.977
238272.0 229760.0 48844.8  0.0   7221504.0 5974069.9 15379136.0 3462276.3  49664.0 49663.9     62    7.100   0      0.000    7.100
221760.0 208128.0 85407.8  0.0   7259648.0 269598.3 15379136.0 3629113.4  49856.0 49664.7     64    7.300   0      0.000    7.300
196992.0 208128.0  0.0   88371.6 7259648.0 1010037.2 15379136.0 3701420.3  49856.0 49666.8     65    7.481   0      0.000    7.481
196992.0 210560.0 152514.0  0.0   7268416.0 1694828.9 15379136.0 3768952.1  49856.0 49667.1     66    7.606   0      0.000    7.606
209344.0 210560.0  0.0   120928.7 7268416.0 1923722.4 15379136.0 3876082.9  49856.0 49668.0     67    7.801   0      0.000    7.801
209344.0 200000.0 83079.7  0.0   7280192.0 2546024.1 15379136.0 3958703.8  49856.0 49669.1     68    7.957   0      0.000    7.957
192128.0 200000.0  0.0   77820.6 7280192.0 3621018.3 15379136.0 4058917.0  49856.0 49669.8     69    8.108   0      0.000    8.108
192128.0 188544.0 54880.1  0.0   7308864.0 4806969.2 15379136.0 4136669.6  49856.0 49669.8     70    8.212   0      0.000    8.212
182208.0 188544.0  0.0   66987.0 7308864.0 6105664.4 15379136.0 4190909.7  49856.0 49669.8     71    8.362   0      0.000    8.362
182208.0 180544.0 40160.1  0.0   7326784.0 7263134.3 15379136.0 4216021.7  49856.0 49669.8     72    8.595   0      0.000    8.595
174912.0 180544.0 33312.0 56683.0 7326784.0 7326784.0 15379136.0 4308176.8  49856.0 49755.1     74    8.699   0      0.000    8.699
174912.0 172416.0 38112.0 33433.5 7342208.0 7342208.0 15379136.0 4326984.8  49856.0 49755.3     75    8.969   0      0.000    8.969
165952.0 172416.0  0.0   56025.5 7342208.0 6888036.2 15379136.0 4350704.8  49856.0 49755.3     75    9.084   0      0.000    9.084
165952.0 162816.0 37092.6  0.0   7360768.0 3357549.5 15379136.0 4406634.3  49856.0 49755.8     76    9.196   0      0.000    9.196
165952.0 162816.0 37092.6  0.0   7360768.0 4801167.9 15379136.0 4406634.3  49856.0 49756.2     76    9.196   0      0.000    9.196
165952.0 162816.0 37092.6  0.0   7360768.0 4871087.7 15379136.0 4406634.3  49856.0 49756.7     76    9.196   0      0.000    9.196
165952.0 162816.0 37092.6  0.0   7360768.0 4871108.7 15379136.0 4406634.3  49856.0 49756.7     76    9.196   0      0.000    9.196
165952.0 223680.0 20471.5  0.0   7242176.0 643029.5 15379136.0 4671366.3  49856.0 49829.7     78    9.413   0      0.000    9.413
165952.0 223680.0 20471.5  0.0   7242176.0 5730039.6 15379136.0 4671366.3  49856.0 49831.8     78    9.413   0      0.000    9.413
229120.0 218240.0  0.0   218183.0 7242176.0 4693009.8 15379136.0 4829518.7  49856.0 49836.9     79    9.509   0      0.000    9.509
229120.0 244032.0 92459.6  0.0   7201472.0 5043151.4 15379136.0 5114087.9  49856.0 49837.1     80    9.601   0      0.000    9.601
232768.0 244032.0  0.0   74463.6 7201472.0 6163930.6 15379136.0 5206299.6  49856.0 49837.2     81    9.657   0      0.000    9.657
225344.0 223168.0  0.0   288.0  7233600.0   0.0    15379136.0 5299298.2  49856.0 49839.8     83    9.748   0      0.000    9.748
225344.0 212672.0 71915.0  0.0   7251520.0 609033.9 15379136.0 5299354.2  49856.0 49850.7     84    9.788   0      0.000    9.788
200256.0 212672.0  0.0   76445.4 7251520.0 1937507.3 15379136.0 5320585.8  49856.0 49850.7     85    9.837   0      0.000    9.837
200256.0 189184.0 75126.1  0.0   7300096.0 3569875.5 15379136.0 5396835.2  49856.0 49852.7     86    9.891   0      0.000    9.891
197568.0 189184.0  0.0   132150.8 7300096.0 5092194.7 15379136.0 5438967.0  49856.0 49852.7     87    9.951   0      0.000    9.951
197568.0 188352.0 90602.7  0.0   7303616.0 5933213.5 15379136.0 5535031.7  50048.0 49935.3     88   10.008   0      0.000   10.008
187712.0 188352.0  0.0   29161.6 7303616.0 6722257.8 15379136.0 5576172.0  50048.0 49935.7     89   10.051   0      0.000   10.051
187712.0 182720.0 45969.0  0.0   7319104.0 7279633.8 15379136.0 5637532.6  50048.0 49935.9     90   10.099   0      0.000   10.099
180800.0 181952.0 320.0   0.0   7325632.0 135596.9 15379136.0 5683224.1  50048.0 49936.4     92   10.180   0      0.000   10.180
180800.0 181952.0 320.0   0.0   7325632.0 3155992.8 15379136.0 5683224.1  50048.0 49936.6     92   10.180   0      0.000   10.180
180800.0 181952.0 320.0   0.0   7325632.0 4448195.8 15379136.0 5683224.1  50048.0 49936.6     92   10.180   0      0.000   10.180
180800.0 181952.0 320.0   0.0   7325632.0 5728637.4 15379136.0 5683224.1  50048.0 49936.6     92   10.180   0      0.000   10.180
180800.0 181952.0 320.0   0.0   7325632.0 5792236.2 15379136.0 5683224.1  50048.0 49937.0     92   10.180   0      0.000   10.180
180800.0 181952.0 320.0   0.0   7325632.0 6037851.1 15379136.0 5683224.1  50048.0 49966.3     92   10.180   0      0.000   10.180
192768.0 125376.0  0.0   125312.5 7325632.0 4714323.8 15379136.0 5703417.5  50048.0 49967.6     93   10.238   0      0.000   10.238
192768.0 262656.0 192767.6  0.0   7164224.0 2095060.0 15379136.0 5803051.3  50048.0 49967.8     94   10.369   0      0.000   10.369
292800.0 220032.0  0.0   220006.9 7164224.0 112618.5 15379136.0 5940337.5  50048.0 49968.5     95   10.529   0      0.000   10.529
292800.0 309568.0 201478.3  0.0   7070400.0 318717.0 15379136.0 6156116.5  50048.0 50028.2     96   10.737   0      0.000   10.737
292800.0 309568.0 201478.3  0.0   7070400.0 1662306.5 15379136.0 6156116.5  50240.0 50051.8     96   10.737   0      0.000   10.737
342592.0 256832.0  0.0   256778.5 7070400.0 1540940.7 15379136.0 6356318.8  50240.0 50058.5     97   10.936   0      0.000   10.936
342592.0 334656.0 165354.1  0.0   7012288.0 2529966.1 15379136.0 6534061.0  50240.0 50058.7     98   11.151   0      0.000   11.151
317824.0 334656.0  0.0   113166.2 7012288.0 3035565.4 15379136.0 6688203.1  50240.0 50059.1     99   11.418   0      0.000   11.418
317824.0 302784.0 140847.2  0.0   7068928.0 2173515.8 15379136.0 6803829.5  50240.0 50059.4    100   11.924   0      0.000   11.924
291520.0 302784.0  0.0   97532.1 7068928.0 3956427.1 15379136.0 6944148.7  50240.0 50072.0    101   12.095   0      0.000   12.095
291520.0 275712.0 125667.5  0.0   7122304.0 4463757.5 15379136.0 7036750.4  50240.0 50123.7    102   12.272   0      0.000   12.272
262464.0 275712.0  0.0   119115.6 7122304.0 4936228.9 15379136.0 7096790.5  50240.0 50125.8    103   12.459   0      0.000   12.459
262464.0 255104.0 91008.1  0.0   7171968.0 3203596.0 15379136.0 7214319.8  50240.0 50127.1    104   12.677   0      0.000   12.677
250368.0 255104.0  0.0   146336.6 7171968.0 4549036.9 15379136.0 7302784.0  50240.0 50128.7    105   12.886   0      0.000   12.886
250368.0 248832.0 61888.1  0.0   7190336.0 2965306.6 15379136.0 7421504.6  50240.0 50129.7    106   13.065   0      0.000   13.065
246336.0 248832.0  0.0   147813.3 7190336.0 2410488.0 15379136.0 7483376.7  50240.0 50132.2    107   13.271   0      0.000   13.271
246336.0 242496.0 145325.4  0.0   7200704.0 2908208.3 15379136.0 7622511.7  50240.0 50133.1    108   13.538   0      0.000   13.538
232768.0 242496.0  0.0   112361.0 7200704.0 2902396.0 15379136.0 7759765.1  50240.0 50133.4    109   13.774   0      0.000   13.774
232768.0 225472.0 102137.0  0.0   7231296.0 2553750.9 15379136.0 7869614.0  50240.0 50133.4    110   13.996   0      0.000   13.996
216256.0 225472.0  0.0   114223.9 7231296.0 280549.5 15379136.0 7961527.0  50240.0 50134.2    111   14.219   0      0.000   14.219
216256.0 225472.0  0.0   114223.9 7231296.0 3380451.3 15379136.0 7961527.0  50240.0 50135.6    111   14.219   0      0.000   14.219
216256.0 225472.0  0.0   114223.9 7231296.0 4890766.4 15379136.0 7961527.0  50240.0 50136.0    111   14.219   0      0.000   14.219
216256.0 225472.0  0.0   114223.9 7231296.0 5111747.9 15379136.0 7961527.0  50240.0 50136.0    111   14.219   0      0.000   14.219
216256.0 225472.0  0.0   114223.9 7231296.0 5111792.3 15379136.0 7961527.0  50240.0 50136.0    111   14.219   0      0.000   14.219
216256.0 225472.0  0.0   114223.9 7231296.0 5111815.3 15379136.0 7961527.0  50240.0 50136.0    111   14.219   0      0.000   14.219
216256.0 225472.0  0.0   114223.9 7231296.0 5111834.4 15379136.0 7961527.0  50240.0 50136.0    111   14.219   0      0.000   14.219
216256.0 225472.0  0.0   114223.9 7231296.0 5111859.9 15379136.0 7961527.0  50240.0 50136.4    111   14.219   0      0.000   14.219
216256.0 225472.0  0.0   114223.9 7231296.0 5111881.2 15379136.0 7961527.0  50240.0 50138.5    111   14.219   0      0.000   14.219
216256.0 225472.0  0.0   114223.9 7231296.0 5326529.5 15379136.0 7961527.0  50240.0 50152.2    111   14.219   0      0.000   14.219
216256.0 208192.0 111637.4  0.0   7265088.0 6130328.0 15379136.0 8044578.4  50240.0 50154.4    112   14.428   0      0.000   14.428
200640.0 208192.0 68223.6 123113.2 7265088.0 7265088.0 15379136.0 8137292.2  50240.0 50154.4    114   14.598   0      0.000   14.598
193664.0 196096.0  0.0   86400.1 7292800.0 1190768.2 15379136.0 8265844.0  50240.0 50154.4    115   14.960   0      0.000   14.960
193664.0 193536.0 69045.2  0.0   7302336.0 2541690.2 15379136.0 8352284.1  50240.0 50154.4    116   15.183   0      0.000   15.183
191680.0 193536.0  0.0   127616.2 7302336.0 3932764.0 15379136.0 8421361.4  50240.0 50154.9    117   15.405   0      0.000   15.405
191680.0 194816.0 46528.0  0.0   7299904.0 5525663.8 15379136.0 8548945.5  50240.0 50156.3    118   15.582   0      0.000   15.582
187008.0 194816.0  0.0   98530.0 7299904.0 6285577.3 15379136.0 8595489.5  50240.0 50156.3    119   15.771   0      0.000   15.771
187008.0 186624.0 125852.2  0.0   7315904.0 7315904.0 15379136.0 8693845.8  50240.0 50156.3    121   15.905   0      0.000   15.905
188032.0 193728.0 16704.0  0.0   7302080.0 1286941.5 15379136.0 8871342.5  50240.0 50156.3    122   16.047   0      0.000   16.047
190784.0 193728.0  0.0   50890.6 7302080.0 2603888.5 15379136.0 8871414.5  50240.0 50156.3    123   16.110   0      0.000   16.110
190784.0 192000.0 21333.6  0.0   7305536.0 4130243.9 15379136.0 8947308.3  50240.0 50156.3    124   16.175   0      0.000   16.175
186304.0 192000.0  0.0   50878.2 7305536.0 4958026.3 15379136.0 8967357.9  50240.0 50160.8    125   16.238   0      0.000   16.238
186304.0 175872.0 76978.4  0.0   7327360.0 6040099.8 15379136.0 8967587.6  50240.0 50161.8    126   16.309   0      0.000   16.309
188032.0 137856.0  0.0   137794.7 7327360.0 6921062.4 15379136.0 9050396.6  50240.0 50161.8    127   16.397   0      0.000   16.397
188032.0 180096.0 59099.3  0.0   7321408.0 389886.7 15379136.0 9211193.2  50240.0 50162.9    130   16.604   0      0.000   16.604
173184.0 180096.0  0.0   54787.1 7321408.0 1567539.0 15379136.0 9236570.9  50240.0 50162.9    131   16.668   0      0.000   16.668
173184.0 183168.0 127373.5  0.0   7323200.0 2711387.2 15379136.0 9286954.0  50240.0 50163.6    132   16.742   0      0.000   16.742
173184.0 183168.0 127373.5  0.0   7323200.0 7208189.5 15379136.0 9286954.0  50240.0 50163.6    132   16.742   0      0.000   16.742
186112.0 320.0   0.0   320.0  7323200.0 3618124.3 15379136.0 9312600.2  50240.0 50165.8    133   16.811   0      0.000   16.811
186112.0 320.0   0.0   320.0  7323200.0 5952197.1 15379136.0 9312600.2  50240.0 50165.8    133   16.811   0      0.000   16.811
186112.0 320.0   0.0   320.0  7323200.0 6312050.8 15379136.0 9312600.2  50240.0 50166.2    133   16.811   0      0.000   16.811
186112.0 320.0   0.0   320.0  7323200.0 6312072.0 15379136.0 9312600.2  50240.0 50166.6    133   16.811   0      0.000   16.811
186112.0 320.0   0.0   320.0  7323200.0 6312094.9 15379136.0 9312600.2  50240.0 50166.6    133   16.811   0      0.000   16.811
186112.0 320.0   0.0   320.0  7323200.0 6312115.8 15379136.0 9312600.2  50240.0 50166.6    133   16.811   0      0.000   16.811
186112.0 320.0   0.0   320.0  7323200.0 6312162.9 15379136.0 9312600.2  50240.0 50166.6    133   16.811   0      0.000   16.811
186112.0 320.0   0.0   320.0  7323200.0 6312184.0 15379136.0 9312600.2  50240.0 50166.6    133   16.811   0      0.000   16.811
186112.0 320.0   0.0   320.0  7323200.0 6312207.0 15379136.0 9312600.2  50240.0 50166.6    133   16.811   0      0.000   16.811
186112.0 320.0   0.0   320.0  7323200.0 6312228.0 15379136.0 9312600.2  50240.0 50166.6    133   16.811   0      0.000   16.811
186112.0 320.0   0.0   320.0  7323200.0 6312251.0 15379136.0 9312600.2  50240.0 50166.6    133   16.811   0      0.000   16.811
186112.0 320.0   0.0   320.0  7323200.0 6312293.7 15379136.0 9312600.2  50240.0 50166.6    133   16.811   0      0.000   16.811
186112.0 320.0   0.0   320.0  7323200.0 6312317.1 15379136.0 9312600.2  50240.0 50167.0    133   16.811   0      0.000   16.811
186112.0 180608.0 35584.5  0.0   7322816.0 310537.4 15379136.0 9312672.3  50240.0 50170.4    134   16.876   0      0.000   16.876
186112.0 180608.0 35584.5 180607.5 7322816.0 7322816.0 15379136.0 9347232.6  50240.0 50170.7    135   16.876   0      0.000   16.876
186112.0 180608.0  0.0   180607.5 7322816.0 6677511.2 15379136.0 9365048.6  50240.0 50170.8    135   17.011   0      0.000   17.011
186112.0 220288.0 95927.6 126380.9 7248960.0 7248960.0 15379136.0 9578022.2  50240.0 50171.2    137   17.173   0      0.000   17.173
231872.0 252544.0 185582.1  0.0   7184448.0 1197163.4 15379136.0 9754525.7  50240.0 50171.2    138   17.571   0      0.000   17.571
231872.0 252544.0 185582.1  0.0   7184448.0 6172160.5 15379136.0 9754525.7  50240.0 50180.2    138   17.571   0      0.000   17.571
237696.0 252544.0  32.0  99597.5 7184448.0 7184448.0 15379136.0 9934289.0  50240.0 50180.9    140   17.778   0      0.000   17.778
237696.0 229888.0 116996.5  0.0   7221952.0 6350686.1 15379136.0 10025372.1 50240.0 50181.4    140   17.953   0      0.000   17.953
220544.0 229888.0 71337.5 83008.1 7221952.0 7221952.0 15379136.0 10154088.8 50240.0 50181.8    142   18.124   0      0.000   18.124
220544.0 210048.0 104777.5 134507.3 7258944.0 7258944.0 15379136.0 10239171.5 50240.0 50182.0    143   18.513   0      0.000   18.513
212672.0 204736.0 87848.7  0.0   7272128.0 1134176.7 15379136.0 10378534.8 50240.0 50182.0    144   18.973   0      0.000   18.973
212672.0 204736.0 87848.7 96568.7 7272128.0 7272128.0 15379136.0 10463274.1 50240.0 50182.0    145   18.973   0      0.000   18.973
195008.0 204736.0 134753.4 100664.7 7272128.0 7272128.0 15379136.0 10551878.9 50240.0 50182.2    146   19.452   0      0.000   19.452
195008.0 200576.0 142817.4  0.0   7288384.0 5435535.6 15379136.0 10560502.9 50240.0 50182.4    146   19.666   0      0.000   19.666
196096.0 200576.0  0.0   78275.3 7288384.0 7045890.4 15379136.0 10699762.8 50240.0 50185.7    147   19.903   0      0.000   19.903
196096.0 194112.0 123499.9  32.0  7299328.0 7299328.0 15379136.0 10769854.1 50240.0 50185.7    149   20.125   0      0.000   20.125
190976.0 194112.0  0.0   72416.1 7299328.0 6857072.1 15379136.0 10882169.9 50240.0 50187.5    149   20.340   0      0.000   20.340
190976.0 202496.0 157650.8  0.0   7284544.0 5342369.5 15379136.0 10954626.0 50240.0 50187.5    150   20.592   0      0.000   20.592
196800.0 202496.0  0.0   86233.8 7284544.0 2158632.9 15379136.0 11108044.7 50240.0 50187.5    151   20.814   0      0.000   20.814
196800.0 202496.0  0.0   86233.8 7284544.0 6004085.8 15379136.0 11108044.7 50240.0 50187.8    151   20.814   0      0.000   20.814
196800.0 193536.0 71766.6  0.0   7299200.0 867907.5 15379136.0 11190158.5 50240.0 50189.5    152   21.021   0      0.000   21.021
196800.0 193536.0 71766.6  0.0   7299200.0 1249867.0 15379136.0 11190158.5 50240.0 50190.2    152   21.021   0      0.000   21.021
196800.0 193536.0 71766.6  0.0   7299200.0 1249911.4 15379136.0 11190158.5 50240.0 50190.2    152   21.021   0      0.000   21.021
196800.0 193536.0 71766.6  0.0   7299200.0 1249936.4 15379136.0 11190158.5 50240.0 50190.2    152   21.021   0      0.000   21.021
196800.0 193536.0 71766.6  0.0   7299200.0 1249955.3 15379136.0 11190158.5 50240.0 50190.9    152   21.021   0      0.000   21.021
196800.0 193536.0 71766.6  0.0   7299200.0 1249978.1 15379136.0 11190158.5 50240.0 50191.6    152   21.021   0      0.000   21.021
196800.0 193536.0 71766.6  0.0   7299200.0 1249999.1 15379136.0 11190158.5 50240.0 50192.3    152   21.021   0      0.000   21.021
196800.0 193536.0 71766.6  0.0   7299200.0 1253898.0 15379136.0 11190158.5 50240.0 50192.6    152   21.021   0      0.000   21.021
196800.0 193536.0 71766.6  0.0   7299200.0 1253916.8 15379136.0 11190158.5 50240.0 50192.6    152   21.021   0      0.000   21.021
196800.0 193536.0 71766.6  0.0   7299200.0 1253938.0 15379136.0 11190158.5 50240.0 50192.6    152   21.021   0      0.000   21.021
196800.0 193536.0 71766.6  0.0   7299200.0 1253956.8 15379136.0 11190158.5 50240.0 50192.8    152   21.021   0      0.000   21.021
196800.0 193536.0 71766.6  0.0   7299200.0 1253975.6 15379136.0 11190158.5 50240.0 50192.9    152   21.021   0      0.000   21.021
196800.0 193536.0 71766.6  0.0   7299200.0 1254017.5 15379136.0 11190158.5 50240.0 50192.9    152   21.021   0      0.000   21.021
196800.0 193536.0 71766.6  0.0   7299200.0 1254036.4 15379136.0 11190158.5 50240.0 50193.7    152   21.021   0      0.000   21.021
196800.0 193536.0 71766.6  0.0   7299200.0 1254055.4 15379136.0 11190158.5 50240.0 50193.9    152   21.021   0      0.000   21.021
196800.0 193536.0 71766.6  0.0   7299200.0 1254074.7 15379136.0 11190158.5 50240.0 50194.1    152   21.021   0      0.000   21.021
196800.0 193536.0 71766.6  0.0   7299200.0 1254095.6 15379136.0 11190158.5 50240.0 50194.3    152   21.021   0      0.000   21.021
196800.0 193536.0 71766.6  0.0   7299200.0 1254141.6 15379136.0 11190158.5 50240.0 50194.3    152   21.021   0      0.000   21.021
196800.0 193536.0 71766.6  0.0   7299200.0 1430076.4 15379136.0 11190158.5 50240.0 50194.3    152   21.021   0      0.000   21.021
188608.0 193536.0  0.0   77911.7 7299200.0 1904706.0 15379136.0 11261893.1 50240.0 50195.7    153   21.230   0      0.000   21.230
188608.0 201472.0 158774.4  0.0   7286592.0 3508513.2 15379136.0 11327440.4 50240.0 50196.1    154   21.414   0      0.000   21.414
202496.0 43904.0  0.0   43840.0 7286592.0 5034850.9 15379136.0 11484110.9 50240.0 50196.1    155   21.590   0      0.000   21.590
202496.0 195840.0 78400.6  0.0   7291200.0 5535952.5 15379136.0 11527926.9 50240.0 50196.1    156   21.993   0      0.000   21.993
207232.0 191104.0  0.0   191073.5 7291200.0 7203415.3 15379136.0 11606319.5 50240.0 50196.1    157   22.183   0      0.000   22.183
207232.0 216320.0 126049.0 96945.8 7256896.0 7256896.0 15379136.0 11807348.7 50240.0 50196.5    159   22.373   0      0.000   22.373
210048.0 207040.0 68797.6  0.0   7272448.0 1123740.6 15379136.0 11916997.6 50240.0 50196.7    160   22.770   0      0.000   22.770
201664.0 207040.0  0.0   78064.4 7272448.0 2379941.6 15379136.0 11969155.2 50240.0 50197.0    161   22.872   0      0.000   22.872
201664.0 198080.0 66388.7  0.0   7289792.0 3359149.0 15379136.0 12029561.8 50240.0 50198.1    162   22.957   0      0.000   22.957
199424.0 198080.0  0.0   33536.1 7289792.0 4780017.5 15379136.0 12080124.5 50240.0 50198.3    163   23.039   0      0.000   23.039
199424.0 192320.0 71873.5  0.0   7297792.0 6582647.1 15379136.0 12080614.3 50240.0 50198.3    164   23.118   0      0.000   23.118
196608.0 201728.0 126987.5  0.0   7286080.0 562207.0 15379136.0 12107301.4 50240.0 50199.2    166   23.295   0      0.000   23.295
193024.0 201728.0  0.0   70115.2 7286080.0 1739401.4 15379136.0 12170033.5 50240.0 50201.4    167   23.412   0      0.000   23.412
193024.0 192192.0 26688.0  0.0   7304320.0 3164510.9 15379136.0 12183585.6 50240.0 50201.4    168   23.541   0      0.000   23.541
186432.0 192192.0  0.0   46645.5 7304320.0 3015157.3 15379136.0 12206109.6 50240.0 50203.2    169   23.684   0      0.000   23.684
186432.0 175744.0 73895.0  0.0   7327360.0 2130098.1 15379136.0 12272968.7 50240.0 50204.4    170   23.810   0      0.000   23.810
180928.0 175744.0  0.0   116746.7 7327360.0 811083.1 15379136.0 12341134.3 50240.0 50204.4    171   23.919   0      0.000   23.919
180928.0 175744.0  0.0   116746.7 7327360.0 6184284.2 15379136.0 12341134.3 50240.0 50204.4    171   23.919   0      0.000   23.919
180928.0 184384.0 256.0   0.0   7320768.0 2652105.3 15379136.0 12457629.1 50240.0 50204.4    172   24.006   0      0.000   24.006
180928.0 184384.0 256.0   0.0   7320768.0 5204227.2 15379136.0 12457629.1 50240.0 50204.4    172   24.006   0      0.000   24.006
180928.0 184384.0 256.0   0.0   7320768.0 6515413.4 15379136.0 12457629.1 50240.0 50204.4    172   24.006   0      0.000   24.006
176768.0 184384.0  0.0   50563.1 7320768.0 456713.4 15379136.0 12457677.1 50240.0 50204.6    173   24.087   0      0.000   24.087
176768.0 184384.0  0.0   50563.1 7320768.0 1785001.2 15379136.0 12457677.1 50240.0 50204.6    173   24.087   0      0.000   24.087
176768.0 184384.0  0.0   50563.1 7320768.0 2802041.3 15379136.0 12457677.1 50240.0 50205.9    173   24.087   0      0.000   24.087
176768.0 184384.0  0.0   50563.1 7320768.0 2802059.9 15379136.0 12457677.1 50240.0 50205.9    173   24.087   0      0.000   24.087
176768.0 184384.0  0.0   50563.1 7320768.0 2802080.7 15379136.0 12457677.1 50240.0 50205.9    173   24.087   0      0.000   24.087
176768.0 184384.0  0.0   50563.1 7320768.0 2802099.5 15379136.0 12457677.1 50240.0 50206.2    173   24.087   0      0.000   24.087
176768.0 184384.0  0.0   50563.1 7320768.0 2802118.1 15379136.0 12457677.1 50240.0 50206.4    173   24.087   0      0.000   24.087
176768.0 184384.0  0.0   50563.1 7320768.0 2802165.7 15379136.0 12457677.1 50240.0 50207.2    173   24.087   0      0.000   24.087
176768.0 184384.0  0.0   50563.1 7320768.0 2802184.5 15379136.0 12457677.1 50240.0 50207.4    173   24.087   0      0.000   24.087
176768.0 184384.0  0.0   50563.1 7320768.0 2802205.2 15379136.0 12457677.1 50240.0 50207.9    173   24.087   0      0.000   24.087
176768.0 184384.0  0.0   50563.1 7320768.0 2802224.1 15379136.0 12457677.1 50240.0 50207.9    173   24.087   0      0.000   24.087
176768.0 184384.0  0.0   50563.1 7320768.0 2802245.1 15379136.0 12457677.1 50240.0 50208.1    173   24.087   0      0.000   24.087
176768.0 184384.0  0.0   50563.1 7320768.0 2802284.7 15379136.0 12457677.1 50240.0 50209.1    173   24.087   0      0.000   24.087
176768.0 184384.0  0.0   50563.1 7320768.0 2802305.4 15379136.0 12457677.1 50240.0 50210.2    173   24.087   0      0.000   24.087
176768.0 184384.0  0.0   50563.1 7320768.0 6811865.3 15379136.0 12457677.1 50240.0 50216.8    173   24.087   0      0.000   24.087
176768.0 218944.0 176739.2  0.0   7251648.0 4955850.1 15379136.0 12493598.7 50240.0 50217.0    174   24.205   0      0.000   24.205
218944.0 218944.0  0.0   218913.2 7251648.0 4224238.0 15379136.0 12577695.0 50240.0 50217.0    175   24.381   0      0.000   24.381
218944.0 289600.0 163210.0  0.0   7110336.0 4634091.7 15379136.0 12744071.4 50240.0 50218.0    176   24.588   0      0.000   24.588
299072.0 185536.0  0.0   185492.5 7110336.0 5059149.3 15379136.0 12944918.3 50240.0 50219.5    177   24.817   0      0.000   24.817
299072.0 284096.0 101398.8  0.0   7106368.0 6310028.0 15379136.0 13145837.5 50240.0 50221.0    178   25.043   0      0.000   25.043
268992.0 284096.0 31072.1 107986.2 7106368.0 7106368.0 15379136.0 13257533.8 50240.0 50221.0    180   25.245   0      0.000   25.245
268992.0 254720.0 110645.4  32.0  7165824.0 7165824.0 15379136.0 13347264.1 50240.0 50221.0    181   25.450   0      0.000   25.450
245568.0 243392.0 142935.2  0.0   7200576.0 367739.4 15379136.0 13561098.6 50240.0 50221.0    182   25.883   0      0.000   25.883
231552.0 243392.0  0.0   110687.8 7200576.0 407299.8 15379136.0 13702455.5 50240.0 50221.0    183   26.136   0      0.000   26.136
231552.0 243392.0  0.0   110687.8 7200576.0 6572219.0 15379136.0 13702455.5 50240.0 50224.3    183   26.136   0      0.000   26.136
231552.0 223872.0 92454.7 55591.3 7234112.0 7234112.0 15379136.0 13858622.6 50240.0 50224.3    185   26.358   0      0.000   26.358
215040.0 223872.0 59400.8 119335.3 7234112.0 7234112.0 15379136.0 13899668.4 50240.0 50224.3    186   26.564   0      0.000   26.564
200320.0 206336.0  0.0   95349.1 7268160.0 247153.1 15379136.0 14073674.6 50240.0 50224.3    187   26.986   0      0.000   26.986
200320.0 200064.0 62080.1  0.0   7289152.0 1333878.5 15379136.0 14160871.7 50240.0 50224.3    188   27.185   0      0.000   27.185
194304.0 200064.0  0.0   86540.0 7289152.0 1005555.2 15379136.0 14222892.0 50240.0 50224.7    189   27.369   0      0.000   27.369
194304.0 188992.0 114907.8  0.0   7306240.0   0.0    15379136.0 14305272.0 50240.0 50224.7    190   27.548   0      0.000   27.548
184704.0 188992.0  0.0   82476.5 7306240.0 535644.1 15379136.0 14419007.9 50240.0 50224.8    191   27.736   0      0.000   27.736
184704.0 188992.0  0.0   82476.5 7306240.0 5864892.5 15379136.0 14419007.9 50240.0 50224.8    191   27.736   0      0.000   27.736
184704.0 180480.0 114165.2  0.0   7324352.0 4021997.1 15379136.0 14496816.7 50240.0 50224.8    192   27.950   0      0.000   27.950
188992.0 148416.0  0.0   148366.7 7324352.0 506369.4 15379136.0 14606298.2 50240.0 50224.8    193   28.193   0      0.000   28.193
188992.0 148416.0  0.0   148366.7 7324352.0 2699315.4 15379136.0 14606298.2 50240.0 50224.8    193   28.193   0      0.000   28.193
188992.0 148416.0  0.0   148366.7 7324352.0 2699338.1 15379136.0 14606298.2 50240.0 50224.8    193   28.193   0      0.000   28.193
188992.0 148416.0  0.0   148366.7 7324352.0 2699382.9 15379136.0 14606298.2 50240.0 50224.8    193   28.193   0      0.000   28.193
188992.0 148416.0  0.0   148366.7 7324352.0 2699403.7 15379136.0 14606298.2 50240.0 50224.8    193   28.193   0      0.000   28.193
188992.0 148416.0  0.0   148366.7 7324352.0 2699422.5 15379136.0 14606298.2 50240.0 50224.8    193   28.193   0      0.000   28.193
188992.0 148416.0  0.0   148366.7 7324352.0 2699443.4 15379136.0 14606298.2 50240.0 50224.8    193   28.193   0      0.000   28.193
188992.0 148416.0  0.0   148366.7 7324352.0 2699462.1 15379136.0 14606298.2 50240.0 50224.8    193   28.193   0      0.000   28.193
188992.0 148416.0  0.0   148366.7 7324352.0 2699506.9 15379136.0 14606298.2 50240.0 50225.2    193   28.193   0      0.000   28.193
188992.0 148416.0  0.0   148366.7 7324352.0 2699525.5 15379136.0 14606298.2 50240.0 50225.2    193   28.193   0      0.000   28.193
188992.0 148416.0  0.0   148366.7 7324352.0 2699546.2 15379136.0 14606298.2 50240.0 50225.8    193   28.193   0      0.000   28.193
188992.0 148416.0  0.0   148366.7 7324352.0 2699564.9 15379136.0 14606298.2 50240.0 50227.2    193   28.193   0      0.000   28.193
188992.0 199168.0 158124.9  0.0   7291200.0 1413134.3 15379136.0 14750768.9 50240.0 50228.7    194   28.490   0      0.000   28.490
194816.0 199168.0  0.0   89563.2 7291200.0 2091305.4 15379136.0 14867881.6 50240.0 50228.9    195   28.679   0      0.000   28.679
194816.0 193792.0 68768.1  0.0   7300928.0 3477571.7 15379136.0 14946176.8 50240.0 50228.9    196   28.870   0      0.000   28.870
192064.0 193792.0  0.0   66464.1 7300928.0 5169944.5 15379136.0 15012920.9 50240.0 50230.1    197   29.047   0      0.000   29.047
192064.0 192256.0 50176.0  0.0   7305024.0 5750554.9 15379136.0 15079393.0 50240.0 50230.1    198   29.427   0      0.000   29.427
202688.0 151744.0  0.0   151712.8 7305024.0 6599227.6 15379136.0 15125441.0 50240.0 50230.1    199   29.657   0      0.000   29.657
202688.0 198144.0 71753.3  0.0   7288704.0   0.0    15379136.0 15302322.4 50240.0 50230.1    200   29.880   1      0.000   29.880
202688.0 198144.0 71753.3  0.0   7288704.0   0.0    15379136.0 15302322.4 50240.0 50230.1    200   29.880   1      0.000   29.880
202688.0 198144.0 71753.3  0.0   7288704.0   0.0    15379136.0 15302322.4 50240.0 50230.1    200   29.880   1      0.000   29.880
202688.0 198144.0  0.0    0.0   7288704.0 3921973.3 15379136.0 2805217.6  100480.0 50230.6    200   29.880   1      6.638   36.517
202688.0 198144.0  0.0   198127.0 7288704.0 3488893.3 15379136.0 2838033.6  100480.0 50230.6    201   29.993   1      6.638   36.631
202688.0 231680.0 132934.8  0.0   7226176.0 4398198.6 15379136.0 2962274.5  100480.0 50230.6    202   30.090   1      6.638   36.728
233856.0 239360.0 224.0   0.0   7210816.0 5658226.5 15379136.0 3045831.8  100480.0 50231.0    204   30.129   1      6.638   36.767
254336.0 224384.0  0.0   224329.2 7210816.0 7172491.2 15379136.0 3078623.8  100480.0 50231.1    205   30.192   1      6.638   36.830
265600.0 280064.0  0.0   103760.9 7129408.0 1406545.6 15379136.0 3279361.0  100480.0 50231.1    207   30.323   1      6.638   36.961
265600.0 266112.0 22816.1  0.0   7157312.0 3156452.5 15379136.0 3293585.1  100480.0 50231.1    208   30.380   1      6.638   37.018
257536.0 266112.0  0.0   61224.6 7157312.0 4520695.7 15379136.0 3308027.7  100480.0 50231.1    209   30.456   1      6.638   37.094
257536.0 250432.0 50582.0  0.0   7181568.0 6133373.0 15379136.0 3327579.8  100480.0 50231.1    210   30.552   1      6.638   37.190
248128.0 247104.0 320.0   0.0   7194304.0 250207.3 15379136.0 3393490.5  100480.0 50231.1    212   30.664   1      6.638   37.301
248128.0 247104.0 320.0   0.0   7194304.0 6351492.0 15379136.0 3393490.5  100480.0 50231.8    212   30.664   1      6.638   37.301
243776.0 247104.0  0.0   288.0  7194304.0 3491833.1 15379136.0 3393554.5  100480.0 50231.8    213   30.674   1      6.638   37.312
243776.0 247104.0  0.0   288.0  7194304.0 3600643.5 15379136.0 3393554.5  100480.0 50231.8    213   30.674   1      6.638   37.312
243776.0 247104.0  0.0   288.0  7194304.0 3600660.0 15379136.0 3393554.5  100480.0 50231.8    213   30.674   1      6.638   37.312
243776.0 247104.0  0.0   288.0  7194304.0 3600678.8 15379136.0 3393554.5  100480.0 50231.8    213   30.674   1      6.638   37.312
243776.0 247104.0  0.0   288.0  7194304.0 3600695.3 15379136.0 3393554.5  100480.0 50231.8    213   30.674   1      6.638   37.312
243776.0 247104.0  0.0   288.0  7194304.0 3737353.1 15379136.0 3393554.5  100480.0 50231.8    213   30.674   1      6.638   37.312
243776.0 247104.0  0.0   288.0  7194304.0 3737399.7 15379136.0 3393554.5  100480.0 50231.8    213   30.674   1      6.638   37.312
243776.0 247104.0  0.0   288.0  7194304.0 3737414.1 15379136.0 3393554.5  100480.0 50231.8    213   30.674   1      6.638   37.312
243776.0 247104.0  0.0   288.0  7194304.0 3737442.2 15379136.0 3393554.5  100480.0 50231.8    213   30.674   1      6.638   37.312
243776.0 247104.0  0.0   288.0  7194304.0 3737482.6 15379136.0 3393554.5  100480.0 50231.8    213   30.674   1      6.638   37.312
243776.0 247104.0  0.0   288.0  7194304.0 3737499.3 15379136.0 3393554.5  100480.0 50231.8    213   30.674   1      6.638   37.312
243776.0 247104.0  0.0   288.0  7194304.0 3737527.0 15379136.0 3393554.5  100480.0 50231.8    213   30.674   1      6.638   37.312
243776.0 247104.0  0.0   288.0  7194304.0 3737545.4 15379136.0 3393554.5  100480.0 50231.8    213   30.674   1      6.638   37.312
243776.0 244800.0 120862.9  0.0   7199936.0 572981.0 15379136.0 3393634.5  100480.0 50234.4    214   30.725   1      6.638   37.362
243776.0 244800.0 120862.9  0.0   7199936.0 6885772.3 15379136.0 3393634.5  100480.0 50235.1    214   30.725   1      6.638   37.362
244800.0 244800.0 206447.3 244779.7 7199936.0 7199936.0 15379136.0 3698085.6  100480.0 50235.1    216   30.866   1      6.638   37.504
343296.0 366336.0  0.0   111359.3 6956864.0 152176.3 15379136.0 3873362.1  100480.0 50235.8    217   31.161   1      6.638   37.799
343296.0 329344.0 69835.1  0.0   7016896.0 1144368.0 15379136.0 4008408.9  100480.0 50236.2    218   31.297   1      6.638   37.935
309120.0 329344.0  0.0   106912.7 7016896.0 2380882.9 15379136.0 4070030.4  100480.0 50236.2    219   31.491   1      6.638   38.129
309120.0 297600.0 66529.9  0.0   7082816.0 4064220.8 15379136.0 4175737.7  100480.0 50236.2    220   31.635   1      6.638   38.273
285504.0 297600.0  0.0   69248.1 7082816.0 4055771.3 15379136.0 4238139.5  100480.0 50236.5    221   31.985   1      6.638   38.623
285504.0 282304.0 145074.1  0.0   7121728.0 5898370.6 15379136.0 4303267.5  100480.0 50236.5    222   32.154   1      6.638   38.792
272064.0 282304.0  0.0   128180.3 7121728.0 6901674.7 15379136.0 4446664.3  100480.0 50236.5    224   32.322   1      6.638   38.960
272064.0 256384.0 108568.2  0.0   7161088.0 5624636.7 15379136.0 4550151.2  100480.0 50236.7    224   32.529   1      6.638   39.167
244992.0 256384.0  0.0   92096.6 7161088.0 3371243.5 15379136.0 4651391.4  100480.0 50236.8    225   32.759   1      6.638   39.397
244992.0 256128.0 175755.9  0.0   7177280.0 4459582.8 15379136.0 4737751.9  100480.0 50237.0    226   32.943   1      6.638   39.580
244992.0 256128.0 175755.9  0.0   7177280.0 5512681.2 15379136.0 4737751.9  100480.0 50238.1    226   32.943   1      6.638   39.580
242880.0 256128.0  0.0   110646.1 7177280.0 7151896.8 15379136.0 4903399.7  100480.0 50238.1    227   33.176   1      6.638   39.814
241344.0 244800.0  0.0   65504.1 7199936.0 414969.3 15379136.0 5156112.6  100480.0 50238.1    229   33.574   1      6.638   40.212
241344.0 231616.0 95710.5  0.0   7216576.0 567975.0 15379136.0 5215464.7  100480.0 50238.1    230   33.711   1      6.638   40.349
231808.0 231616.0  0.0   40402.9 7216576.0 778585.0 15379136.0 5307991.3  100480.0 50238.4    231   33.829   1      6.638   40.467
231808.0 220032.0 99327.1  0.0   7237696.0 1286510.0 15379136.0 5331320.8  100480.0 50238.4    232   33.961   1      6.638   40.599
213632.0 220032.0  0.0   73634.8 7237696.0 1864405.4 15379136.0 5428540.1  100480.0 50238.4    233   34.118   1      6.638   40.756
213632.0 211584.0 125983.1  0.0   7264320.0 202790.3 15379136.0 5499070.9  100480.0 50240.4    234   34.298   1      6.638   40.936
213632.0 211584.0 125983.1  0.0   7264320.0 5809373.7 15379136.0 5499070.9  100480.0 50240.4    234   34.298   1      6.638   40.936
209088.0 211584.0  0.0   54881.6 7264320.0 2319647.9 15379136.0 5612798.0  100480.0 50241.6    235   34.473   1      6.638   41.111
209088.0 211584.0  0.0   54881.6 7264320.0 3988456.7 15379136.0 5612798.0  100480.0 50241.6    235   34.473   1      6.638   41.111
209088.0 211584.0  0.0   54881.6 7264320.0 4194441.3 15379136.0 5612798.0  100480.0 50241.8    235   34.473   1      6.638   41.111
209088.0 211584.0  0.0   54881.6 7264320.0 4194464.2 15379136.0 5612798.0  100480.0 50241.8    235   34.473   1      6.638   41.111
209088.0 211584.0  0.0   54881.6 7264320.0 4194484.7 15379136.0 5612798.0  100480.0 50241.8    235   34.473   1      6.638   41.111
209088.0 211584.0  0.0   54881.6 7264320.0 4194505.3 15379136.0 5612798.0  100480.0 50242.0    235   34.473   1      6.638   41.111
209088.0 211584.0  0.0   54881.6 7264320.0 4194548.5 15379136.0 5612798.0  100480.0 50242.0    235   34.473   1      6.638   41.111
209088.0 211584.0  0.0   54881.6 7264320.0 4194569.2 15379136.0 5612798.0  100480.0 50242.0    235   34.473   1      6.638   41.111
209088.0 211584.0  0.0   54881.6 7264320.0 4194585.8 15379136.0 5612798.0  100480.0 50242.0    235   34.473   1      6.638   41.111
209088.0 211584.0  0.0   54881.6 7264320.0 4194604.5 15379136.0 5612798.0  100480.0 50242.0    235   34.473   1      6.638   41.111
209088.0 211584.0  0.0   54881.6 7264320.0 4194625.2 15379136.0 5612798.0  100480.0 50242.0    235   34.473   1      6.638   41.111
209088.0 211584.0  0.0   54881.6 7264320.0 4194669.9 15379136.0 5612798.0  100480.0 50242.0    235   34.473   1      6.638   41.111
209088.0 211584.0  0.0   54881.6 7264320.0 4194690.7 15379136.0 5612798.0  100480.0 50242.0    235   34.473   1      6.638   41.111
209088.0 211584.0  0.0   54881.6 7264320.0 4194709.4 15379136.0 5612798.0  100480.0 50242.0    235   34.473   1      6.638   41.111
209088.0 211584.0  0.0   54881.6 7264320.0 4194730.3 15379136.0 5612798.0  100480.0 50242.0    235   34.473   1      6.638   41.111
209088.0 211584.0  0.0   54881.6 7264320.0 4194746.9 15379136.0 5612798.0  100480.0 50242.0    235   34.473   1      6.638   41.111
209088.0 211584.0  0.0   54881.6 7264320.0 4194828.3 15379136.0 5612798.0  100480.0 50242.2    235   34.473   1      6.638   41.111
209088.0 216704.0 149193.3  0.0   7256128.0 4276245.4 15379136.0 5667591.6  100480.0 50247.1    236   34.670   1      6.638   41.308
205568.0 216704.0  0.0   102778.1 7256128.0 5614016.4 15379136.0 5812886.5  100480.0 50247.1    237   34.896   1      6.638   41.534
199872.0 205568.0  0.0   68000.1 7278400.0   0.0    15379136.0 5957312.7  100480.0 50247.1    239   35.155   1      6.638   41.793
199872.0 190144.0 90038.2  0.0   7299520.0 1484031.9 15379136.0 6025312.8  100480.0 50247.1    240   35.298   1      6.638   41.936
198848.0 190144.0  0.0   143747.6 7299520.0 2776222.7 15379136.0 6113343.0  100480.0 50247.1    241   35.469   1      6.638   42.107
198848.0 192384.0 78679.8  0.0   7298304.0 3840492.9 15379136.0 6273942.1  100480.0 50247.4    242   35.617   1      6.638   42.255
184512.0 192384.0  0.0   87379.0 7298304.0 4070472.6 15379136.0 6336197.9  100480.0 50247.7    243   35.759   1      6.638   42.397
184512.0 184192.0 46366.9  0.0   7320832.0 5800681.1 15379136.0 6409344.7  100480.0 50247.7    244   35.848   1      6.638   42.485
180544.0 186176.0 320.0   0.0   7317184.0 285338.2 15379136.0 6472226.2  100480.0 50247.7    246   35.938   1      6.638   42.576
180288.0 186176.0  0.0   50753.4 7317184.0 2098803.1 15379136.0 6472294.2  100480.0 50248.2    247   35.975   1      6.638   42.613
180288.0 179392.0 20277.6  0.0   7329856.0 4410906.6 15379136.0 6522862.2  100480.0 50248.2    248   36.014   1      6.638   42.652
180480.0 512.0   0.0   448.0  7329856.0 6498645.7 15379136.0 6542907.7  100480.0 50248.2    249   36.050   1      6.638   42.688
166848.0 175744.0  0.0   53189.3 7333312.0 413611.2 15379136.0 6625236.5  100480.0 50248.2    251   36.306   1      6.638   42.944
166848.0 192192.0 160533.7  0.0   7305152.0 1278125.3 15379136.0 6651693.8  100480.0 50248.2    252   36.389   1      6.638   43.027
189440.0 192192.0  0.0   20576.1 7305152.0 2533059.4 15379136.0 6735663.0  100480.0 50248.2    253   36.474   1      6.638   43.112
191104.0 192.0   0.0   160.0  7308096.0 4126008.0 15379136.0 6856637.5  100480.0 50248.2    255   36.647   1      6.638   43.285
191104.0 186752.0 16320.0  0.0   7311680.0 5452682.0 15379136.0 6856637.5  100480.0 50248.2    256   36.824   1      6.638   43.462
174592.0 186752.0  0.0   57243.1 7311680.0 5459577.0 15379136.0 6872885.5  100480.0 50248.2    257   37.000   1      6.638   43.638
174592.0 167680.0 32844.2  0.0   7347264.0 5376206.4 15379136.0 6930008.7  100480.0 50248.2    258   37.099   1      6.638   43.737
165376.0 167680.0  0.0   5950.4 7347264.0 5923928.3 15379136.0 6957064.3  100480.0 50248.2    259   37.164   1      6.638   43.802
165376.0 162816.0 320.0   0.0   7361344.0 5220951.4 15379136.0 6962734.8  100480.0 50248.2    260   37.204   1      6.638   43.842
165376.0 162816.0 320.0   0.0   7361344.0 7073069.5 15379136.0 6962734.8  100480.0 50248.2    260   37.204   1      6.638   43.842
165376.0 162816.0 320.0   0.0   7361344.0 7073090.4 15379136.0 6962734.8  100480.0 50248.2    260   37.204   1      6.638   43.842
165376.0 162816.0 320.0   0.0   7361344.0 7073113.2 15379136.0 6962734.8  100480.0 50248.2    260   37.204   1      6.638   43.842
165376.0 162816.0 320.0   0.0   7361344.0 7073161.6 15379136.0 6962734.8  100480.0 50248.2    260   37.204   1      6.638   43.842
165376.0 162816.0 320.0   0.0   7361344.0 7073180.3 15379136.0 6962734.8  100480.0 50248.2    260   37.204   1      6.638   43.842
165376.0 162816.0 320.0   0.0   7361344.0 7073201.0 15379136.0 6962734.8  100480.0 50248.2    260   37.204   1      6.638   43.842
165376.0 162816.0 320.0   0.0   7361344.0 7073219.6 15379136.0 6962734.8  100480.0 50248.2    260   37.204   1      6.638   43.842
165376.0 162816.0 320.0   0.0   7361344.0 7073240.5 15379136.0 6962734.8  100480.0 50248.2    260   37.204   1      6.638   43.842
165376.0 162816.0 320.0   0.0   7361344.0 7073283.6 15379136.0 6962734.8  100480.0 50248.2    260   37.204   1      6.638   43.842
165376.0 162816.0 320.0   0.0   7361344.0 7073302.2 15379136.0 6962734.8  100480.0 50248.2    260   37.204   1      6.638   43.842
165376.0 162816.0 320.0   0.0   7361344.0 7073320.8 15379136.0 6962734.8  100480.0 50248.2    260   37.204   1      6.638   43.842
165376.0 162816.0 320.0   0.0   7361344.0 7073343.4 15379136.0 6962734.8  100480.0 50248.2    260   37.204   1      6.638   43.842
165376.0 162816.0 320.0   0.0   7361344.0 7073360.0 15379136.0 6962734.8  100480.0 50248.2    260   37.204   1      6.638   43.842
157056.0 162816.0  0.0   12480.1 7361344.0 2470858.7 15379136.0 6962790.8  100480.0 50628.7    261   37.245   1      6.638   43.883
157056.0 158720.0 78539.2  0.0   7372096.0 3484708.8 15379136.0 6966690.4  100480.0 50628.7    262   37.297   1      6.638   43.935
175104.0 121536.0  0.0   121530.0 7372096.0 4945607.0 15379136.0 7007436.8  100480.0 50628.7    263   37.359   1      6.638   43.997
175104.0 172288.0 224.0   0.0   7342144.0 6748242.9 15379136.0 7128767.0  100480.0 50628.7    264   37.407   1      6.638   44.045
164736.0 160704.0 288.0   0.0   7364096.0 1432476.2 15379136.0 7149254.9  100480.0 50628.7    266   37.490   1      6.638   44.128
155776.0 160704.0  0.0   288.0  7364096.0 3708493.0 15379136.0 7149310.9  100480.0 50628.7    267   37.530   1      6.638   44.168
155776.0 150016.0 1927.9  0.0   7383744.0 5364277.9 15379136.0 7149366.9  100480.0 50798.8    268   37.571   1      6.638   44.208
140352.0 131584.0 20995.6  0.0   7417600.0 231024.8 15379136.0 7172985.4  100480.0 50798.8    270   37.652   1      6.638   44.290
126848.0 131584.0  0.0   640.0  7417600.0 2292458.4 15379136.0 7193741.1  100480.0 50798.8    271   37.692   1      6.638   44.330
126848.0 121664.0 928.1   0.0   7441024.0 4548253.2 15379136.0 7194135.6  100480.0 50806.7    272   37.732   1      6.638   44.370
117760.0 121664.0  0.0   40940.0 7441024.0 6980184.4 15379136.0 7194815.7  100480.0 50807.1    273   37.773   1      6.638   44.411
104960.0 113216.0  0.0   21014.0 7458560.0 1301156.2 15379136.0 7195274.3  100480.0 50808.4    275   37.855   1      6.638   44.493
104960.0 97472.0 20818.1  0.0   7487104.0 2306533.1 15379136.0 7216008.4  100480.0 50808.4    276   37.896   1      6.638   44.534
94080.0 97472.0  0.0   320.0  7487104.0 562331.6 15379136.0 7236586.5  100480.0 50808.6    277   37.937   1      6.638   44.575
94080.0 97472.0  0.0   320.0  7487104.0 3120082.1 15379136.0 7236586.5  100480.0 50809.5    277   37.937   1      6.638   44.575
94080.0 97472.0  0.0   320.0  7487104.0 5751878.1 15379136.0 7236586.5  100480.0 50809.5    277   37.937   1      6.638   44.575
94080.0 97472.0  0.0   320.0  7487104.0 7045371.3 15379136.0 7236586.5  100480.0 50809.5    277   37.937   1      6.638   44.575
94080.0 110016.0 84076.1  0.0   7469504.0 1023090.3 15379136.0 7236650.5  100480.0 50809.5    278   37.982   1      6.638   44.620
94080.0 110016.0 84076.1  0.0   7469504.0 2540098.1 15379136.0 7236650.5  100480.0 50811.3    278   37.982   1      6.638   44.620
94080.0 110016.0 84076.1  0.0   7469504.0 4012835.5 15379136.0 7236650.5  100480.0 50811.9    278   37.982   1      6.638   44.620
94080.0 110016.0 84076.1  0.0   7469504.0 4946985.4 15379136.0 7236650.5  100480.0 50811.9    278   37.982   1      6.638   44.620
94080.0 110016.0 84076.1  0.0   7469504.0 5320881.4 15379136.0 7236650.5  100480.0 50814.2    278   37.982   1      6.638   44.620
94080.0 110016.0 84076.1  0.0   7469504.0 6469548.9 15379136.0 7236650.5  100480.0 50817.2    278   37.982   1      6.638   44.620
106432.0 110016.0  0.0   256.0  7469504.0 505171.7 15379136.0 7299855.3  100480.0 50819.6    279   38.028   1      6.638   44.666
106432.0 110016.0  0.0   256.0  7469504.0 2388932.1 15379136.0 7299855.3  100480.0 50819.6    279   38.028   1      6.638   44.666
106432.0 110016.0  0.0   256.0  7469504.0 5032898.4 15379136.0 7299855.3  100480.0 50819.6    279   38.028   1      6.638   44.666
106432.0 110016.0  0.0   256.0  7469504.0 7112293.0 15379136.0 7299855.3  100480.0 50819.6    279   38.028   1      6.638   44.666
106432.0 102528.0 288.0   0.0   7480576.0 1256939.2 15379136.0 7299903.3  100480.0 50819.6    280   38.069   1      6.638   44.707
106432.0 102528.0 288.0   0.0   7480576.0 1708198.6 15379136.0 7299903.3  100480.0 50819.6    280   38.069   1      6.638   44.707
106432.0 102528.0 288.0   0.0   7480576.0 2453744.1 15379136.0 7299903.3  100480.0 50819.6    280   38.069   1      6.638   44.707
106432.0 102528.0 288.0   0.0   7480576.0 3120856.1 15379136.0 7299903.3  100480.0 50819.6    280   38.069   1      6.638   44.707
106432.0 102528.0 288.0   0.0   7480576.0 3380774.8 15379136.0 7299903.3  100480.0 51158.1    280   38.069   1      6.638   44.707
109120.0 99840.0  0.0   99791.8 7480576.0 2072223.4 15379136.0 7320284.5  100480.0 51243.1    281   38.128   1      6.638   44.766
109120.0 128384.0 69584.7  0.0   7432768.0 2480841.4 15379136.0 7345206.1  100480.0 51244.3    282   38.174   1      6.638   44.812
136896.0 82688.0  0.0   82629.3 7432768.0 4118444.5 15379136.0 7365458.9  100480.0 51244.3    283   38.223   1      6.638   44.861
136896.0 127808.0 40975.9  0.0   7424832.0 6555418.8 15379136.0 7447892.3  100480.0 51244.3    284   38.271   1      6.638   44.909
125568.0 122496.0 288.0   0.0   7441472.0 1341101.1 15379136.0 7488756.2  100480.0 51244.3    286   38.358   1      6.638   44.996
118720.0 122496.0  0.0   677.5  7441472.0 3481135.2 15379136.0 7488812.2  100480.0 51252.6    287   38.398   1      6.638   45.036
118720.0 114240.0 2400.2  0.0   7456576.0 5247433.0 15379136.0 7489335.4  100480.0 51254.6    288   38.441   1      6.638   45.079
111168.0 114240.0 41927.3 41680.2 7456576.0 7456576.0 15379136.0 7532931.9  100480.0 51254.6    290   38.481   1      6.638   45.119
103936.0 108096.0  0.0   7072.1 7470272.0 1886123.8 15379136.0 7574680.9  100480.0 51254.6    291   38.571   1      6.638   45.209
103936.0 100800.0 256.0   0.0   7484800.0 4044148.5 15379136.0 7575377.0  100480.0 51254.6    292   38.612   1      6.638   45.250
93696.0 100800.0  0.0   20950.0 7484800.0 6240575.2 15379136.0 7575441.0  100480.0 51255.4    293   38.653   1      6.638   45.291
83904.0 90688.0  0.0   20786.1 7505152.0 116391.8 15379136.0 7596568.7  100480.0 51255.4    295   38.745   1      6.638   45.383
83904.0 81280.0 288.0   0.0   7524352.0 1000898.8 15379136.0 7617126.9  100480.0 51255.4    296   38.787   1      6.638   45.425
83904.0 81280.0 288.0   0.0   7524352.0 3656072.4 15379136.0 7617126.9  100480.0 51255.4    296   38.787   1      6.638   45.425
83904.0 81280.0 288.0   0.0   7524352.0 5879048.2 15379136.0 7617126.9  100480.0 51255.4    296   38.787   1      6.638   45.425
83904.0 81280.0 288.0   0.0   7524352.0 6587448.5 15379136.0 7617126.9  100480.0 51255.4    296   38.787   1      6.638   45.425
83904.0 81280.0 288.0   0.0   7524352.0 6587467.1 15379136.0 7617126.9  100480.0 51255.4    296   38.787   1      6.638   45.425
83904.0 81280.0 288.0   0.0   7524352.0 6587490.1 15379136.0 7617126.9  100480.0 51255.4    296   38.787   1      6.638   45.425
83904.0 81280.0 288.0   0.0   7524352.0 6587531.6 15379136.0 7617126.9  100480.0 51255.4    296   38.787   1      6.638   45.425
83904.0 81280.0 288.0   0.0   7524352.0 6587550.3 15379136.0 7617126.9  100480.0 51255.4    296   38.787   1      6.638   45.425
83904.0 81280.0 288.0   0.0   7524352.0 6587570.9 15379136.0 7617126.9  100480.0 51255.4    296   38.787   1      6.638   45.425
83904.0 81280.0 288.0   0.0   7524352.0 6587591.8 15379136.0 7617126.9  100480.0 51255.4    296   38.787   1      6.638   45.425
83904.0 81280.0 288.0   0.0   7524352.0 6587608.4 15379136.0 7617126.9  100480.0 51255.4    296   38.787   1      6.638   45.425
83904.0 81280.0 288.0   0.0   7524352.0 6587656.9 15379136.0 7617126.9  100480.0 51255.4    296   38.787   1      6.638   45.425
83904.0 81280.0 288.0   0.0   7524352.0 6587673.7 15379136.0 7617126.9  100480.0 51255.4    296   38.787   1      6.638   45.425
83904.0 81280.0 288.0   0.0   7524352.0 6587692.6 15379136.0 7617126.9  100480.0 51255.4    296   38.787   1      6.638   45.425
83904.0 81280.0 288.0   0.0   7524352.0 6587715.2 15379136.0 7617126.9  100480.0 51255.4    296   38.787   1      6.638   45.425
83904.0 81280.0 288.0   0.0   7524352.0 6587731.9 15379136.0 7617126.9  100480.0 51255.4    296   38.787   1      6.638   45.425
83904.0 81280.0 288.0   0.0   7524352.0 6686702.7 15379136.0 7617126.9  100480.0 51256.9    296   38.787   1      6.638   45.425
76224.0 81280.0  0.0   12480.5 7524352.0 6647538.6 15379136.0 7617182.9  100480.0 51260.9    297   38.841   1      6.638   45.479
89408.0 83264.0  0.0   83254.1 7516864.0 198163.5 15379136.0 7744200.0  100480.0 51260.9    299   38.946   1      6.638   45.584
89408.0 99840.0 288.0   0.0   7489856.0 1857582.3 15379136.0 7827270.1  100480.0 51260.9    300   38.989   1      6.638   45.627
97984.0 99840.0  0.0   40975.9 7489856.0 3746989.2 15379136.0 7827350.1  100480.0 51260.9    301   39.031   1      6.638   45.669
97984.0 95616.0 256.0   0.0   7495936.0 6031635.0 15379136.0 7868134.0  100480.0 51260.9    302   39.073   1      6.638   45.711
92736.0 89088.0 2400.2  0.0   7507712.0 650400.2 15379136.0 7868230.0  100480.0 51262.1    304   39.156   1      6.638   45.794
85568.0 89088.0  0.0   608.0  7507712.0 2321913.4 15379136.0 7870488.8  100480.0 51262.1    305   39.200   1      6.638   45.838
85568.0 95168.0 62380.5  0.0   7499200.0 4547542.3 15379136.0 7870872.9  100480.0 51262.3    306   39.242   1      6.638   45.880
88896.0 95168.0  0.0   25472.1 7499200.0 6277773.1 15379136.0 7933069.5  100480.0 51262.3    307   39.288   1      6.638   45.926
83136.0 86208.0  0.0   256.0  7514432.0 1070604.3 15379136.0 7933789.6  100480.0 51262.3    309   39.371   1      6.638   46.009
83136.0 77568.0 21106.1  0.0   7528832.0 2569414.1 15379136.0 7933853.6  100480.0 51262.3    310   39.411   1      6.638   46.049
74880.0 77568.0  0.0   320.0  7528832.0 1716712.9 15379136.0 7954717.4  100480.0 51262.3    311   39.453   1      6.638   46.091
74880.0 77568.0  0.0   320.0  7528832.0 4854202.9 15379136.0 7954717.4  100480.0 51262.3    311   39.453   1      6.638   46.091
74880.0 77568.0  0.0   320.0  7528832.0 7286874.1 15379136.0 7954717.4  100480.0 51262.3    311   39.453   1      6.638   46.091
74880.0 77952.0 40971.9  0.0   7533632.0 1747217.2 15379136.0 7954789.4  100480.0 51262.3    312   39.495   1      6.638   46.133
74880.0 77952.0 40971.9  0.0   7533632.0 3029005.0 15379136.0 7954789.4  100480.0 51262.3    312   39.495   1      6.638   46.133
74880.0 77952.0 40971.9  0.0   7533632.0 4263933.8 15379136.0 7954789.4  100480.0 51262.3    312   39.495   1      6.638   46.133
74880.0 77952.0 40971.9  0.0   7533632.0 4263954.6 15379136.0 7954789.4  100480.0 51262.3    312   39.495   1      6.638   46.133
74880.0 77952.0 40971.9  0.0   7533632.0 4263973.2 15379136.0 7954789.4  100480.0 51262.3    312   39.495   1      6.638   46.133
74880.0 77952.0 40971.9  0.0   7533632.0 4264021.4 15379136.0 7954789.4  100480.0 51262.3    312   39.495   1      6.638   46.133
74880.0 77952.0 40971.9  0.0   7533632.0 4264039.8 15379136.0 7954789.4  100480.0 51262.3    312   39.495   1      6.638   46.133
74880.0 77952.0 40971.9  0.0   7533632.0 4264058.6 15379136.0 7954789.4  100480.0 51262.3    312   39.495   1      6.638   46.133
74880.0 77952.0 40971.9  0.0   7533632.0 4397983.4 15379136.0 7954789.4  100480.0 51264.3    312   39.495   1      6.638   46.133
86400.0 69504.0  0.0   69501.3 7533632.0 3929010.0 15379136.0 7991583.4  100480.0 51266.5    313   39.553   1      6.638   46.191
86400.0 105216.0 81898.4  0.0   7479104.0 5359983.7 15379136.0 8078013.7  100480.0 51266.5    314   39.609   1      6.638   46.247
101760.0 105216.0  0.0   41139.7 7479104.0 7479104.0 15379136.0 8180029.4  100480.0 51266.5    316   39.661   1      6.638   46.299
97600.0 100032.0  0.0   288.0  7487744.0 1874343.3 15379136.0 8200615.3  100480.0 51266.5    317   39.744   1      6.638   46.382
97600.0 94656.0 288.0   0.0   7497280.0 3963820.0 15379136.0 8200675.3  100480.0 51266.5    318   39.784   1      6.638   46.422
94656.0 94656.0  0.0   42288.0 7497280.0 5990282.2 15379136.0 8200731.3  100480.0 51266.9    319   39.826   1      6.638   46.464
99008.0 101504.0  0.0   288.0  7486528.0 536933.4 15379136.0 8304776.5  100480.0 51266.9    321   39.924   1      6.638   46.562
99008.0 95872.0 1216.1  0.0   7494656.0 2416818.1 15379136.0 8304840.5  100480.0 51268.4    322   39.965   1      6.638   46.603
92352.0 95872.0  0.0   33344.1 7494656.0 4253811.9 15379136.0 8305838.2  100480.0 51268.4    323   40.010   1      6.638   46.648
92352.0 89600.0 256.0   0.0   7507584.0 6378218.0 15379136.0 8306206.3  100480.0 51268.6    324   40.051   1      6.638   46.689
86528.0 83072.0 960.1   0.0   7519936.0 918047.0 15379136.0 8306334.3  100480.0 51269.2    326   40.133   1      6.638   46.771
85120.0 83072.0  0.0   41160.1 7519936.0 2711854.5 15379136.0 8307040.0  100480.0 51269.2    327   40.175   1      6.638   46.813
85120.0 82048.0 320.0   0.0   7522368.0 1292868.7 15379136.0 8347944.1  100480.0 51271.1    328   40.217   1      6.638   46.855
85120.0 82048.0 320.0   0.0   7522368.0 3849685.7 15379136.0 8347944.1  100480.0 51271.1    328   40.217   1      6.638   46.855
85120.0 82048.0 320.0   0.0   7522368.0 6392386.0 15379136.0 8347944.1  100480.0 51271.1    328   40.217   1      6.638   46.855
85120.0 82048.0 320.0   0.0   7522368.0 7073279.0 15379136.0 8347944.1  100480.0 51271.1    328   40.217   1      6.638   46.855
85120.0 82048.0 320.0   0.0   7522368.0 7073325.8 15379136.0 8347944.1  100480.0 51271.1    328   40.217   1      6.638   46.855
85120.0 82048.0 320.0   0.0   7522368.0 7073344.3 15379136.0 8347944.1  100480.0 51271.1    328   40.217   1      6.638   46.855
85120.0 82048.0 320.0   0.0   7522368.0 7073364.9 15379136.0 8347944.1  100480.0 51271.1    328   40.217   1      6.638   46.855
85120.0 82048.0 320.0   0.0   7522368.0 7073381.7 15379136.0 8347944.1  100480.0 51271.1    328   40.217   1      6.638   46.855
85120.0 82048.0 320.0   0.0   7522368.0 7073402.5 15379136.0 8347944.1  100480.0 51271.1    328   40.217   1      6.638   46.855
85120.0 82048.0 320.0   0.0   7522368.0 7073448.1 15379136.0 8347944.1  100480.0 51271.1    328   40.217   1      6.638   46.855
85120.0 82048.0 320.0   0.0   7522368.0 7073468.7 15379136.0 8347944.1  100480.0 51271.1    328   40.217   1      6.638   46.855
85120.0 82048.0 320.0   0.0   7522368.0 7073487.5 15379136.0 8347944.1  100480.0 51271.1    328   40.217   1      6.638   46.855
76992.0 82048.0  0.0   10432.5 7522368.0 1341961.1 15379136.0 8348000.1  100480.0 51274.0    329   40.258   1      6.638   46.896
76992.0 87296.0 61450.5  0.0   7514944.0 1475832.5 15379136.0 8414010.4  100480.0 51274.0    330   40.310   1      6.638   46.948
91968.0 82624.0  0.0   82616.1 7514944.0 3553649.6 15379136.0 8434128.6  100480.0 51274.0    331   40.359   1      6.638   46.997
91968.0 100416.0 288.0   0.0   7488704.0 5887029.3 15379136.0 8516572.8  100480.0 51274.0    332   40.405   1      6.638   47.043
97152.0 93504.0 256.0   0.0   7498880.0 639487.2 15379136.0 8516708.8  100480.0 51274.0    334   40.490   1      6.638   47.128
93824.0 93504.0  0.0   41007.9 7498880.0 2800791.5 15379136.0 8516760.9  100480.0 51275.7    335   40.533   1      6.638   47.171
93824.0 86656.0 22485.8  0.0   7509056.0 4868459.5 15379136.0 8557544.8  100480.0 51277.6    336   40.582   1      6.638   47.220
84032.0 86656.0  0.0   256.0  7509056.0 7379118.0 15379136.0 8579820.3  100480.0 51277.9    338   40.623   1      6.638   47.261
77632.0 80960.0  0.0   928.1  7524544.0 1663680.3 15379136.0 8580578.0  100480.0 51278.6    339   40.726   1      6.638   47.364
77632.0 74304.0 288.0   0.0   7537600.0 3894625.4 15379136.0 8581282.1  100480.0 51278.6    340   40.768   1      6.638   47.406
70848.0 74304.0  0.0   320.0  7537600.0 6026379.9 15379136.0 8581322.1  100480.0 51278.6    341   40.809   1      6.638   47.447
63808.0 67392.0  0.0   672.0  7551296.0 394428.1 15379136.0 8581434.1  100480.0 51278.6    343   40.892   1      6.638   47.530
63808.0 67392.0  0.0   672.0  7551296.0 5994973.2 15379136.0 8581434.1  100480.0 51278.6    343   40.892   1      6.638   47.530
63808.0 67392.0  0.0   672.0  7551296.0 6399955.8 15379136.0 8581434.1  100480.0 51278.6    343   40.892   1      6.638   47.530
63808.0 67392.0  0.0   672.0  7551296.0 6399978.4 15379136.0 8581434.1  100480.0 51278.6    343   40.892   1      6.638   47.530
63808.0 67392.0  0.0   672.0  7551296.0 6399999.2 15379136.0 8581434.1  100480.0 51278.6    343   40.892   1      6.638   47.530
63808.0 67392.0  0.0   672.0  7551296.0 7241314.8 15379136.0 8581434.1  100480.0 51278.6    343   40.892   1      6.638   47.530
63808.0 62144.0 20694.0  0.0   7563584.0 940304.1 15379136.0 8581823.8  100480.0 51278.6    344   40.935   1      6.638   47.572
63808.0 62144.0 20694.0  0.0   7563584.0 2223781.6 15379136.0 8581823.8  100480.0 51278.6    344   40.935   1      6.638   47.572
63808.0 62144.0 20694.0  0.0   7563584.0 3522184.7 15379136.0 8581823.8  100480.0 51278.6    344   40.935   1      6.638   47.572
63808.0 62144.0 20694.0  0.0   7563584.0 3761030.9 15379136.0 8581823.8  100480.0 51278.6    344   40.935   1      6.638   47.572
63808.0 62144.0 20694.0  0.0   7563584.0 3761049.6 15379136.0 8581823.8  100480.0 51278.6    344   40.935   1      6.638   47.572
63808.0 62144.0 20694.0  0.0   7563584.0 3761098.8 15379136.0 8581823.8  100480.0 51278.6    344   40.935   1      6.638   47.572
63808.0 62144.0 20694.0  0.0   7563584.0 3761115.5 15379136.0 8581823.8  100480.0 51278.6    344   40.935   1      6.638   47.572
63808.0 62144.0 20694.0  0.0   7563584.0 3761136.3 15379136.0 8581823.8  100480.0 51278.6    344   40.935   1      6.638   47.572
63808.0 62144.0 20694.0  0.0   7563584.0 3761154.8 15379136.0 8581823.8  100480.0 51278.6    344   40.935   1      6.638   47.572
63808.0 62144.0 20694.0  0.0   7563584.0 3761175.6 15379136.0 8581823.8  100480.0 51278.6    344   40.935   1      6.638   47.572
63808.0 62144.0 20694.0  0.0   7563584.0 3761217.6 15379136.0 8581823.8  100480.0 51278.6    344   40.935   1      6.638   47.572
63808.0 62144.0 20694.0  0.0   7563584.0 3761240.4 15379136.0 8581823.8  100480.0 51278.6    344   40.935   1      6.638   47.572
63808.0 62144.0 20694.0  0.0   7563584.0 3761259.1 15379136.0 8581823.8  100480.0 51278.6    344   40.935   1      6.638   47.572
63808.0 62144.0 20694.0  0.0   7563584.0 3761279.8 15379136.0 8581823.8  100480.0 51278.6    344   40.935   1      6.638   47.572
63808.0 62144.0 20694.0  0.0   7563584.0 3761298.5 15379136.0 8581823.8  100480.0 51278.6    344   40.935   1      6.638   47.572
63808.0 62144.0 20694.0  0.0   7563584.0 3761345.4 15379136.0 8581823.8  100480.0 51278.6    344   40.935   1      6.638   47.572
63808.0 62144.0  0.0   62129.6 7563584.0 1566508.2 15379136.0 8627594.7  100480.0 51282.3    345   40.994   1      6.638   47.632
63808.0 100352.0 61787.0  0.0   7488832.0 1237282.7 15379136.0 8898767.2  100480.0 51282.8    346   41.084   1      6.638   47.721
113984.0 82688.0  0.0   82629.3 7488832.0 2599841.9 15379136.0 8959977.8  100480.0 51282.8    347   41.137   1      6.638   47.775
113984.0 111040.0 256.0   0.0   7464512.0 4675750.5 15379136.0 9042423.2  100480.0 51283.0    348   41.183   1      6.638   47.821
107456.0 111040.0  0.0   41007.9 7464512.0 7192018.3 15379136.0 9042479.2  100480.0 51283.2    349   41.227   1      6.638   47.865
100928.0 104640.0  0.0   2464.2 7477440.0 1682548.7 15379136.0 9083327.1  100480.0 51285.4    351   41.311   1      6.638   47.949
100928.0 93824.0 20741.2  0.0   7494784.0 3743558.9 15379136.0 9085569.9  100480.0 51288.9    352   41.354   1      6.638   47.991
93440.0 93824.0  0.0   41639.3 7494784.0 5709499.4 15379136.0 9106123.2  100480.0 51290.9    353   41.399   1      6.638   48.037
87872.0 90880.0  0.0   896.1  7505216.0 408608.7 15379136.0 9147940.2  100480.0 51292.5    355   41.488   1      6.638   48.126
87872.0 81216.0 20950.0  0.0   7520448.0 2206822.1 15379136.0 9148612.2  100480.0 51293.3    356   41.531   1      6.638   48.169
78656.0 81216.0  0.0   576.0  7520448.0 4274914.6 15379136.0 9169350.3  100480.0 51293.3    357   41.573   1      6.638   48.211
78656.0 73408.0 20786.1  0.0   7537472.0 5470429.1 15379136.0 9169702.3  100480.0 51293.3    358   41.616   1      6.638   48.254
71168.0 73408.0  0.0   288.0  7537472.0 5218998.2 15379136.0 9190264.5  100480.0 51294.4    359   41.658   1      6.638   48.296
71168.0 68608.0 256.0   0.0   7549760.0 237720.5 15379136.0 9190312.5  100480.0 51294.4    360   41.702   1      6.638   48.340
71168.0 68608.0 256.0   0.0   7549760.0 1612117.2 15379136.0 9190312.5  100480.0 51294.4    360   41.702   1      6.638   48.340
71168.0 68608.0 256.0   0.0   7549760.0 1682208.0 15379136.0 9190312.5  100480.0 51294.6    360   41.702   1      6.638   48.340
71168.0 68608.0 256.0   0.0   7549760.0 1682228.6 15379136.0 9190312.5  100480.0 51294.6    360   41.702   1      6.638   48.340
71168.0 68608.0 256.0   0.0   7549760.0 1682249.2 15379136.0 9190312.5  100480.0 51294.6    360   41.702   1      6.638   48.340
71168.0 68608.0 256.0   0.0   7549760.0 1682267.8 15379136.0 9190312.5  100480.0 51294.6    360   41.702   1      6.638   48.340
71168.0 68608.0 256.0   0.0   7549760.0 1682316.8 15379136.0 9190312.5  100480.0 51294.6    360   41.702   1      6.638   48.340
71168.0 68608.0 256.0   0.0   7549760.0 1682335.3 15379136.0 9190312.5  100480.0 51294.6    360   41.702   1      6.638   48.340
71168.0 68608.0 256.0   0.0   7549760.0 1682355.8 15379136.0 9190312.5  100480.0 51295.4    360   41.702   1      6.638   48.340
71168.0 68608.0 256.0   0.0   7549760.0 1682374.2 15379136.0 9190312.5  100480.0 51295.4    360   41.702   1      6.638   48.340
71168.0 68608.0 256.0   0.0   7549760.0 1682394.9 15379136.0 9190312.5  100480.0 51295.4    360   41.702   1      6.638   48.340
71168.0 68608.0 256.0   0.0   7549760.0 1682439.0 15379136.0 9190312.5  100480.0 51295.4    360   41.702   1      6.638   48.340
71168.0 68608.0 256.0   0.0   7549760.0 1682457.5 15379136.0 9190312.5  100480.0 51295.4    360   41.702   1      6.638   48.340
71168.0 68608.0 256.0   0.0   7549760.0 5867593.3 15379136.0 9190312.5  100480.0 51308.7    360   41.702   1      6.638   48.340
72704.0 67072.0  0.0   67020.5 7549760.0 6907072.4 15379136.0 9292691.9  100480.0 51309.8    361   41.762   1      6.638   48.400
86272.0 62656.0  0.0   62601.4 7536960.0 699767.0 15379136.0 9419473.1  100480.0 51309.9    363   41.880   1      6.638   48.518
86272.0 84288.0 288.0   0.0   7518976.0 2308402.1 15379136.0 9502655.5  100480.0 51309.9    364   41.929   1      6.638   48.567
81856.0 84288.0  0.0   320.0  7518976.0 4303145.3 15379136.0 9502727.5  100480.0 51309.9    365   41.972   1      6.638   48.610
81856.0 79040.0 320.0   0.0   7528640.0 6549471.3 15379136.0 9502783.5  100480.0 51310.3    366   42.022   1      6.638   48.660
75584.0 71424.0 21227.0  0.0   7542528.0 1111059.5 15379136.0 9505077.4  100480.0 51310.5    368   42.110   1      6.638   48.748
68864.0 71424.0  0.0   320.0  7542528.0 2828019.7 15379136.0 9526044.4  100480.0 51311.2    369   42.161   1      6.638   48.799
68864.0 65920.0 960.1   0.0   7554752.0 4964531.1 15379136.0 9526092.4  100480.0 51311.2    370   42.207   1      6.638   48.845
71872.0 44032.0  0.0   44005.2 7554752.0 6812191.0 15379136.0 9526770.2  100480.0 51311.4    371   42.250   1      6.638   48.888
65792.0 69120.0  0.0   20850.1 7548544.0 1287632.2 15379136.0 9527519.9  100480.0 51311.4    373   42.339   1      6.638   48.977
65792.0 69120.0  0.0   20850.1 7548544.0 7514265.8 15379136.0 9527519.9  100480.0 51311.8    374   42.339   1      6.638   48.977
65792.0 63424.0 288.0   0.0   7560320.0 2472885.9 15379136.0 9548078.1  100480.0 51311.8    374   42.383   1      6.638   49.021
65792.0 63424.0 288.0   0.0   7560320.0 3760407.4 15379136.0 9548078.1  100480.0 51311.8    374   42.383   1      6.638   49.021
65792.0 63424.0 288.0   0.0   7560320.0 4658102.9 15379136.0 9548078.1  100480.0 51311.8    374   42.383   1      6.638   49.021
65792.0 63424.0 288.0   0.0   7560320.0 5948307.9 15379136.0 9548078.1  100480.0 51311.8    374   42.383   1      6.638   49.021
65792.0 63424.0 288.0   0.0   7560320.0 7238518.5 15379136.0 9548078.1  100480.0 51311.8    374   42.383   1      6.638   49.021
68416.0 41024.0  0.0   41003.9 7560320.0 965098.4 15379136.0 9548118.1  100480.0 51311.8    375   42.426   1      6.638   49.064
68416.0 41024.0  0.0   41003.9 7560320.0 1646188.0 15379136.0 9548118.1  100480.0 51311.8    375   42.426   1      6.638   49.064
68416.0 41024.0  0.0   41003.9 7560320.0 1646208.5 15379136.0 9548118.1  100480.0 51311.8    375   42.426   1      6.638   49.064
68416.0 41024.0  0.0   41003.9 7560320.0 1646229.1 15379136.0 9548118.1  100480.0 51311.8    375   42.426   1      6.638   49.064
68416.0 41024.0  0.0   41003.9 7560320.0 1646249.9 15379136.0 9548118.1  100480.0 51311.8    375   42.426   1      6.638   49.064
68416.0 41024.0  0.0   41003.9 7560320.0 1646270.5 15379136.0 9548118.1  100480.0 51311.8    375   42.426   1      6.638   49.064
68416.0 41024.0  0.0   41003.9 7560320.0 1646315.0 15379136.0 9548118.1  100480.0 51311.8    375   42.426   1      6.638   49.064
68416.0 41024.0  0.0   41003.9 7560320.0 1646335.6 15379136.0 9548118.1  100480.0 51311.8    375   42.426   1      6.638   49.064
68416.0 41024.0  0.0   41003.9 7560320.0 1646354.1 15379136.0 9548118.1  100480.0 51311.8    375   42.426   1      6.638   49.064
68416.0 41024.0  0.0   41003.9 7560320.0 1646376.8 15379136.0 9548118.1  100480.0 51311.8    375   42.426   1      6.638   49.064
68416.0 41024.0  0.0   41003.9 7560320.0 1646397.3 15379136.0 9548118.1  100480.0 51311.8    375   42.426   1      6.638   49.064
68416.0 41024.0  0.0   41003.9 7560320.0 1646437.3 15379136.0 9548118.1  100480.0 51311.8    375   42.426   1      6.638   49.064
68416.0 41024.0  0.0   41003.9 7560320.0 3924678.8 15379136.0 9548118.1  100480.0 51313.3    375   42.426   1      6.638   49.064
68416.0 81408.0 66113.4  0.0   7526720.0 4396803.0 15379136.0 9692432.0  100480.0 51313.3    376   42.490   1      6.638   49.127
90176.0 61632.0  0.0   61583.0 7526720.0 6494467.5 15379136.0 9716783.4  100480.0 51313.3    377   42.536   1      6.638   49.174
85504.0 88064.0  0.0   288.0  7511296.0 1082291.8 15379136.0 9778306.5  100480.0 51313.3    379   42.625   1      6.638   49.263
85504.0 82624.0 288.0   0.0   7521408.0 2743473.9 15379136.0 9778378.5  100480.0 51313.3    380   42.669   1      6.638   49.307
79424.0 82624.0  0.0   288.0  7521408.0 4956143.6 15379136.0 9778442.5  100480.0 51313.3    381   42.712   1      6.638   49.350
79424.0 75968.0 736.0   0.0   7534144.0 7186448.3 15379136.0 9778514.5  100480.0 51313.7    382   42.755   1      6.638   49.393
72128.0 76416.0 41512.9  0.0   7536704.0 1352730.9 15379136.0 9781309.6  100480.0 51313.7    384   42.842   1      6.638   49.480
73216.0 76416.0  0.0   928.1  7536704.0 3431533.8 15379136.0 9822570.6  100480.0 51314.2    385   42.887   1      6.638   49.525
73216.0 68160.0 17248.1  0.0   7548160.0 5296094.6 15379136.0 9823248.3  100480.0 51314.4    386   42.931   1      6.638   49.569
64768.0 68160.0 256.0  20630.0 7548160.0 7548160.0 15379136.0 9844346.4  100480.0 51314.4    388   42.975   1      6.638   49.613
60096.0 62592.0  0.0   608.0  7562176.0 1589505.8 15379136.0 9844386.4  100480.0 51314.4    389   43.063   1      6.638   49.701
60096.0 58304.0 20850.1  0.0   7571136.0 2535251.0 15379136.0 9844768.1  100480.0 51314.4    390   43.108   1      6.638   49.746
60096.0 58304.0 20850.1  0.0   7571136.0 7274399.8 15379136.0 9844768.1  100480.0 51314.6    390   43.108   1      6.638   49.746
56128.0 58304.0  0.0   352.0  7571136.0 1934449.8 15379136.0 9865342.2  100480.0 51314.6    391   43.151   1      6.638   49.789
56128.0 58304.0  0.0   352.0  7571136.0 3213632.2 15379136.0 9865342.2  100480.0 51314.6    391   43.151   1      6.638   49.789
56128.0 58304.0  0.0   352.0  7571136.0 3356272.7 15379136.0 9865342.2  100480.0 51314.6    391   43.151   1      6.638   49.789
56128.0 58304.0  0.0   352.0  7571136.0 3356293.3 15379136.0 9865342.2  100480.0 51314.6    391   43.151   1      6.638   49.789
56128.0 58304.0  0.0   352.0  7571136.0 3356311.9 15379136.0 9865342.2  100480.0 51314.6    391   43.151   1      6.638   49.789
56128.0 58304.0  0.0   352.0  7571136.0 3356358.2 15379136.0 9865342.2  100480.0 51314.6    391   43.151   1      6.638   49.789
56128.0 58304.0  0.0   352.0  7571136.0 3356376.7 15379136.0 9865342.2  100480.0 51314.6    391   43.151   1      6.638   49.789
56128.0 58304.0  0.0   352.0  7571136.0 3356397.3 15379136.0 9865342.2  100480.0 51314.6    391   43.151   1      6.638   49.789
56128.0 58304.0  0.0   352.0  7571136.0 3356415.8 15379136.0 9865342.2  100480.0 51314.6    391   43.151   1      6.638   49.789
56128.0 58304.0  0.0   352.0  7571136.0 3356436.3 15379136.0 9865342.2  100480.0 51314.6    391   43.151   1      6.638   49.789
56128.0 58304.0  0.0   352.0  7571136.0 3356480.1 15379136.0 9865342.2  100480.0 51314.9    391   43.151   1      6.638   49.789
56128.0 58304.0  0.0   352.0  7571136.0 3527238.3 15379136.0 9865342.2  100480.0 51316.7    391   43.151   1      6.638   49.789
56128.0 63936.0 45376.5  0.0   7561664.0 3972851.6 15379136.0 9922627.4  100480.0 51316.7    392   43.211   1      6.638   49.849
66304.0 61568.0  0.0   61537.0 7561664.0 5137574.4 15379136.0 10009107.2 100480.0 51316.7    393   43.269   1      6.638   49.907
66304.0 85888.0 61884.5 224.0  7517760.0 7517760.0 15379136.0 10132534.2 100480.0 51316.7    395   43.322   1      6.638   49.960
83840.0 84672.0 41039.9  0.0   7520192.0 2125876.9 15379136.0 10132594.2 100480.0 51316.7    396   43.415   1      6.638   50.053
82624.0 84672.0  0.0   288.0  7520192.0 4281147.9 15379136.0 10173394.1 100480.0 51316.7    397   43.460   1      6.638   50.098
82624.0 79872.0 2176.2  0.0   7527040.0 6407867.6 15379136.0 10173458.1 100480.0 51317.9    398   43.504   1      6.638   50.142
74496.0 72384.0 288.0   0.0   7542656.0 923839.4 15379136.0 10196648.0 100480.0 51317.9    400   43.593   1      6.638   50.231
69824.0 72384.0  0.0   864.1  7542656.0 3082499.1 15379136.0 10196688.0 100480.0 51317.9    401   43.638   1      6.638   50.276
69824.0 64768.0 16992.0  0.0   7554944.0 4963690.6 15379136.0 10197365.7 100480.0 51317.9    402   43.683   1      6.638   50.321
61632.0 64768.0  0.0   20918.0 7554944.0 7338812.2 15379136.0 10197733.7 100480.0 51317.9    403   43.729   1      6.638   50.367
57920.0 59968.0  0.0   608.0  7567936.0 1107243.6 15379136.0 10218535.8 100480.0 51317.9    405   43.818   1      6.638   50.456
57920.0 56128.0 20722.1  0.0   7575488.0 1150602.8 15379136.0 10218925.5 100480.0 51317.9    406   43.862   1      6.638   50.500
57920.0 56128.0 20722.1  0.0   7575488.0 4634916.1 15379136.0 10218925.5 100480.0 51317.9    406   43.862   1      6.638   50.500
57920.0 56128.0 20722.1  0.0   7575488.0 6845202.6 15379136.0 10218925.5 100480.0 51317.9    406   43.862   1      6.638   50.500
54336.0 56128.0  0.0   320.0  7575488.0 265870.4 15379136.0 10239471.7 100480.0 51317.9    407   43.906   1      6.638   50.544
54336.0 56128.0  0.0   320.0  7575488.0 266204.4 15379136.0 10239471.7 100480.0 51317.9    407   43.906   1      6.638   50.544
54336.0 56128.0  0.0   320.0  7575488.0 266225.0 15379136.0 10239471.7 100480.0 51317.9    407   43.906   1      6.638   50.544
54336.0 56128.0  0.0   320.0  7575488.0 266243.5 15379136.0 10239471.7 100480.0 51317.9    407   43.906   1      6.638   50.544
54336.0 56128.0  0.0   320.0  7575488.0 266289.2 15379136.0 10239471.7 100480.0 51317.9    407   43.906   1      6.638   50.544
54336.0 56128.0  0.0   320.0  7575488.0 266307.7 15379136.0 10239471.7 100480.0 51317.9    407   43.906   1      6.638   50.544
54336.0 56128.0  0.0   320.0  7575488.0 266326.2 15379136.0 10239471.7 100480.0 51317.9    407   43.906   1      6.638   50.544
54336.0 56128.0  0.0   320.0  7575488.0 266346.8 15379136.0 10239471.7 100480.0 51317.9    407   43.906   1      6.638   50.544
54336.0 56128.0  0.0   320.0  7575488.0 266367.4 15379136.0 10239471.7 100480.0 51317.9    407   43.906   1      6.638   50.544
54336.0 56128.0  0.0   320.0  7575488.0 266411.6 15379136.0 10239471.7 100480.0 51317.9    407   43.906   1      6.638   50.544
54336.0 56128.0  0.0   320.0  7575488.0 266432.2 15379136.0 10239471.7 100480.0 51317.9    407   43.906   1      6.638   50.544
54336.0 56128.0  0.0   320.0  7575488.0 4141987.2 15379136.0 10239471.7 100480.0 51318.6    407   43.906   1      6.638   50.544
54336.0 62208.0 45472.3  0.0   7565120.0 4431404.2 15379136.0 10404493.7 100480.0 51318.6    408   43.975   1      6.638   50.613
59264.0 62208.0  0.0   20585.8 7565120.0 6562494.7 15379136.0 10428955.8 100480.0 51318.6    409   44.040   1      6.638   50.678
56000.0 57792.0  0.0   288.0  7572480.0 1123069.1 15379136.0 10449525.6 100480.0 51318.6    411   44.140   1      6.638   50.777
56000.0 54016.0 256.0   0.0   7579520.0 3080046.3 15379136.0 10449581.6 100480.0 51318.6    412   44.185   1      6.638   50.823
52928.0 54016.0  0.0   20615.9 7579520.0 5111676.5 15379136.0 10449649.6 100480.0 51318.9    413   44.229   1      6.638   50.867
52928.0 50688.0 2752.2  0.0   7585920.0 7330436.6 15379136.0 10470073.6 100480.0 51318.9    414   44.273   1      6.638   50.911
50112.0 60032.0 49831.3  0.0   7569472.0 1563133.9 15379136.0 10493184.9 100480.0 51318.9    416   44.367   1      6.638   51.005
58304.0 60032.0  0.0   1216.1 7569472.0 3380818.4 15379136.0 10534616.2 100480.0 51319.0    417   44.413   1      6.638   51.051
58304.0 56512.0 288.0   0.0   7574720.0 5508335.6 15379136.0 10535637.9 100480.0 51319.0    418   44.457   1      6.638   51.095
54464.0 52288.0 288.0   0.0   7582784.0 266648.1 15379136.0 10535757.9 100480.0 51319.0    420   44.558   1      6.638   51.196
51904.0 52288.0  0.0   21238.0 7582784.0 881966.1 15379136.0 10535821.9 100480.0 51319.0    421   44.603   1      6.638   51.241
51904.0 51136.0 20722.1  0.0   7586496.0 1580468.3 15379136.0 10556873.7 100480.0 51319.0    422   44.650   1      6.638   51.288
51904.0 51136.0 20722.1  0.0   7586496.0 4383767.8 15379136.0 10556873.7 100480.0 51319.0    422   44.650   1      6.638   51.288
51904.0 51136.0 20722.1  0.0   7586496.0 7434413.1 15379136.0 10556873.7 100480.0 51319.0    422   44.650   1      6.638   51.288
58368.0 42816.0  0.0   42802.9 7586496.0 2726163.2 15379136.0 10639299.0 100480.0 51319.0    423   44.704   1      6.638   51.342
58368.0 42816.0  0.0   42802.9 7586496.0 3619913.0 15379136.0 10639299.0 100480.0 51319.0    423   44.704   1      6.638   51.342
58368.0 42816.0  0.0   42802.9 7586496.0 6333042.9 15379136.0 10639299.0 100480.0 51319.0    423   44.704   1      6.638   51.342
58368.0 56768.0 320.0   0.0   7574400.0 1510252.8 15379136.0 10681895.7 100480.0 51319.0    424   44.750   1      6.638   51.388
58368.0 56768.0 320.0   0.0   7574400.0 4398840.0 15379136.0 10681895.7 100480.0 51319.8    424   44.750   1      6.638   51.388
58368.0 56768.0 320.0   0.0   7574400.0 6317823.0 15379136.0 10681895.7 100480.0 51319.8    424   44.750   1      6.638   51.388
58368.0 56768.0 320.0   0.0   7574400.0 6996526.5 15379136.0 10681895.7 100480.0 51319.8    424   44.750   1      6.638   51.388
54976.0 56768.0  0.0   256.0  7574400.0 236458.3 15379136.0 10681951.7 100480.0 51319.8    425   44.795   1      6.638   51.432
54976.0 56768.0  0.0   256.0  7574400.0 1006139.0 15379136.0 10681951.7 100480.0 51319.8    425   44.795   1      6.638   51.432
54976.0 56768.0  0.0   256.0  7574400.0 2177523.6 15379136.0 10681951.7 100480.0 51319.8    425   44.795   1      6.638   51.432
54976.0 56768.0  0.0   256.0  7574400.0 3753176.2 15379136.0 10681951.7 100480.0 51319.8    425   44.795   1      6.638   51.432
54976.0 56768.0  0.0   256.0  7574400.0 5528775.1 15379136.0 10681951.7 100480.0 51319.8    425   44.795   1      6.638   51.432
54976.0 56768.0  0.0   256.0  7574400.0 7270229.3 15379136.0 10681951.7 100480.0 51319.8    425   44.795   1      6.638   51.432
54976.0 52928.0 256.0   0.0   7581632.0 2136958.5 15379136.0 10682007.7 100480.0 51319.8    426   44.844   1      6.638   51.482
54976.0 52928.0 256.0   0.0   7581632.0 5152913.6 15379136.0 10682007.7 100480.0 51320.8    426   44.844   1      6.638   51.482
56896.0 33664.0  0.0   33611.5 7581632.0 6117761.0 15379136.0 10767596.6 100480.0 51320.8    427   44.903   1      6.638   51.541
63552.0 61888.0  0.0   61884.5 7564096.0 342430.2 15379136.0 10833828.3 100480.0 51320.8    429   45.004   1      6.638   51.642
63552.0 73024.0 256.0   0.0   7543488.0 2604438.2 15379136.0 10916265.6 100480.0 51320.8    430   45.053   1      6.638   51.691
75776.0 41024.0  0.0   40975.9 7543488.0 4832032.5 15379136.0 10916329.6 100480.0 51320.8    431   45.101   1      6.638   51.739
75776.0 73856.0 288.0   0.0   7539904.0 7267711.3 15379136.0 10957121.5 100480.0 51320.8    432   45.147   1      6.638   51.785
71360.0 75136.0 42196.9  0.0   7539264.0 1465342.0 15379136.0 10958828.3 100480.0 51320.8    434   45.242   1      6.638   51.880
72960.0 75136.0  0.0   256.0  7539264.0 3375259.4 15379136.0 11000801.2 100480.0 51320.8    435   45.287   1      6.638   51.925
72960.0 70400.0 576.0   0.0   7546176.0 5543890.0 15379136.0 11000849.2 100480.0 51320.8    436   45.333   1      6.638   51.971
77184.0 49216.0  32.0  49195.0 7546176.0 7546176.0 15379136.0 11001222.9 100480.0 51320.8    438   45.383   1      6.638   52.021
70016.0 74560.0  0.0   20630.0 7537792.0 1862300.8 15379136.0 11001980.7 100480.0 51320.8    439   45.475   1      6.638   52.113
70016.0 67712.0 640.0   0.0   7551808.0 2619058.2 15379136.0 11022438.7 100480.0 51320.8    440   45.522   1      6.638   52.160
64256.0 67712.0  0.0   20818.1 7551808.0 1689042.1 15379136.0 11022817.3 100480.0 51321.2    441   45.569   1      6.638   52.207
64256.0 67712.0  0.0   20818.1 7551808.0 4979962.6 15379136.0 11022817.3 100480.0 51321.2    441   45.569   1      6.638   52.207
64256.0 67712.0  0.0   20818.1 7551808.0 7331169.4 15379136.0 11022817.3 100480.0 51321.2    441   45.569   1      6.638   52.207
64256.0 62336.0 320.0   0.0   7562944.0 735611.8 15379136.0 11043375.4 100480.0 51321.2    442   45.614   1      6.638   52.252
64256.0 62336.0 320.0   0.0   7562944.0 735925.4 15379136.0 11043375.4 100480.0 51321.2    442   45.614   1      6.638   52.252
64256.0 62336.0 320.0   0.0   7562944.0 735949.9 15379136.0 11043375.4 100480.0 51321.2    442   45.614   1      6.638   52.252
64256.0 62336.0 320.0   0.0   7562944.0 735968.1 15379136.0 11043375.4 100480.0 51321.2    442   45.614   1      6.638   52.252
64256.0 62336.0 320.0   0.0   7562944.0 736011.3 15379136.0 11043375.4 100480.0 51321.2    442   45.614   1      6.638   52.252
64256.0 62336.0 320.0   0.0   7562944.0 736029.5 15379136.0 11043375.4 100480.0 51321.2    442   45.614   1      6.638   52.252
64256.0 62336.0 320.0   0.0   7562944.0 736049.9 15379136.0 11043375.4 100480.0 51321.2    442   45.614   1      6.638   52.252
64256.0 62336.0 320.0   0.0   7562944.0 736068.2 15379136.0 11043375.4 100480.0 51321.2    442   45.614   1      6.638   52.252
64256.0 62336.0 320.0   0.0   7562944.0 736088.5 15379136.0 11043375.4 100480.0 51321.2    442   45.614   1      6.638   52.252
64256.0 62336.0 320.0   0.0   7562944.0 736134.8 15379136.0 11043375.4 100480.0 51321.2    442   45.614   1      6.638   52.252
64256.0 62336.0 320.0   0.0   7562944.0 5671058.7 15379136.0 11043375.4 100480.0 51325.3    442   45.614   1      6.638   52.252
69440.0 65216.0 20585.8  0.0   7554880.0   0.0    15379136.0 11067823.9 100480.0 51325.3    444   45.718   1      6.638   52.356
63616.0 65216.0  0.0   256.0  7554880.0 1929500.7 15379136.0 11088317.8 100480.0 51325.3    445   45.767   1      6.638   52.405
63616.0 67968.0 40975.9  0.0   7553600.0 4252899.9 15379136.0 11088341.8 100480.0 51325.3    446   45.815   1      6.638   52.453
66240.0 67968.0  0.0   288.0  7553600.0 6468236.3 15379136.0 11129109.7 100480.0 51325.3    447   45.861   1      6.638   52.499
61632.0 64256.0  0.0   2144.2 7559040.0 984020.3 15379136.0 11129229.7 100480.0 51325.8    449   45.954   1      6.638   52.592
61632.0 59072.0 1216.1  0.0   7568832.0 2420840.7 15379136.0 11131163.6 100480.0 51327.6    450   45.999   1      6.638   52.637
65024.0 41472.0  0.0   41448.9 7568832.0 4558629.0 15379136.0 11132131.7 100480.0 51327.6    451   46.046   1      6.638   52.684
65024.0 62720.0 576.0   0.0   7561792.0 6722367.5 15379136.0 11173352.6 100480.0 51327.6    452   46.093   1      6.638   52.731
60160.0 57600.0 288.0   0.0   7571776.0 1184746.4 15379136.0 11174126.3 100480.0 51327.6    454   46.186   1      6.638   52.824
54848.0 57600.0  0.0   576.0  7571776.0 3047150.4 15379136.0 11174190.3 100480.0 51327.6    455   46.232   1      6.638   52.870
54848.0 54272.0 20950.0  0.0   7580416.0 3743485.3 15379136.0 11174564.0 100480.0 51327.6    456   46.284   1      6.638   52.922
53440.0 54272.0  0.0   20786.1 7580416.0 3137787.9 15379136.0 11195318.1 100480.0 51327.6    457   46.331   1      6.638   52.969
53440.0 54272.0  0.0   20786.1 7580416.0 5711295.2 15379136.0 11195318.1 100480.0 51327.6    457   46.331   1      6.638   52.969
53440.0 51392.0 320.0   0.0   7584704.0 667698.5 15379136.0 11215884.3 100480.0 51327.6    458   46.386   1      6.638   53.024
53440.0 51392.0 320.0   0.0   7584704.0 1634848.8 15379136.0 11215884.3 100480.0 51327.6    458   46.386   1      6.638   53.024
53440.0 51392.0 320.0   0.0   7584704.0 1635156.1 15379136.0 11215884.3 100480.0 51327.6    458   46.386   1      6.638   53.024
53440.0 51392.0 320.0   0.0   7584704.0 1635178.6 15379136.0 11215884.3 100480.0 51327.6    458   46.386   1      6.638   53.024
53440.0 51392.0 320.0   0.0   7584704.0 1635198.9 15379136.0 11215884.3 100480.0 51327.6    458   46.386   1      6.638   53.024
53440.0 51392.0 320.0   0.0   7584704.0 1635238.4 15379136.0 11215884.3 100480.0 51327.6    458   46.386   1      6.638   53.024
53440.0 51392.0 320.0   0.0   7584704.0 1635258.7 15379136.0 11215884.3 100480.0 51327.6    458   46.386   1      6.638   53.024
53440.0 51392.0 320.0   0.0   7584704.0 1635277.1 15379136.0 11215884.3 100480.0 51327.6    458   46.386   1      6.638   53.024
53440.0 51392.0 320.0   0.0   7584704.0 1635301.6 15379136.0 11215884.3 100480.0 51327.6    458   46.386   1      6.638   53.024
53440.0 51392.0 320.0   0.0   7584704.0 1635319.9 15379136.0 11215884.3 100480.0 51327.6    458   46.386   1      6.638   53.024
53440.0 51392.0 320.0   0.0   7584704.0 1635366.6 15379136.0 11215884.3 100480.0 51327.6    458   46.386   1      6.638   53.024
53440.0 51392.0 320.0   0.0   7584704.0 1635384.9 15379136.0 11215884.3 100480.0 51327.6    458   46.386   1      6.638   53.024
53440.0 51392.0 320.0   0.0   7584704.0 3878262.9 15379136.0 11215884.3 100480.0 51330.0    458   46.386   1      6.638   53.024
58368.0 40960.0  0.0   40926.0 7584704.0 4782919.6 15379136.0 11235974.4 100480.0 51330.0    459   46.444   1      6.638   53.082
58368.0 64384.0 42307.9  0.0   7560768.0 6538865.8 15379136.0 11323636.1 100480.0 51330.0    460   46.501   1      6.638   53.139
62464.0 60352.0 256.0   0.0   7566720.0 1140323.3 15379136.0 11344509.0 100480.0 51330.0    462   46.596   1      6.638   53.233
57984.0 60352.0  0.0   256.0  7566720.0 2981934.2 15379136.0 11344565.0 100480.0 51330.0    463   46.658   1      6.638   53.296
57984.0 55552.0 256.0   0.0   7576000.0 5212592.1 15379136.0 11344589.0 100480.0 51330.0    464   46.714   1      6.638   53.352
52864.0 55552.0  0.0   960.1  7576000.0 7303997.9 15379136.0 11344605.0 100480.0 51330.0    465   46.760   1      6.638   53.398
50880.0 53248.0  0.0   640.0  7583040.0 1337081.9 15379136.0 11367814.0 100480.0 51330.0    467   46.858   1      6.638   53.496
50880.0 50880.0 21349.3  0.0   7587776.0 3436993.3 15379136.0 11368194.0 100480.0 51330.0    468   46.908   1      6.638   53.546
48768.0 50880.0  0.0   864.1  7587776.0 5515851.0 15379136.0 11389335.3 100480.0 51330.0    469   46.955   1      6.638   53.593
44480.0 46656.0  0.0   256.0  7594112.0   0.0    15379136.0 11390079.4 100480.0 51330.0    471   47.057   1      6.638   53.695
44480.0 42176.0 928.1   0.0   7602880.0 1816746.0 15379136.0 11390143.4 100480.0 51330.0    472   47.103   1      6.638   53.741
43584.0 42176.0  0.0   20850.1 7602880.0 2694809.0 15379136.0 11390837.1 100480.0 51330.0    473   47.160   1      6.638   53.797
43584.0 42176.0  0.0   20850.1 7602880.0 7168855.1 15379136.0 11390837.1 100480.0 51330.0    473   47.160   1      6.638   53.797
43584.0 41664.0 288.0   0.0   7604288.0 844414.4 15379136.0 11411395.3 100480.0 51330.0    474   47.208   1      6.638   53.846
43584.0 41664.0 288.0   0.0   7604288.0 2317549.5 15379136.0 11411395.3 100480.0 51330.0    474   47.208   1      6.638   53.846
43584.0 41664.0 288.0   0.0   7604288.0 3772272.2 15379136.0 11411395.3 100480.0 51330.0    474   47.208   1      6.638   53.846
43584.0 41664.0 288.0   0.0   7604288.0 5071126.2 15379136.0 11411395.3 100480.0 51330.0    474   47.208   1      6.638   53.846
43584.0 41664.0 288.0   0.0   7604288.0 6370022.1 15379136.0 11411395.3 100480.0 51330.0    474   47.208   1      6.638   53.846
43584.0 41664.0 288.0   0.0   7604288.0 7189166.0 15379136.0 11411395.3 100480.0 51330.0    474   47.208   1      6.638   53.846
43584.0 41664.0 288.0   0.0   7604288.0 7189186.3 15379136.0 11411395.3 100480.0 51330.0    474   47.208   1      6.638   53.846
43584.0 41664.0 288.0   0.0   7604288.0 7189206.7 15379136.0 11411395.3 100480.0 51330.0    474   47.208   1      6.638   53.846
43584.0 41664.0 288.0   0.0   7604288.0 7189227.0 15379136.0 11411395.3 100480.0 51330.0    474   47.208   1      6.638   53.846
43584.0 41664.0 288.0   0.0   7604288.0 7189273.4 15379136.0 11411395.3 100480.0 51330.0    474   47.208   1      6.638   53.846
43584.0 41664.0 288.0   0.0   7604288.0 7189291.7 15379136.0 11411395.3 100480.0 51330.0    474   47.208   1      6.638   53.846
43584.0 41664.0 288.0   0.0   7604288.0 7189310.0 15379136.0 11411395.3 100480.0 51330.0    474   47.208   1      6.638   53.846
43584.0 41664.0 288.0   0.0   7604288.0 7189332.4 15379136.0 11411395.3 100480.0 51330.0    474   47.208   1      6.638   53.846
43584.0 41664.0 288.0   0.0   7604288.0 7189352.8 15379136.0 11411395.3 100480.0 51330.0    474   47.208   1      6.638   53.846
48128.0 37120.0  0.0   37110.5 7604288.0 1231563.4 15379136.0 11411459.3 100480.0 51337.3    475   47.256   1      6.638   53.894
48128.0 56448.0 41504.2  0.0   7576640.0 1238822.8 15379136.0 11578111.5 100480.0 51337.3    476   47.325   1      6.638   53.963
62208.0 41152.0  0.0   41089.4 7576640.0 2644254.1 15379136.0 11659687.5 100480.0 51337.3    477   47.381   1      6.638   54.019
62208.0 60480.0 288.0   0.0   7566848.0 4628407.8 15379136.0 11741314.2 100480.0 51337.3    478   47.441   1      6.638   54.079
58496.0 60480.0  0.0   320.0  7566848.0 6762388.1 15379136.0 11741386.2 100480.0 51337.3    479   47.505   1      6.638   54.143
53888.0 56256.0  0.0   672.0  7574784.0 1296737.7 15379136.0 11741526.2 100480.0 51337.7    481   47.599   1      6.638   54.237
53888.0 51136.0 2144.2  0.0   7584512.0 2863880.8 15379136.0 11741931.9 100480.0 51337.7    482   47.646   1      6.638   54.284
58496.0 41280.0  0.0   41268.8 7584512.0 5086803.4 15379136.0 11784568.0 100480.0 51337.7    483   47.700   1      6.638   54.338
58496.0 56128.0 960.1   0.0   7574912.0 7256011.8 15379136.0 11825596.8 100480.0 51337.9    484   47.756   1      6.638   54.394
53632.0 51648.0 320.0   0.0   7584256.0 1245273.3 15379136.0 11826986.6 100480.0 51337.9    486   47.858   1      6.638   54.496
49536.0 51648.0  0.0   288.0  7584256.0 3202324.4 15379136.0 11827050.6 100480.0 51337.9    487   47.905   1      6.638   54.543
49536.0 47232.0 640.0   0.0   7592768.0 4879307.1 15379136.0 11827114.6 100480.0 51337.9    488   47.958   1      6.638   54.596
47680.0 47232.0  0.0   20726.0 7592768.0 6180306.0 15379136.0 11827512.3 100480.0 51337.9    489   48.005   1      6.638   54.643
47680.0 45696.0 320.0   0.0   7596160.0 1268378.7 15379136.0 11847930.4 100480.0 51337.9    490   48.055   1      6.638   54.693
47680.0 45696.0 320.0   0.0   7596160.0 2553966.4 15379136.0 11847930.4 100480.0 51337.9    490   48.055   1      6.638   54.693
47680.0 45696.0 320.0   0.0   7596160.0 3564449.5 15379136.0 11847930.4 100480.0 51338.0    490   48.055   1      6.638   54.693
47680.0 45696.0 320.0   0.0   7596160.0 3564471.8 15379136.0 11847930.4 100480.0 51338.0    490   48.055   1      6.638   54.693
47680.0 45696.0 320.0   0.0   7596160.0 3564490.2 15379136.0 11847930.4 100480.0 51338.0    490   48.055   1      6.638   54.693
47680.0 45696.0 320.0   0.0   7596160.0 3564510.6 15379136.0 11847930.4 100480.0 51338.0    490   48.055   1      6.638   54.693
47680.0 45696.0 320.0   0.0   7596160.0 3564528.8 15379136.0 11847930.4 100480.0 51338.0    490   48.055   1      6.638   54.693
47680.0 45696.0 320.0   0.0   7596160.0 3564575.1 15379136.0 11847930.4 100480.0 51338.0    490   48.055   1      6.638   54.693
47680.0 45696.0 320.0   0.0   7596160.0 3564597.4 15379136.0 11847930.4 100480.0 51338.0    490   48.055   1      6.638   54.693
47680.0 45696.0 320.0   0.0   7596160.0 3564615.6 15379136.0 11847930.4 100480.0 51338.0    490   48.055   1      6.638   54.693
47680.0 45696.0 320.0   0.0   7596160.0 3564635.9 15379136.0 11847930.4 100480.0 51338.0    490   48.055   1      6.638   54.693
47680.0 45696.0 320.0   0.0   7596160.0 3564656.3 15379136.0 11847930.4 100480.0 51338.0    490   48.055   1      6.638   54.693
47680.0 45696.0 320.0   0.0   7596160.0 3564696.8 15379136.0 11847930.4 100480.0 51338.0    490   48.055   1      6.638   54.693
47680.0 45696.0 320.0   0.0   7596160.0 3564717.2 15379136.0 11847930.4 100480.0 51338.0    490   48.055   1      6.638   54.693
47680.0 45696.0 320.0   0.0   7596160.0 3564735.4 15379136.0 11847930.4 100480.0 51338.0    490   48.055   1      6.638   54.693
48512.0 44864.0  0.0   44859.2 7596160.0 1174327.0 15379136.0 11917183.2 100480.0 51341.4    491   48.118   1      6.638   54.756
48512.0 61440.0 41363.3  0.0   7566656.0 2080959.7 15379136.0 11962897.8 100480.0 51341.4    492   48.170   1      6.638   54.808
66240.0 41088.0  0.0   41075.7 7566656.0 4267779.5 15379136.0 11983317.4 100480.0 51341.4    493   48.219   1      6.638   54.857
66240.0 64512.0 256.0   0.0   7558784.0 6557475.5 15379136.0 12024225.1 100480.0 51341.4    494   48.266   1      6.638   54.904
68800.0 67008.0 320.0   0.0   7553728.0 1104827.6 15379136.0 12065073.0 100480.0 51341.4    496   48.369   1      6.638   55.007
64832.0 67008.0  0.0   640.0  7553728.0 3018542.6 15379136.0 12065145.0 100480.0 51341.4    497   48.418   1      6.638   55.056
64832.0 62080.0 2464.2  0.0   7562624.0 4349486.6 15379136.0 12065550.7 100480.0 51341.9    498   48.468   1      6.638   55.106
67712.0 42304.0  0.0   42286.7 7562624.0 6549918.7 15379136.0 12088244.1 100480.0 51341.9    499   48.519   1      6.638   55.157
70400.0 42304.0  0.0   42277.2 7556416.0 816056.1 15379136.0 12130615.0 100480.0 51341.9    501   48.619   1      6.638   55.257
70400.0 68160.0 288.0   0.0   7550976.0 2711954.9 15379136.0 12130991.1 100480.0 51342.0    502   48.669   1      6.638   55.307
65664.0 68160.0  0.0   640.0  7550976.0 4793742.5 15379136.0 12131063.1 100480.0 51342.0    503   48.715   1      6.638   55.353
65664.0 62848.0 20950.0  0.0   7561024.0 6068520.4 15379136.0 12131452.8 100480.0 51342.0    504   48.780   1      6.638   55.418
60160.0 62848.0  0.0   20818.1 7561024.0 6414222.4 15379136.0 12152178.8 100480.0 51342.0    505   48.829   1      6.638   55.467
60160.0 58368.0 320.0   0.0   7571008.0 1443015.8 15379136.0 12172721.0 100480.0 51342.0    506   48.877   1      6.638   55.515
60160.0 58368.0 320.0   0.0   7571008.0 4018469.6 15379136.0 12172721.0 100480.0 51342.0    506   48.877   1      6.638   55.515
60160.0 58368.0 320.0   0.0   7571008.0 5027594.0 15379136.0 12172721.0 100480.0 51342.0    506   48.877   1      6.638   55.515
60160.0 58368.0 320.0   0.0   7571008.0 5027614.2 15379136.0 12172721.0 100480.0 51342.0    506   48.877   1      6.638   55.515
60160.0 58368.0 320.0   0.0   7571008.0 5027658.8 15379136.0 12172721.0 100480.0 51342.0    506   48.877   1      6.638   55.515
60160.0 58368.0 320.0   0.0   7571008.0 5027674.9 15379136.0 12172721.0 100480.0 51342.0    506   48.877   1      6.638   55.515
60160.0 58368.0 320.0   0.0   7571008.0 5027697.4 15379136.0 12172721.0 100480.0 51342.0    506   48.877   1      6.638   55.515
60160.0 58368.0 320.0   0.0   7571008.0 5027713.6 15379136.0 12172721.0 100480.0 51342.0    506   48.877   1      6.638   55.515
60160.0 58368.0 320.0   0.0   7571008.0 5027738.0 15379136.0 12172721.0 100480.0 51342.0    506   48.877   1      6.638   55.515
60160.0 58368.0 320.0   0.0   7571008.0 5357238.0 15379136.0 12172721.0 100480.0 51343.4    506   48.877   1      6.638   55.515
65408.0 45312.0  0.0   45292.9 7571008.0 3737257.4 15379136.0 12295124.6 100480.0 51343.4    507   48.941   1      6.638   55.579
65408.0 69184.0 40644.0  0.0   7551168.0 5282453.3 15379136.0 12319425.6 100480.0 51343.4    508   48.990   1      6.638   55.628
67584.0 69184.0  0.0   224.0  7551168.0 7359207.3 15379136.0 12359949.6 100480.0 51343.4    509   49.038   1      6.638   55.676
69888.0 41024.0  0.0   40975.9 7556352.0 1531665.5 15379136.0 12360041.7 100480.0 51343.4    511   49.134   1      6.638   55.772
69888.0 67840.0 288.0   0.0   7551808.0 3833220.7 15379136.0 12400833.6 100480.0 51343.4    512   49.182   1      6.638   55.820
65536.0 67840.0  0.0   288.0  7551808.0 5931542.2 15379136.0 12400905.6 100480.0 51343.7    513   49.230   1      6.638   55.868
68160.0 41984.0  0.0   41968.3 7561408.0   0.0    15379136.0 12403183.5 100480.0 51343.7    515   49.327   1      6.638   55.965
68160.0 65600.0 1248.1  0.0   7555776.0 1923761.2 15379136.0 12444923.8 100480.0 51343.7    516   49.375   1      6.638   56.013
70144.0 41024.0  0.0   40972.0 7555776.0 3956212.6 15379136.0 12445923.9 100480.0 51343.7    517   49.424   1      6.638   56.062
70144.0 67840.0 288.0   0.0   7551552.0 6179552.8 15379136.0 12445987.9 100480.0 51343.7    518   49.473   1      6.638   56.110
65344.0 62592.0 608.0   0.0   7561600.0 487619.8 15379136.0 12446083.9 100480.0 51343.7    520   49.570   1      6.638   56.208
68160.0 41536.0  0.0   41512.1 7561600.0 1545974.8 15379136.0 12446457.6 100480.0 51343.7    521   49.619   1      6.638   56.256
68160.0 65600.0 288.0   0.0   7555776.0 150585.6 15379136.0 12487697.9 100480.0 51344.3    522   49.668   1      6.638   56.306
68160.0 65600.0 288.0   0.0   7555776.0 2828773.9 15379136.0 12487697.9 100480.0 51344.3    522   49.668   1      6.638   56.306
68160.0 65600.0 288.0   0.0   7555776.0 5406131.3 15379136.0 12487697.9 100480.0 51344.3    522   49.668   1      6.638   56.306
68160.0 65600.0 288.0   0.0   7555776.0 6402764.6 15379136.0 12487697.9 100480.0 51344.3    522   49.668   1      6.638   56.306
68160.0 65600.0 288.0   0.0   7555776.0 6403233.7 15379136.0 12487697.9 100480.0 51344.3    522   49.668   1      6.638   56.306
68160.0 65600.0 288.0   0.0   7555776.0 6403254.1 15379136.0 12487697.9 100480.0 51344.3    522   49.668   1      6.638   56.306
68160.0 65600.0 288.0   0.0   7555776.0 6403276.4 15379136.0 12487697.9 100480.0 51344.3    522   49.668   1      6.638   56.306
68160.0 65600.0 288.0   0.0   7555776.0 6403318.1 15379136.0 12487697.9 100480.0 51344.3    522   49.668   1      6.638   56.306
68160.0 65600.0 288.0   0.0   7555776.0 6403338.4 15379136.0 12487697.9 100480.0 51344.3    522   49.668   1      6.638   56.306
68160.0 65600.0 288.0   0.0   7555776.0 6403356.6 15379136.0 12487697.9 100480.0 51344.3    522   49.668   1      6.638   56.306
68160.0 65600.0 288.0   0.0   7555776.0 7260839.9 15379136.0 12487697.9 100480.0 51346.6    522   49.668   1      6.638   56.306
68224.0 65536.0  0.0   65499.2 7555776.0 2215945.1 15379136.0 12568793.8 100480.0 51346.6    523   49.731   1      6.638   56.368
68224.0 76672.0 192.0   0.0   7536192.0 3895477.2 15379136.0 12634120.9 100480.0 51346.6    524   49.785   1      6.638   56.423
73664.0 76672.0  0.0   256.0  7536192.0 6175921.2 15379136.0 12634136.9 100480.0 51346.6    525   49.834   1      6.638   56.472
67264.0 70528.0  0.0   320.0  7545344.0 858790.5 15379136.0 12634253.0 100480.0 51346.6    527   49.931   1      6.638   56.569
67264.0 63936.0 320.0   0.0   7558336.0 2903046.8 15379136.0 12634333.0 100480.0 51346.6    528   49.979   1      6.638   56.617
72640.0 49216.0  0.0   49167.9 7558336.0 4841468.8 15379136.0 12634413.0 100480.0 51346.8    529   50.031   1      6.638   56.669
72640.0 69120.0 2464.2  0.0   7547776.0 7229222.7 15379136.0 12675204.9 100480.0 51347.0    530   50.081   1      6.638   56.719
64576.0 61568.0 896.1   0.0   7563392.0 1156138.6 15379136.0 12677514.8 100480.0 51347.0    532   50.179   1      6.638   56.817
59840.0 61568.0  0.0   20818.1 7563392.0 3118550.9 15379136.0 12678213.4 100480.0 51347.0    533   50.227   1      6.638   56.865
59840.0 57344.0 256.0   0.0   7572352.0 5378942.1 15379136.0 12698763.5 100480.0 51347.0    534   50.276   1      6.638   56.914
54720.0 57344.0  0.0   288.0  7572352.0 4500517.1 15379136.0 12698811.5 100480.0 51347.0    535   50.324   1      6.638   56.962
54720.0 57344.0  0.0   288.0  7572352.0 5793530.8 15379136.0 12698811.5 100480.0 51347.0    535   50.324   1      6.638   56.962
54720.0 57344.0  0.0   288.0  7572352.0 6607868.9 15379136.0 12698811.5 100480.0 51347.0    535   50.324   1      6.638   56.962
54720.0 57344.0  0.0   288.0  7572352.0 7339242.0 15379136.0 12698811.5 100480.0 51347.0    535   50.324   1      6.638   56.962
54720.0 54080.0 20726.0  0.0   7580736.0 1025739.3 15379136.0 12698867.5 100480.0 51347.0    536   50.373   1      6.638   57.011
54720.0 54080.0 20726.0  0.0   7580736.0 2316659.5 15379136.0 12698867.5 100480.0 51347.0    536   50.373   1      6.638   57.011
54720.0 54080.0 20726.0  0.0   7580736.0 3607626.6 15379136.0 12698867.5 100480.0 51347.0    536   50.373   1      6.638   57.011
54720.0 54080.0 20726.0  0.0   7580736.0 3945493.8 15379136.0 12698867.5 100480.0 51347.0    536   50.373   1      6.638   57.011
54720.0 54080.0 20726.0  0.0   7580736.0 3945514.1 15379136.0 12698867.5 100480.0 51347.0    536   50.373   1      6.638   57.011
54720.0 54080.0 20726.0  0.0   7580736.0 3945532.5 15379136.0 12698867.5 100480.0 51347.0    536   50.373   1      6.638   57.011
54720.0 54080.0 20726.0  0.0   7580736.0 3945552.8 15379136.0 12698867.5 100480.0 51347.0    536   50.373   1      6.638   57.011
54720.0 54080.0  0.0   54069.4 7580736.0 344377.9 15379136.0 12767360.8 100480.0 51347.1    537   50.433   1      6.638   57.071
54720.0 54080.0  32.0  54069.4 7580736.0 7580736.0 15379136.0 12767823.0 100480.0 51347.1    538   50.433   1      6.638   57.071
90304.0 90816.0  0.0   41107.7 7507904.0 1381105.3 15379136.0 13110501.6 100480.0 51347.1    539   50.589   1      6.638   57.227
90304.0 88320.0 288.0   0.0   7510912.0 3029493.6 15379136.0 13130999.5 100480.0 51347.1    540   50.638   1      6.638   57.276
85824.0 88320.0  0.0   288.0  7510912.0 5176135.5 15379136.0 13131055.5 100480.0 51347.1    541   50.688   1      6.638   57.326
85824.0 82944.0 256.0   32.0  7520768.0 7520768.0 15379136.0 13131111.5 100480.0 51347.1    543   50.747   1      6.638   57.385
79808.0 76032.0 2784.2  0.0   7533696.0 1483877.8 15379136.0 13131207.5 100480.0 51347.1    544   50.849   1      6.638   57.487
87168.0 62336.0  0.0   62323.9 7533696.0 3504407.9 15379136.0 13133774.3 100480.0 51347.1    545   50.900   1      6.638   57.538
87168.0 83968.0 320.0   0.0   7518400.0 5501196.2 15379136.0 13195918.4 100480.0 51347.1    546   50.951   1      6.638   57.589
86208.0 83968.0  32.0  42188.1 7518400.0 7518400.0 15379136.0 13195990.4 100480.0 51347.1    548   51.005   1      6.638   57.643
77312.0 79680.0  0.0   224.0  7523648.0 1793466.6 15379136.0 13217710.2 100480.0 51347.1    549   51.108   1      6.638   57.746
77312.0 74560.0 576.0   0.0   7537664.0 3436639.5 15379136.0 13217758.2 100480.0 51347.1    550   51.158   1      6.638   57.796
70208.0 74560.0  0.0   20786.1 7537664.0 4695536.5 15379136.0 13218123.9 100480.0 51347.1    551   51.212   1      6.638   57.850
70208.0 67840.0 256.0   0.0   7551488.0 2505898.9 15379136.0 13238666.0 100480.0 51347.1    552   51.261   1      6.638   57.899
70208.0 67840.0 256.0   0.0   7551488.0 4566544.5 15379136.0 13238666.0 100480.0 51347.1    552   51.261   1      6.638   57.899
70208.0 67840.0 256.0   0.0   7551488.0 5863737.6 15379136.0 13238666.0 100480.0 51347.1    552   51.261   1      6.638   57.899
70208.0 67840.0 256.0   0.0   7551488.0 6002796.3 15379136.0 13238666.0 100480.0 51347.1    552   51.261   1      6.638   57.899
70208.0 67840.0 256.0   0.0   7551488.0 6002816.7 15379136.0 13238666.0 100480.0 51347.1    552   51.261   1      6.638   57.899
70208.0 67840.0 256.0   0.0   7551488.0 6002838.9 15379136.0 13238666.0 100480.0 51347.1    552   51.261   1      6.638   57.899
70208.0 67840.0 256.0   0.0   7551488.0 6002857.1 15379136.0 13238666.0 100480.0 51347.1    552   51.261   1      6.638   57.899
70208.0 67840.0 256.0   0.0   7551488.0 6002901.8 15379136.0 13238666.0 100480.0 51347.1    552   51.261   1      6.638   57.899
70208.0 67840.0 256.0   0.0   7551488.0 6002922.1 15379136.0 13238666.0 100480.0 51347.1    552   51.261   1      6.638   57.899
70208.0 67840.0 256.0   0.0   7551488.0 6002944.4 15379136.0 13238666.0 100480.0 51347.1    552   51.261   1      6.638   57.899
70208.0 67840.0 256.0   0.0   7551488.0 6002960.7 15379136.0 13238666.0 100480.0 51347.1    552   51.261   1      6.638   57.899
70208.0 67840.0 256.0   0.0   7551488.0 6002983.0 15379136.0 13238666.0 100480.0 51347.1    552   51.261   1      6.638   57.899
70208.0 67840.0 256.0   0.0   7551488.0 6003025.3 15379136.0 13238666.0 100480.0 51347.1    552   51.261   1      6.638   57.899
70208.0 67840.0 256.0   0.0   7551488.0 6100861.1 15379136.0 13238666.0 100480.0 51347.1    552   51.261   1      6.638   57.899
70656.0 37312.0  0.0   37280.5 7551488.0 5618767.9 15379136.0 13238722.0 100480.0 51351.1    553   51.312   1      6.638   57.950
70656.0 79808.0 56783.0  0.0   7529920.0 7024609.5 15379136.0 13263717.2 100480.0 51351.2    554   51.364   1      6.638   58.002
88960.0 86976.0 256.0   0.0   7513600.0 1418289.3 15379136.0 13406839.6 100480.0 51351.2    556   51.478   1      6.638   58.116
84480.0 86976.0  0.0   256.0  7513600.0 3747657.7 15379136.0 13406879.6 100480.0 51351.2    557   51.527   1      6.638   58.165
84480.0 81664.0 288.0   0.0   7523392.0 6039168.3 15379136.0 13406943.6 100480.0 51351.2    558   51.576   1      6.638   58.214
78400.0 81536.0 42159.1  0.0   7526464.0 150692.7 15379136.0 13407713.4 100480.0 51351.2    560   51.681   1      6.638   58.319
78656.0 81536.0  0.0   256.0  7526464.0 2050748.6 15379136.0 13449668.6 100480.0 51351.2    561   51.743   1      6.638   58.381
78656.0 81408.0 41647.9  0.0   7526720.0 4287197.4 15379136.0 13449724.6 100480.0 51351.2    562   51.796   1      6.638   58.434
77312.0 81408.0  0.0   25472.1 7526720.0 6314741.9 15379136.0 13491159.1 100480.0 51351.2    563   51.847   1      6.638   58.485
72512.0 75072.0  0.0   288.0  7537152.0 825342.9 15379136.0 13491903.1 100480.0 51351.2    565   51.947   1      6.638   58.585
72512.0 69632.0 992.1   0.0   7547392.0 2509358.1 15379136.0 13491959.1 100480.0 51351.5    566   51.999   1      6.638   58.637
73856.0 41216.0  0.0   41192.1 7547392.0 4321830.1 15379136.0 13492628.9 100480.0 51351.5    567   52.051   1      6.638   58.689
73856.0 71168.0 352.0   0.0   7544512.0 2646390.1 15379136.0 13533569.0 100480.0 51351.5    568   52.113   1      6.638   58.751
73856.0 71168.0 352.0   0.0   7544512.0 5179768.5 15379136.0 13533569.0 100480.0 51351.5    568   52.113   1      6.638   58.751
68352.0 71168.0  0.0   320.0  7544512.0 125413.2 15379136.0 13533633.0 100480.0 51351.5    569   52.162   1      6.638   58.800
68352.0 71168.0  0.0   320.0  7544512.0 623295.1 15379136.0 13533633.0 100480.0 51351.5    569   52.162   1      6.638   58.800
68352.0 71168.0  0.0   320.0  7544512.0 623315.4 15379136.0 13533633.0 100480.0 51351.5    569   52.162   1      6.638   58.800
68352.0 71168.0  0.0   320.0  7544512.0 623335.7 15379136.0 13533633.0 100480.0 51351.5    569   52.162   1      6.638   58.800
68352.0 71168.0  0.0   320.0  7544512.0 623380.8 15379136.0 13533633.0 100480.0 51351.5    569   52.162   1      6.638   58.800
68352.0 71168.0  0.0   320.0  7544512.0 623399.1 15379136.0 13533633.0 100480.0 51351.5    569   52.162   1      6.638   58.800
68352.0 71168.0  0.0   320.0  7544512.0 623419.3 15379136.0 13533633.0 100480.0 51351.5    569   52.162   1      6.638   58.800
68352.0 71168.0  0.0   320.0  7544512.0 623437.6 15379136.0 13533633.0 100480.0 51351.5    569   52.162   1      6.638   58.800
68352.0 71168.0  0.0   320.0  7544512.0 623460.0 15379136.0 13533633.0 100480.0 51351.5    569   52.162   1      6.638   58.800
68352.0 71168.0  0.0   320.0  7544512.0 7045831.2 15379136.0 13533633.0 100480.0 51351.9    569   52.162   1      6.638   58.800
78848.0 81792.0  0.0   192.0  7525952.0 410898.8 15379136.0 13762025.2 100480.0 51351.9    571   52.286   1      6.638   58.924
78848.0 81728.0 41888.6  0.0   7526080.0 1995395.1 15379136.0 13762057.2 100480.0 51351.9    572   52.341   1      6.638   58.979
83328.0 41024.0  0.0   40975.9 7526080.0 3856670.4 15379136.0 13803701.9 100480.0 51351.9    573   52.396   1      6.638   59.034
83328.0 80896.0 256.0   0.0   7525312.0 5788081.9 15379136.0 13844485.8 100480.0 51351.9    574   52.447   1      6.638   59.085
78144.0 74944.0 1280.1  0.0   7536448.0 338878.5 15379136.0 13844565.8 100480.0 51351.9    576   52.551   1      6.638   59.189
71296.0 74944.0  0.0   22245.4 7536448.0 1996997.0 15379136.0 13845579.6 100480.0 51352.1    577   52.602   1      6.638   59.240
71296.0 67520.0 21283.7  0.0   7550720.0 3953550.3 15379136.0 13867649.0 100480.0 51352.1    578   52.652   1      6.638   59.290
64640.0 67520.0  0.0   4672.0 7550720.0 6059693.6 15379136.0 13888704.7 100480.0 51352.1    579   52.702   1      6.638   59.340
60096.0 62464.0  0.0   21014.0 7562432.0 461811.6 15379136.0 13889096.8 100480.0 51352.1    581   52.804   1      6.638   59.442
60096.0 58048.0 640.0   0.0   7571392.0 2290661.5 15379136.0 13909856.5 100480.0 51352.1    582   52.856   1      6.638   59.494
56256.0 58048.0  0.0   20818.1 7571392.0 3122299.5 15379136.0 13910224.6 100480.0 51352.1    583   52.910   1      6.638   59.548
56256.0 54464.0 352.0   0.0   7578816.0 1091434.4 15379136.0 13930770.7 100480.0 51352.1    584   52.962   1      6.638   59.600
56256.0 54464.0 352.0   0.0   7578816.0 3906745.0 15379136.0 13930770.7 100480.0 51352.1    584   52.962   1      6.638   59.600
56256.0 54464.0 352.0   0.0   7578816.0 5755526.6 15379136.0 13930770.7 100480.0 51352.1    584   52.962   1      6.638   59.600
56256.0 54464.0 352.0   0.0   7578816.0 6324684.0 15379136.0 13930770.7 100480.0 51352.1    584   52.962   1      6.638   59.600
56256.0 54464.0 352.0  192.0  7578816.0 7578816.0 15379136.0 13930770.7 100480.0 51352.1    585   52.962   1      6.638   59.600
61184.0 42304.0  0.0   42283.4 7578816.0 2353599.5 15379136.0 13930834.7 100480.0 51352.1    585   53.013   1      6.638   59.651
61184.0 42304.0  0.0   42283.4 7578816.0 4877176.4 15379136.0 13930834.7 100480.0 51352.1    585   53.013   1      6.638   59.651
61184.0 42304.0  0.0   42283.4 7578816.0 7421367.0 15379136.0 13930834.7 100480.0 51352.1    585   53.013   1      6.638   59.651
61184.0 42304.0  0.0   42283.4 7578816.0 7442211.7 15379136.0 13930834.7 100480.0 51352.1    585   53.013   1      6.638   59.651
61184.0 42304.0  0.0   42283.4 7578816.0 7442234.0 15379136.0 13930834.7 100480.0 51352.1    585   53.013   1      6.638   59.651
61184.0 42304.0  0.0   42283.4 7578816.0 7442252.4 15379136.0 13930834.7 100480.0 51352.1    585   53.013   1      6.638   59.651
61184.0 59200.0 704.2   0.0   7569152.0 4499203.3 15379136.0 13930924.4 100480.0 51352.1    586   53.063   1      6.638   59.701
66240.0 45440.0  0.0   45425.4 7569152.0 5722707.9 15379136.0 14013502.5 100480.0 51352.7    587   53.127   1      6.638   59.765
61184.0 62656.0  0.0   256.0  7560640.0 235687.6 15379136.0 14079186.4 100480.0 51352.7    589   53.232   1      6.638   59.869
61184.0 58496.0 20968.8  0.0   7569856.0 1974553.3 15379136.0 14079234.4 100480.0 51352.7    590   53.282   1      6.638   59.920
63296.0 41024.0  0.0   41007.9 7569856.0 3965508.2 15379136.0 14120788.1 100480.0 51352.7    591   53.337   1      6.638   59.975
63296.0 62080.0 224.0   0.0   7564160.0 5962300.3 15379136.0 14161572.0 100480.0 51358.7    592   53.387   1      6.638   60.025
60032.0 57408.0 20741.2  0.0   7572096.0 311529.5 15379136.0 14164482.0 100480.0 51358.7    594   53.489   1      6.638   60.127
62720.0 41664.0  0.0   41639.3 7572096.0 2362305.7 15379136.0 14185051.3 100480.0 51358.7    595   53.542   1      6.638   60.180
62720.0 61440.0 288.0   0.0   7565376.0 4532772.0 15379136.0 14205807.0 100480.0 51358.7    596   53.592   1      6.638   60.230
66368.0 42304.0  0.0   42245.2 7565376.0 6369171.8 15379136.0 14205855.0 100480.0 51358.7    597   53.643   1      6.638   60.281
63040.0 64960.0  0.0   960.1  7558208.0 605463.4 15379136.0 14206308.7 100480.0 51358.7    599   53.744   1      6.638   60.382
63040.0 67712.0 41192.1  0.0   7554112.0 98390.6  15379136.0 14206986.4 100480.0 51358.7    600   53.795   1      6.638   60.433
63040.0 67712.0 41192.1  0.0   7554112.0 5836356.0 15379136.0 14206986.4 100480.0 51358.7    600   53.795   1      6.638   60.433
65856.0 67712.0  0.0   320.0  7554112.0 803224.4 15379136.0 14247926.6 100480.0 51358.7    601   53.849   1      6.638   60.487
65856.0 67712.0  0.0   320.0  7554112.0 3303048.3 15379136.0 14247926.6 100480.0 51358.7    601   53.849   1      6.638   60.487
65856.0 67712.0  0.0   320.0  7554112.0 3958103.0 15379136.0 14247926.6 100480.0 51358.7    601   53.849   1      6.638   60.487
65856.0 67712.0  0.0   320.0  7554112.0 3958123.2 15379136.0 14247926.6 100480.0 51358.7    601   53.849   1      6.638   60.487
65856.0 67712.0  0.0   320.0  7554112.0 3958166.1 15379136.0 14247926.6 100480.0 51358.7    601   53.849   1      6.638   60.487
65856.0 67712.0  0.0   320.0  7554112.0 3958184.4 15379136.0 14247926.6 100480.0 51358.7    601   53.849   1      6.638   60.487
65856.0 67712.0  0.0   320.0  7554112.0 3958202.8 15379136.0 14247926.6 100480.0 51358.7    601   53.849   1      6.638   60.487
65856.0 67712.0  0.0   320.0  7554112.0 3958223.1 15379136.0 14247926.6 100480.0 51358.7    601   53.849   1      6.638   60.487
65856.0 67712.0  0.0   320.0  7554112.0 3958245.5 15379136.0 14247926.6 100480.0 51358.7    601   53.849   1      6.638   60.487
65856.0 67712.0  0.0   320.0  7554112.0 3958293.0 15379136.0 14247926.6 100480.0 51358.7    601   53.849   1      6.638   60.487
65856.0 67712.0  0.0   320.0  7554112.0 5288319.8 15379136.0 14247926.6 100480.0 51393.3    601   53.849   1      6.638   60.487
65856.0 63296.0 2496.5  0.0   7560384.0 7449867.3 15379136.0 14247998.6 100480.0 51393.3    602   53.901   1      6.638   60.539
61056.0 58624.0 288.0   0.0   7569856.0 1657008.5 15379136.0 14250364.8 100480.0 51393.3    604   54.003   1      6.638   60.641
56064.0 58624.0  0.0   256.0  7569856.0 3885205.1 15379136.0 14250404.8 100480.0 51393.3    605   54.053   1      6.638   60.691
56064.0 53440.0 256.0   0.0   7580032.0 5860679.4 15379136.0 14250452.8 100480.0 51393.3    606   54.104   1      6.638   60.742
50752.0 48064.0 256.0   0.0   7590720.0 152921.5 15379136.0 14250556.8 100480.0 51393.3    608   54.208   1      6.638   60.846
45248.0 48064.0  0.0   1312.2 7590720.0 1871997.2 15379136.0 14250612.8 100480.0 51393.3    609   54.259   1      6.638   60.897
45248.0 42624.0 768.1   0.0   7601664.0 3995136.6 15379136.0 14251711.6 100480.0 51393.3    610   54.309   1      6.638   60.947
40128.0 42624.0  0.0   320.0  7601664.0 6305586.3 15379136.0 14252207.7 100480.0 51393.3    611   54.359   1      6.638   60.997
35456.0 37760.0  0.0   288.0  7611648.0 737663.7 15379136.0 14252319.7 100480.0 51393.3    613   54.465   1      6.638   61.103
35456.0 33216.0 256.0   0.0   7620864.0 2779616.0 15379136.0 14252391.7 100480.0 51393.3    614   54.516   1      6.638   61.154
31104.0 33216.0  0.0   256.0  7620864.0 1234866.1 15379136.0 14252447.7 100480.0 51393.3    615   54.568   1      6.638   61.206
31104.0 33216.0  0.0   256.0  7620864.0 1234923.9 15379136.0 14252447.7 100480.0 51393.3    615   54.568   1      6.638   61.206
31104.0 33216.0  0.0   256.0  7620864.0 1234942.1 15379136.0 14252447.7 100480.0 51393.3    615   54.568   1      6.638   61.206
31104.0 33216.0  0.0   256.0  7620864.0 1234995.4 15379136.0 14252447.7 100480.0 51393.3    615   54.568   1      6.638   61.206
31104.0 33216.0  0.0   256.0  7620864.0 1235013.7 15379136.0 14252447.7 100480.0 51393.3    615   54.568   1      6.638   61.206
31104.0 33216.0  0.0   256.0  7620864.0 1235033.9 15379136.0 14252447.7 100480.0 51393.3    615   54.568   1      6.638   61.206
31104.0 33216.0  0.0   256.0  7620864.0 1235054.2 15379136.0 14252447.7 100480.0 51393.3    615   54.568   1      6.638   61.206
31104.0 33216.0  0.0   256.0  7620864.0 1235074.6 15379136.0 14252447.7 100480.0 51393.3    615   54.568   1      6.638   61.206
31104.0 33216.0  0.0   256.0  7620864.0 1235121.2 15379136.0 14252447.7 100480.0 51393.3    615   54.568   1      6.638   61.206
31104.0 33216.0  0.0   256.0  7620864.0 1235141.5 15379136.0 14252447.7 100480.0 51393.3    615   54.568   1      6.638   61.206
31104.0 33216.0  0.0   256.0  7620864.0 1235157.8 15379136.0 14252447.7 100480.0 51393.3    615   54.568   1      6.638   61.206
31104.0 33216.0  0.0   256.0  7620864.0 1235178.1 15379136.0 14252447.7 100480.0 51393.3    615   54.568   1      6.638   61.206
31104.0 33216.0  0.0   256.0  7620864.0 1501933.6 15379136.0 14252447.7 100480.0 51494.3    615   54.568   1      6.638   61.206
