 S0C    S1C    S0U    S1U      EC       EU        OC         OU       PC     PU    YGC     YGCT    FGC    FGCT     GCT   
961152.0 961152.0  0.0    0.0   5767232.0 115344.7 15379136.0    0.0     21248.0 2530.2      0    0.000   0      0.000    0.000
961152.0 961152.0  0.0    0.0   5767232.0 115344.7 15379136.0    0.0     21248.0 9816.4      0    0.000   0      0.000    0.000
961152.0 961152.0  0.0    0.0   5767232.0 346034.1 15379136.0    0.0     21248.0 15689.5      0    0.000   0      0.000    0.000
961152.0 961152.0  0.0    0.0   5767232.0 3806828.4 15379136.0    0.0     30080.0 29900.1      0    0.000   0      0.000    0.000
961152.0 961152.0  0.0    0.0   5767232.0 5537350.8 15379136.0    0.0     39872.0 39783.6      0    0.000   0      0.000    0.000
961152.0 961152.0  0.0   74217.3 5767232.0 1230745.4 15379136.0    0.0     48128.0 48060.3      1    0.050   0      0.000    0.050
961152.0 961152.0  0.0   74217.3 5767232.0 5464038.0 15379136.0    0.0     48128.0 48113.4      1    0.050   0      0.000    0.050
961152.0 961152.0 95326.8  0.0   5767232.0 3259968.2 15379136.0    0.0     48320.0 48133.0      2    0.152   0      0.000    0.152
961152.0 961152.0  0.0   152799.1 5767232.0 1879727.6 15379136.0    0.0     48320.0 48149.6      3    0.296   0      0.000    0.296
961152.0 961152.0  0.0   152799.1 5767232.0 5682186.8 15379136.0    0.0     48320.0 48165.6      3    0.296   0      0.000    0.296
961152.0 961152.0 198255.1  0.0   5767232.0 4239190.4 15379136.0    0.0     48320.0 48167.4      4    0.479   0      0.000    0.479
308544.0 961152.0  0.0   283071.1 5767232.0 3053695.6 15379136.0    0.0     48320.0 48168.9      5    0.721   0      0.000    0.721
308544.0 377856.0 308527.1  0.0   6933824.0 1591949.7 15379136.0  17200.0   48320.0 48169.9      6    1.021   0      0.000    1.021
308544.0 377856.0 308527.1  0.0   6933824.0 6399848.1 15379136.0  17200.0   48320.0 48248.9      6    1.021   0      0.000    1.021
399680.0 283840.0  0.0   283808.2 6933824.0 4165810.3 15379136.0  91972.4   48320.0 48250.0      7    1.339   0      0.000    1.339
399680.0 416192.0 293120.2  0.0   6857152.0 1256658.0 15379136.0  173980.4  48320.0 48250.2      8    1.628   0      0.000    1.628
399680.0 416192.0 293120.2  0.0   6857152.0 5427104.6 15379136.0  173980.4  48320.0 48258.3      8    1.628   0      0.000    1.628
408896.0 416192.0  0.0   249312.2 6857152.0 5141203.0 15379136.0  277372.5  48512.0 48358.4      9    1.907   0      0.000    1.907
408896.0 399424.0 158133.3  0.0   6881216.0 6099069.2 15379136.0  459372.6  48512.0 48387.9     10    2.195   0      0.000    2.195
412800.0 423040.0 256.0   0.0   6843456.0 721397.8 15379136.0  648327.5  48512.0 48389.2     12    2.470   0      0.000    2.470
427136.0 256.0   0.0   256.0  6843456.0 3426176.2 15379136.0  648375.5  48512.0 48389.8     13    2.474   0      0.000    2.474
427136.0 426176.0 320.0   0.0   6836224.0 6040209.8 15379136.0  648407.5  48512.0 48390.3     14    2.479   0      0.000    2.479
421120.0 412800.0 320.0   0.0   6855616.0 2057299.9 15379136.0  648463.5  48512.0 48390.8     16    2.488   0      0.000    2.488
401472.0 412800.0  0.0   3232.2 6855616.0 4593515.4 15379136.0  648511.5  48512.0 48477.1     17    2.496   0      0.000    2.496
401472.0 385408.0 20192.4  0.0   6902656.0 3458381.9 15379136.0  651021.4  48512.0 48501.7     18    2.534   0      0.000    2.534
361920.0 385408.0  0.0   60544.3 6902656.0 91948.5  15379136.0  667237.7  48512.0 48502.2     19    2.633   0      0.000    2.633
361920.0 385408.0  0.0   60544.3 6902656.0 4480092.7 15379136.0  667237.7  48512.0 48503.9     19    2.633   0      0.000    2.633
361920.0 337600.0 73696.1  0.0   6990016.0 2054357.2 15379136.0  717517.8  48512.0 48504.3     20    2.799   0      0.000    2.799
361920.0 337600.0 73696.1  0.0   6990016.0 6751262.8 15379136.0  717517.8  48512.0 48504.5     20    2.799   0      0.000    2.799
313472.0 337600.0  0.0   84288.1 6990016.0 4941255.2 15379136.0  778917.9  48512.0 48504.6     21    2.961   0      0.000    2.961
313472.0 296448.0 56288.0  0.0   7079616.0 2598359.0 15379136.0  863254.0  48512.0 48505.0     22    3.163   0      0.000    3.163
313472.0 296448.0 56288.0 87392.1 7079616.0 7079616.0 15379136.0  909662.0  48512.0 48505.0     23    3.163   0      0.000    3.163
278400.0 296448.0  0.0   93536.1 7079616.0 4859559.5 15379136.0  919550.0  48512.0 48505.0     23    3.586   0      0.000    3.586
278400.0 267968.0 109686.4  0.0   7143168.0 3886519.1 15379136.0 1013134.1  48512.0 48505.4     24    3.799   0      0.000    3.799
255104.0 267968.0 54611.9 58184.7 7143168.0 7143168.0 15379136.0 1161283.6  48512.0 48507.0     26    4.033   0      0.000    4.033
238976.0 242944.0  0.0   11483.8 7191488.0 1850800.3 15379136.0 1221297.8  48512.0 48508.4     27    4.242   0      0.000    4.242
238976.0 235392.0 320.0   0.0   7215168.0 4074057.5 15379136.0 1243745.4  48512.0 48509.1     28    4.282   0      0.000    4.282
230144.0 235392.0  0.0   256.0  7215168.0 6125882.8 15379136.0 1243817.4  48512.0 48509.9     29    4.300   0      0.000    4.300
216064.0 223616.0  0.0   224.0  7235776.0 1116893.8 15379136.0 1243929.4  48512.0 48511.3     31    4.335   0      0.000    4.335
216064.0 223616.0  0.0   224.0  7235776.0 5423795.2 15379136.0 1243929.4  48704.0 48515.0     31    4.335   0      0.000    4.335
216064.0 223616.0  0.0   224.0  7235776.0 5503441.2 15379136.0 1243929.4  49088.0 48769.1     31    4.335   0      0.000    4.335
216064.0 224896.0 118491.5  0.0   7239744.0 4875605.1 15379136.0 1243985.4  49280.0 49130.9     32    4.371   0      0.000    4.371
240576.0 209216.0  0.0   209208.4 7239744.0 2485761.7 15379136.0 1329405.3  49280.0 49144.9     33    4.457   0      0.000    4.457
240576.0 257472.0 320.0   0.0   7174592.0 1884667.5 15379136.0 1440689.6  49280.0 49231.2     34    4.507   0      0.000    4.507
244352.0 257472.0  0.0   81322.3 7174592.0 1952169.7 15379136.0 1440789.6  49280.0 49244.9     35    4.540   0      0.000    4.540
244352.0 242048.0 108201.3  0.0   7203136.0 2299377.4 15379136.0 1521868.0  49280.0 49246.6     36    4.593   0      0.000    4.593
226752.0 242048.0  0.0   75424.9 7203136.0 3006108.5 15379136.0 1564388.0  49280.0 49251.8     37    4.632   0      0.000    4.632
226752.0 212672.0 62246.9  0.0   7250112.0 4586888.9 15379136.0 1639621.0  49280.0 49252.7     38    4.682   0      0.000    4.682
199936.0 212672.0  0.0   74156.3 7250112.0 5679174.9 15379136.0 1722068.6  49280.0 49252.8     39    4.734   0      0.000    4.734
199936.0 188416.0 62143.5  0.0   7301184.0 6490731.0 15379136.0 1763193.0  49280.0 49253.4     40    4.773   0      0.000    4.773
188288.0 186176.0 90828.0  0.0   7315072.0 757643.7 15379136.0 1804544.6  49280.0 49258.0     42    4.833   0      0.000    4.833
176064.0 186176.0  0.0   53742.0 7315072.0 740897.3 15379136.0 1821722.5  49280.0 49261.8     43    4.868   0      0.000    4.868
176064.0 173056.0 16672.0  0.0   7340416.0   0.0    15379136.0 1822090.5  49280.0 49265.1     44    4.907   0      0.000    4.907
176064.0 173056.0 16672.0  0.0   7340416.0 4158601.8 15379136.0 1822090.5  49280.0 49265.1     44    4.907   0      0.000    4.907
176064.0 173056.0 16672.0  0.0   7340416.0 5159354.5 15379136.0 1822090.5  49280.0 49265.6     44    4.907   0      0.000    4.907
176064.0 173056.0 16672.0  0.0   7340416.0 5161000.5 15379136.0 1822090.5  49280.0 49266.0     44    4.907   0      0.000    4.907
176064.0 173056.0 16672.0  0.0   7340416.0 5161008.8 15379136.0 1822090.5  49280.0 49266.2     44    4.907   0      0.000    4.907
176064.0 173056.0 16672.0  0.0   7340416.0 5163648.9 15379136.0 1822090.5  49280.0 49266.2     44    4.907   0      0.000    4.907
176064.0 173056.0 16672.0  0.0   7340416.0 5166545.9 15379136.0 1822090.5  49280.0 49266.2     44    4.907   0      0.000    4.907
176064.0 173056.0 16672.0  0.0   7340416.0 5166556.1 15379136.0 1822090.5  49280.0 49266.4     44    4.907   0      0.000    4.907
176064.0 173056.0 16672.0  0.0   7340416.0 5166566.4 15379136.0 1822090.5  49280.0 49266.4     44    4.907   0      0.000    4.907
176064.0 173056.0 16672.0  0.0   7340416.0 5166576.9 15379136.0 1822090.5  49280.0 49266.6     44    4.907   0      0.000    4.907
176064.0 173056.0 16672.0  0.0   7340416.0 5166606.8 15379136.0 1822090.5  49280.0 49266.8     44    4.907   0      0.000    4.907
176064.0 173056.0 16672.0  0.0   7340416.0 5241489.8 15379136.0 1822090.5  49280.0 49272.8     44    4.907   0      0.000    4.907
176064.0 173056.0 16672.0  0.0   7340416.0 5241500.1 15379136.0 1822090.5  49280.0 49272.8     44    4.907   0      0.000    4.907
176064.0 173056.0 16672.0  0.0   7340416.0 5241508.3 15379136.0 1822090.5  49280.0 49273.4     44    4.907   0      0.000    4.907
176064.0 173056.0 16672.0  0.0   7340416.0 5241518.5 15379136.0 1822090.5  49280.0 49273.4     44    4.907   0      0.000    4.907
194816.0 149120.0  0.0   149091.9 7340416.0 944256.3 15379136.0 1838558.6  49664.0 49590.4     45    4.952   0      0.000    4.952
194816.0 149120.0  0.0   149091.9 7340416.0 6940612.3 15379136.0 1838558.6  49664.0 49591.2     45    4.952   0      0.000    4.952
194816.0 228736.0 194330.9  0.0   7232064.0 5459981.4 15379136.0 1879006.4  49664.0 49591.7     46    5.026   0      0.000    5.026
251392.0 182272.0  0.0   182249.2 7232064.0 5571761.5 15379136.0 2026111.6  49664.0 49591.9     47    5.143   0      0.000    5.143
251392.0 235904.0 88085.0  0.0   7202240.0 6018826.4 15379136.0 2186452.4  49664.0 49592.3     48    5.248   0      0.000    5.248
245952.0 235904.0  0.0   157284.3 7202240.0 6815341.5 15379136.0 2252354.0  49664.0 49592.3     49    5.348   0      0.000    5.348
245952.0 239488.0 48544.8 23424.0 7204096.0 7204096.0 15379136.0 2534460.8  49664.0 49592.3     51    5.475   0      0.000    5.475
235840.0 229440.0 35680.1  0.0   7224256.0 577644.3 15379136.0 2565540.8  49664.0 49592.3     52    5.960   0      0.000    5.960
223040.0 229440.0  0.0   31616.0 7224256.0 1579507.5 15379136.0 2601140.9  49664.0 49592.3     53    6.220   0      0.000    6.220
223040.0 210176.0 65536.1  0.0   7256320.0 2819440.0 15379136.0 2632684.9  49664.0 49592.3     54    6.361   0      0.000    6.361
200256.0 210176.0  0.0   53760.1 7256320.0 4135216.5 15379136.0 2689965.0  49664.0 49592.3     55    6.489   0      0.000    6.489
200256.0 194880.0 29760.0  0.0   7294400.0 5688115.1 15379136.0 2743685.0  49664.0 49592.3     56    6.606   0      0.000    6.606
186816.0 194880.0  0.0   41824.0 7294400.0 6038657.1 15379136.0 2773349.1  49664.0 49595.5     57    6.797   0      0.000    6.797
186816.0 184448.0 92126.6  0.0   7318272.0 6100437.4 15379136.0 2798733.1  49664.0 49596.6     58    6.972   0      0.000    6.972
183104.0 184448.0  0.0   96318.7 7318272.0 6507514.1 15379136.0 2865561.3  49664.0 49602.1     59    7.145   0      0.000    7.145
183104.0 184448.0 105185.4  0.0   7320640.0 6802225.9 15379136.0 2898265.3  49664.0 49602.1     60    7.342   0      0.000    7.342
184704.0 184192.0  0.0   184149.3 7320640.0 7220201.5 15379136.0 2987906.6  49664.0 49602.4     61    7.543   0      0.000    7.543
184704.0 210112.0 33006.5 49870.5 7269312.0 7269312.0 15379136.0 3165128.6  49664.0 49603.0     63    7.759   0      0.000    7.759
200320.0 191104.0 61184.1  0.0   7298112.0 244047.5 15379136.0 3228209.6  49664.0 49607.7     64    8.078   0      0.000    8.078
188032.0 191104.0  0.0   99308.7 7298112.0 400146.2 15379136.0 3260033.7  49664.0 49607.9     65    8.217   0      0.000    8.217
188032.0 185536.0 29632.0  0.0   7315968.0 788794.1 15379136.0 3308806.7  49664.0 49608.5     66    8.382   0      0.000    8.382
179072.0 185536.0  0.0   46592.1 7315968.0 1999800.9 15379136.0 3336342.7  49664.0 49608.9     67    8.511   0      0.000    8.511
179072.0 171136.0 54688.1  0.0   7339328.0 3439527.8 15379136.0 3382830.8  49664.0 49608.9     68    8.616   0      0.000    8.616
168384.0 171136.0  0.0   26176.0 7339328.0 3948766.5 15379136.0 3437470.8  49664.0 49608.9     69    8.883   0      0.000    8.883
168384.0 160960.0 48189.8  0.0   7360192.0 2403359.1 15379136.0 3463566.8  49856.0 49694.7     70    9.040   0      0.000    9.040
152064.0 160960.0  0.0   58688.1 7360192.0 100020.9 15379136.0 3511644.6  49856.0 49694.7     71    9.163   0      0.000    9.163
152064.0 160960.0  0.0   58688.1 7360192.0 4032180.1 15379136.0 3511644.6  49856.0 49695.3     71    9.163   0      0.000    9.163
152064.0 160960.0  0.0   58688.1 7360192.0 4032200.9 15379136.0 3511644.6  49856.0 49695.3     71    9.163   0      0.000    9.163
152064.0 160960.0  0.0   58688.1 7360192.0 4032221.9 15379136.0 3511644.6  49856.0 49695.3     71    9.163   0      0.000    9.163
152064.0 160960.0  0.0   58688.1 7360192.0 4032245.0 15379136.0 3511644.6  49856.0 49695.3     71    9.163   0      0.000    9.163
152064.0 160960.0  0.0   58688.1 7360192.0 4183995.5 15379136.0 3511644.6  49856.0 49755.1     71    9.163   0      0.000    9.163
152064.0 199936.0 152049.2  0.0   7289664.0 3376572.8 15379136.0 3575996.7  49856.0 49774.0     72    9.312   0      0.000    9.312
204608.0 124032.0  0.0   123993.5 7289664.0 2726334.5 15379136.0 3711573.2  49856.0 49774.2     73    9.411   0      0.000    9.411
204608.0 199616.0 102412.6  0.0   7285312.0 2849704.7 15379136.0 3886797.3  49856.0 49776.8     74    9.502   0      0.000    9.502
202560.0 199616.0  0.0   256.0  7285312.0 3873015.5 15379136.0 4009353.7  49856.0 49777.9     75    9.566   0      0.000    9.566
202560.0 190016.0 76054.9  0.0   7296960.0 4657504.4 15379136.0 4009401.7  49856.0 49782.5     76    9.606   0      0.000    9.606
180672.0 190016.0  0.0   81761.4 7296960.0 5408992.8 15379136.0 4060688.6  49856.0 49783.2     77    9.664   0      0.000    9.664
180672.0 189056.0 127765.6  0.0   7311424.0 5554361.8 15379136.0 4101650.1  49856.0 49783.2     78    9.724   0      0.000    9.724
180992.0 184576.0 192.0   0.0   7320384.0 6064487.3 15379136.0 4220484.7  50048.0 49861.4     80    9.823   0      0.000    9.823
190912.0 119808.0  0.0   119770.3 7320384.0 6665152.6 15379136.0 4220492.7  50048.0 49861.6     81    9.867   0      0.000    9.867
175040.0 181376.0  0.0   51596.3 7317248.0   0.0    15379136.0 4410337.1  50048.0 49862.0     83    9.995   0      0.000    9.995
175040.0 193856.0 151983.5  0.0   7301824.0 303608.1 15379136.0 4451445.4  50048.0 49862.3     84   10.087   0      0.000   10.087
183616.0 193856.0  0.0   75748.6 7301824.0 761718.2 15379136.0 4542159.1  50048.0 49862.3     85   10.185   0      0.000   10.185
183616.0 187072.0 320.0   0.0   7315392.0 1116211.2 15379136.0 4542231.1  50048.0 49862.7     86   10.221   0      0.000   10.221
183616.0 187072.0 320.0   0.0   7315392.0 6002426.3 15379136.0 4542231.1  50048.0 49862.9     86   10.221   0      0.000   10.221
187968.0 320.0   0.0   288.0  7315392.0 1875360.0 15379136.0 4542287.1  50048.0 49862.9     87   10.257   0      0.000   10.257
187968.0 320.0   0.0   288.0  7315392.0 2813146.8 15379136.0 4542287.1  50048.0 49863.6     87   10.257   0      0.000   10.257
187968.0 320.0   0.0   288.0  7315392.0 2813165.5 15379136.0 4542287.1  50048.0 49864.2     87   10.257   0      0.000   10.257
187968.0 320.0   0.0   288.0  7315392.0 2813190.4 15379136.0 4542287.1  50048.0 49864.2     87   10.257   0      0.000   10.257
187968.0 320.0   0.0   288.0  7315392.0 6111908.5 15379136.0 4542287.1  50048.0 49875.8     87   10.257   0      0.000   10.257
187968.0 228672.0 187940.6  0.0   7232192.0 3203764.4 15379136.0 4563052.0  50048.0 49876.9     88   10.337   0      0.000   10.337
239744.0 150016.0  0.0   149952.7 7232192.0 1422286.8 15379136.0 4736702.2  50048.0 49878.2     89   10.559   0      0.000   10.559
239744.0 320064.0 239730.1  0.0   7049408.0 508878.4 15379136.0 4842386.8  50048.0 49882.7     90   10.780   0      0.000   10.780
306432.0 320064.0  0.0   131844.0 7049408.0 647166.8 15379136.0 5112820.4  50048.0 49884.6     91   11.182   0      0.000   11.182
306432.0 290624.0 123876.8  0.0   7092480.0 343669.4 15379136.0 5281784.2  50048.0 49945.9     92   11.447   0      0.000   11.447
306432.0 290624.0 123876.8 118463.4 7092480.0 7092480.0 15379136.0 5369705.0  50048.0 49958.1     93   11.447   0      0.000   11.447
277120.0 290624.0 90331.9 126335.4 7092480.0 7092480.0 15379136.0 5467247.2  50048.0 49958.1     94   11.695   0      0.000   11.695
277120.0 265536.0 90331.9  0.0   7146880.0 5309051.6 15379136.0 5482615.2  50048.0 49961.2     94   12.071   0      0.000   12.071
277120.0 265536.0 90331.9 137407.0 7146880.0 7146880.0 15379136.0 5555967.1  50048.0 49987.4     95   12.071   0      0.000   12.071
260672.0 265536.0  0.0   141791.0 7146880.0 6664654.7 15379136.0 5566687.1  50048.0 49996.8     95   12.244   0      0.000   12.244
260672.0 272576.0 187827.5  0.0   7144384.0 6081749.4 15379136.0 5707763.8  50048.0 49997.1     96   12.568   0      0.000   12.568
263872.0 272576.0  0.0   87463.8 7144384.0 3806930.2 15379136.0 5898136.6  50048.0 49997.1     97   12.974   0      0.000   12.974
263872.0 256512.0 79274.6  0.0   7169152.0 505589.3 15379136.0 5960736.4  50048.0 49997.1     98   13.188   0      0.000   13.188
263872.0 256512.0 79274.6  0.0   7169152.0 5980040.7 15379136.0 5960736.4  50048.0 49997.1     98   13.188   0      0.000   13.188
245504.0 256512.0  0.0   124305.0 7169152.0 3661539.8 15379136.0 6034866.9  50048.0 49997.3     99   13.370   0      0.000   13.370
245504.0 234880.0 103896.0  0.0   7209152.0 1420922.0 15379136.0 6156187.9  50048.0 50000.2    100   13.759   0      0.000   13.759
245504.0 234880.0 103896.0 127921.5 7209152.0 7209152.0 15379136.0 6256471.9  50048.0 50000.3    101   13.759   0      0.000   13.759
227520.0 234880.0 31983.0 127953.5 7209152.0 7209152.0 15379136.0 6257143.9  50048.0 50001.0    102   14.088   0      0.000   14.088
227520.0 220992.0 89999.0  0.0   7241024.0 5778965.6 15379136.0 6387572.4  50048.0 50003.7    102   14.360   0      0.000   14.360
215808.0 220992.0  0.0   128927.3 7241024.0 2160445.8 15379136.0 6475531.4  50048.0 50003.7    103   14.550   0      0.000   14.550
215808.0 220992.0  0.0   128927.3 7241024.0 4353601.8 15379136.0 6475531.4  50048.0 50007.4    103   14.550   0      0.000   14.550
215808.0 220992.0  0.0   128927.3 7241024.0 4479863.2 15379136.0 6475531.4  50048.0 50010.2    103   14.550   0      0.000   14.550
215808.0 220992.0  0.0   128927.3 7241024.0 5612944.8 15379136.0 6475531.4  50048.0 50010.9    103   14.550   0      0.000   14.550
215808.0 220992.0  0.0   128927.3 7241024.0 6712058.4 15379136.0 6475531.4  50048.0 50010.9    103   14.550   0      0.000   14.550
215808.0 210880.0 85701.7  0.0   7262848.0 383144.4 15379136.0 6600278.7  50048.0 50010.9    104   14.880   0      0.000   14.880
215808.0 210880.0 85701.7  0.0   7262848.0 1270000.1 15379136.0 6600278.7  50048.0 50010.9    104   14.880   0      0.000   14.880
215808.0 210880.0 85701.7  0.0   7262848.0 1270018.9 15379136.0 6600278.7  50048.0 50010.9    104   14.880   0      0.000   14.880
215808.0 210880.0 85701.7  0.0   7262848.0 1270042.0 15379136.0 6600278.7  50048.0 50010.9    104   14.880   0      0.000   14.880
215808.0 210880.0 85701.7  0.0   7262848.0 4862784.1 15379136.0 6600278.7  50048.0 50020.6    104   14.880   0      0.000   14.880
206720.0 210880.0  0.0   79184.0 7262848.0 4192126.2 15379136.0 6681892.4  50048.0 50021.5    105   15.062   0      0.000   15.062
206720.0 200896.0 119846.3  0.0   7281920.0 2723603.8 15379136.0 6749804.6  50048.0 50021.6    106   15.421   0      0.000   15.421
195200.0 200896.0  0.0   119393.6 7281920.0 2547352.5 15379136.0 6855366.9  50048.0 50022.3    107   15.678   0      0.000   15.678
195200.0 193344.0 72906.5  0.0   7300992.0 1554985.4 15379136.0 6974840.5  50048.0 50022.5    108   15.854   0      0.000   15.854
195200.0 193344.0 72906.5  0.0   7300992.0 6431134.7 15379136.0 6974840.5  50048.0 50023.1    108   15.854   0      0.000   15.854
194624.0 193344.0  0.0   49407.0 7300992.0 4150467.9 15379136.0 7053381.4  50048.0 50023.2    109   16.195   0      0.000   16.195
194624.0 191424.0 118213.5  0.0   7303488.0 1901967.2 15379136.0 7102724.4  50048.0 50023.2    110   16.477   0      0.000   16.477
194624.0 191424.0 118213.5  0.0   7303488.0 7128009.6 15379136.0 7102724.4  50048.0 50023.4    110   16.477   0      0.000   16.477
187072.0 191424.0  0.0   77120.1 7303488.0 5506304.8 15379136.0 7169436.5  50048.0 50024.1    111   16.635   0      0.000   16.635
187072.0 198912.0 155996.4  0.0   7291712.0 4162674.6 15379136.0 7238300.6  50048.0 50024.1    112   16.799   0      0.000   16.799
190208.0 198912.0  0.0   102826.7 7291712.0 2099588.0 15379136.0 7286886.0  50048.0 50024.1    113   17.105   0      0.000   17.105
190208.0 187968.0 122611.9  0.0   7311360.0 322626.4 15379136.0 7322263.5  50048.0 50024.6    114   17.201   0      0.000   17.201
181056.0 187968.0  0.0   110497.9 7311360.0 279174.0 15379136.0 7329746.7  50048.0 50024.6    115   17.276   0      0.000   17.276
181056.0 194176.0 163222.3  0.0   7301184.0 856047.0 15379136.0 7329814.7  50048.0 50025.2    116   17.341   0      0.000   17.341
205376.0 320.0   0.0   288.0  7301184.0 108930.5 15379136.0 7381296.0  50048.0 50025.3    117   17.551   0      0.000   17.551
205376.0 212352.0 288.0   0.0   7264832.0 1069622.1 15379136.0 7381376.0  50048.0 50025.6    118   17.604   0      0.000   17.604
205376.0 212352.0 288.0   0.0   7264832.0 6068169.2 15379136.0 7381376.0  50048.0 50026.0    118   17.604   0      0.000   17.604
215872.0 320.0   0.0   320.0  7264832.0 23699.6  15379136.0 7381440.0  50048.0 50026.2    119   17.659   0      0.000   17.659
215872.0 320.0   0.0   320.0  7264832.0 853019.5 15379136.0 7381440.0  50048.0 50026.7    119   17.659   0      0.000   17.659
215872.0 320.0   0.0   320.0  7264832.0 853048.8 15379136.0 7381440.0  50048.0 50026.7    119   17.659   0      0.000   17.659
215872.0 320.0   0.0   320.0  7264832.0 853069.7 15379136.0 7381440.0  50048.0 50026.7    119   17.659   0      0.000   17.659
215872.0 320.0   0.0   320.0  7264832.0 853116.0 15379136.0 7381440.0  50048.0 50027.1    119   17.659   0      0.000   17.659
215872.0 320.0   0.0   320.0  7264832.0 853139.1 15379136.0 7381440.0  50048.0 50027.1    119   17.659   0      0.000   17.659
215872.0 320.0   0.0   320.0  7264832.0 853160.0 15379136.0 7381440.0  50048.0 50027.1    119   17.659   0      0.000   17.659
215872.0 320.0   0.0   320.0  7264832.0 853182.8 15379136.0 7381440.0  50048.0 50027.3    119   17.659   0      0.000   17.659
215872.0 320.0   0.0   320.0  7264832.0 853201.6 15379136.0 7381440.0  50048.0 50027.4    119   17.659   0      0.000   17.659
215872.0 320.0   0.0   320.0  7264832.0 853248.3 15379136.0 7381440.0  50048.0 50028.2    119   17.659   0      0.000   17.659
215872.0 320.0   0.0   320.0  7264832.0 853269.3 15379136.0 7381440.0  50048.0 50028.7    119   17.659   0      0.000   17.659
215872.0 320.0   0.0   320.0  7264832.0 853292.3 15379136.0 7381440.0  50048.0 50029.3    119   17.659   0      0.000   17.659
215872.0 320.0   0.0   320.0  7264832.0 853313.2 15379136.0 7381440.0  50048.0 50029.3    119   17.659   0      0.000   17.659
215872.0 320.0   0.0   320.0  7264832.0 853336.2 15379136.0 7381440.0  50048.0 50029.3    119   17.659   0      0.000   17.659
215872.0 320.0   0.0   320.0  7264832.0 6192870.3 15379136.0 7381440.0  50048.0 50036.2    119   17.659   0      0.000   17.659
215872.0 228416.0 152660.7  0.0   7232704.0 5574062.8 15379136.0 7381496.0  50048.0 50036.3    120   17.764   0      0.000   17.764
252608.0 192640.0  0.0   192634.4 7232704.0 5295489.3 15379136.0 7422724.0  50048.0 50036.7    121   17.917   0      0.000   17.917
252608.0 254336.0 145940.3  0.0   7180864.0 4358515.3 15379136.0 7507283.2  50048.0 50037.8    122   18.296   0      0.000   18.296
262208.0 166336.0  0.0   166319.0 7180864.0 3567427.3 15379136.0 7687708.2  50048.0 50037.8    123   18.625   0      0.000   18.625
262208.0 249408.0 97088.1  0.0   7177920.0 3196938.2 15379136.0 7850463.3  50048.0 50038.5    124   18.882   0      0.000   18.882
239296.0 249408.0  0.0   86507.7 7177920.0 1569202.6 15379136.0 7944527.4  50240.0 50084.3    125   19.252   0      0.000   19.252
239296.0 249408.0  0.0   86507.7 7177920.0 6363638.7 15379136.0 7944527.4  50240.0 50092.6    125   19.252   0      0.000   19.252
239296.0 228608.0 113946.0  0.0   7221632.0 3469350.4 15379136.0 8024875.1  50240.0 50185.0    126   19.432   0      0.000   19.432
244480.0 183296.0  0.0   183253.3 7221632.0 442881.0 15379136.0 8109559.5  50240.0 50187.3    127   19.802   0      0.000   19.802
244480.0 183296.0  0.0   183253.3 7221632.0 5705548.5 15379136.0 8109559.5  50240.0 50188.2    127   19.802   0      0.000   19.802
244480.0 232512.0 117960.0  0.0   7212544.0 2254354.3 15379136.0 8289368.8  50240.0 50189.5    128   20.460   0      0.000   20.460
244480.0 232512.0 117960.0  0.0   7212544.0 5773785.6 15379136.0 8289368.8  50240.0 50192.4    128   20.460   0      0.000   20.460
226752.0 232512.0  0.0   131591.5 7212544.0 2883297.4 15379136.0 8399728.8  50240.0 50193.0    129   21.453   0      0.000   21.453
226752.0 232512.0  0.0   131591.5 7212544.0 6437503.7 15379136.0 8399728.8  50240.0 50193.3    129   21.453   0      0.000   21.453
226752.0 219392.0 96031.4  0.0   7243392.0 1687788.9 15379136.0 8527428.4  50240.0 50193.3    130   22.213   0      0.000   22.213
226752.0 219392.0 96031.4  0.0   7243392.0 7037409.1 15379136.0 8527428.4  50240.0 50193.7    130   22.213   0      0.000   22.213
213760.0 219392.0  0.0   86688.1 7243392.0 3958972.5 15379136.0 8618771.7  50240.0 50195.2    131   22.643   0      0.000   22.643
213760.0 219392.0  0.0   86688.1 7243392.0 7166137.0 15379136.0 8618771.7  50240.0 50197.6    131   22.643   0      0.000   22.643
213760.0 205248.0 102826.9  0.0   7270528.0 3312307.3 15379136.0 8697251.8  50240.0 50197.6    132   23.456   0      0.000   23.456
213760.0 205248.0 102826.9  0.0   7270528.0 6739678.6 15379136.0 8697251.8  50240.0 50199.4    132   23.456   0      0.000   23.456
196352.0 205248.0  0.0   108245.3 7270528.0 452554.4 15379136.0 8794340.1  50240.0 50200.2    133   23.665   0      0.000   23.665
196352.0 205248.0  0.0   108245.3 7270528.0 1568982.3 15379136.0 8794340.1  50240.0 50200.2    133   23.665   0      0.000   23.665
196352.0 205248.0  0.0   108245.3 7270528.0 3257618.5 15379136.0 8794340.1  50240.0 50200.2    133   23.665   0      0.000   23.665
196352.0 205248.0  0.0   108245.3 7270528.0 5918216.1 15379136.0 8794340.1  50240.0 50201.6    133   23.665   0      0.000   23.665
196352.0 269632.0 196349.0  0.0   7150272.0 431352.4 15379136.0 8929993.4  50240.0 50201.6    134   23.970   0      0.000   23.970
196352.0 269632.0 196349.0  0.0   7150272.0 3872544.9 15379136.0 8929993.4  50240.0 50201.8    134   23.970   0      0.000   23.970
196352.0 269632.0 196349.0 105070.8 7150272.0 7150272.0 15379136.0 9078786.4  50240.0 50202.0    135   23.970   0      0.000   23.970
258816.0 269632.0  0.0   116238.8 7150272.0 820046.6 15379136.0 9102842.4  50240.0 50202.0    135   26.102   0      0.000   26.102
258816.0 269632.0  0.0   116238.8 7150272.0 5477408.3 15379136.0 9102842.4  50240.0 50202.0    135   26.102   0      0.000   26.102
258816.0 269632.0 77952.1 116238.8 7150272.0 7150272.0 15379136.0 9161329.1  50240.0 50202.0    136   26.102   0      0.000   26.102
258816.0 255168.0 77952.1  0.0   7175552.0   0.0    15379136.0 9204745.1  50240.0 50202.0    136   29.389   0      0.000   29.389
258816.0 255168.0 77952.1  0.0   7175552.0 4440595.0 15379136.0 9204745.1  50240.0 50202.6    136   29.389   0      0.000   29.389
258816.0 255168.0 77952.1 85077.8 7175552.0 7175552.0 15379136.0 9270369.2  50240.0 50203.4    137   29.389   0      0.000   29.389
249216.0 255168.0  0.0   85109.8 7175552.0 363606.8 15379136.0 9270369.2  50240.0 50203.5    137   30.123   0      0.000   30.123
249216.0 255168.0  0.0   85109.8 7175552.0 2700431.2 15379136.0 9270369.2  50240.0 50204.4    137   30.123   0      0.000   30.123
249216.0 255168.0  0.0   85109.8 7175552.0 6721583.4 15379136.0 9270369.2  50240.0 50204.4    137   30.123   0      0.000   30.123
249216.0 243840.0 78752.5  0.0   7196480.0 4026917.0 15379136.0 9355455.0  50240.0 50204.4    138   30.359   0      0.000   30.359
234880.0 243840.0  0.0   127551.9 7196480.0 1700544.0 15379136.0 9425034.0  50240.0 50204.4    139   30.563   0      0.000   30.563
234880.0 243840.0  0.0   127551.9 7196480.0 6224843.8 15379136.0 9425034.0  50240.0 50204.4    139   30.563   0      0.000   30.563
234880.0 225664.0 104575.3  0.0   7228992.0 4103905.2 15379136.0 9534109.8  50240.0 50204.4    140   30.776   0      0.000   30.776
228096.0 225664.0  0.0   39200.0 7228992.0 1623028.3 15379136.0 9613886.0  50240.0 50204.4    141   30.934   0      0.000   30.934
228096.0 225664.0  0.0   39200.0 7228992.0 6308828.5 15379136.0 9613886.0  50240.0 50204.4    141   30.934   0      0.000   30.934
228096.0 222336.0 73536.1  0.0   7239104.0 3599684.3 15379136.0 9653110.0  50240.0 50204.4    142   31.209   0      0.000   31.209
216512.0 222336.0  0.0   121608.1 7239104.0 696991.3 15379136.0 9726678.0  50240.0 50204.4    143   31.457   0      0.000   31.457
216512.0 222336.0  0.0   121608.1 7239104.0 6296343.5 15379136.0 9726678.0  50240.0 50204.4    143   31.457   0      0.000   31.457
216512.0 208000.0 93384.7  0.0   7265024.0 636449.0 15379136.0 9795326.1  50240.0 50204.4    144   32.918   0      0.000   32.918
216512.0 208000.0 93384.7 148556.8 7265024.0 7265024.0 15379136.0 9821964.2  50240.0 50204.4    145   32.918   0      0.000   32.918
215680.0 208000.0  0.0   154252.8 7265024.0 1799516.0 15379136.0 9843676.2  50240.0 50204.4    145   34.626   0      0.000   34.626
215680.0 208000.0  0.0   154252.8 7265024.0 5341138.8 15379136.0 9843676.2  50240.0 50205.1    145   34.626   0      0.000   34.626
215680.0 208000.0 173573.6 154252.8 7265024.0 7265024.0 15379136.0 9970516.6  50240.0 50205.1    146   34.626   0      0.000   34.626
215680.0 208000.0 173573.6 154252.8 7265024.0 7265024.0 15379136.0 9970516.6  50240.0 50205.1    146   34.626   0      0.000   34.626
215680.0 208000.0 173573.6 154252.8 7265024.0 7265024.0 15379136.0 9970516.6  50240.0 50205.1    146   34.626   0      0.000   34.626
215680.0 228416.0 173605.6  0.0   7232704.0 2714012.7 15379136.0 9972428.6  50240.0 50205.9    146   40.981   0      0.000   40.981
237120.0 384.0   0.0   320.0  7232704.0 447712.8 15379136.0 10034532.6 50240.0 50207.0    147   41.048   0      0.000   41.048
237120.0 384.0   0.0   320.0  7232704.0 6348058.5 15379136.0 10034532.6 50240.0 50209.1    147   41.048   0      0.000   41.048
237120.0 241856.0 256.0   0.0   7205824.0 4638537.9 15379136.0 10034612.6 50240.0 50209.5    148   41.114   0      0.000   41.114
243264.0 256.0   0.0   256.0  7205824.0 2726447.8 15379136.0 10034652.6 50240.0 50209.5    149   41.387   0      0.000   41.387
243264.0 241920.0 288.0   0.0   7204352.0 1032258.3 15379136.0 10034692.6 50240.0 50209.5    150   41.460   0      0.000   41.460
243264.0 241920.0 288.0   0.0   7204352.0 6737147.9 15379136.0 10034692.6 50240.0 50210.1    150   41.460   0      0.000   41.460
238464.0 241920.0  0.0   224.0  7204352.0 3888556.5 15379136.0 10034748.6 50240.0 50210.3    151   41.555   0      0.000   41.555
238464.0 241920.0  0.0   224.0  7204352.0 4397345.4 15379136.0 10034748.6 50240.0 50211.8    151   41.555   0      0.000   41.555
238464.0 241920.0  0.0   224.0  7204352.0 4397360.0 15379136.0 10034748.6 50240.0 50212.0    151   41.555   0      0.000   41.555
238464.0 241920.0  0.0   224.0  7204352.0 4397382.3 15379136.0 10034748.6 50240.0 50212.0    151   41.555   0      0.000   41.555
238464.0 241920.0  0.0   224.0  7204352.0 4397394.7 15379136.0 10034748.6 50240.0 50212.2    151   41.555   0      0.000   41.555
238464.0 241920.0  0.0   224.0  7204352.0 4397432.6 15379136.0 10034748.6 50240.0 50212.2    151   41.555   0      0.000   41.555
238464.0 241920.0  0.0   224.0  7204352.0 4397454.9 15379136.0 10034748.6 50240.0 50212.2    151   41.555   0      0.000   41.555
238464.0 241920.0  0.0   224.0  7204352.0 4397465.2 15379136.0 10034748.6 50240.0 50212.2    151   41.555   0      0.000   41.555
238464.0 241920.0  0.0   224.0  7204352.0 4397487.5 15379136.0 10034748.6 50240.0 50212.3    151   41.555   0      0.000   41.555
238464.0 258432.0 168832.3  0.0   7172672.0 629123.5 15379136.0 10034796.6 50240.0 50214.4    152   41.652   0      0.000   41.652
238464.0 258432.0 168832.3  0.0   7172672.0 5964810.2 15379136.0 10034796.6 50240.0 50214.6    152   41.652   0      0.000   41.652
274432.0 170880.0  0.0   170864.6 7172672.0 4410569.4 15379136.0 10138061.0 50240.0 50214.6    153   41.816   0      0.000   41.816
274432.0 273536.0 136342.8  0.0   7141568.0 2289334.9 15379136.0 10275273.5 50240.0 50214.9    154   42.011   0      0.000   42.011
274432.0 273536.0 136342.8  0.0   7141568.0 6744602.3 15379136.0 10275273.5 50240.0 50215.3    154   42.011   0      0.000   42.011
264512.0 273536.0  0.0   117533.7 7141568.0 4259250.1 15379136.0 10399662.0 50240.0 50215.3    155   42.195   0      0.000   42.195
264512.0 252160.0 68992.1  0.0   7172864.0 1200343.0 15379136.0 10484943.6 50240.0 50215.3    156   42.648   0      0.000   42.648
264512.0 252160.0 68992.1  0.0   7172864.0 6040545.0 15379136.0 10484943.6 50240.0 50215.3    156   42.648   0      0.000   42.648
238144.0 252160.0  0.0   81856.1 7172864.0 3422710.6 15379136.0 10552959.7 50240.0 50215.7    157   42.926   0      0.000   42.926
238144.0 223552.0 91743.6  0.0   7227840.0 313836.7 15379136.0 10632231.7 50240.0 50215.7    158   43.175   0      0.000   43.175
238144.0 223552.0 91743.6  0.0   7227840.0 4047667.8 15379136.0 10632231.7 50240.0 50217.4    158   43.175   0      0.000   43.175
238144.0 223552.0 91743.6  0.0   7227840.0 7005736.5 15379136.0 10632231.7 50240.0 50218.5    158   43.175   0      0.000   43.175
214400.0 223552.0  0.0   67952.6 7227840.0 1354437.1 15379136.0 10703913.9 50240.0 50218.5    159   44.459   0      0.000   44.459
214400.0 223552.0 30963.3 67952.6 7227840.0 7227840.0 15379136.0 10707826.0 50240.0 50225.6    160   44.459   0      0.000   44.459
214400.0 246016.0 208637.6  0.0   7197504.0 2214007.2 15379136.0 10770786.6 50240.0 50230.5    160   44.712   0      0.000   44.712
214400.0 246016.0 208637.6  0.0   7197504.0 5201043.9 15379136.0 10770786.6 50240.0 50230.7    160   44.712   0      0.000   44.712
214400.0 246016.0 208637.6  0.0   7197504.0 6709394.5 15379136.0 10770786.6 50240.0 50234.5    160   44.712   0      0.000   44.712
254144.0 162496.0  0.0   162472.8 7197504.0 151527.6 15379136.0 10894387.6 50240.0 50234.5    161   44.948   0      0.000   44.948
254144.0 162496.0  0.0   162472.8 7197504.0 934750.0 15379136.0 10894387.6 50240.0 50234.6    161   44.948   0      0.000   44.948
254144.0 162496.0  0.0   162472.8 7197504.0 1961164.5 15379136.0 10894387.6 50240.0 50235.0    161   44.948   0      0.000   44.948
254144.0 162496.0  0.0   162472.8 7197504.0 2855094.5 15379136.0 10894387.6 50240.0 50235.0    161   44.948   0      0.000   44.948
254144.0 162496.0  0.0   162472.8 7197504.0 3749037.8 15379136.0 10894387.6 50240.0 50235.0    161   44.948   0      0.000   44.948
254144.0 162496.0  0.0   162472.8 7197504.0 4637586.9 15379136.0 10894387.6 50240.0 50235.0    161   44.948   0      0.000   44.948
254144.0 162496.0  0.0   162472.8 7197504.0 5526133.8 15379136.0 10894387.6 50240.0 50235.0    161   44.948   0      0.000   44.948
254144.0 162496.0  0.0   162472.8 7197504.0 6219603.7 15379136.0 10894387.6 50240.0 50235.6    161   44.948   0      0.000   44.948
254144.0 162496.0  0.0   162472.8 7197504.0 6255076.5 15379136.0 10894387.6 50240.0 50235.6    161   44.948   0      0.000   44.948
254144.0 162496.0  0.0   162472.8 7197504.0 6255091.2 15379136.0 10894387.6 50240.0 50235.6    161   44.948   0      0.000   44.948
254144.0 162496.0  0.0   162472.8 7197504.0 6255109.8 15379136.0 10894387.6 50240.0 50235.6    161   44.948   0      0.000   44.948
254144.0 162496.0  0.0   162472.8 7197504.0 6255133.7 15379136.0 10894387.6 50240.0 50235.6    161   44.948   0      0.000   44.948
254144.0 162496.0  0.0   162472.8 7197504.0 6287560.8 15379136.0 10894387.6 50240.0 50235.6    161   44.948   0      0.000   44.948
254144.0 162496.0 171977.5 162472.8 7197504.0 7197504.0 15379136.0 11000259.9 50240.0 50235.7    162   44.948   0      0.000   44.948
254144.0 263360.0 172009.5  0.0   7162816.0 3230969.2 15379136.0 11000259.9 50240.0 50235.7    162   46.584   0      0.000   46.584
254144.0 263360.0 172009.5  0.0   7162816.0 6738157.2 15379136.0 11000259.9 50240.0 50235.7    162   46.584   0      0.000   46.584
254144.0 263360.0 172009.5 84456.6 7162816.0 7162816.0 15379136.0 11116579.1 50240.0 50235.7    163   46.584   0      0.000   46.584
253440.0 263360.0  0.0   84456.6 7162816.0 2469446.7 15379136.0 11119683.1 50240.0 50235.7    163   49.026   0      0.000   49.026
253440.0 263360.0 52992.1 84456.6 7162816.0 7162816.0 15379136.0 11162711.7 50240.0 50235.7    164   49.026   0      0.000   49.026
253440.0 248960.0 53760.1  0.0   7187136.0 4921555.9 15379136.0 11197935.7 50240.0 50236.5    164   50.347   0      0.000   50.347
253440.0 248960.0 53760.1  0.0   7187136.0 6721407.0 15379136.0 11197935.7 50240.0 50236.5    164   50.347   0      0.000   50.347
236672.0 248960.0  0.0   93088.1 7187136.0 2981376.4 15379136.0 11237271.7 50240.0 50236.5    165   50.528   0      0.000   50.528
236672.0 248960.0  0.0   93088.1 7187136.0 4566334.9 15379136.0 11237271.7 50240.0 50236.5    165   50.528   0      0.000   50.528
236672.0 248960.0 93208.4 93088.1 7187136.0 7187136.0 15379136.0 11313967.8 50240.0 50236.5    166   50.528   0      0.000   50.528
236672.0 225216.0 93208.4  0.0   7227648.0 6129535.9 15379136.0 11313967.8 50240.0 50236.5    166   51.869   0      0.000   51.869
236672.0 225216.0 93208.4 35168.0 7227648.0 7227648.0 15379136.0 11355666.8 50240.0 50236.5    167   51.869   0      0.000   51.869
224512.0 225216.0  0.0   35168.0 7227648.0 6216022.6 15379136.0 11355666.8 50240.0 50237.1    167   53.468   0      0.000   53.468
224512.0 213888.0 83104.1  0.0   7251136.0 4855615.0 15379136.0 11390810.8 50240.0 50237.1    168   53.612   0      0.000   53.612
224512.0 213888.0 83104.1 27089.9 7251136.0 7251136.0 15379136.0 11417650.9 50240.0 50237.1    169   53.612   0      0.000   53.612
211904.0 213888.0  0.0   36849.9 7251136.0 4452802.2 15379136.0 11424666.9 50240.0 50237.4    169   54.947   0      0.000   54.947
211904.0 213888.0  0.0   36849.9 7251136.0 7251136.0 15379136.0 11424666.9 50240.0 50237.4    169   54.947   0      0.000   54.947
211904.0 204160.0 62184.4  0.0   7273472.0 2793942.1 15379136.0 11455187.6 50240.0 50237.4    170   55.125   0      0.000   55.125
211904.0 204160.0 62184.4  0.0   7273472.0 6644078.8 15379136.0 11455187.6 50240.0 50237.4    170   55.125   0      0.000   55.125
201728.0 204160.0  0.0   111563.7 7273472.0 1707333.9 15379136.0 11507468.9 50240.0 50237.4    171   56.206   0      0.000   56.206
201728.0 204160.0  0.0   111563.7 7273472.0 6483084.1 15379136.0 11507468.9 50240.0 50237.4    171   56.206   0      0.000   56.206
201728.0 205504.0 288.0   0.0   7278528.0 3304947.5 15379136.0 11618856.6 50240.0 50237.4    172   56.323   0      0.000   56.323
201728.0 205504.0 288.0   32.0  7278528.0 7278528.0 15379136.0 11618864.6 50240.0 50237.4    173   56.323   0      0.000   56.323
206528.0 256.0   0.0   256.0  7278528.0 4084736.4 15379136.0 11618888.6 50240.0 50237.4    173   56.400   0      0.000   56.400
206528.0 256.0   0.0   256.0  7278528.0 5516380.0 15379136.0 11618888.6 50240.0 50237.4    173   56.400   0      0.000   56.400
206528.0 256.0   0.0   256.0  7278528.0 5516394.5 15379136.0 11618888.6 50240.0 50237.4    173   56.400   0      0.000   56.400
206528.0 256.0   0.0   256.0  7278528.0 5516468.6 15379136.0 11618888.6 50240.0 50237.4    173   56.400   0      0.000   56.400
206528.0 256.0   0.0   256.0  7278528.0 5516485.1 15379136.0 11618888.6 50240.0 50237.4    173   56.400   0      0.000   56.400
206528.0 256.0   0.0   256.0  7278528.0 5516501.7 15379136.0 11618888.6 50240.0 50237.4    173   56.400   0      0.000   56.400
206528.0 256.0   0.0   256.0  7278528.0 5516514.2 15379136.0 11618888.6 50240.0 50237.4    173   56.400   0      0.000   56.400
206528.0 201344.0 94400.5  0.0   7281664.0 1438404.8 15379136.0 11618936.6 50432.0 50240.7    174   56.490   0      0.000   56.490
206528.0 201344.0 94400.5  0.0   7281664.0 5936331.8 15379136.0 11618936.6 50432.0 50240.7    174   56.490   0      0.000   56.490
208128.0 126976.0  0.0   126929.8 7281664.0 2719649.2 15379136.0 11629441.9 50432.0 50240.7    175   56.630   0      0.000   56.630
208128.0 126976.0  0.0   126929.8 7281664.0 6297883.3 15379136.0 11629441.9 50432.0 50240.7    175   56.630   0      0.000   56.630
208128.0 210560.0 120944.3  0.0   7268416.0 3329473.9 15379136.0 11746951.8 50432.0 50240.8    176   56.819   0      0.000   56.819
208128.0 210560.0 120944.3  0.0   7268416.0 6494865.9 15379136.0 11746951.8 50432.0 50240.8    176   56.819   0      0.000   56.819
202496.0 210560.0  0.0   96096.2 7268416.0 4175229.8 15379136.0 11830591.9 50432.0 50241.0    177   57.009   0      0.000   57.009
202496.0 194304.0 63776.1  0.0   7292736.0 1382103.6 15379136.0 11907200.0 50432.0 50241.0    178   57.225   0      0.000   57.225
202496.0 194304.0 63776.1  0.0   7292736.0 5985985.1 15379136.0 11907200.0 50432.0 50241.0    178   57.225   0      0.000   57.225
183872.0 194304.0  0.0   78624.1 7292736.0 3436100.1 15379136.0 11968944.1 50432.0 50241.0    179   57.533   0      0.000   57.533
183872.0 188032.0 121024.1  0.0   7313472.0 1065931.6 15379136.0 12039416.1 50432.0 50241.0    180   57.807   0      0.000   57.807
183872.0 188032.0 121024.1  0.0   7313472.0 5916567.5 15379136.0 12039416.1 50432.0 50241.0    180   57.807   0      0.000   57.807
203584.0 172480.0  0.0   172426.8 7313472.0 2328349.0 15379136.0 12127712.2 50432.0 50243.5    181   58.149   0      0.000   58.149
203584.0 172480.0  0.0   172426.8 7313472.0 4954873.5 15379136.0 12127712.2 50432.0 50244.5    181   58.149   0      0.000   58.149
203584.0 172480.0  0.0   172426.8 7313472.0 7313472.0 15379136.0 12127712.2 50432.0 50244.5    181   58.149   0      0.000   58.149
203584.0 204032.0 110398.4  0.0   7281472.0 1215360.7 15379136.0 12218755.4 50432.0 50244.7    182   59.333   0      0.000   59.333
203584.0 204032.0 110398.4  0.0   7281472.0 3186318.3 15379136.0 12218755.4 50432.0 50244.7    182   59.333   0      0.000   59.333
203584.0 204032.0 110398.4  0.0   7281472.0 6112548.4 15379136.0 12218755.4 50432.0 50244.7    182   59.333   0      0.000   59.333
193792.0 204032.0  0.0   93376.2 7281472.0 1177728.0 15379136.0 12326105.8 50432.0 50244.7    183   59.591   0      0.000   59.591
193792.0 204032.0  0.0   93376.2 7281472.0 2499620.0 15379136.0 12326105.8 50432.0 50245.0    183   59.591   0      0.000   59.591
193792.0 204032.0  0.0   93376.2 7281472.0 5571698.5 15379136.0 12326105.8 50432.0 50245.7    183   59.591   0      0.000   59.591
193792.0 220096.0 193629.1  0.0   7249344.0 3500415.1 15379136.0 12583215.8 50432.0 50246.5    184   59.888   0      0.000   59.888
214848.0 220096.0  0.0   69568.1 7249344.0 1955667.4 15379136.0 12768873.2 50432.0 50247.0    185   60.119   0      0.000   60.119
214848.0 220096.0  0.0   69568.1 7249344.0 6454283.4 15379136.0 12768873.2 50432.0 50247.0    185   60.119   0      0.000   60.119
214848.0 209920.0 64960.1  0.0   7264768.0 910713.5 15379136.0 12830265.2 50432.0 50247.0    186   60.351   0      0.000   60.351
214848.0 209920.0 64960.1 69248.1 7264768.0 7264768.0 15379136.0 12850745.3 50432.0 50247.0    187   60.351   0      0.000   60.351
201600.0 209920.0  0.0   81984.1 7264768.0 3783168.4 15379136.0 12891089.3 50432.0 50247.2    187   61.869   0      0.000   61.869
201600.0 209920.0  0.0   81984.1 7264768.0 6918289.0 15379136.0 12891089.3 50432.0 50247.2    187   61.869   0      0.000   61.869
201600.0 191232.0 96173.1  0.0   7296704.0 1385149.6 15379136.0 12973065.4 50432.0 50247.2    188   62.307   0      0.000   62.307
201600.0 191232.0 96173.1  0.0   7296704.0 1385221.7 15379136.0 12973065.4 50432.0 50247.2    188   62.307   0      0.000   62.307
201600.0 191232.0 96173.1  0.0   7296704.0 1385242.4 15379136.0 12973065.4 50432.0 50247.2    188   62.307   0      0.000   62.307
201600.0 191232.0 96173.1  0.0   7296704.0 1385289.9 15379136.0 12973065.4 50432.0 50247.2    188   62.307   0      0.000   62.307
201600.0 191232.0 96173.1  0.0   7296704.0 1385308.5 15379136.0 12973065.4 50432.0 50247.2    188   62.307   0      0.000   62.307
201600.0 191232.0 96173.1  0.0   7296704.0 1385327.1 15379136.0 12973065.4 50432.0 50247.2    188   62.307   0      0.000   62.307
201600.0 191232.0 96173.1  0.0   7296704.0 1385345.7 15379136.0 12973065.4 50432.0 50247.2    188   62.307   0      0.000   62.307
201600.0 191232.0 96173.1  0.0   7296704.0 1385366.4 15379136.0 12973065.4 50432.0 50247.2    188   62.307   0      0.000   62.307
201600.0 191232.0 96173.1  0.0   7296704.0 1385412.1 15379136.0 12973065.4 50432.0 50247.2    188   62.307   0      0.000   62.307
201600.0 191232.0 96173.1  0.0   7296704.0 1385433.1 15379136.0 12973065.4 50432.0 50247.2    188   62.307   0      0.000   62.307
201600.0 191232.0 96173.1  0.0   7296704.0 3643200.7 15379136.0 12973065.4 50432.0 50247.8    188   62.307   0      0.000   62.307
190976.0 191232.0  0.0   42949.6 7296704.0 557563.4 15379136.0 13069158.4 50432.0 50247.8    189   62.513   0      0.000   62.513
190976.0 191232.0  0.0   42949.6 7296704.0 5374164.0 15379136.0 13069158.4 50432.0 50247.8    189   62.513   0      0.000   62.513
190976.0 189696.0 40349.6  0.0   7308864.0 2195070.3 15379136.0 13108928.1 50432.0 50247.8    190   62.641   0      0.000   62.641
190976.0 189696.0 40349.6  0.0   7308864.0 6884824.6 15379136.0 13108928.1 50432.0 50247.8    190   62.641   0      0.000   62.641
189696.0 189696.0  0.0   25440.0 7308864.0 3894278.9 15379136.0 13143033.7 50432.0 50247.8    191   62.769   0      0.000   62.769
189696.0 190080.0 13440.0  0.0   7309376.0 619226.2 15379136.0 13168369.8 50432.0 50247.8    192   62.899   0      0.000   62.899
189696.0 190080.0 13440.0  0.0   7309376.0 5634387.3 15379136.0 13168369.8 50432.0 50247.8    192   62.899   0      0.000   62.899
196032.0 121088.0  0.0   121042.9 7309376.0 3199827.2 15379136.0 13181689.8 50432.0 50247.8    193   63.166   0      0.000   63.166
196032.0 190336.0 42336.1  0.0   7303168.0 826056.5 15379136.0 13261725.7 50432.0 50247.8    194   63.316   0      0.000   63.316
196032.0 190336.0 42336.1  0.0   7303168.0 6077560.2 15379136.0 13261725.7 50432.0 50247.8    194   63.316   0      0.000   63.316
185920.0 190336.0  0.0   93911.0 7303168.0 3471064.1 15379136.0 13299853.8 50432.0 50247.8    195   63.465   0      0.000   63.465
185920.0 201152.0 147362.4  0.0   7287232.0 182057.5 15379136.0 13312288.4 50432.0 50248.6    196   63.612   0      0.000   63.612
185920.0 201152.0 147362.4  0.0   7287232.0 5046929.8 15379136.0 13312288.4 50432.0 50248.6    196   63.612   0      0.000   63.612
189696.0 201152.0  0.0   82200.9 7287232.0 2879106.2 15379136.0 13465023.1 50432.0 50248.6    197   63.803   0      0.000   63.803
189696.0 180416.0 75546.0  0.0   7319424.0 477212.1 15379136.0 13546948.1 50432.0 50248.6    198   64.044   0      0.000   64.044
189696.0 180416.0 75546.0  0.0   7319424.0 5549003.8 15379136.0 13546948.1 50432.0 50248.6    198   64.044   0      0.000   64.044
184320.0 180416.0  0.0   2368.0 7319424.0 3245128.4 15379136.0 13622274.2 50432.0 50248.6    199   64.174   0      0.000   64.174
184320.0 186240.0 109535.0  0.0   7317056.0 742577.5 15379136.0 13622322.2 50432.0 50248.6    200   64.274   0      0.000   64.274
184320.0 186240.0 109535.0  0.0   7317056.0 5748786.4 15379136.0 13622322.2 50432.0 50248.6    200   64.274   0      0.000   64.274
180032.0 186240.0  0.0   51398.0 7317056.0 3342227.8 15379136.0 13622402.2 50432.0 50248.6    201   64.367   0      0.000   64.367
180032.0 182336.0 320.0   0.0   7324864.0 4467930.5 15379136.0 13622490.2 50432.0 50248.6    202   64.462   0      0.000   64.462
182400.0 320.0   0.0   288.0  7324864.0 2146551.4 15379136.0 13622578.2 50432.0 50248.6    203   64.556   0      0.000   64.556
182400.0 320.0   0.0   288.0  7324864.0 6938566.4 15379136.0 13622578.2 50432.0 50248.6    203   64.556   0      0.000   64.556
182400.0 180672.0 256.0   0.0   7326464.0 1201946.2 15379136.0 13622634.2 50432.0 50248.6    204   64.651   0      0.000   64.651
182400.0 180672.0 256.0   0.0   7326464.0 1201967.0 15379136.0 13622634.2 50432.0 50248.6    204   64.651   0      0.000   64.651
182400.0 180672.0 256.0   0.0   7326464.0 1201991.9 15379136.0 13622634.2 50432.0 50248.6    204   64.651   0      0.000   64.651
182400.0 180672.0 256.0   0.0   7326464.0 1202039.0 15379136.0 13622634.2 50432.0 50248.6    204   64.651   0      0.000   64.651
182400.0 180672.0 256.0   0.0   7326464.0 1202057.8 15379136.0 13622634.2 50432.0 50248.6    204   64.651   0      0.000   64.651
182400.0 180672.0 256.0   0.0   7326464.0 1202078.6 15379136.0 13622634.2 50432.0 50248.6    204   64.651   0      0.000   64.651
182400.0 180672.0 256.0   0.0   7326464.0 1202097.5 15379136.0 13622634.2 50432.0 50248.6    204   64.651   0      0.000   64.651
182400.0 180672.0 256.0   0.0   7326464.0 1202118.2 15379136.0 13622634.2 50432.0 50248.6    204   64.651   0      0.000   64.651
182400.0 180672.0 256.0   0.0   7326464.0 1202160.6 15379136.0 13622634.2 50432.0 50248.6    204   64.651   0      0.000   64.651
182400.0 180672.0 256.0   0.0   7326464.0 1212140.1 15379136.0 13622634.2 50432.0 50248.6    204   64.651   0      0.000   64.651
182400.0 180672.0 256.0   0.0   7326464.0 2634747.7 15379136.0 13622634.2 50816.0 50629.3    204   64.651   0      0.000   64.651
182400.0 180672.0 256.0   0.0   7326464.0 6112780.8 15379136.0 13622634.2 50816.0 50629.3    204   64.651   0      0.000   64.651
179392.0 180672.0  0.0   85553.7 7326464.0 1782905.1 15379136.0 13622682.2 50816.0 50629.3    205   64.933   0      0.000   64.933
179392.0 180672.0  0.0   85553.7 7326464.0 5530971.2 15379136.0 13622682.2 50816.0 50632.4    205   64.933   0      0.000   64.933
175744.0 177088.0  0.0   82437.4 7333056.0 2665926.2 15379136.0 13707967.1 50816.0 50632.5    207   65.260   0      0.000   65.260
175744.0 177088.0  0.0   82437.4 7333056.0 6521577.2 15379136.0 13707967.1 50816.0 50632.5    207   65.260   0      0.000   65.260
175744.0 173120.0 288.0   0.0   7340672.0 3618298.2 15379136.0 13708023.1 50816.0 50632.5    208   65.354   0      0.000   65.354
162176.0 173120.0  0.0   41503.7 7340672.0 882278.7 15379136.0 13708103.1 50816.0 50632.5    209   65.447   0      0.000   65.447
162176.0 173120.0  0.0   41503.7 7340672.0 5554227.4 15379136.0 13708103.1 50816.0 50632.8    209   65.447   0      0.000   65.447
162176.0 159168.0 288.0   0.0   7368192.0 2752612.5 15379136.0 13708183.1 50816.0 50632.8    210   65.548   0      0.000   65.548
162176.0 159168.0 288.0   0.0   7368192.0 7158942.2 15379136.0 13708183.1 50816.0 50632.8    210   65.548   0      0.000   65.548
155136.0 159168.0  0.0   288.0  7368192.0 4266324.6 15379136.0 13708255.1 50816.0 50632.8    211   65.641   0      0.000   65.641
155136.0 159168.0 256.0  288.0  7368192.0 7368192.0 15379136.0 13708295.1 50816.0 50632.8    212   65.641   0      0.000   65.641
155136.0 150336.0 288.0   0.0   7384064.0 2907515.3 15379136.0 13708295.1 50816.0 50634.9    212   66.558   0      0.000   66.558
155136.0 150336.0 288.0   0.0   7384064.0 3386899.1 15379136.0 13708295.1 50816.0 50802.8    212   66.558   0      0.000   66.558
155136.0 150336.0 288.0   0.0   7384064.0 3386917.8 15379136.0 13708295.1 50816.0 50802.8    212   66.558   0      0.000   66.558
155136.0 150336.0 288.0   0.0   7384064.0 3386973.0 15379136.0 13708295.1 50816.0 50802.8    212   66.558   0      0.000   66.558
155136.0 150336.0 288.0   0.0   7384064.0 3386991.6 15379136.0 13708295.1 50816.0 50802.8    212   66.558   0      0.000   66.558
155136.0 150336.0 288.0   0.0   7384064.0 3387012.4 15379136.0 13708295.1 50816.0 50803.4    212   66.558   0      0.000   66.558
155136.0 150336.0 288.0   0.0   7384064.0 3387031.1 15379136.0 13708295.1 50816.0 50803.6    212   66.558   0      0.000   66.558
155136.0 150336.0 288.0   0.0   7384064.0 3387052.0 15379136.0 13708295.1 50816.0 50803.6    212   66.558   0      0.000   66.558
155136.0 150336.0 288.0   0.0   7384064.0 3387095.9 15379136.0 13708295.1 50816.0 50803.6    212   66.558   0      0.000   66.558
155136.0 150336.0 288.0   0.0   7384064.0 3387116.8 15379136.0 13708295.1 50816.0 50804.0    212   66.558   0      0.000   66.558
155136.0 150336.0 288.0   0.0   7384064.0 3387135.3 15379136.0 13708295.1 50816.0 50804.0    212   66.558   0      0.000   66.558
155136.0 150336.0 288.0   0.0   7384064.0 3387154.1 15379136.0 13708295.1 50816.0 50804.0    212   66.558   0      0.000   66.558
155136.0 150336.0 288.0   0.0   7384064.0 3387172.9 15379136.0 13708295.1 50816.0 50804.2    212   66.558   0      0.000   66.558
155136.0 150336.0 288.0   0.0   7384064.0 3387214.3 15379136.0 13708295.1 50816.0 50804.2    212   66.558   0      0.000   66.558
155136.0 150336.0 288.0   0.0   7384064.0 3387239.0 15379136.0 13708295.1 50816.0 50804.2    212   66.558   0      0.000   66.558
155136.0 150336.0 288.0   0.0   7384064.0 3412368.5 15379136.0 13708295.1 51200.0 51141.6    212   66.558   0      0.000   66.558
155136.0 150336.0 288.0   0.0   7384064.0 3785676.1 15379136.0 13708295.1 51200.0 51176.1    212   66.558   0      0.000   66.558
155136.0 150336.0 288.0   0.0   7384064.0 7064548.6 15379136.0 13708295.1 51392.0 51227.4    212   66.558   0      0.000   66.558
142656.0 150336.0  0.0   46148.6 7384064.0 3396475.5 15379136.0 13708351.1 51392.0 51227.5    213   66.867   0      0.000   66.867
142656.0 150336.0 41187.5 46148.6 7384064.0 7384064.0 15379136.0 13753282.5 51392.0 51227.5    214   66.867   0      0.000   66.867
142656.0 141184.0 61471.5  0.0   7405696.0 4093644.4 15379136.0 13753944.4 51392.0 51227.5    214   67.018   0      0.000   67.018
134848.0 141184.0  0.0   16672.0 7405696.0 1242678.0 15379136.0 13815184.0 51392.0 51227.5    215   67.251   0      0.000   67.251
134848.0 141184.0  0.0   16672.0 7405696.0 4551401.3 15379136.0 13815184.0 51392.0 51227.5    215   67.251   0      0.000   67.251
138368.0 141376.0  0.0   256.0  7406784.0 4454975.3 15379136.0 13936551.4 51392.0 51227.5    217   68.487   0      0.000   68.487
138368.0 133184.0 8448.0  0.0   7417984.0 1525526.8 15379136.0 13936575.4 51392.0 51227.5    218   68.582   0      0.000   68.582
138368.0 133184.0 8448.0  0.0   7417984.0 6024857.8 15379136.0 13936575.4 51392.0 51227.5    218   68.582   0      0.000   68.582
129152.0 133184.0  0.0   320.0  7417984.0 4287880.0 15379136.0 13936639.4 51392.0 51227.5    219   68.687   0      0.000   68.687
129152.0 124544.0 320.0   0.0   7435840.0 1046501.0 15379136.0 13936711.4 51392.0 51227.5    220   68.788   0      0.000   68.788
129152.0 124544.0 320.0   0.0   7435840.0 3682533.4 15379136.0 13936711.4 51392.0 51227.7    220   68.788   0      0.000   68.788
129152.0 124544.0 320.0   0.0   7435840.0 4720216.6 15379136.0 13936711.4 51392.0 51238.6    220   68.788   0      0.000   68.788
129152.0 124544.0 320.0   0.0   7435840.0 4720261.7 15379136.0 13936711.4 51392.0 51238.6    220   68.788   0      0.000   68.788
129152.0 124544.0 320.0   0.0   7435840.0 4720282.7 15379136.0 13936711.4 51392.0 51238.6    220   68.788   0      0.000   68.788
129152.0 124544.0 320.0   0.0   7435840.0 4720301.3 15379136.0 13936711.4 51392.0 51238.6    220   68.788   0      0.000   68.788
129152.0 124544.0 320.0   0.0   7435840.0 4720319.9 15379136.0 13936711.4 51392.0 51238.6    220   68.788   0      0.000   68.788
129152.0 124544.0 320.0   0.0   7435840.0 4720340.6 15379136.0 13936711.4 51392.0 51238.6    220   68.788   0      0.000   68.788
129152.0 124544.0 320.0   0.0   7435840.0 4720387.5 15379136.0 13936711.4 51392.0 51238.6    220   68.788   0      0.000   68.788
129152.0 124544.0 320.0   0.0   7435840.0 4720406.1 15379136.0 13936711.4 51392.0 51239.2    220   68.788   0      0.000   68.788
129152.0 124544.0 320.0   0.0   7435840.0 6123714.9 15379136.0 13936711.4 51392.0 51257.4    220   68.788   0      0.000   68.788
118720.0 124544.0  0.0   5586.2 7435840.0 2802301.8 15379136.0 13936759.4 51392.0 51257.4    221   69.002   0      0.000   69.002
118720.0 124544.0  0.0   5586.2 7435840.0 7014156.5 15379136.0 13936759.4 51392.0 51257.4    221   69.002   0      0.000   69.002
118720.0 115072.0 41017.3  0.0   7455744.0 3754569.1 15379136.0 13941955.1 51392.0 51257.8    222   69.097   0      0.000   69.097
108416.0 115072.0  0.0   32992.0 7455744.0 679858.2 15379136.0 13982872.4 51392.0 51257.8    223   69.195   0      0.000   69.195
108416.0 115072.0  0.0   32992.0 7455744.0 4574383.0 15379136.0 13982872.4 51392.0 51257.8    223   69.195   0      0.000   69.195
108416.0 105024.0 256.0   0.0   7476096.0 530167.8 15379136.0 13982912.4 51392.0 51258.1    224   69.291   0      0.000   69.291
108416.0 105024.0 256.0   0.0   7476096.0 4970732.7 15379136.0 13982912.4 51392.0 51258.1    224   69.291   0      0.000   69.291
92928.0 97216.0  0.0   288.0  7491072.0 4400453.0 15379136.0 13983048.4 51392.0 51258.4    227   70.238   0      0.000   70.238
92928.0 101632.0 62117.7  0.0   7486272.0 513510.4 15379136.0 13983072.4 51392.0 51258.9    228   70.334   0      0.000   70.334
97536.0 101632.0  0.0   608.0  7486272.0 765995.1 15379136.0 14044931.9 51392.0 51259.5    229   70.436   0      0.000   70.436
97536.0 101632.0  0.0   608.0  7486272.0 4337973.8 15379136.0 14044931.9 51392.0 51259.5    229   70.436   0      0.000   70.436
97536.0 101632.0  0.0   608.0  7486272.0 6626377.7 15379136.0 14044931.9 51392.0 51259.5    229   70.436   0      0.000   70.436
97536.0 97536.0 41380.6  0.0   7494464.0 4252495.0 15379136.0 14044987.9 51392.0 51259.5    230   70.532   0      0.000   70.532
97536.0 97536.0 41380.6  0.0   7494464.0 4506576.4 15379136.0 14044987.9 51392.0 51268.4    230   70.532   0      0.000   70.532
93184.0 97536.0  0.0   4064.4 7494464.0 2702792.8 15379136.0 14045055.9 51392.0 51268.4    231   70.627   0      0.000   70.627
93184.0 93440.0 40985.3  0.0   7502656.0 625562.0 15379136.0 14049025.0 51392.0 51268.4    232   70.724   0      0.000   70.724
90240.0 93440.0  0.0   192.0  7502656.0 4850103.7 15379136.0 14089950.4 51392.0 51268.4    233   70.822   0      0.000   70.822
90240.0 105984.0 81871.7  0.0   7477568.0 2775468.8 15379136.0 14130745.1 51392.0 51268.4    234   71.014   0      0.000   71.014
90240.0 105984.0 81871.7  0.0   7477568.0 6813177.5 15379136.0 14130745.1 51392.0 51268.4    234   71.014   0      0.000   71.014
102528.0 105984.0  0.0   288.0  7477568.0 3607261.8 15379136.0 14130817.1 51392.0 51268.4    235   71.107   0      0.000   71.107
102528.0 101248.0 41855.7  0.0   7485760.0 464626.9 15379136.0 14130865.1 51392.0 51269.4    236   71.202   0      0.000   71.202
102528.0 101248.0 41855.7  0.0   7485760.0 5098314.0 15379136.0 14130865.1 51392.0 51269.4    236   71.202   0      0.000   71.202
97984.0 101248.0  0.0   37236.9 7485760.0 2289663.3 15379136.0 14131254.8 51392.0 51269.4    237   71.321   0      0.000   71.321
97984.0 101248.0  0.0   37236.9 7485760.0 6432569.8 15379136.0 14131254.8 51392.0 51270.2    237   71.321   0      0.000   71.321
97984.0 91840.0 21202.0  0.0   7499712.0 3160568.0 15379136.0 14151935.8 51392.0 51270.2    238   71.416   0      0.000   71.416
86144.0 91840.0  0.0   21458.6 7499712.0 762572.2 15379136.0 14172863.5 51392.0 51270.2    239   71.513   0      0.000   71.513
86144.0 91840.0  0.0   21458.6 7499712.0 5622345.6 15379136.0 14172863.5 51392.0 51271.4    239   71.513   0      0.000   71.513
86144.0 86144.0 42219.4  0.0   7517248.0 2497834.5 15379136.0 14194070.2 51392.0 51271.4    240   71.706   0      0.000   71.706
86144.0 86144.0 42219.4  0.0   7517248.0 7404249.1 15379136.0 14194070.2 51392.0 51271.4    240   71.706   0      0.000   71.706
84928.0 86144.0  0.0   288.0  7517248.0 4540046.2 15379136.0 14236101.7 51392.0 51271.4    241   71.866   0      0.000   71.866
84928.0 86144.0  0.0   288.0  7517248.0 6868846.8 15379136.0 14236101.7 51392.0 51271.4    241   71.866   0      0.000   71.866
84928.0 83072.0 352.0   0.0   7521536.0 1583053.7 15379136.0 14236157.7 51392.0 51271.4    242   71.963   0      0.000   71.963
84928.0 83072.0 352.0   0.0   7521536.0 3184841.1 15379136.0 14236157.7 51392.0 51271.4    242   71.963   0      0.000   71.963
84928.0 83072.0 352.0   0.0   7521536.0 3184859.8 15379136.0 14236157.7 51392.0 51271.4    242   71.963   0      0.000   71.963
84928.0 83072.0 352.0   0.0   7521536.0 3184882.6 15379136.0 14236157.7 51392.0 51271.4    242   71.963   0      0.000   71.963
84928.0 83072.0 352.0   0.0   7521536.0 3184901.2 15379136.0 14236157.7 51392.0 51271.5    242   71.963   0      0.000   71.963
84928.0 83072.0 352.0   0.0   7521536.0 3888312.2 15379136.0 14236157.7 51392.0 51288.5    242   71.963   0      0.000   71.963
84928.0 83072.0 352.0   0.0   7521536.0 6597645.6 15379136.0 14236157.7 51392.0 51288.7    242   71.963   0      0.000   71.963
93120.0 65920.0  0.0   65909.8 7521536.0 1929854.7 15379136.0 14297726.2 51392.0 51288.7    243   72.231   0      0.000   72.231
93120.0 65920.0  0.0   65909.8 7521536.0 5907079.8 15379136.0 14297726.2 51392.0 51288.7    243   72.231   0      0.000   72.231
93120.0 91008.0 224.0   0.0   7505408.0 2350463.6 15379136.0 14363463.9 51392.0 51288.7    244   72.386   0      0.000   72.386
93120.0 91008.0 224.0   0.0   7505408.0 7101423.7 15379136.0 14363463.9 51392.0 51288.8    244   72.386   0      0.000   72.386
98112.0 86016.0  0.0   85960.1 7505408.0 4051946.4 15379136.0 14363487.9 51392.0 51289.1    245   72.484   0      0.000   72.484
98112.0 101824.0 16640.0  0.0   7485888.0 953952.3 15379136.0 14363535.9 51392.0 51289.1    246   72.580   0      0.000   72.580
98112.0 101824.0 16640.0  0.0   7485888.0 5295620.6 15379136.0 14363535.9 51392.0 51289.1    246   72.580   0      0.000   72.580
99584.0 101824.0  0.0   42495.7 7485888.0 2497082.8 15379136.0 14363567.9 51392.0 51289.1    247   72.676   0      0.000   72.676
99584.0 97728.0 256.0   0.0   7492224.0 4807531.2 15379136.0 14363591.9 51392.0 51289.1    248   72.770   0      0.000   72.770
95296.0 97728.0  0.0   288.0  7492224.0 2163336.4 15379136.0 14363639.9 51392.0 51289.1    249   72.864   0      0.000   72.864
95296.0 97728.0  0.0   288.0  7492224.0 6964186.5 15379136.0 14363639.9 51392.0 51289.1    249   72.864   0      0.000   72.864
95296.0 92352.0 192.0   0.0   7501888.0 3503129.9 15379136.0 14363679.9 51392.0 51289.1    250   72.965   0      0.000   72.965
95296.0 92352.0 192.0   0.0   7501888.0 3503148.5 15379136.0 14363679.9 51392.0 51289.1    250   72.965   0      0.000   72.965
95296.0 92352.0 192.0   0.0   7501888.0 3503175.2 15379136.0 14363679.9 51392.0 51289.1    250   72.965   0      0.000   72.965
95296.0 92352.0 192.0   0.0   7501888.0 3503199.1 15379136.0 14363679.9 51392.0 51289.1    250   72.965   0      0.000   72.965
95296.0 92352.0 192.0   0.0   7501888.0 3503243.8 15379136.0 14363679.9 51392.0 51289.2    250   72.965   0      0.000   72.965
95296.0 92352.0 192.0   0.0   7501888.0 3503262.3 15379136.0 14363679.9 51392.0 51289.2    250   72.965   0      0.000   72.965
95296.0 92352.0 192.0   0.0   7501888.0 3503283.0 15379136.0 14363679.9 51392.0 51289.2    250   72.965   0      0.000   72.965
95296.0 92352.0 192.0   0.0   7501888.0 3503301.5 15379136.0 14363679.9 51392.0 51289.2    250   72.965   0      0.000   72.965
95296.0 92352.0 192.0   0.0   7501888.0 3503322.2 15379136.0 14363679.9 51392.0 51289.2    250   72.965   0      0.000   72.965
95296.0 92352.0 192.0   0.0   7501888.0 3503366.8 15379136.0 14363679.9 51392.0 51290.4    250   72.965   0      0.000   72.965
95296.0 92352.0 192.0   0.0   7501888.0 3503387.5 15379136.0 14363679.9 51392.0 51290.4    250   72.965   0      0.000   72.965
95296.0 92352.0 192.0   0.0   7501888.0 3503406.0 15379136.0 14363679.9 51392.0 51290.4    250   72.965   0      0.000   72.965
95296.0 92352.0 192.0   0.0   7501888.0 3503426.5 15379136.0 14363679.9 51392.0 51290.4    250   72.965   0      0.000   72.965
95296.0 92352.0 192.0   0.0   7501888.0 3503445.1 15379136.0 14363679.9 51392.0 51290.4    250   72.965   0      0.000   72.965
95296.0 92352.0 192.0   0.0   7501888.0 3503510.6 15379136.0 14363679.9 51392.0 51290.4    250   72.965   0      0.000   72.965
95296.0 92352.0 192.0   0.0   7501888.0 3503529.2 15379136.0 14363679.9 51392.0 51290.4    250   72.965   0      0.000   72.965
95296.0 92352.0 192.0   0.0   7501888.0 3503547.8 15379136.0 14363679.9 51392.0 51290.4    250   72.965   0      0.000   72.965
95296.0 92352.0 192.0   0.0   7501888.0 5040323.5 15379136.0 14363679.9 51392.0 51292.9    250   72.965   0      0.000   72.965
102080.0 85568.0  0.0   85530.2 7501888.0 1486731.2 15379136.0 14404271.2 51392.0 51292.9    251   73.184   0      0.000   73.184
102080.0 85568.0  0.0   85530.2 7501888.0 6236817.9 15379136.0 14404271.2 51392.0 51292.9    251   73.184   0      0.000   73.184
102080.0 113216.0 62056.1  0.0   7463104.0 2915346.3 15379136.0 14469462.0 51392.0 51292.9    252   73.360   0      0.000   73.360
102080.0 113216.0 62056.1  0.0   7463104.0 6969273.5 15379136.0 14469462.0 51392.0 51292.9    252   73.360   0      0.000   73.360
108288.0 113216.0  0.0   40592.1 7463104.0 4533772.4 15379136.0 14531330.2 51392.0 51292.9    253   73.463   0      0.000   73.463
108288.0 126720.0 102880.4  0.0   7436096.0 895836.4 15379136.0 14551825.9 51392.0 51292.9    254   73.735   0      0.000   73.735
108288.0 126720.0 102880.4  0.0   7436096.0 4485424.0 15379136.0 14551825.9 51392.0 51292.9    254   73.735   0      0.000   73.735
118656.0 126720.0  0.0   41471.7 7436096.0 647225.9 15379136.0 14551873.9 51392.0 51292.9    255   73.831   0      0.000   73.831
118656.0 126720.0  0.0   41471.7 7436096.0 4878355.2 15379136.0 14551873.9 51392.0 51293.3    255   73.831   0      0.000   73.831
118656.0 117504.0 256.0   0.0   7453376.0 1825238.9 15379136.0 14593137.6 51392.0 51293.3    256   73.926   0      0.000   73.926
118656.0 117504.0 256.0   0.0   7453376.0 6642709.5 15379136.0 14593137.6 51392.0 51293.3    256   73.926   0      0.000   73.926
115456.0 117504.0  0.0   256.0  7453376.0 3885991.5 15379136.0 14593177.6 51392.0 51293.3    257   74.021   0      0.000   74.021
115456.0 112576.0 352.0   0.0   7461504.0 1365317.9 15379136.0 14593257.6 51392.0 51293.3    258   74.383   0      0.000   74.383
115456.0 112576.0 352.0   0.0   7461504.0 3942692.1 15379136.0 14593257.6 51392.0 51293.3    258   74.383   0      0.000   74.383
115456.0 112576.0 352.0   0.0   7461504.0 4437669.9 15379136.0 14593257.6 51392.0 51293.3    258   74.383   0      0.000   74.383
115456.0 112576.0 352.0   0.0   7461504.0 4437694.7 15379136.0 14593257.6 51392.0 51293.3    258   74.383   0      0.000   74.383
115456.0 112576.0 352.0   0.0   7461504.0 4437744.1 15379136.0 14593257.6 51392.0 51293.3    258   74.383   0      0.000   74.383
115456.0 112576.0 352.0   0.0   7461504.0 4437762.8 15379136.0 14593257.6 51392.0 51293.3    258   74.383   0      0.000   74.383
115456.0 112576.0 352.0   0.0   7461504.0 4437783.4 15379136.0 14593257.6 51392.0 51293.3    258   74.383   0      0.000   74.383
115456.0 112576.0 352.0   0.0   7461504.0 4437802.0 15379136.0 14593257.6 51392.0 51293.3    258   74.383   0      0.000   74.383
115456.0 112576.0 352.0   0.0   7461504.0 4437822.7 15379136.0 14593257.6 51392.0 51293.3    258   74.383   0      0.000   74.383
115456.0 112576.0 352.0   0.0   7461504.0 4437869.7 15379136.0 14593257.6 51392.0 51293.3    258   74.383   0      0.000   74.383
115456.0 112576.0 352.0   0.0   7461504.0 4437890.3 15379136.0 14593257.6 51392.0 51293.3    258   74.383   0      0.000   74.383
115456.0 112576.0 352.0   0.0   7461504.0 4437906.9 15379136.0 14593257.6 51392.0 51293.3    258   74.383   0      0.000   74.383
115456.0 112576.0 352.0   0.0   7461504.0 4437927.6 15379136.0 14593257.6 51392.0 51293.3    258   74.383   0      0.000   74.383
115456.0 112576.0 352.0   0.0   7461504.0 6511183.4 15379136.0 14593257.6 51392.0 51295.2    258   74.383   0      0.000   74.383
108480.0 112576.0  0.0   4192.4 7461504.0 3688918.3 15379136.0 14593337.6 51392.0 51295.2    259   74.479   0      0.000   74.479
108480.0 105600.0 40985.3  0.0   7475456.0 767608.9 15379136.0 14597274.7 51392.0 51295.2    260   74.577   0      0.000   74.577
108480.0 105600.0 40985.3  0.0   7475456.0 5221929.4 15379136.0 14597274.7 51392.0 51295.2    260   74.577   0      0.000   74.577
91008.0 87168.0 224.0   0.0   7511360.0 4256494.0 15379136.0 14679343.4 51392.0 51295.6    266   75.515   0      0.000   75.515
91008.0 87168.0 224.0   0.0   7511360.0 4256562.2 15379136.0 14679343.4 51392.0 51295.6    266   75.515   0      0.000   75.515
91008.0 87168.0 224.0   0.0   7511360.0 4256607.1 15379136.0 14679343.4 51392.0 51295.6    266   75.515   0      0.000   75.515
91008.0 87168.0 224.0   0.0   7511360.0 4256627.7 15379136.0 14679343.4 51392.0 51295.6    266   75.515   0      0.000   75.515
91008.0 87168.0 224.0   0.0   7511360.0 4256646.3 15379136.0 14679343.4 51392.0 51295.6    266   75.515   0      0.000   75.515
91008.0 87168.0 224.0   0.0   7511360.0 4256664.9 15379136.0 14679343.4 51392.0 51295.6    266   75.515   0      0.000   75.515
91008.0 87168.0 224.0   0.0   7511360.0 4256685.5 15379136.0 14679343.4 51392.0 51295.6    266   75.515   0      0.000   75.515
91008.0 87168.0 224.0   0.0   7511360.0 4256731.4 15379136.0 14679343.4 51392.0 51295.6    266   75.515   0      0.000   75.515
91008.0 87168.0 224.0   0.0   7511360.0 4256750.0 15379136.0 14679343.4 51392.0 51295.6    266   75.515   0      0.000   75.515
91008.0 87168.0 224.0   0.0   7511360.0 4256768.6 15379136.0 14679343.4 51392.0 51295.6    266   75.515   0      0.000   75.515
91008.0 87168.0 224.0   0.0   7511360.0 4256789.1 15379136.0 14679343.4 51392.0 51295.6    266   75.515   0      0.000   75.515
91008.0 87168.0 224.0   0.0   7511360.0 4256807.8 15379136.0 14679343.4 51392.0 51295.6    266   75.515   0      0.000   75.515
91008.0 87168.0 224.0   0.0   7511360.0 4256850.3 15379136.0 14679343.4 51392.0 51295.6    266   75.515   0      0.000   75.515
91008.0 87168.0 224.0   0.0   7511360.0 4256868.9 15379136.0 14679343.4 51392.0 51295.6    266   75.515   0      0.000   75.515
91008.0 87168.0 224.0   0.0   7511360.0 4256911.9 15379136.0 14679343.4 51392.0 51295.6    266   75.515   0      0.000   75.515
91008.0 87168.0 224.0   0.0   7511360.0 5117596.3 15379136.0 14679343.4 51392.0 51300.1    266   75.515   0      0.000   75.515
93568.0 84608.0  0.0   84578.4 7511360.0 1787648.1 15379136.0 14720177.9 51392.0 51300.3    267   75.673   0      0.000   75.673
93568.0 84608.0  0.0   84578.4 7511360.0 6379321.7 15379136.0 14720177.9 51392.0 51300.3    267   75.673   0      0.000   75.673
93568.0 97472.0 20955.8  0.0   7494592.0 3217121.4 15379136.0 14804586.1 51392.0 51300.3    268   75.872   0      0.000   75.872
91392.0 97472.0  0.0   16672.0 7494592.0 316404.1 15379136.0 14825445.9 51392.0 51300.3    269   75.968   0      0.000   75.968
91392.0 97472.0  0.0   16672.0 7494592.0 4641910.9 15379136.0 14825445.9 51392.0 51301.7    269   75.968   0      0.000   75.968
91392.0 105984.0 81079.8  0.0   7477568.0 2226480.1 15379136.0 14825501.9 51392.0 51301.7    270   76.065   0      0.000   76.065
91392.0 105984.0 81079.8  0.0   7477568.0 6563085.3 15379136.0 14825501.9 51392.0 51301.7    270   76.065   0      0.000   76.065
103168.0 105984.0  0.0   288.0  7477568.0 6036694.6 15379136.0 14825573.9 51392.0 51301.9    271   76.160   0      0.000   76.160
103168.0 116224.0 82187.6  0.0   7457088.0 3633034.9 15379136.0 14825661.9 51392.0 51302.5    272   76.262   0      0.000   76.262
113152.0 116224.0  0.0   288.0  7457088.0 672014.0 15379136.0 14866965.6 51392.0 51302.5    273   76.382   0      0.000   76.382
113152.0 116224.0  0.0   288.0  7457088.0 5045721.2 15379136.0 14866965.6 51392.0 51302.5    273   76.382   0      0.000   76.382
113152.0 109632.0 42020.6  0.0   7466752.0 2519842.6 15379136.0 14867021.6 51392.0 51302.9    274   76.479   0      0.000   76.479
113152.0 109632.0 42020.6  0.0   7466752.0 6912182.5 15379136.0 14867021.6 51392.0 51303.2    274   76.479   0      0.000   76.479
106688.0 109632.0  0.0   608.0  7466752.0 3222694.8 15379136.0 14908840.8 51392.0 51303.2    275   76.597   0      0.000   76.597
106688.0 109632.0  0.0   608.0  7466752.0 6842022.1 15379136.0 14908840.8 51392.0 51303.2    275   76.597   0      0.000   76.597
106688.0 103232.0 320.0   0.0   7479616.0 2802266.7 15379136.0 14909208.9 51392.0 51303.2    276   76.691   0      0.000   76.691
106688.0 103232.0 320.0   0.0   7479616.0 3529793.7 15379136.0 14909208.9 51392.0 51303.2    276   76.691   0      0.000   76.691
106688.0 103232.0 320.0   0.0   7479616.0 3529814.4 15379136.0 14909208.9 51392.0 51303.2    276   76.691   0      0.000   76.691
106688.0 103232.0 320.0   0.0   7479616.0 3529835.0 15379136.0 14909208.9 51392.0 51303.2    276   76.691   0      0.000   76.691
106688.0 103232.0 320.0   0.0   7479616.0 3529855.6 15379136.0 14909208.9 51392.0 51303.2    276   76.691   0      0.000   76.691
106688.0 103232.0 320.0   0.0   7479616.0 3529874.1 15379136.0 14909208.9 51392.0 51303.2    276   76.691   0      0.000   76.691
106688.0 103232.0 320.0   0.0   7479616.0 3529920.3 15379136.0 14909208.9 51392.0 51303.2    276   76.691   0      0.000   76.691
106688.0 103232.0 320.0   0.0   7479616.0 3529936.7 15379136.0 14909208.9 51392.0 51303.2    276   76.691   0      0.000   76.691
106688.0 103232.0 320.0   0.0   7479616.0 3529957.5 15379136.0 14909208.9 51392.0 51303.2    276   76.691   0      0.000   76.691
106688.0 103232.0 320.0   0.0   7479616.0 6499875.2 15379136.0 14909208.9 51392.0 51308.8    276   76.691   0      0.000   76.691
95488.0 103232.0  0.0   24702.0 7479616.0 3447221.7 15379136.0 14909264.9 51392.0 51308.9    277   76.797   0      0.000   76.797
95488.0 94592.0 41230.9  0.0   7499456.0 703554.5 15379136.0 14933798.7 51392.0 51308.9    278   76.895   0      0.000   76.895
95488.0 94592.0 41230.9  0.0   7499456.0 4973340.7 15379136.0 14933798.7 51392.0 51308.9    278   76.895   0      0.000   76.895
89344.0 94592.0  0.0   16640.0 7499456.0 2097379.6 15379136.0 14974897.7 51392.0 51308.9    279   76.995   0      0.000   76.995
89344.0 94592.0  0.0   16640.0 7499456.0 7258778.8 15379136.0 14974897.7 51392.0 51308.9    279   76.995   0      0.000   76.995
89344.0 103680.0 81245.9  0.0   7482176.0 2958614.1 15379136.0 15035495.9 51392.0 51308.9    280   77.103   0      0.000   77.103
89344.0 103680.0 81245.9  0.0   7482176.0 6823126.6 15379136.0 15035495.9 51392.0 51308.9    280   77.103   0      0.000   77.103
101568.0 103680.0  0.0   288.0  7482176.0 3603968.3 15379136.0 15035519.9 51392.0 51308.9    281   77.201   0      0.000   77.201
101568.0 98880.0 256.0   0.0   7489088.0 961365.5 15379136.0 15035591.9 51392.0 51308.9    282   77.296   0      0.000   77.296
101568.0 98880.0 256.0   0.0   7489088.0 5127819.5 15379136.0 15035591.9 51392.0 51308.9    282   77.296   0      0.000   77.296
95680.0 98880.0  0.0   256.0  7489088.0 1599848.1 15379136.0 15035615.9 51392.0 51308.9    283   77.393   0      0.000   77.393
95680.0 98880.0  0.0   256.0  7489088.0 5323266.2 15379136.0 15035615.9 51392.0 51308.9    283   77.393   0      0.000   77.393
95680.0 92160.0 352.0   0.0   7501696.0 1186232.3 15379136.0 15035655.9 51392.0 51309.2    284   77.488   0      0.000   77.488
95680.0 92160.0 352.0   0.0   7501696.0 2684506.0 15379136.0 15035655.9 51392.0 51309.6    284   77.488   0      0.000   77.488
95680.0 92160.0 352.0   0.0   7501696.0 3537472.4 15379136.0 15035655.9 51392.0 51309.6    284   77.488   0      0.000   77.488
95680.0 92160.0 352.0   0.0   7501696.0 3537526.1 15379136.0 15035655.9 51392.0 51309.6    284   77.488   0      0.000   77.488
95680.0 92160.0 352.0   0.0   7501696.0 3537544.6 15379136.0 15035655.9 51392.0 51309.6    284   77.488   0      0.000   77.488
95680.0 92160.0 352.0   0.0   7501696.0 3537563.2 15379136.0 15035655.9 51392.0 51309.6    284   77.488   0      0.000   77.488
95680.0 92160.0 352.0   0.0   7501696.0 3537581.8 15379136.0 15035655.9 51392.0 51309.6    284   77.488   0      0.000   77.488
95680.0 92160.0 352.0   0.0   7501696.0 3537602.4 15379136.0 15035655.9 51392.0 51309.6    284   77.488   0      0.000   77.488
95680.0 92160.0 352.0   0.0   7501696.0 3537648.0 15379136.0 15035655.9 51392.0 51309.6    284   77.488   0      0.000   77.488
95680.0 92160.0 352.0   0.0   7501696.0 3537668.6 15379136.0 15035655.9 51392.0 51311.1    284   77.488   0      0.000   77.488
95680.0 92160.0 352.0   0.0   7501696.0 3537687.1 15379136.0 15035655.9 51392.0 51311.1    284   77.488   0      0.000   77.488
95680.0 92160.0 352.0   0.0   7501696.0 3537707.8 15379136.0 15035655.9 51392.0 51311.1    284   77.488   0      0.000   77.488
95680.0 92160.0 352.0   0.0   7501696.0 4125532.1 15379136.0 15035655.9 51392.0 51315.6    284   77.488   0      0.000   77.488
95680.0 92160.0 352.0   0.0   7501696.0 7501696.0 15379136.0 15035655.9 51392.0 51315.6    284   77.488   0      0.000   77.488
93888.0 92160.0  0.0   44345.9 7501696.0 4345258.1 15379136.0 15035719.9 51392.0 51315.6    285   77.593   0      0.000   77.593
93888.0 87040.0 20955.8  0.0   7508608.0 1191983.8 15379136.0 15079886.6 51392.0 51315.6    286   77.691   0      0.000   77.691
93888.0 87040.0 20955.8  0.0   7508608.0 5218942.4 15379136.0 15079886.6 51392.0 51315.6    286   77.691   0      0.000   77.691
84480.0 87040.0  0.0   33056.0 7508608.0 2278567.0 15379136.0 15100754.4 51392.0 51315.6    287   77.787   0      0.000   77.787
84480.0 87040.0  0.0   33056.0 7508608.0 5656926.7 15379136.0 15100754.4 51392.0 51315.6    287   77.787   0      0.000   77.787
84480.0 78912.0 20424.0  0.0   7526144.0 2407890.6 15379136.0 15100786.4 51392.0 51315.6    288   77.892   0      0.000   77.892
84480.0 78912.0 20424.0  0.0   7526144.0 5910033.1 15379136.0 15100786.4 51392.0 51315.6    288   77.892   0      0.000   77.892
86144.0 57856.0  0.0   57855.7 7526144.0 2301111.6 15379136.0 15120994.4 51392.0 51315.6    289   77.995   0      0.000   77.995
86144.0 84736.0 288.0   0.0   7518656.0 3630444.9 15379136.0 15121002.4 51392.0 51315.6    290   78.089   0      0.000   78.089
82688.0 84736.0  0.0   288.0  7518656.0 642793.1 15379136.0 15121066.4 51392.0 51315.6    291   78.185   0      0.000   78.185
82688.0 84736.0  0.0   288.0  7518656.0 4956000.3 15379136.0 15121066.4 51392.0 51315.6    291   78.185   0      0.000   78.185
82688.0 80256.0 384.0   0.0   7526592.0 2138291.1 15379136.0 15121122.4 51392.0 51316.7    292   78.283   0      0.000   78.283
82688.0 80256.0 384.0   0.0   7526592.0 3336940.3 15379136.0 15121122.4 51392.0 51316.7    292   78.283   0      0.000   78.283
82688.0 80256.0 384.0   0.0   7526592.0 3336987.8 15379136.0 15121122.4 51392.0 51318.4    292   78.283   0      0.000   78.283
82688.0 80256.0 384.0   0.0   7526592.0 3337014.6 15379136.0 15121122.4 51392.0 51318.4    292   78.283   0      0.000   78.283
82688.0 80256.0 384.0   0.0   7526592.0 3337033.1 15379136.0 15121122.4 51392.0 51318.4    292   78.283   0      0.000   78.283
82688.0 80256.0 384.0   0.0   7526592.0 3337053.7 15379136.0 15121122.4 51392.0 51318.4    292   78.283   0      0.000   78.283
82688.0 80256.0 384.0   0.0   7526592.0 3337072.3 15379136.0 15121122.4 51392.0 51318.4    292   78.283   0      0.000   78.283
82688.0 80256.0 384.0   0.0   7526592.0 3337120.2 15379136.0 15121122.4 51392.0 51318.4    292   78.283   0      0.000   78.283
82688.0 80256.0 384.0   0.0   7526592.0 3337138.7 15379136.0 15121122.4 51392.0 51318.4    292   78.283   0      0.000   78.283
82688.0 80256.0 384.0   0.0   7526592.0 3337159.2 15379136.0 15121122.4 51392.0 51318.4    292   78.283   0      0.000   78.283
82688.0 80256.0 384.0   0.0   7526592.0 3337177.9 15379136.0 15121122.4 51392.0 51318.4    292   78.283   0      0.000   78.283
82688.0 80256.0 384.0   0.0   7526592.0 3337198.4 15379136.0 15121122.4 51392.0 51318.4    292   78.283   0      0.000   78.283
82688.0 80256.0 384.0   0.0   7526592.0 3337238.4 15379136.0 15121122.4 51392.0 51318.4    292   78.283   0      0.000   78.283
82688.0 80256.0 384.0   0.0   7526592.0 3337258.9 15379136.0 15121122.4 51392.0 51318.4    292   78.283   0      0.000   78.283
82688.0 80256.0 384.0   0.0   7526592.0 3337277.4 15379136.0 15121122.4 51392.0 51318.4    292   78.283   0      0.000   78.283
82688.0 80256.0 384.0   0.0   7526592.0 3476590.3 15379136.0 15121122.4 51392.0 51324.0    292   78.283   0      0.000   78.283
91456.0 66304.0  0.0   66281.6 7526592.0 1624302.5 15379136.0 15121186.4 51392.0 51324.2    293   78.379   0      0.000   78.379
91456.0 66304.0  0.0   66281.6 7526592.0 6106240.5 15379136.0 15121186.4 51392.0 51325.0    293   78.379   0      0.000   78.379
91456.0 98688.0 61929.7  0.0   7492160.0 3087983.6 15379136.0 15125114.6 51392.0 51325.0    294   78.481   0      0.000   78.481
91456.0 98688.0 61929.7  0.0   7492160.0 7333076.7 15379136.0 15125114.6 51392.0 51325.0    294   78.481   0      0.000   78.481
96320.0 98688.0  0.0   288.0  7492160.0 4386970.0 15379136.0 15186864.4 51392.0 51325.0    295   78.584   0      0.000   78.584
96320.0 109824.0 80868.8  0.0   7469888.0 1320680.3 15379136.0 15248015.8 51392.0 51325.0    296   78.694   0      0.000   78.694
96320.0 109824.0 80868.8  0.0   7469888.0 5327588.9 15379136.0 15248015.8 51392.0 51325.6    296   78.694   0      0.000   78.694
105856.0 109824.0  0.0   41503.7 7469888.0 2530147.1 15379136.0 15248071.8 51392.0 51325.6    297   78.800   0      0.000   78.800
105856.0 109824.0  0.0   41503.7 7469888.0 6564000.6 15379136.0 15248071.8 51392.0 51325.6    297   78.800   0      0.000   78.800
105856.0 100352.0 36918.0  0.0   7483328.0 3234142.6 15379136.0 15289359.4 51392.0 51325.6    298   78.937   0      0.000   78.937
105856.0 100352.0 36918.0  32.0  7483328.0 7483328.0 15379136.0 15289367.4 51392.0 51325.6    299   78.937   0      0.000   78.937
99008.0 100352.0  0.0   288.0  7483328.0 4429971.5 15379136.0 15289407.4 51392.0 51325.6    299   79.031   0      0.000   79.031
99008.0 95552.0 8512.0  0.0   7494976.0 1328714.1 15379136.0 15289463.4 51392.0 51326.4    300   79.128   0      0.000   79.128
99008.0 95552.0 8512.0  0.0   7494976.0 3291726.0 15379136.0 15289463.4 51392.0 51326.4    300   79.128   0      0.000   79.128
99008.0 95552.0 8512.0  0.0   7494976.0 3470620.4 15379136.0 15289463.4 51392.0 51326.4    300   79.128   0      0.000   79.128
99008.0 95552.0 8512.0  0.0   7494976.0 3470649.1 15379136.0 15289463.4 51392.0 51326.4    300   79.128   0      0.000   79.128
99008.0 95552.0 8512.0  0.0   7494976.0 3470693.0 15379136.0 15289463.4 51392.0 51326.4    300   79.128   0      0.000   79.128
99008.0 95552.0 8512.0  0.0   7494976.0 3470715.9 15379136.0 15289463.4 51392.0 51326.4    300   79.128   0      0.000   79.128
99008.0 95552.0 8512.0  0.0   7494976.0 3470734.5 15379136.0 15289463.4 51392.0 51326.4    300   79.128   0      0.000   79.128
99008.0 95552.0 8512.0  0.0   7494976.0 3470753.2 15379136.0 15289463.4 51392.0 51326.4    300   79.128   0      0.000   79.128
99008.0 95552.0 8512.0  0.0   7494976.0 3470771.7 15379136.0 15289463.4 51392.0 51326.4    300   79.128   0      0.000   79.128
99008.0 95552.0 8512.0  0.0   7494976.0 3470818.9 15379136.0 15289463.4 51392.0 51326.4    300   79.128   0      0.000   79.128
99008.0 95552.0 8512.0  0.0   7494976.0 3470837.5 15379136.0 15289463.4 51392.0 51326.4    300   79.128   0      0.000   79.128
99008.0 95552.0 8512.0  0.0   7494976.0 3536572.2 15379136.0 15289463.4 51392.0 51326.9    300   79.128   0      0.000   79.128
99008.0 95552.0 8512.0  0.0   7494976.0 6457542.6 15379136.0 15289463.4 51392.0 51327.2    300   79.128   0      0.000   79.128
89216.0 95552.0  0.0   24125.9 7494976.0 2952074.9 15379136.0 15289495.4 51392.0 51327.2    301   79.464   0      0.000   79.464
89216.0 95552.0  0.0   24125.9 7494976.0 7339207.3 15379136.0 15289495.4 51392.0 51327.2    301   79.464   0      0.000   79.464
89216.0 84032.0 20348.0  0.0   7516288.0   0.0    15379136.0 15313486.1 51392.0 51327.2    302   79.561   1      0.000   79.561
89216.0 84032.0 20348.0  0.0   7516288.0   0.0    15379136.0 15313486.1 51392.0 51327.2    302   79.561   1      0.000   79.561
89216.0 84032.0 20348.0  0.0   7516288.0   0.0    15379136.0 15313486.1 51392.0 51327.2    302   79.561   1      0.000   79.561
89216.0 84032.0  0.0    0.0   7516288.0 4109087.1 15379136.0 1870986.5  103168.0 51327.5    302   79.561   1      6.473   86.034
89216.0 84032.0  0.0   320.0  7516288.0   0.0    15379136.0 1870986.5  103168.0 51327.5    303   79.561   1      6.473   86.034
82688.0 84032.0  0.0   320.0  7516288.0 5119365.9 15379136.0 1870986.5  103168.0 51327.5    303   79.798   1      6.473   86.272
82688.0 95488.0 74271.7  0.0   7498560.0 2372210.4 15379136.0 1891698.4  103168.0 51327.5    304   80.153   1      6.473   86.627
82688.0 95488.0 74271.7  0.0   7498560.0 6332046.0 15379136.0 1891698.4  103168.0 51327.5    304   80.153   1      6.473   86.627
93632.0 95488.0  0.0   288.0  7498560.0 3544401.9 15379136.0 1891770.4  103168.0 51327.5    305   80.394   1      6.473   86.868
93632.0 95488.0 288.0  288.0  7498560.0 7498560.0 15379136.0 1891850.4  103168.0 51327.5    306   80.394   1      6.473   87.255
93632.0 91200.0 288.0   0.0   7504704.0 4751155.1 15379136.0 1891858.4  103168.0 51327.5    306   80.781   1      6.473   87.255
88320.0 91200.0  0.0   192.0  7504704.0 1949818.1 15379136.0 1891922.4  103168.0 51327.6    307   80.879   1      6.473   87.352
88320.0 91200.0  0.0   192.0  7504704.0 5869732.6 15379136.0 1891922.4  103168.0 51327.9    307   80.879   1      6.473   87.352
88320.0 85120.0 160.0   0.0   7516096.0 2368747.2 15379136.0 1891962.4  103168.0 51328.0    308   81.149   1      6.473   87.623
88320.0 85120.0 160.0   0.0   7516096.0 3087351.6 15379136.0 1891962.4  103168.0 51328.0    308   81.149   1      6.473   87.623
88320.0 85120.0 160.0   0.0   7516096.0 3087374.4 15379136.0 1891962.4  103168.0 51328.0    308   81.149   1      6.473   87.623
88320.0 85120.0 160.0   0.0   7516096.0 3087390.9 15379136.0 1891962.4  103168.0 51328.0    308   81.149   1      6.473   87.623
88320.0 85120.0 160.0   0.0   7516096.0 3087405.4 15379136.0 1891962.4  103168.0 51328.0    308   81.149   1      6.473   87.623
88320.0 85120.0 160.0   0.0   7516096.0 3087447.0 15379136.0 1891962.4  103168.0 51328.0    308   81.149   1      6.473   87.623
88320.0 85120.0 160.0   0.0   7516096.0 3087461.5 15379136.0 1891962.4  103168.0 51328.0    308   81.149   1      6.473   87.623
88320.0 85120.0 160.0   0.0   7516096.0 3087478.0 15379136.0 1891962.4  103168.0 51328.0    308   81.149   1      6.473   87.623
88320.0 85120.0 160.0   0.0   7516096.0 3087492.4 15379136.0 1891962.4  103168.0 51328.0    308   81.149   1      6.473   87.623
88320.0 85120.0 160.0   0.0   7516096.0 3452825.6 15379136.0 1891962.4  103168.0 51335.1    308   81.149   1      6.473   87.623
88320.0 85120.0 160.0   0.0   7516096.0 7516096.0 15379136.0 1891962.4  103168.0 51335.1    309   81.149   1      6.473   87.623
88256.0 85120.0  0.0   45132.7 7516096.0 4013457.3 15379136.0 1892034.4  103168.0 51335.1    309   81.427   1      6.473   87.900
88256.0 85120.0 320.0  45132.7 7516096.0 7516096.0 15379136.0 1894226.7  103168.0 51335.1    310   81.427   1      6.473   87.900
88256.0 88576.0 40528.6  0.0   7512384.0 3884996.9 15379136.0 1937005.8  103168.0 51335.1    310   82.515   1      6.473   88.988
88256.0 88576.0 40528.6 8512.0 7512384.0 7512384.0 15379136.0 1977322.5  103168.0 51335.1    311   82.515   1      6.473   88.988
84608.0 88576.0  0.0   8512.0 7512384.0 4564162.0 15379136.0 1977322.5  103168.0 51335.1    311   83.484   1      6.473   89.957
84608.0 80640.0 8416.0  0.0   7524288.0 1703845.6 15379136.0 1977370.5  103168.0 51335.1    312   83.884   1      6.473   90.357
84608.0 80640.0 8416.0  0.0   7524288.0 6414055.8 15379136.0 1977370.5  103168.0 51335.1    312   83.884   1      6.473   90.357
82368.0 80640.0  0.0   41535.7 7524288.0 3495287.4 15379136.0 1977450.5  103168.0 51335.1    313   84.244   1      6.473   90.717
77696.0 74816.0 320.0   0.0   7537024.0 3043073.3 15379136.0 1977682.5  103168.0 51335.1    316   85.186   1      6.473   91.659
77696.0 74816.0 320.0   0.0   7537024.0 3043159.4 15379136.0 1977682.5  103168.0 51335.1    316   85.186   1      6.473   91.659
77696.0 74816.0 320.0   0.0   7537024.0 3043178.0 15379136.0 1977682.5  103168.0 51335.1    316   85.186   1      6.473   91.659
77696.0 74816.0 320.0   0.0   7537024.0 3043204.8 15379136.0 1977682.5  103168.0 51335.1    316   85.186   1      6.473   91.659
77696.0 74816.0 320.0   0.0   7537024.0 3043219.2 15379136.0 1977682.5  103168.0 51335.1    316   85.186   1      6.473   91.659
77696.0 74816.0 320.0   0.0   7537024.0 3043245.9 15379136.0 1977682.5  103168.0 51335.1    316   85.186   1      6.473   91.659
77696.0 74816.0 320.0   0.0   7537024.0 3043286.3 15379136.0 1977682.5  103168.0 51335.1    316   85.186   1      6.473   91.659
77696.0 74816.0 320.0   0.0   7537024.0 3043302.7 15379136.0 1977682.5  103168.0 51335.1    316   85.186   1      6.473   91.659
77696.0 74816.0 320.0   0.0   7537024.0 3043327.4 15379136.0 1977682.5  103168.0 51335.1    316   85.186   1      6.473   91.659
77696.0 74816.0 320.0   0.0   7537024.0 3043343.9 15379136.0 1977682.5  103168.0 51335.1    316   85.186   1      6.473   91.659
77696.0 74816.0 320.0   0.0   7537024.0 3043358.4 15379136.0 1977682.5  103168.0 51335.1    316   85.186   1      6.473   91.659
77696.0 74816.0 320.0   0.0   7537024.0 3043406.1 15379136.0 1977682.5  103168.0 51335.1    316   85.186   1      6.473   91.659
77696.0 74816.0 320.0   0.0   7537024.0 3043422.5 15379136.0 1977682.5  103168.0 51335.1    316   85.186   1      6.473   91.659
77696.0 74816.0 320.0   0.0   7537024.0 3461884.4 15379136.0 1977682.5  103168.0 51336.2    316   85.186   1      6.473   91.659
77696.0 74816.0 320.0   0.0   7537024.0 7537024.0 15379136.0 1977682.5  103168.0 51336.2    317   85.186   1      6.473   91.659
79360.0 44672.0  0.0   44658.3 7537024.0 4300617.6 15379136.0 1977746.5  103168.0 51336.2    317   85.397   1      6.473   91.871
79360.0 44672.0 288.0  44658.3 7537024.0 7537024.0 15379136.0 1998688.6  103168.0 51336.2    318   85.397   1      6.473   91.871
79360.0 88896.0 61345.0  0.0   7511744.0 4157237.9 15379136.0 2022285.7  103168.0 51336.2    318   86.200   1      6.473   92.673
79360.0 88896.0 61345.0 16704.0 7511744.0 7508489.2 15379136.0 2083390.7  103168.0 51336.2    319   86.200   1      6.473   92.673
83584.0 88896.0  0.0   16704.0 7511744.0 4836314.3 15379136.0 2083390.7  103168.0 51336.2    319   87.097   1      6.473   93.570
83584.0 81216.0 33024.0  0.0   7524736.0 2067735.4 15379136.0 2083454.7  103168.0 51336.2    320   87.345   1      6.473   93.818
83584.0 81216.0 33024.0  0.0   7524736.0 6779951.4 15379136.0 2083454.7  103168.0 51336.2    320   87.345   1      6.473   93.818
76032.0 81216.0  0.0   20895.8 7524736.0 3844975.1 15379136.0 2083542.7  103168.0 51336.2    321   87.635   1      6.473   94.109
76032.0 74752.0 288.0   0.0   7538752.0 3152140.1 15379136.0 2124846.4  103168.0 51336.2    322   88.607   1      6.473   95.080
76032.0 74752.0 288.0  192.0  7538752.0 7538752.0 15379136.0 2124918.4  103168.0 51336.2    323   88.607   1      6.473   95.080
73024.0 74752.0  0.0   192.0  7538752.0 4416522.1 15379136.0 2124918.4  103168.0 51336.2    323   88.964   1      6.473   95.438
73024.0 75712.0 41147.9  0.0   7538112.0 593308.8 15379136.0 2124998.4  103168.0 51336.2    324   89.117   1      6.473   95.591
73024.0 75712.0 41147.9  0.0   7538112.0 2992816.4 15379136.0 2124998.4  103168.0 51336.2    324   89.117   1      6.473   95.591
73024.0 75712.0 41147.9  0.0   7538112.0 2992843.1 15379136.0 2124998.4  103168.0 51336.2    324   89.117   1      6.473   95.591
73024.0 75712.0 41147.9  0.0   7538112.0 2992861.4 15379136.0 2124998.4  103168.0 51336.2    324   89.117   1      6.473   95.591
73024.0 75712.0 41147.9  0.0   7538112.0 2992910.2 15379136.0 2124998.4  103168.0 51336.2    324   89.117   1      6.473   95.591
73024.0 75712.0 41147.9  0.0   7538112.0 2992928.5 15379136.0 2124998.4  103168.0 51336.2    324   89.117   1      6.473   95.591
73024.0 75712.0 41147.9  0.0   7538112.0 2992950.9 15379136.0 2124998.4  103168.0 51336.2    324   89.117   1      6.473   95.591
73024.0 75712.0 41147.9  0.0   7538112.0 2992967.1 15379136.0 2124998.4  103168.0 51336.2    324   89.117   1      6.473   95.591
73024.0 75712.0 41147.9  0.0   7538112.0 2992987.4 15379136.0 2124998.4  103168.0 51336.2    324   89.117   1      6.473   95.591
73024.0 75712.0 41147.9  0.0   7538112.0 2993033.1 15379136.0 2124998.4  103168.0 51336.2    324   89.117   1      6.473   95.591
73024.0 75712.0 41147.9  0.0   7538112.0 2993053.3 15379136.0 2124998.4  103168.0 51336.2    324   89.117   1      6.473   95.591
73024.0 75712.0 41147.9  0.0   7538112.0 2993071.7 15379136.0 2124998.4  103168.0 51336.2    324   89.117   1      6.473   95.591
73024.0 75712.0 41147.9  0.0   7538112.0 2993092.1 15379136.0 2124998.4  103168.0 51336.2    324   89.117   1      6.473   95.591
73024.0 75712.0 41147.9  0.0   7538112.0 2993110.4 15379136.0 2124998.4  103168.0 51336.2    324   89.117   1      6.473   95.591
73024.0 75712.0 41147.9  0.0   7538112.0 4821752.3 15379136.0 2124998.4  103168.0 51336.9    324   89.117   1      6.473   95.591
71424.0 75712.0  0.0   24348.3 7538112.0 1255276.6 15379136.0 2125062.4  103168.0 51336.9    325   89.312   1      6.473   95.785
71424.0 75712.0  0.0   24348.3 7538112.0 6014618.4 15379136.0 2125062.4  103168.0 51336.9    325   89.312   1      6.473   95.785
71424.0 81088.0 61324.4  0.0   7527360.0 1805785.2 15379136.0 2149266.6  103168.0 51336.9    326   89.988   1      6.473   96.461
71424.0 81088.0 61324.4  0.0   7527360.0 6354467.5 15379136.0 2149266.6  103168.0 51336.9    326   89.988   1      6.473   96.461
78464.0 81088.0  0.0   8448.0 7527360.0 3036802.0 15379136.0 2210403.1  103168.0 51336.9    327   90.670   1      6.473   97.143
78464.0 81088.0 288.0  8448.0 7527360.0 7527360.0 15379136.0 2210475.1  103168.0 51336.9    328   90.670   1      6.473   97.143
78464.0 77056.0 288.0   0.0   7534016.0 4751290.8 15379136.0 2210475.1  103168.0 51336.9    328   90.874   1      6.473   97.347
84928.0 57856.0  0.0   57855.7 7534016.0 1401797.2 15379136.0 2210555.1  103168.0 51336.9    329   91.246   1      6.473   97.720
84928.0 57856.0  0.0   57855.7 7534016.0 5916532.1 15379136.0 2210555.1  103168.0 51336.9    329   91.246   1      6.473   97.720
84928.0 83200.0 320.0   0.0   7521408.0 1508880.7 15379136.0 2251850.8  103168.0 51337.0    330   92.207   1      6.473   98.680
84928.0 83200.0 320.0   0.0   7521408.0 6197597.4 15379136.0 2251850.8  103168.0 51337.0    330   92.207   1      6.473   98.680
80896.0 83200.0  0.0   544.0  7521408.0 3386929.0 15379136.0 2251890.8  103168.0 51337.0    331   92.216   1      6.473   98.689
80896.0 82816.0 41956.6  0.0   7523904.0 532099.3 15379136.0 2252301.4  103168.0 51337.0    332   92.232   1      6.473   98.706
80896.0 82816.0 41956.6  0.0   7523904.0 5142328.8 15379136.0 2252301.4  103168.0 51337.0    332   92.232   1      6.473   98.706
80576.0 82816.0  0.0   352.0  7523904.0 1083884.5 15379136.0 2294070.1  103168.0 51337.0    333   92.712   1      6.473   99.185
80576.0 82816.0  0.0   352.0  7523904.0 4405247.1 15379136.0 2294070.1  103168.0 51337.0    333   92.712   1      6.473   99.185
80576.0 78016.0 320.0   0.0   7530944.0 448671.0 15379136.0 2294150.1  103168.0 51337.0    334   92.791   1      6.473   99.264
80576.0 78016.0 320.0   0.0   7530944.0 2345836.0 15379136.0 2294150.1  103168.0 51337.0    334   92.791   1      6.473   99.264
80576.0 78016.0 320.0   0.0   7530944.0 2345854.4 15379136.0 2294150.1  103168.0 51337.0    334   92.791   1      6.473   99.264
80576.0 78016.0 320.0   0.0   7530944.0 2345901.7 15379136.0 2294150.1  103168.0 51337.0    334   92.791   1      6.473   99.264
80576.0 78016.0 320.0   0.0   7530944.0 2345920.0 15379136.0 2294150.1  103168.0 51337.0    334   92.791   1      6.473   99.264
80576.0 78016.0 320.0   0.0   7530944.0 2458818.7 15379136.0 2294150.1  103168.0 51337.7    334   92.791   1      6.473   99.264
80576.0 78016.0 320.0   0.0   7530944.0 4454132.1 15379136.0 2294150.1  103168.0 51338.2    334   92.791   1      6.473   99.264
89536.0 65728.0  0.0   65717.8 7530944.0 1004184.4 15379136.0 2294198.1  103168.0 51339.1    335   93.126   1      6.473   99.599
89536.0 65728.0  0.0   65717.8 7530944.0 5328607.3 15379136.0 2294198.1  103168.0 51339.1    335   93.126   1      6.473   99.599
89536.0 65728.0 320.0  65717.8 7530944.0 7530944.0 15379136.0 2359742.6  103168.0 51339.1    336   93.126   1      6.473   99.599
89536.0 86784.0 320.0   0.0   7513216.0 5454385.4 15379136.0 2359742.6  103168.0 51339.1    336   94.294   1      6.473  100.767
89856.0 86464.0  0.0   86434.7 7513216.0 2086129.1 15379136.0 2380409.3  103168.0 51339.1    337   95.025   1      6.473  101.498
89856.0 86464.0  0.0   86434.7 7513216.0 6683113.6 15379136.0 2380409.3  103168.0 51339.1    337   95.025   1      6.473  101.498
89856.0 101376.0 256.0   0.0   7486784.0 3276221.0 15379136.0 2380465.3  103168.0 51339.1    338   95.428   1      6.473  101.902
89856.0 101376.0 256.0  40671.8 7486784.0 7486784.0 15379136.0 2380545.3  103168.0 51339.1    339   95.428   1      6.473  101.902
114880.0 81920.0  0.0   81887.4 7486784.0 4416016.2 15379136.0 2380553.3  103168.0 51339.1    339   95.773   1      6.473  102.247
114880.0 111552.0 224.0   0.0   7463104.0 5277927.9 15379136.0 2380617.3  103168.0 51339.2    340   96.155   1      6.473  102.628
104256.0 111552.0  0.0   20882.0 7463104.0 1762226.0 15379136.0 2380705.3  103168.0 51339.2    341   96.567   1      6.473  103.040
104256.0 111552.0  0.0   20882.0 7463104.0 5807981.6 15379136.0 2380705.3  103168.0 51339.2    341   96.567   1      6.473  103.040
104256.0 97344.0 21778.7  0.0   7487936.0 1450186.5 15379136.0 2401377.0  103168.0 51339.3    342   97.508   1      6.473  103.982
104256.0 97344.0 21778.7  0.0   7487936.0 6952800.2 15379136.0 2401377.0  103168.0 51339.3    342   97.508   1      6.473  103.982
94656.0 97344.0  0.0   352.0  7487936.0 2401984.3 15379136.0 2422903.7  103168.0 51339.3    343   97.948   1      6.473  104.421
94656.0 97344.0  0.0   352.0  7487936.0 6114632.2 15379136.0 2422903.7  103168.0 51339.3    343   97.948   1      6.473  104.421
94656.0 91520.0 320.0   0.0   7503360.0 1727105.6 15379136.0 2422983.7  103168.0 51339.3    344   98.014   1      6.473  104.488
94656.0 91520.0 320.0   0.0   7503360.0 1727127.9 15379136.0 2422983.7  103168.0 51339.3    344   98.014   1      6.473  104.488
94656.0 91520.0 320.0   0.0   7503360.0 1727146.1 15379136.0 2422983.7  103168.0 51339.3    344   98.014   1      6.473  104.488
94656.0 91520.0 320.0   0.0   7503360.0 3653917.1 15379136.0 2422983.7  103168.0 51347.5    344   98.014   1      6.473  104.488
94656.0 91520.0 320.0  86260.4 7503360.0 7503360.0 15379136.0 2443702.4  103168.0 51347.5    345   98.014   1      6.473  104.488
99840.0 86336.0  0.0   86292.4 7503360.0 4442195.1 15379136.0 2443702.4  103168.0 51347.5    345   98.528   1      6.473  105.001
99840.0 86336.0 288.0  86292.4 7503360.0 7503360.0 15379136.0 2508706.9  103168.0 51347.5    346   98.528   1      6.473  105.001
99840.0 105152.0 288.0   0.0   7479232.0 4720011.1 15379136.0 2509130.9  103168.0 51347.5    346   99.449   1      6.473  105.923
82176.0 81408.0 33216.1  0.0   7525952.0 1822521.0 15379136.0 2529730.9  103168.0 51348.8    352  100.325   1      6.473  106.799
82176.0 81408.0 33216.1  0.0   7525952.0 4757300.2 15379136.0 2529730.9  103168.0 51348.8    352  100.325   1      6.473  106.799
90880.0 61888.0  0.0   61879.8 7525952.0 902075.5 15379136.0 2591775.9  103168.0 51348.8    353  100.352   1      6.473  106.825
90880.0 61888.0  0.0   61879.8 7525952.0 4195730.8 15379136.0 2591775.9  103168.0 51348.8    353  100.352   1      6.473  106.825
90880.0 61888.0  0.0   61879.8 7525952.0 7324297.5 15379136.0 2591775.9  103168.0 51348.8    353  100.352   1      6.473  106.825
90880.0 88192.0 288.0   0.0   7510464.0 1103975.6 15379136.0 2653446.4  103168.0 51350.8    354  100.434   1      6.473  106.907
90880.0 88192.0 288.0   0.0   7510464.0 1104020.2 15379136.0 2653446.4  103168.0 51350.8    354  100.434   1      6.473  106.907
90880.0 88192.0 288.0   0.0   7510464.0 1104040.6 15379136.0 2653446.4  103168.0 51350.8    354  100.434   1      6.473  106.907
90880.0 88192.0 288.0   0.0   7510464.0 2565005.4 15379136.0 2653446.4  103168.0 51355.4    354  100.434   1      6.473  106.907
90880.0 88192.0 288.0   0.0   7510464.0 6772677.7 15379136.0 2653446.4  103168.0 51355.4    354  100.434   1      6.473  106.907
93184.0 85888.0  0.0   85832.9 7510464.0 3994943.3 15379136.0 2653478.4  103168.0 51355.4    355  100.461   1      6.473  106.934
93184.0 85888.0 320.0  85832.9 7510464.0 7510464.0 15379136.0 2695656.3  103168.0 51355.4    356  100.461   1      6.473  106.934
93184.0 102272.0 320.0   0.0   7484992.0 4736543.0 15379136.0 2739125.1  103168.0 51355.4    356  101.212   1      6.473  107.685
95616.0 102272.0  0.0   18720.0 7484992.0 2148023.4 15379136.0 2739181.1  103168.0 51355.4    357  101.223   1      6.473  107.696
95616.0 102272.0  0.0   18720.0 7484992.0 6865621.3 15379136.0 2739181.1  103168.0 51355.4    357  101.223   1      6.473  107.696
95616.0 92672.0 256.0   0.0   7501248.0 3651894.1 15379136.0 2739237.1  103168.0 51355.4    358  101.233   1      6.473  107.706
85760.0 92672.0  0.0   20927.8 7501248.0 2750315.9 15379136.0 2739301.1  103168.0 51355.4    359  101.249   1      6.473  107.722
85760.0 92672.0  0.0   20927.8 7501248.0 6783915.0 15379136.0 2739301.1  103168.0 51355.4    359  101.249   1      6.473  107.722
85760.0 80256.0 16704.0  0.0   7523520.0 3964413.0 15379136.0 2801204.6  103168.0 51355.4    360  101.270   1      6.473  107.743
78016.0 80256.0  0.0   288.0  7523520.0 894051.0 15379136.0 2801268.6  103168.0 51355.4    361  101.280   1      6.473  107.754
78016.0 75328.0 288.0   0.0   7536192.0 1277075.0 15379136.0 2801332.6  103168.0 51356.5    362  101.290   1      6.473  107.764
78016.0 75328.0 288.0   0.0   7536192.0 1277142.1 15379136.0 2801332.6  103168.0 51356.5    362  101.290   1      6.473  107.764
78016.0 75328.0 288.0   0.0   7536192.0 1277160.4 15379136.0 2801332.6  103168.0 51356.5    362  101.290   1      6.473  107.764
78016.0 75328.0 288.0   0.0   7536192.0 1277208.5 15379136.0 2801332.6  103168.0 51356.5    362  101.290   1      6.473  107.764
78016.0 75328.0 288.0   0.0   7536192.0 1277226.8 15379136.0 2801332.6  103168.0 51356.5    362  101.290   1      6.473  107.764
78016.0 75328.0 288.0   0.0   7536192.0 1277247.2 15379136.0 2801332.6  103168.0 51356.5    362  101.290   1      6.473  107.764
78016.0 75328.0 288.0   0.0   7536192.0 1277265.4 15379136.0 2801332.6  103168.0 51356.5    362  101.290   1      6.473  107.764
78016.0 75328.0 288.0   0.0   7536192.0 1277285.7 15379136.0 2801332.6  103168.0 51356.5    362  101.290   1      6.473  107.764
78016.0 75328.0 288.0   0.0   7536192.0 1277331.4 15379136.0 2801332.6  103168.0 51356.5    362  101.290   1      6.473  107.764
78016.0 75328.0 288.0   0.0   7536192.0 1277351.7 15379136.0 2801332.6  103168.0 51356.5    362  101.290   1      6.473  107.764
78016.0 75328.0 288.0   0.0   7536192.0 1277371.9 15379136.0 2801332.6  103168.0 51356.5    362  101.290   1      6.473  107.764
78016.0 75328.0 288.0   0.0   7536192.0 1277392.2 15379136.0 2801332.6  103168.0 51356.5    362  101.290   1      6.473  107.764
78016.0 75328.0 288.0   0.0   7536192.0 3880091.8 15379136.0 2801332.6  103168.0 51358.7    362  101.290   1      6.473  107.764
78016.0 75328.0 288.0  65675.4 7536192.0 7536192.0 15379136.0 2842104.9  103168.0 51358.7    363  101.290   1      6.473  107.764
87424.0 65728.0  0.0   65707.4 7536192.0 4890035.1 15379136.0 2842104.9  103168.0 51358.9    363  101.613   1      6.473  108.087
87424.0 65728.0 320.0  65707.4 7536192.0 7536192.0 15379136.0 2844175.2  103168.0 51358.9    364  101.613   1      6.473  108.087
87424.0 84672.0 320.0   0.0   7517440.0 5164432.2 15379136.0 2886922.4  103168.0 51358.9    364  102.401   1      6.473  108.875
78592.0 84672.0  0.0   17664.0 7517440.0 2754892.1 15379136.0 2886954.4  103168.0 51358.9    365  102.415   1      6.473  108.888
78592.0 76032.0 256.0   0.0   7534912.0 1353473.9 15379136.0 2886994.4  103168.0 51358.9    366  102.425   1      6.473  108.898
78592.0 76032.0 256.0   0.0   7534912.0 6239184.7 15379136.0 2886994.4  103168.0 51358.9    366  102.425   1      6.473  108.898
84992.0 57856.0  0.0   57855.7 7534912.0 3854499.9 15379136.0 2887074.4  103168.0 51358.9    367  102.446   1      6.473  108.919
84992.0 82368.0 320.0   0.0   7522176.0 1547612.0 15379136.0 2928354.1  103168.0 51358.9    368  102.474   1      6.473  108.948
79296.0 82368.0  0.0   864.1  7522176.0 2130246.1 15379136.0 2928418.1  103168.0 51359.4    369  102.485   1      6.473  108.958
79296.0 81984.0 41668.6  0.0   7525568.0 2596440.9 15379136.0 2929124.8  103168.0 51359.7    370  102.504   1      6.473  108.978
79296.0 81984.0 41668.6  0.0   7525568.0 6895469.5 15379136.0 2929124.8  103168.0 51359.7    370  102.504   1      6.473  108.978
79168.0 81984.0  0.0   288.0  7525568.0 2747537.3 15379136.0 2970577.4  103168.0 51359.7    371  102.636   1      6.473  109.109
79168.0 81984.0  0.0   288.0  7525568.0 6138945.0 15379136.0 2970577.4  103168.0 51359.7    371  102.636   1      6.473  109.109
79168.0 76160.0 320.0   0.0   7534208.0 288904.9 15379136.0 2970633.4  103168.0 51359.7    372  102.646   1      6.473  109.119
79168.0 76160.0 320.0   0.0   7534208.0 289085.8 15379136.0 2970633.4  103168.0 51359.7    372  102.646   1      6.473  109.119
79168.0 76160.0 320.0   0.0   7534208.0 289108.1 15379136.0 2970633.4  103168.0 51359.7    372  102.646   1      6.473  109.119
79168.0 76160.0 320.0   0.0   7534208.0 289126.4 15379136.0 2970633.4  103168.0 51359.7    372  102.646   1      6.473  109.119
79168.0 76160.0 320.0   0.0   7534208.0 289146.6 15379136.0 2970633.4  103168.0 51359.7    372  102.646   1      6.473  109.119
79168.0 76160.0 320.0   0.0   7534208.0 289164.9 15379136.0 2970633.4  103168.0 51359.8    372  102.646   1      6.473  109.119
79168.0 76160.0 320.0   0.0   7534208.0 289212.0 15379136.0 2970633.4  103168.0 51359.8    372  102.646   1      6.473  109.119
79168.0 76160.0 320.0   0.0   7534208.0 289228.2 15379136.0 2970633.4  103168.0 51359.8    372  102.646   1      6.473  109.119
79168.0 76160.0 320.0   0.0   7534208.0 7534208.0 15379136.0 2970633.4  103168.0 51366.9    373  102.646   1      6.473  109.119
73216.0 76160.0  0.0   24606.0 7534208.0 5429628.8 15379136.0 2970665.4  103168.0 51366.9    373  102.662   1      6.473  109.135
73216.0 76480.0 41164.4  0.0   7536576.0 3410470.4 15379136.0 2995132.2  103168.0 51366.9    374  102.682   1      6.473  109.155
74112.0 76480.0  0.0   160.0  7536576.0 1612801.9 15379136.0 3036152.7  103168.0 51366.9    375  102.703   1      6.473  109.176
74112.0 76480.0  0.0   160.0  7536576.0 5974581.9 15379136.0 3036152.7  103168.0 51366.9    375  102.703   1      6.473  109.176
74112.0 74112.0 32992.0  0.0   7541312.0 3502712.8 15379136.0 3036200.7  103168.0 51366.9    376  102.723   1      6.473  109.196
71872.0 74112.0  0.0   288.0  7541312.0 873254.1 15379136.0 3036272.7  103168.0 51366.9    377  102.733   1      6.473  109.206
71872.0 74112.0  0.0   288.0  7541312.0 5529710.6 15379136.0 3036272.7  103168.0 51366.9    377  102.733   1      6.473  109.206
71872.0 75328.0 41471.7  0.0   7538880.0 2692800.3 15379136.0 3036360.7  103168.0 51366.9    378  102.753   1      6.473  109.226
71872.0 75328.0 41471.7  0.0   7538880.0 7472536.5 15379136.0 3036360.7  103168.0 51366.9    378  102.753   1      6.473  109.226
85312.0 61760.0  0.0   61711.7 7538880.0 5985410.7 15379136.0 3077640.3  103168.0 51370.1    379  103.011   1      6.473  109.484
85312.0 85696.0 41508.6  0.0   7518144.0 2769702.5 15379136.0 3078638.1  103168.0 51370.1    380  103.214   1      6.473  109.687
85312.0 85696.0 41508.6  0.0   7518144.0 7060220.3 15379136.0 3078638.1  103168.0 51370.1    380  103.214   1      6.473  109.687
84032.0 85696.0  0.0   256.0  7518144.0 2669226.3 15379136.0 3119902.8  103168.0 51370.1    381  103.394   1      6.473  109.867
84032.0 85696.0  0.0   256.0  7518144.0 6123790.6 15379136.0 3119902.8  103168.0 51370.1    381  103.394   1      6.473  109.867
84032.0 85696.0  0.0   256.0  7518144.0 6876182.4 15379136.0 3119902.8  103168.0 51370.5    381  103.394   1      6.473  109.867
84032.0 85696.0  0.0   256.0  7518144.0 6876202.8 15379136.0 3119902.8  103168.0 51370.5    381  103.394   1      6.473  109.867
84032.0 85696.0  0.0   256.0  7518144.0 6876221.2 15379136.0 3119902.8  103168.0 51370.5    381  103.394   1      6.473  109.867
84032.0 85696.0  0.0   256.0  7518144.0 6876270.6 15379136.0 3119902.8  103168.0 51370.5    381  103.394   1      6.473  109.867
84032.0 85696.0  0.0   256.0  7518144.0 6876288.8 15379136.0 3119902.8  103168.0 51370.5    381  103.394   1      6.473  109.867
84032.0 85696.0  0.0   256.0  7518144.0 6876309.0 15379136.0 3119902.8  103168.0 51370.5    381  103.394   1      6.473  109.867
84032.0 85696.0  0.0   256.0  7518144.0 6876329.4 15379136.0 3119902.8  103168.0 51370.5    381  103.394   1      6.473  109.867
84032.0 85696.0  0.0   256.0  7518144.0 6989354.5 15379136.0 3119902.8  103168.0 51371.3    381  103.394   1      6.473  109.867
84032.0 78336.0 20864.5  0.0   7527168.0 3401709.9 15379136.0 3119950.8  103168.0 51371.6    382  103.411   1      6.473  109.884
87168.0 61888.0  0.0   61865.7 7527168.0 358269.3 15379136.0 3124252.9  103168.0 51371.6    383  103.434   1      6.473  109.907
87168.0 61888.0  0.0   61865.7 7527168.0 4785272.9 15379136.0 3124252.9  103168.0 51371.6    383  103.434   1      6.473  109.907
87168.0 85696.0 256.0   0.0   7516672.0 2140151.2 15379136.0 3185994.7  103168.0 51371.6    384  103.455   1      6.473  109.928
87168.0 85696.0 256.0   0.0   7516672.0 6870275.9 15379136.0 3185994.7  103168.0 51371.6    384  103.455   1      6.473  109.928
79680.0 85696.0  0.0   24584.1 7516672.0 4225715.4 15379136.0 3186066.7  103168.0 51371.6    385  103.471   1      6.473  109.944
79680.0 83520.0 49641.8  0.0   7522496.0 1812924.2 15379136.0 3186106.7  103168.0 51371.6    386  103.490   1      6.473  109.963
79680.0 83520.0 49641.8  0.0   7522496.0 6541486.5 15379136.0 3186106.7  103168.0 51371.6    386  103.490   1      6.473  109.963
83328.0 83520.0  0.0   41535.7 7522496.0 3936244.2 15379136.0 3186186.7  103168.0 51371.6    387  103.511   1      6.473  109.984
83328.0 82560.0 288.0   0.0   7523648.0 921181.8 15379136.0 3186266.7  103168.0 51371.6    388  103.521   1      6.473  109.994
83328.0 82560.0 288.0   0.0   7523648.0 6074315.7 15379136.0 3186266.7  103168.0 51371.6    388  103.521   1      6.473  109.994
81152.0 82560.0  0.0   288.0  7523648.0 3429804.6 15379136.0 3186338.7  103168.0 51371.6    389  103.531   1      6.473  110.004
81152.0 82560.0  0.0   288.0  7523648.0 6970751.5 15379136.0 3186338.7  103168.0 51371.6    389  103.531   1      6.473  110.004
81152.0 82496.0 42276.6  0.0   7524544.0 3163469.9 15379136.0 3186402.7  103168.0 51371.6    390  103.551   1      6.473  110.024
81152.0 82496.0 42276.6  0.0   7524544.0 6312289.1 15379136.0 3186402.7  103168.0 51371.6    390  103.551   1      6.473  110.024
80896.0 82496.0  0.0   320.0  7524544.0 2482451.3 15379136.0 3228477.1  103168.0 51371.6    391  103.571   1      6.473  110.045
80896.0 82496.0  0.0   320.0  7524544.0 5388507.6 15379136.0 3228477.1  103168.0 51371.6    391  103.571   1      6.473  110.045
80896.0 82496.0  0.0   320.0  7524544.0 6167390.7 15379136.0 3228477.1  103168.0 51371.6    391  103.571   1      6.473  110.045
80896.0 82496.0  0.0   320.0  7524544.0 6167411.1 15379136.0 3228477.1  103168.0 51371.6    391  103.571   1      6.473  110.045
80896.0 82496.0  0.0   320.0  7524544.0 6167431.4 15379136.0 3228477.1  103168.0 51371.6    391  103.571   1      6.473  110.045
80896.0 82496.0  0.0   320.0  7524544.0 6167478.9 15379136.0 3228477.1  103168.0 51371.6    391  103.571   1      6.473  110.045
80896.0 82496.0  0.0   320.0  7524544.0 6167497.2 15379136.0 3228477.1  103168.0 51371.6    391  103.571   1      6.473  110.045
80896.0 82496.0  0.0   320.0  7524544.0 6167515.5 15379136.0 3228477.1  103168.0 51371.6    391  103.571   1      6.473  110.045
80896.0 78400.0 2592.5  0.0   7530240.0 966599.5 15379136.0 3228549.1  103168.0 51406.2    392  103.582   1      6.473  110.055
80896.0 78400.0 2592.5  0.0   7530240.0 5247073.8 15379136.0 3228549.1  103168.0 51406.2    392  103.582   1      6.473  110.055
76032.0 78400.0  0.0   288.0  7530240.0 2250258.9 15379136.0 3230984.2  103168.0 51406.3    393  103.593   1      6.473  110.066
76032.0 78400.0  0.0   288.0  7530240.0 6434755.2 15379136.0 3230984.2  103168.0 51406.3    393  103.593   1      6.473  110.066
76032.0 73344.0 256.0   0.0   7540160.0 3807100.5 15379136.0 3231040.2  103168.0 51406.3    394  103.604   1      6.473  110.077
70464.0 73344.0  0.0   288.0  7540160.0 586679.4 15379136.0 3231096.2  103168.0 51406.3    395  103.614   1      6.473  110.087
70464.0 73344.0  0.0   288.0  7540160.0 5794288.6 15379136.0 3231096.2  103168.0 51406.3    395  103.614   1      6.473  110.087
70464.0 67392.0 288.0   0.0   7551680.0 2579658.0 15379136.0 3231096.2  103168.0 51406.3    396  103.625   1      6.473  110.099
64256.0 67392.0  0.0   288.0  7551680.0 1330898.9 15379136.0 3231096.2  103168.0 51406.3    397  103.636   1      6.473  110.109
64256.0 61056.0 480.0   0.0   7564224.0 861174.4 15379136.0 3231096.2  103168.0 51406.3    398  103.647   1      6.473  110.120
57856.0 61056.0  0.0   544.1  7564224.0 45559.8  15379136.0 3231096.2  103168.0 51406.3    399  103.659   1      6.473  110.132
57856.0 61056.0  0.0   544.1  7564224.0 6669608.3 15379136.0 3231096.2  103168.0 51406.3    399  103.659   1      6.473  110.132
57856.0 54592.0 736.1   0.0   7577088.0 3127466.0 15379136.0 3231128.2  103168.0 51406.3    400  103.669   1      6.473  110.143
57856.0 54592.0 736.1   0.0   7577088.0 5866489.5 15379136.0 3231128.2  103168.0 51406.3    400  103.669   1      6.473  110.143
51520.0 54592.0  0.0   576.1  7577088.0 845425.8 15379136.0 3231160.2  103168.0 51406.3    401  103.681   1      6.473  110.154
51520.0 54592.0  0.0   576.1  7577088.0 845453.6 15379136.0 3231160.2  103168.0 51406.3    401  103.681   1      6.473  110.154
51520.0 54592.0  0.0   576.1  7577088.0 846484.8 15379136.0 3231160.2  103168.0 51406.3    401  103.681   1      6.473  110.154
51520.0 54592.0  0.0   576.1  7577088.0 846531.1 15379136.0 3231160.2  103168.0 51406.3    401  103.681   1      6.473  110.154
51520.0 54592.0  0.0   576.1  7577088.0 846551.4 15379136.0 3231160.2  103168.0 51406.3    401  103.681   1      6.473  110.154
51520.0 54592.0  0.0   576.1  7577088.0 846569.6 15379136.0 3231160.2  103168.0 51406.3    401  103.681   1      6.473  110.154
51520.0 54592.0  0.0   576.1  7577088.0 846590.0 15379136.0 3231160.2  103168.0 51406.3    401  103.681   1      6.473  110.154
51520.0 54592.0  0.0   576.1  7577088.0 846608.3 15379136.0 3231160.2  103168.0 51406.3    401  103.681   1      6.473  110.154
51520.0 54592.0  0.0   576.1  7577088.0 846656.6 15379136.0 3231160.2  103168.0 51406.3    401  103.681   1      6.473  110.154
51520.0 54592.0  0.0   576.1  7577088.0 1221553.3 15379136.0 3231160.2  103168.0 51520.0    401  103.681   1      6.473  110.154
