 S0C    S1C    S0U    S1U      EC       EU        OC         OU       PC     PU    YGC     YGCT    FGC    FGCT     GCT   
961152.0 961152.0  0.0    0.0   5767232.0 115344.7 15379136.0    0.0     21248.0 6666.6      0    0.000   0      0.000    0.000
961152.0 961152.0  0.0    0.0   5767232.0 346034.2 15379136.0    0.0     21248.0 14506.8      0    0.000   0      0.000    0.000
961152.0 961152.0  0.0    0.0   5767232.0 3576074.4 15379136.0    0.0     31424.0 31294.0      0    0.000   0      0.000    0.000
961152.0 961152.0  0.0    0.0   5767232.0 5652630.9 15379136.0    0.0     43904.0 43654.6      0    0.000   0      0.000    0.000
961152.0 961152.0  0.0   74021.2 5767232.0 1825080.4 15379136.0    0.0     47936.0 47885.6      1    0.063   0      0.000    0.063
961152.0 961152.0  0.0   74021.2 5767232.0 5767232.0 15379136.0    0.0     47936.0 47912.1      2    0.063   0      0.000    0.063
961152.0 961152.0 92476.8  0.0   5767232.0 3876347.8 15379136.0    0.0     47936.0 47932.1      2    0.136   0      0.000    0.136
961152.0 961152.0  0.0   147583.2 5767232.0 2080492.5 15379136.0    0.0     48128.0 47947.6      3    0.227   0      0.000    0.227
961152.0 961152.0 109577.1 147583.2 5767232.0 5767232.0 15379136.0    0.0     48128.0 48041.6      4    0.227   0      0.000    0.227
961152.0 961152.0 195871.2  0.0   5767232.0 4264667.0 15379136.0    0.0     48128.0 48042.7      4    0.343   0      0.000    0.343
288640.0 961152.0  0.0   258223.1 5767232.0 2724843.9 15379136.0    0.0     48128.0 48047.0      5    0.501   0      0.000    0.501
288640.0 355392.0 288639.2  0.0   6978752.0 3025791.9 15379136.0  21792.0   48128.0 48048.7      6    0.737   0      0.000    0.737
385664.0 288320.0  0.0   288288.2 6978752.0 169301.1 15379136.0  93474.2   48128.0 48051.9      7    0.975   0      0.000    0.975
385664.0 288320.0  0.0   288288.2 6978752.0 4525343.0 15379136.0  93474.2   48128.0 48053.9      7    0.975   0      0.000    0.975
385664.0 401216.0 282208.2  0.0   6887104.0 1122419.4 15379136.0  174242.2  48128.0 48054.8      8    1.205   0      0.000    1.205
385664.0 401216.0 282208.2  0.0   6887104.0 5908920.0 15379136.0  174242.2  48320.0 48152.7      8    1.205   0      0.000    1.205
405824.0 269696.0  0.0   269632.7 6887104.0 5725710.2 15379136.0  266050.2  48320.0 48186.8      9    1.445   0      0.000    1.445
405824.0 397248.0 147978.4  0.0   6886464.0 6565515.3 15379136.0  448754.3  48320.0 48190.9     10    1.722   0      0.000    1.722
411136.0 417792.0 14172.6  0.0   6853952.0 3342525.4 15379136.0  618659.6  48320.0 48191.9     12    1.960   0      0.000    1.960
419584.0 418752.0 1280.1  0.0   6851200.0 1208937.1 15379136.0  644057.9  48320.0 48240.9     14    2.016   0      0.000    2.016
413056.0 403264.0 12608.1  0.0   6873216.0 880868.1 15379136.0  650039.7  48320.0 48250.3     16    2.060   0      0.000    2.060
390208.0 403264.0  0.0   19840.1 6873216.0 4740454.9 15379136.0  659439.7  48320.0 48272.7     17    2.124   0      0.000    2.124
390208.0 376128.0 18544.2  0.0   6923200.0 5175848.8 15379136.0  678199.8  48320.0 48301.5     18    2.174   0      0.000    2.174
356224.0 376128.0  0.0   47552.4 6923200.0 1136054.0 15379136.0  696088.0  48320.0 48302.3     19    2.239   0      0.000    2.239
356224.0 376128.0  0.0   47552.4 6923200.0 4315305.9 15379136.0  696088.0  48320.0 48302.3     19    2.239   0      0.000    2.239
356224.0 333632.0 67488.2  0.0   6999680.0 489730.6 15379136.0  738888.3  48320.0 48302.4     20    2.342   0      0.000    2.342
311168.0 289344.0 88692.7 56396.5 7089024.0 7089024.0 15379136.0  931709.1  48320.0 48307.9     23    2.589   0      0.000    2.589
274176.0 289344.0  0.0   57612.5 7089024.0 6206680.1 15379136.0  955157.1  48320.0 48308.2     23    2.702   0      0.000    2.702
274176.0 264512.0 29760.0  0.0   7150848.0 5421215.6 15379136.0 1012745.6  48320.0 48310.4     24    2.836   0      0.000    2.836
252352.0 264512.0  0.0   41419.0 7150848.0 5204911.6 15379136.0 1042417.6  48320.0 48310.6     25    3.120   0      0.000    3.120
252352.0 237184.0 82053.0  0.0   7200000.0 4300643.6 15379136.0 1078119.1  48320.0 48310.6     26    3.308   0      0.000    3.308
227392.0 237184.0  0.0   38400.0 7200000.0 2921033.8 15379136.0 1160108.2  48320.0 48313.4     27    3.414   0      0.000    3.414
227392.0 213568.0 62163.7  0.0   7248576.0 5462737.0 15379136.0 1198468.2  48320.0 48313.7     28    3.513   0      0.000    3.513
206720.0 204032.0 224.0   0.0   7278784.0 1380283.5 15379136.0 1299251.0  48320.0 48316.5     30    3.644   0      0.000    3.644
199872.0 204032.0  0.0   224.0  7278784.0 5228177.3 15379136.0 1299307.0  48320.0 48316.9     31    3.656   0      0.000    3.656
199872.0 194432.0 192.0   0.0   7295232.0 5325158.3 15379136.0 1299363.0  48320.0 48319.7     32    3.668   0      0.000    3.668
193856.0 194432.0  0.0   86427.5 7295232.0 1979211.1 15379136.0 1299403.0  49088.0 49041.0     33    3.692   0      0.000    3.692
193856.0 231808.0 193367.5  0.0   7225920.0 4676287.6 15379136.0 1385235.9  49280.0 49147.6     34    3.746   0      0.000    3.746
232768.0 230848.0  0.0   230794.3 7225920.0 6919242.9 15379136.0 1630751.5  49280.0 49216.5     35    3.827   0      0.000    3.827
253632.0 256960.0  0.0   128.0  7175616.0 4489618.2 15379136.0 1942557.6  49280.0 49217.6     37    3.945   0      0.000    3.945
253632.0 248384.0 352.0   0.0   7187520.0 6748076.6 15379136.0 1942629.6  49280.0 49222.9     38    3.967   0      0.000    3.967
241856.0 233664.0 17632.1  0.0   7214016.0   0.0    15379136.0 2041070.2  49280.0 49229.5     40    4.107   0      0.000    4.107
220864.0 233664.0  0.0   41276.9 7214016.0 920842.6 15379136.0 2058594.4  49280.0 49232.0     41    4.152   0      0.000    4.152
220864.0 205888.0 57527.8  0.0   7262784.0 1629067.1 15379136.0 2140440.3  49280.0 49232.5     42    4.214   0      0.000    4.214
197696.0 205888.0  0.0   78827.0 7262784.0 3234067.7 15379136.0 2197263.5  49280.0 49234.1     43    4.311   0      0.000    4.311
197696.0 195136.0 128.0   0.0   7296704.0 6838680.7 15379136.0 2214019.6  49280.0 49239.4     44    4.359   0      0.000    4.359
191104.0 195136.0  0.0   352.0  7296704.0 5275704.0 15379136.0 2214043.6  49280.0 49240.3     45    4.453   0      0.000    4.453
191104.0 182464.0 20399.9  0.0   7315968.0 1770920.1 15379136.0 2214294.2  49280.0 49240.5     46    4.563   0      0.000    4.563
191104.0 182464.0 20399.9  0.0   7315968.0 4668761.5 15379136.0 2214294.2  49280.0 49240.7     46    4.563   0      0.000    4.563
191104.0 182464.0 20399.9  0.0   7315968.0 6902449.9 15379136.0 2214294.2  49280.0 49241.0     46    4.563   0      0.000    4.563
177344.0 182464.0  0.0   160.0  7315968.0 792379.8 15379136.0 2234542.1  49280.0 49241.0     47    4.646   0      0.000    4.646
177344.0 182464.0  0.0   160.0  7315968.0 1419910.4 15379136.0 2234542.1  49280.0 49241.0     47    4.646   0      0.000    4.646
177344.0 182464.0  0.0   160.0  7315968.0 1419921.0 15379136.0 2234542.1  49280.0 49241.6     47    4.646   0      0.000    4.646
177344.0 182464.0  0.0   160.0  7315968.0 1420437.1 15379136.0 2234542.1  49280.0 49241.7     47    4.646   0      0.000    4.646
177344.0 182464.0  0.0   160.0  7315968.0 1420447.9 15379136.0 2234542.1  49280.0 49242.3     47    4.646   0      0.000    4.646
177344.0 182464.0  0.0   160.0  7315968.0 1420458.8 15379136.0 2234542.1  49280.0 49242.6     47    4.646   0      0.000    4.646
177344.0 182464.0  0.0   160.0  7315968.0 1420465.4 15379136.0 2234542.1  49280.0 49243.0     47    4.646   0      0.000    4.646
177344.0 182464.0  0.0   160.0  7315968.0 1420478.4 15379136.0 2234542.1  49280.0 49243.0     47    4.646   0      0.000    4.646
177344.0 182464.0  0.0   160.0  7315968.0 1452718.7 15379136.0 2234542.1  49280.0 49249.2     47    4.646   0      0.000    4.646
177344.0 182464.0  0.0   160.0  7315968.0 1452729.6 15379136.0 2234542.1  49280.0 49249.2     47    4.646   0      0.000    4.646
177344.0 182464.0  0.0   160.0  7315968.0 1452740.3 15379136.0 2234542.1  49280.0 49250.2     47    4.646   0      0.000    4.646
177344.0 182464.0  0.0   160.0  7315968.0 1452751.1 15379136.0 2234542.1  49280.0 49250.2     47    4.646   0      0.000    4.646
177344.0 182464.0  0.0   160.0  7315968.0 4963905.8 15379136.0 2234542.1  49664.0 49569.8     47    4.646   0      0.000    4.646
177344.0 234624.0 177313.9  0.0   7220288.0 6217426.4 15379136.0 2291976.4  49664.0 49571.2     48    4.748   0      0.000    4.748
224448.0 262464.0 210631.8  0.0   7164608.0 1113207.8 15379136.0 2519391.0  49664.0 49575.3     50    4.912   0      0.000    4.912
284864.0 189440.0  0.0   189412.0 7164608.0 3767439.1 15379136.0 2599134.5  49664.0 49578.0     51    5.002   0      0.000    5.002
263040.0 266240.0  0.0   128912.0 7138432.0 1028807.2 15379136.0 2864045.4  49664.0 49581.9     53    5.179   0      0.000    5.179
263040.0 249920.0 71529.2  0.0   7176576.0 6570081.5 15379136.0 2970674.5  49664.0 49585.6     54    5.315   0      0.000    5.315
244544.0 235648.0 44160.0  0.0   7209344.0 3883024.8 15379136.0 3072006.4  49664.0 49585.6     56    5.618   0      0.000    5.618
232896.0 227904.0 26944.0  0.0   7228736.0 2972485.8 15379136.0 3211111.1  49664.0 49585.6     58    5.836   0      0.000    5.836
221312.0 213440.0 33804.6  0.0   7254784.0 860022.0 15379136.0 3268031.2  49664.0 49588.2     60    6.158   0      0.000    6.158
206720.0 213440.0  0.0   90676.3 7254784.0 2462240.0 15379136.0 3301689.4  49664.0 49590.9     61    6.368   0      0.000    6.368
206720.0 204736.0 103092.3  0.0   7278080.0 2827339.3 15379136.0 3390953.8  49664.0 49591.3     62    6.548   0      0.000    6.548
202112.0 204736.0  0.0   103079.4 7278080.0 4968307.2 15379136.0 3490702.1  49664.0 49600.7     63    6.684   0      0.000    6.684
202112.0 192704.0 86082.2  0.0   7294720.0 7198069.4 15379136.0 3612185.6  49664.0 49602.0     65    6.913   0      0.000    6.913
192768.0 189696.0 103593.7  0.0   7307072.0 177999.9 15379136.0 3746170.5  49664.0 49602.0     66    7.406   0      0.000    7.406
182400.0 189696.0  0.0   64932.3 7307072.0 203974.8 15379136.0 3829584.5  49664.0 49602.4     67    7.673   0      0.000    7.673
182400.0 175744.0 62258.7  0.0   7331392.0 148757.2 15379136.0 3864704.0  49664.0 49603.4     68    7.887   0      0.000    7.887
168128.0 175744.0  0.0   68512.8 7331392.0 4294728.1 15379136.0 3905704.4  49664.0 49604.0     69    8.004   0      0.000    8.004
168128.0 166080.0 97531.5 54541.4 7355328.0 7355328.0 15379136.0 4087485.6  49664.0 49604.0     71    8.269   0      0.000    8.269
161216.0 157632.0 51388.1  0.0   7370688.0 2290551.7 15379136.0 4149543.0  49664.0 49605.9     72    8.744   0      0.000    8.744
153600.0 157632.0  0.0   51530.3 7370688.0 4252765.2 15379136.0 4193645.0  49664.0 49608.6     73    8.940   0      0.000    8.940
153600.0 146944.0 65759.1  0.0   7388992.0 4578630.4 15379136.0 4245049.9  49664.0 49609.2     74    9.188   0      0.000    9.188
141888.0 146944.0  0.0   58656.0 7388992.0 3082063.5 15379136.0 4310613.0  49664.0 49609.4     75    9.422   0      0.000    9.422
141888.0 146944.0  0.0   58656.0 7388992.0 7284675.6 15379136.0 4310613.0  49664.0 49609.9     75    9.422   0      0.000    9.422
141888.0 138048.0 52418.2  0.0   7409600.0 4392040.0 15379136.0 4368709.0  49664.0 49609.9     76    9.622   0      0.000    9.622
134720.0 138048.0  0.0   48864.1 7409600.0 2736564.0 15379136.0 4419935.2  49856.0 49694.9     77    9.765   0      0.000    9.765
134720.0 138048.0  0.0   48864.1 7409600.0 7081845.8 15379136.0 4419935.2  49856.0 49694.9     77    9.765   0      0.000    9.765
134720.0 132352.0 41664.7  0.0   7422464.0 2499746.4 15379136.0 4466615.2  49856.0 49694.9     78    9.860   0      0.000    9.860
134720.0 132352.0 41664.7  0.0   7422464.0 5067866.7 15379136.0 4466615.2  49856.0 49694.9     78    9.860   0      0.000    9.860
134720.0 132352.0 41664.7  0.0   7422464.0 6733802.4 15379136.0 4466615.2  49856.0 49695.4     78    9.860   0      0.000    9.860
127488.0 132352.0  0.0   53775.9 7422464.0 326529.0 15379136.0 4504095.9  49856.0 49695.4     79    9.972   0      0.000    9.972
127488.0 132352.0  0.0   53775.9 7422464.0 336148.4 15379136.0 4504095.9  49856.0 49715.4     79    9.972   0      0.000    9.972
127488.0 143424.0 124005.5  0.0   7402688.0 976559.9 15379136.0 4773395.7  49856.0 49774.2     80   10.095   0      0.000   10.095
136640.0 143424.0  0.0   66181.5 7402688.0 2392881.6 15379136.0 4906039.4  49856.0 49778.7     81   10.161   0      0.000   10.161
136640.0 148224.0 118894.1  0.0   7393088.0 5978948.5 15379136.0 4998011.5  49856.0 49778.7     82   10.241   0      0.000   10.241
161728.0 134720.0 51348.5 134703.0 7393088.0 7393088.0 15379136.0 5195327.6  49856.0 49778.7     84   10.363   0      0.000   10.363
161728.0 159872.0 51348.5  0.0   7367936.0 6634998.2 15379136.0 5195327.6  49856.0 49786.1     84   10.538   0      0.000   10.538
156800.0 159872.0  0.0   47153.1 7367936.0 7157351.8 15379136.0 5246345.5  49856.0 49786.3     85   10.643   0      0.000   10.643
157504.0 165248.0  0.0   73556.4 7359040.0 133856.5 15379136.0 5359368.6  49856.0 49786.3     87   10.849   0      0.000   10.849
157504.0 173952.0 144241.1  0.0   7341632.0   0.0    15379136.0 5473303.0  49856.0 49786.4     88   10.964   0      0.000   10.964
189440.0 150912.0  0.0   150881.6 7341632.0 1350342.3 15379136.0 5580133.0  49856.0 49786.8     89   11.043   0      0.000   11.043
189440.0 181632.0 80021.9  0.0   7318464.0 5702510.8 15379136.0 5605008.2  49856.0 49786.8     90   11.118   0      0.000   11.118
183488.0 181632.0  0.0   25721.3 7318464.0 6572552.2 15379136.0 5656102.1  49856.0 49786.8     91   11.178   0      0.000   11.178
183488.0 184320.0 20559.9  0.0   7320896.0 3880622.6 15379136.0 5656339.8  49856.0 49786.8     92   11.225   0      0.000   11.225
186816.0 384.0   0.0   352.0  7320896.0 288731.4 15379136.0 5676635.8  49856.0 49786.8     93   11.265   0      0.000   11.265
186816.0 384.0   0.0   352.0  7320896.0 2774732.2 15379136.0 5676635.8  49856.0 49786.8     93   11.265   0      0.000   11.265
186816.0 384.0   0.0   352.0  7320896.0 3210223.0 15379136.0 5676635.8  49856.0 49786.8     93   11.265   0      0.000   11.265
186816.0 384.0   0.0   352.0  7320896.0 3210244.2 15379136.0 5676635.8  49856.0 49786.8     93   11.265   0      0.000   11.265
186816.0 384.0   0.0   352.0  7320896.0 3210265.3 15379136.0 5676635.8  49856.0 49786.8     93   11.265   0      0.000   11.265
186816.0 384.0   0.0   352.0  7320896.0 3210284.3 15379136.0 5676635.8  49856.0 49786.8     93   11.265   0      0.000   11.265
186816.0 214784.0 177069.7  0.0   7259968.0 923892.5 15379136.0 5807378.0  49856.0 49790.0     94   11.354   0      0.000   11.354
238208.0 191360.0  0.0   191299.3 7259968.0 175264.0 15379136.0 5952468.3  49856.0 49792.1     95   11.471   0      0.000   11.471
238208.0 191360.0  0.0   191299.3 7259968.0 3135881.4 15379136.0 5952468.3  50048.0 49879.9     95   11.471   0      0.000   11.471
238208.0 191360.0  0.0   191299.3 7259968.0 3503584.8 15379136.0 5952468.3  50048.0 49880.6     95   11.471   0      0.000   11.471
238208.0 191360.0  0.0   191299.3 7259968.0 6118795.7 15379136.0 5952468.3  50048.0 49884.4     95   11.471   0      0.000   11.471
238208.0 323584.0 238191.1  0.0   7042368.0 4125381.4 15379136.0 6066375.9  50048.0 49885.2     96   11.628   0      0.000   11.628
309120.0 323584.0  0.0   81855.5 7042368.0 2882023.2 15379136.0 6317470.6  50048.0 49887.4     97   11.817   0      0.000   11.817
309120.0 289664.0 113994.5  0.0   7090752.0 5887565.5 15379136.0 6395218.1  50048.0 49887.7     98   11.968   0      0.000   11.968
278464.0 289664.0  0.0   76608.1 7090752.0 6710922.6 15379136.0 6533030.3  50048.0 49889.8     99   12.123   0      0.000   12.123
257600.0 265600.0  0.0   129052.7 7145472.0 101734.5 15379136.0 6690501.6  50048.0 49891.4    101   12.412   0      0.000   12.412
257600.0 243456.0 111627.7  0.0   7188480.0 1023753.4 15379136.0 6757208.4  50048.0 49897.9    102   12.618   0      0.000   12.618
257600.0 243456.0 111627.7 26234.3 7188480.0 7188480.0 15379136.0 6767288.5  50048.0 49903.0    103   12.618   0      0.000   12.618
259008.0 242048.0  32.0  242005.0 7188480.0 7188480.0 15379136.0 6866800.2  50048.0 49907.8    104   12.841   0      0.000   12.841
259008.0 303808.0 232876.6  0.0   7081920.0 6158673.5 15379136.0 7065258.8  50048.0 49908.3    104   13.081   0      0.000   13.081
297152.0 303808.0  0.0   73833.4 7081920.0 4356665.1 15379136.0 7289843.4  50048.0 49909.2    105   13.320   0      0.000   13.320
297152.0 283264.0 136381.0  0.0   7109120.0 4912980.7 15379136.0 7357524.8  50048.0 49910.2    106   13.537   0      0.000   13.537
268736.0 283264.0  0.0   131525.6 7109120.0 4738907.7 15379136.0 7485904.8  50048.0 49910.2    107   13.763   0      0.000   13.763
268736.0 261568.0 89568.1  0.0   7159232.0 3564568.6 15379136.0 7614958.5  50048.0 49911.9    108   14.088   0      0.000   14.088
268736.0 261568.0 89568.1 46467.0 7159232.0 7159232.0 15379136.0 7674086.6  50048.0 49912.0    109   14.088   0      0.000   14.088
254400.0 261568.0  0.0   87427.0 7159232.0 1345105.0 15379136.0 7698398.6  50048.0 49916.6    109   14.369   0      0.000   14.369
254400.0 261568.0  0.0   87427.0 7159232.0 2751415.0 15379136.0 7698398.6  50048.0 49917.5    109   14.369   0      0.000   14.369
254400.0 261568.0  0.0   87427.0 7159232.0 2751506.0 15379136.0 7698398.6  50048.0 49917.5    109   14.369   0      0.000   14.369
254400.0 261568.0  0.0   87427.0 7159232.0 2751531.2 15379136.0 7698398.6  50048.0 49917.5    109   14.369   0      0.000   14.369
254400.0 261568.0  0.0   87427.0 7159232.0 2751554.4 15379136.0 7698398.6  50048.0 49917.5    109   14.369   0      0.000   14.369
254400.0 261568.0  0.0   87427.0 7159232.0 2751575.7 15379136.0 7698398.6  50048.0 49917.5    109   14.369   0      0.000   14.369
254400.0 261568.0  0.0   87427.0 7159232.0 2751596.8 15379136.0 7698398.6  50048.0 49917.5    109   14.369   0      0.000   14.369
254400.0 261568.0  0.0   87427.0 7159232.0 2751647.3 15379136.0 7698398.6  50048.0 49917.5    109   14.369   0      0.000   14.369
254400.0 261568.0  0.0   87427.0 7159232.0 2751668.5 15379136.0 7698398.6  50048.0 49917.5    109   14.369   0      0.000   14.369
254400.0 261568.0  0.0   87427.0 7159232.0 2751691.6 15379136.0 7698398.6  50048.0 49917.7    109   14.369   0      0.000   14.369
254400.0 255296.0 159838.0  0.0   7178944.0 5184087.7 15379136.0 7781665.6  50048.0 49922.3    110   14.555   0      0.000   14.555
244800.0 235968.0 108195.0  0.0   7208768.0 2859105.9 15379136.0 8024541.6  50048.0 49922.3    112   14.846   0      0.000   14.846
234816.0 235968.0 41152.0 65664.1 7208768.0 7208768.0 15379136.0 8196984.7  50048.0 49922.3    114   14.999   0      0.000   14.999
223424.0 235712.0  0.0   110112.1 7218112.0 5755945.0 15379136.0 8243144.7  50048.0 49922.3    115   15.615   0      0.000   15.615
213504.0 220480.0  0.0   79860.4 7245632.0 2454831.1 15379136.0 8415296.8  50048.0 49924.3    117   15.954   0      0.000   15.954
213504.0 218176.0 11389.6  0.0   7253184.0 5837944.3 15379136.0 8500641.8  50048.0 49924.3    118   16.068   0      0.000   16.068
215936.0 249600.0 213730.8  0.0   7190336.0 26775.9  15379136.0 8543241.8  50048.0 49924.3    120   16.343   0      0.000   16.343
238848.0 249600.0  0.0   76585.2 7190336.0 1506442.0 15379136.0 8638975.5  50048.0 49925.1    121   16.510   0      0.000   16.510
238848.0 238528.0 17632.0  0.0   7212160.0 4517980.8 15379136.0 8664699.0  50048.0 49925.1    122   16.754   0      0.000   16.754
234752.0 238528.0  0.0   25517.5 7212160.0 5822037.5 15379136.0 8664755.0  50048.0 49926.8    123   16.923   0      0.000   16.923
234752.0 233728.0 1088.2  0.0   7221056.0 7221056.0 15379136.0 8664931.0  50048.0 49927.2    125   17.075   0      0.000   17.075
219584.0 209280.0 49854.4  0.0   7260672.0 4217528.1 15379136.0 8731223.2  50048.0 49927.9    126   17.244   0      0.000   17.244
196544.0 209280.0  0.0   66673.8 7260672.0 5425611.6 15379136.0 8805612.9  50048.0 49929.7    127   17.384   0      0.000   17.384
196544.0 184128.0 71785.7  0.0   7308864.0 4228907.3 15379136.0 8855719.5  50048.0 49929.7    128   17.545   0      0.000   17.545
173888.0 184128.0  0.0   65690.5 7308864.0 4662165.9 15379136.0 8876069.0  50048.0 49929.7    129   17.666   0      0.000   17.666
173888.0 171328.0 25201.1  0.0   7344320.0 3784958.7 15379136.0 8941643.6  50048.0 49929.7    130   17.822   0      0.000   17.822
172096.0 171328.0  0.0   192.0  7344320.0 2167108.4 15379136.0 8966720.7  50048.0 49929.7    131   17.950   0      0.000   17.950
172096.0 171328.0  0.0   192.0  7344320.0 6125888.4 15379136.0 8966720.7  50048.0 49929.9    131   17.950   0      0.000   17.950
172096.0 171008.0 256.0   0.0   7346432.0 1874516.6 15379136.0 8966776.7  50048.0 49929.9    132   18.003   0      0.000   18.003
172096.0 171008.0 256.0   0.0   7346432.0 4100306.1 15379136.0 8966776.7  50048.0 49929.9    132   18.003   0      0.000   18.003
172096.0 171008.0 256.0   0.0   7346432.0 4831565.1 15379136.0 8966776.7  50048.0 49930.3    132   18.003   0      0.000   18.003
172096.0 171008.0 256.0   0.0   7346432.0 4831586.1 15379136.0 8966776.7  50048.0 49930.7    132   18.003   0      0.000   18.003
172096.0 171008.0 256.0   0.0   7346432.0 4831634.9 15379136.0 8966776.7  50048.0 49930.7    132   18.003   0      0.000   18.003
172096.0 171008.0 256.0   0.0   7346432.0 4831653.8 15379136.0 8966776.7  50048.0 49930.7    132   18.003   0      0.000   18.003
172096.0 171008.0 256.0   0.0   7346432.0 4831677.0 15379136.0 8966776.7  50048.0 49931.5    132   18.003   0      0.000   18.003
172096.0 171008.0 256.0   0.0   7346432.0 4831697.8 15379136.0 8966776.7  50048.0 49931.5    132   18.003   0      0.000   18.003
172096.0 171008.0 256.0   0.0   7346432.0 4831723.1 15379136.0 8966776.7  50048.0 49931.7    132   18.003   0      0.000   18.003
172096.0 171008.0 256.0   0.0   7346432.0 4831768.6 15379136.0 8966776.7  50048.0 49931.7    132   18.003   0      0.000   18.003
172096.0 171008.0 256.0   0.0   7346432.0 4831789.2 15379136.0 8966776.7  50048.0 49931.7    132   18.003   0      0.000   18.003
172096.0 171008.0 256.0   0.0   7346432.0 4831810.8 15379136.0 8966776.7  50048.0 49931.7    132   18.003   0      0.000   18.003
172096.0 171008.0 256.0   0.0   7346432.0 4831831.3 15379136.0 8966776.7  50048.0 49931.7    132   18.003   0      0.000   18.003
172096.0 171008.0 256.0   0.0   7346432.0 5327509.9 15379136.0 8966776.7  50048.0 49932.5    132   18.003   0      0.000   18.003
182528.0 160576.0  0.0   160573.2 7346432.0 2697920.9 15379136.0 8987451.9  50048.0 49932.5    133   18.078   0      0.000   18.078
182528.0 160576.0 170963.3 160573.2 7346432.0 7346432.0 15379136.0 9096459.5  50048.0 49932.8    134   18.078   0      0.000   18.078
182528.0 310976.0 182515.3  0.0   7067584.0 5560577.1 15379136.0 9208848.4  50048.0 49932.8    134   18.312   0      0.000   18.312
341696.0 280256.0  0.0   280247.0 7067584.0 3709057.9 15379136.0 9377055.9  50048.0 49932.8    135   18.561   0      0.000   18.561
341696.0 341504.0 139829.7  0.0   7006336.0 4024369.4 15379136.0 9650655.2  50048.0 49933.2    136   18.783   0      0.000   18.783
321664.0 341504.0  0.0   104991.1 7006336.0 3169083.5 15379136.0 9786151.5  50048.0 49934.4    137   19.016   0      0.000   19.016
321664.0 316544.0 158936.2  0.0   7051328.0 3792347.6 15379136.0 9913238.9  50048.0 49934.4    138   19.234   0      0.000   19.234
305728.0 316544.0  0.0   70752.0 7051328.0 1996299.0 15379136.0 10033475.1 50048.0 49963.4    139   19.507   0      0.000   19.507
305728.0 294528.0 137530.0  0.0   7089280.0 5628683.9 15379136.0 10087771.2 50048.0 49963.8    140   19.724   0      0.000   19.724
279680.0 294528.0  0.0   102631.6 7089280.0 4507606.9 15379136.0 10221922.8 50048.0 49971.2    141   19.943   0      0.000   19.943
279680.0 268864.0 85292.5  0.0   7140992.0 3080633.6 15379136.0 10299470.8 50048.0 50015.9    142   20.104   0      0.000   20.104
261824.0 268864.0  0.0   136771.1 7140992.0 499224.5 15379136.0 10378201.1 50048.0 50019.2    143   20.267   0      0.000   20.267
261824.0 268864.0  0.0   136771.1 7140992.0 5315568.2 15379136.0 10378201.1 50048.0 50019.2    143   20.267   0      0.000   20.267
261824.0 250432.0 97410.5  0.0   7177280.0 1440016.4 15379136.0 10470896.2 50048.0 50019.2    144   20.420   0      0.000   20.420
261824.0 250432.0 97410.5  0.0   7177280.0 5476846.8 15379136.0 10470896.2 50048.0 50019.6    144   20.420   0      0.000   20.420
245056.0 250432.0  0.0   136440.4 7177280.0 2356463.3 15379136.0 10562138.8 50048.0 50019.6    145   20.587   0      0.000   20.587
245056.0 250432.0  0.0   136440.4 7177280.0 6427295.6 15379136.0 10562138.8 50048.0 50019.6    145   20.587   0      0.000   20.587
245056.0 237440.0 85762.8  0.0   7207040.0 1855480.8 15379136.0 10692387.2 50048.0 50019.8    146   20.760   0      0.000   20.760
245056.0 237440.0 85762.8  0.0   7207040.0 3726870.8 15379136.0 10692387.2 50048.0 50019.8    146   20.760   0      0.000   20.760
245056.0 237440.0 85762.8  0.0   7207040.0 4404188.8 15379136.0 10692387.2 50048.0 50019.8    146   20.760   0      0.000   20.760
245056.0 237440.0 85762.8  0.0   7207040.0 5376920.7 15379136.0 10692387.2 50048.0 50019.8    146   20.760   0      0.000   20.760
245056.0 237440.0 85762.8  0.0   7207040.0 5495357.1 15379136.0 10692387.2 50048.0 50019.8    146   20.760   0      0.000   20.760
245056.0 237440.0 85762.8  0.0   7207040.0 5498766.7 15379136.0 10692387.2 50048.0 50019.9    146   20.760   0      0.000   20.760
245056.0 237440.0 85762.8  0.0   7207040.0 5501437.5 15379136.0 10692387.2 50048.0 50019.9    146   20.760   0      0.000   20.760
245056.0 237440.0 85762.8  0.0   7207040.0 5501456.4 15379136.0 10692387.2 50048.0 50019.9    146   20.760   0      0.000   20.760
245056.0 237440.0 85762.8  0.0   7207040.0 5501503.4 15379136.0 10692387.2 50048.0 50019.9    146   20.760   0      0.000   20.760
245056.0 237440.0 85762.8  0.0   7207040.0 5501520.4 15379136.0 10692387.2 50048.0 50020.0    146   20.760   0      0.000   20.760
245056.0 237440.0 85762.8  0.0   7207040.0 5526529.0 15379136.0 10692387.2 50048.0 50020.0    146   20.760   0      0.000   20.760
245056.0 237440.0 85762.8  0.0   7207040.0 5526547.9 15379136.0 10692387.2 50048.0 50020.0    146   20.760   0      0.000   20.760
245056.0 237440.0 85762.8  0.0   7207040.0 5526568.7 15379136.0 10692387.2 50048.0 50022.2    146   20.760   0      0.000   20.760
245056.0 237440.0 85762.8  0.0   7207040.0 5526608.9 15379136.0 10692387.2 50048.0 50022.2    146   20.760   0      0.000   20.760
245056.0 237440.0 85762.8  0.0   7207040.0 5526630.0 15379136.0 10692387.2 50048.0 50022.2    146   20.760   0      0.000   20.760
245056.0 237440.0 85762.8  0.0   7207040.0 5526648.8 15379136.0 10692387.2 50048.0 50022.2    146   20.760   0      0.000   20.760
245056.0 237440.0 85762.8  0.0   7207040.0 5526667.5 15379136.0 10692387.2 50048.0 50022.2    146   20.760   0      0.000   20.760
245056.0 237440.0 85762.8  0.0   7207040.0 5526690.3 15379136.0 10692387.2 50048.0 50022.4    146   20.760   0      0.000   20.760
245056.0 237440.0 85762.8  0.0   7207040.0 5526737.5 15379136.0 10692387.2 50048.0 50023.0    146   20.760   0      0.000   20.760
245056.0 237440.0 85762.8  0.0   7207040.0 5526754.1 15379136.0 10692387.2 50048.0 50024.6    146   20.760   0      0.000   20.760
245056.0 237440.0 85762.8  0.0   7207040.0 5535821.3 15379136.0 10692387.2 50048.0 50024.9    146   20.760   0      0.000   20.760
244544.0 237440.0 25212.0 166265.1 7207040.0 7207040.0 15379136.0 10746629.5 50048.0 50028.7    148   20.956   0      0.000   20.956
244864.0 256320.0  0.0   129837.4 7176896.0 3393392.8 15379136.0 10968847.9 50048.0 50030.0    149   21.301   0      0.000   21.301
228608.0 235648.0  0.0   100062.9 7209024.0   0.0    15379136.0 11287698.8 50048.0 50030.0    151   21.653   0      0.000   21.653
228608.0 227776.0 63744.1  0.0   7233152.0 5948246.9 15379136.0 11387673.8 50048.0 50030.3    152   21.801   0      0.000   21.801
225536.0 220992.0 129505.2  0.0   7243008.0 773910.9 15379136.0 11481355.9 50048.0 50035.1    154   22.082   0      0.000   22.082
219136.0 220992.0  0.0   60063.4 7243008.0 5611137.0 15379136.0 11595776.1 50048.0 50035.3    155   22.227   0      0.000   22.227
218048.0 217984.0  0.0   32556.3 7252416.0 2910642.1 15379136.0 11697664.5 50048.0 50035.6    157   22.444   0      0.000   22.444
218048.0 215808.0 34994.9  0.0   7255680.0 6031610.3 15379136.0 11735793.2 50048.0 50036.6    158   22.560   0      0.000   22.560
208576.0 215808.0  0.0   56179.6 7255680.0 6808584.0 15379136.0 11770628.1 50048.0 50037.8    159   22.794   0      0.000   22.794
199744.0 200064.0  0.0   16128.1 7280896.0 1032123.3 15379136.0 11887065.9 50048.0 50038.3    161   23.130   0      0.000   23.130
199744.0 197568.0 16832.1  0.0   7292224.0 2007148.8 15379136.0 11902050.0 50048.0 50038.6    162   23.407   0      0.000   23.407
190848.0 197568.0  0.0   35199.3 7292224.0 2914905.8 15379136.0 11918858.0 50048.0 50039.6    163   23.706   0      0.000   23.706
190848.0 180928.0 52416.0  0.0   7317760.0 3743458.2 15379136.0 11953973.3 50048.0 50040.8    164   23.936   0      0.000   23.936
181120.0 180928.0  0.0   97176.5 7317760.0 5013357.8 15379136.0 11973597.4 50048.0 50041.3    165   24.216   0      0.000   24.216
168512.0 172864.0  0.0   34258.5 7335552.0 185293.2 15379136.0 12192892.7 50048.0 50041.3    167   24.449   0      0.000   24.449
168512.0 158336.0 66138.3  0.0   7362688.0 1690021.0 15379136.0 12232504.7 50048.0 50041.3    168   24.534   0      0.000   24.534
156032.0 158336.0  0.0   25275.8 7362688.0 1073764.6 15379136.0 12298419.1 50048.0 50041.6    169   24.619   0      0.000   24.619
156032.0 158336.0  0.0   25275.8 7362688.0 5746063.4 15379136.0 12298419.1 50048.0 50042.0    169   24.619   0      0.000   24.619
156032.0 157120.0 256.0   0.0   7375296.0 1874352.1 15379136.0 12323506.9 50048.0 50042.0    170   24.691   0      0.000   24.691
156032.0 157120.0 256.0   0.0   7375296.0 4616922.5 15379136.0 12323506.9 50048.0 50042.0    170   24.691   0      0.000   24.691
156032.0 157120.0 256.0   0.0   7375296.0 5783260.5 15379136.0 12323506.9 50048.0 50042.0    170   24.691   0      0.000   24.691
156032.0 157120.0 256.0   0.0   7375296.0 6914954.2 15379136.0 12323506.9 50048.0 50042.1    170   24.691   0      0.000   24.691
156032.0 157120.0 256.0   0.0   7375296.0 7018970.0 15379136.0 12323506.9 50048.0 50042.1    170   24.691   0      0.000   24.691
156032.0 157120.0 256.0   0.0   7375296.0 7018988.6 15379136.0 12323506.9 50048.0 50043.2    170   24.691   0      0.000   24.691
156032.0 157120.0 256.0   0.0   7375296.0 7019009.4 15379136.0 12323506.9 50048.0 50045.2    170   24.691   0      0.000   24.691
156032.0 157120.0 256.0   0.0   7375296.0 7019028.1 15379136.0 12323506.9 50048.0 50045.2    170   24.691   0      0.000   24.691
156032.0 157120.0 256.0   0.0   7375296.0 7019046.8 15379136.0 12323506.9 50048.0 50045.2    170   24.691   0      0.000   24.691
156032.0 157120.0 256.0   0.0   7375296.0 7019093.3 15379136.0 12323506.9 50048.0 50045.8    170   24.691   0      0.000   24.691
156032.0 157120.0 256.0   0.0   7375296.0 7019111.9 15379136.0 12323506.9 50048.0 50045.8    170   24.691   0      0.000   24.691
156032.0 157120.0 256.0   0.0   7375296.0 7019132.6 15379136.0 12323506.9 50048.0 50046.2    170   24.691   0      0.000   24.691
156032.0 157120.0 256.0   0.0   7375296.0 7019151.3 15379136.0 12323506.9 50048.0 50046.2    170   24.691   0      0.000   24.691
156032.0 157120.0 256.0   0.0   7375296.0 7019172.3 15379136.0 12323506.9 50048.0 50047.5    170   24.691   0      0.000   24.691
156032.0 157120.0 256.0   0.0   7375296.0 7019217.4 15379136.0 12323506.9 50048.0 50047.7    170   24.691   0      0.000   24.691
156032.0 157120.0 256.0   0.0   7375296.0 7019246.5 15379136.0 12323506.9 50048.0 50047.7    170   24.691   0      0.000   24.691
156032.0 157120.0 256.0   0.0   7375296.0 7019279.6 15379136.0 12323506.9 50240.0 50049.2    170   24.691   0      0.000   24.691
154112.0 157120.0  0.0   13728.5 7375296.0 3425733.7 15379136.0 12323562.9 50240.0 50054.7    171   24.775   0      0.000   24.775
154112.0 217600.0 154103.5  0.0   7254336.0 1767605.8 15379136.0 12420385.4 50240.0 50054.7    172   24.945   0      0.000   24.945
217600.0 217600.0  0.0   217594.4 7254336.0 190830.5 15379136.0 12701451.8 50240.0 50056.1    173   25.162   0      0.000   25.162
217600.0 217600.0 77856.1 217594.4 7254336.0 7254336.0 15379136.0 12895473.9 50240.0 50057.3    174   25.162   0      0.000   25.162
217600.0 339712.0 94720.1  0.0   7010112.0 6210924.0 15379136.0 12912457.9 50240.0 50058.0    174   25.388   0      0.000   25.388
325504.0 339712.0  0.0   135305.3 7010112.0 6296963.9 15379136.0 12979478.0 50240.0 50058.0    175   25.653   0      0.000   25.653
325504.0 318656.0 153157.5  0.0   7045376.0 7007710.9 15379136.0 13097855.3 50240.0 50058.4    177   25.855   0      0.000   25.855
300224.0 291200.0 62848.1  0.0   7098112.0 1276329.0 15379136.0 13326253.4 50240.0 50058.4    178   26.396   0      0.000   26.396
277824.0 291200.0  0.0   85613.3 7098112.0 3813560.7 15379136.0 13380861.5 50240.0 50058.6    179   26.678   0      0.000   26.678
277824.0 265792.0 80927.6  0.0   7145920.0 6575546.3 15379136.0 13465965.3 50240.0 50058.6    180   26.878   0      0.000   26.878
252160.0 265792.0  0.0   93183.4 7145920.0 5472349.9 15379136.0 13545340.9 50240.0 50061.9    181   27.113   0      0.000   27.113
252160.0 246464.0 52106.5  0.0   7190912.0 3981069.0 15379136.0 13614917.0 50240.0 50061.9    182   27.260   0      0.000   27.260
234752.0 246464.0  0.0   82580.0 7190912.0 7127858.7 15379136.0 13666875.6 50240.0 50062.7    183   27.491   0      0.000   27.491
234752.0 229568.0 48416.1  0.0   7225216.0 7001529.3 15379136.0 13747994.3 50240.0 50062.7    184   27.645   0      0.000   27.645
216768.0 229568.0  0.0   88522.5 7225216.0 7203613.6 15379136.0 13785090.3 50240.0 50078.8    186   27.857   0      0.000   27.857
216768.0 205952.0 83247.3 15525.0 7266816.0 7266816.0 15379136.0 13865544.8 50240.0 50130.2    187   28.162   0      0.000   28.162
196160.0 205952.0 33662.8 82245.1 7266816.0 7266816.0 15379136.0 13972450.9 50240.0 50130.2    188   28.502   0      0.000   28.502
183040.0 186880.0  0.0   105872.9 7306496.0 1145111.6 15379136.0 14109513.7 50240.0 50130.2    189   28.907   0      0.000   28.907
183040.0 179008.0 61900.3  0.0   7327488.0 1673178.6 15379136.0 14208650.7 50240.0 50130.2    190   29.101   0      0.000   29.101
183040.0 179008.0 61900.3  0.0   7327488.0 6161708.9 15379136.0 14208650.7 50240.0 50130.7    190   29.101   0      0.000   29.101
192064.0 148544.0  0.0   148492.7 7327488.0 1690360.8 15379136.0 14268503.0 50240.0 50131.7    191   29.388   0      0.000   29.388
192064.0 148544.0  0.0   148492.7 7327488.0 5993079.0 15379136.0 14268503.0 50240.0 50132.2    191   29.388   0      0.000   29.388
192064.0 211008.0 172166.9  0.0   7267520.0 951440.0 15379136.0 14392117.6 50240.0 50132.2    192   29.705   0      0.000   29.705
192064.0 211008.0 172166.9  0.0   7267520.0 2025754.4 15379136.0 14392117.6 50240.0 50132.2    192   29.705   0      0.000   29.705
192064.0 211008.0 172166.9  0.0   7267520.0 3085843.3 15379136.0 14392117.6 50240.0 50132.2    192   29.705   0      0.000   29.705
192064.0 211008.0 172166.9  0.0   7267520.0 3824477.3 15379136.0 14392117.6 50240.0 50132.2    192   29.705   0      0.000   29.705
192064.0 211008.0 172166.9  0.0   7267520.0 3824519.3 15379136.0 14392117.6 50240.0 50132.2    192   29.705   0      0.000   29.705
192064.0 211008.0 172166.9  0.0   7267520.0 3824540.3 15379136.0 14392117.6 50240.0 50132.2    192   29.705   0      0.000   29.705
192064.0 211008.0 172166.9  0.0   7267520.0 3824556.9 15379136.0 14392117.6 50240.0 50132.6    192   29.705   0      0.000   29.705
192064.0 211008.0 172166.9  0.0   7267520.0 3824577.9 15379136.0 14392117.6 50240.0 50132.6    192   29.705   0      0.000   29.705
192064.0 211008.0 172166.9  0.0   7267520.0 3824596.6 15379136.0 14392117.6 50240.0 50133.6    192   29.705   0      0.000   29.705
192064.0 211008.0 172166.9  32.0  7267520.0 7267520.0 15379136.0 14392137.7 50240.0 50139.5    193   29.705   0      0.000   29.705
211456.0 277120.0 211438.3  0.0   7135296.0 1618962.2 15379136.0 14612027.0 50240.0 50139.5    194   30.149   0      0.000   30.149
267776.0 277120.0  0.0   92467.9 7135296.0 6519691.3 15379136.0 14776028.5 50240.0 50139.7    195   30.300   0      0.000   30.300
263360.0 269824.0  0.0   58784.1 7149888.0 3484239.1 15379136.0 14938740.1 50240.0 50139.7    197   30.663   0      0.000   30.663
263360.0 260416.0 33312.0  0.0   7165760.0 7098470.4 15379136.0 14997452.2 50240.0 50140.0    199   30.804   0      0.000   30.804
265792.0 158016.0  0.0   157985.2 7165760.0 7165760.0 15379136.0 15030732.2 50240.0 50140.1    200   30.967   0      0.000   30.967
265792.0 261376.0 37921.4 124307.3 7162368.0 7162368.0 15379136.0 15164259.3 50240.0 50140.9    201   31.223   0      0.000   31.223
254464.0 249984.0 38334.3  0.0   7185088.0   0.0    15379136.0 15249069.6 50240.0 50141.0    202   31.772   1      0.000   31.772
254464.0 249984.0 38334.3  0.0   7185088.0   0.0    15379136.0 15249069.6 50240.0 50141.0    202   31.772   1      0.000   31.772
254464.0 249984.0 38334.3  0.0   7185088.0   0.0    15379136.0 15249069.6 50240.0 50141.0    202   31.772   1      0.000   31.772
254464.0 249984.0 38334.3  0.0   7185088.0   0.0    15379136.0 15249069.6 50240.0 50141.0    202   31.772   1      0.000   31.772
254464.0 249984.0  0.0    0.0   7185088.0 5736952.9 15379136.0 3020675.4  100544.0 50141.2    202   31.772   1      6.842   38.614
241152.0 233408.0 115141.0  0.0   7214976.0 79908.7  15379136.0 3034238.1  100544.0 50141.2    204   32.050   1      6.842   38.892
224960.0 233408.0  0.0   69466.0 7214976.0 5140355.8 15379136.0 3067734.1  100544.0 50141.2    205   32.175   1      6.842   39.017
210752.0 222400.0  0.0   80465.0 7242176.0 190591.1 15379136.0 3123770.5  100544.0 50141.2    207   32.466   1      6.842   39.308
210752.0 208512.0 30415.3  0.0   7270272.0 2139103.3 15379136.0 3178827.0  100544.0 50216.3    208   32.642   1      6.842   39.484
203712.0 208512.0  0.0   37533.6 7270272.0 3751535.1 15379136.0 3208668.0  100544.0 50216.7    209   32.833   1      6.842   39.675
203712.0 200128.0 26208.0  0.0   7285696.0 3028653.8 15379136.0 3246093.6  100544.0 50217.5    210   32.984   1      6.842   39.826
188608.0 200128.0  0.0   66562.0 7285696.0 369320.0 15379136.0 3272237.6  100544.0 50217.8    211   33.228   1      6.842   40.069
188608.0 179584.0 57389.9  0.0   7321344.0 1333344.0 15379136.0 3334749.3  100544.0 50217.8    212   33.402   1      6.842   40.244
183936.0 179584.0  0.0   112258.8 7321344.0 1990927.7 15379136.0 3392059.2  100544.0 50219.4    213   33.585   1      6.842   40.427
183936.0 176704.0 53888.1  0.0   7328896.0 1640333.6 15379136.0 3504282.0  100544.0 50220.5    214   33.766   1      6.842   40.608
183936.0 176704.0 53888.1  0.0   7328896.0 6935489.0 15379136.0 3504282.0  100544.0 50223.4    214   33.766   1      6.842   40.608
178752.0 176704.0  0.0   160.0  7328896.0 3472008.9 15379136.0 3552740.7  100544.0 50223.8    215   33.956   1      6.842   40.798
178752.0 178624.0 128.0   0.0   7332160.0 76977.7  15379136.0 3552780.7  100544.0 50223.8    216   34.047   1      6.842   40.889
178752.0 178624.0 128.0   0.0   7332160.0 1126539.3 15379136.0 3552780.7  100544.0 50223.8    216   34.047   1      6.842   40.889
178752.0 178624.0 128.0   0.0   7332160.0 1805841.1 15379136.0 3552780.7  100544.0 50223.8    216   34.047   1      6.842   40.889
178752.0 178624.0 128.0   0.0   7332160.0 2781843.6 15379136.0 3552780.7  100544.0 50223.8    216   34.047   1      6.842   40.889
178752.0 178624.0 128.0   0.0   7332160.0 3937433.0 15379136.0 3552780.7  100544.0 50223.8    216   34.047   1      6.842   40.889
178752.0 178624.0 128.0   0.0   7332160.0 4351305.5 15379136.0 3552780.7  100544.0 50223.8    216   34.047   1      6.842   40.889
178752.0 178624.0 128.0   0.0   7332160.0 4351355.3 15379136.0 3552780.7  100544.0 50223.8    216   34.047   1      6.842   40.889
178752.0 178624.0 128.0   0.0   7332160.0 4351369.9 15379136.0 3552780.7  100544.0 50223.8    216   34.047   1      6.842   40.889
178752.0 178624.0 128.0   0.0   7332160.0 4351386.4 15379136.0 3552780.7  100544.0 50223.8    216   34.047   1      6.842   40.889
178752.0 178624.0 128.0   0.0   7332160.0 5901775.0 15379136.0 3552780.7  100544.0 50224.4    216   34.047   1      6.842   40.889
179776.0 177600.0  0.0   177557.4 7332160.0 3537059.9 15379136.0 3552836.7  100544.0 50224.4    217   34.136   1      6.842   40.978
179776.0 177600.0  0.0   177557.4 7332160.0 6059413.6 15379136.0 3552836.7  100544.0 50225.7    217   34.136   1      6.842   40.978
179776.0 320896.0 179747.8 117583.3 7047744.0 7047744.0 15379136.0 3870524.3  100544.0 50225.9    219   34.341   1      6.842   41.183
310016.0 328128.0  0.0   75328.1 7030720.0 3483122.4 15379136.0 4201231.8  100544.0 50227.4    221   34.756   1      6.842   41.598
310016.0 291200.0 86176.1  0.0   7088320.0 5187859.3 15379136.0 4269423.8  100544.0 50229.1    222   34.891   1      6.842   41.733
275584.0 291200.0  0.0   76179.3 7088320.0 6113984.8 15379136.0 4353551.9  100544.0 50229.2    223   35.037   1      6.842   41.879
275584.0 287104.0 175546.1  0.0   7115328.0 5383281.9 15379136.0 4429193.9  100544.0 50229.2    224   35.689   1      6.842   42.531
272640.0 287104.0  0.0   114155.7 7115328.0 6242850.7 15379136.0 4602164.0  100544.0 50229.2    225   35.892   1      6.842   42.734
272640.0 258752.0 87840.1  0.0   7158144.0 5877370.8 15379136.0 4714003.7  100544.0 50229.2    226   36.054   1      6.842   42.896
249024.0 258752.0  0.0   68731.0 7158144.0 3712306.9 15379136.0 4798771.8  100544.0 50229.8    227   36.206   1      6.842   43.048
249024.0 250752.0 144676.6  0.0   7188032.0 1984909.1 15379136.0 4858865.3  100544.0 50230.9    228   36.382   1      6.842   43.224
236224.0 250752.0  0.0   103125.1 7188032.0 2729691.2 15379136.0 4992221.8  100544.0 50231.4    229   36.589   1      6.842   43.431
236224.0 229056.0 68704.1  0.0   7224256.0 5222518.0 15379136.0 5085826.8  100544.0 50234.3    230   36.716   1      6.842   43.558
219584.0 229056.0  0.0   80480.1 7224256.0 7005413.8 15379136.0 5146314.8  100544.0 50234.3    231   36.844   1      6.842   43.686
219584.0 210496.0 80955.6  0.0   7259456.0 5965874.7 15379136.0 5226794.9  100544.0 50234.3    232   37.034   1      6.842   43.876
221568.0 227136.0  96.0   0.0   7235264.0 4325038.4 15379136.0 5465225.4  100544.0 50234.3    234   37.359   1      6.842   44.201
245824.0 179392.0  0.0   179360.0 7235264.0 2005316.1 15379136.0 5465233.4  100544.0 50235.5    235   37.506   1      6.842   44.348
245824.0 264192.0 189996.0  0.0   7161152.0 3411472.6 15379136.0 5630385.4  100544.0 50235.9    236   37.766   1      6.842   44.607
251776.0 264192.0  0.0   92747.0 7161152.0 2349160.9 15379136.0 5814173.4  100544.0 50235.9    237   37.996   1      6.842   44.838
251776.0 239488.0 114027.2  0.0   7198272.0 872548.1 15379136.0 5898728.3  100544.0 50235.9    238   38.163   1      6.842   45.005
251776.0 239488.0 114027.2  0.0   7198272.0 4420899.1 15379136.0 5898728.3  100544.0 50236.3    238   38.163   1      6.842   45.005
251776.0 239488.0 114027.2  0.0   7198272.0 5879232.7 15379136.0 5898728.3  100544.0 50236.3    238   38.163   1      6.842   45.005
251776.0 239488.0 114027.2  0.0   7198272.0 6306684.8 15379136.0 5898728.3  100544.0 50236.3    238   38.163   1      6.842   45.005
251776.0 239488.0 114027.2  0.0   7198272.0 6306707.7 15379136.0 5898728.3  100544.0 50236.3    238   38.163   1      6.842   45.005
251776.0 239488.0 114027.2  0.0   7198272.0 6306728.5 15379136.0 5898728.3  100544.0 50236.3    238   38.163   1      6.842   45.005
251776.0 239488.0 114027.2  0.0   7198272.0 6331644.2 15379136.0 5898728.3  100544.0 50236.3    238   38.163   1      6.842   45.005
251776.0 239488.0 114027.2  0.0   7198272.0 6331672.0 15379136.0 5898728.3  100544.0 50236.3    238   38.163   1      6.842   45.005
251776.0 239488.0 114027.2  0.0   7198272.0 6331692.6 15379136.0 5898728.3  100544.0 50236.3    238   38.163   1      6.842   45.005
251776.0 239488.0 114027.2  0.0   7198272.0 6331711.4 15379136.0 5898728.3  100544.0 50236.3    238   38.163   1      6.842   45.005
251776.0 239488.0 114027.2  0.0   7198272.0 6331734.2 15379136.0 5898728.3  100544.0 50236.3    238   38.163   1      6.842   45.005
251776.0 239488.0 114027.2  0.0   7198272.0 6331775.6 15379136.0 5898728.3  100544.0 50236.3    238   38.163   1      6.842   45.005
251776.0 239488.0 114027.2  0.0   7198272.0 6331796.4 15379136.0 5898728.3  100544.0 50236.3    238   38.163   1      6.842   45.005
251776.0 239488.0 114027.2  0.0   7198272.0 6331815.2 15379136.0 5898728.3  100544.0 50236.3    238   38.163   1      6.842   45.005
251776.0 239488.0 114027.2  0.0   7198272.0 6331833.8 15379136.0 5898728.3  100544.0 50236.3    238   38.163   1      6.842   45.005
251776.0 239488.0 114027.2  0.0   7198272.0 6331858.5 15379136.0 5898728.3  100544.0 50236.3    238   38.163   1      6.842   45.005
251776.0 239488.0 114027.2  0.0   7198272.0 6331927.6 15379136.0 5898728.3  100544.0 50236.3    238   38.163   1      6.842   45.005
251776.0 239488.0 114027.2  0.0   7198272.0 6331952.4 15379136.0 5898728.3  100544.0 50236.3    238   38.163   1      6.842   45.005
234432.0 239488.0  0.0   130499.8 7198272.0 3473063.9 15379136.0 5979535.7  100544.0 50238.5    239   38.334   1      6.842   45.176
234432.0 226432.0 85674.2  0.0   7228672.0 4161805.7 15379136.0 6075985.0  100544.0 50238.7    240   38.530   1      6.842   45.371
218944.0 226432.0  0.0   83232.2 7228672.0 3819624.2 15379136.0 6148355.1  100544.0 50238.7    241   38.693   1      6.842   45.534
206400.0 212288.0  0.0   80032.1 7258304.0 3457955.1 15379136.0 6317538.7  100544.0 50238.7    243   39.212   1      6.842   46.054
206400.0 200704.0 78177.2  0.0   7282432.0 4573402.9 15379136.0 6397666.8  100544.0 50238.7    244   39.621   1      6.842   46.462
197504.0 200704.0  0.0   62560.0 7282432.0 6840207.9 15379136.0 6475828.0  100544.0 50239.9    245   39.939   1      6.842   46.781
197504.0 199488.0 130092.1  0.0   7290560.0 6346200.7 15379136.0 6538364.0  100544.0 50240.1    246   40.199   1      6.842   47.040
192832.0 191424.0 122769.3  0.0   7305280.0 2024084.0 15379136.0 6687494.2  100544.0 50240.3    248   40.447   1      6.842   47.289
188928.0 191424.0  0.0   67694.5 7305280.0 5079717.7 15379136.0 6810159.6  100544.0 50240.6    249   40.550   1      6.842   47.392
196032.0 128.0   0.0   128.0  7310912.0 6651234.6 15379136.0 6898406.2  100544.0 50240.7    251   40.721   1      6.842   47.563
194752.0 196224.0  0.0   18688.1 7297088.0 1767244.3 15379136.0 6900944.9  100544.0 50240.7    253   40.906   1      6.842   47.747
194752.0 184576.0 78425.1  0.0   7310208.0 3427185.6 15379136.0 6907112.9  100544.0 50241.3    254   41.063   1      6.842   47.905
186176.0 184576.0  0.0   107865.9 7310208.0 6045887.1 15379136.0 6910960.9  100544.0 50241.9    255   41.177   1      6.842   48.019
186176.0 183104.0 98142.9 74502.5 7320256.0 7320256.0 15379136.0 6942065.1  100544.0 50242.0    257   41.336   1      6.842   48.178
205696.0 116992.0  0.0   116981.6 7281856.0 1811044.6 15379136.0 7214988.8  100544.0 50242.0    259   41.553   1      6.842   48.395
205696.0 116992.0 50588.2 116981.6 7281856.0 7281856.0 15379136.0 7227237.4  100544.0 50242.0    260   41.553   1      6.842   48.395
205696.0 198592.0 50716.2  0.0   7285248.0 4735313.7 15379136.0 7283110.4  100544.0 50242.0    260   41.624   1      6.842   48.466
194368.0 198592.0  0.0   33056.0 7285248.0 2592015.5 15379136.0 7283182.6  100544.0 50242.0    261   41.667   1      6.842   48.508
194368.0 198592.0  0.0   33056.0 7285248.0 3334744.6 15379136.0 7283182.6  100544.0 50242.0    261   41.667   1      6.842   48.508
194368.0 198592.0  0.0   33056.0 7285248.0 4614489.2 15379136.0 7283182.6  100544.0 50242.0    261   41.667   1      6.842   48.508
194368.0 198592.0  0.0   33056.0 7285248.0 5929776.4 15379136.0 7283182.6  100544.0 50242.0    261   41.667   1      6.842   48.508
194368.0 198592.0  0.0   33056.0 7285248.0 7197667.2 15379136.0 7283182.6  100544.0 50242.0    261   41.667   1      6.842   48.508
194368.0 188096.0 40443.0  0.0   7307072.0 365501.9 15379136.0 7283262.6  100544.0 50242.0    262   41.710   1      6.842   48.551
194368.0 188096.0 40443.0  0.0   7307072.0 365522.7 15379136.0 7283262.6  100544.0 50242.0    262   41.710   1      6.842   48.551
194368.0 188096.0 40443.0  0.0   7307072.0 365545.7 15379136.0 7283262.6  100544.0 50242.0    262   41.710   1      6.842   48.551
194368.0 188096.0 40443.0  0.0   7307072.0 365560.3 15379136.0 7283262.6  100544.0 50242.0    262   41.710   1      6.842   48.551
194368.0 188096.0 40443.0  0.0   7307072.0 365585.1 15379136.0 7283262.6  100544.0 50242.0    262   41.710   1      6.842   48.551
194368.0 188096.0 40443.0  0.0   7307072.0 365627.9 15379136.0 7283262.6  100544.0 50242.0    262   41.710   1      6.842   48.551
194368.0 188096.0 40443.0  0.0   7307072.0 365646.7 15379136.0 7283262.6  100544.0 50242.1    262   41.710   1      6.842   48.551
194368.0 188096.0 40443.0  0.0   7307072.0 365665.3 15379136.0 7283262.6  100544.0 50242.1    262   41.710   1      6.842   48.551
194368.0 188096.0 40443.0  0.0   7307072.0 365683.9 15379136.0 7283262.6  100544.0 50242.1    262   41.710   1      6.842   48.551
194368.0 188096.0 40443.0  0.0   7307072.0 365704.5 15379136.0 7283262.6  100544.0 50242.3    262   41.710   1      6.842   48.551
194368.0 188096.0 40443.0  0.0   7307072.0 365748.4 15379136.0 7283262.6  100544.0 50242.3    262   41.710   1      6.842   48.551
194368.0 188096.0 40443.0  0.0   7307072.0 628303.0 15379136.0 7283262.6  100544.0 50596.5    262   41.710   1      6.842   48.551
194368.0 188096.0 40443.0  0.0   7307072.0 4562822.9 15379136.0 7283262.6  100544.0 50620.8    262   41.710   1      6.842   48.551
206016.0 176448.0  0.0   176427.3 7307072.0 5002065.2 15379136.0 7344099.2  100544.0 50621.0    263   41.795   1      6.842   48.637
206016.0 212352.0 20628.2  0.0   7264832.0 5335887.4 15379136.0 7511633.8  100544.0 50621.0    264   41.884   1      6.842   48.726
211392.0 212352.0  0.0   288.0  7264832.0 6381625.5 15379136.0 7532014.0  100544.0 50624.1    265   41.979   1      6.842   48.820
211392.0 208512.0 288.0  16640.0 7269632.0 7269632.0 15379136.0 7532150.0  100544.0 50624.1    267   42.073   1      6.842   48.915
201280.0 208512.0 21269.0 16640.0 7269632.0 7269632.0 15379136.0 7532174.0  100544.0 50791.4    268   42.211   1      6.842   49.053
187776.0 192832.0  0.0   672.0  7295424.0   0.0    15379136.0 7553436.7  100544.0 50791.4    269   42.387   1      6.842   49.229
187776.0 181824.0 544.0   0.0   7319936.0 1833581.9 15379136.0 7553900.8  100544.0 50791.8    270   42.516   1      6.842   49.358
168128.0 181824.0  0.0   41914.0 7319936.0 2965726.7 15379136.0 7554260.8  100544.0 50792.7    271   42.594   1      6.842   49.436
168128.0 162816.0 640.0   0.0   7358592.0 4381238.5 15379136.0 7595894.8  100544.0 50792.7    272   42.664   1      6.842   49.506
151232.0 162816.0  0.0   40946.9 7358592.0 5994835.2 15379136.0 7596286.9  100544.0 50800.9    273   42.809   1      6.842   49.651
151232.0 146560.0 288.0   0.0   7391744.0 5612607.9 15379136.0 7637001.8  100544.0 50801.1    274   42.886   1      6.842   49.728
141376.0 146560.0  0.0   320.0  7391744.0 2399333.4 15379136.0 7637057.8  100544.0 50801.2    275   42.953   1      6.842   49.795
141376.0 146560.0  0.0   320.0  7391744.0 5203862.4 15379136.0 7637057.8  100544.0 50801.2    275   42.953   1      6.842   49.795
141376.0 146560.0  0.0   320.0  7391744.0 6459864.0 15379136.0 7637057.8  100544.0 50801.2    275   42.953   1      6.842   49.795
141376.0 146560.0  0.0   320.0  7391744.0 6459927.1 15379136.0 7637057.8  100544.0 50801.2    275   42.953   1      6.842   49.795
141376.0 146560.0  0.0   320.0  7391744.0 6459949.9 15379136.0 7637057.8  100544.0 50801.2    275   42.953   1      6.842   49.795
141376.0 146560.0  0.0   320.0  7391744.0 6459996.4 15379136.0 7637057.8  100544.0 50801.2    275   42.953   1      6.842   49.795
141376.0 146560.0  0.0   320.0  7391744.0 6460015.1 15379136.0 7637057.8  100544.0 50801.2    275   42.953   1      6.842   49.795
141376.0 146560.0  0.0   320.0  7391744.0 6460033.9 15379136.0 7637057.8  100544.0 50801.2    275   42.953   1      6.842   49.795
141376.0 146560.0  0.0   320.0  7391744.0 6460052.6 15379136.0 7637057.8  100544.0 50801.2    275   42.953   1      6.842   49.795
141376.0 146560.0  0.0   320.0  7391744.0 6460071.3 15379136.0 7637057.8  100544.0 50801.2    275   42.953   1      6.842   49.795
141376.0 146560.0  0.0   320.0  7391744.0 6460117.9 15379136.0 7637057.8  100544.0 50801.2    275   42.953   1      6.842   49.795
141376.0 146560.0  0.0   320.0  7391744.0 6460134.5 15379136.0 7637057.8  100544.0 50801.2    275   42.953   1      6.842   49.795
141376.0 146560.0  0.0   320.0  7391744.0 6460155.1 15379136.0 7637057.8  100544.0 50801.2    275   42.953   1      6.842   49.795
141376.0 146560.0  0.0   320.0  7391744.0 6460173.8 15379136.0 7637057.8  100544.0 50801.2    275   42.953   1      6.842   49.795
141376.0 146560.0  0.0   320.0  7391744.0 6460194.5 15379136.0 7637057.8  100544.0 50801.2    275   42.953   1      6.842   49.795
141376.0 146560.0  0.0   320.0  7391744.0 6460247.7 15379136.0 7637057.8  100544.0 50801.2    275   42.953   1      6.842   49.795
141376.0 146560.0  0.0   320.0  7391744.0 6460280.6 15379136.0 7637057.8  100544.0 50801.2    275   42.953   1      6.842   49.795
141376.0 146560.0  0.0   320.0  7391744.0 6460299.3 15379136.0 7637057.8  100544.0 50801.2    275   42.953   1      6.842   49.795
141376.0 146560.0  0.0   320.0  7391744.0 6563409.5 15379136.0 7637057.8  100544.0 51136.3    275   42.953   1      6.842   49.795
141376.0 132544.0 37508.6  0.0   7415616.0 5545030.2 15379136.0 7637121.8  100544.0 51220.9    276   43.000   1      6.842   49.841
151360.0 181824.0 142227.5  0.0   7325888.0 355822.2 15379136.0 7866221.9  100544.0 51222.3    278   43.123   1      6.842   49.965
177472.0 181824.0  0.0   256.0  7325888.0 7280079.7 15379136.0 8028799.2  100544.0 51222.3    279   43.179   1      6.842   50.021
166144.0 172160.0  0.0   288.0  7339904.0 7337010.9 15379136.0 8028879.2  100544.0 51230.9    281   43.344   1      6.842   50.185
166144.0 159616.0 293.4  20664.1 7363776.0 7363776.0 15379136.0 8028951.2  100544.0 51230.9    283   43.385   1      6.842   50.227
149760.0 159616.0 43008.7 41168.2 7363776.0 7363776.0 15379136.0 8029442.3  100544.0 51233.1    284   43.562   1      6.842   50.404
133120.0 141376.0  0.0   41639.4 7398400.0 109726.5 15379136.0 8072359.1  100544.0 51233.2    285   43.766   1      6.842   50.608
133120.0 132800.0 61463.5  0.0   7423616.0 847007.9 15379136.0 8113754.5  100544.0 51233.2    286   43.874   1      6.842   50.716
126464.0 132800.0  0.0   20621.4 7423616.0 1889160.9 15379136.0 8175110.1  100544.0 51233.2    287   43.970   1      6.842   50.812
126464.0 123712.0  96.0   0.0   7439360.0 6097812.5 15379136.0 8195639.5  100544.0 51233.2    288   44.148   1      6.842   50.990
120256.0 116160.0 880.3   0.0   7453120.0 910214.6 15379136.0 8195719.5  100544.0 51233.2    290   44.400   1      6.842   51.242
108288.0 116160.0  0.0   20463.9 7453120.0 1981210.7 15379136.0 8196314.4  100544.0 51233.2    291   44.516   1      6.842   51.358
108288.0 104512.0 160.0   0.0   7476736.0 676665.1 15379136.0 8216570.3  100544.0 51234.1    292   44.652   1      6.842   51.493
108288.0 104512.0 160.0   0.0   7476736.0 2899348.3 15379136.0 8216570.3  100544.0 51234.1    292   44.652   1      6.842   51.493
108288.0 104512.0 160.0   0.0   7476736.0 4048090.7 15379136.0 8216570.3  100544.0 51234.1    292   44.652   1      6.842   51.493
108288.0 104512.0 160.0   0.0   7476736.0 4414610.7 15379136.0 8216570.3  100544.0 51234.1    292   44.652   1      6.842   51.493
108288.0 104512.0 160.0   0.0   7476736.0 4414659.9 15379136.0 8216570.3  100544.0 51234.1    292   44.652   1      6.842   51.493
108288.0 104512.0 160.0   0.0   7476736.0 4414678.6 15379136.0 8216570.3  100544.0 51234.1    292   44.652   1      6.842   51.493
108288.0 104512.0 160.0   0.0   7476736.0 4414697.4 15379136.0 8216570.3  100544.0 51234.1    292   44.652   1      6.842   51.493
108288.0 104512.0 160.0   0.0   7476736.0 4464820.6 15379136.0 8216570.3  100544.0 51234.3    292   44.652   1      6.842   51.493
108288.0 104512.0 160.0   0.0   7476736.0 4464841.2 15379136.0 8216570.3  100544.0 51234.3    292   44.652   1      6.842   51.493
108288.0 104512.0 160.0   0.0   7476736.0 4464886.1 15379136.0 8216570.3  100544.0 51234.3    292   44.652   1      6.842   51.493
108288.0 104512.0 160.0   0.0   7476736.0 4464906.8 15379136.0 8216570.3  100544.0 51234.6    292   44.652   1      6.842   51.493
108288.0 104512.0 160.0   0.0   7476736.0 4464925.3 15379136.0 8216570.3  100544.0 51234.6    292   44.652   1      6.842   51.493
108288.0 104512.0 160.0   0.0   7476736.0 4464943.9 15379136.0 8216570.3  100544.0 51234.6    292   44.652   1      6.842   51.493
108288.0 104512.0 160.0   0.0   7476736.0 4464964.5 15379136.0 8216570.3  100544.0 51234.6    292   44.652   1      6.842   51.493
108288.0 104512.0 160.0   0.0   7476736.0 4465005.8 15379136.0 8216570.3  100544.0 51234.6    292   44.652   1      6.842   51.493
108288.0 104512.0 160.0   0.0   7476736.0 4465026.4 15379136.0 8216570.3  100544.0 51234.6    292   44.652   1      6.842   51.493
108288.0 104512.0 160.0   0.0   7476736.0 6655914.7 15379136.0 8216570.3  100544.0 51237.9    292   44.652   1      6.842   51.493
112896.0 134720.0 83669.2  0.0   7420096.0 567081.0 15379136.0 8261000.2  100544.0 51237.9    294   44.758   1      6.842   51.600
149376.0 102656.0  0.0   102610.1 7420096.0 1687009.5 15379136.0 8281869.8  100544.0 51237.9    295   44.865   1      6.842   51.707
149376.0 142592.0 20506.0  0.0   7397568.0 722453.6 15379136.0 8363678.3  100544.0 51237.9    296   45.027   1      6.842   51.869
139328.0 142592.0  0.0   128.0  7397568.0 5129581.5 15379136.0 8404482.3  100544.0 51237.9    297   45.163   1      6.842   52.004
139328.0 135168.0 928.1   0.0   7415040.0 6714173.0 15379136.0 8404546.3  100544.0 51239.0    298   45.265   1      6.842   52.106
127040.0 135168.0 576.0  21172.9 7415040.0 7415040.0 15379136.0 8426221.0  100544.0 51239.0    300   45.453   1      6.842   52.295
114752.0 122880.0  0.0   21163.6 7439616.0 2200439.4 15379136.0 8426565.0  100544.0 51240.6    301   45.752   1      6.842   52.593
114752.0 106752.0 29885.6  0.0   7468032.0 7468032.0 15379136.0 8447632.7  100544.0 51240.9    303   45.822   1      6.842   52.664
104064.0 98112.0 21106.6  0.0   7487360.0 3972904.7 15379136.0 8509976.4  100544.0 51240.9    304   45.939   1      6.842   52.781
96000.0 98112.0  0.0   320.0  7487360.0 7022495.7 15379136.0 8530887.0  100544.0 51240.9    305   45.991   1      6.842   52.833
96000.0 93376.0 288.0   0.0   7500160.0 5152743.5 15379136.0 8530943.0  100544.0 51240.9    306   46.036   1      6.842   52.878
90304.0 93376.0  0.0   320.0  7500160.0 198032.4 15379136.0 8531015.0  100544.0 51240.9    307   46.079   1      6.842   52.921
90304.0 93376.0  0.0   320.0  7500160.0 1320861.2 15379136.0 8531015.0  100544.0 51241.3    307   46.079   1      6.842   52.921
90304.0 93376.0  0.0   320.0  7500160.0 2537944.1 15379136.0 8531015.0  100544.0 51241.3    307   46.079   1      6.842   52.921
90304.0 93376.0  0.0   320.0  7500160.0 3709878.1 15379136.0 8531015.0  100544.0 51241.3    307   46.079   1      6.842   52.921
90304.0 93376.0  0.0   320.0  7500160.0 4902371.8 15379136.0 8531015.0  100544.0 51241.3    307   46.079   1      6.842   52.921
90304.0 93376.0  0.0   320.0  7500160.0 6033188.7 15379136.0 8531015.0  100544.0 51241.3    307   46.079   1      6.842   52.921
90304.0 93376.0  0.0   320.0  7500160.0 6269711.3 15379136.0 8531015.0  100544.0 51241.3    307   46.079   1      6.842   52.921
90304.0 93376.0  0.0   320.0  7500160.0 6269731.9 15379136.0 8531015.0  100544.0 51241.3    307   46.079   1      6.842   52.921
90304.0 93376.0  0.0   320.0  7500160.0 6269750.5 15379136.0 8531015.0  100544.0 51241.3    307   46.079   1      6.842   52.921
90304.0 93376.0  0.0   320.0  7500160.0 6269771.2 15379136.0 8531015.0  100544.0 51241.3    307   46.079   1      6.842   52.921
90304.0 93376.0  0.0   320.0  7500160.0 6269789.7 15379136.0 8531015.0  100544.0 51241.3    307   46.079   1      6.842   52.921
90304.0 93376.0  0.0   320.0  7500160.0 6916782.1 15379136.0 8531015.0  100544.0 51245.5    307   46.079   1      6.842   52.921
112064.0 61440.0  0.0   61434.9 7474368.0 194054.4 15379136.0 8658047.4  100544.0 51245.6    309   46.220   1      6.842   53.062
112064.0 107648.0 40936.4  0.0   7469824.0 5249210.3 15379136.0 8719330.5  100544.0 51245.6    310   46.288   1      6.842   53.130
105536.0 102720.0 288.0   0.0   7481280.0 906012.7 15379136.0 8739750.7  100544.0 51245.6    312   46.514   1      6.842   53.356
99392.0 102720.0  0.0   192.0  7481280.0 3307381.4 15379136.0 8739782.7  100544.0 51245.6    313   46.663   1      6.842   53.505
99392.0 95680.0 480.0   0.0   7494464.0 4010663.7 15379136.0 8739854.7  100544.0 51245.8    314   46.734   1      6.842   53.576
96256.0 95680.0  0.0   42848.6 7494464.0 4199899.8 15379136.0 8739926.7  100544.0 51245.8    315   46.850   1      6.842   53.692
85120.0 89472.0  0.0   9344.1 7503808.0 510263.4 15379136.0 8802849.2  100544.0 51246.3    317   46.992   1      6.842   53.834
85120.0 84480.0 37053.6  0.0   7519936.0 5617996.6 15379136.0 8803838.9  100544.0 51246.4    318   47.071   1      6.842   53.913
85184.0 79744.0 21458.6  0.0   7524608.0 2372287.4 15379136.0 8865566.5  100544.0 51246.4    320   47.169   1      6.842   54.011
74944.0 79744.0  0.0   20495.9 7524608.0 6259337.2 15379136.0 8886777.2  100544.0 51246.4    321   47.223   1      6.842   54.065
74944.0 73984.0 288.0   0.0   7540608.0 5823485.0 15379136.0 8907049.1  100544.0 51246.4    322   47.285   1      6.842   54.127
72448.0 73984.0  0.0   320.0  7540608.0 1578438.9 15379136.0 8907121.1  100544.0 51246.4    323   47.330   1      6.842   54.172
72448.0 73984.0  0.0   320.0  7540608.0 3951340.7 15379136.0 8907121.1  100544.0 51246.4    323   47.330   1      6.842   54.172
72448.0 73984.0  0.0   320.0  7540608.0 4623270.9 15379136.0 8907121.1  100544.0 51246.4    323   47.330   1      6.842   54.172
72448.0 73984.0  0.0   320.0  7540608.0 4623316.4 15379136.0 8907121.1  100544.0 51246.4    323   47.330   1      6.842   54.172
72448.0 73984.0  0.0   320.0  7540608.0 4623338.9 15379136.0 8907121.1  100544.0 51246.4    323   47.330   1      6.842   54.172
72448.0 73984.0  0.0   320.0  7540608.0 4623359.5 15379136.0 8907121.1  100544.0 51246.4    323   47.330   1      6.842   54.172
72448.0 73984.0  0.0   320.0  7540608.0 4623380.1 15379136.0 8907121.1  100544.0 51246.4    323   47.330   1      6.842   54.172
72448.0 73984.0  0.0   320.0  7540608.0 4623396.5 15379136.0 8907121.1  100544.0 51246.4    323   47.330   1      6.842   54.172
72448.0 73984.0  0.0   320.0  7540608.0 4623444.7 15379136.0 8907121.1  100544.0 51246.4    323   47.330   1      6.842   54.172
72448.0 73984.0  0.0   320.0  7540608.0 4623463.2 15379136.0 8907121.1  100544.0 51246.4    323   47.330   1      6.842   54.172
72448.0 73984.0  0.0   320.0  7540608.0 4623481.8 15379136.0 8907121.1  100544.0 51246.4    323   47.330   1      6.842   54.172
72448.0 73984.0  0.0   320.0  7540608.0 4623502.3 15379136.0 8907121.1  100544.0 51246.4    323   47.330   1      6.842   54.172
72448.0 73984.0  0.0   320.0  7540608.0 4623520.8 15379136.0 8907121.1  100544.0 51246.4    323   47.330   1      6.842   54.172
72448.0 79616.0 53440.5  0.0   7530304.0 4599040.2 15379136.0 8907193.1  100544.0 51248.1    324   47.383   1      6.842   54.225
88064.0 94720.0 61384.6  0.0   7500096.0 2658563.3 15379136.0 8951815.4  100544.0 51248.1    326   47.510   1      6.842   54.352
93376.0 91392.0 256.0   0.0   7504768.0 646200.8 15379136.0 9013076.1  100544.0 51248.1    328   47.635   1      6.842   54.477
88832.0 91392.0  0.0   320.0  7504768.0 6526451.8 15379136.0 9013124.1  100544.0 51248.1    329   47.709   1      6.842   54.551
82176.0 85888.0  0.0   3040.3 7514816.0 3246648.1 15379136.0 9013236.1  100544.0 51250.9    331   47.796   1      6.842   54.638
82176.0 76608.0 20427.5  0.0   7530752.0 6382113.2 15379136.0 9016082.0  100544.0 51250.9    332   47.865   1      6.842   54.707
86656.0 61440.0  0.0   61414.6 7530752.0 6481694.3 15379136.0 9036237.7  100544.0 51250.9    333   48.010   1      6.842   54.852
86656.0 87296.0 41815.9 41102.1 7514944.0 7514944.0 15379136.0 9118241.2  100544.0 51250.9    335   48.142   1      6.842   54.984
87104.0 85504.0 288.0   0.0   7516928.0 2432334.3 15379136.0 9159151.5  100544.0 51250.9    336   48.373   1      6.842   55.215
85888.0 85504.0  0.0   41530.0 7516928.0 2398780.9 15379136.0 9159207.5  100544.0 51251.4    337   48.479   1      6.842   55.321
85888.0 80704.0 20559.9  0.0   7522944.0 1664332.9 15379136.0 9200575.1  100544.0 51251.6    338   48.580   1      6.842   55.422
85888.0 80704.0 20559.9 288.0  7522944.0 7522944.0 15379136.0 9220875.0  100544.0 51252.3    339   48.580   1      6.842   55.422
79360.0 80704.0  0.0   320.0  7522944.0 3377745.1 15379136.0 9220875.0  100544.0 51252.3    339   48.690   1      6.842   55.532
79360.0 80704.0  0.0   320.0  7522944.0 4945404.9 15379136.0 9220875.0  100544.0 51252.3    339   48.690   1      6.842   55.532
79360.0 80704.0  0.0   320.0  7522944.0 6115694.4 15379136.0 9220875.0  100544.0 51252.3    339   48.690   1      6.842   55.532
79360.0 80704.0  0.0   320.0  7522944.0 6749698.2 15379136.0 9220875.0  100544.0 51252.3    339   48.690   1      6.842   55.532
79360.0 80704.0  0.0   320.0  7522944.0 6749716.8 15379136.0 9220875.0  100544.0 51252.3    339   48.690   1      6.842   55.532
79360.0 80704.0  0.0   320.0  7522944.0 6749737.4 15379136.0 9220875.0  100544.0 51252.3    339   48.690   1      6.842   55.532
79360.0 80704.0  0.0   320.0  7522944.0 6749756.1 15379136.0 9220875.0  100544.0 51252.3    339   48.690   1      6.842   55.532
79360.0 80704.0  0.0   320.0  7522944.0 6749776.7 15379136.0 9220875.0  100544.0 51252.3    339   48.690   1      6.842   55.532
79360.0 80704.0  0.0   320.0  7522944.0 6749819.8 15379136.0 9220875.0  100544.0 51252.3    339   48.690   1      6.842   55.532
79360.0 80704.0  0.0   320.0  7522944.0 6749840.5 15379136.0 9220875.0  100544.0 51252.3    339   48.690   1      6.842   55.532
79360.0 80704.0  0.0   320.0  7522944.0 6749860.9 15379136.0 9220875.0  100544.0 51252.3    339   48.690   1      6.842   55.532
79360.0 80704.0  0.0   320.0  7522944.0 6749877.5 15379136.0 9220875.0  100544.0 51252.3    339   48.690   1      6.842   55.532
79360.0 80704.0  0.0   320.0  7522944.0 6749900.1 15379136.0 9220875.0  100544.0 51252.3    339   48.690   1      6.842   55.532
79360.0 80704.0  0.0   320.0  7522944.0 6749942.6 15379136.0 9220875.0  100544.0 51252.3    339   48.690   1      6.842   55.532
79360.0 80704.0  0.0   320.0  7522944.0 6749963.1 15379136.0 9220875.0  100544.0 51252.3    339   48.690   1      6.842   55.532
79360.0 80704.0  0.0   320.0  7522944.0 6749991.9 15379136.0 9220875.0  100544.0 51252.3    339   48.690   1      6.842   55.532
79360.0 80704.0  0.0   320.0  7522944.0 6750028.8 15379136.0 9220875.0  100544.0 51252.3    339   48.690   1      6.842   55.532
79360.0 80704.0  0.0   320.0  7522944.0 6750047.2 15379136.0 9220875.0  100544.0 51252.3    339   48.690   1      6.842   55.532
79360.0 80704.0  0.0   320.0  7522944.0 6750092.4 15379136.0 9220875.0  100544.0 51252.3    339   48.690   1      6.842   55.532
79360.0 80704.0  0.0   320.0  7522944.0 6750110.9 15379136.0 9220875.0  100544.0 51252.3    339   48.690   1      6.842   55.532
79360.0 80704.0  0.0   320.0  7522944.0 7380031.6 15379136.0 9220875.0  100544.0 51256.8    339   48.690   1      6.842   55.532
79360.0 94016.0 77558.5  0.0   7501504.0 6332132.3 15379136.0 9281644.5  100544.0 51256.8    340   48.812   1      6.842   55.654
106624.0 102592.0 40937.2  0.0   7480320.0 3601751.5 15379136.0 9428743.4  100544.0 51256.8    342   48.920   1      6.842   55.762
98624.0 98176.0 224.0   0.0   7492736.0 899690.1 15379136.0 9511182.6  100544.0 51256.8    344   49.039   1      6.842   55.880
96768.0 98176.0  0.0   288.0  7492736.0 4792540.1 15379136.0 9511254.6  100544.0 51256.8    345   49.136   1      6.842   55.978
96768.0 94720.0 288.0   0.0   7498048.0 6164895.5 15379136.0 9511302.6  100544.0 51258.8    346   49.238   1      6.842   56.080
88320.0 94720.0  0.0   22357.1 7498048.0 5125063.2 15379136.0 9511342.6  100544.0 51260.3    347   49.348   1      6.842   56.190
88320.0 87936.0 41139.6  0.0   7513280.0 3369370.4 15379136.0 9533558.2  100544.0 51260.3    348   49.501   1      6.842   56.343
92032.0 54400.0  0.0   54399.4 7513280.0 351401.3 15379136.0 9574501.9  100544.0 51260.3    349   49.692   1      6.842   56.534
92032.0 97472.0 61239.5  0.0   7494592.0 4538829.1 15379136.0 9596069.4  100544.0 51261.6    350   49.766   1      6.842   56.608
96512.0 91328.0 20463.9  0.0   7501696.0 646903.7 15379136.0 9657514.7  100544.0 51261.6    352   49.870   1      6.842   56.712
89856.0 91328.0  0.0   288.0  7501696.0 5105129.6 15379136.0 9677770.6  100544.0 51261.6    353   49.923   1      6.842   56.765
89856.0 87808.0 320.0   0.0   7511872.0 4921592.9 15379136.0 9677818.6  100544.0 51262.7    354   49.970   1      6.842   56.812
89856.0 87808.0 320.0   0.0   7511872.0 7303554.6 15379136.0 9677818.6  100544.0 51262.7    354   49.970   1      6.842   56.812
85248.0 87808.0  0.0   320.0  7511872.0 835795.1 15379136.0 9677890.6  100544.0 51262.7    355   50.014   1      6.842   56.856
85248.0 87808.0  0.0   320.0  7511872.0 835819.9 15379136.0 9677890.6  100544.0 51262.7    355   50.014   1      6.842   56.856
85248.0 87808.0  0.0   320.0  7511872.0 835840.3 15379136.0 9677890.6  100544.0 51262.7    355   50.014   1      6.842   56.856
85248.0 87808.0  0.0   320.0  7511872.0 835858.9 15379136.0 9677890.6  100544.0 51262.7    355   50.014   1      6.842   56.856
85248.0 87808.0  0.0   320.0  7511872.0 835904.7 15379136.0 9677890.6  100544.0 51262.7    355   50.014   1      6.842   56.856
85248.0 87808.0  0.0   320.0  7511872.0 835923.2 15379136.0 9677890.6  100544.0 51262.7    355   50.014   1      6.842   56.856
85248.0 87808.0  0.0   320.0  7511872.0 835945.8 15379136.0 9677890.6  100544.0 51262.7    355   50.014   1      6.842   56.856
85248.0 87808.0  0.0   320.0  7511872.0 835962.2 15379136.0 9677890.6  100544.0 51262.7    355   50.014   1      6.842   56.856
85248.0 87808.0  0.0   320.0  7511872.0 835982.8 15379136.0 9677890.6  100544.0 51262.7    355   50.014   1      6.842   56.856
85248.0 87808.0  0.0   320.0  7511872.0 836030.2 15379136.0 9677890.6  100544.0 51263.7    355   50.014   1      6.842   56.856
85248.0 87808.0  0.0   320.0  7511872.0 836048.9 15379136.0 9677890.6  100544.0 51263.7    355   50.014   1      6.842   56.856
85248.0 87808.0  0.0   320.0  7511872.0 836067.4 15379136.0 9677890.6  100544.0 51263.7    355   50.014   1      6.842   56.856
85248.0 87808.0  0.0   320.0  7511872.0 2435502.1 15379136.0 9677890.6  100544.0 51268.8    355   50.014   1      6.842   56.856
85248.0 133376.0 85223.3  0.0   7422784.0 3648717.5 15379136.0 9761064.7  100544.0 51268.8    356   50.071   1      6.842   56.913
144256.0 152064.0 288.0   0.0   7385408.0 1179518.2 15379136.0 10070256.4 100544.0 51268.8    358   50.203   1      6.842   57.045
147648.0 152064.0  64.0  288.0  7385408.0 7385408.0 15379136.0 10070328.4 100544.0 51269.5    360   50.251   1      6.842   57.093
137024.0 142528.0  0.0   224.0  7399360.0 2327765.4 15379136.0 10070408.4 100544.0 51273.8    361   50.409   1      6.842   57.251
137024.0 138688.0 62917.2  0.0   7412160.0 718876.4 15379136.0 10070472.4 100544.0 51274.4    362   50.496   1      6.842   57.337
131136.0 138688.0  0.0   40787.5 7412160.0 3697089.3 15379136.0 10092759.2 100544.0 51274.4    363   50.614   1      6.842   57.456
131136.0 126912.0 608.0   0.0   7431488.0 6381439.9 15379136.0 10133370.8 100544.0 51274.7    364   50.784   1      6.842   57.626
122112.0 117248.0 288.0   0.0   7450176.0 1222802.2 15379136.0 10135011.0 100544.0 51274.7    366   51.020   1      6.842   57.862
129088.0 81664.0  0.0   81621.0 7450176.0 4098747.6 15379136.0 10135075.0 100544.0 51274.7    367   51.124   1      6.842   57.966
116480.0 120768.0  0.0   672.0  7439680.0 664922.0 15379136.0 10237396.4 100544.0 51274.7    369   51.262   1      6.842   58.104
116480.0 111936.0 352.0   0.0   7461120.0 1513901.7 15379136.0 10237786.1 100544.0 51274.7    370   51.315   1      6.842   58.157
116480.0 111936.0 352.0   0.0   7461120.0 5274239.7 15379136.0 10237786.1 100544.0 51274.7    370   51.315   1      6.842   58.157
107136.0 111936.0  0.0   352.0  7461120.0 52994.2  15379136.0 10237842.1 100544.0 51274.7    371   51.361   1      6.842   58.203
107136.0 111936.0  0.0   352.0  7461120.0 185845.4 15379136.0 10237842.1 100544.0 51274.7    371   51.361   1      6.842   58.203
107136.0 111936.0  0.0   352.0  7461120.0 1263520.9 15379136.0 10237842.1 100544.0 51274.7    371   51.361   1      6.842   58.203
107136.0 111936.0  0.0   352.0  7461120.0 2429261.3 15379136.0 10237842.1 100544.0 51274.7    371   51.361   1      6.842   58.203
107136.0 111936.0  0.0   352.0  7461120.0 3644439.6 15379136.0 10237842.1 100544.0 51274.7    371   51.361   1      6.842   58.203
107136.0 111936.0  0.0   352.0  7461120.0 4810175.9 15379136.0 10237842.1 100544.0 51274.7    371   51.361   1      6.842   58.203
107136.0 111936.0  0.0   352.0  7461120.0 5067091.3 15379136.0 10237842.1 100544.0 51274.7    371   51.361   1      6.842   58.203
107136.0 111936.0  0.0   352.0  7461120.0 5067109.9 15379136.0 10237842.1 100544.0 51274.7    371   51.361   1      6.842   58.203
107136.0 111936.0  0.0   352.0  7461120.0 5067130.5 15379136.0 10237842.1 100544.0 51274.7    371   51.361   1      6.842   58.203
107136.0 111936.0  0.0   352.0  7461120.0 5067173.2 15379136.0 10237842.1 100544.0 51274.7    371   51.361   1      6.842   58.203
107136.0 111936.0  0.0   352.0  7461120.0 5067193.8 15379136.0 10237842.1 100544.0 51274.7    371   51.361   1      6.842   58.203
107136.0 111936.0  0.0   352.0  7461120.0 5067214.5 15379136.0 10237842.1 100544.0 51274.7    371   51.361   1      6.842   58.203
107136.0 111936.0  0.0   352.0  7461120.0 5067232.9 15379136.0 10237842.1 100544.0 51274.7    371   51.361   1      6.842   58.203
107136.0 111936.0  0.0   352.0  7461120.0 5067255.5 15379136.0 10237842.1 100544.0 51274.7    371   51.361   1      6.842   58.203
107136.0 111936.0  0.0   352.0  7461120.0 5067296.5 15379136.0 10237842.1 100544.0 51274.7    371   51.361   1      6.842   58.203
107136.0 111936.0  0.0   352.0  7461120.0 5067317.1 15379136.0 10237842.1 100544.0 51275.0    371   51.361   1      6.842   58.203
107136.0 111936.0  0.0   352.0  7461120.0 5219651.8 15379136.0 10237842.1 100544.0 51284.1    371   51.361   1      6.842   58.203
115712.0 124032.0  0.0   20997.4 7441472.0 244589.6 15379136.0 10262527.1 100544.0 51284.8    373   51.457   1      6.842   58.299
115712.0 127296.0 82856.0  0.0   7434944.0 4947126.8 15379136.0 10283376.7 100544.0 51284.8    374   51.545   1      6.842   58.387
123520.0 119168.0 320.0   0.0   7446848.0 2305073.9 15379136.0 10345615.7 100544.0 51284.8    376   51.700   1      6.842   58.542
114496.0 109504.0 320.0   0.0   7465536.0 232667.8 15379136.0 10345735.7 100544.0 51284.8    378   51.795   1      6.842   58.637
108736.0 109504.0  0.0   43488.7 7465536.0 2954567.0 15379136.0 10345807.7 100544.0 51284.8    379   51.868   1      6.842   58.710
108736.0 100864.0 20808.0  0.0   7479936.0 7107669.3 15379136.0 10389083.1 100544.0 51285.0    380   51.916   1      6.842   58.758
97024.0 104256.0 61404.1  0.0   7481024.0 4107418.6 15379136.0 10410307.2 100544.0 51285.0    382   52.063   1      6.842   58.905
102016.0 99904.0 41524.5  0.0   7487616.0 2226750.8 15379136.0 10512045.5 100544.0 51285.0    384   52.177   1      6.842   59.019
97472.0 99904.0  0.0   928.1  7487616.0 6426210.8 15379136.0 10512101.5 100544.0 51285.0    385   52.237   1      6.842   59.079
88704.0 91072.0  0.0   320.0  7500992.0 455112.4 15379136.0 10533371.2 100544.0 51285.0    387   52.366   1      6.842   59.208
88704.0 91072.0  0.0   320.0  7500992.0 7157423.1 15379136.0 10533371.2 100544.0 51285.0    387   52.366   1      6.842   59.208
88704.0 85952.0 288.0   0.0   7514880.0 3794797.2 15379136.0 10533435.2 100544.0 51285.0    388   52.439   1      6.842   59.281
88704.0 85952.0 288.0   0.0   7514880.0 5184327.0 15379136.0 10533435.2 100544.0 51285.0    388   52.439   1      6.842   59.281
88704.0 85952.0 288.0   0.0   7514880.0 5343225.3 15379136.0 10533435.2 100544.0 51285.0    388   52.439   1      6.842   59.281
88704.0 85952.0 288.0   0.0   7514880.0 5343250.0 15379136.0 10533435.2 100544.0 51285.0    388   52.439   1      6.842   59.281
88704.0 85952.0 288.0   0.0   7514880.0 5343266.6 15379136.0 10533435.2 100544.0 51285.0    388   52.439   1      6.842   59.281
88704.0 85952.0 288.0   0.0   7514880.0 5343289.1 15379136.0 10533435.2 100544.0 51285.0    388   52.439   1      6.842   59.281
88704.0 85952.0 288.0   0.0   7514880.0 5343330.5 15379136.0 10533435.2 100544.0 51285.0    388   52.439   1      6.842   59.281
88704.0 85952.0 288.0   0.0   7514880.0 5343353.1 15379136.0 10533435.2 100544.0 51285.0    388   52.439   1      6.842   59.281
88704.0 85952.0 288.0   0.0   7514880.0 5343371.6 15379136.0 10533435.2 100544.0 51285.0    388   52.439   1      6.842   59.281
88704.0 85952.0 288.0   0.0   7514880.0 5343390.2 15379136.0 10533435.2 100544.0 51285.0    388   52.439   1      6.842   59.281
88704.0 85952.0 288.0   0.0   7514880.0 5343410.7 15379136.0 10533435.2 100544.0 51285.0    388   52.439   1      6.842   59.281
88704.0 85952.0 288.0   0.0   7514880.0 5343456.6 15379136.0 10533435.2 100544.0 51285.0    388   52.439   1      6.842   59.281
88704.0 85952.0 288.0   0.0   7514880.0 5343475.1 15379136.0 10533435.2 100544.0 51285.0    388   52.439   1      6.842   59.281
88704.0 85952.0 288.0   0.0   7514880.0 5447359.8 15379136.0 10533435.2 100544.0 51285.9    388   52.439   1      6.842   59.281
97728.0 70016.0  0.0   69952.5 7514880.0 4522902.1 15379136.0 10533507.2 100544.0 51287.1    389   52.522   1      6.842   59.364
97728.0 111360.0 81760.7  0.0   7466816.0 4607493.1 15379136.0 10618743.9 100544.0 51287.5    390   52.612   1      6.842   59.454
119872.0 102848.0  0.0   102828.0 7466816.0 5757367.2 15379136.0 10700732.9 100544.0 51287.5    391   52.721   1      6.842   59.563
119872.0 127168.0 256.0   0.0   7435200.0 7419515.2 15379136.0 10844520.2 100544.0 51287.5    393   52.841   1      6.842   59.683
123712.0 116096.0 21461.0  0.0   7449728.0 257593.9 15379136.0 10844608.2 100544.0 51287.5    394   53.119   1      6.842   59.961
112512.0 116096.0  0.0   256.0  7449728.0 2160466.7 15379136.0 10865890.9 100544.0 51287.7    395   53.228   1      6.842   60.070
112512.0 108480.0 832.1   0.0   7468544.0 3845005.3 15379136.0 10865946.9 100544.0 51287.7    396   53.394   1      6.842   60.236
100608.0 108480.0  0.0   21099.6 7468544.0 3797065.6 15379136.0 10866603.0 100544.0 51287.7    397   53.544   1      6.842   60.386
100608.0 99520.0 41882.0  0.0   7489408.0 4330993.5 15379136.0 10887670.7 100544.0 51288.2    398   53.702   1      6.842   60.544
93056.0 99520.0  0.0   20591.9 7489408.0 4577143.5 15379136.0 10908779.7 100544.0 51288.2    399   53.925   1      6.842   60.767
93056.0 87168.0 20221.5  0.0   7509312.0 5278831.5 15379136.0 10929323.6 100544.0 51288.2    400   54.078   1      6.842   60.920
85120.0 87168.0  0.0   352.0  7509312.0 5386034.2 15379136.0 10969482.7 100544.0 51288.2    401   54.193   1      6.842   61.035
85120.0 82624.0 256.0   0.0   7521792.0 2464900.1 15379136.0 10969514.7 100544.0 51288.2    402   54.314   1      6.842   61.156
85120.0 82624.0 256.0   0.0   7521792.0 5153120.8 15379136.0 10969514.7 100544.0 51288.2    402   54.314   1      6.842   61.156
85120.0 82624.0 256.0   0.0   7521792.0 7117491.4 15379136.0 10969514.7 100544.0 51288.2    402   54.314   1      6.842   61.156
79744.0 82624.0  0.0   224.0  7521792.0 930657.1 15379136.0 10969562.7 100544.0 51288.2    403   54.427   1      6.842   61.269
79744.0 82624.0  0.0   224.0  7521792.0 1795827.2 15379136.0 10969562.7 100544.0 51288.2    403   54.427   1      6.842   61.269
79744.0 82624.0  0.0   224.0  7521792.0 1795871.8 15379136.0 10969562.7 100544.0 51288.2    403   54.427   1      6.842   61.269
79744.0 82624.0  0.0   224.0  7521792.0 1795894.5 15379136.0 10969562.7 100544.0 51288.2    403   54.427   1      6.842   61.269
79744.0 82624.0  0.0   224.0  7521792.0 1795912.9 15379136.0 10969562.7 100544.0 51288.2    403   54.427   1      6.842   61.269
79744.0 82624.0  0.0   224.0  7521792.0 1795931.4 15379136.0 10969562.7 100544.0 51288.2    403   54.427   1      6.842   61.269
79744.0 82624.0  0.0   224.0  7521792.0 1795954.0 15379136.0 10969562.7 100544.0 51288.2    403   54.427   1      6.842   61.269
79744.0 82624.0  0.0   224.0  7521792.0 1795997.1 15379136.0 10969562.7 100544.0 51288.2    403   54.427   1      6.842   61.269
79744.0 82624.0  0.0   224.0  7521792.0 1796019.6 15379136.0 10969562.7 100544.0 51288.2    403   54.427   1      6.842   61.269
79744.0 82624.0  0.0   224.0  7521792.0 1796036.1 15379136.0 10969562.7 100544.0 51288.2    403   54.427   1      6.842   61.269
79744.0 82624.0  0.0   224.0  7521792.0 5300251.6 15379136.0 10969562.7 100544.0 51297.0    403   54.427   1      6.842   61.269
79744.0 84096.0 46569.0  0.0   7521344.0 6019252.1 15379136.0 10969634.7 100544.0 51297.0    404   54.552   1      6.842   61.394
85696.0 82496.0  0.0   82480.2 7521344.0 6441830.7 15379136.0 11095710.3 100544.0 51297.0    405   54.724   1      6.842   61.566
85696.0 97792.0 128.0  192.0  7493952.0 7493952.0 15379136.0 11178022.7 100544.0 51297.0    407   54.897   1      6.842   61.739
94592.0 91072.0 128.0   0.0   7503872.0 710277.0 15379136.0 11178054.7 100544.0 51297.0    408   55.185   1      6.842   62.027
90624.0 91072.0  0.0   37877.0 7503872.0 1151317.6 15379136.0 11178102.7 100544.0 51297.0    409   55.334   1      6.842   62.176
90624.0 87296.0 768.1   0.0   7511616.0 2487163.0 15379136.0 11199381.4 100544.0 51297.2    410   55.469   1      6.842   62.311
80896.0 87296.0  0.0   20587.6 7511616.0 6335640.2 15379136.0 11200029.4 100544.0 51297.2    411   55.587   1      6.842   62.429
80896.0 82944.0 41792.1  0.0   7523648.0 3634571.4 15379136.0 11220481.1 100544.0 51297.2    412   55.731   1      6.842   62.573
84288.0 42048.0  0.0   42042.0 7523648.0 4969257.5 15379136.0 11221113.1 100544.0 51297.2    413   55.926   1      6.842   62.768
84288.0 84416.0 40525.4  0.0   7520704.0 5103065.0 15379136.0 11263063.2 100544.0 51297.2    414   56.123   1      6.842   62.965
82880.0 84416.0  0.0   224.0  7520704.0 4211701.4 15379136.0 11303388.7 100544.0 51297.2    415   56.275   1      6.842   63.116
82880.0 80768.0 192.0   0.0   7525888.0 1644037.4 15379136.0 11303428.7 100544.0 51297.8    416   56.393   1      6.842   63.235
78208.0 80768.0  0.0   320.0  7525888.0 71621.6  15379136.0 11303484.7 100544.0 51297.8    417   56.470   1      6.842   63.312
78208.0 80768.0  0.0   320.0  7525888.0 4042290.1 15379136.0 11303484.7 100544.0 51297.8    417   56.470   1      6.842   63.312
78208.0 80768.0  0.0   320.0  7525888.0 4825587.8 15379136.0 11303484.7 100544.0 51297.8    417   56.470   1      6.842   63.312
78208.0 80768.0  0.0   320.0  7525888.0 4825610.3 15379136.0 11303484.7 100544.0 51297.8    417   56.470   1      6.842   63.312
78208.0 80768.0  0.0   320.0  7525888.0 4825657.7 15379136.0 11303484.7 100544.0 51297.8    417   56.470   1      6.842   63.312
78208.0 80768.0  0.0   320.0  7525888.0 4825676.4 15379136.0 11303484.7 100544.0 51297.8    417   56.470   1      6.842   63.312
78208.0 80768.0  0.0   320.0  7525888.0 4825696.9 15379136.0 11303484.7 100544.0 51297.8    417   56.470   1      6.842   63.312
78208.0 80768.0  0.0   320.0  7525888.0 4825717.4 15379136.0 11303484.7 100544.0 51297.8    417   56.470   1      6.842   63.312
78208.0 80768.0  0.0   320.0  7525888.0 4825735.8 15379136.0 11303484.7 100544.0 51297.8    417   56.470   1      6.842   63.312
78208.0 80768.0  0.0   320.0  7525888.0 4825781.1 15379136.0 11303484.7 100544.0 51297.8    417   56.470   1      6.842   63.312
78208.0 80768.0  0.0   320.0  7525888.0 4825801.6 15379136.0 11303484.7 100544.0 51297.8    417   56.470   1      6.842   63.312
78208.0 80768.0  0.0   320.0  7525888.0 4825820.1 15379136.0 11303484.7 100544.0 51297.8    417   56.470   1      6.842   63.312
78208.0 80768.0  0.0   320.0  7525888.0 4825840.6 15379136.0 11303484.7 100544.0 51297.8    417   56.470   1      6.842   63.312
78208.0 80768.0  0.0   320.0  7525888.0 4825859.2 15379136.0 11303484.7 100544.0 51298.4    417   56.470   1      6.842   63.312
78208.0 80768.0  0.0   320.0  7525888.0 4825901.5 15379136.0 11303484.7 100544.0 51298.4    417   56.470   1      6.842   63.312
78208.0 80768.0  0.0   320.0  7525888.0 4825922.1 15379136.0 11303484.7 100544.0 51298.4    417   56.470   1      6.842   63.312
78208.0 80768.0  0.0   320.0  7525888.0 5211539.5 15379136.0 11303484.7 100544.0 51311.4    417   56.470   1      6.842   63.312
78208.0 80768.0  0.0   320.0  7525888.0 5863833.9 15379136.0 11303484.7 100544.0 51311.4    417   56.470   1      6.842   63.312
78208.0 89856.0 66280.1  0.0   7509824.0 6260806.2 15379136.0 11344231.3 100544.0 51311.5    418   56.533   1      6.842   63.375
83648.0 84224.0 41025.8  0.0   7521088.0   0.0    15379136.0 11410634.4 100544.0 51311.5    420   56.722   1      6.842   63.564
82496.0 84224.0  0.0   288.0  7521088.0 3694303.1 15379136.0 11472006.4 100544.0 51311.5    421   56.833   1      6.842   63.675
74944.0 80320.0  0.0   16640.0 7526720.0 355539.9 15379136.0 11472062.4 100544.0 51311.5    423   57.077   1      6.842   63.919
74944.0 72640.0 1184.1  0.0   7541952.0 2904870.6 15379136.0 11472118.4 100544.0 51312.0    424   57.194   1      6.842   64.036
68480.0 72640.0  0.0   21685.0 7541952.0 2506145.1 15379136.0 11473105.1 100544.0 51313.3    425   57.345   1      6.842   64.186
68480.0 70656.0 37771.7  0.0   7548224.0 4150713.0 15379136.0 11494682.2 100544.0 51313.7    426   57.467   1      6.842   64.309
73408.0 72064.0 320.0   0.0   7544064.0 633039.7 15379136.0 11557079.8 100544.0 51313.7    428   57.665   1      6.842   64.507
74432.0 40640.0  0.0   40635.1 7544064.0 5755425.1 15379136.0 11557159.9 100544.0 51313.9    429   57.746   1      6.842   64.588
68480.0 69504.0  0.0   288.0  7545600.0 1688342.6 15379136.0 11617888.5 100544.0 51313.9    431   57.845   1      6.842   64.687
68480.0 67008.0 288.0   0.0   7554048.0 1049886.4 15379136.0 11617960.5 100544.0 51314.1    432   57.920   1      6.842   64.762
68480.0 67008.0 288.0   0.0   7554048.0 3470119.2 15379136.0 11617960.5 100544.0 51314.1    432   57.920   1      6.842   64.762
68480.0 67008.0 288.0   0.0   7554048.0 4932288.6 15379136.0 11617960.5 100544.0 51314.1    432   57.920   1      6.842   64.762
68480.0 67008.0 288.0   0.0   7554048.0 5051235.5 15379136.0 11617960.5 100544.0 51314.1    432   57.920   1      6.842   64.762
68480.0 67008.0 288.0   0.0   7554048.0 5051256.2 15379136.0 11617960.5 100544.0 51314.1    432   57.920   1      6.842   64.762
68480.0 67008.0 288.0   0.0   7554048.0 5051305.5 15379136.0 11617960.5 100544.0 51314.1    432   57.920   1      6.842   64.762
68480.0 67008.0 288.0   0.0   7554048.0 5051322.0 15379136.0 11617960.5 100544.0 51314.1    432   57.920   1      6.842   64.762
68480.0 67008.0 288.0   0.0   7554048.0 5051342.6 15379136.0 11617960.5 100544.0 51314.1    432   57.920   1      6.842   64.762
68480.0 67008.0 288.0   0.0   7554048.0 5051363.1 15379136.0 11617960.5 100544.0 51314.1    432   57.920   1      6.842   64.762
68480.0 67008.0 288.0   0.0   7554048.0 5051379.5 15379136.0 11617960.5 100544.0 51314.1    432   57.920   1      6.842   64.762
68480.0 67008.0 288.0   0.0   7554048.0 5051426.1 15379136.0 11617960.5 100544.0 51314.1    432   57.920   1      6.842   64.762
68480.0 67008.0 288.0   0.0   7554048.0 5051442.8 15379136.0 11617960.5 100544.0 51314.1    432   57.920   1      6.842   64.762
68480.0 67008.0 288.0   0.0   7554048.0 5051463.3 15379136.0 11617960.5 100544.0 51314.1    432   57.920   1      6.842   64.762
68480.0 67008.0 288.0   0.0   7554048.0 5860870.3 15379136.0 11617960.5 100544.0 51326.9    432   57.920   1      6.842   64.762
70400.0 65088.0  0.0   65069.9 7554048.0 1926403.4 15379136.0 11699446.8 100544.0 51327.2    433   57.973   1      6.842   64.815
70400.0 80640.0 41107.0  0.0   7528256.0 7528256.0 15379136.0 11744209.1 100544.0 51327.2    435   58.055   1      6.842   64.896
79168.0 77184.0 320.0   0.0   7533184.0 5543851.2 15379136.0 11785196.2 100544.0 51327.2    436   58.171   1      6.842   65.013
74752.0 72128.0 288.0   0.0   7542656.0 2122734.0 15379136.0 11785244.2 100544.0 51327.2    438   58.427   1      6.842   65.269
67840.0 72128.0  0.0   8320.0 7542656.0 5245663.4 15379136.0 11785268.2 100544.0 51336.2    439   58.576   1      6.842   65.417
67840.0 64960.0 1536.1  0.0   7556736.0 5442736.1 15379136.0 11785300.2 100544.0 51337.5    440   58.709   1      6.842   65.550
62784.0 64960.0  0.0   21899.7 7556736.0 3962370.9 15379136.0 11786618.0 100544.0 51338.1    441   58.881   1      6.842   65.723
62784.0 75520.0 62227.2  0.0   7538496.0 4653144.7 15379136.0 11808305.8 100544.0 51338.1    442   59.029   1      6.842   65.871
77952.0 41152.0  0.0   41146.0 7538496.0 6604085.4 15379136.0 11870305.2 100544.0 51338.1    443   59.142   1      6.842   65.984
70592.0 75904.0  0.0   20463.9 7535680.0 2148891.3 15379136.0 11911688.8 100544.0 51338.1    445   59.306   1      6.842   66.147
70592.0 68800.0 256.0   0.0   7550144.0 2905461.7 15379136.0 11931976.8 100544.0 51338.1    446   59.360   1      6.842   66.202
66688.0 68800.0  0.0   256.0  7550144.0 5184303.3 15379136.0 11932032.8 100544.0 51338.7    447   59.430   1      6.842   66.272
66688.0 63744.0 21746.1  0.0   7559104.0 1434415.2 15379136.0 11932080.8 100544.0 51338.7    448   59.498   1      6.842   66.340
66688.0 63744.0 21746.1  0.0   7559104.0 2928719.8 15379136.0 11932080.8 100544.0 51338.7    448   59.498   1      6.842   66.340
66688.0 63744.0 21746.1  0.0   7559104.0 3487281.9 15379136.0 11932080.8 100544.0 51338.7    448   59.498   1      6.842   66.340
66688.0 63744.0 21746.1  0.0   7559104.0 4364252.8 15379136.0 11932080.8 100544.0 51338.7    448   59.498   1      6.842   66.340
66688.0 63744.0 21746.1  0.0   7559104.0 7041593.9 15379136.0 11932080.8 100544.0 51340.5    448   59.498   1      6.842   66.340
67904.0 62528.0  0.0   62526.0 7559104.0 3321338.0 15379136.0 11953644.5 100544.0 51341.5    449   59.555   1      6.842   66.397
67904.0 62528.0  0.0   62526.0 7559104.0 7252201.3 15379136.0 11953644.5 100544.0 51341.5    449   59.555   1      6.842   66.397
67904.0 74112.0 320.0   0.0   7541312.0 3552491.5 15379136.0 12015906.6 100544.0 51341.5    450   59.603   1      6.842   66.445
67904.0 74112.0 320.0   0.0   7541312.0 6790916.0 15379136.0 12015906.6 100544.0 51341.5    450   59.603   1      6.842   66.445
67904.0 74112.0 320.0   0.0   7541312.0 7047046.3 15379136.0 12015906.6 100544.0 51341.5    450   59.603   1      6.842   66.445
67904.0 74112.0 320.0   0.0   7541312.0 7047068.7 15379136.0 12015906.6 100544.0 51341.5    450   59.603   1      6.842   66.445
67904.0 74112.0 320.0   0.0   7541312.0 7047087.1 15379136.0 12015906.6 100544.0 51341.5    450   59.603   1      6.842   66.445
67904.0 74112.0 320.0   0.0   7541312.0 7047107.4 15379136.0 12015906.6 100544.0 51341.5    450   59.603   1      6.842   66.445
68992.0 74112.0  0.0   16832.5 7541312.0 2729668.3 15379136.0 12015970.6 100544.0 51341.5    451   59.659   1      6.842   66.501
68992.0 79680.0 61357.6  0.0   7530176.0 3492660.4 15379136.0 12183646.2 100544.0 51341.5    452   59.760   1      6.842   66.602
88000.0 60928.0  0.0   60893.5 7530176.0 5415389.8 15379136.0 12224493.8 100544.0 51341.5    453   59.942   1      6.842   66.784
88000.0 86464.0 288.0  128.0  7515072.0 7515072.0 15379136.0 12285402.2 100544.0 51341.5    455   60.031   1      6.842   66.873
84288.0 81728.0 416.0   0.0   7523520.0 75059.1  15379136.0 12285426.2 100544.0 51341.5    456   60.494   1      6.842   67.335
76032.0 81728.0  0.0   21172.9 7523520.0 524872.3 15379136.0 12285807.9 100544.0 51341.5    457   60.636   1      6.842   67.478
76032.0 73664.0 800.1   0.0   7539840.0 719371.7 15379136.0 12306764.9 100544.0 51342.7    458   60.802   1      6.842   67.643
69120.0 73664.0  0.0   20715.6 7539840.0 4327297.6 15379136.0 12307444.9 100544.0 51342.7    459   60.888   1      6.842   67.730
71296.0 61952.0  0.0   61911.5 7556288.0 1560421.7 15379136.0 12370259.9 100544.0 51342.7    461   61.014   1      6.842   67.856
71296.0 70784.0 20495.9  0.0   7547456.0 5456800.0 15379136.0 12431955.5 100544.0 51342.7    462   61.069   1      6.842   67.911
69632.0 70784.0 224.0  352.0  7547456.0 7547456.0 15379136.0 12452323.5 100544.0 51342.7    464   61.129   1      6.842   67.971
69632.0 68096.0 320.0   0.0   7551808.0 6242362.8 15379136.0 12452323.5 100544.0 51342.7    464   61.182   1      6.842   68.024
66112.0 68096.0  0.0   352.0  7551808.0 1562105.1 15379136.0 12452387.5 100544.0 51342.7    465   61.232   1      6.842   68.074
66112.0 68096.0  0.0   352.0  7551808.0 2706896.4 15379136.0 12452387.5 100544.0 51342.7    465   61.232   1      6.842   68.074
66112.0 68096.0  0.0   352.0  7551808.0 2706916.7 15379136.0 12452387.5 100544.0 51342.7    465   61.232   1      6.842   68.074
66112.0 68096.0  0.0   352.0  7551808.0 2706935.1 15379136.0 12452387.5 100544.0 51342.7    465   61.232   1      6.842   68.074
66112.0 68096.0  0.0   352.0  7551808.0 2706984.4 15379136.0 12452387.5 100544.0 51342.7    465   61.232   1      6.842   68.074
66112.0 68096.0  0.0   352.0  7551808.0 2707004.7 15379136.0 12452387.5 100544.0 51342.7    465   61.232   1      6.842   68.074
66112.0 68096.0  0.0   352.0  7551808.0 2707025.0 15379136.0 12452387.5 100544.0 51342.7    465   61.232   1      6.842   68.074
66112.0 68096.0  0.0   352.0  7551808.0 2707043.2 15379136.0 12452387.5 100544.0 51342.7    465   61.232   1      6.842   68.074
66112.0 68096.0  0.0   352.0  7551808.0 2707061.6 15379136.0 12452387.5 100544.0 51342.7    465   61.232   1      6.842   68.074
66112.0 68096.0  0.0   352.0  7551808.0 2707107.7 15379136.0 12452387.5 100544.0 51342.7    465   61.232   1      6.842   68.074
66112.0 68096.0  0.0   352.0  7551808.0 2707125.9 15379136.0 12452387.5 100544.0 51342.7    465   61.232   1      6.842   68.074
66112.0 68096.0  0.0   352.0  7551808.0 2707146.3 15379136.0 12452387.5 100544.0 51342.7    465   61.232   1      6.842   68.074
66112.0 68096.0  0.0   352.0  7551808.0 2707164.7 15379136.0 12452387.5 100544.0 51342.7    465   61.232   1      6.842   68.074
66112.0 68096.0  0.0   352.0  7551808.0 2707185.0 15379136.0 12452387.5 100544.0 51342.7    465   61.232   1      6.842   68.074
66112.0 68096.0  0.0   352.0  7551808.0 2707227.9 15379136.0 12452387.5 100544.0 51342.7    465   61.232   1      6.842   68.074
66112.0 68096.0  0.0   352.0  7551808.0 2707252.4 15379136.0 12452387.5 100544.0 51342.7    465   61.232   1      6.842   68.074
66112.0 68096.0  0.0   352.0  7551808.0 7395961.9 15379136.0 12452387.5 100544.0 51343.6    465   61.232   1      6.842   68.074
83968.0 61888.0  0.0   61846.4 7541952.0   0.0    15379136.0 12579011.8 100544.0 51343.6    467   61.344   1      6.842   68.186
83968.0 99392.0 81850.5  0.0   7490752.0 2053312.5 15379136.0 12640686.4 100544.0 51343.6    468   61.432   1      6.842   68.274
97472.0 99392.0  0.0   288.0  7490752.0 4630876.3 15379136.0 12722408.9 100544.0 51343.6    469   61.523   1      6.842   68.365
97472.0 94912.0 160.0   0.0   7497152.0 4022494.6 15379136.0 12722432.9 100544.0 51344.0    470   61.682   1      6.842   68.524
93184.0 94912.0  0.0   38517.0 7497152.0 47824.8  15379136.0 12722472.9 100544.0 51344.0    471   61.789   1      6.842   68.631
93184.0 87168.0 21225.7  0.0   7509184.0 4817745.2 15379136.0 12744431.7 100544.0 51344.6    472   61.937   1      6.842   68.779
81728.0 76672.0 20651.6  0.0   7531136.0 4098281.9 15379136.0 12785910.7 100544.0 51344.6    474   62.161   1      6.842   69.002
74816.0 76672.0  0.0   33312.0 7531136.0 5831970.3 15379136.0 12806378.4 100544.0 51344.6    475   62.373   1      6.842   69.215
74816.0 70528.0 21021.0  0.0   7544192.0 5718571.4 15379136.0 12806602.4 100544.0 51344.6    476   62.638   1      6.842   69.480
66560.0 70528.0  0.0   21245.6 7544192.0 3576875.5 15379136.0 12807080.1 100544.0 51344.6    477   62.795   1      6.842   69.637
66560.0 63040.0 20367.9  0.0   7559936.0 3608355.0 15379136.0 12828081.8 100544.0 51344.6    478   62.953   1      6.842   69.795
63232.0 63040.0  0.0   224.0  7559936.0 4075407.1 15379136.0 12848377.7 100544.0 51344.6    479   63.081   1      6.842   69.922
63232.0 62656.0 352.0   0.0   7563648.0 3841340.1 15379136.0 12848457.7 100544.0 51344.6    480   63.173   1      6.842   70.015
61632.0 62656.0  0.0   320.0  7563648.0 150747.3 15379136.0 12848537.7 100544.0 51344.6    481   63.239   1      6.842   70.081
61632.0 62656.0  0.0   320.0  7563648.0 971424.4 15379136.0 12848537.7 100544.0 51344.6    481   63.239   1      6.842   70.081
61632.0 62656.0  0.0   320.0  7563648.0 971448.8 15379136.0 12848537.7 100544.0 51344.6    481   63.239   1      6.842   70.081
61632.0 62656.0  0.0   320.0  7563648.0 971467.1 15379136.0 12848537.7 100544.0 51344.6    481   63.239   1      6.842   70.081
61632.0 62656.0  0.0   320.0  7563648.0 971514.5 15379136.0 12848537.7 100544.0 51344.6    481   63.239   1      6.842   70.081
61632.0 62656.0  0.0   320.0  7563648.0 971532.9 15379136.0 12848537.7 100544.0 51344.6    481   63.239   1      6.842   70.081
61632.0 62656.0  0.0   320.0  7563648.0 971551.2 15379136.0 12848537.7 100544.0 51344.6    481   63.239   1      6.842   70.081
61632.0 62656.0  0.0   320.0  7563648.0 971569.5 15379136.0 12848537.7 100544.0 51344.6    481   63.239   1      6.842   70.081
61632.0 62656.0  0.0   320.0  7563648.0 971592.0 15379136.0 12848537.7 100544.0 51344.6    481   63.239   1      6.842   70.081
61632.0 62656.0  0.0   320.0  7563648.0 971637.1 15379136.0 12848537.7 100544.0 51344.6    481   63.239   1      6.842   70.081
61632.0 62656.0  0.0   320.0  7563648.0 971655.3 15379136.0 12848537.7 100544.0 51344.6    481   63.239   1      6.842   70.081
61632.0 62656.0  0.0   320.0  7563648.0 971675.6 15379136.0 12848537.7 100544.0 51344.6    481   63.239   1      6.842   70.081
61632.0 62656.0  0.0   320.0  7563648.0 971695.8 15379136.0 12848537.7 100544.0 51344.6    481   63.239   1      6.842   70.081
61632.0 62656.0  0.0   320.0  7563648.0 4440109.7 15379136.0 12848537.7 100544.0 51344.8    481   63.239   1      6.842   70.081
61632.0 105088.0 61614.4  0.0   7479360.0 6638982.7 15379136.0 12933836.0 100544.0 51344.8    482   63.309   1      6.842   70.151
108800.0 60864.0  0.0   60803.8 7479360.0 6895956.8 15379136.0 12995128.1 100544.0 51344.8    483   63.430   1      6.842   70.272
110272.0 111680.0  0.0   256.0  7466176.0 588447.4 15379136.0 13137508.0 100544.0 51344.8    485   63.625   1      6.842   70.467
110272.0 108032.0 288.0   0.0   7471232.0 2165063.7 15379136.0 13137556.0 100544.0 51344.8    486   63.729   1      6.842   70.571
112064.0 61696.0  0.0   61637.1 7471232.0 2869912.6 15379136.0 13137612.0 100544.0 51344.8    487   63.852   1      6.842   70.694
112064.0 109632.0 320.0   0.0   7467840.0 2612381.8 15379136.0 13158631.5 100544.0 51345.1    488   64.025   1      6.842   70.867
106368.0 109632.0  0.0   1856.2 7467840.0 5352201.2 15379136.0 13158695.5 100544.0 51345.1    489   64.134   1      6.842   70.976
105088.0 99200.0  0.0   62487.6 7483968.0 1480911.9 15379136.0 13180753.0 100544.0 51345.1    491   64.276   1      6.842   71.117
105088.0 99264.0 21170.6  0.0   7485184.0 2376707.3 15379136.0 13222563.7 100544.0 51345.2    492   64.358   1      6.842   71.200
96384.0 99264.0  0.0   40639.8 7485184.0 2756827.3 15379136.0 13243482.4 100544.0 51345.2    493   64.480   1      6.842   71.322
96384.0 94976.0 352.0   0.0   7498176.0 1807958.9 15379136.0 13283978.1 100544.0 51345.2    494   64.569   1      6.842   71.411
96384.0 94976.0 352.0   0.0   7498176.0 7224961.5 15379136.0 13283978.1 100544.0 51345.2    494   64.569   1      6.842   71.411
92864.0 94976.0  0.0   352.0  7498176.0 4456417.9 15379136.0 13284050.1 100544.0 51345.2    495   64.652   1      6.842   71.493
92864.0 90240.0 352.0   0.0   7506432.0 889866.4 15379136.0 13284130.1 100544.0 51345.2    496   64.734   1      6.842   71.576
92864.0 90240.0 352.0   0.0   7506432.0 1989060.0 15379136.0 13284130.1 100544.0 51345.2    496   64.734   1      6.842   71.576
92864.0 90240.0 352.0   0.0   7506432.0 1989107.4 15379136.0 13284130.1 100544.0 51345.2    496   64.734   1      6.842   71.576
92864.0 90240.0 352.0   0.0   7506432.0 1989125.8 15379136.0 13284130.1 100544.0 51345.2    496   64.734   1      6.842   71.576
92864.0 90240.0 352.0   0.0   7506432.0 1989148.1 15379136.0 13284130.1 100544.0 51345.2    496   64.734   1      6.842   71.576
92864.0 90240.0 352.0   0.0   7506432.0 1989164.4 15379136.0 13284130.1 100544.0 51345.2    496   64.734   1      6.842   71.576
92864.0 90240.0 352.0   0.0   7506432.0 1989186.7 15379136.0 13284130.1 100544.0 51345.2    496   64.734   1      6.842   71.576
92864.0 90240.0 352.0   0.0   7506432.0 1989230.4 15379136.0 13284130.1 100544.0 51345.2    496   64.734   1      6.842   71.576
92864.0 90240.0 352.0   0.0   7506432.0 2160524.0 15379136.0 13284130.1 100544.0 51345.2    496   64.734   1      6.842   71.576
100544.0 82560.0  0.0   82511.3 7506432.0 2971515.1 15379136.0 13304307.6 100544.0 51345.6    497   64.787   1      6.842   71.629
100544.0 110080.0 61138.2  0.0   7469376.0 4947044.0 15379136.0 13329347.2 100544.0 51345.6    498   64.843   1      6.842   71.685
105664.0 110080.0  0.0   40962.9 7469376.0 7376914.1 15379136.0 13390373.6 100544.0 51345.6    499   64.898   1      6.842   71.740
101376.0 103872.0  0.0   256.0  7480000.0 2609110.3 15379136.0 13431136.5 100544.0 51345.6    501   65.009   1      6.842   71.851
101376.0 94656.0 21845.0  0.0   7493504.0 3947759.6 15379136.0 13431200.5 100544.0 51345.6    502   65.149   1      6.842   71.991
92096.0 94656.0  0.0   768.1  7493504.0 6024021.6 15379136.0 13452808.1 100544.0 51345.6    503   65.277   1      6.842   72.119
83264.0 85760.0  0.0   1184.1 7511680.0 2517310.4 15379136.0 13473712.2 100544.0 51345.6    505   65.429   1      6.842   72.271
83264.0 77120.0 20363.5  0.0   7529152.0 6672073.0 15379136.0 13474718.0 100544.0 51345.6    506   65.482   1      6.842   72.323
76160.0 85376.0 61751.5  0.0   7518784.0 466330.4 15379136.0 13495239.3 100544.0 51345.6    508   65.738   1      6.842   72.579
80384.0 85376.0  0.0   20527.9 7518784.0 915447.3 15379136.0 13556918.9 100544.0 51345.6    509   65.862   1      6.842   72.704
80384.0 79232.0 320.0   0.0   7529920.0 825459.1 15379136.0 13577238.8 100544.0 51345.6    510   65.974   1      6.842   72.816
80384.0 79232.0 320.0   0.0   7529920.0 6208186.3 15379136.0 13577238.8 100544.0 51345.6    510   65.974   1      6.842   72.816
77504.0 79232.0  0.0   224.0  7529920.0 953347.2 15379136.0 13577294.8 100544.0 51345.6    511   66.102   1      6.842   72.944
77504.0 79232.0  0.0   224.0  7529920.0 2311516.5 15379136.0 13577294.8 100544.0 51345.6    511   66.102   1      6.842   72.944
77504.0 79232.0  0.0   224.0  7529920.0 2311536.8 15379136.0 13577294.8 100544.0 51345.6    511   66.102   1      6.842   72.944
77504.0 79232.0  0.0   224.0  7529920.0 2311557.3 15379136.0 13577294.8 100544.0 51345.6    511   66.102   1      6.842   72.944
77504.0 79232.0  0.0   224.0  7529920.0 2311577.7 15379136.0 13577294.8 100544.0 51345.6    511   66.102   1      6.842   72.944
77504.0 79232.0  0.0   224.0  7529920.0 2311595.9 15379136.0 13577294.8 100544.0 51345.6    511   66.102   1      6.842   72.944
77504.0 79232.0  0.0   224.0  7529920.0 2311641.7 15379136.0 13577294.8 100544.0 51345.6    511   66.102   1      6.842   72.944
77504.0 79232.0  0.0   224.0  7529920.0 2311660.0 15379136.0 13577294.8 100544.0 51345.6    511   66.102   1      6.842   72.944
77504.0 79232.0  0.0   224.0  7529920.0 2311682.4 15379136.0 13577294.8 100544.0 51345.6    511   66.102   1      6.842   72.944
77504.0 79232.0  0.0   224.0  7529920.0 2311700.8 15379136.0 13577294.8 100544.0 51345.6    511   66.102   1      6.842   72.944
77504.0 79232.0  0.0   224.0  7529920.0 7282287.8 15379136.0 13577294.8 100544.0 51345.6    511   66.102   1      6.842   72.944
77504.0 86912.0 61615.2  0.0   7515712.0 7327073.3 15379136.0 13630730.1 100544.0 51345.6    512   66.226   1      6.842   73.067
92096.0 113536.0 81585.6  0.0   7462464.0 109043.3 15379136.0 13757429.3 100544.0 51345.6    514   66.428   1      6.842   73.269
111744.0 113536.0  0.0   192.0  7462464.0 2864647.8 15379136.0 13818514.7 100544.0 51345.6    515   66.556   1      6.842   73.398
111744.0 109184.0 608.0   0.0   7468608.0 4535379.6 15379136.0 13818554.7 100544.0 51345.6    516   66.648   1      6.842   73.490
102400.0 109184.0  0.0   21621.0 7468608.0 5143919.0 15379136.0 13818893.3 100544.0 51345.6    517   66.924   1      6.842   73.766
102400.0 99712.0 320.0   0.0   7487424.0 6418152.2 15379136.0 13840482.4 100544.0 51346.8    518   67.048   1      6.842   73.890
93056.0 99712.0  0.0   20875.6 7487424.0 7487424.0 15379136.0 13840522.4 100544.0 51346.8    520   67.130   1      6.842   73.971
81792.0 87552.0  0.0   20829.0 7508928.0 379928.3 15379136.0 13861847.7 100544.0 51346.8    521   67.477   1      6.842   74.319
81792.0 80000.0 352.0   0.0   7527744.0 1371700.4 15379136.0 13902937.7 100544.0 51346.8    522   67.676   1      6.842   74.518
74304.0 80000.0  0.0   20765.6 7527744.0 2136691.2 15379136.0 13903201.7 100544.0 51346.8    523   67.884   1      6.842   74.726
74304.0 72640.0 256.0   0.0   7542592.0 1192389.6 15379136.0 13923717.0 100544.0 51346.8    524   68.035   1      6.842   74.877
74304.0 72640.0 256.0   0.0   7542592.0 5520446.2 15379136.0 13923717.0 100544.0 51346.8    524   68.035   1      6.842   74.877
70528.0 72640.0  0.0   352.0  7542592.0 432424.9 15379136.0 13923781.0 100544.0 51346.8    525   68.126   1      6.842   74.968
70528.0 72640.0  0.0   352.0  7542592.0 1638618.6 15379136.0 13923781.0 100544.0 51346.8    525   68.126   1      6.842   74.968
70528.0 72640.0  0.0   352.0  7542592.0 2808219.6 15379136.0 13923781.0 100544.0 51346.8    525   68.126   1      6.842   74.968
70528.0 72640.0  0.0   352.0  7542592.0 4010218.4 15379136.0 13923781.0 100544.0 51346.8    525   68.126   1      6.842   74.968
70528.0 72640.0  0.0   352.0  7542592.0 5179681.9 15379136.0 13923781.0 100544.0 51346.8    525   68.126   1      6.842   74.968
70528.0 72640.0  0.0   352.0  7542592.0 5970206.8 15379136.0 13923781.0 100544.0 51346.8    525   68.126   1      6.842   74.968
70528.0 72640.0  0.0   352.0  7542592.0 5970223.1 15379136.0 13923781.0 100544.0 51346.8    525   68.126   1      6.842   74.968
70528.0 72640.0  0.0   352.0  7542592.0 5970269.2 15379136.0 13923781.0 100544.0 51346.8    525   68.126   1      6.842   74.968
70528.0 72640.0  0.0   352.0  7542592.0 5970285.6 15379136.0 13923781.0 100544.0 51346.8    525   68.126   1      6.842   74.968
70528.0 72640.0  0.0   352.0  7542592.0 6541203.4 15379136.0 13923781.0 100544.0 51347.1    525   68.126   1      6.842   74.968
70528.0 72640.0  0.0   352.0  7542592.0 6858891.6 15379136.0 13923781.0 100544.0 51347.1    525   68.126   1      6.842   74.968
77312.0 83136.0  0.0   20697.0 7523264.0 3961927.3 15379136.0 14070116.3 100544.0 51347.1    527   68.303   1      6.842   75.145
73280.0 75520.0  0.0   288.0  7536704.0 2031102.9 15379136.0 14090741.4 100544.0 51347.1    529   68.455   1      6.842   75.296
68032.0 70784.0  0.0   320.0  7545472.0 491524.9 15379136.0 14090877.4 100544.0 51347.1    531   68.567   1      6.842   75.409
68032.0 63744.0 8480.0  0.0   7557760.0 6743990.0 15379136.0 14090949.4 100544.0 51347.1    532   68.631   1      6.842   75.473
60928.0 67328.0 43005.1  0.0   7554880.0 1724968.5 15379136.0 14132243.6 100544.0 51347.1    534   68.806   1      6.842   75.647
64192.0 67328.0  0.0   21213.6 7554880.0 5753816.2 15379136.0 14174992.8 100544.0 51347.1    535   68.941   1      6.842   75.783
56448.0 60864.0  0.0   16640.0 7564480.0 1447335.4 15379136.0 14216195.9 100544.0 51347.1    537   69.258   1      6.842   76.100
56448.0 61504.0 41114.0  0.0   7566528.0 4559589.9 15379136.0 14216211.9 100544.0 51347.1    538   69.447   1      6.842   76.288
60544.0 61504.0  0.0   128.0  7566528.0 6340030.5 15379136.0 14236728.9 100544.0 51347.1    539   69.679   1      6.842   76.521
60544.0 57536.0 20847.9  0.0   7571456.0 6869296.5 15379136.0 14236768.9 100544.0 51347.1    540   69.865   1      6.842   76.707
56512.0 57536.0  0.0   288.0  7571456.0 3120959.6 15379136.0 14257382.5 100544.0 51347.1    541   70.044   1      6.842   76.886
56512.0 57536.0  0.0   288.0  7571456.0 6239368.0 15379136.0 14257382.5 100544.0 51347.1    541   70.044   1      6.842   76.886
56512.0 62464.0 43027.5  0.0   7564608.0 506959.5 15379136.0 14278137.2 100544.0 51347.1    542   70.143   1      6.842   76.985
56512.0 62464.0 43027.5  0.0   7564608.0 2525941.7 15379136.0 14278137.2 100544.0 51347.1    542   70.143   1      6.842   76.985
56512.0 62464.0 43027.5  0.0   7564608.0 5406397.0 15379136.0 14278137.2 100544.0 51347.1    542   70.143   1      6.842   76.985
58880.0 62464.0  0.0   20622.0 7564608.0 938561.7 15379136.0 14320947.3 100544.0 51347.1    543   70.202   1      6.842   77.044
58880.0 62464.0  0.0   20622.0 7564608.0 3915062.3 15379136.0 14320947.3 100544.0 51347.1    543   70.202   1      6.842   77.044
58880.0 62464.0  0.0   20622.0 7564608.0 6201279.7 15379136.0 14320947.3 100544.0 51347.1    543   70.202   1      6.842   77.044
58880.0 57984.0 256.0   0.0   7572672.0 522648.6 15379136.0 14341405.3 100544.0 51347.1    544   70.285   1      6.842   77.127
58880.0 57984.0 256.0   0.0   7572672.0 1142223.9 15379136.0 14341405.3 100544.0 51347.1    544   70.285   1      6.842   77.127
58880.0 57984.0 256.0   0.0   7572672.0 1547582.6 15379136.0 14341405.3 100544.0 51347.1    544   70.285   1      6.842   77.127
58880.0 57984.0 256.0   0.0   7572672.0 1853311.1 15379136.0 14341405.3 100544.0 51347.1    544   70.285   1      6.842   77.127
58880.0 57984.0 256.0   0.0   7572672.0 2816838.5 15379136.0 14341405.3 100544.0 51347.1    544   70.285   1      6.842   77.127
58880.0 57984.0 256.0   0.0   7572672.0 3899975.7 15379136.0 14341405.3 100544.0 51347.1    544   70.285   1      6.842   77.127
58880.0 57984.0 256.0   0.0   7572672.0 5222175.4 15379136.0 14341405.3 100544.0 51347.1    544   70.285   1      6.842   77.127
58880.0 57984.0 256.0   0.0   7572672.0 6374699.5 15379136.0 14341405.3 100544.0 51347.1    544   70.285   1      6.842   77.127
58880.0 57984.0 256.0   0.0   7572672.0 7000448.3 15379136.0 14341405.3 100544.0 51347.1    544   70.285   1      6.842   77.127
64384.0 67712.0 40720.8  0.0   7554112.0 2728469.6 15379136.0 14569606.6 100544.0 51347.1    546   70.519   1      6.842   77.361
66752.0 67712.0  0.0   224.0  7554112.0 7233210.1 15379136.0 14610231.4 100544.0 51347.1    547   70.693   1      6.842   77.535
63616.0 65408.0  0.0   256.0  7557376.0 3124600.7 15379136.0 14610343.4 100544.0 51347.1    549   71.011   1      6.842   77.853
63616.0 60800.0 4352.0  0.0   7565120.0 7565120.0 15379136.0 14610399.4 100544.0 51347.1    551   71.125   1      6.842   77.967
58688.0 56192.0 1504.1  0.0   7574656.0 1305375.0 15379136.0 14610479.4 100544.0 51347.1    552   71.438   1      6.842   78.280
62976.0 42432.0  0.0   42368.6 7574656.0 3124860.7 15379136.0 14611813.3 100544.0 51347.1    553   71.526   1      6.842   78.368
62976.0 75520.0 61975.6  0.0   7538496.0 6980774.6 15379136.0 14654022.0 100544.0 51347.1    554   71.614   1      6.842   78.456
70144.0 68480.0 288.0   0.0   7550912.0 3642850.3 15379136.0 14736109.5 100544.0 51347.1    556   71.726   1      6.842   78.567
66432.0 68480.0  0.0   352.0  7550912.0 7218953.9 15379136.0 14736165.5 100544.0 51347.1    557   71.810   1      6.842   78.652
66432.0 64128.0 288.0   0.0   7558976.0 7087749.4 15379136.0 14736221.5 100544.0 51347.1    558   71.902   1      6.842   78.744
61632.0 64128.0  0.0   352.0  7558976.0 3054284.5 15379136.0 14736285.5 100544.0 51347.1    559   71.991   1      6.842   78.833
61632.0 64128.0  0.0   352.0  7558976.0 4938551.9 15379136.0 14736285.5 100544.0 51347.1    559   71.991   1      6.842   78.833
61632.0 64128.0  0.0   352.0  7558976.0 5052162.8 15379136.0 14736285.5 100544.0 51347.1    559   71.991   1      6.842   78.833
61632.0 64128.0  0.0   352.0  7558976.0 5052185.3 15379136.0 14736285.5 100544.0 51347.1    559   71.991   1      6.842   78.833
61632.0 64128.0  0.0   352.0  7558976.0 5052229.3 15379136.0 14736285.5 100544.0 51347.1    559   71.991   1      6.842   78.833
61632.0 64128.0  0.0   352.0  7558976.0 5052249.7 15379136.0 14736285.5 100544.0 51347.1    559   71.991   1      6.842   78.833
61632.0 64128.0  0.0   352.0  7558976.0 5052268.0 15379136.0 14736285.5 100544.0 51347.1    559   71.991   1      6.842   78.833
61632.0 64128.0  0.0   352.0  7558976.0 5052288.3 15379136.0 14736285.5 100544.0 51347.1    559   71.991   1      6.842   78.833
61632.0 64128.0  0.0   352.0  7558976.0 5052308.6 15379136.0 14736285.5 100544.0 51347.1    559   71.991   1      6.842   78.833
61632.0 64128.0  0.0   352.0  7558976.0 5052356.4 15379136.0 14736285.5 100544.0 51347.1    559   71.991   1      6.842   78.833
61632.0 64128.0  0.0   352.0  7558976.0 5136920.9 15379136.0 14736285.5 100544.0 51347.1    559   71.991   1      6.842   78.833
61632.0 64128.0 45557.7 352.0  7558976.0 7558976.0 15379136.0 14857862.3 100544.0 51347.6    560   71.991   1      6.842   78.833
61632.0 68800.0 45685.7  0.0   7551936.0 7345315.8 15379136.0 14857870.3 100544.0 51347.6    560   72.121   1      6.842   78.963
75968.0 61632.0  0.0   61592.3 7551936.0 7551936.0 15379136.0 14882747.5 100544.0 51347.6    562   72.240   1      6.842   79.082
72576.0 74368.0  0.0   256.0  7539200.0 81240.4  15379136.0 14964689.0 100544.0 51347.6    563   72.496   1      6.842   79.337
72576.0 74368.0 384.0  256.0  7539200.0 7539200.0 15379136.0 14964713.0 100544.0 51347.6    564   72.496   1      6.842   79.337
72576.0 70336.0 416.0   0.0   7546624.0 7384331.6 15379136.0 14964713.0 100544.0 51348.4    564   72.739   1      6.842   79.581
66496.0 64448.0 640.0   0.0   7558592.0 1581425.3 15379136.0 14986077.4 100544.0 51348.4    566   72.963   1      6.842   79.805
62208.0 64448.0  0.0   288.0  7558592.0 4934237.4 15379136.0 14986469.4 100544.0 51348.4    567   73.101   1      6.842   79.943
63936.0 67648.0  0.0   20651.6 7554240.0   0.0    15379136.0 15028154.0 100544.0 51348.4    569   73.285   1      6.842   80.127
63936.0 62016.0 1536.1  0.0   7563584.0 1335646.5 15379136.0 15048613.6 100544.0 51348.4    570   73.418   1      6.842   80.260
59136.0 62016.0  0.0   20463.9 7563584.0 1057486.1 15379136.0 15049893.7 100544.0 51348.4    571   73.622   1      6.842   80.464
59136.0 57600.0  96.0   0.0   7572800.0 352577.5 15379136.0 15070153.7 100544.0 51348.4    572   73.829   1      6.842   80.671
59136.0 57600.0  96.0   0.0   7572800.0 6379835.4 15379136.0 15070153.7 100544.0 51348.4    572   73.829   1      6.842   80.671
55744.0 57600.0  0.0   256.0  7572800.0 1085427.8 15379136.0 15070209.7 100544.0 51348.4    573   73.916   1      6.842   80.758
55744.0 57600.0  0.0   256.0  7572800.0 2939896.6 15379136.0 15070209.7 100544.0 51348.4    573   73.916   1      6.842   80.758
55744.0 57600.0  0.0   256.0  7572800.0 3244128.7 15379136.0 15070209.7 100544.0 51348.4    573   73.916   1      6.842   80.758
55744.0 57600.0  0.0   256.0  7572800.0 3817715.7 15379136.0 15070209.7 100544.0 51348.4    573   73.916   1      6.842   80.758
55744.0 57600.0  0.0   256.0  7572800.0 5000651.6 15379136.0 15070209.7 100544.0 51348.4    573   73.916   1      6.842   80.758
55744.0 57600.0  0.0   256.0  7572800.0 6218219.9 15379136.0 15070209.7 100544.0 51348.4    573   73.916   1      6.842   80.758
55744.0 57600.0  0.0   256.0  7572800.0 7394236.7 15379136.0 15070209.7 100544.0 51348.4    573   73.916   1      6.842   80.758
55744.0 61504.0 40347.0  0.0   7566528.0 519744.7 15379136.0 15070241.7 100544.0 51348.4    574   74.050   1      6.842   80.892
55744.0 61504.0 40347.0  0.0   7566528.0 519767.2 15379136.0 15070241.7 100544.0 51348.4    574   74.050   1      6.842   80.892
55744.0 61504.0 40347.0  0.0   7566528.0 519785.7 15379136.0 15070241.7 100544.0 51348.4    574   74.050   1      6.842   80.892
55744.0 61504.0 40347.0  0.0   7566528.0 5311831.8 15379136.0 15070241.7 100544.0 51348.4    574   74.050   1      6.842   80.892
67968.0 78784.0 61338.9  0.0   7531968.0 176922.6 15379136.0 15219217.6 100544.0 51348.4    576   74.326   1      6.842   81.168
77120.0 78784.0  0.0   320.0  7531968.0   0.0    15379136.0 15280476.6 100544.0 51348.4    577   74.388   2      6.842   81.229
77120.0 78784.0  0.0   320.0  7531968.0   0.0    15379136.0 15280476.6 100544.0 51348.4    577   74.388   2      6.842   81.229
77120.0 78784.0  0.0    0.0   7531968.0 4636597.6 15379136.0 1856270.1  113984.0 51348.4    577   74.388   2     11.047   85.435
70464.0 72192.0  0.0   128.0  7540224.0 2317731.7 15379136.0 1856350.1  113984.0 51348.4    579   74.408   2     11.047   85.454
72768.0 42496.0  0.0   42474.0 7550720.0 379108.8 15379136.0 1856446.1  113984.0 51348.4    581   74.439   2     11.047   85.486
72768.0 70464.0 1024.1  0.0   7546304.0 2001729.6 15379136.0 1878149.8  113984.0 51348.4    582   74.460   2     11.047   85.507
78848.0 54336.0  0.0   54283.7 7546304.0 4268317.5 15379136.0 1895501.9  113984.0 51348.4    583   74.517   2     11.047   85.564
82304.0 87936.0  0.0   21106.6 7513664.0 566148.1 15379136.0 1977996.2  113984.0 51348.4    585   74.559   2     11.047   85.606
82304.0 80768.0  64.0   0.0   7526464.0 3973990.7 15379136.0 1998862.8  113984.0 51348.4    586   74.583   2     11.047   85.630
78656.0 80768.0  0.0   128.0  7526464.0 3411228.1 15379136.0 1998886.8  113984.0 51348.4    587   74.634   2     11.047   85.681
78656.0 76160.0 224.0   0.0   7534720.0 1835226.5 15379136.0 1998926.8  113984.0 51348.4    588   74.649   2     11.047   85.696
78656.0 76160.0 224.0   0.0   7534720.0 5515674.2 15379136.0 1998926.8  113984.0 51348.4    588   74.649   2     11.047   85.696
73344.0 76160.0  0.0   192.0  7534720.0 256428.8 15379136.0 1998966.8  113984.0 51348.4    589   74.698   2     11.047   85.745
73344.0 76160.0  0.0   192.0  7534720.0 829178.5 15379136.0 1998966.8  113984.0 51348.4    589   74.698   2     11.047   85.745
73344.0 76160.0  0.0   192.0  7534720.0 829192.7 15379136.0 1998966.8  113984.0 51348.4    589   74.698   2     11.047   85.745
73344.0 76160.0  0.0   192.0  7534720.0 829213.0 15379136.0 1998966.8  113984.0 51348.4    589   74.698   2     11.047   85.745
73344.0 76160.0  0.0   192.0  7534720.0 829229.3 15379136.0 1998966.8  113984.0 51348.4    589   74.698   2     11.047   85.745
73344.0 76160.0  0.0   192.0  7534720.0 829269.2 15379136.0 1998966.8  113984.0 51348.4    589   74.698   2     11.047   85.745
73344.0 76160.0  0.0   192.0  7534720.0 829299.2 15379136.0 1998966.8  113984.0 51348.4    589   74.698   2     11.047   85.745
73344.0 76160.0  0.0   192.0  7534720.0 829315.4 15379136.0 1998966.8  113984.0 51348.4    589   74.698   2     11.047   85.745
73344.0 76160.0  0.0   192.0  7534720.0 829355.3 15379136.0 1998966.8  113984.0 51348.4    589   74.698   2     11.047   85.745
73344.0 76160.0  0.0   192.0  7534720.0 5683775.7 15379136.0 1998966.8  113984.0 51383.2    589   74.698   2     11.047   85.745
66944.0 69952.0  0.0   256.0  7546240.0 7248647.2 15379136.0 2001469.9  113984.0 51383.2    592   74.721   2     11.047   85.768
60736.0 63872.0  0.0   160.0  7558720.0 5375562.7 15379136.0 2001509.9  113984.0 51383.2    593   74.777   2     11.047   85.824
54400.0 57536.0  0.0    96.0  7571264.0 2800406.5 15379136.0 2001573.9  113984.0 51383.2    595   74.874   2     11.047   85.921
54400.0 51200.0 1120.2  0.0   7583936.0 6702462.0 15379136.0 2001597.9  113984.0 51383.2    596   74.921   2     11.047   85.968
48192.0 45312.0  96.0   0.0   7596032.0 3807811.5 15379136.0 2002800.7  113984.0 51383.2    598   74.983   2     11.047   86.030
42560.0 39808.0 512.1   0.0   7607168.0 874282.0 15379136.0 2003003.3  113984.0 51383.2    600   75.080   2     11.047   86.127
37248.0 39808.0  0.0    96.0  7607168.0 6234711.1 15379136.0 2003451.4  113984.0 51383.2    601   75.132   2     11.047   86.179
32448.0 34816.0  0.0   256.0  7617472.0   0.0    15379136.0 2003721.1  113984.0 51383.2    603   75.148   2     11.047   86.195
32448.0 34816.0  0.0   256.0  7617472.0 6930809.4 15379136.0 2003721.1  113984.0 51383.2    603   75.148   2     11.047   86.195
32448.0 30272.0 160.0   0.0   7626816.0 3671506.7 15379136.0 2003753.1  113984.0 51383.2    604   75.158   2     11.047   86.205
32448.0 30272.0 160.0   0.0   7626816.0 4088343.2 15379136.0 2003753.1  113984.0 51383.2    604   75.158   2     11.047   86.205
32448.0 30272.0 160.0   0.0   7626816.0 4088706.4 15379136.0 2003753.1  113984.0 51383.2    604   75.158   2     11.047   86.205
32448.0 30272.0 160.0   0.0   7626816.0 4088730.9 15379136.0 2003753.1  113984.0 51383.2    604   75.158   2     11.047   86.205
32448.0 30272.0 160.0   0.0   7626816.0 4088749.2 15379136.0 2003753.1  113984.0 51383.2    604   75.158   2     11.047   86.205
32448.0 30272.0 160.0   0.0   7626816.0 4088769.5 15379136.0 2003753.1  113984.0 51383.2    604   75.158   2     11.047   86.205
32448.0 30272.0 160.0   0.0   7626816.0 4088785.8 15379136.0 2003753.1  113984.0 51383.2    604   75.158   2     11.047   86.205
32448.0 30272.0 160.0   0.0   7626816.0 4088833.5 15379136.0 2003753.1  113984.0 51383.2    604   75.158   2     11.047   86.205
32448.0 30272.0 160.0   0.0   7626816.0 4088855.9 15379136.0 2003753.1  113984.0 51383.2    604   75.158   2     11.047   86.205
32448.0 30272.0 160.0   0.0   7626816.0 4088876.2 15379136.0 2003753.1  113984.0 51383.2    604   75.158   2     11.047   86.205
32448.0 30272.0 160.0   0.0   7626816.0 4088894.5 15379136.0 2003753.1  113984.0 51383.2    604   75.158   2     11.047   86.205
32448.0 30272.0 160.0   0.0   7626816.0 4088914.9 15379136.0 2003753.1  113984.0 51383.2    604   75.158   2     11.047   86.205
32448.0 30272.0 160.0   0.0   7626816.0 4088953.3 15379136.0 2003753.1  113984.0 51383.2    604   75.158   2     11.047   86.205
32448.0 30272.0 160.0   0.0   7626816.0 4946914.7 15379136.0 2003753.1  113984.0 51503.9    604   75.158   2     11.047   86.205
