 S0C    S1C    S0U    S1U      EC       EU        OC         OU       PC     PU    YGC     YGCT    FGC    FGCT     GCT   
961152.0 961152.0  0.0    0.0   5767232.0 115344.7 15379136.0    0.0     21248.0 3700.8      0    0.000   0      0.000    0.000
961152.0 961152.0  0.0    0.0   5767232.0 346034.2 15379136.0    0.0     21248.0 14923.5      0    0.000   0      0.000    0.000
961152.0 961152.0  0.0    0.0   5767232.0 3691452.1 15379136.0    0.0     29888.0 29273.8      0    0.000   0      0.000    0.000
961152.0 961152.0  0.0    0.0   5767232.0 5537159.1 15379136.0    0.0     40256.0 39813.9      0    0.000   0      0.000    0.000
961152.0 961152.0  0.0   90920.1 5767232.0 1184058.4 15379136.0    0.0     48128.0 47977.0      1    0.059   0      0.000    0.059
961152.0 961152.0  0.0   90920.1 5767232.0 3417528.2 15379136.0    0.0     48128.0 48003.0      1    0.059   0      0.000    0.059
961152.0 961152.0  0.0   90920.1 5767232.0 5417617.8 15379136.0    0.0     48128.0 48004.8      1    0.059   0      0.000    0.059
961152.0 961152.0 110992.6  0.0   5767232.0 1814201.9 15379136.0    0.0     48128.0 48027.0      2    0.120   0      0.000    0.120
961152.0 961152.0 110992.6  0.0   5767232.0 3667052.2 15379136.0    0.0     48128.0 48041.1      2    0.120   0      0.000    0.120
961152.0 961152.0 110992.6  0.0   5767232.0 5709489.7 15379136.0    0.0     48128.0 48042.4      2    0.120   0      0.000    0.120
961152.0 961152.0  0.0   167273.2 5767232.0 2270123.6 15379136.0    0.0     48128.0 48123.6      3    0.212   0      0.000    0.212
961152.0 961152.0  0.0   167273.2 5767232.0 4680748.2 15379136.0    0.0     48320.0 48139.1      3    0.212   0      0.000    0.212
961152.0 961152.0 214687.2  0.0   5767232.0 1164489.1 15379136.0    0.0     48320.0 48139.1      4    0.346   0      0.000    0.346
961152.0 961152.0 214687.2  0.0   5767232.0 3535352.9 15379136.0    0.0     48320.0 48140.0      4    0.346   0      0.000    0.346
961152.0 961152.0 214687.2  0.0   5767232.0 5756181.8 15379136.0    0.0     48320.0 48141.6      4    0.346   0      0.000    0.346
308416.0 961152.0  0.0   276393.2 5767232.0 2360253.7 15379136.0    0.0     48320.0 48144.6      5    0.502   0      0.000    0.502
308416.0 961152.0  0.0   276393.2 5767232.0 4429408.5 15379136.0    0.0     48320.0 48146.7      5    0.502   0      0.000    0.502
308416.0 371968.0 308415.2  0.0   6945600.0 830170.5 15379136.0  15136.0   48320.0 48147.3      6    0.698   0      0.000    0.698
308416.0 371968.0 308415.2  0.0   6945600.0 2984413.0 15379136.0  15136.0   48320.0 48147.7      6    0.698   0      0.000    0.698
308416.0 371968.0 308415.2  0.0   6945600.0 5104146.5 15379136.0  15136.0   48320.0 48149.3      6    0.698   0      0.000    0.698
395008.0 291200.0  0.0   291168.2 6945600.0 543595.6 15379136.0  107950.4  48320.0 48152.1      7    0.917   0      0.000    0.917
395008.0 291200.0  0.0   291168.2 6945600.0 2997912.0 15379136.0  107950.4  48320.0 48153.6      7    0.917   0      0.000    0.917
395008.0 291200.0  0.0   291168.2 6945600.0 5416718.1 15379136.0  107950.4  48320.0 48211.8      7    0.917   0      0.000    0.917
395008.0 408704.0 291797.5  0.0   6872128.0 1345502.0 15379136.0  188318.4  48320.0 48250.9      8    1.186   0      0.000    1.186
395008.0 408704.0 291797.5  0.0   6872128.0 5379651.8 15379136.0  188318.4  48320.0 48281.4      8    1.186   0      0.000    1.186
398720.0 408704.0  0.0   246291.7 6872128.0 3762819.5 15379136.0  277222.4  48320.0 48285.7      9    1.420   0      0.000    1.420
398720.0 405120.0 81081.2  0.0   6879296.0 3339501.7 15379136.0  476348.1  48512.0 48336.4     10    1.637   0      0.000    1.637
412800.0 47104.0  0.0   47065.5 6879296.0 5198817.4 15379136.0  557462.2  48512.0 48337.3     11    1.760   0      0.000    1.760
419392.0 30144.0  0.0   30137.6 6851520.0 1395922.7 15379136.0  634418.6  48512.0 48338.1     13    1.952   0      0.000    1.952
419392.0 418368.0 14752.1  0.0   6851776.0 4713708.5 15379136.0  662396.2  48512.0 48342.8     14    2.018   0      0.000    2.018
412288.0 418368.0 8128.0 21923.6 6851776.0 6851776.0 15379136.0  695125.5  48512.0 48343.8     16    2.067   0      0.000    2.067
393536.0 405440.0  0.0   24736.0 6871808.0 2309142.4 15379136.0  705901.5  48512.0 48343.8     17    2.256   0      0.000    2.256
393536.0 382400.0 11648.0  0.0   6913600.0 3349989.6 15379136.0  726437.5  48512.0 48349.8     18    2.317   0      0.000    2.317
365824.0 382400.0  0.0   34324.6 6913600.0 1404448.7 15379136.0  737949.5  48512.0 48350.9     19    2.409   0      0.000    2.409
365824.0 382400.0  0.0   34324.6 6913600.0 4776938.6 15379136.0  737949.5  48512.0 48350.9     19    2.409   0      0.000    2.409
365824.0 352832.0 12203.7  0.0   6970880.0 274481.4 15379136.0  766663.8  48512.0 48351.3     20    2.466   0      0.000    2.466
365824.0 352832.0 12203.7  0.0   6970880.0 1021051.3 15379136.0  766663.8  48512.0 48354.4     20    2.466   0      0.000    2.466
365824.0 352832.0 12203.7  0.0   6970880.0 1021066.7 15379136.0  766663.8  48512.0 48355.2     20    2.466   0      0.000    2.466
365824.0 352832.0 12203.7  0.0   6970880.0 1021085.0 15379136.0  766663.8  48512.0 48355.5     20    2.466   0      0.000    2.466
365824.0 352832.0 12203.7  0.0   6970880.0 1021101.9 15379136.0  766663.8  48512.0 48358.4     20    2.466   0      0.000    2.466
365824.0 352832.0 12203.7  0.0   6970880.0 1026965.1 15379136.0  766663.8  48512.0 48359.6     20    2.466   0      0.000    2.466
365824.0 352832.0 12203.7  0.0   6970880.0 4418126.5 15379136.0  766663.8  49088.0 49033.2     20    2.466   0      0.000    2.466
398976.0 283520.0  0.0   283479.0 6970880.0 3915839.9 15379136.0  773125.7  49088.0 49083.5     21    2.527   0      0.000    2.527
398976.0 420288.0 243054.1  0.0   6848960.0 3785332.2 15379136.0  876258.6  49280.0 49143.5     22    2.593   0      0.000    2.593
400256.0 420288.0  0.0   61512.7 6848960.0 5209340.5 15379136.0 1057639.9  49280.0 49145.0     23    2.646   0      0.000    2.646
400256.0 391040.0 288.0   0.0   6898240.0 4553651.0 15379136.0 1139154.6  49280.0 49159.2     24    2.672   0      0.000    2.672
405952.0 221184.0  0.0   221130.8 6898240.0 275048.4 15379136.0 1139230.7  49280.0 49160.4     25    2.716   0      0.000    2.716
405952.0 221184.0  0.0   221130.8 6898240.0 2627585.3 15379136.0 1139230.7  49280.0 49161.3     25    2.716   0      0.000    2.716
405952.0 221184.0  0.0   221130.8 6898240.0 4999283.7 15379136.0 1139230.7  49280.0 49161.8     25    2.716   0      0.000    2.716
405952.0 385920.0 61330.8  0.0   6897664.0 705933.8 15379136.0 1360131.4  49280.0 49161.8     26    2.782   0      0.000    2.782
405952.0 385920.0 61330.8  0.0   6897664.0 3253689.4 15379136.0 1360131.4  49280.0 49163.1     26    2.782   0      0.000    2.782
405952.0 385920.0 61330.8  0.0   6897664.0 5882742.1 15379136.0 1360131.4  49280.0 49164.1     26    2.782   0      0.000    2.782
376768.0 385920.0  0.0   352.0  6897664.0 1611177.8 15379136.0 1421250.4  49280.0 49164.9     27    2.806   0      0.000    2.806
376768.0 385920.0  0.0   352.0  6897664.0 4006730.0 15379136.0 1421250.4  49280.0 49164.9     27    2.806   0      0.000    2.806
376768.0 385920.0  0.0   352.0  6897664.0 6352996.4 15379136.0 1421250.4  49280.0 49167.8     27    2.806   0      0.000    2.806
376768.0 365632.0 320.0   0.0   6947136.0 1805167.1 15379136.0 1421298.4  49280.0 49170.2     28    2.826   0      0.000    2.826
376768.0 365632.0 320.0   0.0   6947136.0 4118902.3 15379136.0 1421298.4  49280.0 49170.5     28    2.826   0      0.000    2.826
376768.0 365632.0 320.0   0.0   6947136.0 6463611.7 15379136.0 1421298.4  49280.0 49172.4     28    2.826   0      0.000    2.826
352960.0 365632.0  0.0   352.0  6947136.0 1971565.8 15379136.0 1421346.4  49280.0 49172.4     29    2.840   0      0.000    2.840
352960.0 365632.0  0.0   352.0  6947136.0 4640194.0 15379136.0 1421346.4  49280.0 49172.7     29    2.840   0      0.000    2.840
352960.0 339136.0 288.0   0.0   6997440.0 441345.1 15379136.0 1421394.4  49280.0 49172.9     30    2.855   0      0.000    2.855
352960.0 339136.0 288.0   0.0   6997440.0 2884217.6 15379136.0 1421394.4  49280.0 49172.9     30    2.855   0      0.000    2.855
352960.0 339136.0 288.0   0.0   6997440.0 5296076.1 15379136.0 1421394.4  49280.0 49173.4     30    2.855   0      0.000    2.855
324608.0 339136.0  0.0   320.0  6997440.0 830952.0 15379136.0 1421434.4  49280.0 49180.7     31    2.869   0      0.000    2.869
324608.0 339136.0  0.0   320.0  6997440.0 3307793.0 15379136.0 1421434.4  49280.0 49183.7     31    2.869   0      0.000    2.869
324608.0 339136.0  0.0   320.0  6997440.0 5222884.0 15379136.0 1421434.4  49280.0 49184.0     31    2.869   0      0.000    2.869
324608.0 339136.0  0.0   320.0  6997440.0 5977303.4 15379136.0 1421434.4  49280.0 49184.6     31    2.869   0      0.000    2.869
324608.0 339136.0  0.0   320.0  6997440.0 6500249.4 15379136.0 1421434.4  49472.0 49336.1     31    2.869   0      0.000    2.869
324608.0 328768.0 146270.6  0.0   7032000.0 905975.7 15379136.0 1421474.4  49472.0 49337.1     32    2.900   0      0.000    2.900
324608.0 328768.0 146270.6  0.0   7032000.0 1465186.4 15379136.0 1421474.4  49472.0 49338.5     32    2.900   0      0.000    2.900
324608.0 328768.0 146270.6  0.0   7032000.0 6908605.8 15379136.0 1421474.4  49664.0 49515.4     32    2.900   0      0.000    2.900
367744.0 349312.0 115489.5  0.0   6972480.0 531771.7 15379136.0 1667242.9  49664.0 49517.4     34    3.060   0      0.000    3.060
329280.0 349312.0  0.0   59890.5 6972480.0 3473220.1 15379136.0 1775276.3  49664.0 49517.5     35    3.136   0      0.000    3.136
329280.0 314944.0 32704.1  0.0   7045312.0 5433320.9 15379136.0 1833518.8  49664.0 49517.8     36    3.204   0      0.000    3.204
291904.0 314944.0  96.0  83560.7 7045312.0 7045312.0 15379136.0 1885411.2  49664.0 49518.0     38    3.285   0      0.000    3.285
266240.0 279296.0  0.0   37856.0 7118336.0 3829685.2 15379136.0 1982599.6  49664.0 49518.0     39    3.552   0      0.000    3.552
266240.0 253440.0 37856.0  0.0   7169856.0 5638146.0 15379136.0 2020327.6  49664.0 49518.0     40    3.633   0      0.000    3.633
242240.0 253440.0 17248.0 29824.0 7169856.0 7169856.0 15379136.0 2059935.7  49664.0 49518.0     42    3.781   0      0.000    3.781
214912.0 228928.0  0.0   50400.0 7218368.0 5550253.2 15379136.0 2129815.7  49664.0 49518.2     43    4.178   0      0.000    4.178
214912.0 206080.0 25984.0 30848.0 7268544.0 7268544.0 15379136.0 2181935.8  49664.0 49518.2     45    4.317   0      0.000    4.317
192896.0 180288.0 53840.0  0.0   7316352.0 343958.7 15379136.0 2256551.8  49664.0 49521.0     46    4.840   0      0.000    4.840
176256.0 180288.0  0.0   80231.2 7316352.0 1216944.8 15379136.0 2310221.6  49664.0 49523.5     47    5.003   0      0.000    5.003
176256.0 165888.0 53175.5  0.0   7347392.0 2445663.7 15379136.0 2389796.8  49664.0 49525.8     48    5.122   0      0.000    5.122
164608.0 165888.0  0.0   84881.0 7347392.0 639604.8 15379136.0 2441524.3  49664.0 49526.4     49    5.223   0      0.000    5.223
164608.0 165888.0  0.0   84881.0 7347392.0 5384644.1 15379136.0 2441524.3  49664.0 49526.9     49    5.223   0      0.000    5.223
164608.0 183232.0 140180.7  0.0   7323072.0 3099012.0 15379136.0 2541413.4  49664.0 49527.5     50    5.344   0      0.000    5.344
174464.0 183232.0  0.0   76750.3 7323072.0 3559972.3 15379136.0 2677414.2  49664.0 49527.5     51    5.455   0      0.000    5.455
174464.0 169216.0 40448.1  0.0   7345856.0 3754721.0 15379136.0 2752016.5  49664.0 49527.8     52    5.588   0      0.000    5.588
163008.0 169216.0  0.0   44058.3 7345856.0 3062554.4 15379136.0 2790368.5  49664.0 49527.8     53    5.683   0      0.000    5.683
163008.0 156608.0 45306.7  0.0   7369920.0 787332.3 15379136.0 2834338.9  49664.0 49527.8     54    5.776   0      0.000    5.776
163008.0 156608.0 45306.7  0.0   7369920.0 5071503.0 15379136.0 2834338.9  49664.0 49612.6     54    5.776   0      0.000    5.776
149440.0 156608.0  0.0   50688.0 7369920.0 1790723.0 15379136.0 2871325.5  49664.0 49612.6     55    5.887   0      0.000    5.887
149440.0 156608.0  0.0   50688.0 7369920.0 5547931.3 15379136.0 2871325.5  49664.0 49612.6     55    5.887   0      0.000    5.887
149440.0 156608.0  0.0   50688.0 7369920.0 5548014.1 15379136.0 2871325.5  49664.0 49612.6     55    5.887   0      0.000    5.887
149440.0 156608.0  0.0   50688.0 7369920.0 5548117.2 15379136.0 2871325.5  49664.0 49613.0     55    5.887   0      0.000    5.887
149440.0 156608.0  0.0   50688.0 7369920.0 5548136.2 15379136.0 2871325.5  49664.0 49613.0     55    5.887   0      0.000    5.887
149440.0 156608.0  0.0   50688.0 7369920.0 5548159.0 15379136.0 2871325.5  49664.0 49613.0     55    5.887   0      0.000    5.887
149440.0 253632.0 149412.2  0.0   7182272.0 1086316.8 15379136.0 3089125.6  49856.0 49685.3     56    6.029   0      0.000    6.029
149440.0 253632.0 149412.2  0.0   7182272.0 6379962.2 15379136.0 3089125.6  49856.0 49686.1     56    6.029   0      0.000    6.029
265664.0 241600.0  0.0   241552.4 7182272.0 5798700.7 15379136.0 3140199.6  49856.0 49689.8     57    6.120   0      0.000    6.120
289664.0 320.0   0.0   320.0  7112512.0 180736.5 15379136.0 3431847.2  49856.0 49690.0     59    6.236   0      0.000    6.236
289664.0 271616.0 102617.7  0.0   7128256.0 2577100.1 15379136.0 3431903.2  49856.0 49690.0     60    6.271   0      0.000    6.271
262976.0 271616.0  0.0   50523.8 7128256.0 4236789.3 15379136.0 3534288.9  49856.0 49690.3     61    6.320   0      0.000    6.320
262976.0 258944.0 20640.0  0.0   7167616.0 5796872.3 15379136.0 3534802.7  49856.0 49690.9     62    6.344   0      0.000    6.344
243840.0 258944.0  0.0   76555.3 7167616.0 7019548.1 15379136.0 3555154.6  49856.0 49691.4     63    6.380   0      0.000    6.380
232192.0 235264.0  0.0   20893.0 7210432.0 1958810.6 15379136.0 3737423.4  49856.0 49691.9     65    6.475   0      0.000    6.475
232192.0 224064.0 41491.6  0.0   7233280.0 3817298.9 15379136.0 3758128.5  49856.0 49692.7     66    6.504   0      0.000    6.504
222592.0 224064.0  0.0   352.0  7233280.0 4910169.9 15379136.0 3799348.0  49856.0 49692.7     67    6.533   0      0.000    6.533
222592.0 212288.0 41399.2  0.0   7254656.0 6044396.6 15379136.0 3799404.0  49856.0 49767.6     68    6.561   0      0.000    6.561
200512.0 212288.0  0.0   51346.1 7254656.0 5609597.0 15379136.0 3840571.2  49856.0 49767.7     69    6.595   0      0.000    6.595
200512.0 189504.0 51115.8  0.0   7299520.0 1908465.1 15379136.0 3891613.4  49856.0 49767.7     70    6.636   0      0.000    6.636
200512.0 189504.0 51115.8  0.0   7299520.0 4652314.4 15379136.0 3891613.4  49856.0 49767.7     70    6.636   0      0.000    6.636
200512.0 189504.0 51115.8  0.0   7299520.0 6714536.3 15379136.0 3891613.4  49856.0 49768.3     70    6.636   0      0.000    6.636
200512.0 189504.0 51115.8  0.0   7299520.0 6781285.0 15379136.0 3891613.4  49856.0 49768.7     70    6.636   0      0.000    6.636
200512.0 189504.0 51115.8  0.0   7299520.0 6781338.7 15379136.0 3891613.4  49856.0 49768.7     70    6.636   0      0.000    6.636
178944.0 189504.0  0.0   52576.5 7299520.0   0.0    15379136.0 3917075.3  49856.0 49792.8     72    6.675   0      0.000    6.675
178944.0 178048.0 128.0   0.0   7332544.0 4854334.2 15379136.0 3969458.1  49856.0 49793.3     72    6.703   0      0.000    6.703
178944.0 178048.0  0.0   178021.4 7332544.0 2977546.5 15379136.0 4368188.5  49856.0 49795.0     73    6.864   0      0.000    6.864
178944.0 454656.0 178927.2  0.0   6780224.0 3462491.9 15379136.0 4625812.1  49856.0 49795.2     74    7.010   0      0.000    7.010
427776.0 454656.0  0.0   115503.3 6780224.0 5368961.5 15379136.0 4815625.7  49856.0 49795.6     75    7.156   0      0.000    7.156
427776.0 399680.0 134300.4 68423.1 6862080.0 6862080.0 15379136.0 5052526.3  49856.0 49798.4     77    7.307   0      0.000    7.307
384704.0 372096.0 166068.9  0.0   6932736.0 260373.2 15379136.0 5126408.0  49856.0 49799.0     78    7.848   0      0.000    7.848
348544.0 372096.0  0.0   134689.0 6932736.0 1391741.1 15379136.0 5314207.0  49856.0 49802.2     79    8.098   0      0.000    8.098
348544.0 332096.0 106351.4  0.0   7008896.0 3288536.3 15379136.0 5423573.3  49856.0 49808.1     80    8.252   0      0.000    8.252
318784.0 321600.0  96.0   0.0   7046336.0 4024144.7 15379136.0 5644305.4  49856.0 49810.7     82    8.512   0      0.000    8.512
331712.0 198656.0  0.0   198615.2 7046336.0 5118356.5 15379136.0 5644361.4  49856.0 49812.9     83    8.645   0      0.000    8.645
331712.0 314176.0 104813.0  0.0   7043648.0 6369665.2 15379136.0 5787093.2  49856.0 49813.5     84    8.815   0      0.000    8.815
295296.0 314176.0  0.0   122864.5 7043648.0 3453205.1 15379136.0 5890322.3  50048.0 49878.0     85    8.994   0      0.000    8.994
295296.0 298688.0 178058.0  0.0   7092160.0 2806893.9 15379136.0 6009746.9  50048.0 49953.6     86    9.188   0      0.000    9.188
291456.0 298688.0  0.0   154379.4 7092160.0 3772327.4 15379136.0 6183882.4  50048.0 49957.0     87    9.407   0      0.000    9.407
291456.0 283648.0 81524.9  0.0   7114432.0 4876042.9 15379136.0 6331544.3  50048.0 49957.3     88    9.655   0      0.000    9.655
272512.0 278400.0 128.0   0.0   7132736.0 2401891.7 15379136.0 6502950.1  50048.0 49957.5     90    9.990   0      0.000    9.990
263552.0 278400.0  0.0   98823.0 7132736.0 1037152.6 15379136.0 6502974.1  50048.0 49957.8     91   10.143   0      0.000   10.143
263552.0 253632.0 76885.9  0.0   7172352.0 1525603.9 15379136.0 6596184.8  50048.0 49957.9     92   10.382   0      0.000   10.382
263552.0 253632.0 76885.9  0.0   7172352.0 6463322.7 15379136.0 6596184.8  50048.0 49957.9     92   10.382   0      0.000   10.382
243456.0 253632.0  0.0   118377.4 7172352.0 645325.3 15379136.0 6671998.7  50048.0 49957.9     93   10.559   0      0.000   10.559
243456.0 253632.0  0.0   118377.4 7172352.0 1664811.6 15379136.0 6671998.7  50048.0 49967.3     93   10.559   0      0.000   10.559
243456.0 253632.0  0.0   118377.4 7172352.0 1993329.4 15379136.0 6671998.7  50048.0 49967.9     93   10.559   0      0.000   10.559
243456.0 253632.0  0.0   118377.4 7172352.0 1993348.0 15379136.0 6671998.7  50048.0 49967.9     93   10.559   0      0.000   10.559
243456.0 253632.0  0.0   118377.4 7172352.0 1993394.5 15379136.0 6671998.7  50048.0 49967.9     93   10.559   0      0.000   10.559
243456.0 253632.0  0.0   118377.4 7172352.0 2020067.1 15379136.0 6671998.7  50048.0 49967.9     93   10.559   0      0.000   10.559
243456.0 253632.0  0.0   118377.4 7172352.0 2020090.1 15379136.0 6671998.7  50048.0 49967.9     93   10.559   0      0.000   10.559
243456.0 253632.0  0.0   118377.4 7172352.0 2020111.0 15379136.0 6671998.7  50048.0 49967.9     93   10.559   0      0.000   10.559
243456.0 253632.0  0.0   118377.4 7172352.0 2020131.5 15379136.0 6671998.7  50048.0 49968.1     93   10.559   0      0.000   10.559
243456.0 253632.0  0.0   118377.4 7172352.0 3162502.2 15379136.0 6671998.7  50048.0 49975.8     93   10.559   0      0.000   10.559
243456.0 243712.0 144746.9  0.0   7202112.0 7156655.8 15379136.0 6786256.1  50048.0 49976.3     94   10.755   0      0.000   10.755
230912.0 224320.0 78848.1  0.0   7234304.0 1508214.2 15379136.0 6986722.3  50048.0 49976.3     96   11.040   0      0.000   11.040
223680.0 224320.0  0.0   42720.0 7234304.0 6065595.0 15379136.0 7065514.5  50048.0 49977.7     97   11.180   0      0.000   11.180
223680.0 212928.0 92133.1  0.0   7252928.0 7120618.7 15379136.0 7108170.5  50048.0 49978.4     98   11.584   0      0.000   11.584
225216.0 220992.0 61613.1  0.0   7243328.0 1721026.0 15379136.0 7305894.8  50048.0 49979.2    100   11.923   0      0.000   11.923
216320.0 220992.0  0.0   59732.3 7243328.0 3540958.5 15379136.0 7361965.4  50048.0 49979.8    101   12.076   0      0.000   12.076
216320.0 204992.0 94854.6  0.0   7268224.0 4755763.0 15379136.0 7438176.2  50048.0 49979.8    102   12.170   0      0.000   12.170
202304.0 204992.0  0.0   50112.3 7268224.0 6446740.6 15379136.0 7463503.1  50048.0 49979.9    103   12.224   0      0.000   12.224
187264.0 195904.0  0.0   78592.1 7291328.0 602608.0 15379136.0 7519113.5  50048.0 49979.9    105   12.341   0      0.000   12.341
187264.0 191040.0 8960.0  0.0   7307456.0 2564460.8 15379136.0 7545277.5  50048.0 49979.9    106   12.408   0      0.000   12.408
185984.0 191040.0  0.0   46199.2 7307456.0 4180461.4 15379136.0 7554093.5  50048.0 49984.7    107   12.478   0      0.000   12.478
185984.0 177088.0 65836.0  0.0   7326464.0 4605996.7 15379136.0 7559133.5  50048.0 49986.2    108   12.584   0      0.000   12.584
171584.0 177088.0  0.0   49362.3 7326464.0 4989907.9 15379136.0 7574064.2  50048.0 49987.3    109   12.684   0      0.000   12.684
171584.0 191168.0 152946.1  0.0   7307200.0 5677989.8 15379136.0 7643651.2  50048.0 49987.3    110   12.769   0      0.000   12.769
181248.0 191168.0  0.0   75548.5 7307200.0 6772923.2 15379136.0 7816709.9  50048.0 49988.1    111   12.858   0      0.000   12.858
179328.0 176320.0  0.0   2400.0 7331968.0 210814.6 15379136.0 7942747.6  50048.0 49988.1    113   12.974   0      0.000   12.974
179328.0 176320.0  0.0   2400.0 7331968.0 6581084.3 15379136.0 7942747.6  50048.0 49988.2    113   12.974   0      0.000   12.974
179328.0 180352.0 352.0   0.0   7328832.0 5155466.1 15379136.0 7942819.6  50048.0 49988.7    114   13.022   0      0.000   13.022
179328.0 180352.0  0.0   352.0  7328832.0 453959.0 15379136.0 7942891.6  50048.0 49989.0    115   13.074   0      0.000   13.074
179328.0 180352.0  0.0   352.0  7328832.0 479246.5 15379136.0 7942891.6  50048.0 49989.0    115   13.074   0      0.000   13.074
179328.0 180352.0  0.0   352.0  7328832.0 479267.5 15379136.0 7942891.6  50048.0 49989.8    115   13.074   0      0.000   13.074
179328.0 180352.0  0.0   352.0  7328832.0 479290.5 15379136.0 7942891.6  50048.0 49989.8    115   13.074   0      0.000   13.074
179328.0 180352.0  0.0   352.0  7328832.0 479313.5 15379136.0 7942891.6  50048.0 49989.8    115   13.074   0      0.000   13.074
179328.0 180352.0  0.0   352.0  7328832.0 479358.5 15379136.0 7942891.6  50048.0 49989.8    115   13.074   0      0.000   13.074
179328.0 180352.0  0.0   352.0  7328832.0 479379.5 15379136.0 7942891.6  50048.0 49989.8    115   13.074   0      0.000   13.074
179328.0 180352.0  0.0   352.0  7328832.0 479402.4 15379136.0 7942891.6  50048.0 49989.8    115   13.074   0      0.000   13.074
179328.0 180352.0  0.0   352.0  7328832.0 479423.5 15379136.0 7942891.6  50048.0 49989.8    115   13.074   0      0.000   13.074
179328.0 180352.0  0.0   352.0  7328832.0 479446.5 15379136.0 7942891.6  50048.0 49989.8    115   13.074   0      0.000   13.074
179328.0 180352.0  0.0   352.0  7328832.0 479491.8 15379136.0 7942891.6  50048.0 49989.8    115   13.074   0      0.000   13.074
179328.0 180352.0  0.0   352.0  7328832.0 479513.1 15379136.0 7942891.6  50048.0 49989.8    115   13.074   0      0.000   13.074
179328.0 180352.0  0.0   352.0  7328832.0 3240700.1 15379136.0 7942891.6  50048.0 50002.8    115   13.074   0      0.000   13.074
179328.0 211264.0 176384.0  0.0   7267008.0 2978549.9 15379136.0 7942947.6  50048.0 50004.9    116   13.177   0      0.000   13.177
229120.0 155712.0  0.0   155652.3 7267008.0 3991593.5 15379136.0 8085688.2  50048.0 50007.8    117   13.349   0      0.000   13.349
229120.0 221248.0 97362.5  0.0   7239168.0 5494537.8 15379136.0 8231024.5  50048.0 50008.1    118   13.511   0      0.000   13.511
217536.0 221248.0  0.0   107824.4 7239168.0 7117015.3 15379136.0 8345437.4  50048.0 50008.1    119   13.731   0      0.000   13.731
210560.0 217088.0  0.0   103824.3 7254912.0 420515.9 15379136.0 8544777.8  50048.0 50013.9    121   14.087   0      0.000   14.087
210560.0 217088.0 90411.2 103824.3 7254912.0 7254912.0 15379136.0 8617706.0  50048.0 50015.9    122   14.087   0      0.000   14.087
188544.0 199296.0  0.0   89089.0 7279680.0 1677161.4 15379136.0 8705899.9  50048.0 50018.3    123   14.457   0      0.000   14.457
188544.0 197696.0 140095.5  0.0   7294144.0 273097.2 15379136.0 8789708.9  50048.0 50022.2    124   14.619   0      0.000   14.619
203200.0 136320.0  0.0   136296.5 7294144.0 1496285.5 15379136.0 8871402.4  50048.0 50022.4    125   14.810   0      0.000   14.810
203200.0 207296.0 137350.1  0.0   7274944.0 1384912.8 15379136.0 9000094.9  50048.0 50022.8    126   15.028   0      0.000   15.028
206784.0 207296.0  0.0   128764.4 7274944.0 1606916.6 15379136.0 9124205.0  50048.0 50024.9    127   15.229   0      0.000   15.229
206784.0 209280.0 138757.0  0.0   7270976.0 1447139.2 15379136.0 9272020.5  50048.0 50025.7    128   15.421   0      0.000   15.421
206784.0 209280.0 138757.0  0.0   7270976.0 4369319.4 15379136.0 9272020.5  50048.0 50031.2    128   15.421   0      0.000   15.421
220992.0 197568.0  0.0   197563.0 7270976.0 4943612.4 15379136.0 9404097.4  50048.0 50031.2    129   15.646   0      0.000   15.646
220992.0 227200.0 79241.7  0.0   7235136.0 3753839.2 15379136.0 9594432.4  50048.0 50031.3    130   15.905   0      0.000   15.905
217216.0 227200.0  0.0   104541.8 7235136.0 2338615.2 15379136.0 9669546.3  50048.0 50038.7    131   16.083   0      0.000   16.083
217216.0 227200.0  0.0   104541.8 7235136.0 6554462.8 15379136.0 9669546.3  50048.0 50038.7    131   16.083   0      0.000   16.083
217216.0 211392.0 84565.1  0.0   7260928.0 1621491.1 15379136.0 9764868.1  50048.0 50038.9    132   16.275   0      0.000   16.275
217216.0 211392.0 84565.1  0.0   7260928.0 2574378.5 15379136.0 9764868.1  50048.0 50038.9    132   16.275   0      0.000   16.275
217216.0 211392.0 84565.1  0.0   7260928.0 2574399.6 15379136.0 9764868.1  50048.0 50038.9    132   16.275   0      0.000   16.275
217216.0 211392.0 84565.1  0.0   7260928.0 2574422.6 15379136.0 9764868.1  50048.0 50038.9    132   16.275   0      0.000   16.275
217216.0 211392.0 84565.1  0.0   7260928.0 2574471.3 15379136.0 9764868.1  50048.0 50038.9    132   16.275   0      0.000   16.275
217216.0 211392.0 84565.1  0.0   7260928.0 2574490.0 15379136.0 9764868.1  50048.0 50038.9    132   16.275   0      0.000   16.275
217216.0 211392.0 84565.1  0.0   7260928.0 2574515.2 15379136.0 9764868.1  50048.0 50039.3    132   16.275   0      0.000   16.275
217216.0 211392.0 84565.1  0.0   7260928.0 2574534.3 15379136.0 9764868.1  50048.0 50039.3    132   16.275   0      0.000   16.275
217216.0 211392.0 84565.1  0.0   7260928.0 2574557.4 15379136.0 9764868.1  50048.0 50039.3    132   16.275   0      0.000   16.275
217216.0 211392.0 84565.1  0.0   7260928.0 2574604.4 15379136.0 9764868.1  50048.0 50040.4    132   16.275   0      0.000   16.275
217216.0 211392.0 84565.1  0.0   7260928.0 2574623.2 15379136.0 9764868.1  50048.0 50040.4    132   16.275   0      0.000   16.275
217216.0 211392.0 84565.1  0.0   7260928.0 2574646.7 15379136.0 9764868.1  50048.0 50040.6    132   16.275   0      0.000   16.275
217216.0 211392.0 84565.1  0.0   7260928.0 2574667.7 15379136.0 9764868.1  50048.0 50040.9    132   16.275   0      0.000   16.275
217216.0 211392.0 84565.1  0.0   7260928.0 2574692.8 15379136.0 9764868.1  50048.0 50041.0    132   16.275   0      0.000   16.275
217216.0 211392.0 84565.1  0.0   7260928.0 2574734.6 15379136.0 9764868.1  50048.0 50041.6    132   16.275   0      0.000   16.275
217216.0 211392.0 84565.1  0.0   7260928.0 2574757.3 15379136.0 9764868.1  50048.0 50041.9    132   16.275   0      0.000   16.275
217216.0 211392.0 84565.1  0.0   7260928.0 2574776.2 15379136.0 9764868.1  50048.0 50042.1    132   16.275   0      0.000   16.275
217216.0 211392.0 84565.1  0.0   7260928.0 2576315.5 15379136.0 9764868.1  50048.0 50042.8    132   16.275   0      0.000   16.275
217216.0 211392.0 84565.1  0.0   7260928.0 2580042.2 15379136.0 9764868.1  50048.0 50044.1    132   16.275   0      0.000   16.275
217216.0 211392.0 84565.1  0.0   7260928.0 2580089.2 15379136.0 9764868.1  50048.0 50044.4    132   16.275   0      0.000   16.275
217216.0 211392.0 84565.1  0.0   7260928.0 4470959.0 15379136.0 9764868.1  50240.0 50047.8    132   16.275   0      0.000   16.275
217216.0 211392.0  0.0   211370.4 7260928.0 7158681.0 15379136.0 9847153.2  50240.0 50051.5    133   16.489   0      0.000   16.489
256896.0 268928.0  0.0   121505.0 7151680.0   0.0    15379136.0 10021654.2 50240.0 50051.5    135   16.862   0      0.000   16.862
256896.0 252608.0 81412.1  0.0   7180032.0 2357309.8 15379136.0 10143183.2 50240.0 50052.2    136   17.034   0      0.000   17.034
253504.0 252608.0  0.0   45792.0 7180032.0 3777491.4 15379136.0 10249619.3 50240.0 50052.5    137   17.377   0      0.000   17.377
253504.0 243328.0 126912.2  0.0   7192704.0 7124818.5 15379136.0 10295419.4 50240.0 50053.0    138   17.566   0      0.000   17.566
243264.0 241408.0 141976.7  0.0   7204864.0 431839.3 15379136.0 10468067.5 50240.0 50055.1    140   17.957   0      0.000   17.957
229184.0 241408.0  0.0   111425.9 7204864.0 1243478.7 15379136.0 10633657.5 50240.0 50055.6    141   18.175   0      0.000   18.175
230656.0 128.0   0.0    96.0  7237376.0 4158809.0 15379136.0 10808940.7 50240.0 50055.8    143   18.396   0      0.000   18.396
230656.0 228224.0 36920.2  0.0   7230656.0 6281774.2 15379136.0 10808940.7 50240.0 50055.8    144   18.458   0      0.000   18.458
222144.0 217024.0 41209.9  0.0   7250368.0 640204.2 15379136.0 10829292.9 50240.0 50056.1    146   18.588   0      0.000   18.588
208064.0 217024.0  0.0   59088.9 7250368.0 2201224.6 15379136.0 10829348.9 50240.0 50056.4    147   18.651   0      0.000   18.651
208064.0 203072.0 37019.8  0.0   7278400.0 3537521.4 15379136.0 10829412.9 50240.0 50056.4    148   18.714   0      0.000   18.714
219712.0 156352.0  0.0   156339.5 7278400.0 3265829.3 15379136.0 10831103.6 50240.0 50056.4    149   18.797   0      0.000   18.797
219712.0 211520.0 99537.7  0.0   7258304.0 3488216.7 15379136.0 10859126.6 50240.0 50056.4    150   18.912   0      0.000   18.912
210496.0 211520.0  0.0   19616.0 7258304.0 3101896.3 15379136.0 10954460.3 50240.0 50056.4    151   19.043   0      0.000   19.043
210496.0 209280.0 10171.8  0.0   7269760.0 1725703.6 15379136.0 10973932.3 50240.0 50056.4    152   19.144   0      0.000   19.144
210496.0 209280.0 10171.8  0.0   7269760.0 6260412.7 15379136.0 10973932.3 50240.0 50056.4    152   19.144   0      0.000   19.144
208064.0 209280.0  0.0   320.0  7269760.0 669724.4 15379136.0 10983888.2 50240.0 50056.4    153   19.221   0      0.000   19.221
208064.0 209280.0  0.0   320.0  7269760.0 788295.1 15379136.0 10983888.2 50240.0 50056.4    153   19.221   0      0.000   19.221
208064.0 209280.0  0.0   320.0  7269760.0 788315.8 15379136.0 10983888.2 50240.0 50056.7    153   19.221   0      0.000   19.221
208064.0 209280.0  0.0   320.0  7269760.0 788334.5 15379136.0 10983888.2 50240.0 50056.7    153   19.221   0      0.000   19.221
208064.0 209280.0  0.0   320.0  7269760.0 788355.1 15379136.0 10983888.2 50240.0 50056.7    153   19.221   0      0.000   19.221
208064.0 209280.0  0.0   320.0  7269760.0 788373.6 15379136.0 10983888.2 50240.0 50056.7    153   19.221   0      0.000   19.221
208064.0 209280.0  0.0   320.0  7269760.0 788419.2 15379136.0 10983888.2 50240.0 50058.8    153   19.221   0      0.000   19.221
208064.0 209280.0  0.0   320.0  7269760.0 788440.0 15379136.0 10983888.2 50240.0 50059.2    153   19.221   0      0.000   19.221
208064.0 209280.0  0.0   320.0  7269760.0 788458.9 15379136.0 10983888.2 50240.0 50060.2    153   19.221   0      0.000   19.221
208064.0 209280.0  0.0   320.0  7269760.0 788479.8 15379136.0 10983888.2 50240.0 50060.4    153   19.221   0      0.000   19.221
208064.0 209280.0  0.0   320.0  7269760.0 788498.4 15379136.0 10983888.2 50240.0 50060.4    153   19.221   0      0.000   19.221
208064.0 209280.0  0.0   320.0  7269760.0 788541.6 15379136.0 10983888.2 50240.0 50061.0    153   19.221   0      0.000   19.221
208064.0 209280.0  0.0   320.0  7269760.0 788560.2 15379136.0 10983888.2 50240.0 50063.7    153   19.221   0      0.000   19.221
208064.0 209280.0  0.0   320.0  7269760.0 788582.9 15379136.0 10983888.2 50240.0 50065.5    153   19.221   0      0.000   19.221
208064.0 209280.0  0.0   320.0  7269760.0 788599.8 15379136.0 10983888.2 50240.0 50065.5    153   19.221   0      0.000   19.221
208064.0 209280.0  0.0   320.0  7269760.0 788626.7 15379136.0 10983888.2 50240.0 50065.5    153   19.221   0      0.000   19.221
208064.0 209280.0  0.0   320.0  7269760.0 788688.8 15379136.0 10983888.2 50240.0 50065.5    153   19.221   0      0.000   19.221
208064.0 209280.0  0.0   320.0  7269760.0 5874127.8 15379136.0 10983888.2 50240.0 50067.6    153   19.221   0      0.000   19.221
208064.0 242624.0 197582.1  0.0   7204288.0 5564073.6 15379136.0 10983936.2 50240.0 50067.6    154   19.343   0      0.000   19.343
272192.0 203200.0  0.0   203165.6 7204288.0 5878538.5 15379136.0 11092088.1 50240.0 50067.8    155   19.524   0      0.000   19.524
272192.0 300288.0 216166.1  0.0   7088960.0 6971237.5 15379136.0 11224617.8 50240.0 50068.1    156   19.721   0      0.000   19.721
290432.0 275008.0 114368.2  0.0   7124096.0   0.0    15379136.0 11437022.6 50240.0 50068.1    158   20.214   0      0.000   20.214
290432.0 275008.0 114368.2 25611.0 7124096.0 7124096.0 15379136.0 11506710.8 50240.0 50068.1    159   20.214   0      0.000   20.214
265152.0 275008.0  0.0   66315.0 7124096.0 4754751.0 15379136.0 11550350.8 50240.0 50068.5    159   21.349   0      0.000   21.349
265152.0 255040.0 67616.5  0.0   7169344.0 1827751.0 15379136.0 11614601.9 50240.0 50068.5    160   22.208   0      0.000   22.208
265152.0 255040.0 67616.5 52655.1 7169344.0 7169344.0 15379136.0 11635832.0 50240.0 50073.4    161   22.208   0      0.000   22.208
246080.0 255040.0  0.0   117391.3 7169344.0 4883911.0 15379136.0 11673788.9 50240.0 50073.8    161   22.955   0      0.000   22.955
246080.0 255040.0 76453.3 117391.3 7169344.0 7169344.0 15379136.0 11776620.2 50240.0 50073.8    162   22.955   0      0.000   22.955
246080.0 255040.0 76453.3 117391.3 7169344.0 7169344.0 15379136.0 11791004.3 50240.0 50073.8    162   22.955   0      0.000   22.955
246080.0 235840.0 76485.3  0.0   7207616.0 6380823.1 15379136.0 11791004.3 50240.0 50073.8    162   26.629   0      0.000   26.629
246080.0 235840.0 76485.3 143080.5 7207616.0 7207616.0 15379136.0 11816669.2 50240.0 50073.8    163   26.629   0      0.000   26.629
249600.0 173184.0  0.0   173135.9 7207616.0 497219.6 15379136.0 11861220.1 50240.0 50074.8    163   29.480   0      0.000   29.480
249600.0 173184.0 150647.4 173135.9 7207616.0 7207616.0 15379136.0 11963044.0 50240.0 50075.1    164   29.480   0      0.000   29.480
249600.0 251712.0 150647.4  0.0   7186112.0 1762702.7 15379136.0 11986324.0 50240.0 50075.1    164   31.287   0      0.000   31.287
249600.0 251712.0 150647.4 111983.4 7186112.0 7186112.0 15379136.0 12033913.8 50240.0 50075.1    165   31.287   0      0.000   31.287
249600.0 251712.0 150647.4 123759.4 7186112.0 7186112.0 15379136.0 12082131.1 50240.0 50075.1    165   31.287   0      0.000   31.287
242432.0 251712.0  0.0   123791.4 7186112.0 5433246.9 15379136.0 12082131.1 50240.0 50075.4    165   34.128   0      0.000   34.128
242432.0 241024.0 143600.5  0.0   7206080.0 4246735.6 15379136.0 12195578.5 50240.0 50076.4    166   34.464   0      0.000   34.464
232384.0 241024.0  0.0   125872.8 7206080.0 3270949.6 15379136.0 12340097.1 50240.0 50076.4    167   34.916   0      0.000   34.916
232384.0 241024.0 53589.1 125872.8 7206080.0 7206080.0 15379136.0 12472566.4 50240.0 50076.4    168   34.916   0      0.000   34.916
232384.0 241024.0 53589.1 125872.8 7206080.0 7206080.0 15379136.0 12475454.4 50240.0 50076.4    168   34.916   0      0.000   34.916
232384.0 230336.0 60341.1  0.0   7226816.0 4389788.5 15379136.0 12487606.4 50240.0 50076.4    168   38.250   0      0.000   38.250
223680.0 230336.0  0.0   79469.4 7226816.0 2358094.7 15379136.0 12541691.4 50240.0 50076.4    169   38.433   0      0.000   38.433
223680.0 230336.0  0.0   79469.4 7226816.0 6579612.4 15379136.0 12541691.4 50240.0 50076.4    169   38.433   0      0.000   38.433
223680.0 214656.0 114554.9  0.0   7251200.0 515141.6 15379136.0 12617000.8 50240.0 50076.6    170   38.663   0      0.000   38.663
223680.0 214656.0 114554.9  0.0   7251200.0 515321.5 15379136.0 12617000.8 50240.0 50076.6    170   38.663   0      0.000   38.663
223680.0 214656.0 114554.9  0.0   7251200.0 515336.2 15379136.0 12617000.8 50240.0 50076.9    170   38.663   0      0.000   38.663
223680.0 214656.0 114554.9  0.0   7251200.0 515350.6 15379136.0 12617000.8 50240.0 50076.9    170   38.663   0      0.000   38.663
223680.0 214656.0 114554.9  0.0   7251200.0 515361.0 15379136.0 12617000.8 50240.0 50076.9    170   38.663   0      0.000   38.663
223680.0 214656.0 114554.9  32.0  7251200.0 7251200.0 15379136.0 12617000.8 50240.0 50081.1    171   38.663   0      0.000   38.663
223680.0 214656.0 20275.1 214646.2 7251200.0 7251200.0 15379136.0 12805082.9 50240.0 50081.1    172   38.968   0      0.000   38.968
223680.0 290112.0 83162.1 13856.0 7109312.0 7109312.0 15379136.0 13057064.8 50240.0 50081.1    173   39.417   0      0.000   39.417
292736.0 291840.0 19840.0  0.0   7104960.0 502697.9 15379136.0 13080712.8 50240.0 50081.1    174   40.100   0      0.000   40.100
274368.0 291840.0  0.0   102320.5 7104960.0 2000331.8 15379136.0 13100440.8 50240.0 50081.1    175   40.248   0      0.000   40.248
274368.0 263936.0 70204.4  0.0   7151232.0 3368898.2 15379136.0 13152056.9 50240.0 50082.6    176   40.410   0      0.000   40.410
252096.0 263936.0  0.0   114922.5 7151232.0 4577040.3 15379136.0 13171968.9 50240.0 50084.2    177   40.584   0      0.000   40.584
252096.0 249792.0 31633.6  0.0   7187648.0 4850308.8 15379136.0 13280904.5 50240.0 50084.2    178   41.001   0      0.000   41.001
250048.0 249792.0  0.0   6432.1 7187648.0 6497347.4 15379136.0 13312282.1 50240.0 50086.0    179   41.132   0      0.000   41.132
233280.0 238976.0  0.0   28480.1 7200512.0 104714.9 15379136.0 13353707.8 50240.0 50086.0    181   41.401   0      0.000   41.401
233280.0 236096.0 128729.0  0.0   7217344.0 958275.6 15379136.0 13369744.0 50240.0 50086.0    182   41.574   0      0.000   41.574
223744.0 236096.0  0.0   67926.9 7217344.0 2110615.6 15379136.0 13419947.4 50240.0 50086.0    183   41.721   0      0.000   41.721
223744.0 216128.0 44860.5  0.0   7249664.0 2966598.0 15379136.0 13487796.0 50240.0 50086.0    184   41.976   0      0.000   41.976
210112.0 216128.0  0.0   33754.0 7249664.0 3833693.4 15379136.0 13529801.4 50240.0 50086.0    185   42.192   0      0.000   42.192
210112.0 204800.0 26159.1  0.0   7274624.0 4337008.4 15379136.0 13588448.2 50240.0 50086.0    186   42.434   0      0.000   42.434
195392.0 204800.0  0.0   45579.4 7274624.0 5464453.7 15379136.0 13614301.2 50240.0 50086.0    187   42.560   0      0.000   42.560
195392.0 182848.0 65614.7  0.0   7311296.0 5098055.9 15379136.0 13659676.8 50240.0 50086.0    188   42.799   0      0.000   42.799
182656.0 182848.0  0.0   320.0  7311296.0 3602764.3 15379136.0 13725087.5 50240.0 50086.0    189   43.100   0      0.000   43.100
182656.0 180608.0 352.0   0.0   7326272.0 1757990.9 15379136.0 13725159.5 50240.0 50086.0    190   43.172   0      0.000   43.172
182656.0 180608.0 352.0   0.0   7326272.0 4485861.7 15379136.0 13725159.5 50240.0 50086.0    190   43.172   0      0.000   43.172
182656.0 180608.0 352.0   0.0   7326272.0 5909470.9 15379136.0 13725159.5 50240.0 50086.0    190   43.172   0      0.000   43.172
182656.0 180608.0 352.0   0.0   7326272.0 6163739.4 15379136.0 13725159.5 50240.0 50086.0    190   43.172   0      0.000   43.172
182656.0 180608.0 352.0   0.0   7326272.0 6163789.3 15379136.0 13725159.5 50240.0 50086.0    190   43.172   0      0.000   43.172
182656.0 180608.0 352.0   0.0   7326272.0 6163807.9 15379136.0 13725159.5 50240.0 50086.0    190   43.172   0      0.000   43.172
182656.0 180608.0 352.0   0.0   7326272.0 6163828.4 15379136.0 13725159.5 50240.0 50086.0    190   43.172   0      0.000   43.172
182656.0 180608.0 352.0   0.0   7326272.0 6163847.1 15379136.0 13725159.5 50240.0 50086.0    190   43.172   0      0.000   43.172
182656.0 180608.0 352.0   0.0   7326272.0 6163867.8 15379136.0 13725159.5 50240.0 50086.0    190   43.172   0      0.000   43.172
182656.0 180608.0 352.0   0.0   7326272.0 6163909.3 15379136.0 13725159.5 50240.0 50086.0    190   43.172   0      0.000   43.172
182656.0 180608.0 352.0   0.0   7326272.0 6163932.1 15379136.0 13725159.5 50240.0 50086.0    190   43.172   0      0.000   43.172
182656.0 180608.0 352.0   0.0   7326272.0 6163948.8 15379136.0 13725159.5 50240.0 50086.0    190   43.172   0      0.000   43.172
182656.0 180608.0 352.0   0.0   7326272.0 6163969.5 15379136.0 13725159.5 50240.0 50086.0    190   43.172   0      0.000   43.172
182656.0 180608.0 352.0   0.0   7326272.0 6163990.1 15379136.0 13725159.5 50240.0 50086.0    190   43.172   0      0.000   43.172
182656.0 180608.0 352.0   0.0   7326272.0 6164029.8 15379136.0 13725159.5 50240.0 50086.0    190   43.172   0      0.000   43.172
175744.0 180608.0  0.0   75304.7 7326272.0 4265250.8 15379136.0 13725199.5 50240.0 50087.5    191   43.256   0      0.000   43.256
175744.0 234560.0 175714.7  0.0   7220416.0 2607291.7 15379136.0 13797168.1 50240.0 50087.5    192   43.604   0      0.000   43.604
234560.0 234560.0  0.0   234536.0 7220416.0 2701044.5 15379136.0 13880417.4 50240.0 50088.0    193   43.893   0      0.000   43.893
234560.0 300416.0 134875.1  0.0   7088704.0 2832238.7 15379136.0 14112245.4 50240.0 50088.0    194   44.378   0      0.000   44.378
281728.0 300416.0  0.0   97152.1 7088704.0 4051697.1 15379136.0 14244828.5 50240.0 50088.0    195   44.690   0      0.000   44.690
281728.0 269952.0 66880.1  0.0   7137856.0 2206278.1 15379136.0 14339916.6 50240.0 50088.0    196   45.603   0      0.000   45.603
281728.0 269952.0 66880.1 85416.1 7137856.0 7137856.0 15379136.0 14401380.7 50240.0 50088.4    197   45.603   0      0.000   45.603
254208.0 269952.0  0.0   91208.1 7137856.0 3552383.0 15379136.0 14406764.7 50240.0 50088.4    197   47.452   0      0.000   47.452
254208.0 269952.0 62559.7 91208.1 7137856.0 7137856.0 15379136.0 14464052.7 50240.0 50088.4    198   47.452   0      0.000   47.452
254208.0 250432.0 130280.7  0.0   7184896.0 4545567.0 15379136.0 14494866.4 50240.0 50088.4    198   48.560   0      0.000   48.560
254208.0 250432.0 130280.7 141929.6 7184896.0 7184896.0 15379136.0 14546590.1 50240.0 50088.4    199   48.560   0      0.000   48.560
272768.0 202176.0  0.0   202160.5 7184896.0 4494947.8 15379136.0 14567046.1 50240.0 50088.4    199   49.933   0      0.000   49.933
272768.0 202176.0 59740.9 202160.5 7184896.0 7184896.0 15379136.0 14690405.3 50240.0 50088.4    200   49.933   0      0.000   49.933
272768.0 262720.0 76092.9  0.0   7154048.0 7134564.6 15379136.0 14706034.2 50240.0 50088.9    201   50.306   0      0.000   50.306
259776.0 262720.0  0.0   141864.6 7154048.0 5760214.8 15379136.0 14781287.0 50240.0 50090.1    201   50.558   0      0.000   50.558
259776.0 247552.0 96022.1  96.0  7182208.0 22551.4  15379136.0 15013229.9 50240.0 50090.1    203   51.085   0      0.000   51.085
252480.0 247552.0  0.0    96.0  7182208.0 4226544.5 15379136.0 15013893.9 50240.0 50090.1    203   52.903   0      0.000   52.903
252480.0 250240.0 134509.5  0.0   7186816.0 1960511.3 15379136.0 15013917.9 50240.0 50090.1    204   53.125   0      0.000   53.125
252480.0 250240.0 134509.5  0.0   7186816.0 6805614.6 15379136.0 15013917.9 50240.0 50090.1    204   53.125   0      0.000   53.125
242816.0 250240.0  0.0   59488.0 7186816.0 3734342.4 15379136.0 15144123.4 50240.0 50090.1    205   53.349   0      0.000   53.349
242816.0 237888.0 124053.4  0.0   7208832.0   0.0    15379136.0 15202571.4 50240.0 50090.1    206   53.568   1      0.000   53.568
242816.0 237888.0 124053.4  0.0   7208832.0   0.0    15379136.0 15202571.4 50240.0 50090.1    206   53.568   1      0.000   53.568
242816.0 237888.0 124053.4  0.0   7208832.0   0.0    15379136.0 15202571.4 50240.0 50090.1    206   53.568   1      0.000   53.568
242816.0 237888.0 124053.4  0.0   7208832.0   0.0    15379136.0 15202571.4 50240.0 50090.1    206   53.568   1      0.000   53.568
242816.0 237888.0  0.0    0.0   7208832.0 4168639.9 15379136.0 3006769.5  100480.0 50090.1    206   53.568   1      7.124   60.691
235712.0 237888.0  0.0   131900.7 7208832.0 2054202.1 15379136.0 3006769.5  100480.0 50090.1    207   53.750   1      7.124   60.874
235712.0 237888.0  0.0   131900.7 7208832.0 5733423.0 15379136.0 3006769.5  100480.0 50090.1    207   53.750   1      7.124   60.874
235712.0 225792.0 112587.5  0.0   7228032.0 1969905.1 15379136.0 3129135.5  100480.0 50091.0    208   53.956   1      7.124   61.080
235712.0 225792.0 112587.5  0.0   7228032.0 5014213.5 15379136.0 3129135.5  100480.0 50091.0    208   53.956   1      7.124   61.080
214080.0 225792.0  0.0   102159.7 7228032.0 65085.9  15379136.0 3229969.3  100480.0 50091.0    209   54.139   1      7.124   61.263
214080.0 225792.0  0.0   102159.7 7228032.0 1932048.3 15379136.0 3229969.3  100480.0 50091.0    209   54.139   1      7.124   61.263
214080.0 225792.0  0.0   102159.7 7228032.0 2581874.4 15379136.0 3229969.3  100480.0 50091.0    209   54.139   1      7.124   61.263
214080.0 225792.0  0.0   102159.7 7228032.0 2581888.9 15379136.0 3229969.3  100480.0 50091.0    209   54.139   1      7.124   61.263
214080.0 225792.0  0.0   102159.7 7228032.0 2581930.0 15379136.0 3229969.3  100480.0 50091.0    209   54.139   1      7.124   61.263
214080.0 225792.0  0.0   102159.7 7228032.0 2581942.4 15379136.0 3229969.3  100480.0 50092.2    209   54.139   1      7.124   61.263
214080.0 225792.0  0.0   102159.7 7228032.0 2581959.0 15379136.0 3229969.3  100480.0 50092.2    209   54.139   1      7.124   61.263
214080.0 225792.0  0.0   102159.7 7228032.0 2581973.4 15379136.0 3229969.3  100480.0 50092.2    209   54.139   1      7.124   61.263
214080.0 225792.0  0.0   102159.7 7228032.0 2581989.9 15379136.0 3229969.3  100480.0 50092.2    209   54.139   1      7.124   61.263
214080.0 225792.0  0.0   102159.7 7228032.0 2587399.5 15379136.0 3229969.3  100480.0 50092.2    209   54.139   1      7.124   61.263
214080.0 225792.0  0.0   102159.7 7228032.0 6455233.2 15379136.0 3229969.3  100480.0 50094.9    209   54.139   1      7.124   61.263
214080.0 203968.0 99745.7  0.0   7271488.0 3107786.3 15379136.0 3302836.8  100480.0 50094.9    210   54.347   1      7.124   61.471
214080.0 203968.0 99745.7  0.0   7271488.0 7259849.8 15379136.0 3302836.8  100480.0 50094.9    211   54.347   1      7.124   61.471
197120.0 203968.0  0.0   85556.6 7271488.0 4108990.9 15379136.0 3392893.2  100480.0 50095.3    211   54.510   1      7.124   61.634
197120.0 196672.0 48960.2  0.0   7295744.0 1336875.1 15379136.0 3470933.8  100480.0 50095.3    212   54.614   1      7.124   61.737
197120.0 196672.0 48960.2  0.0   7295744.0 5559420.7 15379136.0 3470933.8  100480.0 50096.0    212   54.614   1      7.124   61.737
188672.0 196672.0  0.0   85032.3 7295744.0 1397813.9 15379136.0 3513059.5  100480.0 50096.0    213   54.708   1      7.124   61.832
188672.0 196672.0  0.0   85032.3 7295744.0 5042194.5 15379136.0 3513059.5  100480.0 50096.0    213   54.708   1      7.124   61.832
188672.0 184576.0 65263.1  0.0   7316288.0 1643910.1 15379136.0 3555731.6  100480.0 50096.0    214   54.874   1      7.124   61.997
188672.0 184576.0 65263.1  0.0   7316288.0 5011750.7 15379136.0 3555731.6  100480.0 50096.0    214   54.874   1      7.124   61.997
181504.0 184576.0  0.0   56544.1 7316288.0 1724865.4 15379136.0 3620914.7  100480.0 50096.8    215   55.079   1      7.124   62.203
181504.0 184576.0  0.0   56544.1 7316288.0 4696899.3 15379136.0 3620914.7  100480.0 50096.8    215   55.079   1      7.124   62.203
181504.0 184576.0  0.0   56544.1 7316288.0 6776185.0 15379136.0 3620914.7  100480.0 50096.8    215   55.079   1      7.124   62.203
181504.0 178560.0 106008.3  0.0   7329472.0 1606020.0 15379136.0 3669202.7  100480.0 50096.8    216   55.283   1      7.124   62.407
181504.0 178560.0 106008.3  0.0   7329472.0 3289756.6 15379136.0 3669202.7  100480.0 50098.0    216   55.283   1      7.124   62.407
181504.0 178560.0 106008.3  0.0   7329472.0 6003188.6 15379136.0 3669202.7  100480.0 50098.0    216   55.283   1      7.124   62.407
181952.0 123712.0  0.0   123708.3 7329472.0 1253231.4 15379136.0 3758720.7  100480.0 50098.9    217   55.502   1      7.124   62.626
181952.0 123712.0  0.0   123708.3 7329472.0 4140701.5 15379136.0 3758720.7  100480.0 50098.9    217   55.502   1      7.124   62.626
181952.0 189888.0 139225.9  0.0   7309760.0 1771934.5 15379136.0 3832210.3  100480.0 50099.2    218   55.858   1      7.124   62.982
183936.0 189888.0  0.0   79825.8 7309760.0 1993557.2 15379136.0 3920871.0  100480.0 50099.6    219   55.997   1      7.124   63.121
183936.0 189568.0 12288.0  0.0   7310400.0 2184885.6 15379136.0 3995387.6  100480.0 50100.7    220   56.109   1      7.124   63.233
187072.0 189568.0  0.0   108792.2 7310400.0 1680382.6 15379136.0 4007571.6  100480.0 50100.7    221   56.295   1      7.124   63.418
187072.0 189696.0 17899.2  0.0   7310144.0 2285001.3 15379136.0 4116264.0  100480.0 50100.7    222   56.362   1      7.124   63.486
193088.0 320.0   0.0   288.0  7310144.0 1964471.8 15379136.0 4139548.9  100480.0 50100.7    223   56.405   1      7.124   63.529
193088.0 193920.0 256.0   0.0   7301696.0 678824.4 15379136.0 4139604.9  100480.0 50100.7    224   56.427   1      7.124   63.551
193088.0 193920.0 256.0   0.0   7301696.0 6988391.8 15379136.0 4139604.9  100480.0 50100.7    224   56.427   1      7.124   63.551
192640.0 193920.0  0.0   352.0  7301696.0 3684026.7 15379136.0 4139660.9  100480.0 50100.7    225   56.451   1      7.124   63.575
192640.0 193920.0  0.0   352.0  7301696.0 5220498.3 15379136.0 4139660.9  100480.0 50100.7    225   56.451   1      7.124   63.575
192640.0 193920.0  0.0   352.0  7301696.0 5220521.1 15379136.0 4139660.9  100480.0 50100.7    225   56.451   1      7.124   63.575
192640.0 193920.0  0.0   352.0  7301696.0 5220566.7 15379136.0 4139660.9  100480.0 50100.7    225   56.451   1      7.124   63.575
192640.0 193920.0  0.0   352.0  7301696.0 5220587.4 15379136.0 4139660.9  100480.0 50100.7    225   56.451   1      7.124   63.575
192640.0 193920.0  0.0   352.0  7301696.0 5220608.2 15379136.0 4139660.9  100480.0 50100.9    225   56.451   1      7.124   63.575
192640.0 193920.0  0.0   352.0  7301696.0 5220627.0 15379136.0 4139660.9  100480.0 50100.9    225   56.451   1      7.124   63.575
192640.0 193920.0  0.0   352.0  7301696.0 5220647.9 15379136.0 4139660.9  100480.0 50101.1    225   56.451   1      7.124   63.575
192640.0 196672.0 107091.6  0.0   7296192.0   0.0    15379136.0 4139724.9  100480.0 50488.3    226   56.490   1      7.124   63.614
189760.0 196672.0  0.0   82070.7 7296192.0 942074.4 15379136.0 4205942.2  100480.0 50488.3    227   56.531   1      7.124   63.654
189760.0 181760.0 41495.4  0.0   7318016.0 1452614.8 15379136.0 4308546.1  100480.0 50488.3    228   56.565   1      7.124   63.689
180928.0 181760.0  0.0   256.0  7318016.0 3105395.7 15379136.0 4349841.5  100480.0 50489.1    229   56.589   1      7.124   63.713
180928.0 178496.0 256.0   0.0   7330112.0 4955627.2 15379136.0 4349881.5  100480.0 50490.8    230   56.611   1      7.124   63.734
174656.0 178496.0 69335.5 288.0  7330112.0 7330112.0 15379136.0 4349945.5  100480.0 50491.0    232   56.633   1      7.124   63.757
174656.0 170240.0 69431.5  0.0   7344640.0 5559887.5 15379136.0 4349969.5  100480.0 50576.5    232   56.662   1      7.124   63.786
165952.0 170240.0  0.0   3022.0 7344640.0 988829.0 15379136.0 4350017.5  100480.0 50659.8    233   56.691   1      7.124   63.815
165952.0 170240.0  0.0   3022.0 7344640.0 4600388.3 15379136.0 4350017.5  100480.0 50659.9    233   56.691   1      7.124   63.815
165952.0 160256.0 61947.7  0.0   7363328.0 2939678.9 15379136.0 4352838.8  100480.0 50659.9    234   56.728   1      7.124   63.852
154176.0 160256.0  0.0   60751.0 7363328.0 443090.5 15379136.0 4414590.6  100480.0 50659.9    235   56.765   1      7.124   63.889
154176.0 160256.0  0.0   60751.0 7363328.0 3321843.5 15379136.0 4414590.6  100480.0 50660.3    235   56.765   1      7.124   63.889
154176.0 160256.0  0.0   60751.0 7363328.0 7018120.1 15379136.0 4414590.6  100480.0 50666.6    235   56.765   1      7.124   63.889
154176.0 144576.0 41741.9  0.0   7390784.0 4437365.3 15379136.0 4414638.6  100480.0 50666.6    236   56.791   1      7.124   63.914
142848.0 144576.0  0.0   288.0  7390784.0 2287519.1 15379136.0 4456162.3  100480.0 50666.8    237   56.817   1      7.124   63.940
142848.0 144576.0  0.0   288.0  7390784.0 6545604.7 15379136.0 4456162.3  100480.0 50666.8    237   56.817   1      7.124   63.940
142848.0 139968.0 320.0   0.0   7406720.0 2400984.8 15379136.0 4456234.3  100480.0 50668.0    238   56.840   1      7.124   63.964
142848.0 139968.0 320.0   0.0   7406720.0 6775770.0 15379136.0 4456234.3  100480.0 50668.2    238   56.840   1      7.124   63.964
136256.0 139968.0  0.0   320.0  7406720.0 4104401.3 15379136.0 4456298.3  100480.0 50669.1    239   56.862   1      7.124   63.986
136256.0 139968.0  0.0   320.0  7406720.0 7205255.9 15379136.0 4456298.3  100480.0 50669.6    239   56.862   1      7.124   63.986
136256.0 131904.0 288.0   0.0   7421376.0 2156573.2 15379136.0 4456298.3  100480.0 50669.6    240   56.889   1      7.124   64.013
136256.0 131904.0 288.0   0.0   7421376.0 4175827.2 15379136.0 4456298.3  100480.0 50669.6    240   56.889   1      7.124   64.013
136256.0 131904.0 288.0   0.0   7421376.0 4632921.7 15379136.0 4456298.3  100480.0 50669.6    240   56.889   1      7.124   64.013
136256.0 131904.0 288.0   0.0   7421376.0 4632940.3 15379136.0 4456298.3  100480.0 50669.6    240   56.889   1      7.124   64.013
136256.0 131904.0 288.0   0.0   7421376.0 4632959.1 15379136.0 4456298.3  100480.0 50669.6    240   56.889   1      7.124   64.013
136256.0 131904.0 288.0   0.0   7421376.0 4633005.2 15379136.0 4456298.3  100480.0 50669.6    240   56.889   1      7.124   64.013
136256.0 131904.0 288.0   0.0   7421376.0 4633024.0 15379136.0 4456298.3  100480.0 50669.6    240   56.889   1      7.124   64.013
136256.0 131904.0 288.0   0.0   7421376.0 4633044.8 15379136.0 4456298.3  100480.0 50669.6    240   56.889   1      7.124   64.013
136256.0 131904.0 288.0   0.0   7421376.0 4633063.4 15379136.0 4456298.3  100480.0 50669.6    240   56.889   1      7.124   64.013
136256.0 131904.0 288.0   0.0   7421376.0 4633084.1 15379136.0 4456298.3  100480.0 50669.6    240   56.889   1      7.124   64.013
136256.0 131904.0 288.0   0.0   7421376.0 4858574.5 15379136.0 4456298.3  100480.0 50755.1    240   56.889   1      7.124   64.013
136256.0 131904.0 288.0   0.0   7421376.0 4859836.1 15379136.0 4456298.3  100480.0 51005.5    240   56.889   1      7.124   64.013
139840.0 128320.0  0.0   128258.8 7421376.0 4251712.0 15379136.0 4456298.3  100480.0 51088.6    241   56.932   1      7.124   64.056
139840.0 155456.0 66159.2  0.0   7378624.0 4171512.8 15379136.0 4456298.3  100480.0 51088.6    242   56.963   1      7.124   64.086
163264.0 147648.0  0.0   147621.5 7378624.0 5822104.0 15379136.0 4456338.3  100480.0 51088.6    243   57.001   1      7.124   64.125
177344.0 180096.0  0.0   288.0  7329344.0 516471.2 15379136.0 4603819.8  100480.0 51088.6    245   57.080   1      7.124   64.203
177344.0 173312.0 288.0   0.0   7338880.0 3104737.7 15379136.0 4603899.8  100480.0 51088.6    246   57.102   1      7.124   64.226
178432.0 94272.0  0.0   94265.5 7338880.0 4010919.3 15379136.0 4603955.8  100480.0 51098.8    247   57.137   1      7.124   64.261
178432.0 170432.0 22759.1  0.0   7340672.0 4367984.7 15379136.0 4603979.8  100480.0 51098.8    248   57.164   1      7.124   64.288
163520.0 170432.0  0.0   62253.0 7340672.0 6247475.4 15379136.0 4626548.6  100480.0 51098.8    249   57.194   1      7.124   64.317
163520.0 153664.0 53675.4  0.0   7372352.0 4629214.9 15379136.0 4688573.7  100480.0 51098.8    250   57.253   1      7.124   64.377
148160.0 153664.0  0.0   21308.6 7372352.0 6238889.3 15379136.0 4709261.2  100480.0 51099.4    251   57.277   1      7.124   64.400
148160.0 139008.0 41145.0  0.0   7402368.0 7018978.4 15379136.0 4730337.8  100480.0 51099.4    252   57.310   1      7.124   64.434
137536.0 139008.0  0.0   384.0  7402368.0 4216019.7 15379136.0 4771298.9  100480.0 51099.4    253   57.339   1      7.124   64.463
137536.0 134976.0 576.0   0.0   7417024.0 2373833.0 15379136.0 4771410.9  100480.0 51099.4    254   57.362   1      7.124   64.485
137536.0 134976.0 576.0   0.0   7417024.0 6816169.1 15379136.0 4771410.9  100480.0 51099.7    254   57.362   1      7.124   64.485
131584.0 134976.0  0.0   320.0  7417024.0 2903507.5 15379136.0 4771768.6  100480.0 51099.7    255   57.398   1      7.124   64.522
131584.0 134976.0  0.0   320.0  7417024.0 6411427.6 15379136.0 4771768.6  100480.0 51100.6    255   57.398   1      7.124   64.522
131584.0 127488.0 352.0   0.0   7430464.0 1781046.9 15379136.0 4771824.6  100480.0 51100.6    256   57.431   1      7.124   64.555
131584.0 127488.0 352.0   0.0   7430464.0 4243185.6 15379136.0 4771824.6  100480.0 51100.6    256   57.431   1      7.124   64.555
131584.0 127488.0 352.0   0.0   7430464.0 6613647.3 15379136.0 4771824.6  100480.0 51100.6    256   57.431   1      7.124   64.555
122944.0 127488.0  0.0   288.0  7430464.0 783270.8 15379136.0 4771888.6  100480.0 51100.6    257   57.454   1      7.124   64.578
122944.0 127488.0  0.0   288.0  7430464.0 1669533.2 15379136.0 4771888.6  100480.0 51100.6    257   57.454   1      7.124   64.578
122944.0 127488.0  0.0   288.0  7430464.0 1669556.1 15379136.0 4771888.6  100480.0 51100.6    257   57.454   1      7.124   64.578
122944.0 127488.0  0.0   288.0  7430464.0 1669576.8 15379136.0 4771888.6  100480.0 51100.6    257   57.454   1      7.124   64.578
122944.0 127488.0  0.0   288.0  7430464.0 1669620.1 15379136.0 4771888.6  100480.0 51100.6    257   57.454   1      7.124   64.578
122944.0 127488.0  0.0   288.0  7430464.0 1669640.9 15379136.0 4771888.6  100480.0 51100.6    257   57.454   1      7.124   64.578
122944.0 127488.0  0.0   288.0  7430464.0 1669659.5 15379136.0 4771888.6  100480.0 51100.6    257   57.454   1      7.124   64.578
122944.0 127488.0  0.0   288.0  7430464.0 1669678.1 15379136.0 4771888.6  100480.0 51100.6    257   57.454   1      7.124   64.578
122944.0 127488.0  0.0   288.0  7430464.0 1669699.0 15379136.0 4771888.6  100480.0 51100.6    257   57.454   1      7.124   64.578
122944.0 127488.0  0.0   288.0  7430464.0 1885757.0 15379136.0 4771888.6  100480.0 51104.4    257   57.454   1      7.124   64.578
122944.0 127488.0  0.0   288.0  7430464.0 5764060.7 15379136.0 4771888.6  100480.0 51104.7    257   57.454   1      7.124   64.578
122944.0 142976.0 107354.5  0.0   7403584.0 4508250.9 15379136.0 4813224.3  100480.0 51104.7    258   57.499   1      7.124   64.622
158976.0 126976.0  0.0   126972.0 7403584.0 1376172.6 15379136.0 4813224.3  100480.0 51104.7    259   57.533   1      7.124   64.656
158976.0 126976.0  0.0   126972.0 7403584.0 6571939.7 15379136.0 4813224.3  100480.0 51104.8    259   57.533   1      7.124   64.656
158976.0 176704.0 106231.7  0.0   7336128.0 4187348.8 15379136.0 4813224.3  100480.0 51104.8    260   57.566   1      7.124   64.690
168192.0 176704.0  0.0   61793.3 7336128.0 643008.9 15379136.0 4857748.6  100480.0 51104.8    261   57.615   1      7.124   64.739
168192.0 176704.0  0.0   61793.3 7336128.0 4473721.5 15379136.0 4857748.6  100480.0 51104.8    261   57.615   1      7.124   64.739
168192.0 160512.0 62514.8  0.0   7360832.0 804332.6 15379136.0 4918733.9  100480.0 51105.2    262   57.653   1      7.124   64.777
168192.0 160512.0 62514.8  0.0   7360832.0 4488961.5 15379136.0 4918733.9  100480.0 51105.2    262   57.653   1      7.124   64.777
158528.0 160512.0  0.0   1408.1 7360832.0 3263056.2 15379136.0 4918757.9  100480.0 51105.2    263   57.679   1      7.124   64.802
158528.0 155456.0 576.0   0.0   7375552.0 3171814.8 15379136.0 4919109.9  100480.0 51105.2    264   57.700   1      7.124   64.824
151360.0 155456.0  0.0   1280.1 7375552.0 2571574.5 15379136.0 4919149.9  100480.0 51105.6    265   57.722   1      7.124   64.846
151360.0 149184.0 63406.5  0.0   7388992.0 800540.3 15379136.0 4919165.9  100480.0 51105.6    266   57.753   1      7.124   64.876
161664.0 104256.0  0.0   104231.4 7388992.0 410797.0 15379136.0 4919197.9  100480.0 51106.8    267   57.787   1      7.124   64.910
161664.0 104256.0  0.0   104231.4 7388992.0 5091019.5 15379136.0 4919197.9  100480.0 51106.8    267   57.787   1      7.124   64.910
161664.0 151360.0 41145.0  0.0   7376512.0 2501489.4 15379136.0 4982376.4  100480.0 51106.8    268   57.822   1      7.124   64.945
148864.0 151360.0  0.0   288.0  7376512.0 947852.4 15379136.0 5023325.5  100480.0 51106.8    269   57.846   1      7.124   64.970
148864.0 151360.0  0.0   288.0  7376512.0 5890458.2 15379136.0 5023325.5  100480.0 51106.8    269   57.846   1      7.124   64.970
148864.0 145344.0 320.0   0.0   7395328.0 1835107.6 15379136.0 5023381.5  100480.0 51106.8    270   57.868   1      7.124   64.992
141056.0 145344.0  0.0   288.0  7395328.0 345025.6 15379136.0 5023453.5  100480.0 51106.8    271   57.891   1      7.124   65.014
141056.0 145344.0  0.0   288.0  7395328.0 1833780.9 15379136.0 5023453.5  100480.0 51106.8    271   57.891   1      7.124   65.014
141056.0 145344.0  0.0   288.0  7395328.0 1833803.7 15379136.0 5023453.5  100480.0 51106.8    271   57.891   1      7.124   65.014
141056.0 145344.0  0.0   288.0  7395328.0 2571191.8 15379136.0 5023453.5  100480.0 51109.7    271   57.891   1      7.124   65.014
141056.0 142400.0 66733.3  0.0   7404736.0 3285849.6 15379136.0 5023453.5  100480.0 51109.7    272   57.926   1      7.124   65.049
157632.0 107136.0  0.0   107119.2 7404736.0 2311931.6 15379136.0 5023453.5  100480.0 51109.7    273   57.963   1      7.124   65.086
157632.0 176960.0 127298.3  0.0   7335616.0 4098765.7 15379136.0 5023509.5  100480.0 51109.7    274   58.003   1      7.124   65.126
170048.0 176960.0  0.0   20403.1 7335616.0 6281521.8 15379136.0 5088940.0  100480.0 51109.7    275   58.037   1      7.124   65.160
158976.0 166400.0  0.0   16704.0 7353088.0 1301084.9 15379136.0 5109279.1  100480.0 51109.7    277   58.081   1      7.124   65.205
158976.0 154176.0 960.1   0.0   7376384.0 2608406.2 15379136.0 5109327.1  100480.0 51111.1    278   58.104   1      7.124   65.228
145216.0 154176.0  0.0   22151.1 7376384.0 3012273.7 15379136.0 5110044.9  100480.0 51111.1    279   58.128   1      7.124   65.252
145216.0 162304.0 111857.4  0.0   7364928.0 3194087.8 15379136.0 5131940.0  100480.0 51111.1    280   58.170   1      7.124   65.293
154304.0 162304.0  0.0   21095.7 7364928.0 2297864.4 15379136.0 5194401.5  100480.0 51111.1    281   58.218   1      7.124   65.342
154304.0 146624.0 20401.3  0.0   7388608.0 3557050.4 15379136.0 5215233.2  100480.0 51111.1    282   58.304   1      7.124   65.427
142464.0 146624.0  0.0   640.0  7388608.0 3498642.7 15379136.0 5235398.5  100480.0 51111.1    283   58.335   1      7.124   65.459
142464.0 137792.0 320.0   0.0   7409280.0 4789880.8 15379136.0 5235780.2  100480.0 51111.1    284   58.359   1      7.124   65.482
132608.0 137792.0  0.0   288.0  7409280.0 4783478.6 15379136.0 5235844.2  100480.0 51111.1    285   58.385   1      7.124   65.509
132608.0 127040.0 352.0   0.0   7429888.0 1712240.3 15379136.0 5235900.2  100480.0 51111.1    286   58.418   1      7.124   65.542
132608.0 127040.0 352.0   0.0   7429888.0 3699476.8 15379136.0 5235900.2  100480.0 51111.1    286   58.418   1      7.124   65.542
132608.0 127040.0 352.0   0.0   7429888.0 3758447.8 15379136.0 5235900.2  100480.0 51111.1    286   58.418   1      7.124   65.542
132608.0 127040.0 352.0   0.0   7429888.0 3758493.0 15379136.0 5235900.2  100480.0 51111.1    286   58.418   1      7.124   65.542
132608.0 127040.0 352.0   0.0   7429888.0 3758513.7 15379136.0 5235900.2  100480.0 51111.1    286   58.418   1      7.124   65.542
132608.0 127040.0 352.0   0.0   7429888.0 3758534.4 15379136.0 5235900.2  100480.0 51111.1    286   58.418   1      7.124   65.542
132608.0 127040.0 352.0   0.0   7429888.0 3758553.0 15379136.0 5235900.2  100480.0 51111.1    286   58.418   1      7.124   65.542
132608.0 127040.0 352.0   0.0   7429888.0 3758573.8 15379136.0 5235900.2  100480.0 51111.1    286   58.418   1      7.124   65.542
132608.0 127040.0 352.0   0.0   7429888.0 3758618.6 15379136.0 5235900.2  100480.0 51111.1    286   58.418   1      7.124   65.542
132608.0 127040.0 352.0   0.0   7429888.0 3758639.4 15379136.0 5235900.2  100480.0 51111.1    286   58.418   1      7.124   65.542
132608.0 127040.0 352.0   0.0   7429888.0 3758658.0 15379136.0 5235900.2  100480.0 51111.1    286   58.418   1      7.124   65.542
132608.0 127040.0 352.0   0.0   7429888.0 7182935.2 15379136.0 5235900.2  100480.0 51112.7    286   58.418   1      7.124   65.542
140800.0 90432.0  0.0   90381.7 7429888.0 6832714.4 15379136.0 5235972.2  100480.0 51112.9    287   58.452   1      7.124   65.575
140800.0 163648.0 123444.3  0.0   7362240.0 5441861.0 15379136.0 5301479.9  100480.0 51112.9    288   58.535   1      7.124   65.658
151552.0 163648.0  0.0   40678.2 7362240.0 5272788.3 15379136.0 5445452.6  100480.0 51112.9    289   58.852   1      7.124   65.976
151552.0 147584.0 256.0   0.0   7390400.0 6828558.1 15379136.0 5485906.8  100480.0 51112.9    290   58.980   1      7.124   66.103
142848.0 138496.0 51456.0  0.0   7408192.0 1605048.6 15379136.0 5486010.8  100480.0 51112.9    292   59.052   1      7.124   66.176
134144.0 138496.0  0.0   608.0  7408192.0 3195726.7 15379136.0 5486066.8  100480.0 51112.9    293   59.078   1      7.124   66.202
134144.0 125504.0 22439.1  0.0   7429888.0 4295080.2 15379136.0 5486456.5  100480.0 51113.4    294   59.104   1      7.124   66.227
142784.0 103232.0  0.0   103194.2 7429888.0 4797674.7 15379136.0 5508663.6  100480.0 51113.4    295   59.144   1      7.124   66.268
142784.0 133696.0 41839.4  0.0   7413056.0 6366415.2 15379136.0 5550051.1  100480.0 51113.7    296   59.232   1      7.124   66.356
130624.0 133696.0  0.0   608.0  7413056.0 4180274.9 15379136.0 5591664.2  100480.0 51113.7    297   59.524   1      7.124   66.647
130624.0 126912.0 288.0   0.0   7432000.0 2649732.1 15379136.0 5592032.2  100480.0 51113.7    298   59.549   1      7.124   66.673
120768.0 126912.0  0.0   40546.6 7432000.0 3519518.9 15379136.0 5592104.2  100480.0 51114.0    299   59.588   1      7.124   66.712
120768.0 117312.0 288.0   0.0   7451456.0 3168576.2 15379136.0 5632358.9  100480.0 51114.5    300   59.638   1      7.124   66.761
120768.0 117312.0 288.0   0.0   7451456.0 6827821.4 15379136.0 5632358.9  100480.0 51114.5    300   59.638   1      7.124   66.761
113408.0 117312.0  0.0   256.0  7451456.0 581395.1 15379136.0 5632422.9  100480.0 51114.5    301   59.671   1      7.124   66.795
113408.0 117312.0  0.0   256.0  7451456.0 581413.8 15379136.0 5632422.9  100480.0 51114.5    301   59.671   1      7.124   66.795
113408.0 117312.0  0.0   256.0  7451456.0 581458.6 15379136.0 5632422.9  100480.0 51114.5    301   59.671   1      7.124   66.795
113408.0 117312.0  0.0   256.0  7451456.0 581479.7 15379136.0 5632422.9  100480.0 51114.5    301   59.671   1      7.124   66.795
113408.0 117312.0  0.0   256.0  7451456.0 581498.4 15379136.0 5632422.9  100480.0 51114.5    301   59.671   1      7.124   66.795
113408.0 117312.0  0.0   256.0  7451456.0 581517.1 15379136.0 5632422.9  100480.0 51114.5    301   59.671   1      7.124   66.795
113408.0 117312.0  0.0   256.0  7451456.0 581535.8 15379136.0 5632422.9  100480.0 51114.5    301   59.671   1      7.124   66.795
113408.0 117312.0  0.0   256.0  7451456.0 581583.5 15379136.0 5632422.9  100480.0 51114.5    301   59.671   1      7.124   66.795
113408.0 117312.0  0.0   256.0  7451456.0 581602.4 15379136.0 5632422.9  100480.0 51114.5    301   59.671   1      7.124   66.795
113408.0 117312.0  0.0   256.0  7451456.0 581623.2 15379136.0 5632422.9  100480.0 51114.5    301   59.671   1      7.124   66.795
113408.0 117312.0  0.0   256.0  7451456.0 581642.0 15379136.0 5632422.9  100480.0 51114.5    301   59.671   1      7.124   66.795
113408.0 117312.0  0.0   256.0  7451456.0 581662.8 15379136.0 5632422.9  100480.0 51114.5    301   59.671   1      7.124   66.795
113408.0 117312.0  0.0   256.0  7451456.0 581702.5 15379136.0 5632422.9  100480.0 51114.5    301   59.671   1      7.124   66.795
113408.0 117312.0  0.0   256.0  7451456.0 581725.3 15379136.0 5632422.9  100480.0 51114.5    301   59.671   1      7.124   66.795
113408.0 117312.0  0.0   256.0  7451456.0 581743.9 15379136.0 5632422.9  100480.0 51114.5    301   59.671   1      7.124   66.795
113408.0 117312.0  0.0   256.0  7451456.0 581766.7 15379136.0 5632422.9  100480.0 51114.5    301   59.671   1      7.124   66.795
113408.0 117312.0  0.0   256.0  7451456.0 581809.7 15379136.0 5632422.9  100480.0 51114.5    301   59.671   1      7.124   66.795
113408.0 117312.0  0.0   256.0  7451456.0 750902.5 15379136.0 5632422.9  100480.0 51115.5    301   59.671   1      7.124   66.795
113408.0 134784.0 107460.6  0.0   7419968.0 138547.7 15379136.0 5632486.9  100480.0 51117.3    302   59.717   1      7.124   66.840
127104.0 134784.0  0.0   20402.4 7419968.0 1296276.8 15379136.0 5698804.9  100480.0 51117.3    303   59.770   1      7.124   66.893
127104.0 135808.0 81853.6  0.0   7417920.0 2998720.5 15379136.0 5719019.4  100480.0 51117.3    304   59.801   1      7.124   66.925
132352.0 135808.0  0.0   256.0  7417920.0 2162532.2 15379136.0 5800681.1  100480.0 51117.3    305   59.933   1      7.124   67.056
132352.0 128256.0 288.0   0.0   7428928.0 4355307.2 15379136.0 5800753.1  100480.0 51117.3    306   59.958   1      7.124   67.082
140480.0 90112.0  0.0   90095.7 7428928.0 5275587.0 15379136.0 5800801.1  100480.0 51117.3    307   59.999   1      7.124   67.122
140480.0 132544.0 22471.1  0.0   7416512.0 5672902.7 15379136.0 5800857.1  100480.0 51117.3    308   60.024   1      7.124   67.148
125248.0 116736.0 37052.5  0.0   7447552.0 163154.6 15379136.0 5864662.0  100480.0 51117.3    310   60.116   1      7.124   67.239
111168.0 116736.0  0.0   21447.7 7447552.0 1797689.9 15379136.0 5885134.6  100480.0 51117.5    311   60.142   1      7.124   67.266
111168.0 105792.0 20977.4  0.0   7472576.0 2775422.4 15379136.0 5906300.9  100480.0 51118.1    312   60.168   1      7.124   67.291
104128.0 105792.0  0.0   288.0  7472576.0 4756596.4 15379136.0 5927070.2  100480.0 51119.0    313   60.204   1      7.124   67.327
104128.0 101696.0 352.0   0.0   7483712.0 6171591.3 15379136.0 5927142.2  100480.0 51119.0    314   60.229   1      7.124   67.353
98752.0 101696.0  0.0   352.0  7483712.0 5754123.9 15379136.0 5927206.2  100480.0 51119.0    315   60.259   1      7.124   67.383
98752.0 95360.0 352.0   0.0   7495424.0 1749244.2 15379136.0 5927270.2  100480.0 51119.0    316   60.288   1      7.124   67.411
98752.0 95360.0 352.0   0.0   7495424.0 1749970.3 15379136.0 5927270.2  100480.0 51119.0    316   60.288   1      7.124   67.411
98752.0 95360.0 352.0   0.0   7495424.0 1749993.0 15379136.0 5927270.2  100480.0 51119.0    316   60.288   1      7.124   67.411
98752.0 95360.0 352.0   0.0   7495424.0 1750013.6 15379136.0 5927270.2  100480.0 51119.0    316   60.288   1      7.124   67.411
98752.0 95360.0 352.0   0.0   7495424.0 1750032.3 15379136.0 5927270.2  100480.0 51119.0    316   60.288   1      7.124   67.411
98752.0 95360.0 352.0   0.0   7495424.0 1750052.9 15379136.0 5927270.2  100480.0 51119.0    316   60.288   1      7.124   67.411
98752.0 95360.0 352.0   0.0   7495424.0 1750098.3 15379136.0 5927270.2  100480.0 51119.0    316   60.288   1      7.124   67.411
98752.0 95360.0 352.0   0.0   7495424.0 1750119.2 15379136.0 5927270.2  100480.0 51119.0    316   60.288   1      7.124   67.411
98752.0 95360.0 352.0   0.0   7495424.0 1750135.8 15379136.0 5927270.2  100480.0 51119.0    316   60.288   1      7.124   67.411
98752.0 95360.0 352.0   0.0   7495424.0 1750154.5 15379136.0 5927270.2  100480.0 51119.0    316   60.288   1      7.124   67.411
98752.0 95360.0 352.0   0.0   7495424.0 1750175.2 15379136.0 5927270.2  100480.0 51119.0    316   60.288   1      7.124   67.411
98752.0 95360.0 352.0   0.0   7495424.0 1750219.7 15379136.0 5927270.2  100480.0 51119.0    316   60.288   1      7.124   67.411
98752.0 95360.0 352.0   0.0   7495424.0 1826693.6 15379136.0 5927270.2  100480.0 51119.3    316   60.288   1      7.124   67.411
98752.0 95360.0 352.0   0.0   7495424.0 2489475.0 15379136.0 5927270.2  100480.0 51123.0    316   60.288   1      7.124   67.411
107264.0 86848.0  0.0   86839.3 7495424.0 507859.3 15379136.0 5968607.7  100480.0 51123.0    317   60.339   1      7.124   67.463
107264.0 108480.0 192.0   0.0   7472576.0 1432363.6 15379136.0 6034494.7  100480.0 51123.0    318   60.380   1      7.124   67.504
104512.0 108480.0  0.0   288.0  7472576.0 2058419.4 15379136.0 6034526.7  100480.0 51123.0    319   60.406   1      7.124   67.529
104512.0 100224.0 288.0   0.0   7484800.0 4370772.4 15379136.0 6034590.7  100480.0 51123.0    320   60.431   1      7.124   67.555
92992.0 100224.0  0.0   16672.0 7484800.0 6105199.8 15379136.0 6034646.7  100480.0 51123.0    321   60.457   1      7.124   67.580
98496.0 62720.0  0.0   62711.0 7507392.0 671934.8 15379136.0 6034734.7  100480.0 51123.0    323   60.515   1      7.124   67.638
98496.0 62720.0  0.0   62711.0 7507392.0 6724127.2 15379136.0 6034734.7  100480.0 51123.0    323   60.515   1      7.124   67.638
98496.0 113536.0 83978.0  0.0   7462464.0 6680542.9 15379136.0 6056304.1  100480.0 51123.0    324   60.554   1      7.124   67.678
106496.0 113536.0  0.0   20743.6 7462464.0 5744981.4 15379136.0 6119530.7  100480.0 51123.0    325   60.917   1      7.124   68.040
106496.0 103296.0 608.0   0.0   7479744.0 5539850.7 15379136.0 6140066.3  100480.0 51123.4    326   60.942   1      7.124   68.066
96320.0 103296.0  0.0   20433.3 7479744.0 6320036.0 15379136.0 6140448.0  100480.0 51123.8    327   60.969   1      7.124   68.092
96320.0 93376.0 288.0   0.0   7499840.0 7279666.9 15379136.0 6160621.4  100480.0 51123.8    328   61.001   1      7.124   68.125
90048.0 93376.0  0.0   288.0  7499840.0 4412571.6 15379136.0 6160685.4  100480.0 51123.8    329   61.027   1      7.124   68.150
90048.0 93376.0  0.0   288.0  7499840.0 7323134.9 15379136.0 6160685.4  100480.0 51123.8    329   61.027   1      7.124   68.150
90048.0 86400.0 320.0   0.0   7513088.0 271858.8 15379136.0 6160757.4  100480.0 51123.8    330   61.066   1      7.124   68.190
90048.0 86400.0 320.0   0.0   7513088.0 271881.4 15379136.0 6160757.4  100480.0 51123.8    330   61.066   1      7.124   68.190
90048.0 86400.0 320.0   0.0   7513088.0 271899.9 15379136.0 6160757.4  100480.0 51123.8    330   61.066   1      7.124   68.190
90048.0 86400.0 320.0   0.0   7513088.0 271944.2 15379136.0 6160757.4  100480.0 51123.8    330   61.066   1      7.124   68.190
90048.0 86400.0 320.0   0.0   7513088.0 271964.8 15379136.0 6160757.4  100480.0 51123.8    330   61.066   1      7.124   68.190
90048.0 86400.0 320.0   0.0   7513088.0 271983.3 15379136.0 6160757.4  100480.0 51123.8    330   61.066   1      7.124   68.190
90048.0 86400.0 320.0   0.0   7513088.0 272001.8 15379136.0 6160757.4  100480.0 51123.8    330   61.066   1      7.124   68.190
90048.0 86400.0 320.0   0.0   7513088.0 272022.6 15379136.0 6160757.4  100480.0 51123.8    330   61.066   1      7.124   68.190
90048.0 86400.0 320.0   0.0   7513088.0 272068.5 15379136.0 6160757.4  100480.0 51123.8    330   61.066   1      7.124   68.190
90048.0 86400.0 320.0   0.0   7513088.0 272087.1 15379136.0 6160757.4  100480.0 51123.8    330   61.066   1      7.124   68.190
90048.0 86400.0 320.0   0.0   7513088.0 272107.7 15379136.0 6160757.4  100480.0 51123.8    330   61.066   1      7.124   68.190
90048.0 86400.0 320.0   0.0   7513088.0 272126.2 15379136.0 6160757.4  100480.0 51123.8    330   61.066   1      7.124   68.190
90048.0 86400.0 320.0   0.0   7513088.0 272146.7 15379136.0 6160757.4  100480.0 51123.8    330   61.066   1      7.124   68.190
90048.0 86400.0 320.0   0.0   7513088.0 272186.6 15379136.0 6160757.4  100480.0 51123.8    330   61.066   1      7.124   68.190
90048.0 86400.0 320.0   0.0   7513088.0 977560.9 15379136.0 6160757.4  100480.0 51126.4    330   61.066   1      7.124   68.190
90048.0 86400.0 320.0   0.0   7513088.0 6764072.5 15379136.0 6160757.4  100480.0 51126.4    330   61.066   1      7.124   68.190
90048.0 86400.0  0.0   86377.0 7513088.0 6006524.9 15379136.0 6222986.5  100480.0 51126.4    331   61.383   1      7.124   68.507
90048.0 123456.0 320.0   0.0   7442624.0 6469757.2 15379136.0 6330036.6  100480.0 51126.4    332   61.471   1      7.124   68.595
118656.0 113600.0 288.0   0.0   7457280.0 609256.9 15379136.0 6330132.6  100480.0 51126.4    334   61.522   1      7.124   68.646
105600.0 113600.0  0.0   16704.0 7457280.0 2729646.0 15379136.0 6330180.6  100480.0 51126.4    335   61.550   1      7.124   68.674
105600.0 100864.0 960.1   0.0   7483072.0 3482207.0 15379136.0 6330228.6  100480.0 51126.5    336   61.575   1      7.124   68.699
93312.0 100864.0  0.0   21543.0 7483072.0 3195426.1 15379136.0 6330930.4  100480.0 51126.5    337   61.600   1      7.124   68.723
93312.0 94144.0 42183.5  0.0   7501248.0 3344189.5 15379136.0 6352237.4  100480.0 51127.8    338   61.885   1      7.124   69.009
94016.0 94144.0  0.0   41433.0 7501248.0 5410609.7 15379136.0 6394216.9  100480.0 51127.8    339   61.923   1      7.124   69.046
94016.0 91136.0 320.0   0.0   7504384.0 5485182.1 15379136.0 6435462.0  100480.0 51127.8    340   61.993   1      7.124   69.117
87808.0 91136.0  0.0   608.0  7504384.0 7280110.8 15379136.0 6435534.0  100480.0 51127.8    341   62.018   1      7.124   69.141
80704.0 84352.0  0.0   288.0  7517376.0 1310298.3 15379136.0 6435995.7  100480.0 51128.0    343   62.069   1      7.124   69.193
80704.0 76928.0 352.0   0.0   7531904.0 1336430.9 15379136.0 6436067.7  100480.0 51128.0    344   62.097   1      7.124   69.220
80704.0 76928.0 352.0   0.0   7531904.0 3142313.0 15379136.0 6436067.7  100480.0 51128.0    344   62.097   1      7.124   69.220
80704.0 76928.0 352.0   0.0   7531904.0 3243388.6 15379136.0 6436067.7  100480.0 51128.0    344   62.097   1      7.124   69.220
80704.0 76928.0 352.0   0.0   7531904.0 3243413.3 15379136.0 6436067.7  100480.0 51128.0    344   62.097   1      7.124   69.220
80704.0 76928.0 352.0   0.0   7531904.0 3243433.8 15379136.0 6436067.7  100480.0 51128.0    344   62.097   1      7.124   69.220
80704.0 76928.0 352.0   0.0   7531904.0 3243452.3 15379136.0 6436067.7  100480.0 51128.0    344   62.097   1      7.124   69.220
80704.0 76928.0 352.0   0.0   7531904.0 3243495.9 15379136.0 6436067.7  100480.0 51128.0    344   62.097   1      7.124   69.220
80704.0 76928.0 352.0   0.0   7531904.0 3243516.5 15379136.0 6436067.7  100480.0 51128.0    344   62.097   1      7.124   69.220
80704.0 76928.0 352.0   0.0   7531904.0 3243537.0 15379136.0 6436067.7  100480.0 51128.0    344   62.097   1      7.124   69.220
80704.0 76928.0 352.0   0.0   7531904.0 3243555.6 15379136.0 6436067.7  100480.0 51128.0    344   62.097   1      7.124   69.220
80704.0 76928.0 352.0   0.0   7531904.0 3243576.1 15379136.0 6436067.7  100480.0 51128.0    344   62.097   1      7.124   69.220
80704.0 76928.0 352.0   0.0   7531904.0 3243620.4 15379136.0 6436067.7  100480.0 51128.0    344   62.097   1      7.124   69.220
80704.0 76928.0 352.0   0.0   7531904.0 6277242.0 15379136.0 6436067.7  100480.0 51131.9    344   62.097   1      7.124   69.220
86592.0 57536.0  0.0   57531.6 7531904.0 6498533.4 15379136.0 6498143.5  100480.0 51131.9    345   62.231   1      7.124   69.354
109760.0 80960.0  0.0   80907.0 7498304.0   0.0    15379136.0 6522654.0  100480.0 51131.9    347   62.329   1      7.124   69.452
109760.0 106496.0 256.0   0.0   7473280.0 1257728.2 15379136.0 6603321.0  100480.0 51131.9    348   62.516   1      7.124   69.640
102848.0 106496.0  0.0   256.0  7473280.0 2321275.2 15379136.0 6603369.0  100480.0 51131.9    349   62.542   1      7.124   69.666
102848.0 98176.0 4352.0  0.0   7488512.0 4295184.5 15379136.0 6603433.0  100480.0 51131.9    350   62.568   1      7.124   69.692
94080.0 98176.0  0.0   288.0  7488512.0 5262994.3 15379136.0 6603497.0  100480.0 51131.9    351   62.594   1      7.124   69.718
94080.0 89536.0 2464.2  0.0   7505920.0 5143152.9 15379136.0 6603553.0  100480.0 51133.2    352   62.621   1      7.124   69.745
100288.0 83328.0  0.0   83320.3 7505920.0 5433852.6 15379136.0 6626080.1  100480.0 51133.2    353   62.788   1      7.124   69.912
100288.0 104512.0 40792.9  0.0   7480512.0 5969815.4 15379136.0 6709172.6  100480.0 51133.2    354   63.191   1      7.124   70.315
100928.0 104512.0  0.0   640.0  7480512.0 7365889.9 15379136.0 6749797.5  100480.0 51133.2    356   63.360   1      7.124   70.484
100928.0 97088.0 352.0   0.0   7491520.0 6896774.4 15379136.0 6750187.2  100480.0 51133.2    356   63.387   1      7.124   70.511
93056.0 88832.0 320.0   0.0   7507648.0 1137726.0 15379136.0 6750355.2  100480.0 51133.2    358   63.441   1      7.124   70.564
84544.0 88832.0  0.0   320.0  7507648.0 665072.0 15379136.0 6750403.2  100480.0 51135.5    359   63.471   1      7.124   70.594
84544.0 88832.0  0.0   320.0  7507648.0 2696010.7 15379136.0 6750403.2  100480.0 51135.5    359   63.471   1      7.124   70.594
84544.0 88832.0  0.0   320.0  7507648.0 3395036.8 15379136.0 6750403.2  100480.0 51135.5    359   63.471   1      7.124   70.594
84544.0 88832.0  0.0   320.0  7507648.0 3395061.6 15379136.0 6750403.2  100480.0 51135.5    359   63.471   1      7.124   70.594
84544.0 88832.0  0.0   320.0  7507648.0 3395080.1 15379136.0 6750403.2  100480.0 51135.5    359   63.471   1      7.124   70.594
84544.0 88832.0  0.0   320.0  7507648.0 3395100.7 15379136.0 6750403.2  100480.0 51135.5    359   63.471   1      7.124   70.594
84544.0 88832.0  0.0   320.0  7507648.0 3395143.1 15379136.0 6750403.2  100480.0 51135.5    359   63.471   1      7.124   70.594
84544.0 88832.0  0.0   320.0  7507648.0 3395163.6 15379136.0 6750403.2  100480.0 51135.5    359   63.471   1      7.124   70.594
84544.0 88832.0  0.0   320.0  7507648.0 3395182.1 15379136.0 6750403.2  100480.0 51135.5    359   63.471   1      7.124   70.594
84544.0 88832.0  0.0   320.0  7507648.0 3395203.0 15379136.0 6750403.2  100480.0 51135.5    359   63.471   1      7.124   70.594
84544.0 88832.0  0.0   320.0  7507648.0 3395221.5 15379136.0 6750403.2  100480.0 51135.5    359   63.471   1      7.124   70.594
84544.0 88832.0  0.0   320.0  7507648.0 3395267.9 15379136.0 6750403.2  100480.0 51135.5    359   63.471   1      7.124   70.594
84544.0 88832.0  0.0   320.0  7507648.0 3395286.4 15379136.0 6750403.2  100480.0 51135.5    359   63.471   1      7.124   70.594
84544.0 100864.0 78284.7  0.0   7487808.0 2040167.6 15379136.0 6791655.5  100480.0 51139.1    360   63.576   1      7.124   70.699
115264.0 81984.0  0.0   81977.4 7487808.0 3118936.4 15379136.0 6837300.2  100480.0 51139.1    361   63.645   1      7.124   70.769
115264.0 111168.0 256.0   0.0   7463104.0 4478216.3 15379136.0 6939435.6  100480.0 51139.1    362   63.748   1      7.124   70.871
106752.0 111168.0  0.0   288.0  7463104.0 4628780.2 15379136.0 6939499.6  100480.0 51139.1    363   63.777   1      7.124   70.900
106752.0 102144.0 320.0   0.0   7480640.0 6955748.9 15379136.0 6939555.6  100480.0 51139.1    364   63.803   1      7.124   70.927
97344.0 113408.0 83075.3  0.0   7462720.0 722354.1 15379136.0 6960253.4  100480.0 51139.5    366   63.869   1      7.124   70.992
110848.0 113408.0  0.0   41823.1 7462720.0 395135.3 15379136.0 6961283.2  100480.0 51139.5    367   63.904   1      7.124   71.028
110848.0 114304.0 58567.5  0.0   7460928.0 1367651.1 15379136.0 7002854.4  100480.0 51139.5    368   63.977   1      7.124   71.100
107328.0 114304.0  0.0   20743.6 7460928.0 2923513.7 15379136.0 7044825.9  100480.0 51139.5    369   64.036   1      7.124   71.160
107328.0 104320.0 288.0   0.0   7477888.0 4849799.9 15379136.0 7065369.7  100480.0 51139.5    370   64.064   1      7.124   71.187
97344.0 104320.0  0.0   21265.4 7477888.0 4338527.0 15379136.0 7065433.7  100480.0 51139.5    371   64.090   1      7.124   71.213
97344.0 94400.0 224.0   0.0   7497792.0 5479979.9 15379136.0 7086552.8  100480.0 51139.5    372   64.121   1      7.124   71.244
91136.0 94400.0  0.0   288.0  7497792.0 3944851.0 15379136.0 7086608.8  100480.0 51139.5    373   64.147   1      7.124   71.271
91136.0 87552.0 288.0   0.0   7510848.0 529556.4 15379136.0 7086672.8  100480.0 51139.5    374   64.173   1      7.124   71.297
91136.0 87552.0 288.0   0.0   7510848.0 3209088.4 15379136.0 7086672.8  100480.0 51139.5    374   64.173   1      7.124   71.297
91136.0 87552.0 288.0   0.0   7510848.0 3946313.8 15379136.0 7086672.8  100480.0 51139.5    374   64.173   1      7.124   71.297
91136.0 87552.0 288.0   0.0   7510848.0 3946332.6 15379136.0 7086672.8  100480.0 51139.5    374   64.173   1      7.124   71.297
91136.0 87552.0 288.0   0.0   7510848.0 3946355.2 15379136.0 7086672.8  100480.0 51139.5    374   64.173   1      7.124   71.297
91136.0 87552.0 288.0   0.0   7510848.0 3946399.7 15379136.0 7086672.8  100480.0 51139.5    374   64.173   1      7.124   71.297
91136.0 87552.0 288.0   0.0   7510848.0 3946416.2 15379136.0 7086672.8  100480.0 51139.5    374   64.173   1      7.124   71.297
91136.0 87552.0 288.0   0.0   7510848.0 3946440.8 15379136.0 7086672.8  100480.0 51139.5    374   64.173   1      7.124   71.297
91136.0 87552.0 288.0   0.0   7510848.0 3946457.3 15379136.0 7086672.8  100480.0 51139.5    374   64.173   1      7.124   71.297
91136.0 87552.0 288.0   0.0   7510848.0 3946478.0 15379136.0 7086672.8  100480.0 51139.5    374   64.173   1      7.124   71.297
91136.0 87552.0 288.0   0.0   7510848.0 3946522.1 15379136.0 7086672.8  100480.0 51139.5    374   64.173   1      7.124   71.297
91136.0 87552.0 288.0   0.0   7510848.0 3946544.7 15379136.0 7086672.8  100480.0 51139.5    374   64.173   1      7.124   71.297
91136.0 87552.0 288.0   0.0   7510848.0 3946561.3 15379136.0 7086672.8  100480.0 51139.5    374   64.173   1      7.124   71.297
91136.0 87552.0 288.0   0.0   7510848.0 3946583.8 15379136.0 7086672.8  100480.0 51139.5    374   64.173   1      7.124   71.297
91136.0 87552.0 288.0   0.0   7510848.0 3946600.4 15379136.0 7086672.8  100480.0 51139.5    374   64.173   1      7.124   71.297
91136.0 87552.0 288.0   0.0   7510848.0 3946650.7 15379136.0 7086672.8  100480.0 51139.5    374   64.173   1      7.124   71.297
91584.0 87104.0  0.0   87100.6 7510848.0 289975.4 15379136.0 7086744.8  100480.0 51142.8    375   64.221   1      7.124   71.344
91584.0 87104.0  0.0   87100.6 7510848.0 6673073.9 15379136.0 7086744.8  100480.0 51142.8    375   64.221   1      7.124   71.344
91584.0 111360.0 61691.8  0.0   7466816.0 6110766.4 15379136.0 7132514.5  100480.0 51142.8    376   64.290   1      7.124   71.413
108032.0 111360.0  0.0   256.0  7466816.0 3535936.2 15379136.0 7194042.5  100480.0 51142.9    377   64.785   1      7.124   71.909
108032.0 104192.0 608.0   0.0   7477312.0 2673183.0 15379136.0 7194098.5  100480.0 51142.9    378   64.811   1      7.124   71.935
110208.0 61568.0  0.0   61559.5 7477312.0 1515921.5 15379136.0 7194488.2  100480.0 51142.9    379   64.842   1      7.124   71.966
110208.0 104000.0 33056.0  0.0   7475328.0 1975810.0 15379136.0 7194856.2  100480.0 51143.3    380   64.870   1      7.124   71.993
101056.0 104000.0  0.0   640.0  7475328.0 3503721.8 15379136.0 7194896.2  100480.0 51143.3    381   64.897   1      7.124   72.020
101056.0 97728.0 288.0   0.0   7490752.0 4850200.0 15379136.0 7195266.8  100480.0 51143.3    382   64.923   1      7.124   72.047
97664.0 97728.0  0.0   42801.9 7490752.0 5010009.5 15379136.0 7195306.8  100480.0 51143.3    383   64.950   1      7.124   72.073
97664.0 104192.0 62229.6  0.0   7481152.0 6245257.6 15379136.0 7237818.4  100480.0 51143.3    384   65.185   1      7.124   72.309
101376.0 98176.0 288.0   0.0   7489984.0 810643.9 15379136.0 7300160.1  100480.0 51143.3    386   65.286   1      7.124   72.409
94528.0 98176.0  0.0   320.0  7489984.0 1875887.8 15379136.0 7300224.1  100480.0 51143.3    387   65.312   1      7.124   72.436
94528.0 90688.0 352.0   0.0   7504320.0 3515552.4 15379136.0 7300288.1  100480.0 51143.3    388   65.341   1      7.124   72.465
86656.0 90688.0  0.0   288.0  7504320.0 3453793.2 15379136.0 7300360.1  100480.0 51143.3    389   65.367   1      7.124   72.491
86656.0 90688.0  0.0   288.0  7504320.0 4127681.5 15379136.0 7300360.1  100480.0 51143.3    389   65.367   1      7.124   72.491
86656.0 90688.0  0.0   288.0  7504320.0 4127702.0 15379136.0 7300360.1  100480.0 51143.3    389   65.367   1      7.124   72.491
86656.0 90688.0  0.0   288.0  7504320.0 4127726.7 15379136.0 7300360.1  100480.0 51143.5    389   65.367   1      7.124   72.491
86656.0 90688.0  0.0   288.0  7504320.0 4127747.2 15379136.0 7300360.1  100480.0 51143.5    389   65.367   1      7.124   72.491
86656.0 90688.0  0.0   288.0  7504320.0 4127790.4 15379136.0 7300360.1  100480.0 51143.5    389   65.367   1      7.124   72.491
86656.0 90688.0  0.0   288.0  7504320.0 4127809.0 15379136.0 7300360.1  100480.0 51143.5    389   65.367   1      7.124   72.491
86656.0 90688.0  0.0   288.0  7504320.0 4127829.6 15379136.0 7300360.1  100480.0 51143.5    389   65.367   1      7.124   72.491
86656.0 90688.0  0.0   288.0  7504320.0 4127848.1 15379136.0 7300360.1  100480.0 51143.5    389   65.367   1      7.124   72.491
86656.0 90688.0  0.0   288.0  7504320.0 4127868.6 15379136.0 7300360.1  100480.0 51143.5    389   65.367   1      7.124   72.491
86656.0 90688.0  0.0   288.0  7504320.0 4200740.3 15379136.0 7300360.1  100480.0 51150.2    389   65.367   1      7.124   72.491
86656.0 90688.0  0.0   288.0  7504320.0 4581172.8 15379136.0 7300360.1  100480.0 51150.2    389   65.367   1      7.124   72.491
86656.0 105472.0 86598.2  0.0   7478592.0 5474020.2 15379136.0 7321188.4  100480.0 51150.2    390   65.442   1      7.124   72.566
101312.0 105472.0  0.0   224.0  7478592.0 5802796.6 15379136.0 7428455.7  100480.0 51150.2    391   65.536   1      7.124   72.659
101312.0 96960.0 288.0   0.0   7491264.0 2906972.9 15379136.0 7428511.7  100480.0 51150.2    392   65.590   1      7.124   72.714
92480.0 96960.0  0.0   256.0  7491264.0 4117337.7 15379136.0 7428607.7  100480.0 51150.2    393   65.616   1      7.124   72.740
92480.0 99712.0 57327.7  0.0   7490112.0 4977054.1 15379136.0 7428679.7  100480.0 51150.2    394   65.649   1      7.124   72.772
94144.0 99712.0  0.0   8512.0 7490112.0 6854824.5 15379136.0 7428759.7  100480.0 51150.2    395   65.678   1      7.124   72.802
90624.0 94272.0  0.0   1248.1 7500992.0 448041.7 15379136.0 7428903.7  100480.0 51150.2    397   65.733   1      7.124   72.857
90624.0 107200.0 83904.5  0.0   7475136.0 590646.4 15379136.0 7450212.4  100480.0 51150.2    398   65.783   1      7.124   72.906
103552.0 107200.0  0.0   320.0  7475136.0 1334187.4 15379136.0 7533993.1  100480.0 51150.2    399   66.109   1      7.124   73.232
103552.0 99648.0 256.0   0.0   7486336.0 4349933.4 15379136.0 7534057.1  100480.0 51150.2    400   66.136   1      7.124   73.259
95424.0 99648.0  0.0   288.0  7486336.0 6641092.2 15379136.0 7534121.1  100480.0 51150.2    401   66.163   1      7.124   73.286
95424.0 91072.0 256.0   0.0   7503040.0 7054868.6 15379136.0 7534177.1  100480.0 51150.2    402   66.190   1      7.124   73.313
86656.0 91072.0  0.0   288.0  7503040.0 2183782.5 15379136.0 7534233.1  100480.0 51150.2    403   66.217   1      7.124   73.341
86656.0 91072.0  0.0   288.0  7503040.0 2183832.1 15379136.0 7534233.1  100480.0 51150.2    403   66.217   1      7.124   73.341
86656.0 91072.0  0.0   288.0  7503040.0 2183852.7 15379136.0 7534233.1  100480.0 51150.2    403   66.217   1      7.124   73.341
86656.0 91072.0  0.0   288.0  7503040.0 2183875.4 15379136.0 7534233.1  100480.0 51150.2    403   66.217   1      7.124   73.341
86656.0 91072.0  0.0   288.0  7503040.0 2183894.0 15379136.0 7534233.1  100480.0 51150.2    403   66.217   1      7.124   73.341
86656.0 91072.0  0.0   288.0  7503040.0 2183914.5 15379136.0 7534233.1  100480.0 51150.2    403   66.217   1      7.124   73.341
86656.0 91072.0  0.0   288.0  7503040.0 2183957.5 15379136.0 7534233.1  100480.0 51150.2    403   66.217   1      7.124   73.341
86656.0 91072.0  0.0   288.0  7503040.0 2183978.2 15379136.0 7534233.1  100480.0 51150.2    403   66.217   1      7.124   73.341
86656.0 91072.0  0.0   288.0  7503040.0 2183996.7 15379136.0 7534233.1  100480.0 51150.2    403   66.217   1      7.124   73.341
86656.0 91072.0  0.0   288.0  7503040.0 2184017.4 15379136.0 7534233.1  100480.0 51150.2    403   66.217   1      7.124   73.341
86656.0 91072.0  0.0   288.0  7503040.0 2184036.0 15379136.0 7534233.1  100480.0 51150.2    403   66.217   1      7.124   73.341
86656.0 91072.0  0.0   288.0  7503040.0 2184077.1 15379136.0 7534233.1  100480.0 51150.2    403   66.217   1      7.124   73.341
86656.0 91072.0  0.0   288.0  7503040.0 2184097.7 15379136.0 7534233.1  100480.0 51150.2    403   66.217   1      7.124   73.341
86656.0 105920.0 86655.8  0.0   7477696.0 687648.7 15379136.0 7534593.1  100480.0 51157.6    404   66.252   1      7.124   73.375
86656.0 105920.0 86655.8 102072.8 7477696.0 7477696.0 15379136.0 7621277.4  100480.0 51157.6    405   66.252   1      7.124   73.375
109760.0 102080.0 256.0  102072.8 7477696.0 7477696.0 15379136.0 7743448.4  100480.0 51157.6    406   66.775   1      7.124   73.898
109760.0 122496.0 256.0   0.0   7444544.0 6911813.1 15379136.0 7743448.4  100480.0 51157.6    406   67.528   1      7.124   74.651
117696.0 122496.0  0.0   256.0  7444544.0 6876400.8 15379136.0 7743520.4  100480.0 51157.6    407   67.569   1      7.124   74.693
117696.0 117376.0 49071.7  0.0   7454464.0 3360602.6 15379136.0 7743568.4  100480.0 51157.6    408   67.644   1      7.124   74.768
116544.0 117376.0  0.0   49472.0 7454464.0 4227297.9 15379136.0 7743640.4  100480.0 51157.6    409   67.679   1      7.124   74.803
116544.0 119360.0 60722.6  0.0   7450816.0 5264209.6 15379136.0 7743696.4  100480.0 51157.8    410   67.712   1      7.124   74.835
112320.0 119360.0  0.0   23047.1 7450816.0 5979741.5 15379136.0 7743728.4  100480.0 51157.8    411   67.742   1      7.124   74.866
112320.0 115584.0 62383.1 40738.6 7458368.0 7458368.0 15379136.0 7828740.5  100480.0 51159.1    413   67.851   1      7.124   74.974
109760.0 108288.0 320.0   0.0   7471488.0 518118.6 15379136.0 7869279.1  100480.0 51159.1    414   68.385   1      7.124   75.509
106048.0 108288.0  0.0   224.0  7471488.0 3160193.9 15379136.0 7869343.1  100480.0 51159.1    415   68.412   1      7.124   75.536
106048.0 103168.0 288.0   0.0   7480320.0 4517895.3 15379136.0 7869383.1  100480.0 51159.1    416   68.439   1      7.124   75.562
99776.0 103168.0  0.0   256.0  7480320.0 4632993.4 15379136.0 7869431.1  100480.0 51159.1    417   68.465   1      7.124   75.589
99776.0 103168.0  0.0   256.0  7480320.0 5416267.9 15379136.0 7869431.1  100480.0 51159.1    417   68.465   1      7.124   75.589
99776.0 103168.0  0.0   256.0  7480320.0 5416292.7 15379136.0 7869431.1  100480.0 51159.1    417   68.465   1      7.124   75.589
99776.0 103168.0  0.0   256.0  7480320.0 5416313.2 15379136.0 7869431.1  100480.0 51159.1    417   68.465   1      7.124   75.589
99776.0 103168.0  0.0   256.0  7480320.0 5416333.8 15379136.0 7869431.1  100480.0 51159.1    417   68.465   1      7.124   75.589
99776.0 103168.0  0.0   256.0  7480320.0 5416376.2 15379136.0 7869431.1  100480.0 51159.1    417   68.465   1      7.124   75.589
99776.0 103168.0  0.0   256.0  7480320.0 5416396.7 15379136.0 7869431.1  100480.0 51159.1    417   68.465   1      7.124   75.589
99776.0 103168.0  0.0   256.0  7480320.0 5416415.3 15379136.0 7869431.1  100480.0 51159.1    417   68.465   1      7.124   75.589
99776.0 103168.0  0.0   256.0  7480320.0 5416435.9 15379136.0 7869431.1  100480.0 51159.1    417   68.465   1      7.124   75.589
99776.0 103168.0  0.0   256.0  7480320.0 5416454.5 15379136.0 7869431.1  100480.0 51159.1    417   68.465   1      7.124   75.589
99776.0 103168.0  0.0   256.0  7480320.0 5416501.1 15379136.0 7869431.1  100480.0 51159.1    417   68.465   1      7.124   75.589
99776.0 103168.0  0.0   256.0  7480320.0 5416517.6 15379136.0 7869431.1  100480.0 51159.1    417   68.465   1      7.124   75.589
99776.0 103168.0  0.0   256.0  7480320.0 5416538.2 15379136.0 7869431.1  100480.0 51159.1    417   68.465   1      7.124   75.589
99776.0 103168.0  0.0   256.0  7480320.0 5416558.8 15379136.0 7869431.1  100480.0 51159.1    417   68.465   1      7.124   75.589
99776.0 103168.0  0.0   256.0  7480320.0 5416579.2 15379136.0 7869431.1  100480.0 51159.1    417   68.465   1      7.124   75.589
99776.0 112320.0 77888.5  0.0   7464896.0 4492443.4 15379136.0 7869495.1  100480.0 51161.8    418   68.503   1      7.124   75.627
124032.0 82944.0  0.0   82931.1 7464896.0 5933404.5 15379136.0 7873507.3  100480.0 51161.8    419   68.540   1      7.124   75.663
124032.0 147776.0 122713.0 256.0  7393984.0 7393984.0 15379136.0 8057967.3  100480.0 51161.8    421   68.599   1      7.124   75.722
144576.0 147776.0  0.0   256.0  7393984.0 6425053.1 15379136.0 8057967.3  100480.0 51161.8    421   69.333   1      7.124   76.457
131712.0 140544.0  0.0   24864.0 7404416.0 1208497.9 15379136.0 8058095.3  100480.0 51161.8    423   69.392   1      7.124   76.516
131712.0 127616.0 288.0   0.0   7430208.0 1234270.8 15379136.0 8058143.3  100480.0 51161.8    424   69.428   1      7.124   76.552
131712.0 127616.0 288.0   0.0   7430208.0 5791145.8 15379136.0 8058143.3  100480.0 51162.1    424   69.428   1      7.124   76.552
130304.0 127616.0  0.0   64001.1 7430208.0 4462473.8 15379136.0 8058215.3  100480.0 51162.1    425   69.465   1      7.124   76.589
130304.0 138816.0 82937.9  0.0   7411904.0 5667306.8 15379136.0 8081084.2  100480.0 51162.6    426   69.514   1      7.124   76.637
135296.0 138816.0  0.0   608.0  7411904.0 6745092.9 15379136.0 8163794.2  100480.0 51162.6    427   69.736   1      7.124   76.860
128448.0 135232.0  0.0   20401.3 7419008.0 682995.3 15379136.0 8164548.9  100480.0 51162.6    429   69.810   1      7.124   76.934
128448.0 125248.0 352.0   0.0   7435840.0 2571409.4 15379136.0 8184730.2  100480.0 51162.6    430   69.841   1      7.124   76.965
121408.0 125248.0  0.0   352.0  7435840.0 2835148.5 15379136.0 8184794.2  100480.0 51162.6    431   69.869   1      7.124   76.993
121408.0 125248.0  0.0   352.0  7435840.0 7195933.3 15379136.0 8184794.2  100480.0 51162.6    431   69.869   1      7.124   76.993
121408.0 117120.0 288.0   0.0   7451008.0 1661986.3 15379136.0 8184874.2  100480.0 51162.6    432   69.897   1      7.124   77.021
121408.0 117120.0 288.0   0.0   7451008.0 1822842.2 15379136.0 8184874.2  100480.0 51162.6    432   69.897   1      7.124   77.021
121408.0 117120.0 288.0   0.0   7451008.0 1822864.8 15379136.0 8184874.2  100480.0 51162.6    432   69.897   1      7.124   77.021
121408.0 117120.0 288.0   0.0   7451008.0 1822887.5 15379136.0 8184874.2  100480.0 51162.6    432   69.897   1      7.124   77.021
121408.0 117120.0 288.0   0.0   7451008.0 1822906.0 15379136.0 8184874.2  100480.0 51162.6    432   69.897   1      7.124   77.021
121408.0 117120.0 288.0   0.0   7451008.0 1822926.5 15379136.0 8184874.2  100480.0 51162.6    432   69.897   1      7.124   77.021
121408.0 117120.0 288.0   0.0   7451008.0 1822971.5 15379136.0 8184874.2  100480.0 51162.6    432   69.897   1      7.124   77.021
121408.0 117120.0 288.0   0.0   7451008.0 1822992.1 15379136.0 8184874.2  100480.0 51162.6    432   69.897   1      7.124   77.021
121408.0 117120.0 288.0   0.0   7451008.0 1823012.7 15379136.0 8184874.2  100480.0 51162.9    432   69.897   1      7.124   77.021
121408.0 117120.0 288.0   0.0   7451008.0 1823031.2 15379136.0 8184874.2  100480.0 51162.9    432   69.897   1      7.124   77.021
121408.0 117120.0 288.0   0.0   7451008.0 1823049.8 15379136.0 8184874.2  100480.0 51162.9    432   69.897   1      7.124   77.021
121408.0 117120.0 288.0   0.0   7451008.0 1823093.1 15379136.0 8184874.2  100480.0 51162.9    432   69.897   1      7.124   77.021
121408.0 117120.0 288.0   0.0   7451008.0 1823111.7 15379136.0 8184874.2  100480.0 51162.9    432   69.897   1      7.124   77.021
121408.0 117120.0 288.0   0.0   7451008.0 3926070.4 15379136.0 8184874.2  100480.0 51166.4    432   69.897   1      7.124   77.021
131008.0 107520.0  0.0   107507.6 7451008.0 4867576.3 15379136.0 8205718.5  100480.0 51166.4    433   69.966   1      7.124   77.090
131008.0 130048.0 20614.2  0.0   7428480.0 5991981.9 15379136.0 8292831.4  100480.0 51166.4    434   70.097   1      7.124   77.220
123136.0 119936.0 288.0   0.0   7446464.0   0.0    15379136.0 8353656.0  100480.0 51166.4    436   70.193   1      7.124   77.316
116096.0 119936.0  0.0   256.0  7446464.0 1954258.6 15379136.0 8353720.0  100480.0 51167.2    437   70.223   1      7.124   77.347
116096.0 118272.0 57295.7  0.0   7452992.0 489541.5 15379136.0 8353752.0  100480.0 51167.2    438   70.264   1      7.124   77.387
114624.0 118272.0  0.0   256.0  7452992.0 821812.6 15379136.0 8353816.0  100480.0 51167.2    439   70.293   1      7.124   77.416
114624.0 106624.0 23399.2  0.0   7468288.0 1248114.8 15379136.0 8353880.0  100480.0 51171.0    440   70.322   1      7.124   77.445
111424.0 106624.0  0.0   61624.7 7468288.0 2434345.7 15379136.0 8377048.9  100480.0 51172.2    441   70.360   1      7.124   77.483
111424.0 107584.0 41871.4  0.0   7470528.0 3966923.3 15379136.0 8438509.6  100480.0 51172.3    442   70.511   1      7.124   77.635
105280.0 107584.0  0.0   320.0  7470528.0 5426713.5 15379136.0 8480122.7  100480.0 51172.3    443   70.704   1      7.124   77.828
99072.0 102400.0  0.0   320.0  7481856.0 422954.6 15379136.0 8480226.7  100480.0 51172.3    445   70.763   1      7.124   77.886
99072.0 95360.0 320.0   0.0   7495104.0 2154184.9 15379136.0 8480266.7  100480.0 51172.3    446   70.792   1      7.124   77.915
91392.0 95360.0  0.0   320.0  7495104.0 974710.4 15379136.0 8480330.7  100480.0 51172.3    447   70.824   1      7.124   77.948
91392.0 95360.0  0.0   320.0  7495104.0 2050684.8 15379136.0 8480330.7  100480.0 51172.3    447   70.824   1      7.124   77.948
91392.0 95360.0  0.0   320.0  7495104.0 2050701.3 15379136.0 8480330.7  100480.0 51172.3    447   70.824   1      7.124   77.948
91392.0 95360.0  0.0   320.0  7495104.0 2050730.0 15379136.0 8480330.7  100480.0 51172.3    447   70.824   1      7.124   77.948
91392.0 95360.0  0.0   320.0  7495104.0 2050748.5 15379136.0 8480330.7  100480.0 51172.3    447   70.824   1      7.124   77.948
91392.0 95360.0  0.0   320.0  7495104.0 2050792.4 15379136.0 8480330.7  100480.0 51172.3    447   70.824   1      7.124   77.948
91392.0 95360.0  0.0   320.0  7495104.0 2050811.0 15379136.0 8480330.7  100480.0 51172.3    447   70.824   1      7.124   77.948
91392.0 95360.0  0.0   320.0  7495104.0 2050833.5 15379136.0 8480330.7  100480.0 51172.3    447   70.824   1      7.124   77.948
91392.0 95360.0  0.0   320.0  7495104.0 2050852.0 15379136.0 8480330.7  100480.0 51172.3    447   70.824   1      7.124   77.948
91392.0 95360.0  0.0   320.0  7495104.0 2050872.7 15379136.0 8480330.7  100480.0 51172.3    447   70.824   1      7.124   77.948
91392.0 106240.0 78633.0  0.0   7477056.0 1537363.5 15379136.0 8537068.4  100480.0 51175.1    448   70.888   1      7.124   78.012
104128.0 106240.0  0.0   41084.2 7477056.0 1245576.1 15379136.0 8603554.5  100480.0 51175.1    449   71.285   1      7.124   78.409
104128.0 101632.0 40646.2  0.0   7483776.0 2133070.8 15379136.0 8644418.8  100480.0 51175.1    450   71.497   1      7.124   78.621
98944.0 101632.0  0.0   288.0  7483776.0 3692833.9 15379136.0 8684857.1  100480.0 51175.1    451   71.667   1      7.124   78.791
98944.0 95808.0 320.0   0.0   7494784.0 5458496.3 15379136.0 8684945.1  100480.0 51175.1    452   71.733   1      7.124   78.857
98432.0 95808.0  0.0   49472.0 7494784.0 5725161.7 15379136.0 8685009.1  100480.0 51175.1    453   71.771   1      7.124   78.894
98432.0 95296.0 544.0   0.0   7495808.0 6426341.2 15379136.0 8685057.1  100480.0 51175.6    454   71.801   1      7.124   78.924
91456.0 95296.0  0.0   2816.3 7495808.0 7037963.9 15379136.0 8685361.1  100480.0 51176.8    455   71.873   1      7.124   78.996
91456.0 107200.0 82361.5  0.0   7475136.0 7120580.6 15379136.0 8729185.8  100480.0 51176.8    456   71.978   1      7.124   79.102
100224.0 107200.0  0.0   20689.3 7475136.0 1124622.2 15379136.0 8811239.4  100480.0 51176.8    457   73.207   1      7.124   80.330
100224.0 97216.0 576.0   0.0   7492096.0 604123.4 15379136.0 8831708.8  100480.0 51176.8    458   73.244   1      7.124   80.367
93888.0 97216.0  0.0   256.0  7492096.0 1705269.6 15379136.0 8832068.8  100480.0 51176.8    459   73.273   1      7.124   80.396
93888.0 90240.0 320.0   0.0   7505408.0 3825509.1 15379136.0 8832132.8  100480.0 51176.8    460   73.302   1      7.124   80.426
86336.0 90240.0  0.0   288.0  7505408.0 2814063.1 15379136.0 8832196.8  100480.0 51176.8    461   73.333   1      7.124   80.457
86336.0 82368.0 320.0   0.0   7520832.0 2527684.9 15379136.0 8832268.8  100480.0 51176.8    462   73.362   1      7.124   80.485
86336.0 82368.0 320.0   0.0   7520832.0 5325488.9 15379136.0 8832268.8  100480.0 51176.8    462   73.362   1      7.124   80.485
86336.0 82368.0 320.0   0.0   7520832.0 6998350.2 15379136.0 8832268.8  100480.0 51176.8    462   73.362   1      7.124   80.485
86336.0 82368.0 320.0   0.0   7520832.0 6998375.2 15379136.0 8832268.8  100480.0 51176.8    462   73.362   1      7.124   80.485
86336.0 82368.0 320.0   0.0   7520832.0 6998397.8 15379136.0 8832268.8  100480.0 51176.8    462   73.362   1      7.124   80.485
86336.0 82368.0 320.0   0.0   7520832.0 6998416.2 15379136.0 8832268.8  100480.0 51176.8    462   73.362   1      7.124   80.485
86336.0 82368.0 320.0   0.0   7520832.0 6998460.0 15379136.0 8832268.8  100480.0 51176.8    462   73.362   1      7.124   80.485
86336.0 82368.0 320.0   0.0   7520832.0 6998478.5 15379136.0 8832268.8  100480.0 51176.8    462   73.362   1      7.124   80.485
79040.0 82368.0  0.0   24768.5 7520832.0 1881325.6 15379136.0 8832332.8  100480.0 51178.0    463   73.391   1      7.124   80.515
79040.0 89536.0 61718.9  0.0   7510464.0 2269851.4 15379136.0 8898220.8  100480.0 51178.2    464   73.674   1      7.124   80.798
89920.0 40704.0  0.0   40646.2 7510464.0 2929881.3 15379136.0 8980524.2  100480.0 51178.2    465   73.978   1      7.124   81.101
89920.0 87104.0 320.0   0.0   7512512.0 2363254.2 15379136.0 9020946.5  100480.0 51178.2    466   74.469   1      7.124   81.593
83968.0 87104.0  0.0   320.0  7512512.0 4127119.9 15379136.0 9020994.5  100480.0 51178.2    467   74.500   1      7.124   81.624
83968.0 80576.0 320.0   0.0   7524992.0 3308349.6 15379136.0 9021082.5  100480.0 51178.5    468   74.530   1      7.124   81.654
76736.0 80576.0  0.0   1856.2 7524992.0 2270716.1 15379136.0 9021162.5  100480.0 51178.5    469   74.570   1      7.124   81.694
76736.0 80192.0 41183.1  0.0   7529152.0 2467816.3 15379136.0 9022773.2  100480.0 51178.5    470   74.601   1      7.124   81.725
76928.0 80192.0  0.0   608.0  7529152.0 1067831.2 15379136.0 9063744.4  100480.0 51178.5    471   75.020   1      7.124   82.144
76928.0 72832.0 21546.9  0.0   7539776.0   0.0    15379136.0 9064120.4  100480.0 51178.5    472   75.052   1      7.124   82.175
76928.0 72832.0 21546.9  0.0   7539776.0 6918762.6 15379136.0 9064120.4  100480.0 51178.5    472   75.052   1      7.124   82.175
68864.0 72832.0  0.0   21308.6 7539776.0 2477553.9 15379136.0 9085399.4  100480.0 51178.5    473   75.281   1      7.124   82.404
68864.0 72832.0 41113.0 21308.6 7539776.0 7539776.0 15379136.0 9106480.0  100480.0 51178.5    474   75.281   1      7.124   82.404
68864.0 72576.0 41145.0  0.0   7544384.0 6869829.6 15379136.0 9106480.0  100480.0 51178.5    474   76.255   1      7.124   83.379
70528.0 72576.0  0.0   352.0  7544384.0 4633310.9 15379136.0 9147429.1  100480.0 51178.5    475   76.362   1      7.124   83.485
70528.0 68224.0 352.0   0.0   7550784.0 4876505.9 15379136.0 9147501.1  100480.0 51178.5    476   76.391   1      7.124   83.514
65664.0 68224.0  0.0   288.0  7550784.0 3799791.2 15379136.0 9147573.1  100480.0 51178.5    477   76.419   1      7.124   83.543
65664.0 68224.0  0.0   288.0  7550784.0 5928581.5 15379136.0 9147573.1  100480.0 51178.5    477   76.419   1      7.124   83.543
65664.0 68224.0  0.0   288.0  7550784.0 6670716.8 15379136.0 9147573.1  100480.0 51178.5    477   76.419   1      7.124   83.543
65664.0 68224.0  0.0   288.0  7550784.0 6670737.4 15379136.0 9147573.1  100480.0 51178.5    477   76.419   1      7.124   83.543
65664.0 68224.0  0.0   288.0  7550784.0 6670760.0 15379136.0 9147573.1  100480.0 51178.5    477   76.419   1      7.124   83.543
65664.0 68224.0  0.0   288.0  7550784.0 6670778.5 15379136.0 9147573.1  100480.0 51178.5    477   76.419   1      7.124   83.543
65664.0 70528.0 41408.5  0.0   7548480.0 906739.0 15379136.0 9147637.1  100480.0 51181.2    478   76.452   1      7.124   83.576
65664.0 70528.0 41408.5 62133.0 7548480.0 7548480.0 15379136.0 9234127.7  100480.0 51181.2    479   76.452   1      7.124   83.576
78912.0 62144.0 20741.2 62133.0 7548480.0 7548480.0 15379136.0 9296080.8  100480.0 51181.2    480   77.027   1      7.124   84.150
78912.0 75968.0 20741.2 40646.2 7534656.0 7534656.0 15379136.0 9316682.1  100480.0 51181.2    481   77.422   1      7.124   84.545
77632.0 75968.0  0.0   40646.2 7534656.0 999540.1 15379136.0 9316682.1  100480.0 51181.2    481   79.433   1      7.124   86.556
77632.0 75264.0 5440.0  0.0   7536640.0 2038301.0 15379136.0 9357120.3  100480.0 51181.2    482   79.660   1      7.124   86.783
77056.0 75264.0  0.0   40975.7 7536640.0 919622.8 15379136.0 9357216.3  100480.0 51181.2    483   79.691   1      7.124   86.815
77056.0 75264.0  0.0   40975.7 7536640.0 3756248.9 15379136.0 9357216.3  100480.0 51181.2    483   79.691   1      7.124   86.815
77056.0 72768.0 17376.1  0.0   7539712.0 5051203.4 15379136.0 9357272.3  100480.0 51181.2    484   79.722   1      7.124   86.846
75008.0 72768.0  0.0   42449.9 7539712.0 6803808.5 15379136.0 9358022.1  100480.0 51181.2    485   79.753   1      7.124   86.876
75008.0 70656.0 21052.6  0.0   7543872.0 6507721.4 15379136.0 9400236.1  100480.0 51181.2    486   79.916   1      7.124   87.040
72320.0 70656.0  32.0  41465.0 7543872.0 7543872.0 15379136.0 9421012.7  100480.0 51181.2    488   80.014   1      7.124   87.138
72320.0 72064.0 608.0   0.0   7545152.0 3168170.3 15379136.0 9462265.7  100480.0 51181.2    488   81.381   1      7.124   88.505
71168.0 72064.0  0.0   320.0  7545152.0 4531425.4 15379136.0 9462641.8  100480.0 51181.2    489   81.413   1      7.124   88.537
71168.0 69760.0 288.0   0.0   7548608.0 5597608.1 15379136.0 9462713.8  100480.0 51181.2    490   81.449   1      7.124   88.572
67904.0 69760.0  0.0   320.0  7548608.0 3522456.4 15379136.0 9462777.8  100480.0 51181.2    491   81.478   1      7.124   88.602
67904.0 69760.0  0.0   320.0  7548608.0 4272731.5 15379136.0 9462777.8  100480.0 51181.2    491   81.478   1      7.124   88.602
67904.0 69760.0  0.0   320.0  7548608.0 4272752.1 15379136.0 9462777.8  100480.0 51181.2    491   81.478   1      7.124   88.602
67904.0 69760.0  0.0   320.0  7548608.0 4272768.6 15379136.0 9462777.8  100480.0 51181.2    491   81.478   1      7.124   88.602
67904.0 69760.0  0.0   320.0  7548608.0 4272783.1 15379136.0 9462777.8  100480.0 51181.2    491   81.478   1      7.124   88.602
67904.0 69760.0  0.0   320.0  7548608.0 4272799.6 15379136.0 9462777.8  100480.0 51181.2    491   81.478   1      7.124   88.602
67904.0 69760.0  0.0   320.0  7548608.0 4272837.2 15379136.0 9462777.8  100480.0 51181.2    491   81.478   1      7.124   88.602
67904.0 69760.0  0.0   320.0  7548608.0 4272853.6 15379136.0 9462777.8  100480.0 51181.2    491   81.478   1      7.124   88.602
67904.0 69760.0  0.0   320.0  7548608.0 4272868.1 15379136.0 9462777.8  100480.0 51181.2    491   81.478   1      7.124   88.602
67904.0 69760.0  0.0   320.0  7548608.0 4272884.6 15379136.0 9462777.8  100480.0 51181.2    491   81.478   1      7.124   88.602
67904.0 69760.0  0.0   320.0  7548608.0 4272957.8 15379136.0 9462777.8  100480.0 51181.2    491   81.478   1      7.124   88.602
67904.0 69760.0  0.0   320.0  7548608.0 4272980.9 15379136.0 9462777.8  100480.0 51181.2    491   81.478   1      7.124   88.602
67904.0 80064.0 63850.3  0.0   7529408.0 1689380.2 15379136.0 9479209.8  100480.0 51181.3    492   81.642   1      7.124   88.765
67904.0 80064.0 63850.3 62138.8 7529408.0 7529408.0 15379136.0 9647607.7  100480.0 51181.5    493   81.642   1      7.124   88.765
89152.0 62144.0  0.0   62138.8 7529408.0 6111693.1 15379136.0 9647607.7  100480.0 51181.5    493   82.718   1      7.124   89.841
89152.0 103616.0 82256.6 256.0  7482304.0 7482304.0 15379136.0 9852166.8  100480.0 51181.5    495   82.866   1      7.124   89.990
101760.0 103616.0  0.0   320.0  7482304.0 183820.0 15379136.0 9852182.8  100480.0 51181.5    495   84.906   1      7.124   92.030
101760.0 96448.0 16672.0  0.0   7491328.0 2283797.2 15379136.0 9852214.8  100480.0 51181.5    496   84.940   1      7.124   92.063
94720.0 96448.0  0.0   41280.0 7491328.0 3606123.4 15379136.0 9852326.8  100480.0 51181.5    497   84.973   1      7.124   92.097
94720.0 92800.0 1024.1  0.0   7502016.0 2692528.8 15379136.0 9852398.8  100480.0 51181.6    498   85.004   1      7.124   92.128
103232.0 84288.0  0.0   84246.1 7502016.0 3807684.2 15379136.0 9853180.6  100480.0 51181.6    499   85.040   1      7.124   92.164
103232.0 102080.0 20337.3  0.0   7484224.0 3642872.2 15379136.0 9937198.8  100480.0 51181.6    500   85.566   1      7.124   92.690
100032.0 102080.0  0.0   576.0  7484224.0 3279020.6 15379136.0 9957372.2  100480.0 51181.6    501   86.069   1      7.124   93.193
100032.0 97408.0 288.0   0.0   7492096.0 5128080.4 15379136.0 9957750.8  100480.0 51181.6    502   86.105   1      7.124   93.229
94336.0 97408.0  0.0   288.0  7492096.0 7455212.4 15379136.0 9957814.8  100480.0 51181.6    503   86.135   1      7.124   93.259
87296.0 90944.0  0.0   256.0  7504256.0 801522.5 15379136.0 9957926.8  100480.0 51181.6    505   86.195   1      7.124   93.319
87296.0 90944.0  0.0   256.0  7504256.0 2561843.2 15379136.0 9957926.8  100480.0 51181.6    505   86.195   1      7.124   93.319
87296.0 90944.0  0.0   256.0  7504256.0 2562896.3 15379136.0 9957926.8  100480.0 51181.6    505   86.195   1      7.124   93.319
87296.0 90944.0  0.0   256.0  7504256.0 2562912.8 15379136.0 9957926.8  100480.0 51181.6    505   86.195   1      7.124   93.319
87296.0 90944.0  0.0   256.0  7504256.0 2562929.3 15379136.0 9957926.8  100480.0 51181.6    505   86.195   1      7.124   93.319
87296.0 90944.0  0.0   256.0  7504256.0 2562998.4 15379136.0 9957926.8  100480.0 51181.6    505   86.195   1      7.124   93.319
87296.0 90944.0  0.0   256.0  7504256.0 2563017.2 15379136.0 9957926.8  100480.0 51181.6    505   86.195   1      7.124   93.319
87296.0 90944.0  0.0   256.0  7504256.0 2563031.6 15379136.0 9957926.8  100480.0 51181.6    505   86.195   1      7.124   93.319
87296.0 90944.0  0.0   256.0  7504256.0 2563048.1 15379136.0 9957926.8  100480.0 51181.6    505   86.195   1      7.124   93.319
87296.0 90944.0  0.0   256.0  7504256.0 2563062.6 15379136.0 9957926.8  100480.0 51181.6    505   86.195   1      7.124   93.319
87296.0 90944.0  32.0  256.0  7504256.0 7504256.0 15379136.0 9957926.8  100480.0 51182.0    506   86.195   1      7.124   93.319
87296.0 105728.0 86847.4 40822.7 7478080.0 7478080.0 15379136.0 10065348.6 100480.0 51182.0    507   86.246   1      7.124   93.369
103488.0 105728.0 80843.0 40822.7 7478080.0 7478080.0 15379136.0 10106015.4 100480.0 51182.0    508   86.655   1      7.124   93.779
103488.0 115904.0 80843.0  0.0   7457728.0 5068491.2 15379136.0 10106015.4 100480.0 51182.0    508   86.808   1      7.124   93.932
112896.0 115904.0  0.0   288.0  7457728.0 2632572.4 15379136.0 10186710.5 100480.0 51182.0    509   87.002   1      7.124   94.126
112896.0 105920.0 20736.0  0.0   7470720.0 3906495.1 15379136.0 10186774.5 100480.0 51182.0    510   87.033   1      7.124   94.157
110400.0 105920.0  0.0   61271.5 7470720.0 5067023.5 15379136.0 10186830.5 100480.0 51182.0    511   87.067   1      7.124   94.191
110400.0 107584.0 1536.1  0.0   7471552.0 5449131.6 15379136.0 10186886.5 100480.0 51182.0    512   87.098   1      7.124   94.221
120064.0 83584.0  0.0   83542.1 7471552.0 7186353.0 15379136.0 10188201.2 100480.0 51182.0    513   87.133   1      7.124   94.257
120064.0 117184.0 288.0   0.0   7452288.0 6169308.2 15379136.0 10271595.4 100480.0 51182.0    514   87.769   1      7.124   94.892
113600.0 109568.0 608.0   0.0   7466368.0 163525.2 15379136.0 10272033.1 100480.0 51182.0    516   87.831   1      7.124   94.954
105280.0 109568.0  0.0   320.0  7466368.0 1057843.7 15379136.0 10272393.2 100480.0 51182.0    517   87.862   1      7.124   94.986
105280.0 109568.0  0.0   320.0  7466368.0 6248079.6 15379136.0 10272393.2 100480.0 51182.0    517   87.862   1      7.124   94.986
105280.0 100736.0 320.0   0.0   7483520.0 1539842.6 15379136.0 10272473.2 100480.0 51182.0    518   87.897   1      7.124   95.021
105280.0 100736.0 320.0   0.0   7483520.0 4272819.5 15379136.0 10272473.2 100480.0 51182.0    518   87.897   1      7.124   95.021
105280.0 100736.0 320.0   0.0   7483520.0 6796329.4 15379136.0 10272473.2 100480.0 51182.0    518   87.897   1      7.124   95.021
96064.0 100736.0  0.0   320.0  7483520.0 1003591.0 15379136.0 10272537.2 100480.0 51182.0    519   87.929   1      7.124   95.053
96064.0 100736.0  0.0   320.0  7483520.0 2412575.0 15379136.0 10272537.2 100480.0 51182.0    519   87.929   1      7.124   95.053
96064.0 100736.0  0.0   320.0  7483520.0 3845439.8 15379136.0 10272537.2 100480.0 51182.0    519   87.929   1      7.124   95.053
96064.0 100736.0  0.0   320.0  7483520.0 5266360.5 15379136.0 10272537.2 100480.0 51182.0    519   87.929   1      7.124   95.053
96064.0 100736.0  0.0   320.0  7483520.0 5517169.2 15379136.0 10272537.2 100480.0 51182.0    519   87.929   1      7.124   95.053
96064.0 100736.0  0.0   320.0  7483520.0 5517215.2 15379136.0 10272537.2 100480.0 51182.0    519   87.929   1      7.124   95.053
96064.0 100736.0  0.0   320.0  7483520.0 5517233.8 15379136.0 10272537.2 100480.0 51182.0    519   87.929   1      7.124   95.053
96064.0 102784.0 57265.8  0.0   7483968.0 461756.6 15379136.0 10272601.2 100480.0 51182.0    520   87.963   1      7.124   95.086
117056.0 82624.0  0.0   82590.6 7483968.0 1704320.6 15379136.0 10296953.5 100480.0 51182.0    521   88.090   1      7.124   95.214
117056.0 113216.0 41777.8  0.0   7459264.0 1793603.0 15379136.0 10379376.3 100480.0 51182.0    522   88.203   1      7.124   95.327
109824.0 113216.0  0.0   320.0  7459264.0 2325104.4 15379136.0 10420954.1 100480.0 51182.0    523   88.375   1      7.124   95.499
109824.0 105984.0 288.0   0.0   7473728.0 5956084.2 15379136.0 10420994.1 100480.0 51182.0    524   88.407   1      7.124   95.531
99008.0 105984.0  0.0   16672.0 7473728.0 7433264.4 15379136.0 10421050.1 100480.0 51182.0    526   88.439   1      7.124   95.563
99008.0 105536.0 61271.5  0.0   7478464.0 3657626.8 15379136.0 10421090.1 100480.0 51182.0    526   88.475   1      7.124   95.598
115200.0 95872.0  0.0   95826.2 7478464.0 1264257.7 15379136.0 10482333.4 100480.0 51182.0    527   88.595   1      7.124   95.719
115200.0 124992.0 63150.4  0.0   7439552.0 1230759.0 15379136.0 10504244.3 100480.0 51182.0    528   88.693   1      7.124   95.817
117760.0 124992.0  0.0   41113.0 7439552.0 2620122.6 15379136.0 10567126.8 100480.0 51182.0    529   88.849   1      7.124   95.973
117760.0 116032.0 256.0   0.0   7455744.0 4538481.2 15379136.0 10608083.9 100480.0 51182.0    530   88.901   1      7.124   96.024
113408.0 116032.0  0.0   672.0  7455744.0 6692870.3 15379136.0 10608139.9 100480.0 51182.0    531   88.932   1      7.124   96.055
106496.0 110144.0  0.0   256.0  7465984.0 799700.4 15379136.0 10608545.6 100480.0 51182.0    533   89.058   1      7.124   96.182
106496.0 102400.0 352.0   0.0   7480640.0 115283.5 15379136.0 10608617.6 100480.0 51182.0    534   89.090   1      7.124   96.214
106496.0 102400.0 352.0   0.0   7480640.0 3749314.3 15379136.0 10608617.6 100480.0 51182.0    534   89.090   1      7.124   96.214
106496.0 102400.0 352.0   0.0   7480640.0 6408316.3 15379136.0 10608617.6 100480.0 51182.0    534   89.090   1      7.124   96.214
101824.0 102400.0  0.0   42315.4 7480640.0 363140.1 15379136.0 10608697.6 100480.0 51182.0    535   89.128   1      7.124   96.251
101824.0 102400.0  0.0   42315.4 7480640.0 1873732.8 15379136.0 10608697.6 100480.0 51182.0    535   89.128   1      7.124   96.251
101824.0 102400.0  0.0   42315.4 7480640.0 3449356.2 15379136.0 10608697.6 100480.0 51182.0    535   89.128   1      7.124   96.251
101824.0 102400.0  0.0   42315.4 7480640.0 4039943.2 15379136.0 10608697.6 100480.0 51182.0    535   89.128   1      7.124   96.251
101824.0 102400.0  0.0   42315.4 7480640.0 4686482.4 15379136.0 10608697.6 100480.0 51182.0    535   89.128   1      7.124   96.251
101824.0 102400.0  0.0   42315.4 7480640.0 6035754.5 15379136.0 10608697.6 100480.0 51182.0    535   89.128   1      7.124   96.251
101824.0 102400.0  0.0   42315.4 7480640.0 7455348.2 15379136.0 10608697.6 100480.0 51182.2    535   89.128   1      7.124   96.251
101824.0 98176.0 192.0   0.0   7489536.0 1066764.8 15379136.0 10629749.0 100480.0 51217.1    536   89.162   1      7.124   96.286
93760.0 98176.0  0.0   2752.5 7489536.0 1256404.1 15379136.0 10629797.0 100480.0 51217.6    537   89.196   1      7.124   96.320
93760.0 89728.0  96.0   0.0   7506048.0 262292.1 15379136.0 10632355.2 100480.0 51217.6    538   89.232   1      7.124   96.355
93760.0 89728.0  96.0   0.0   7506048.0 7067146.9 15379136.0 10632355.2 100480.0 51217.6    538   89.232   1      7.124   96.355
85568.0 89728.0  0.0   320.0  7506048.0 5671424.7 15379136.0 10632435.2 100480.0 51217.6    539   89.270   1      7.124   96.394
85568.0 81216.0 608.1   0.0   7522752.0 2489513.1 15379136.0 10632523.2 100480.0 51217.6    540   89.304   1      7.124   96.427
76992.0 81216.0  0.0   416.0  7522752.0 371341.6 15379136.0 10632912.9 100480.0 51217.6    541   89.337   1      7.124   96.461
76992.0 81216.0  0.0   416.0  7522752.0 6231967.6 15379136.0 10632912.9 100480.0 51217.6    541   89.337   1      7.124   96.461
76992.0 72768.0 416.0   0.0   7539776.0 5835049.4 15379136.0 10633121.0 100480.0 51217.6    542   89.369   1      7.124   96.493
68672.0 72768.0  0.0   288.0  7539776.0 6978057.6 15379136.0 10633329.0 100480.0 51217.6    543   89.404   1      7.124   96.528
60672.0 64576.0  0.0   448.0  7556288.0 990531.2 15379136.0 10633894.8 100480.0 51217.6    545   89.469   1      7.124   96.592
60672.0 56960.0 256.0   0.0   7571904.0 1017949.9 15379136.0 10634094.8 100480.0 51217.6    546   89.500   1      7.124   96.624
60672.0 56960.0 256.0   0.0   7571904.0 7477749.8 15379136.0 10634094.8 100480.0 51217.6    546   89.500   1      7.124   96.624
53312.0 56960.0  0.0   576.1  7571904.0 6775834.4 15379136.0 10634158.8 100480.0 51217.6    547   89.532   1      7.124   96.655
53312.0 49856.0 288.0   0.0   7586368.0 5429030.7 15379136.0 10634532.5 100480.0 51217.6    548   89.564   1      7.124   96.688
46592.0 49856.0  0.0   256.0  7586368.0 3228111.0 15379136.0 10634596.5 100480.0 51217.6    549   89.600   1      7.124   96.724
46592.0 49856.0  0.0   256.0  7586368.0 5699590.7 15379136.0 10634596.5 100480.0 51217.6    549   89.600   1      7.124   96.724
46592.0 49856.0  0.0   256.0  7586368.0 5845270.1 15379136.0 10634596.5 100480.0 51217.6    549   89.600   1      7.124   96.724
46592.0 49856.0  0.0   256.0  7586368.0 5845294.6 15379136.0 10634596.5 100480.0 51217.6    549   89.600   1      7.124   96.724
46592.0 49856.0  0.0   256.0  7586368.0 5845339.1 15379136.0 10634596.5 100480.0 51217.6    549   89.600   1      7.124   96.724
46592.0 49856.0  0.0   256.0  7586368.0 5845355.3 15379136.0 10634596.5 100480.0 51217.6    549   89.600   1      7.124   96.724
46592.0 49856.0  0.0   256.0  7586368.0 5845377.8 15379136.0 10634596.5 100480.0 51217.6    549   89.600   1      7.124   96.724
46592.0 49856.0  0.0   256.0  7586368.0 5845396.1 15379136.0 10634596.5 100480.0 51217.6    549   89.600   1      7.124   96.724
46592.0 49856.0  0.0   256.0  7586368.0 6607593.1 15379136.0 10634596.5 100480.0 51338.7    549   89.600   1      7.124   96.724
