 S0C    S1C    S0U    S1U      EC       EU        OC         OU       PC     PU    YGC     YGCT    FGC    FGCT     GCT   
961152.0 961152.0  0.0    0.0   5767232.0 115344.7 15379136.0    0.0     21248.0 2527.4      0    0.000   0      0.000    0.000
961152.0 961152.0  0.0    0.0   5767232.0 115344.7 15379136.0    0.0     21248.0 7637.5      0    0.000   0      0.000    0.000
961152.0 961152.0  0.0    0.0   5767232.0 346034.1 15379136.0    0.0     21248.0 14423.5      0    0.000   0      0.000    0.000
961152.0 961152.0  0.0    0.0   5767232.0 3460761.2 15379136.0    0.0     27968.0 27620.1      0    0.000   0      0.000    0.000
961152.0 961152.0  0.0    0.0   5767232.0 5652695.4 15379136.0    0.0     39104.0 38695.5      0    0.000   0      0.000    0.000
961152.0 961152.0  0.0   74248.3 5767232.0 995437.6 15379136.0    0.0     47744.0 47724.1      1    0.049   0      0.000    0.049
961152.0 961152.0  0.0   74248.3 5767232.0 3346180.4 15379136.0    0.0     48128.0 47990.0      1    0.049   0      0.000    0.049
961152.0 961152.0 93662.8  0.0   5767232.0 1403002.1 15379136.0    0.0     48128.0 48001.6      2    0.139   0      0.000    0.139
961152.0 961152.0 93662.8  0.0   5767232.0 4455318.9 15379136.0    0.0     48128.0 48030.9      2    0.139   0      0.000    0.139
961152.0 961152.0  0.0   149465.2 5767232.0 2263118.5 15379136.0    0.0     48128.0 48031.4      3    0.268   0      0.000    0.268
961152.0 961152.0 97161.2 149465.2 5767232.0 5767232.0 15379136.0    0.0     48128.0 48047.4      4    0.268   0      0.000    0.268
961152.0 961152.0 196831.2  0.0   5767232.0 3693109.0 15379136.0    0.0     48320.0 48218.9      4    0.447   0      0.000    0.447
300224.0 961152.0  0.0   273672.0 5767232.0 2009392.5 15379136.0    0.0     48320.0 48298.4      5    0.673   0      0.000    0.673
300224.0 368256.0 300223.2  0.0   6953024.0 4043625.7 15379136.0  18586.0   48320.0 48300.3      6    0.989   0      0.000    0.989
392192.0 282688.0  0.0   282656.2 6953024.0 189769.2 15379136.0  87074.4   48320.0 48300.8      7    1.361   0      0.000    1.361
392192.0 282688.0  0.0   282656.2 6953024.0 4883028.4 15379136.0  87074.4   48320.0 48301.6      7    1.361   0      0.000    1.361
392192.0 408896.0 289024.2  0.0   6871744.0 1835021.0 15379136.0  172578.4  48320.0 48303.7      8    1.654   0      0.000    1.654
392192.0 408896.0 289024.2  0.0   6871744.0 5696640.0 15379136.0  172578.4  48320.0 48305.9      8    1.654   0      0.000    1.654
403584.0 408896.0  0.0   249696.2 6871744.0 2273446.8 15379136.0  270322.6  48512.0 48402.4      9    1.933   0      0.000    1.933
403584.0 400256.0 120148.6  0.0   6885696.0 2293485.4 15379136.0  453874.7  48512.0 48414.3     10    2.219   0      0.000    2.219
406784.0 49472.0  0.0   49424.6 6885696.0 6738607.6 15379136.0  574087.6  48512.0 48438.0     12    2.411   0      0.000    2.411
420160.0 256.0   0.0   224.0  6857792.0 5135745.6 15379136.0  650871.7  48512.0 48443.0     13    2.488   0      0.000    2.488
414528.0 419328.0  0.0   288.0  6850048.0 4010168.4 15379136.0  650959.7  48512.0 48495.9     15    2.496   0      0.000    2.496
393728.0 405760.0  0.0   9760.1 6869248.0 2734189.0 15379136.0  654521.5  48512.0 48502.3     17    2.534   0      0.000    2.534
393728.0 379840.0 11792.4  0.0   6915968.0 2446760.3 15379136.0  663657.5  48704.0 48545.5     18    2.568   0      0.000    2.568
393728.0 379840.0 11792.4  0.0   6915968.0 5530105.7 15379136.0  663657.5  48704.0 48545.5     18    2.568   0      0.000    2.568
310080.0 333568.0  0.0   80864.1 6998976.0 6449416.2 15379136.0  780666.0  48704.0 48550.2     21    2.914   0      0.000    2.914
310080.0 288768.0 80704.1  0.0   7090688.0 2440753.9 15379136.0  853410.0  48704.0 48550.5     22    3.059   0      0.000    3.059
310080.0 288768.0 80704.1  0.0   7090688.0 6569146.9 15379136.0  853410.0  48704.0 48550.5     22    3.059   0      0.000    3.059
268608.0 255232.0 57347.2  0.0   7165696.0 2769336.7 15379136.0 1019583.0  48704.0 48552.0     24    3.351   0      0.000    3.351
243456.0 255232.0 160.0  51240.4 7165696.0 7165696.0 15379136.0 1113820.6  48704.0 48552.0     26    3.458   0      0.000    3.458
225664.0 238016.0  0.0   49550.8 7208064.0 6062172.7 15379136.0 1154684.6  48704.0 48554.8     27    3.634   0      0.000    3.634
217280.0 222272.0  0.0   256.0  7241600.0 3229277.0 15379136.0 1204203.3  48704.0 48558.3     29    3.683   0      0.000    3.683
217280.0 211072.0 192.0   0.0   7261184.0 3406449.1 15379136.0 1204267.3  48704.0 48561.6     30    3.693   0      0.000    3.693
217280.0 211072.0 192.0   0.0   7261184.0 5501686.1 15379136.0 1204267.3  49280.0 49179.7     30    3.693   0      0.000    3.693
219712.0 208640.0  0.0   208597.4 7261184.0 3111219.0 15379136.0 1318837.3  49280.0 49190.9     31    3.754   0      0.000    3.754
219712.0 260928.0 138836.9  0.0   7167680.0 2430490.5 15379136.0 1421310.2  49472.0 49288.9     32    3.807   0      0.000    3.807
245888.0 260928.0  0.0   84309.8 7167680.0 4536744.1 15379136.0 1559923.4  49472.0 49294.4     33    3.856   0      0.000    3.856
245888.0 231424.0 82564.9  0.0   7212224.0 7185737.8 15379136.0 1644001.3  49472.0 49295.0     35    3.892   0      0.000    3.892
212992.0 216576.0  0.0   288.0  7251008.0 261953.2 15379136.0 1783632.7  49472.0 49295.0     37    3.963   0      0.000    3.963
212992.0 216576.0  0.0   288.0  7251008.0 4623134.5 15379136.0 1783632.7  49472.0 49295.2     37    3.963   0      0.000    3.963
212992.0 207168.0 5216.1  0.0   7269376.0 3870972.8 15379136.0 1783688.7  49472.0 49303.1     38    3.977   0      0.000    3.977
195968.0 191488.0 288.0   0.0   7302080.0   0.0    15379136.0 1801119.4  49472.0 49303.2     40    4.015   0      0.000    4.015
212160.0 144640.0  0.0   144590.4 7302080.0 2911402.6 15379136.0 1801159.4  49472.0 49303.2     41    4.051   0      0.000    4.051
212160.0 197120.0 58923.8  0.0   7280256.0 2912893.2 15379136.0 1818117.3  49472.0 49303.9     42    4.076   0      0.000    4.076
212160.0 197120.0 58923.8  0.0   7280256.0 6501408.4 15379136.0 1818117.3  49472.0 49304.4     42    4.076   0      0.000    4.076
212160.0 197120.0 58923.8  0.0   7280256.0 6769945.8 15379136.0 1818117.3  49472.0 49306.0     42    4.076   0      0.000    4.076
212160.0 197120.0 58923.8  0.0   7280256.0 6769956.4 15379136.0 1818117.3  49472.0 49306.5     42    4.076   0      0.000    4.076
212160.0 197120.0 58923.8  0.0   7280256.0 6771881.6 15379136.0 1818117.3  49472.0 49306.7     42    4.076   0      0.000    4.076
212160.0 197120.0 58923.8  0.0   7280256.0 6771892.0 15379136.0 1818117.3  49472.0 49306.7     42    4.076   0      0.000    4.076
212160.0 197120.0 58923.8  0.0   7280256.0 6771922.3 15379136.0 1818117.3  49472.0 49307.8     42    4.076   0      0.000    4.076
212160.0 197120.0 58923.8  0.0   7280256.0 6771932.8 15379136.0 1818117.3  49472.0 49307.8     42    4.076   0      0.000    4.076
212160.0 197120.0 58923.8  0.0   7280256.0 6771943.3 15379136.0 1818117.3  49472.0 49307.8     42    4.076   0      0.000    4.076
212160.0 197120.0 58923.8  0.0   7280256.0 6771953.6 15379136.0 1818117.3  49472.0 49307.8     42    4.076   0      0.000    4.076
212160.0 197120.0 58923.8  0.0   7280256.0 6771962.0 15379136.0 1818117.3  49472.0 49307.8     42    4.076   0      0.000    4.076
212160.0 197120.0 58923.8  0.0   7280256.0 6771996.2 15379136.0 1818117.3  49472.0 49308.0     42    4.076   0      0.000    4.076
212160.0 197120.0 58923.8  0.0   7280256.0 6772005.0 15379136.0 1818117.3  49472.0 49308.2     42    4.076   0      0.000    4.076
212160.0 197120.0 58923.8  0.0   7280256.0 6772017.7 15379136.0 1818117.3  49472.0 49308.2     42    4.076   0      0.000    4.076
212160.0 197120.0 58923.8  0.0   7280256.0 6772026.1 15379136.0 1818117.3  49472.0 49308.5     42    4.076   0      0.000    4.076
212160.0 197120.0 58923.8  0.0   7280256.0 6772036.5 15379136.0 1818117.3  49472.0 49308.5     42    4.076   0      0.000    4.076
189504.0 197120.0  0.0   76224.5 7280256.0 982989.1 15379136.0 1818181.3  49472.0 49460.7     43    4.099   0      0.000    4.099
189504.0 197120.0  0.0   76224.5 7280256.0 3442279.8 15379136.0 1818181.3  49664.0 49636.2     43    4.099   0      0.000    4.099
189504.0 223744.0 188645.1  0.0   7242048.0 595706.8 15379136.0 1873336.7  49664.0 49641.6     44    4.161   0      0.000    4.161
189504.0 223744.0 188645.1 200764.3 7242048.0 7242048.0 15379136.0 2000108.9  49664.0 49642.2     45    4.161   0      0.000    4.161
245888.0 255808.0 132276.0  0.0   7177920.0 2366229.8 15379136.0 2215789.0  49664.0 49644.2     46    4.370   0      0.000    4.370
240768.0 255808.0  0.0   95185.2 7177920.0 6461590.2 15379136.0 2367296.3  49664.0 49644.5     47    4.494   0      0.000    4.494
219712.0 233984.0  0.0   84389.0 7214784.0 3025260.1 15379136.0 2522295.1  49664.0 49644.6     49    4.691   0      0.000    4.691
219712.0 208064.0 77046.2  0.0   7261760.0 7261760.0 15379136.0 2605420.2  49664.0 49644.6     51    4.819   0      0.000    4.819
205824.0 198528.0 48906.8  0.0   7285184.0 3265172.6 15379136.0 2707314.4  49664.0 49646.3     52    5.078   0      0.000    5.078
189312.0 198528.0  0.0   59576.1 7285184.0 7167022.4 15379136.0 2755586.9  49664.0 49646.6     53    5.176   0      0.000    5.176
175616.0 182784.0  0.0   85872.2 7317440.0 2364212.6 15379136.0 2840067.0  49664.0 49646.9     55    5.434   0      0.000    5.434
175616.0 173952.0 29600.0  0.0   7339968.0 5318950.5 15379136.0 2868995.0  49664.0 49647.4     56    5.640   0      0.000    5.640
163904.0 168512.0 109772.5  0.0   7352512.0 141052.4 15379136.0 2954183.7  49664.0 49647.7     58    5.994   0      0.000    5.994
161472.0 168512.0  0.0   82098.3 7352512.0 3226575.9 15379136.0 3001724.4  49664.0 49648.2     59    6.160   0      0.000    6.160
161472.0 153088.0 76357.1  0.0   7374976.0 6388233.1 15379136.0 3081516.1  49664.0 49650.5     60    6.280   0      0.000    6.280
152448.0 156352.0 104721.0  0.0   7376832.0 658621.7 15379136.0 3211946.2  49664.0 49651.9     62    6.563   0      0.000    6.563
150848.0 156352.0  0.0   61001.0 7376832.0 3120898.6 15379136.0 3274744.7  49664.0 49652.6     63    6.702   0      0.000    6.702
150848.0 149952.0 92727.9  0.0   7388736.0 6164990.9 15379136.0 3309273.7  49664.0 49656.9     64    6.808   0      0.000    6.808
143744.0 142976.0 40289.8  0.0   7402816.0 1021311.1 15379136.0 3419576.9  49664.0 49657.1     66    7.030   0      0.000    7.030
141504.0 142976.0  0.0   38816.0 7402816.0 3858452.9 15379136.0 3459754.7  49664.0 49657.9     67    7.138   0      0.000    7.138
141504.0 138624.0 42912.0  0.0   7409408.0 6888254.8 15379136.0 3498490.7  49664.0 49658.0     68    7.245   0      0.000    7.245
136704.0 132032.0 70298.6  0.0   7420800.0 216715.2 15379136.0 3575962.8  49664.0 49658.0     70    7.528   0      0.000    7.528
136704.0 132032.0 70298.6  0.0   7420800.0 6984647.6 15379136.0 3575962.8  49664.0 49658.7     70    7.528   0      0.000    7.528
136704.0 132032.0 70298.6  0.0   7420800.0 7044286.4 15379136.0 3575962.8  49856.0 49743.4     70    7.528   0      0.000    7.528
136704.0 132032.0 70298.6  0.0   7420800.0 7044925.2 15379136.0 3575962.8  49856.0 49743.4     70    7.528   0      0.000    7.528
136704.0 132032.0 70298.6  0.0   7420800.0 7045460.5 15379136.0 3575962.8  49856.0 49743.8     70    7.528   0      0.000    7.528
136704.0 132032.0 70298.6  0.0   7420800.0 7045481.4 15379136.0 3575962.8  49856.0 49743.8     70    7.528   0      0.000    7.528
136704.0 132032.0 70298.6  0.0   7420800.0 7045504.2 15379136.0 3575962.8  49856.0 49743.8     70    7.528   0      0.000    7.528
136704.0 132032.0 70298.6  0.0   7420800.0 7045523.0 15379136.0 3575962.8  49856.0 49744.1     70    7.528   0      0.000    7.528
136704.0 132032.0 70298.6  0.0   7420800.0 7045545.9 15379136.0 3575962.8  49856.0 49744.1     70    7.528   0      0.000    7.528
134016.0 132032.0  0.0   87491.3 7420800.0 495012.6 15379136.0 3646181.4  49856.0 49822.0     71    7.657   0      0.000    7.657
134016.0 132032.0  0.0   87491.3 7420800.0 4662504.2 15379136.0 3646181.4  49856.0 49827.8     71    7.657   0      0.000    7.657
134016.0 151872.0 132634.5  0.0   7385792.0 3197482.2 15379136.0 3741523.1  49856.0 49829.4     72    7.755   0      0.000    7.755
159424.0 144320.0  0.0   144263.2 7385792.0 6065148.8 15379136.0 3843905.8  49856.0 49833.2     73    7.819   0      0.000    7.819
163584.0 166336.0  0.0   40839.5 7356864.0 2691819.8 15379136.0 4058665.8  49856.0 49834.2     75    7.922   0      0.000    7.922
163584.0 166976.0 288.0   0.0   7355584.0 7355584.0 15379136.0 4099289.2  49856.0 49834.5     77    7.957   0      0.000    7.957
157568.0 161152.0 100113.4  0.0   7367232.0 3958469.0 15379136.0 4141395.8  49856.0 49835.9     78    8.041   0      0.000    8.041
154304.0 161152.0  0.0   75423.6 7367232.0 7328996.7 15379136.0 4192042.9  49856.0 49838.0     80    8.091   0      0.000    8.091
150400.0 146176.0  0.0   288.0  7389056.0 3906806.4 15379136.0 4262865.9  49856.0 49845.1     81    8.165   0      0.000    8.165
142080.0 146496.0  0.0   41540.8 7392640.0 852579.0 15379136.0 4363458.2  49856.0 49845.1     83    8.258   0      0.000    8.258
142080.0 136320.0 68013.6  0.0   7411136.0 4775740.6 15379136.0 4363530.2  49856.0 49846.2     84    8.295   0      0.000    8.295
135168.0 133248.0 25417.1  0.0   7421120.0 135382.5 15379136.0 4440524.3  49856.0 49847.1     86    8.370   0      0.000    8.370
134848.0 133248.0  0.0   352.0  7421120.0 1833622.5 15379136.0 4490782.5  49856.0 49847.1     87    8.413   0      0.000    8.413
134848.0 133248.0  0.0   352.0  7421120.0 6824132.4 15379136.0 4490782.5  49856.0 49847.1     87    8.413   0      0.000    8.413
134848.0 134784.0 320.0   0.0   7419904.0 1956190.0 15379136.0 4490846.5  49856.0 49847.1     88    8.449   0      0.000    8.449
134848.0 134784.0 320.0   0.0   7419904.0 1956875.2 15379136.0 4490846.5  49856.0 49847.1     88    8.449   0      0.000    8.449
134848.0 134784.0 320.0   0.0   7419904.0 1957075.7 15379136.0 4490846.5  49856.0 49847.6     88    8.449   0      0.000    8.449
134848.0 134784.0 320.0   0.0   7419904.0 1957094.7 15379136.0 4490846.5  49856.0 49847.6     88    8.449   0      0.000    8.449
134848.0 134784.0 320.0   0.0   7419904.0 1957115.8 15379136.0 4490846.5  49856.0 49847.6     88    8.449   0      0.000    8.449
134848.0 134784.0 320.0   0.0   7419904.0 3112793.2 15379136.0 4490846.5  50048.0 49875.2     88    8.449   0      0.000    8.449
134848.0 134784.0 320.0   0.0   7419904.0 3496032.2 15379136.0 4490846.5  50048.0 49878.6     88    8.449   0      0.000    8.449
134848.0 134784.0 320.0   0.0   7419904.0 3722194.4 15379136.0 4490846.5  50048.0 49878.6     88    8.449   0      0.000    8.449
134848.0 134784.0  0.0   134763.1 7419904.0 5460705.6 15379136.0 4769516.2  50048.0 49879.0     89    8.563   0      0.000    8.563
231552.0 246272.0  0.0   69792.1 7196992.0 477559.4 15379136.0 4932525.1  50048.0 49879.5     91    8.831   0      0.000    8.831
231552.0 218816.0 86080.1  0.0   7239168.0 3855798.7 15379136.0 4992037.2  50048.0 49879.5     92    8.997   0      0.000    8.997
206720.0 207360.0 224.0   0.0   7274816.0 6054126.0 15379136.0 5147903.0  50048.0 49938.9     94    9.314   0      0.000    9.314
226240.0 159040.0 131529.4 159018.1 7274816.0 7274816.0 15379136.0 5294415.7  50048.0 49990.5     96    9.494   0      0.000    9.494
226240.0 230848.0 131977.4  0.0   7227840.0 6455887.9 15379136.0 5299079.7  50048.0 49991.9     96    9.678   0      0.000    9.678
226304.0 230848.0  0.0   26208.0 7227840.0 5745269.4 15379136.0 5411007.9  50048.0 50024.9     97    9.819   0      0.000    9.819
226304.0 276608.0 226289.1  0.0   7136320.0 666325.5 15379136.0 5439697.9  50048.0 50028.3     98    9.948   0      0.000    9.948
226304.0 276608.0 226289.1 276598.1 7136320.0 7136320.0 15379136.0 5504786.5  50048.0 50029.1     99    9.948   0      0.000    9.948
276608.0 358784.0 163231.5  0.0   6971968.0 1089491.4 15379136.0 5725131.1  50048.0 50038.2    100   10.373   0      0.000   10.373
343680.0 358784.0  0.0   85216.1 6971968.0 3485322.3 15379136.0 5849828.0  50048.0 50038.4    101   10.549   0      0.000   10.549
343680.0 332928.0 60896.0  0.0   7012928.0 2672771.7 15379136.0 5932980.2  50048.0 50042.6    102   10.727   0      0.000   10.727
315136.0 332928.0  0.0   98768.7 7012928.0 670913.1 15379136.0 5989732.2  50048.0 50042.9    103   10.907   0      0.000   10.907
315136.0 332928.0  0.0   98768.7 7012928.0 2987801.9 15379136.0 5989732.2  50048.0 50043.1    103   10.907   0      0.000   10.907
315136.0 332928.0  0.0   98768.7 7012928.0 3821597.2 15379136.0 5989732.2  50240.0 50049.6    103   10.907   0      0.000   10.907
315136.0 332928.0  0.0   98768.7 7012928.0 3821687.3 15379136.0 5989732.2  50240.0 50049.6    103   10.907   0      0.000   10.907
315136.0 332928.0  0.0   98768.7 7012928.0 3821708.2 15379136.0 5989732.2  50240.0 50049.6    103   10.907   0      0.000   10.907
315136.0 332928.0  0.0   98768.7 7012928.0 3821776.0 15379136.0 5989732.2  50240.0 50049.9    103   10.907   0      0.000   10.907
315136.0 332928.0  0.0   98768.7 7012928.0 3821796.8 15379136.0 5989732.2  50240.0 50049.9    103   10.907   0      0.000   10.907
315136.0 332928.0  0.0   98768.7 7012928.0 3821820.1 15379136.0 5989732.2  50240.0 50049.9    103   10.907   0      0.000   10.907
315136.0 332928.0  0.0   98768.7 7012928.0 3821838.9 15379136.0 5989732.2  50240.0 50049.9    103   10.907   0      0.000   10.907
315136.0 332928.0  0.0   98768.7 7012928.0 3821861.8 15379136.0 5989732.2  50240.0 50051.9    103   10.907   0      0.000   10.907
315136.0 332928.0  0.0   98768.7 7012928.0 3821904.0 15379136.0 5989732.2  50240.0 50051.9    103   10.907   0      0.000   10.907
315136.0 332928.0  0.0   98768.7 7012928.0 3821927.6 15379136.0 5989732.2  50240.0 50051.9    103   10.907   0      0.000   10.907
315136.0 332928.0  0.0   98768.7 7012928.0 3821946.1 15379136.0 5989732.2  50240.0 50051.9    103   10.907   0      0.000   10.907
315136.0 332928.0  0.0   98768.7 7012928.0 3842048.5 15379136.0 5989732.2  50240.0 50051.9    103   10.907   0      0.000   10.907
321600.0 256.0   0.0   224.0  7049280.0 5250231.7 15379136.0 6268706.8  50240.0 50058.9    105   11.265   0      0.000   11.265
337920.0 356864.0  0.0   137866.8 6975808.0 158455.1 15379136.0 6497121.4  50240.0 50062.1    107   11.662   0      0.000   11.662
337920.0 326400.0 72475.5  0.0   7025216.0 3626049.4 15379136.0 6636569.8  50240.0 50062.6    108   11.907   0      0.000   11.907
319808.0 326400.0  0.0   41248.0 7025216.0 6561821.0 15379136.0 6709077.3  50240.0 50062.6    109   12.215   0      0.000   12.215
298816.0 304832.0  0.0   32640.0 7064896.0 3245250.5 15379136.0 6831893.4  50240.0 50064.3    111   12.502   0      0.000   12.502
298816.0 312768.0 193762.4  0.0   7064000.0 6134724.0 15379136.0 6864533.4  50240.0 50065.0    112   12.715   0      0.000   12.715
301376.0 282816.0 101831.0  0.0   7105344.0 1983633.2 15379136.0 7110611.6  50240.0 50066.4    114   13.078   0      0.000   13.078
283328.0 282816.0  0.0   224.0  7105344.0 7032888.8 15379136.0 7212221.2  50240.0 50066.8    116   13.130   0      0.000   13.130
268352.0 280832.0  0.0   45389.4 7125376.0 3678907.0 15379136.0 7212634.9  50240.0 50067.4    117   13.230   0      0.000   13.230
268352.0 251712.0 71012.5  0.0   7169472.0 5370751.1 15379136.0 7257800.4  50240.0 50069.9    118   13.282   0      0.000   13.282
236352.0 251712.0  0.0   71377.6 7169472.0 7080315.7 15379136.0 7328598.6  50240.0 50071.6    119   13.342   0      0.000   13.342
228096.0 235840.0  0.0   40714.1 7217344.0 2169397.0 15379136.0 7520581.2  50240.0 50072.4    121   13.479   0      0.000   13.479
228096.0 255360.0 193692.5  0.0   7178816.0 3624991.1 15379136.0 7561031.3  50240.0 50072.5    122   13.553   0      0.000   13.553
269696.0 174272.0  0.0   174267.2 7178816.0 6712375.1 15379136.0 7652015.7  50240.0 50072.5    123   13.629   0      0.000   13.629
255360.0 262528.0  0.0   50230.8 7157312.0 3402971.6 15379136.0 7819817.6  50240.0 50073.3    125   13.753   0      0.000   13.753
253888.0 255936.0  0.0   320.0  7177664.0 399752.6 15379136.0 7869838.2  50240.0 50073.3    127   13.858   0      0.000   13.858
253888.0 249728.0 372.1   0.0   7185920.0 2873188.0 15379136.0 7869902.4  50240.0 50148.2    128   13.910   0      0.000   13.910
243840.0 249728.0  0.0   320.0  7185920.0 439704.0 15379136.0 7869998.4  50240.0 50148.2    129   13.961   0      0.000   13.961
243840.0 249728.0  0.0   320.0  7185920.0 1109608.9 15379136.0 7869998.4  50240.0 50148.2    129   13.961   0      0.000   13.961
243840.0 249728.0  0.0   320.0  7185920.0 1109788.8 15379136.0 7869998.4  50240.0 50148.2    129   13.961   0      0.000   13.961
243840.0 249728.0  0.0   320.0  7185920.0 1109809.8 15379136.0 7869998.4  50240.0 50148.2    129   13.961   0      0.000   13.961
243840.0 249728.0  0.0   320.0  7185920.0 1109853.8 15379136.0 7869998.4  50240.0 50148.2    129   13.961   0      0.000   13.961
243840.0 249728.0  0.0   320.0  7185920.0 1109879.0 15379136.0 7869998.4  50240.0 50148.6    129   13.961   0      0.000   13.961
243840.0 249728.0  0.0   320.0  7185920.0 1109899.7 15379136.0 7869998.4  50240.0 50148.6    129   13.961   0      0.000   13.961
243840.0 249728.0  0.0   320.0  7185920.0 1109922.8 15379136.0 7869998.4  50240.0 50148.6    129   13.961   0      0.000   13.961
243840.0 249728.0  0.0   320.0  7185920.0 1109941.8 15379136.0 7869998.4  50240.0 50148.8    129   13.961   0      0.000   13.961
243840.0 249728.0  0.0   320.0  7185920.0 1109986.9 15379136.0 7869998.4  50240.0 50149.3    129   13.961   0      0.000   13.961
243840.0 249728.0  0.0   320.0  7185920.0 1110009.9 15379136.0 7869998.4  50240.0 50149.4    129   13.961   0      0.000   13.961
243840.0 249728.0  0.0   320.0  7185920.0 1110031.0 15379136.0 7869998.4  50240.0 50149.4    129   13.961   0      0.000   13.961
243840.0 249728.0  0.0   320.0  7185920.0 1110054.0 15379136.0 7869998.4  50240.0 50149.4    129   13.961   0      0.000   13.961
243840.0 249728.0  0.0   320.0  7185920.0 1110074.9 15379136.0 7869998.4  50240.0 50149.4    129   13.961   0      0.000   13.961
243840.0 249728.0  0.0   320.0  7185920.0 1726251.0 15379136.0 7869998.4  50240.0 50151.1    129   13.961   0      0.000   13.961
243840.0 268224.0 178355.5  0.0   7153088.0 1329077.7 15379136.0 7870062.4  50240.0 50153.0    130   14.047   0      0.000   14.047
280960.0 255488.0  0.0   255453.3 7153088.0 2884269.6 15379136.0 7947498.3  50240.0 50153.0    131   14.201   0      0.000   14.201
280960.0 354048.0 257256.8  0.0   6981440.0 5470977.1 15379136.0 8064893.0  50240.0 50153.0    132   14.382   0      0.000   14.382
334144.0 312640.0 100160.1  0.0   7042752.0 1232428.8 15379136.0 8326510.0  50240.0 50153.0    134   14.729   0      0.000   14.729
299328.0 312640.0  0.0   63072.0 7042752.0 3658899.0 15379136.0 8425646.1  50240.0 50154.6    135   14.896   0      0.000   14.896
299328.0 284608.0 72672.7  0.0   7105600.0 3740846.4 15379136.0 8488742.2  50240.0 50156.6    136   15.105   0      0.000   15.105
269824.0 284608.0  0.0   76832.2 7105600.0 6839370.6 15379136.0 8554388.6  50240.0 50158.9    137   15.255   0      0.000   15.255
266048.0 259392.0 119733.3  0.0   7164096.0 2700155.9 15379136.0 8759005.5  50240.0 50159.6    140   15.740   0      0.000   15.740
244672.0 245056.0 128.0   0.0   7199424.0 1310708.4 15379136.0 9002822.9  50240.0 50159.6    142   16.041   0      0.000   16.041
274432.0 215680.0  0.0   215659.7 7199424.0 4404435.3 15379136.0 9002830.9  50240.0 50159.6    143   16.223   0      0.000   16.223
274432.0 262720.0 79073.6  0.0   7152384.0 347090.3 15379136.0 9214994.1  50240.0 50159.6    144   16.462   0      0.000   16.462
274432.0 262720.0 79073.6  0.0   7152384.0 4918420.1 15379136.0 9214994.1  50240.0 50160.0    144   16.462   0      0.000   16.462
274432.0 353600.0 224.0   0.0   6982336.0 5643184.7 15379136.0 9606451.0  50240.0 50167.7    146   16.873   0      0.000   16.873
360000.0 348416.0 153624.1  0.0   6981120.0 507242.6 15379136.0 9794652.3  50240.0 50167.7    148   17.289   0      0.000   17.289
328832.0 348416.0  0.0   106502.9 6981120.0 4447935.3 15379136.0 9966689.2  50240.0 50168.8    149   17.526   0      0.000   17.526
328832.0 316800.0 70577.0 137333.7 7043904.0 7043904.0 15379136.0 10122273.1 50240.0 50168.8    151   17.744   0      0.000   17.744
311040.0 300672.0 69369.6  0.0   7077824.0 974968.4 15379136.0 10284358.8 50240.0 50168.9    152   18.252   0      0.000   18.252
289600.0 300672.0  0.0   71406.2 7077824.0 307319.3 15379136.0 10351608.4 50240.0 50169.1    153   18.415   0      0.000   18.415
289600.0 300672.0  0.0   71406.2 7077824.0 4016099.8 15379136.0 10351608.4 50240.0 50169.1    153   18.415   0      0.000   18.415
289600.0 300672.0  0.0   71406.2 7077824.0 5215753.4 15379136.0 10351608.4 50240.0 50169.8    153   18.415   0      0.000   18.415
289600.0 300672.0  0.0   71406.2 7077824.0 5215776.5 15379136.0 10351608.4 50240.0 50169.8    153   18.415   0      0.000   18.415
289600.0 300672.0  0.0   71406.2 7077824.0 5215797.6 15379136.0 10351608.4 50240.0 50170.2    153   18.415   0      0.000   18.415
289600.0 300672.0  0.0   71406.2 7077824.0 5215820.3 15379136.0 10351608.4 50240.0 50170.2    153   18.415   0      0.000   18.415
289600.0 300672.0  0.0   71406.2 7077824.0 5215841.0 15379136.0 10351608.4 50240.0 50170.2    153   18.415   0      0.000   18.415
289600.0 300672.0  0.0   71406.2 7077824.0 5215884.6 15379136.0 10351608.4 50240.0 50170.6    153   18.415   0      0.000   18.415
289600.0 300672.0  0.0   71406.2 7077824.0 5215907.1 15379136.0 10351608.4 50240.0 50170.6    153   18.415   0      0.000   18.415
289600.0 300672.0  0.0   71406.2 7077824.0 5215927.8 15379136.0 10351608.4 50240.0 50170.8    153   18.415   0      0.000   18.415
289600.0 300672.0  0.0   71406.2 7077824.0 5215948.9 15379136.0 10351608.4 50240.0 50170.8    153   18.415   0      0.000   18.415
289600.0 300672.0  0.0   71406.2 7077824.0 5215969.7 15379136.0 10351608.4 50240.0 50171.0    153   18.415   0      0.000   18.415
289600.0 300672.0  0.0   71406.2 7077824.0 5216017.5 15379136.0 10351608.4 50240.0 50171.0    153   18.415   0      0.000   18.415
289600.0 300672.0  0.0   71406.2 7077824.0 5216040.6 15379136.0 10351608.4 50240.0 50171.0    153   18.415   0      0.000   18.415
289600.0 300672.0  0.0   71406.2 7077824.0 5216061.3 15379136.0 10351608.4 50240.0 50171.1    153   18.415   0      0.000   18.415
289600.0 300672.0  0.0   71406.2 7077824.0 5216080.1 15379136.0 10351608.4 50240.0 50171.1    153   18.415   0      0.000   18.415
289600.0 300672.0  0.0   71406.2 7077824.0 5216102.8 15379136.0 10351608.4 50240.0 50171.6    153   18.415   0      0.000   18.415
289600.0 300672.0  0.0   71406.2 7077824.0 5216147.3 15379136.0 10351608.4 50240.0 50172.0    153   18.415   0      0.000   18.415
289600.0 300672.0  0.0   71406.2 7077824.0 5216169.9 15379136.0 10351608.4 50240.0 50172.2    153   18.415   0      0.000   18.415
289600.0 300672.0  0.0   71406.2 7077824.0 5216190.7 15379136.0 10351608.4 50240.0 50172.2    153   18.415   0      0.000   18.415
289600.0 300672.0  0.0   71406.2 7077824.0 5792221.7 15379136.0 10351608.4 50240.0 50174.9    153   18.415   0      0.000   18.415
289600.0 296192.0 176988.4 141249.0 7097152.0 7097152.0 15379136.0 10559635.5 50240.0 50175.6    155   18.650   0      0.000   18.650
287104.0 280000.0 63168.1  0.0   7122432.0 3467475.8 15379136.0 10676400.9 50240.0 50176.8    156   19.173   0      0.000   19.173
273408.0 280000.0 68944.4 55776.0 7122432.0 7122432.0 15379136.0 10753221.1 50240.0 50177.1    158   19.338   0      0.000   19.338
244736.0 259904.0  0.0   105472.1 7156224.0 3395989.6 15379136.0 10886213.5 50240.0 50179.9    159   19.754   0      0.000   19.754
244736.0 235008.0 82602.4  0.0   7209792.0 7065283.6 15379136.0 10991681.6 50240.0 50181.7    160   19.943   0      0.000   19.943
222464.0 221888.0 37212.9  0.0   7245184.0 3006378.2 15379136.0 11155765.1 50240.0 50181.7    162   20.187   0      0.000   20.187
210304.0 221888.0  0.0   91953.4 7245184.0 6651876.6 15379136.0 11192632.6 50240.0 50181.7    163   20.269   0      0.000   20.269
205888.0 208448.0 160.0   0.0   7272640.0 2603658.0 15379136.0 11289495.9 50240.0 50181.7    166   20.526   0      0.000   20.526
229696.0 170176.0  0.0   170159.7 7272640.0 6168657.2 15379136.0 11289495.9 50240.0 50181.7    167   20.651   0      0.000   20.651
225344.0 227776.0  0.0   6112.1 7232064.0 2949678.4 15379136.0 11423086.5 50240.0 50181.7    169   20.841   0      0.000   20.841
225344.0 219904.0 13635.1  0.0   7244288.0 6476452.1 15379136.0 11429028.3 50240.0 50184.2    170   20.930   0      0.000   20.930
204544.0 196928.0 82902.1  0.0   7288064.0 2766689.7 15379136.0 11508339.3 50240.0 50184.2    172   21.101   0      0.000   21.101
218624.0 217536.0 160.0   0.0   7253376.0 5470951.6 15379136.0 11752011.9 50240.0 50184.2    174   21.289   0      0.000   21.289
210944.0 198720.0 61610.7  0.0   7279872.0 1888677.0 15379136.0 11822781.9 50240.0 50184.2    176   21.459   0      0.000   21.459
197888.0 198720.0  0.0   256.0  7279872.0 6127680.0 15379136.0 11884228.7 50240.0 50184.2    177   21.543   0      0.000   21.543
184768.0 186688.0  0.0   320.0  7304960.0 96785.9  15379136.0 11934461.2 50240.0 50184.2    179   21.712   0      0.000   21.712
184768.0 186688.0  0.0   320.0  7304960.0 6903719.2 15379136.0 11934461.2 50240.0 50184.4    179   21.712   0      0.000   21.712
184768.0 181376.0 256.0   0.0   7323392.0 1848384.6 15379136.0 11934525.2 50240.0 50184.4    180   21.796   0      0.000   21.796
184768.0 181376.0 256.0   0.0   7323392.0 2717182.1 15379136.0 11934525.2 50240.0 50185.1    180   21.796   0      0.000   21.796
184768.0 181376.0 256.0   0.0   7323392.0 2717206.9 15379136.0 11934525.2 50240.0 50185.1    180   21.796   0      0.000   21.796
184768.0 181376.0 256.0   0.0   7323392.0 2717225.6 15379136.0 11934525.2 50240.0 50185.1    180   21.796   0      0.000   21.796
184768.0 181376.0 256.0   0.0   7323392.0 2717269.0 15379136.0 11934525.2 50240.0 50185.1    180   21.796   0      0.000   21.796
184768.0 181376.0 256.0   0.0   7323392.0 2717291.7 15379136.0 11934525.2 50240.0 50185.4    180   21.796   0      0.000   21.796
184768.0 181376.0 256.0   0.0   7323392.0 2717310.4 15379136.0 11934525.2 50240.0 50187.8    180   21.796   0      0.000   21.796
184768.0 181376.0 256.0   0.0   7323392.0 2717329.3 15379136.0 11934525.2 50240.0 50188.1    180   21.796   0      0.000   21.796
184768.0 181376.0 256.0   0.0   7323392.0 2717346.2 15379136.0 11934525.2 50240.0 50188.1    180   21.796   0      0.000   21.796
184768.0 181376.0 256.0   0.0   7323392.0 2717394.4 15379136.0 11934525.2 50240.0 50189.4    180   21.796   0      0.000   21.796
184768.0 181376.0 256.0   0.0   7323392.0 2717413.4 15379136.0 11934525.2 50240.0 50190.1    180   21.796   0      0.000   21.796
184768.0 181376.0 256.0   0.0   7323392.0 2717432.1 15379136.0 11934525.2 50240.0 50190.3    180   21.796   0      0.000   21.796
184768.0 181376.0 256.0   0.0   7323392.0 2717453.0 15379136.0 11934525.2 50240.0 50190.5    180   21.796   0      0.000   21.796
184768.0 181376.0 256.0   0.0   7323392.0 2717473.9 15379136.0 11934525.2 50240.0 50190.5    180   21.796   0      0.000   21.796
184768.0 181376.0 256.0   0.0   7323392.0 2717519.7 15379136.0 11934525.2 50240.0 50190.8    180   21.796   0      0.000   21.796
184768.0 181376.0 256.0   0.0   7323392.0 2717559.1 15379136.0 11934525.2 50240.0 50191.3    180   21.796   0      0.000   21.796
184768.0 181376.0 256.0   0.0   7323392.0 2717583.9 15379136.0 11934525.2 50240.0 50192.8    180   21.796   0      0.000   21.796
184768.0 181376.0 256.0   0.0   7323392.0 2717602.7 15379136.0 11934525.2 50240.0 50193.4    180   21.796   0      0.000   21.796
184768.0 181376.0 256.0   0.0   7323392.0 3868043.5 15379136.0 11934525.2 50240.0 50200.6    180   21.796   0      0.000   21.796
206656.0 154112.0  0.0   154049.7 7323392.0  1396.8  15379136.0 11934581.2 50240.0 50203.1    181   21.896   0      0.000   21.896
206656.0 204224.0 93662.3  0.0   7278656.0 2508287.6 15379136.0 12047072.4 50240.0 50203.4    182   22.046   0      0.000   22.046
230784.0 180096.0  0.0   180066.3 7278656.0 2628333.9 15379136.0 12126390.6 50240.0 50203.6    183   22.243   0      0.000   22.243
230784.0 220288.0 83616.1  0.0   7238464.0 1414446.3 15379136.0 12293608.9 50240.0 50203.6    184   22.443   0      0.000   22.443
209856.0 220288.0  0.0   53312.0 7238464.0 5367523.9 15379136.0 12375681.0 50240.0 50204.8    185   22.677   0      0.000   22.677
209856.0 197696.0 66061.2  32.0  7281984.0 7281984.0 15379136.0 12428017.1 50240.0 50205.8    187   23.000   0      0.000   23.000
195712.0 186496.0 60086.0  0.0   7307328.0 1573525.7 15379136.0 12583691.4 50240.0 50205.8    188   23.414   0      0.000   23.414
190016.0 186496.0  0.0   114365.1 7307328.0 2334446.3 15379136.0 12643193.4 50240.0 50206.9    189   23.594   0      0.000   23.594
190016.0 181248.0 64639.1  0.0   7318272.0 4319160.2 15379136.0 12749094.6 50240.0 50207.8    190   23.796   0      0.000   23.796
193280.0 177984.0 41459.2 177947.9 7318272.0 7318272.0 15379136.0 12889657.7 50240.0 50210.2    192   23.994   0      0.000   23.994
189952.0 197504.0  0.0   65504.1 7294528.0 2385626.1 15379136.0 13082311.8 50240.0 50210.2    193   24.390   0      0.000   24.390
189952.0 197504.0  0.0   65504.1 7294528.0 6428607.2 15379136.0 13082311.8 50240.0 50210.2    193   24.390   0      0.000   24.390
189952.0 182528.0 65754.0  0.0   7317056.0 4850016.7 15379136.0 13145215.9 50240.0 50210.2    194   24.548   0      0.000   24.548
192896.0 137600.0  32.0  137545.0 7317056.0 7317056.0 15379136.0 13169896.0 50240.0 50210.2    196   24.694   0      0.000   24.694
174592.0 183040.0  0.0   90886.8 7313600.0 1613805.3 15379136.0 13355390.1 50240.0 50211.7    197   25.180   0      0.000   25.180
174592.0 171136.0 102407.8  0.0   7343808.0 4944844.0 15379136.0 13444684.9 50240.0 50212.1    198   25.389   0      0.000   25.389
174784.0 182400.0 128.0   0.0   7324736.0 2695004.5 15379136.0 13670334.4 50240.0 50212.3    200   25.825   0      0.000   25.825
197952.0 152448.0  0.0   152410.8 7324736.0 777357.9 15379136.0 13670342.4 50240.0 50212.4    201   26.018   0      0.000   26.018
197952.0 152448.0  0.0   152410.8 7324736.0 3433914.0 15379136.0 13670342.4 50240.0 50212.8    201   26.018   0      0.000   26.018
197952.0 152448.0  0.0   152410.8 7324736.0 4352233.3 15379136.0 13670342.4 50240.0 50212.8    201   26.018   0      0.000   26.018
197952.0 152448.0  0.0   152410.8 7324736.0 5665756.8 15379136.0 13670342.4 50240.0 50212.8    201   26.018   0      0.000   26.018
197952.0 152448.0  0.0   152410.8 7324736.0 6973094.2 15379136.0 13670342.4 50240.0 50212.8    201   26.018   0      0.000   26.018
197952.0 208768.0 148703.7  0.0   7272000.0 775177.0 15379136.0 13818729.1 50240.0 50212.8    202   26.319   0      0.000   26.319
197952.0 208768.0 148703.7  0.0   7272000.0 1332991.6 15379136.0 13818729.1 50240.0 50212.8    202   26.319   0      0.000   26.319
197952.0 208768.0 148703.7  0.0   7272000.0 1333008.4 15379136.0 13818729.1 50240.0 50212.8    202   26.319   0      0.000   26.319
197952.0 208768.0 148703.7  0.0   7272000.0 1333056.4 15379136.0 13818729.1 50240.0 50212.8    202   26.319   0      0.000   26.319
197952.0 208768.0 148703.7  0.0   7272000.0 1333075.2 15379136.0 13818729.1 50240.0 50212.9    202   26.319   0      0.000   26.319
197952.0 208768.0 148703.7  0.0   7272000.0 1333095.8 15379136.0 13818729.1 50240.0 50213.1    202   26.319   0      0.000   26.319
197952.0 208768.0 148703.7  0.0   7272000.0 1333114.5 15379136.0 13818729.1 50240.0 50213.3    202   26.319   0      0.000   26.319
197952.0 208768.0 148703.7  0.0   7272000.0 1333135.2 15379136.0 13818729.1 50240.0 50213.9    202   26.319   0      0.000   26.319
197952.0 208768.0 148703.7  0.0   7272000.0 1333180.4 15379136.0 13818729.1 50240.0 50213.9    202   26.319   0      0.000   26.319
220736.0 159168.0  0.0   159112.2 7272000.0 1848626.6 15379136.0 13963392.8 50240.0 50217.8    203   26.588   0      0.000   26.588
220736.0 216640.0 123615.7  0.0   7252160.0 4215011.7 15379136.0 14073004.6 50240.0 50218.6    204   26.809   0      0.000   26.809
214272.0 214784.0 29024.0  0.0   7259968.0 309791.6 15379136.0 14217198.9 50240.0 50218.6    206   27.124   0      0.000   27.124
213248.0 214784.0  0.0   29920.0 7259968.0 3302713.9 15379136.0 14246150.9 50240.0 50218.6    207   27.482   0      0.000   27.482
213248.0 201856.0 78528.1  32.0  7274432.0 7274432.0 15379136.0 14276046.9 50240.0 50218.8    209   27.651   0      0.000   27.651
196288.0 189312.0 55547.6  0.0   7303936.0 3219531.2 15379136.0 14404303.8 50240.0 50220.8    210   27.978   0      0.000   27.978
183104.0 189312.0  0.0   51168.2 7303936.0 6565188.8 15379136.0 14481983.0 50240.0 50220.8    211   28.145   0      0.000   28.145
196544.0 198720.0  0.0   28480.1 7292096.0 2957439.6 15379136.0 14562461.5 50240.0 50223.0    213   28.394   0      0.000   28.394
196544.0 194240.0 21920.1  32.0  7298752.0 7298752.0 15379136.0 14590707.3 50240.0 50223.5    215   28.526   0      0.000   28.526
185024.0 174656.0 64592.1  0.0   7329856.0 3487035.0 15379136.0 14656491.4 50240.0 50223.9    216   28.825   0      0.000   28.825
169472.0 174656.0 224.0  38833.9 7329856.0 7329856.0 15379136.0 14726772.8 50240.0 50224.3    218   28.971   0      0.000   28.971
164736.0 168000.0  0.0   81648.1 7352064.0 3682491.0 15379136.0 14774980.1 50240.0 50224.4    219   29.214   0      0.000   29.214
164736.0 155072.0 61162.6  0.0   7369728.0 7345034.0 15379136.0 14908845.2 50240.0 50224.6    221   29.324   0      0.000   29.324
146816.0 143488.0 76726.0  0.0   7399232.0 3181413.8 15379136.0 14990908.2 50240.0 50224.9    222   29.540   0      0.000   29.540
139328.0 143488.0  0.0   74426.9 7399232.0 5933353.9 15379136.0 15067442.2 50240.0 50224.9    223   29.650   0      0.000   29.650
134720.0 135296.0  0.0   24443.2 7414912.0 843071.0 15379136.0 15133988.1 50240.0 50224.9    225   29.865   0      0.000   29.865
134720.0 137280.0 256.0   0.0   7414976.0 867031.3 15379136.0 15158227.4 50240.0 50224.9    226   29.972   0      0.000   29.972
134720.0 137280.0 256.0   0.0   7414976.0 4571804.8 15379136.0 15158227.4 50240.0 50224.9    226   29.972   0      0.000   29.972
134720.0 137280.0 256.0   0.0   7414976.0 7286721.0 15379136.0 15158227.4 50240.0 50224.9    226   29.972   0      0.000   29.972
137984.0 384.0   0.0   352.0  7414976.0 690926.2 15379136.0 15158307.4 50240.0 50224.9    227   30.089   0      0.000   30.089
137984.0 384.0   0.0   352.0  7414976.0 690948.9 15379136.0 15158307.4 50240.0 50224.9    227   30.089   0      0.000   30.089
137984.0 384.0   0.0   352.0  7414976.0 690969.5 15379136.0 15158307.4 50240.0 50224.9    227   30.089   0      0.000   30.089
137984.0 384.0   0.0   352.0  7414976.0 690990.2 15379136.0 15158307.4 50240.0 50224.9    227   30.089   0      0.000   30.089
137984.0 384.0   0.0   352.0  7414976.0 691009.0 15379136.0 15158307.4 50240.0 50224.9    227   30.089   0      0.000   30.089
137984.0 384.0   0.0   352.0  7414976.0 691055.1 15379136.0 15158307.4 50240.0 50224.9    227   30.089   0      0.000   30.089
137984.0 384.0   0.0   352.0  7414976.0 691075.9 15379136.0 15158307.4 50240.0 50224.9    227   30.089   0      0.000   30.089
137984.0 384.0   0.0   352.0  7414976.0 691096.6 15379136.0 15158307.4 50240.0 50224.9    227   30.089   0      0.000   30.089
137984.0 384.0   0.0   352.0  7414976.0 691115.5 15379136.0 15158307.4 50240.0 50224.9    227   30.089   0      0.000   30.089
137984.0 384.0   0.0   352.0  7414976.0 691136.2 15379136.0 15158307.4 50240.0 50224.9    227   30.089   0      0.000   30.089
137984.0 384.0   0.0   352.0  7414976.0 691176.9 15379136.0 15158307.4 50240.0 50224.9    227   30.089   0      0.000   30.089
137984.0 384.0   0.0   352.0  7414976.0 691199.9 15379136.0 15158307.4 50240.0 50224.9    227   30.089   0      0.000   30.089
137984.0 384.0   0.0   352.0  7414976.0 691218.6 15379136.0 15158307.4 50240.0 50224.9    227   30.089   0      0.000   30.089
137984.0 384.0   0.0   352.0  7414976.0 691235.5 15379136.0 15158307.4 50240.0 50224.9    227   30.089   0      0.000   30.089
137984.0 384.0   0.0   352.0  7414976.0 2114880.5 15379136.0 15158307.4 50240.0 50226.1    227   30.089   0      0.000   30.089
137984.0 178688.0 137953.5  0.0   7332160.0 2726878.4 15379136.0 15202851.7 50240.0 50227.2    228   30.229   0      0.000   30.229
137984.0 178688.0 137953.5  0.0   7332160.0 4352467.1 15379136.0 15202851.7 50240.0 50227.2    228   30.229   0      0.000   30.229
178688.0 178688.0  0.0   178658.5 7332160.0   0.0    15379136.0 15345548.4 50240.0 50227.2    229   30.427   1      0.000   30.427
178688.0 178688.0  0.0   178658.5 7332160.0   0.0    15379136.0 15345548.4 50240.0 50227.2    229   30.427   1      0.000   30.427
178688.0 178688.0  0.0   178658.5 7332160.0   0.0    15379136.0 15345548.4 50240.0 50227.2    229   30.427   1      0.000   30.427
178688.0 178688.0  0.0   178658.5 7332160.0   0.0    15379136.0 15345548.4 50240.0 50227.2    229   30.427   1      0.000   30.427
178688.0 261888.0 131858.9 128.0  7165760.0 44470.2  15379136.0 2963599.2  100480.0 50228.0    231   30.593   1      7.225   37.818
260544.0 244800.0 88416.1  0.0   7184192.0 2360915.1 15379136.0 3017231.3  100480.0 50228.0    232   31.040   1      7.225   38.266
230464.0 244800.0  0.0   88256.1 7184192.0 5323950.3 15379136.0 3067783.3  100480.0 50228.9    233   31.381   1      7.225   38.606
230464.0 231552.0 126489.2 64311.4 7226432.0 7226432.0 15379136.0 3232681.9  100480.0 50228.9    235   31.525   1      7.225   38.750
219264.0 219584.0 123532.4  0.0   7250368.0   0.0    15379136.0 3321659.8  100480.0 50229.4    236   32.104   1      7.225   39.329
229632.0 152704.0  0.0   152655.4 7250368.0 1245134.4 15379136.0 3436429.1  100480.0 50229.4    237   32.267   1      7.225   39.492
229632.0 234240.0 145208.1  0.0   7221056.0 1748841.7 15379136.0 3574228.5  100480.0 50229.5    238   32.442   1      7.225   39.667
257728.0 201024.0  0.0   201017.7 7221056.0 2691506.9 15379136.0 3708226.1  100480.0 50230.7    239   32.638   1      7.225   39.863
244224.0 255360.0  0.0   97651.9 7176448.0 132115.0 15379136.0 4035460.9  100480.0 50232.7    241   33.016   1      7.225   40.241
244224.0 236480.0 127716.8  0.0   7208832.0 1840771.6 15379136.0 4130080.7  100480.0 50232.7    242   33.191   1      7.225   40.416
235456.0 236480.0  0.0   144753.1 7208832.0 2278336.3 15379136.0 4255773.6  100480.0 50233.0    243   33.336   1      7.225   40.561
235456.0 227520.0 95270.3  0.0   7226560.0 939945.8 15379136.0 4391562.7  100480.0 50233.6    244   33.489   1      7.225   40.714
235456.0 227520.0 95270.3  0.0   7226560.0 4984153.1 15379136.0 4391562.7  100480.0 50234.8    244   33.489   1      7.225   40.714
217344.0 227520.0  0.0   109047.9 7226560.0 514781.1 15379136.0 4482681.0  100480.0 50234.8    245   33.651   1      7.225   40.876
217344.0 227520.0  0.0   109047.9 7226560.0 3058850.3 15379136.0 4482681.0  100480.0 50234.8    245   33.651   1      7.225   40.876
217344.0 227520.0  0.0   109047.9 7226560.0 4329953.0 15379136.0 4482681.0  100480.0 50234.8    245   33.651   1      7.225   40.876
217344.0 227520.0  0.0   109047.9 7226560.0 5595968.9 15379136.0 4482681.0  100480.0 50234.8    245   33.651   1      7.225   40.876
217344.0 227520.0  0.0   109047.9 7226560.0 6128550.7 15379136.0 4482681.0  100480.0 50234.8    245   33.651   1      7.225   40.876
217344.0 227520.0  0.0   109047.9 7226560.0 6153782.7 15379136.0 4482681.0  100480.0 50234.8    245   33.651   1      7.225   40.876
217344.0 227520.0  0.0   109047.9 7226560.0 6153805.1 15379136.0 4482681.0  100480.0 50234.8    245   33.651   1      7.225   40.876
217344.0 227520.0  0.0   109047.9 7226560.0 6153823.7 15379136.0 4482681.0  100480.0 50234.8    245   33.651   1      7.225   40.876
217344.0 227520.0  0.0   109047.9 7226560.0 6153846.5 15379136.0 4482681.0  100480.0 50234.8    245   33.651   1      7.225   40.876
217344.0 227520.0  0.0   109047.9 7226560.0 6153863.1 15379136.0 4482681.0  100480.0 50234.8    245   33.651   1      7.225   40.876
217344.0 227520.0  0.0   109047.9 7226560.0 6153907.6 15379136.0 4482681.0  100480.0 50234.8    245   33.651   1      7.225   40.876
217344.0 227520.0  0.0   109047.9 7226560.0 6153930.0 15379136.0 4482681.0  100480.0 50234.8    245   33.651   1      7.225   40.876
217344.0 227520.0  0.0   109047.9 7226560.0 6153946.5 15379136.0 4482681.0  100480.0 50234.8    245   33.651   1      7.225   40.876
217344.0 227520.0  0.0   109047.9 7226560.0 6153968.9 15379136.0 4482681.0  100480.0 50234.8    245   33.651   1      7.225   40.876
217344.0 227520.0  0.0   109047.9 7226560.0 6153985.4 15379136.0 4482681.0  100480.0 50234.8    245   33.651   1      7.225   40.876
217344.0 227520.0  0.0   109047.9 7226560.0 6154030.5 15379136.0 4482681.0  100480.0 50234.8    245   33.651   1      7.225   40.876
217344.0 227520.0  0.0   109047.9 7226560.0 6154069.3 15379136.0 4482681.0  100480.0 50234.8    245   33.651   1      7.225   40.876
217344.0 227520.0  0.0   109047.9 7226560.0 6154094.1 15379136.0 4482681.0  100480.0 50234.8    245   33.651   1      7.225   40.876
217344.0 212672.0 82005.0  0.0   7259520.0 2933635.6 15379136.0 4565820.4  100480.0 50235.3    246   33.827   1      7.225   41.052
205696.0 212672.0  0.0   119977.8 7259520.0 6276127.0 15379136.0 4634133.3  100480.0 50235.3    247   33.976   1      7.225   41.201
209536.0 216896.0  0.0   102816.2 7255744.0 1680695.2 15379136.0 4736957.3  100480.0 50235.3    249   34.262   1      7.225   41.487
209536.0 210816.0 54176.0  0.0   7267904.0 5750719.6 15379136.0 4839781.5  100480.0 50235.3    250   34.418   1      7.225   41.643
210240.0 217152.0 151776.2  0.0   7255232.0   0.0    15379136.0 4948413.5  100480.0 50235.3    252   35.031   1      7.225   42.256
215744.0 217152.0  0.0   54240.0 7255232.0 4041651.0 15379136.0 5100173.7  100480.0 50236.3    253   35.191   1      7.225   42.416
200832.0 205056.0  0.0   68580.4 7268736.0   0.0    15379136.0 5254996.6  100480.0 50236.3    255   35.441   1      7.225   42.667
200832.0 193536.0 83623.5  0.0   7295168.0 3701801.2 15379136.0 5333261.5  100480.0 50236.3    256   35.491   1      7.225   42.716
185152.0 193216.0 224.0   0.0   7303104.0 776476.6 15379136.0 5434469.9  100480.0 50236.3    258   35.578   1      7.225   42.803
197888.0 256.0   0.0   256.0  7303104.0 5827628.0 15379136.0 5434517.9  100480.0 50236.3    259   35.616   1      7.225   42.842
198720.0 199616.0  0.0   2208.2 7290304.0 1461077.9 15379136.0 5434613.9  100480.0 50237.0    261   35.693   1      7.225   42.918
198720.0 196288.0 94607.7  0.0   7294528.0 2806792.8 15379136.0 5436512.7  100480.0 50237.0    262   35.746   1      7.225   42.971
197376.0 196288.0  0.0   105498.2 7294528.0 6335895.4 15379136.0 5528864.5  100480.0 50237.4    263   35.827   1      7.225   43.052
190464.0 200704.0  0.0   62945.5 7288128.0 1490778.9 15379136.0 5728188.7  100480.0 50237.4    265   35.994   1      7.225   43.219
190464.0 203712.0 141873.3  0.0   7282112.0 5927595.2 15379136.0 5790978.5  100480.0 50237.4    266   36.066   1      7.225   43.291
196736.0 194432.0 104116.6  0.0   7298368.0 2542544.7 15379136.0 5983012.5  100480.0 50237.4    268   36.170   1      7.225   43.396
190464.0 194432.0  0.0   37554.6 7298368.0 6183898.5 15379136.0 6033464.4  100480.0 50237.4    269   36.211   1      7.225   43.436
182272.0 179712.0  0.0   288.0  7319360.0 513325.2 15379136.0 6054439.0  100480.0 50237.4    271   36.290   1      7.225   43.515
182272.0 179712.0  0.0   288.0  7319360.0 6475954.2 15379136.0 6054439.0  100480.0 50237.4    271   36.290   1      7.225   43.515
182272.0 182528.0 288.0   0.0   7324480.0 1557218.6 15379136.0 6054503.0  100480.0 50237.4    272   36.329   1      7.225   43.554
182272.0 182528.0 288.0   0.0   7324480.0 1557534.5 15379136.0 6054503.0  100480.0 50237.4    272   36.329   1      7.225   43.554
182272.0 182528.0 288.0   0.0   7324480.0 1557557.2 15379136.0 6054503.0  100480.0 50237.4    272   36.329   1      7.225   43.554
182272.0 182528.0 288.0   0.0   7324480.0 1557599.5 15379136.0 6054503.0  100480.0 50237.4    272   36.329   1      7.225   43.554
182272.0 182528.0 288.0   0.0   7324480.0 1557620.3 15379136.0 6054503.0  100480.0 50237.4    272   36.329   1      7.225   43.554
182272.0 182528.0 288.0   0.0   7324480.0 1557639.1 15379136.0 6054503.0  100480.0 50237.4    272   36.329   1      7.225   43.554
182272.0 182528.0 288.0   0.0   7324480.0 1557659.9 15379136.0 6054503.0  100480.0 50237.4    272   36.329   1      7.225   43.554
182272.0 182528.0 288.0   0.0   7324480.0 1557676.9 15379136.0 6054503.0  100480.0 50237.4    272   36.329   1      7.225   43.554
182272.0 182528.0 288.0   0.0   7324480.0 1557723.7 15379136.0 6054503.0  100480.0 50237.4    272   36.329   1      7.225   43.554
182272.0 182528.0 288.0   0.0   7324480.0 1557742.5 15379136.0 6054503.0  100480.0 50237.4    272   36.329   1      7.225   43.554
182272.0 182528.0 288.0   0.0   7324480.0 1557763.2 15379136.0 6054503.0  100480.0 50237.4    272   36.329   1      7.225   43.554
182272.0 182528.0 288.0   0.0   7324480.0 1557784.3 15379136.0 6054503.0  100480.0 50237.4    272   36.329   1      7.225   43.554
182272.0 182528.0 288.0   0.0   7324480.0 1557801.2 15379136.0 6054503.0  100480.0 50237.4    272   36.329   1      7.225   43.554
182272.0 182528.0 288.0   0.0   7324480.0 1557846.0 15379136.0 6054503.0  100480.0 50237.4    272   36.329   1      7.225   43.554
182272.0 182528.0 288.0   0.0   7324480.0 1557866.9 15379136.0 6054503.0  100480.0 50237.4    272   36.329   1      7.225   43.554
182272.0 182528.0 288.0   0.0   7324480.0 1568047.3 15379136.0 6054503.0  100480.0 50237.4    272   36.329   1      7.225   43.554
185600.0 102656.0  0.0   102636.8 7324480.0 2984561.4 15379136.0 6054567.0  100480.0 50618.7    273   36.372   1      7.225   43.597
185600.0 181376.0 20350.9  0.0   7322560.0 6940869.3 15379136.0 6079446.8  100480.0 50618.7    274   36.411   1      7.225   43.637
172800.0 171456.0 224.0   0.0   7345280.0 4562036.0 15379136.0 6140675.2  100480.0 50621.8    276   36.490   1      7.225   43.715
168704.0 164800.0 224.0   0.0   7356032.0 2046910.0 15379136.0 6140747.2  100480.0 50621.8    278   36.568   1      7.225   43.793
159936.0 164800.0  0.0   192.0  7356032.0 6551717.6 15379136.0 6140779.2  100480.0 50788.4    279   36.607   1      7.225   43.832
159360.0 153984.0  0.0   82028.6 7375616.0 1851901.8 15379136.0 6143478.5  100480.0 50788.4    281   36.688   1      7.225   43.913
159360.0 155264.0 61104.2  0.0   7374912.0 6389300.1 15379136.0 6245623.1  100480.0 50796.8    282   36.741   1      7.225   43.966
147584.0 139392.0 24864.0  0.0   7402560.0 3202458.3 15379136.0 6306808.8  100480.0 50796.8    284   36.821   1      7.225   44.046
135808.0 131328.0 1504.1  0.0   7422400.0   0.0    15379136.0 6306912.8  100480.0 50796.8    286   36.908   1      7.225   44.133
147840.0 103040.0  0.0   103033.4 7422400.0 3443574.8 15379136.0 6307902.5  100480.0 50796.8    287   36.951   1      7.225   44.176
138304.0 143424.0  0.0   896.1  7398272.0 470699.9 15379136.0 6349333.1  100480.0 50797.1    289   37.030   1      7.225   44.255
138304.0 129344.0 21138.5  0.0   7421888.0 2428655.8 15379136.0 6350007.7  100480.0 50797.1    290   37.071   1      7.225   44.296
124544.0 129344.0  0.0   224.0  7421888.0 2550339.7 15379136.0 6370926.3  100480.0 50797.1    291   37.111   1      7.225   44.336
124544.0 119424.0 288.0   0.0   7445568.0 250365.0 15379136.0 6370990.3  100480.0 50797.1    292   37.151   1      7.225   44.376
124544.0 119424.0 288.0   0.0   7445568.0 2050243.6 15379136.0 6370990.3  100480.0 50797.1    292   37.151   1      7.225   44.376
124544.0 119424.0 288.0   0.0   7445568.0 2468325.5 15379136.0 6370990.3  100480.0 50797.1    292   37.151   1      7.225   44.376
124544.0 119424.0 288.0   0.0   7445568.0 2468346.2 15379136.0 6370990.3  100480.0 50797.1    292   37.151   1      7.225   44.376
124544.0 119424.0 288.0   0.0   7445568.0 2468392.1 15379136.0 6370990.3  100480.0 50797.1    292   37.151   1      7.225   44.376
124544.0 119424.0 288.0   0.0   7445568.0 2468412.8 15379136.0 6370990.3  100480.0 50797.1    292   37.151   1      7.225   44.376
124544.0 119424.0 288.0   0.0   7445568.0 2468433.4 15379136.0 6370990.3  100480.0 50797.1    292   37.151   1      7.225   44.376
124544.0 119424.0 288.0   0.0   7445568.0 2468452.1 15379136.0 6370990.3  100480.0 50797.1    292   37.151   1      7.225   44.376
124544.0 119424.0 288.0   0.0   7445568.0 2468472.9 15379136.0 6370990.3  100480.0 50797.1    292   37.151   1      7.225   44.376
124544.0 119424.0 288.0   0.0   7445568.0 2468517.8 15379136.0 6370990.3  100480.0 50797.1    292   37.151   1      7.225   44.376
124544.0 119424.0 288.0   0.0   7445568.0 2468538.6 15379136.0 6370990.3  100480.0 50797.1    292   37.151   1      7.225   44.376
124544.0 119424.0 288.0   0.0   7445568.0 2468557.2 15379136.0 6370990.3  100480.0 50797.1    292   37.151   1      7.225   44.376
124544.0 119424.0 288.0   0.0   7445568.0 2468576.2 15379136.0 6370990.3  100480.0 50797.1    292   37.151   1      7.225   44.376
124544.0 119424.0 288.0   0.0   7445568.0 2468597.1 15379136.0 6370990.3  100480.0 50797.1    292   37.151   1      7.225   44.376
124544.0 119424.0 288.0   0.0   7445568.0 2468638.6 15379136.0 6370990.3  100480.0 50797.1    292   37.151   1      7.225   44.376
124544.0 119424.0 288.0   0.0   7445568.0 2468657.2 15379136.0 6370990.3  100480.0 50797.1    292   37.151   1      7.225   44.376
124544.0 119424.0 288.0   0.0   7445568.0 2468690.4 15379136.0 6370990.3  100480.0 50797.1    292   37.151   1      7.225   44.376
124544.0 119424.0 288.0   0.0   7445568.0 2581119.4 15379136.0 6370990.3  100480.0 51086.2    292   37.151   1      7.225   44.376
124544.0 119424.0 288.0   0.0   7445568.0 6137450.4 15379136.0 6370990.3  100480.0 51170.2    292   37.151   1      7.225   44.376
136000.0 159104.0 122409.9  0.0   7371328.0 1192207.4 15379136.0 6408027.5  100480.0 51170.5    294   37.250   1      7.225   44.475
147904.0 159104.0  0.0   42286.6 7371328.0 5572217.3 15379136.0 6428588.2  100480.0 51170.5    295   37.291   1      7.225   44.516
139520.0 144064.0  0.0   320.0  7397568.0 3064092.6 15379136.0 6470666.8  100480.0 51170.5    297   37.373   1      7.225   44.598
129088.0 134528.0  0.0   320.0  7415488.0 470220.0 15379136.0 6470778.8  100480.0 51170.5    299   37.454   1      7.225   44.680
129088.0 122880.0 3141.7  0.0   7437568.0 3057948.8 15379136.0 6470810.8  100480.0 51181.2    300   37.495   1      7.225   44.720
126656.0 122880.0  0.0   61300.9 7437568.0 6324122.0 15379136.0 6473734.2  100480.0 51182.0    301   37.536   1      7.225   44.762
113600.0 118080.0  0.0   608.0  7444800.0 3123462.1 15379136.0 6555386.5  100480.0 51182.0    303   37.619   1      7.225   44.844
113600.0 108864.0 256.0   0.0   7467072.0 7430786.3 15379136.0 6555762.5  100480.0 51182.0    304   37.659   1      7.225   44.884
103872.0 96000.0 21458.6  0.0   7489664.0 3364793.2 15379136.0 6556485.2  100480.0 51182.0    306   37.741   1      7.225   44.966
91776.0 96000.0  0.0   608.0  7489664.0 5437319.8 15379136.0 6577691.8  100480.0 51182.1    307   37.782   1      7.225   45.008
103424.0 107584.0  0.0   288.0  7474368.0 254803.1 15379136.0 6740031.0  100480.0 51182.1    309   37.873   1      7.225   45.098
103424.0 99072.0 288.0   0.0   7487040.0 159416.9 15379136.0 6740103.0  100480.0 51182.1    310   37.914   1      7.225   45.139
103424.0 99072.0 288.0   0.0   7487040.0 4502879.9 15379136.0 6740103.0  100480.0 51182.1    310   37.914   1      7.225   45.139
103424.0 99072.0 288.0   0.0   7487040.0 5894085.7 15379136.0 6740103.0  100480.0 51182.1    310   37.914   1      7.225   45.139
103424.0 99072.0 288.0   0.0   7487040.0 5894106.8 15379136.0 6740103.0  100480.0 51182.1    310   37.914   1      7.225   45.139
103424.0 99072.0 288.0   0.0   7487040.0 5894151.8 15379136.0 6740103.0  100480.0 51182.1    310   37.914   1      7.225   45.139
103424.0 99072.0 288.0   0.0   7487040.0 5894172.7 15379136.0 6740103.0  100480.0 51182.1    310   37.914   1      7.225   45.139
103424.0 99072.0 288.0   0.0   7487040.0 5894191.3 15379136.0 6740103.0  100480.0 51182.1    310   37.914   1      7.225   45.139
103424.0 99072.0 288.0   0.0   7487040.0 5894212.3 15379136.0 6740103.0  100480.0 51182.1    310   37.914   1      7.225   45.139
103424.0 99072.0 288.0   0.0   7487040.0 5894231.0 15379136.0 6740103.0  100480.0 51182.1    310   37.914   1      7.225   45.139
103424.0 99072.0 288.0   0.0   7487040.0 5894275.4 15379136.0 6740103.0  100480.0 51182.1    310   37.914   1      7.225   45.139
103424.0 99072.0 288.0   0.0   7487040.0 5894296.5 15379136.0 6740103.0  100480.0 51182.1    310   37.914   1      7.225   45.139
103424.0 99072.0 288.0   0.0   7487040.0 5894315.1 15379136.0 6740103.0  100480.0 51182.1    310   37.914   1      7.225   45.139
103424.0 99072.0 288.0   0.0   7487040.0 5894335.8 15379136.0 6740103.0  100480.0 51182.1    310   37.914   1      7.225   45.139
103424.0 99072.0 288.0   0.0   7487040.0 5894354.5 15379136.0 6740103.0  100480.0 51182.1    310   37.914   1      7.225   45.139
103424.0 99072.0 288.0   0.0   7487040.0 5894397.7 15379136.0 6740103.0  100480.0 51182.1    310   37.914   1      7.225   45.139
103424.0 99072.0 288.0   0.0   7487040.0 5894418.6 15379136.0 6740103.0  100480.0 51182.1    310   37.914   1      7.225   45.139
103424.0 99072.0 288.0   0.0   7487040.0 5894456.0 15379136.0 6740103.0  100480.0 51182.1    310   37.914   1      7.225   45.139
91392.0 99072.0  0.0   20736.5 7487040.0 3122771.2 15379136.0 6740167.0  100480.0 51188.0    311   37.955   1      7.225   45.181
91392.0 109760.0 88961.9  0.0   7470016.0 5656203.6 15379136.0 6785074.0  100480.0 51188.0    312   38.003   1      7.225   45.229
115648.0 126272.0 288.0   0.0   7436992.0 1905589.4 15379136.0 6969788.6  100480.0 51188.0    314   38.103   1      7.225   45.328
122048.0 126272.0  0.0   256.0  7436992.0 6631503.7 15379136.0 6969860.6  100480.0 51188.0    315   38.144   1      7.225   45.369
112448.0 117376.0  0.0   288.0  7450112.0 3707336.8 15379136.0 6969940.6  100480.0 51188.0    317   38.225   1      7.225   45.450
112448.0 107008.0 2016.2  0.0   7470080.0 7424579.3 15379136.0 6969980.6  100480.0 51189.1    319   38.266   1      7.225   45.491
113728.0 110784.0 40911.7  0.0   7465024.0 4605393.1 15379136.0 7033647.6  100480.0 51189.1    320   38.350   1      7.225   45.575
106688.0 110720.0 57229.5  0.0   7468096.0 1334030.4 15379136.0 7075061.1  100480.0 51189.3    322   38.433   1      7.225   45.658
106944.0 110720.0  0.0   320.0  7468096.0 5742543.6 15379136.0 7115626.7  100480.0 51189.3    323   38.475   1      7.225   45.700
103040.0 104768.0  0.0   42788.9 7477824.0 1601964.7 15379136.0 7115690.7  100480.0 51189.5    325   38.558   1      7.225   45.783
103040.0 100672.0 41804.7  0.0   7485824.0 6566744.3 15379136.0 7116992.5  100480.0 51189.5    326   38.599   1      7.225   45.824
98432.0 95680.0 256.0   0.0   7495424.0 1029633.4 15379136.0 7158601.2  100480.0 51190.9    328   38.690   1      7.225   45.915
98432.0 95680.0 256.0   0.0   7495424.0 7053837.3 15379136.0 7158601.2  100480.0 51190.9    328   38.690   1      7.225   45.915
92480.0 95680.0  0.0   288.0  7495424.0 2249032.7 15379136.0 7158665.2  100480.0 51190.9    329   38.736   1      7.225   45.961
92480.0 95680.0  0.0   288.0  7495424.0 2249378.2 15379136.0 7158665.2  100480.0 51190.9    329   38.736   1      7.225   45.961
92480.0 95680.0  0.0   288.0  7495424.0 2249395.1 15379136.0 7158665.2  100480.0 51190.9    329   38.736   1      7.225   45.961
92480.0 95680.0  0.0   288.0  7495424.0 2249419.7 15379136.0 7158665.2  100480.0 51190.9    329   38.736   1      7.225   45.961
92480.0 95680.0  0.0   288.0  7495424.0 2249460.7 15379136.0 7158665.2  100480.0 51191.2    329   38.736   1      7.225   45.961
92480.0 95680.0  0.0   288.0  7495424.0 2249483.3 15379136.0 7158665.2  100480.0 51191.2    329   38.736   1      7.225   45.961
92480.0 95680.0  0.0   288.0  7495424.0 2249501.9 15379136.0 7158665.2  100480.0 51191.2    329   38.736   1      7.225   45.961
92480.0 95680.0  0.0   288.0  7495424.0 2249520.4 15379136.0 7158665.2  100480.0 51191.2    329   38.736   1      7.225   45.961
92480.0 95680.0  0.0   288.0  7495424.0 2249538.9 15379136.0 7158665.2  100480.0 51191.2    329   38.736   1      7.225   45.961
92480.0 95680.0  0.0   288.0  7495424.0 2249584.6 15379136.0 7158665.2  100480.0 51191.2    329   38.736   1      7.225   45.961
92480.0 95680.0 480.0  288.0  7495424.0 7495424.0 15379136.0 7158673.2  100480.0 51246.6    330   38.736   1      7.225   45.961
120448.0 83328.0  0.0   83275.8 7473856.0 1532368.8 15379136.0 7293205.7  100480.0 51247.5    331   38.844   1      7.225   46.069
120448.0 113792.0 20683.1  0.0   7455296.0 6228508.0 15379136.0 7334824.7  100480.0 51247.5    332   38.885   1      7.225   46.110
110976.0 107584.0 320.0   0.0   7470976.0 3503218.6 15379136.0 7355331.8  100480.0 51247.5    334   38.969   1      7.225   46.194
103744.0 99584.0 320.0   0.0   7486208.0 730748.5 15379136.0 7355379.8  100480.0 51248.0    336   39.052   1      7.225   46.277
94848.0 99584.0  0.0   2656.2 7486208.0 2247988.5 15379136.0 7355435.8  100480.0 51248.0    337   39.093   1      7.225   46.318
94848.0 110528.0 81890.5  0.0   7468480.0 6019948.5 15379136.0 7378017.7  100480.0 51248.0    338   39.137   1      7.225   46.362
115456.0 108224.0 20858.1  0.0   7465856.0 2974334.6 15379136.0 7521319.8  100480.0 51248.0    340   39.228   1      7.225   46.453
103616.0 108224.0  32.0  8448.0 7465856.0 7465856.0 15379136.0 7542038.0  100480.0 51248.0    342   39.270   1      7.225   46.495
92992.0 100288.0  0.0   21538.5 7485632.0 3774056.1 15379136.0 7542118.0  100480.0 51249.0    343   39.352   1      7.225   46.577
83968.0 86464.0  0.0   576.0  7510080.0 865112.9 15379136.0 7563719.2  100480.0 51249.6    345   39.437   1      7.225   46.662
83968.0 81152.0 320.0   0.0   7524416.0 1860062.7 15379136.0 7564092.9  100480.0 51250.0    346   39.482   1      7.225   46.707
83968.0 81152.0 320.0   0.0   7524416.0 6286107.1 15379136.0 7564092.9  100480.0 51250.3    346   39.482   1      7.225   46.707
78144.0 81152.0  0.0   320.0  7524416.0 1188165.2 15379136.0 7564172.9  100480.0 51250.3    347   39.523   1      7.225   46.748
78144.0 81152.0  0.0   320.0  7524416.0 1188210.2 15379136.0 7564172.9  100480.0 51250.3    347   39.523   1      7.225   46.748
78144.0 81152.0  0.0   320.0  7524416.0 1188546.1 15379136.0 7564172.9  100480.0 51250.3    347   39.523   1      7.225   46.748
78144.0 81152.0  0.0   320.0  7524416.0 1188566.8 15379136.0 7564172.9  100480.0 51250.3    347   39.523   1      7.225   46.748
78144.0 81152.0  0.0   320.0  7524416.0 1188583.5 15379136.0 7564172.9  100480.0 51250.3    347   39.523   1      7.225   46.748
78144.0 81152.0  0.0   320.0  7524416.0 1188606.2 15379136.0 7564172.9  100480.0 51250.3    347   39.523   1      7.225   46.748
78144.0 81152.0  0.0   320.0  7524416.0 1188649.4 15379136.0 7564172.9  100480.0 51250.3    347   39.523   1      7.225   46.748
78144.0 81152.0  0.0   320.0  7524416.0 1188672.2 15379136.0 7564172.9  100480.0 51250.3    347   39.523   1      7.225   46.748
78144.0 81152.0  0.0   320.0  7524416.0 1188688.8 15379136.0 7564172.9  100480.0 51250.3    347   39.523   1      7.225   46.748
78144.0 81152.0  0.0   320.0  7524416.0 1188707.4 15379136.0 7564172.9  100480.0 51250.3    347   39.523   1      7.225   46.748
78144.0 81152.0  0.0   320.0  7524416.0 1188728.0 15379136.0 7564172.9  100480.0 51250.3    347   39.523   1      7.225   46.748
78144.0 81152.0  0.0   320.0  7524416.0 1188769.1 15379136.0 7564172.9  100480.0 51250.3    347   39.523   1      7.225   46.748
78144.0 89984.0 65608.4  0.0   7509568.0 966805.4 15379136.0 7665779.2  100480.0 51254.8    348   39.579   1      7.225   46.804
96448.0 57792.0  0.0   57764.4 7509568.0 5225468.6 15379136.0 7764086.0  100480.0 51254.8    349   39.632   1      7.225   46.857
93056.0 95296.0  0.0   224.0  7497792.0 1405132.5 15379136.0 7805362.5  100480.0 51254.8    351   39.718   1      7.225   46.943
93056.0 90304.0 256.0   0.0   7506176.0 6262297.0 15379136.0 7805402.5  100480.0 51254.8    352   39.760   1      7.225   46.985
87168.0 83712.0 256.0   0.0   7518656.0 3314145.1 15379136.0 7805482.5  100480.0 51254.9    354   39.844   1      7.225   47.069
79104.0 83712.0  0.0   23189.3 7518656.0 6486149.5 15379136.0 7805522.5  100480.0 51255.4    355   39.886   1      7.225   47.112
84288.0 61568.0  0.0   61557.6 7536512.0 2518455.6 15379136.0 7950687.3  100480.0 51258.0    357   39.983   1      7.225   47.208
84288.0 78464.0 20922.1  0.0   7526784.0 7059611.8 15379136.0 8052210.7  100480.0 51258.0    358   40.028   1      7.225   47.254
82816.0 81280.0 608.0   0.0   7525440.0 3730943.7 15379136.0 8072968.9  100480.0 51261.6    360   40.116   1      7.225   47.341
79104.0 73408.0 21106.5  0.0   7537024.0 614169.7 15379136.0 8074331.6  100480.0 51261.6    362   40.201   1      7.225   47.426
71616.0 73408.0  0.0   320.0  7537024.0 5394290.1 15379136.0 8095230.2  100480.0 51263.6    363   40.244   1      7.225   47.470
71616.0 69440.0 320.0   0.0   7548480.0 7211243.5 15379136.0 8095294.2  100480.0 51263.6    364   40.287   1      7.225   47.512
67008.0 69440.0  0.0   288.0  7548480.0 3022788.4 15379136.0 8095350.2  100480.0 51263.6    365   40.330   1      7.225   47.555
67008.0 69440.0  0.0   288.0  7548480.0 3589294.0 15379136.0 8095350.2  100480.0 51263.6    365   40.330   1      7.225   47.555
67008.0 69440.0  0.0   288.0  7548480.0 3589799.9 15379136.0 8095350.2  100480.0 51263.6    365   40.330   1      7.225   47.555
67008.0 69440.0  0.0   288.0  7548480.0 3589824.6 15379136.0 8095350.2  100480.0 51263.6    365   40.330   1      7.225   47.555
67008.0 69440.0  0.0   288.0  7548480.0 3589843.2 15379136.0 8095350.2  100480.0 51263.6    365   40.330   1      7.225   47.555
67008.0 69440.0  0.0   288.0  7548480.0 3589864.0 15379136.0 8095350.2  100480.0 51263.6    365   40.330   1      7.225   47.555
67008.0 69440.0  0.0   288.0  7548480.0 3589882.5 15379136.0 8095350.2  100480.0 51263.6    365   40.330   1      7.225   47.555
67008.0 69440.0  0.0   288.0  7548480.0 3589928.0 15379136.0 8095350.2  100480.0 51263.6    365   40.330   1      7.225   47.555
67008.0 69440.0  0.0   288.0  7548480.0 3589948.8 15379136.0 8095350.2  100480.0 51263.6    365   40.330   1      7.225   47.555
67008.0 69440.0  0.0   288.0  7548480.0 3589969.4 15379136.0 8095350.2  100480.0 51263.6    365   40.330   1      7.225   47.555
67008.0 69440.0  0.0   288.0  7548480.0 3589988.0 15379136.0 8095350.2  100480.0 51263.6    365   40.330   1      7.225   47.555
67008.0 69440.0  0.0   288.0  7548480.0 3590004.5 15379136.0 8095350.2  100480.0 51263.6    365   40.330   1      7.225   47.555
67008.0 69440.0  0.0   288.0  7548480.0 3590049.1 15379136.0 8095350.2  100480.0 51263.6    365   40.330   1      7.225   47.555
67008.0 69440.0  0.0   288.0  7548480.0 3590067.7 15379136.0 8095350.2  100480.0 51263.6    365   40.330   1      7.225   47.555
67008.0 69440.0  0.0   288.0  7548480.0 3590088.4 15379136.0 8095350.2  100480.0 51263.6    365   40.330   1      7.225   47.555
67008.0 69440.0  0.0   288.0  7548480.0 3590111.1 15379136.0 8095350.2  100480.0 51263.6    365   40.330   1      7.225   47.555
67008.0 69440.0  0.0   288.0  7548480.0 3590158.3 15379136.0 8095350.2  100480.0 51263.6    365   40.330   1      7.225   47.555
67008.0 69440.0  0.0   288.0  7548480.0 3590202.4 15379136.0 8095350.2  100480.0 51263.6    365   40.330   1      7.225   47.555
67008.0 69440.0  0.0   288.0  7548480.0 3590223.1 15379136.0 8095350.2  100480.0 51263.6    365   40.330   1      7.225   47.555
67008.0 69440.0  0.0   288.0  7548480.0 3590244.2 15379136.0 8095350.2  100480.0 51263.6    365   40.330   1      7.225   47.555
67008.0 69440.0  0.0   288.0  7548480.0 6178908.4 15379136.0 8095350.2  100480.0 51271.2    365   40.330   1      7.225   47.555
89984.0 62592.0  0.0   62557.4 7528768.0 579753.7 15379136.0 8262114.6  100480.0 51271.2    367   40.430   1      7.225   47.656
89984.0 87552.0 224.0   0.0   7512000.0 4541728.2 15379136.0 8344745.0  100480.0 51271.2    368   40.474   1      7.225   47.699
84736.0 81600.0 288.0   0.0   7523200.0 1784314.1 15379136.0 8344865.0  100480.0 51271.2    370   40.561   1      7.225   47.786
78208.0 81600.0  0.0   320.0  7523200.0 6001882.0 15379136.0 8344913.0  100480.0 51271.7    371   40.605   1      7.225   47.830
82304.0 81792.0  0.0   81741.0 7525440.0 1113892.9 15379136.0 8408164.1  100480.0 51272.0    373   40.699   1      7.225   47.925
82304.0 95744.0 640.0   0.0   7498048.0 5711550.2 15379136.0 8489653.3  100480.0 51272.0    374   40.744   1      7.225   47.969
95360.0 101824.0 61231.3  0.0   7485888.0 2415203.5 15379136.0 8531081.0  100480.0 51272.0    376   40.831   1      7.225   48.056
99456.0 101824.0  0.0   41653.2 7485888.0 6721297.4 15379136.0 8592088.5  100480.0 51277.3    377   40.875   1      7.225   48.100
91072.0 97344.0  0.0   21850.2 7492736.0 3646058.4 15379136.0 8592819.1  100480.0 51277.5    379   40.961   1      7.225   48.186
82816.0 88960.0  0.0   21426.6 7509504.0 258315.4 15379136.0 8614801.4  100480.0 51277.5    381   41.047   1      7.225   48.272
82816.0 80832.0 320.0   0.0   7525888.0 5012419.1 15379136.0 8636000.0  100480.0 51277.5    382   41.090   1      7.225   48.316
78400.0 80832.0  0.0   256.0  7525888.0 7011395.0 15379136.0 8636048.0  100480.0 51277.6    383   41.134   1      7.225   48.359
78400.0 75648.0 320.0   0.0   7535488.0 2907122.7 15379136.0 8636104.0  100480.0 51281.2    384   41.177   1      7.225   48.403
78400.0 75648.0 320.0   0.0   7535488.0 3714950.0 15379136.0 8636104.0  100480.0 51281.2    384   41.177   1      7.225   48.403
78400.0 75648.0 320.0   0.0   7535488.0 3715056.8 15379136.0 8636104.0  100480.0 51281.2    384   41.177   1      7.225   48.403
78400.0 75648.0 320.0   0.0   7535488.0 3715079.7 15379136.0 8636104.0  100480.0 51281.2    384   41.177   1      7.225   48.403
78400.0 75648.0 320.0   0.0   7535488.0 3715121.3 15379136.0 8636104.0  100480.0 51281.2    384   41.177   1      7.225   48.403
78400.0 75648.0 320.0   0.0   7535488.0 3715142.0 15379136.0 8636104.0  100480.0 51281.2    384   41.177   1      7.225   48.403
78400.0 75648.0 320.0   0.0   7535488.0 3715162.5 15379136.0 8636104.0  100480.0 51281.2    384   41.177   1      7.225   48.403
78400.0 75648.0 320.0   0.0   7535488.0 3715181.0 15379136.0 8636104.0  100480.0 51281.2    384   41.177   1      7.225   48.403
78400.0 75648.0 320.0   0.0   7535488.0 3715199.6 15379136.0 8636104.0  100480.0 51281.2    384   41.177   1      7.225   48.403
78400.0 75648.0 320.0   0.0   7535488.0 3715247.8 15379136.0 8636104.0  100480.0 51281.2    384   41.177   1      7.225   48.403
78400.0 75648.0 320.0   0.0   7535488.0 3715266.3 15379136.0 8636104.0  100480.0 51281.2    384   41.177   1      7.225   48.403
78400.0 75648.0 320.0   0.0   7535488.0 3715286.8 15379136.0 8636104.0  100480.0 51281.2    384   41.177   1      7.225   48.403
78400.0 75648.0 320.0   0.0   7535488.0 3715305.3 15379136.0 8636104.0  100480.0 51281.2    384   41.177   1      7.225   48.403
78400.0 75648.0 320.0   0.0   7535488.0 4344067.8 15379136.0 8636104.0  100480.0 51285.4    384   41.177   1      7.225   48.403
84160.0 69888.0  0.0   69856.5 7535488.0 6794917.2 15379136.0 8718072.0  100480.0 51285.4    385   41.235   1      7.225   48.460
101952.0 104832.0  0.0   224.0  7479872.0 2714108.4 15379136.0 8865589.3  100480.0 51286.3    387   41.339   1      7.225   48.564
101952.0 100544.0 42318.6  32.0  7487040.0 7487040.0 15379136.0 8865653.3  100480.0 51286.3    389   41.383   1      7.225   48.608
97792.0 94592.0 192.0   0.0   7497152.0 4607537.8 15379136.0 8907767.9  100480.0 51286.3    390   41.470   1      7.225   48.695
91072.0 86912.0 2720.2  0.0   7511552.0 219217.1 15379136.0 8907879.9  100480.0 51288.2    392   41.558   1      7.225   48.783
96448.0 81536.0  0.0   81501.0 7511552.0 3769309.9 15379136.0 8910410.7  100480.0 51288.8    393   41.602   1      7.225   48.827
97280.0 99584.0  0.0   36877.5 7490368.0 304996.8 15379136.0 8992408.0  100480.0 51288.9    395   41.690   1      7.225   48.915
97280.0 90304.0 21306.1  0.0   7501952.0 4569215.4 15379136.0 9012621.4  100480.0 51288.9    396   41.734   1      7.225   48.960
87488.0 80960.0 21458.6  0.0   7521088.0 1142994.5 15379136.0 9034337.4  100480.0 51289.1    398   41.823   1      7.225   49.048
78464.0 80960.0  0.0   608.0  7521088.0 4862415.3 15379136.0 9055544.0  100480.0 51289.1    399   41.867   1      7.225   49.093
78464.0 75776.0 288.0   0.0   7535296.0 5544451.0 15379136.0 9055880.0  100480.0 51289.1    400   41.915   1      7.225   49.140
72768.0 75776.0  0.0   288.0  7535296.0 2959635.2 15379136.0 9055944.0  100480.0 51289.7    401   41.959   1      7.225   49.184
72768.0 75776.0  0.0   288.0  7535296.0 4376858.8 15379136.0 9055944.0  100480.0 51289.7    401   41.959   1      7.225   49.184
72768.0 75776.0  0.0   288.0  7535296.0 4376938.8 15379136.0 9055944.0  100480.0 51289.7    401   41.959   1      7.225   49.184
72768.0 75776.0  0.0   288.0  7535296.0 5867503.4 15379136.0 9055944.0  100480.0 51289.7    401   41.959   1      7.225   49.184
72768.0 83968.0 61231.3  0.0   7521600.0 1067111.2 15379136.0 9076008.0  100480.0 51289.7    402   42.003   1      7.225   49.228
72768.0 83968.0 61231.3  0.0   7521600.0 3773897.8 15379136.0 9076008.0  100480.0 51289.7    402   42.003   1      7.225   49.228
72768.0 83968.0 61231.3  0.0   7521600.0 6569665.1 15379136.0 9076008.0  100480.0 51289.7    402   42.003   1      7.225   49.228
72768.0 83968.0 61231.3  0.0   7521600.0 6673204.6 15379136.0 9076008.0  100480.0 51289.7    402   42.003   1      7.225   49.228
72768.0 83968.0 61231.3  0.0   7521600.0 6673225.2 15379136.0 9076008.0  100480.0 51289.7    402   42.003   1      7.225   49.228
72768.0 83968.0 61231.3  0.0   7521600.0 6673270.7 15379136.0 9076008.0  100480.0 51289.7    402   42.003   1      7.225   49.228
72768.0 83968.0 61231.3  0.0   7521600.0 6673291.3 15379136.0 9076008.0  100480.0 51289.7    402   42.003   1      7.225   49.228
72768.0 83968.0 61231.3  0.0   7521600.0 6673309.9 15379136.0 9076008.0  100480.0 51289.7    402   42.003   1      7.225   49.228
72768.0 83968.0 61231.3  0.0   7521600.0 6673328.5 15379136.0 9076008.0  100480.0 51289.7    402   42.003   1      7.225   49.228
72768.0 83968.0 61231.3  0.0   7521600.0 6673349.2 15379136.0 9076008.0  100480.0 51289.7    402   42.003   1      7.225   49.228
72768.0 83968.0 61231.3  0.0   7521600.0 6673392.1 15379136.0 9076008.0  100480.0 51289.7    402   42.003   1      7.225   49.228
72768.0 83968.0 61231.3  0.0   7521600.0 6673412.7 15379136.0 9076008.0  100480.0 51289.7    402   42.003   1      7.225   49.228
72768.0 83968.0 61231.3  0.0   7521600.0 6673431.3 15379136.0 9076008.0  100480.0 51289.7    402   42.003   1      7.225   49.228
72768.0 83968.0 61231.3  0.0   7521600.0 6673451.8 15379136.0 9076008.0  100480.0 51289.7    402   42.003   1      7.225   49.228
79552.0 88960.0 60644.2  0.0   7511616.0   0.0    15379136.0 9141081.1  100480.0 51290.6    404   42.096   1      7.225   49.321
82816.0 88960.0  0.0   20628.7 7511616.0 3824363.7 15379136.0 9141141.2  100480.0 51290.6    405   42.141   1      7.225   49.366
78080.0 80640.0  0.0   224.0  7526080.0 308785.5 15379136.0 9161737.9  100480.0 51290.6    407   42.230   1      7.225   49.455
78080.0 75264.0 288.0   0.0   7536192.0 5002807.2 15379136.0 9161793.9  100480.0 51290.6    408   42.274   1      7.225   49.499
72256.0 69056.0 224.0   0.0   7548224.0 1934871.1 15379136.0 9161889.9  100480.0 51290.6    410   42.363   1      7.225   49.588
65216.0 69056.0  0.0   3648.3 7548224.0 3626651.2 15379136.0 9161921.9  100480.0 51290.9    411   42.408   1      7.225   49.633
65216.0 77888.0 61130.6  0.0   7533760.0 6876956.2 15379136.0 9247516.5  100480.0 51291.0    412   42.460   1      7.225   49.685
80512.0 77760.0 256.0   0.0   7531264.0 3954033.0 15379136.0 9349149.5  100480.0 51291.0    414   42.550   1      7.225   49.775
72000.0 69504.0 608.0   0.0   7548032.0 517863.7 15379136.0 9349269.5  100480.0 51292.0    416   42.639   1      7.225   49.864
66368.0 69504.0  0.0   22034.6 7548032.0 4836682.8 15379136.0 9349651.2  100480.0 51292.0    417   42.684   1      7.225   49.909
61760.0 64192.0  0.0   288.0  7558976.0 1572707.5 15379136.0 9371521.8  100480.0 51292.0    419   42.773   1      7.225   49.998
61760.0 59200.0 320.0   0.0   7568576.0 3125607.7 15379136.0 9371569.8  100480.0 51292.5    420   42.817   1      7.225   50.042
61760.0 59200.0 320.0   0.0   7568576.0 7320389.9 15379136.0 9371569.8  100480.0 51292.5    420   42.817   1      7.225   50.042
56512.0 59200.0  0.0   320.0  7568576.0 494829.5 15379136.0 9371633.8  100480.0 51292.5    421   42.861   1      7.225   50.086
56512.0 59200.0  0.0   320.0  7568576.0 495329.7 15379136.0 9371633.8  100480.0 51292.5    421   42.861   1      7.225   50.086
56512.0 59200.0  0.0   320.0  7568576.0 495350.3 15379136.0 9371633.8  100480.0 51292.5    421   42.861   1      7.225   50.086
56512.0 59200.0  0.0   320.0  7568576.0 495391.5 15379136.0 9371633.8  100480.0 51292.5    421   42.861   1      7.225   50.086
56512.0 59200.0  0.0   320.0  7568576.0 495414.1 15379136.0 9371633.8  100480.0 51292.5    421   42.861   1      7.225   50.086
56512.0 59200.0  0.0   320.0  7568576.0 495432.6 15379136.0 9371633.8  100480.0 51292.5    421   42.861   1      7.225   50.086
56512.0 59200.0  0.0   320.0  7568576.0 495453.1 15379136.0 9371633.8  100480.0 51292.5    421   42.861   1      7.225   50.086
56512.0 59200.0  0.0   320.0  7568576.0 495471.7 15379136.0 9371633.8  100480.0 51292.5    421   42.861   1      7.225   50.086
56512.0 59200.0  0.0   320.0  7568576.0 495517.1 15379136.0 9371633.8  100480.0 51292.5    421   42.861   1      7.225   50.086
56512.0 59200.0  0.0   320.0  7568576.0 495537.7 15379136.0 9371633.8  100480.0 51292.5    421   42.861   1      7.225   50.086
56512.0 59200.0  0.0   320.0  7568576.0 495558.3 15379136.0 9371633.8  100480.0 51292.5    421   42.861   1      7.225   50.086
56512.0 59200.0  0.0   320.0  7568576.0 495576.8 15379136.0 9371633.8  100480.0 51292.5    421   42.861   1      7.225   50.086
56512.0 59200.0  0.0   320.0  7568576.0 7169895.0 15379136.0 9371633.8  100480.0 51293.7    421   42.861   1      7.225   50.086
72256.0 62528.0  0.0   62510.4 7554752.0 2417083.6 15379136.0 9497905.6  100480.0 51293.7    423   42.955   1      7.225   50.180
72256.0 77056.0 256.0   0.0   7535424.0 6908330.2 15379136.0 9539481.7  100480.0 51293.7    424   42.998   1      7.225   50.224
74176.0 71040.0 288.0   0.0   7544320.0 4033913.3 15379136.0 9539593.7  100480.0 51293.7    426   43.088   1      7.225   50.313
67840.0 64576.0 288.0   0.0   7557120.0 1135613.3 15379136.0 9539705.7  100480.0 51293.7    428   43.177   1      7.225   50.402
63616.0 64576.0  0.0   23578.8 7557120.0 3252597.1 15379136.0 9539761.7  100480.0 51294.3    429   43.222   1      7.225   50.447
63616.0 76416.0 61223.8  0.0   7536704.0 7536704.0 15379136.0 9583441.9  100480.0 51294.3    431   43.269   1      7.225   50.494
78976.0 73344.0 20749.5  0.0   7537216.0 4310313.8 15379136.0 9705304.2  100480.0 51294.3    432   43.363   1      7.225   50.588
83776.0 81984.0 320.0   0.0   7523776.0 841509.0 15379136.0 9725893.7  100480.0 51294.3    434   43.453   1      7.225   50.679
79488.0 81984.0  0.0   1536.1 7523776.0 5212858.6 15379136.0 9725949.7  100480.0 51294.3    435   43.499   1      7.225   50.724
79296.0 81600.0  0.0   576.0  7526336.0 2363599.4 15379136.0 9768812.3  100480.0 51294.3    437   43.589   1      7.225   50.814
79296.0 76736.0 352.0   0.0   7533504.0 4599514.4 15379136.0 9769162.0  100480.0 51294.3    438   43.634   1      7.225   50.859
73920.0 76736.0  0.0   256.0  7533504.0 3843145.7 15379136.0 9769234.0  100480.0 51294.5    439   43.679   1      7.225   50.904
73920.0 76736.0  0.0   256.0  7533504.0 7214764.1 15379136.0 9769234.0  100480.0 51294.5    439   43.679   1      7.225   50.904
73920.0 76736.0  0.0   256.0  7533504.0 7214784.7 15379136.0 9769234.0  100480.0 51294.5    439   43.679   1      7.225   50.904
73920.0 76736.0  0.0   256.0  7533504.0 7215110.7 15379136.0 9769234.0  100480.0 51294.5    439   43.679   1      7.225   50.904
73920.0 76736.0  0.0   256.0  7533504.0 7215154.3 15379136.0 9769234.0  100480.0 51294.5    439   43.679   1      7.225   50.904
73920.0 76736.0  0.0   256.0  7533504.0 7215174.9 15379136.0 9769234.0  100480.0 51294.5    439   43.679   1      7.225   50.904
73920.0 76736.0  0.0   256.0  7533504.0 7215195.4 15379136.0 9769234.0  100480.0 51294.5    439   43.679   1      7.225   50.904
73920.0 76736.0  0.0   256.0  7533504.0 7215214.0 15379136.0 9769234.0  100480.0 51294.5    439   43.679   1      7.225   50.904
73920.0 76736.0  0.0   256.0  7533504.0 7215234.6 15379136.0 9769234.0  100480.0 51294.5    439   43.679   1      7.225   50.904
73920.0 76736.0  0.0   256.0  7533504.0 7215277.9 15379136.0 9769234.0  100480.0 51294.5    439   43.679   1      7.225   50.904
73920.0 76736.0  0.0   256.0  7533504.0 7215298.7 15379136.0 9769234.0  100480.0 51294.5    439   43.679   1      7.225   50.904
73920.0 76736.0  0.0   256.0  7533504.0 7215317.1 15379136.0 9769234.0  100480.0 51294.8    439   43.679   1      7.225   50.904
73920.0 76736.0  0.0   256.0  7533504.0 7215337.6 15379136.0 9769234.0  100480.0 51294.8    439   43.679   1      7.225   50.904
73920.0 69824.0 6304.5  0.0   7545792.0   0.0    15379136.0 9769290.0  100480.0 51295.2    440   43.724   1      7.225   50.949
81408.0 61376.0  0.0   61340.2 7545792.0 3179774.3 15379136.0 9851152.3  100480.0 51295.2    441   43.777   1      7.225   51.002
81408.0 90816.0 61835.0  0.0   7507904.0 7500650.8 15379136.0 9871713.0  100480.0 51295.2    443   43.823   1      7.225   51.048
88192.0 85184.0 288.0   0.0   7516160.0 4508177.4 15379136.0 9871841.0  100480.0 51295.2    444   43.913   1      7.225   51.138
81856.0 78400.0 288.0   0.0   7529280.0 1490053.5 15379136.0 9871961.0  100480.0 51295.2    446   44.004   1      7.225   51.229
74816.0 78400.0  0.0   288.0  7529280.0 5351518.8 15379136.0 9872041.0  100480.0 51296.2    447   44.049   1      7.225   51.274
74816.0 70592.0 3616.3  0.0   7544128.0 6671236.7 15379136.0 9872073.0  100480.0 51303.7    448   44.094   1      7.225   51.319
79808.0 89856.0 61377.8  0.0   7509824.0 2650080.3 15379136.0 10038119.9 100480.0 51303.7    450   44.199   1      7.225   51.424
86656.0 89856.0  0.0   320.0  7509824.0 7392749.6 15379136.0 10099765.4 100480.0 51303.7    452   44.245   1      7.225   51.470
79552.0 83264.0  0.0   640.0  7519616.0 4427641.7 15379136.0 10099877.4 100480.0 51303.7    453   44.338   1      7.225   51.563
72064.0 75712.0  0.0   21138.5 7534272.0 1150515.0 15379136.0 10101235.2 100480.0 51303.7    455   44.430   1      7.225   51.655
72064.0 68928.0 288.0   0.0   7548544.0 5775628.6 15379136.0 10122137.8 100480.0 51303.7    456   44.477   1      7.225   51.702
65600.0 68928.0  0.0   608.0  7548544.0 7206453.4 15379136.0 10122193.8 100480.0 51303.7    457   44.523   1      7.225   51.748
65600.0 62336.0 256.0   0.0   7561600.0 4178543.3 15379136.0 10122599.5 100480.0 51303.7    458   44.569   1      7.225   51.794
65600.0 62336.0 256.0   0.0   7561600.0 6111093.9 15379136.0 10122599.5 100480.0 51303.7    458   44.569   1      7.225   51.794
65600.0 62336.0 256.0   0.0   7561600.0 6111114.4 15379136.0 10122599.5 100480.0 51303.7    458   44.569   1      7.225   51.794
65600.0 62336.0 256.0   0.0   7561600.0 6111465.5 15379136.0 10122599.5 100480.0 51303.7    458   44.569   1      7.225   51.794
65600.0 62336.0 256.0   0.0   7561600.0 6111486.0 15379136.0 10122599.5 100480.0 51303.7    458   44.569   1      7.225   51.794
65600.0 62336.0 256.0   0.0   7561600.0 6111504.5 15379136.0 10122599.5 100480.0 51303.7    458   44.569   1      7.225   51.794
65600.0 62336.0 256.0   0.0   7561600.0 6111525.1 15379136.0 10122599.5 100480.0 51303.7    458   44.569   1      7.225   51.794
65600.0 62336.0 256.0   0.0   7561600.0 6111541.6 15379136.0 10122599.5 100480.0 51303.7    458   44.569   1      7.225   51.794
65600.0 62336.0 256.0   0.0   7561600.0 6111586.8 15379136.0 10122599.5 100480.0 51303.7    458   44.569   1      7.225   51.794
65600.0 62336.0 256.0   0.0   7561600.0 6111607.3 15379136.0 10122599.5 100480.0 51303.7    458   44.569   1      7.225   51.794
65600.0 62336.0 256.0   0.0   7561600.0 6111625.8 15379136.0 10122599.5 100480.0 51303.7    458   44.569   1      7.225   51.794
65600.0 62336.0 256.0   0.0   7561600.0 6111646.3 15379136.0 10122599.5 100480.0 51303.7    458   44.569   1      7.225   51.794
65600.0 62336.0 256.0   0.0   7561600.0 6111666.8 15379136.0 10122599.5 100480.0 51303.7    458   44.569   1      7.225   51.794
65600.0 62336.0 256.0   0.0   7561600.0 6111708.6 15379136.0 10122599.5 100480.0 51303.7    458   44.569   1      7.225   51.794
65600.0 62336.0 256.0   0.0   7561600.0 6111731.2 15379136.0 10122599.5 100480.0 51303.7    458   44.569   1      7.225   51.794
65600.0 62336.0 256.0   0.0   7561600.0 6111772.3 15379136.0 10122599.5 100480.0 51303.7    458   44.569   1      7.225   51.794
65600.0 62336.0 256.0   0.0   7561600.0 6111797.1 15379136.0 10122599.5 100480.0 51303.7    458   44.569   1      7.225   51.794
66816.0 37184.0  0.0   37120.4 7561600.0 6792985.0 15379136.0 10122663.5 100480.0 51310.4    459   44.616   1      7.225   51.841
87936.0 58688.0  0.0   58638.6 7531328.0 2017933.2 15379136.0 10248483.7 100480.0 51310.4    461   44.721   1      7.225   51.946
87936.0 88384.0 41460.1  0.0   7512768.0 6463274.3 15379136.0 10290550.3 100480.0 51310.4    462   44.767   1      7.225   51.993
86080.0 83392.0 288.0   0.0   7520064.0 3501882.5 15379136.0 10290622.3 100480.0 51310.4    464   44.860   1      7.225   52.085
80320.0 77056.0 640.0   0.0   7532160.0 624870.7 15379136.0 10290726.3 100480.0 51310.4    466   44.951   1      7.225   52.176
81024.0 43456.0  0.0   43437.4 7532160.0 2633029.9 15379136.0 10291112.9 100480.0 51310.4    467   44.997   1      7.225   52.222
81024.0 90624.0 61597.0  0.0   7508288.0 7005293.2 15379136.0 10354506.4 100480.0 51310.4    468   45.049   1      7.225   52.274
90368.0 88000.0 256.0   0.0   7511168.0 3817699.9 15379136.0 10456223.6 100480.0 51310.4    470   45.142   1      7.225   52.367
97472.0 94848.0 640.0   0.0   7497216.0 135810.6 15379136.0 10456287.6 100480.0 51310.4    472   45.237   1      7.225   52.462
88192.0 94848.0  0.0   21594.2 7497216.0 4662398.2 15379136.0 10456677.3 100480.0 51310.8    473   45.283   1      7.225   52.508
80320.0 82240.0  0.0   608.0  7519104.0 1793784.1 15379136.0 10498890.1 100480.0 51310.8    475   45.376   1      7.225   52.601
80320.0 77952.0 320.0   0.0   7531264.0 1326969.6 15379136.0 10499263.8 100480.0 51310.8    476   45.434   1      7.225   52.660
80320.0 77952.0 320.0   0.0   7531264.0 6819689.2 15379136.0 10499263.8 100480.0 51310.8    476   45.434   1      7.225   52.660
75328.0 77952.0  0.0   288.0  7531264.0 1448578.7 15379136.0 10499335.8 100480.0 51310.8    477   45.481   1      7.225   52.706
75328.0 77952.0  0.0   288.0  7531264.0 1448601.4 15379136.0 10499335.8 100480.0 51310.8    477   45.481   1      7.225   52.706
75328.0 77952.0  0.0   288.0  7531264.0 1448746.7 15379136.0 10499335.8 100480.0 51310.8    477   45.481   1      7.225   52.706
75328.0 77952.0  0.0   288.0  7531264.0 1448790.3 15379136.0 10499335.8 100480.0 51310.8    477   45.481   1      7.225   52.706
75328.0 77952.0  0.0   288.0  7531264.0 1448811.0 15379136.0 10499335.8 100480.0 51310.8    477   45.481   1      7.225   52.706
75328.0 77952.0  0.0   288.0  7531264.0 1448829.5 15379136.0 10499335.8 100480.0 51310.8    477   45.481   1      7.225   52.706
75328.0 77952.0  0.0   288.0  7531264.0 1448848.1 15379136.0 10499335.8 100480.0 51310.8    477   45.481   1      7.225   52.706
75328.0 77952.0  0.0   288.0  7531264.0 1448866.5 15379136.0 10499335.8 100480.0 51310.8    477   45.481   1      7.225   52.706
75328.0 77952.0  0.0   288.0  7531264.0 1448913.8 15379136.0 10499335.8 100480.0 51310.8    477   45.481   1      7.225   52.706
75328.0 77952.0  0.0   288.0  7531264.0 1448934.3 15379136.0 10499335.8 100480.0 51310.8    477   45.481   1      7.225   52.706
75328.0 77952.0  0.0   288.0  7531264.0 1448954.9 15379136.0 10499335.8 100480.0 51310.8    477   45.481   1      7.225   52.706
75328.0 77952.0  0.0   288.0  7531264.0 3227203.7 15379136.0 10499335.8 100480.0 51313.2    477   45.481   1      7.225   52.706
75328.0 87552.0 65980.0  0.0   7514432.0 4836358.6 15379136.0 10630234.0 100480.0 51313.2    478   45.543   1      7.225   52.769
88320.0 85952.0 288.0   0.0   7515264.0 1425621.0 15379136.0 10758303.7 100480.0 51313.2    480   45.642   1      7.225   52.868
83200.0 85952.0  0.0   224.0  7515264.0 6066428.5 15379136.0 10758367.7 100480.0 51313.2    481   45.689   1      7.225   52.914
76864.0 80128.0  0.0   288.0  7526208.0 2877946.3 15379136.0 10758487.7 100480.0 51313.2    483   45.789   1      7.225   53.015
76864.0 73408.0 288.0   0.0   7539264.0 6453648.0 15379136.0 10758551.7 100480.0 51313.8    484   45.836   1      7.225   53.061
70784.0 74688.0 40831.9  0.0   7540160.0 2743989.1 15379136.0 10781594.7 100480.0 51314.2    486   45.931   1      7.225   53.156
71808.0 74688.0  0.0   1216.1 7540160.0 6639447.0 15379136.0 10822286.7 100480.0 51314.2    487   45.978   1      7.225   53.203
76096.0 63552.0  0.0   63538.3 7549888.0 2641881.0 15379136.0 10965654.9 100480.0 51314.2    489   46.086   1      7.225   53.311
76096.0 77568.0 1504.1  0.0   7534400.0 6905651.0 15379136.0 10986198.6 100480.0 51314.2    490   46.133   1      7.225   53.358
79872.0 77632.0 256.0   0.0   7532032.0 4032160.3 15379136.0 11028527.9 100480.0 51314.2    492   46.227   1      7.225   53.452
74944.0 70528.0 21106.5  0.0   7544064.0 1056661.0 15379136.0 11029269.6 100480.0 51314.2    494   46.320   1      7.225   53.545
68288.0 70528.0  0.0   352.0  7544064.0 5425407.7 15379136.0 11050152.2 100480.0 51314.2    495   46.367   1      7.225   53.592
68288.0 65728.0 320.0   0.0   7555520.0 3613279.5 15379136.0 11050224.2 100480.0 51314.2    496   46.422   1      7.225   53.647
68288.0 65728.0 320.0   0.0   7555520.0 5893768.0 15379136.0 11050224.2 100480.0 51314.7    496   46.422   1      7.225   53.647
68288.0 65728.0 320.0   0.0   7555520.0 6053364.4 15379136.0 11050224.2 100480.0 51314.7    496   46.422   1      7.225   53.647
68288.0 65728.0 320.0   0.0   7555520.0 6053863.6 15379136.0 11050224.2 100480.0 51314.7    496   46.422   1      7.225   53.647
68288.0 65728.0 320.0   0.0   7555520.0 6053909.2 15379136.0 11050224.2 100480.0 51314.7    496   46.422   1      7.225   53.647
68288.0 65728.0 320.0   0.0   7555520.0 6053927.8 15379136.0 11050224.2 100480.0 51314.7    496   46.422   1      7.225   53.647
68288.0 65728.0 320.0   0.0   7555520.0 6053948.4 15379136.0 11050224.2 100480.0 51314.7    496   46.422   1      7.225   53.647
68288.0 65728.0 320.0   0.0   7555520.0 6053968.9 15379136.0 11050224.2 100480.0 51314.7    496   46.422   1      7.225   53.647
68288.0 65728.0 320.0   0.0   7555520.0 6053989.5 15379136.0 11050224.2 100480.0 51314.7    496   46.422   1      7.225   53.647
68288.0 65728.0 320.0   0.0   7555520.0 6054032.9 15379136.0 11050224.2 100480.0 51314.7    496   46.422   1      7.225   53.647
68288.0 65728.0 320.0   0.0   7555520.0 6054053.5 15379136.0 11050224.2 100480.0 51314.7    496   46.422   1      7.225   53.647
68288.0 65728.0 320.0   0.0   7555520.0 6054072.0 15379136.0 11050224.2 100480.0 51314.7    496   46.422   1      7.225   53.647
68288.0 65728.0 320.0   0.0   7555520.0 6054092.5 15379136.0 11050224.2 100480.0 51314.7    496   46.422   1      7.225   53.647
68288.0 65728.0 320.0   0.0   7555520.0 6054111.0 15379136.0 11050224.2 100480.0 51314.7    496   46.422   1      7.225   53.647
68928.0 37056.0  0.0   37024.5 7555520.0 7146559.3 15379136.0 11050272.2 100480.0 51318.4    497   46.469   1      7.225   53.695
87936.0 61120.0  0.0   61074.6 7531840.0 1990742.2 15379136.0 11258653.7 100480.0 51318.4    499   46.585   1      7.225   53.810
87936.0 85824.0 224.0   0.0   7515776.0 6729701.1 15379136.0 11340049.0 100480.0 51318.4    500   46.632   1      7.225   53.857
83264.0 80320.0 288.0   0.0   7525952.0 3688310.1 15379136.0 11340121.0 100480.0 51318.4    502   46.727   1      7.225   53.952
77184.0 73664.0 1504.1  0.0   7538688.0 548540.2 15379136.0 11340217.0 100480.0 51318.4    504   46.821   1      7.225   54.046
77888.0 42240.0  0.0   42221.2 7538688.0 3226021.2 15379136.0 11341526.8 100480.0 51318.4    505   46.869   1      7.225   54.094
77888.0 80512.0 41103.9  0.0   7528512.0 7021173.8 15379136.0 11383544.1 100480.0 51318.4    506   46.917   1      7.225   54.142
89984.0 87488.0 224.0   0.0   7512064.0 4049053.7 15379136.0 11526189.0 100480.0 51318.4    508   47.018   1      7.225   54.243
84224.0 80960.0 1248.1  0.0   7524352.0 734334.2 15379136.0 11526293.0 100480.0 51318.4    510   47.112   1      7.225   54.337
75648.0 80960.0  0.0   20648.3 7524352.0 5380116.3 15379136.0 11527290.8 100480.0 51318.4    511   47.160   1      7.225   54.385
69248.0 72960.0  0.0   21714.6 7540928.0 2212661.0 15379136.0 11547695.2 100480.0 51318.4    513   47.256   1      7.225   54.481
69248.0 66880.0 320.0   0.0   7553408.0 4298239.7 15379136.0 11569207.5 100480.0 51318.4    514   47.304   1      7.225   54.529
64000.0 66880.0  0.0   1792.2 7553408.0 1969902.3 15379136.0 11569247.5 100480.0 51318.4    515   47.351   1      7.225   54.576
64000.0 66880.0  0.0   1792.2 7553408.0 5231150.9 15379136.0 11569247.5 100480.0 51318.4    515   47.351   1      7.225   54.576
64000.0 66880.0  0.0   1792.2 7553408.0 6437344.1 15379136.0 11569247.5 100480.0 51318.4    515   47.351   1      7.225   54.576
64000.0 76864.0 62169.3  0.0   7535808.0 646801.6 15379136.0 11611897.9 100480.0 51320.7    516   47.400   1      7.225   54.625
64000.0 76864.0 62169.3  0.0   7535808.0 2569926.2 15379136.0 11611897.9 100480.0 51324.7    516   47.400   1      7.225   54.625
64000.0 76864.0 62169.3  0.0   7535808.0 5180954.9 15379136.0 11611897.9 100480.0 51327.9    516   47.400   1      7.225   54.625
74176.0 76864.0  0.0   256.0  7535808.0 354484.0 15379136.0 11673767.4 100480.0 51328.8    517   47.449   1      7.225   54.674
74176.0 76864.0  0.0   256.0  7535808.0 3094962.3 15379136.0 11673767.4 100480.0 51328.8    517   47.449   1      7.225   54.674
74176.0 76864.0  0.0   256.0  7535808.0 5304532.0 15379136.0 11673767.4 100480.0 51328.8    517   47.449   1      7.225   54.674
74176.0 76864.0  0.0   256.0  7535808.0 6956689.5 15379136.0 11673767.4 100480.0 51328.8    517   47.449   1      7.225   54.674
74176.0 71296.0 256.0   0.0   7544064.0 213394.0 15379136.0 11673807.4 100480.0 51328.8    518   47.496   1      7.225   54.721
74176.0 71296.0 256.0   0.0   7544064.0 1764409.5 15379136.0 11673807.4 100480.0 51328.8    518   47.496   1      7.225   54.721
74176.0 71296.0 256.0   0.0   7544064.0 2972390.9 15379136.0 11673807.4 100480.0 51328.8    518   47.496   1      7.225   54.721
74176.0 71296.0 256.0   0.0   7544064.0 4461829.7 15379136.0 11673807.4 100480.0 51328.8    518   47.496   1      7.225   54.721
74176.0 71296.0 256.0   0.0   7544064.0 6258352.8 15379136.0 11673807.4 100480.0 51328.8    518   47.496   1      7.225   54.721
68288.0 71296.0  0.0   224.0  7544064.0 698558.9 15379136.0 11673847.4 100480.0 51328.8    519   47.543   1      7.225   54.768
68288.0 79104.0 57779.7  0.0   7531328.0 1269954.2 15379136.0 11817010.2 100480.0 51330.2    520   47.604   1      7.225   54.829
89472.0 62720.0  0.0   62703.6 7531328.0 3764055.8 15379136.0 11882763.3 100480.0 51330.2    521   47.657   1      7.225   54.882
87488.0 86592.0  0.0   40575.8 7513472.0 444616.8 15379136.0 11924592.5 100480.0 51330.2    523   47.754   1      7.225   54.979
87488.0 84736.0 256.0   0.0   7517312.0 5333122.1 15379136.0 11965024.3 100480.0 51330.2    524   47.802   1      7.225   55.027
81664.0 78080.0 2080.2  0.0   7529792.0 1754316.0 15379136.0 11965112.3 100480.0 51331.5    526   47.897   1      7.225   55.122
81024.0 78080.0  0.0   41261.2 7529792.0 5887326.6 15379136.0 11967011.1 100480.0 51331.5    527   47.946   1      7.225   55.171
83968.0 90368.0  0.0   21415.7 7508800.0 2762761.8 15379136.0 12068860.3 100480.0 51331.5    529   48.044   1      7.225   55.270
83968.0 78272.0 20928.1  0.0   7527296.0 6933626.1 15379136.0 12090009.7 100480.0 51332.3    530   48.093   1      7.225   55.318
87232.0 86656.0 21882.2  0.0   7515648.0 3230205.5 15379136.0 12147271.3 100480.0 51332.3    532   48.198   1      7.225   55.424
81856.0 80832.0 288.0   0.0   7526848.0 150121.5 15379136.0 12189610.0 100480.0 51332.3    534   48.295   1      7.225   55.521
79168.0 80832.0  0.0   608.0  7526848.0 4851494.6 15379136.0 12189642.0 100480.0 51332.3    535   48.344   1      7.225   55.569
72000.0 73536.0  0.0   320.0  7536832.0 1734124.6 15379136.0 12211214.3 100480.0 51332.3    537   48.442   1      7.225   55.667
72000.0 69760.0 1792.2  0.0   7547776.0 1656070.3 15379136.0 12211286.3 100480.0 51332.3    538   48.490   1      7.225   55.715
72000.0 69760.0 1792.2  0.0   7547776.0 5280199.7 15379136.0 12211286.3 100480.0 51332.3    538   48.490   1      7.225   55.715
72000.0 69760.0 1792.2  0.0   7547776.0 7337361.8 15379136.0 12211286.3 100480.0 51332.3    538   48.490   1      7.225   55.715
79232.0 62528.0  0.0   62526.0 7547776.0 1796149.6 15379136.0 12274334.6 100480.0 51332.3    539   48.543   1      7.225   55.768
79232.0 62528.0  0.0   62526.0 7547776.0 4081357.7 15379136.0 12274334.6 100480.0 51332.3    539   48.543   1      7.225   55.768
79232.0 62528.0  0.0   62526.0 7547776.0 7081084.2 15379136.0 12274334.6 100480.0 51332.3    539   48.543   1      7.225   55.768
79232.0 78976.0 256.0   0.0   7531328.0 2963403.6 15379136.0 12336656.8 100480.0 51332.3    540   48.592   1      7.225   55.817
79232.0 78976.0 256.0   0.0   7531328.0 6499785.5 15379136.0 12336656.8 100480.0 51332.3    540   48.592   1      7.225   55.817
76480.0 78976.0  0.0   256.0  7531328.0 776235.6 15379136.0 12336696.8 100480.0 51332.3    541   48.640   1      7.225   55.865
76480.0 78976.0  0.0   256.0  7531328.0 2129957.7 15379136.0 12336696.8 100480.0 51332.3    541   48.640   1      7.225   55.865
76480.0 78976.0  0.0   256.0  7531328.0 3606039.8 15379136.0 12336696.8 100480.0 51332.3    541   48.640   1      7.225   55.865
76480.0 78976.0  0.0   256.0  7531328.0 4603720.2 15379136.0 12336696.8 100480.0 51332.3    541   48.640   1      7.225   55.865
76480.0 78976.0  0.0   256.0  7531328.0 5171814.3 15379136.0 12336696.8 100480.0 51332.3    541   48.640   1      7.225   55.865
76480.0 78976.0  0.0   256.0  7531328.0 6090785.9 15379136.0 12336696.8 100480.0 51332.3    541   48.640   1      7.225   55.865
76480.0 78976.0  0.0   256.0  7531328.0 7405183.7 15379136.0 12336696.8 100480.0 51332.3    541   48.640   1      7.225   55.865
76480.0 73664.0 224.0   0.0   7539392.0 3225591.6 15379136.0 12336760.8 100480.0 51342.0    542   48.688   1      7.225   55.913
83328.0 57856.0  0.0   57830.8 7539392.0 5647863.6 15379136.0 12504295.4 100480.0 51342.2    543   48.757   1      7.225   55.982
96960.0 99776.0  0.0   256.0  7489984.0 969533.6 15379136.0 12610685.2 100480.0 51342.2    545   48.864   1      7.225   56.089
96960.0 110976.0 81609.3  0.0   7467584.0 5557792.3 15379136.0 12610741.2 100480.0 51342.2    546   48.913   1      7.225   56.138
107904.0 104320.0 256.0   0.0   7477312.0 2600628.1 15379136.0 12692194.5 100480.0 51342.2    548   49.010   1      7.225   56.235
100032.0 104320.0  0.0   2112.2 7477312.0 5755453.4 15379136.0 12692242.5 100480.0 51342.3    549   49.059   1      7.225   56.284
113408.0 82240.0  0.0   82239.4 7490112.0 2292461.6 15379136.0 12755422.6 100480.0 51342.3    551   49.162   1      7.225   56.387
113408.0 109056.0 40461.5  0.0   7467072.0 6848275.8 15379136.0 12857582.1 100480.0 51342.3    552   49.219   1      7.225   56.444
103616.0 114560.0 79071.8  0.0   7460416.0 2789436.3 15379136.0 12897875.6 100480.0 51342.3    554   49.317   1      7.225   56.543
108672.0 114560.0  0.0   21882.2 7460416.0 7069237.3 15379136.0 12898265.3 100480.0 51342.3    555   49.368   1      7.225   56.593
103232.0 106624.0  0.0   41434.8 7474240.0 4148920.7 15379136.0 12920295.7 100480.0 51342.5    557   49.465   1      7.225   56.690
98560.0 101184.0  0.0   320.0  7485120.0   0.0    15379136.0 12961885.1 100480.0 51342.5    559   49.563   1      7.225   56.788
98560.0 95488.0 320.0   0.0   7495488.0 355374.2 15379136.0 12961957.1 100480.0 51342.5    560   49.612   1      7.225   56.837
98560.0 95488.0 320.0   0.0   7495488.0 4776571.9 15379136.0 12961957.1 100480.0 51342.5    560   49.612   1      7.225   56.837
98560.0 95488.0 320.0   0.0   7495488.0 4793903.9 15379136.0 12961957.1 100480.0 51342.5    560   49.612   1      7.225   56.837
98560.0 95488.0 320.0   0.0   7495488.0 4794093.7 15379136.0 12961957.1 100480.0 51342.5    560   49.612   1      7.225   56.837
98560.0 95488.0 320.0   0.0   7495488.0 4794116.1 15379136.0 12961957.1 100480.0 51342.5    560   49.612   1      7.225   56.837
98560.0 95488.0 320.0   0.0   7495488.0 4794134.3 15379136.0 12961957.1 100480.0 51342.5    560   49.612   1      7.225   56.837
98560.0 95488.0 320.0   0.0   7495488.0 4794154.6 15379136.0 12961957.1 100480.0 51342.5    560   49.612   1      7.225   56.837
98560.0 95488.0 320.0   0.0   7495488.0 4794172.8 15379136.0 12961957.1 100480.0 51342.5    560   49.612   1      7.225   56.837
98560.0 95488.0 320.0   0.0   7495488.0 4794220.7 15379136.0 12961957.1 100480.0 51342.5    560   49.612   1      7.225   56.837
98560.0 95488.0 320.0   0.0   7495488.0 4794240.9 15379136.0 12961957.1 100480.0 51342.5    560   49.612   1      7.225   56.837
98560.0 95488.0 320.0   0.0   7495488.0 4794261.2 15379136.0 12961957.1 100480.0 51342.5    560   49.612   1      7.225   56.837
110272.0 82304.0  0.0   82303.3 7495488.0 3391961.2 15379136.0 13056143.2 100480.0 51342.7    561   49.680   1      7.225   56.905
110272.0 114176.0 61387.5  0.0   7461184.0 7153335.0 15379136.0 13081347.6 100480.0 51342.7    562   49.731   1      7.225   56.956
111360.0 107968.0 224.0   0.0   7470208.0 3882693.0 15379136.0 13203841.6 100480.0 51342.7    564   49.834   1      7.225   57.059
104128.0 99968.0 288.0   0.0   7485440.0 953669.4 15379136.0 13203921.6 100480.0 51342.7    566   49.932   1      7.225   57.157
95616.0 99968.0  0.0   256.0  7485440.0 5725948.2 15379136.0 13203985.6 100480.0 51342.7    567   49.981   1      7.225   57.206
85888.0 91072.0  0.0   23149.7 7502848.0 859045.9 15379136.0 13204431.3 100480.0 51342.7    569   50.080   1      7.225   57.306
85888.0 80256.0 20903.9  0.0   7523392.0 4826623.7 15379136.0 13227425.2 100480.0 51342.7    570   50.130   1      7.225   57.355
90048.0 89920.0 40288.0  0.0   7509568.0 1610373.7 15379136.0 13370878.4 100480.0 51342.7    572   50.237   1      7.225   57.462
97024.0 61120.0  0.0   61092.3 7509568.0 5849088.2 15379136.0 13410950.4 100480.0 51342.7    573   50.288   1      7.225   57.513
88384.0 94720.0  0.0   21746.6 7497792.0 2644025.2 15379136.0 13411404.1 100480.0 51342.7    575   50.387   1      7.225   57.613
88384.0 86144.0 320.0   0.0   7515008.0 6427967.4 15379136.0 13432902.8 100480.0 51342.7    576   50.437   1      7.225   57.663
83520.0 86144.0  0.0   320.0  7515008.0 6900050.0 15379136.0 13432950.8 100480.0 51342.7    577   50.488   1      7.225   57.713
83520.0 80576.0 288.0   0.0   7525440.0 1739208.3 15379136.0 13432998.8 100480.0 51342.7    578   50.540   1      7.225   57.766
83520.0 80576.0 288.0   0.0   7525440.0 2434290.1 15379136.0 13432998.8 100480.0 51342.7    578   50.540   1      7.225   57.766
83520.0 80576.0 288.0   0.0   7525440.0 2434503.3 15379136.0 13432998.8 100480.0 51342.7    578   50.540   1      7.225   57.766
83520.0 80576.0 288.0   0.0   7525440.0 2434523.7 15379136.0 13432998.8 100480.0 51342.7    578   50.540   1      7.225   57.766
83520.0 80576.0 288.0   0.0   7525440.0 2434541.9 15379136.0 13432998.8 100480.0 51342.7    578   50.540   1      7.225   57.766
83520.0 80576.0 288.0   0.0   7525440.0 2434587.8 15379136.0 13432998.8 100480.0 51342.7    578   50.540   1      7.225   57.766
83520.0 80576.0 288.0   0.0   7525440.0 2434608.1 15379136.0 13432998.8 100480.0 51342.7    578   50.540   1      7.225   57.766
83520.0 80576.0 288.0   0.0   7525440.0 2434628.3 15379136.0 13432998.8 100480.0 51342.7    578   50.540   1      7.225   57.766
83520.0 80576.0 288.0   0.0   7525440.0 2434648.7 15379136.0 13432998.8 100480.0 51342.7    578   50.540   1      7.225   57.766
83520.0 80576.0 288.0   0.0   7525440.0 2434668.9 15379136.0 13432998.8 100480.0 51342.7    578   50.540   1      7.225   57.766
83520.0 80576.0 288.0   0.0   7525440.0 3125838.7 15379136.0 13432998.8 100480.0 51342.7    578   50.540   1      7.225   57.766
86464.0 77632.0  0.0   77616.4 7525440.0 4282263.4 15379136.0 13551009.4 100480.0 51342.7    579   50.607   1      7.225   57.832
92672.0 95296.0  0.0   256.0  7498944.0 1076087.7 15379136.0 13595972.2 100480.0 51342.7    581   50.708   1      7.225   57.934
92672.0 89664.0 256.0   0.0   7507200.0 5905527.8 15379136.0 13596020.2 100480.0 51342.7    582   50.760   1      7.225   57.985
86336.0 82752.0 256.0   0.0   7520448.0 3012786.4 15379136.0 13596124.2 100480.0 51342.7    584   50.860   1      7.225   58.085
78976.0 82752.0  0.0   288.0  7520448.0 7350396.6 15379136.0 13596156.2 100480.0 51342.7    585   50.909   1      7.225   58.134
78976.0 74816.0  0.0   41685.4 7535744.0 3205969.2 15379136.0 13598439.0 100480.0 51342.7    587   51.008   1      7.225   58.234
78976.0 75456.0 896.1   0.0   7535104.0 7493178.1 15379136.0 13639928.4 100480.0 51342.7    588   51.059   1      7.225   58.284
71552.0 66304.0 16672.0  0.0   7551680.0 3830181.7 15379136.0 13661318.6 100480.0 51342.7    590   51.159   1      7.225   58.384
63744.0 66304.0  0.0   1120.1 7551680.0 7019145.2 15379136.0 13661342.6 100480.0 51343.5    591   51.209   1      7.225   58.434
66688.0 68992.0  0.0   288.0  7551552.0 377814.6 15379136.0 13703835.4 100480.0 51343.5    593   51.310   1      7.225   58.535
66688.0 68992.0  0.0   288.0  7551552.0 7019744.6 15379136.0 13703835.4 100480.0 51343.5    593   51.310   1      7.225   58.535
66688.0 64128.0 256.0   0.0   7558720.0 3690575.8 15379136.0 13703899.4 100480.0 51343.5    594   51.359   1      7.225   58.584
66688.0 64128.0 256.0   0.0   7558720.0 5125211.4 15379136.0 13703899.4 100480.0 51343.5    594   51.359   1      7.225   58.584
66688.0 64128.0 256.0   0.0   7558720.0 5125540.4 15379136.0 13703899.4 100480.0 51343.5    594   51.359   1      7.225   58.584
66688.0 64128.0 256.0   0.0   7558720.0 7521136.8 15379136.0 13703899.4 100480.0 51343.5    594   51.359   1      7.225   58.584
69696.0 61120.0  0.0   61111.7 7558720.0 4002562.4 15379136.0 13764411.1 100480.0 51343.5    595   51.413   1      7.225   58.638
69696.0 73920.0 224.0   0.0   7541696.0 495000.3 15379136.0 13845766.6 100480.0 51343.5    596   51.470   1      7.225   58.695
69696.0 73920.0 224.0   0.0   7541696.0 4432728.0 15379136.0 13845766.6 100480.0 51343.5    596   51.470   1      7.225   58.695
69696.0 73920.0 224.0   0.0   7541696.0 4716582.4 15379136.0 13845766.6 100480.0 51343.5    596   51.470   1      7.225   58.695
69696.0 73920.0 224.0   0.0   7541696.0 4716627.8 15379136.0 13845766.6 100480.0 51343.5    596   51.470   1      7.225   58.695
69696.0 73920.0 224.0   0.0   7541696.0 4716648.1 15379136.0 13845766.6 100480.0 51343.5    596   51.470   1      7.225   58.695
69696.0 73920.0 224.0   0.0   7541696.0 5405246.1 15379136.0 13845766.6 100480.0 51345.8    596   51.470   1      7.225   58.695
77568.0 100672.0 74231.2  0.0   7488192.0 1418002.7 15379136.0 13960138.0 100480.0 51345.8    598   51.583   1      7.225   58.808
113408.0 81664.0  0.0   81639.2 7488192.0 4160269.9 15379136.0 14022167.6 100480.0 51345.8    599   51.639   1      7.225   58.864
107776.0 110912.0  0.0   256.0  7465216.0 1090246.8 15379136.0 14062603.5 100480.0 51345.8    601   51.741   1      7.225   58.966
107776.0 104128.0 224.0   0.0   7477632.0 5872918.0 15379136.0 14062659.5 100480.0 51345.8    602   51.792   1      7.225   59.017
100160.0 95744.0 1248.1  0.0   7493632.0 2064793.3 15379136.0 14062755.5 100480.0 51345.8    604   51.893   1      7.225   59.118
104192.0 63040.0  0.0   63002.8 7493632.0 4397149.9 15379136.0 14063753.3 100480.0 51346.3    605   51.944   1      7.225   59.169
117696.0 125248.0  0.0   21242.1 7439040.0 750570.2 15379136.0 14207911.8 100480.0 51346.3    607   52.060   1      7.225   59.285
117696.0 115904.0 49408.0  0.0   7455936.0 4895601.2 15379136.0 14228938.0 100480.0 51346.3    608   52.111   1      7.225   59.336
113088.0 109632.0 544.0   0.0   7466816.0 2065761.8 15379136.0 14229010.0 100480.0 51346.3    610   52.213   1      7.225   59.438
102080.0 109632.0  0.0   21874.6 7466816.0 6719674.1 15379136.0 14229250.0 100480.0 51346.3    611   52.264   1      7.225   59.489
95232.0 98816.0  0.0   352.0  7488640.0 2762584.0 15379136.0 14250890.3 100480.0 51346.3    613   52.366   1      7.225   59.591
95232.0 91328.0 352.0   0.0   7502976.0 265101.0 15379136.0 14250954.3 100480.0 51346.3    614   52.417   1      7.225   59.642
95232.0 91328.0 352.0   0.0   7502976.0 2910920.1 15379136.0 14250954.3 100480.0 51346.3    614   52.417   1      7.225   59.642
95232.0 91328.0 352.0   0.0   7502976.0 3301160.3 15379136.0 14250954.3 100480.0 51346.3    614   52.417   1      7.225   59.642
95232.0 91328.0 352.0   0.0   7502976.0 3301515.2 15379136.0 14250954.3 100480.0 51346.3    614   52.417   1      7.225   59.642
95232.0 91328.0 352.0   0.0   7502976.0 3301535.5 15379136.0 14250954.3 100480.0 51346.3    614   52.417   1      7.225   59.642
95232.0 91328.0 352.0   0.0   7502976.0 3301553.9 15379136.0 14250954.3 100480.0 51346.3    614   52.417   1      7.225   59.642
95232.0 91328.0 352.0   0.0   7502976.0 3301600.1 15379136.0 14250954.3 100480.0 51346.3    614   52.417   1      7.225   59.642
95232.0 91328.0 352.0   0.0   7502976.0 3301620.4 15379136.0 14250954.3 100480.0 51346.3    614   52.417   1      7.225   59.642
95232.0 91328.0 352.0   0.0   7502976.0 3301638.7 15379136.0 14250954.3 100480.0 51346.3    614   52.417   1      7.225   59.642
95232.0 91328.0 352.0   0.0   7502976.0 3301661.1 15379136.0 14250954.3 100480.0 51346.3    614   52.417   1      7.225   59.642
95232.0 91328.0 352.0   0.0   7502976.0 3301679.4 15379136.0 14250954.3 100480.0 51346.3    614   52.417   1      7.225   59.642
95232.0 91328.0 352.0   0.0   7502976.0 3301721.4 15379136.0 14250954.3 100480.0 51346.3    614   52.417   1      7.225   59.642
95232.0 91328.0 352.0   0.0   7502976.0 3301743.7 15379136.0 14250954.3 100480.0 51346.3    614   52.417   1      7.225   59.642
95232.0 91328.0 352.0   0.0   7502976.0 3301759.9 15379136.0 14250954.3 100480.0 51346.3    614   52.417   1      7.225   59.642
95232.0 91328.0 352.0   0.0   7502976.0 3301780.2 15379136.0 14250954.3 100480.0 51346.3    614   52.417   1      7.225   59.642
95232.0 91328.0 352.0   0.0   7502976.0 5096418.4 15379136.0 14250954.3 100480.0 51346.3    614   52.417   1      7.225   59.642
104576.0 105344.0 41933.1  0.0   7478848.0 440312.1 15379136.0 14328528.9 100480.0 51346.3    616   52.526   1      7.225   59.751
102080.0 105344.0  0.0   256.0  7478848.0 4433076.0 15379136.0 14370330.0 100480.0 51346.3    617   52.578   1      7.225   59.803
94400.0 98368.0  0.0   320.0  7489088.0 946327.3 15379136.0 14370434.0 100480.0 51346.3    619   52.681   1      7.225   59.906
94400.0 90240.0 320.0   0.0   7504896.0 5296250.8 15379136.0 14370506.0 100480.0 51346.3    620   52.732   1      7.225   59.957
85952.0 96512.0 63468.3  0.0   7496512.0 875506.1 15379136.0 14370610.0 100480.0 51346.3    622   52.839   1      7.225   60.064
104192.0 62080.0  0.0   62024.0 7496512.0 2898063.5 15379136.0 14372852.9 100480.0 51346.3    623   52.891   1      7.225   60.116
104192.0 117184.0 81493.2  32.0  7455168.0 7455168.0 15379136.0 14454837.1 100480.0 51346.3    625   52.953   1      7.225   60.178
110208.0 107136.0 288.0   0.0   7472192.0 4589141.5 15379136.0 14536860.5 100480.0 51346.3    626   53.057   1      7.225   60.282
103552.0 99584.0 928.1   0.0   7486400.0 1655924.4 15379136.0 14536996.5 100480.0 51346.3    628   53.160   1      7.225   60.385
95360.0 99584.0  0.0   640.0  7486400.0 6370400.3 15379136.0 14537658.2 100480.0 51346.3    629   53.211   1      7.225   60.436
84928.0 88448.0  0.0   320.0  7505728.0 2841220.5 15379136.0 14559216.9 100480.0 51346.3    631   53.314   1      7.225   60.539
84928.0 81216.0 320.0   0.0   7523392.0 1844803.5 15379136.0 14559288.9 100480.0 51346.3    632   53.377   1      7.225   60.602
84928.0 81216.0 320.0   0.0   7523392.0 5404484.7 15379136.0 14559288.9 100480.0 51346.3    632   53.377   1      7.225   60.602
84928.0 81216.0 320.0   0.0   7523392.0 6193846.8 15379136.0 14559288.9 100480.0 51346.3    632   53.377   1      7.225   60.602
84928.0 81216.0 320.0   0.0   7523392.0 6194156.1 15379136.0 14559288.9 100480.0 51346.3    632   53.377   1      7.225   60.602
84928.0 81216.0 320.0   0.0   7523392.0 6194198.7 15379136.0 14559288.9 100480.0 51346.3    632   53.377   1      7.225   60.602
84928.0 81216.0 320.0   0.0   7523392.0 6194219.2 15379136.0 14559288.9 100480.0 51346.3    632   53.377   1      7.225   60.602
84928.0 81216.0 320.0   0.0   7523392.0 6194237.6 15379136.0 14559288.9 100480.0 51346.3    632   53.377   1      7.225   60.602
84928.0 81216.0 320.0   0.0   7523392.0 6194257.9 15379136.0 14559288.9 100480.0 51346.3    632   53.377   1      7.225   60.602
84928.0 81216.0 320.0   0.0   7523392.0 6194278.2 15379136.0 14559288.9 100480.0 51346.3    632   53.377   1      7.225   60.602
84928.0 81216.0 320.0   0.0   7523392.0 6194325.9 15379136.0 14559288.9 100480.0 51346.3    632   53.377   1      7.225   60.602
84928.0 81216.0 320.0   0.0   7523392.0 6194344.1 15379136.0 14559288.9 100480.0 51346.3    632   53.377   1      7.225   60.602
82496.0 81216.0  0.0   37120.5 7523392.0 2963972.7 15379136.0 14559360.9 100480.0 51346.7    633   53.428   1      7.225   60.654
82496.0 98560.0 79012.1  0.0   7492416.0 4931991.2 15379136.0 14624522.6 100480.0 51346.7    634   53.485   1      7.225   60.710
112768.0 108608.0 41142.2  0.0   7468160.0 153605.0 15379136.0 14790221.2 100480.0 51346.7    636   53.602   1      7.225   60.827
106112.0 108608.0  0.0   256.0  7468160.0 4715374.1 15379136.0 14831155.4 100480.0 51346.7    637   53.654   1      7.225   60.879
99584.0 103040.0  0.0   288.0  7480384.0 1604108.6 15379136.0 14831243.4 100480.0 51346.7    639   53.757   1      7.225   60.982
99584.0 95488.0 1856.2  0.0   7494464.0 5604665.0 15379136.0 14831291.4 100480.0 51346.7    640   53.809   1      7.225   61.034
95744.0 95296.0 41423.9  0.0   7498496.0 2339259.0 15379136.0 14874298.5 100480.0 51346.7    642   53.915   1      7.225   61.140
94464.0 95296.0  0.0   41383.7 7498496.0 6674778.0 15379136.0 14915510.5 100480.0 51346.7    643   53.967   1      7.225   61.192
91264.0 93056.0  0.0   256.0  7502016.0 3660137.4 15379136.0 14997554.4 100480.0 51346.7    645   54.071   1      7.225   61.296
82304.0 88768.0  0.0   21850.2 7509504.0 423944.0 15379136.0 14997968.1 100480.0 51346.7    647   54.174   1      7.225   61.399
82304.0 80128.0 256.0   0.0   7527104.0 4885510.1 15379136.0 15019606.4 100480.0 51346.7    648   54.226   1      7.225   61.451
74496.0 69440.0 21362.6  0.0   7545600.0 1244090.7 15379136.0 15060960.8 100480.0 51346.7    650   54.330   1      7.225   61.555
67968.0 69440.0  0.0   288.0  7545600.0 3837691.0 15379136.0 15082155.4 100480.0 51346.7    651   54.382   1      7.225   61.607
67968.0 66112.0 256.0   0.0   7555456.0 4441012.0 15379136.0 15082211.4 100480.0 51346.7    652   54.434   1      7.225   61.659
64000.0 66112.0  0.0   320.0  7555456.0 734682.4 15379136.0 15082275.4 100480.0 51346.7    653   54.485   1      7.225   61.710
64000.0 66112.0  0.0   320.0  7555456.0 1377034.2 15379136.0 15082275.4 100480.0 51346.7    653   54.485   1      7.225   61.710
64000.0 66112.0  0.0   320.0  7555456.0 1377137.7 15379136.0 15082275.4 100480.0 51346.7    653   54.485   1      7.225   61.710
64000.0 66112.0  0.0   320.0  7555456.0 1377157.9 15379136.0 15082275.4 100480.0 51346.7    653   54.485   1      7.225   61.710
64000.0 66112.0  0.0   320.0  7555456.0 1377201.4 15379136.0 15082275.4 100480.0 51346.7    653   54.485   1      7.225   61.710
64000.0 66112.0  0.0   320.0  7555456.0 1377219.6 15379136.0 15082275.4 100480.0 51346.7    653   54.485   1      7.225   61.710
64000.0 66112.0  0.0   320.0  7555456.0 1377239.9 15379136.0 15082275.4 100480.0 51346.7    653   54.485   1      7.225   61.710
64000.0 66112.0  0.0   320.0  7555456.0 1377258.2 15379136.0 15082275.4 100480.0 51346.7    653   54.485   1      7.225   61.710
64000.0 66112.0  0.0   320.0  7555456.0 1377280.5 15379136.0 15082275.4 100480.0 51346.7    653   54.485   1      7.225   61.710
64000.0 66112.0  0.0   320.0  7555456.0 2654873.3 15379136.0 15082275.4 100480.0 51347.5    653   54.485   1      7.225   61.710
64000.0 76224.0 61384.0  0.0   7537088.0 5630110.4 15379136.0 15163849.4 100480.0 51347.5    654   54.546   1      7.225   61.771
86144.0 102016.0 83706.2  0.0   7485504.0 1643725.0 15379136.0 15209431.8 100480.0 51347.5    656   54.652   1      7.225   61.877
99840.0 102016.0  0.0   288.0  7485504.0 6257497.0 15379136.0 15272477.3 100480.0 51347.5    657   54.704   1      7.225   61.930
93888.0 97088.0  0.0   288.0  7492608.0 3189703.6 15379136.0 15272605.3 100480.0 51347.5    659   54.809   1      7.225   62.034
93888.0 90368.0 288.0   0.0   7505280.0 6285092.7 15379136.0 15272677.3 100480.0 51347.5    660   54.862   1      7.225   62.087
92096.0 99648.0 61327.7  0.0   7490240.0   0.0    15379136.0 15315960.5 100480.0 51347.5    662   54.969   2      7.225   62.194
92096.0 99648.0 61327.7  0.0   7490240.0   0.0    15379136.0 15315960.5 100480.0 51347.5    662   54.969   2      7.225   62.194
92096.0 99648.0 61327.7  0.0   7490240.0   0.0    15379136.0 15315960.5 100480.0 51347.5    662   54.969   2      7.225   62.194
112832.0 81664.0  0.0   81645.4 7490240.0 723740.7 15379136.0 2165417.8  113856.0 51347.5    663   54.993   2     11.895   66.887
112832.0 109952.0 896.1   0.0   7466752.0 5539235.9 15379136.0 2205828.8  113856.0 51347.5    664   55.010   2     11.895   66.904
111104.0 108352.0 352.0   0.0   7470080.0 2697209.6 15379136.0 2227224.7  113856.0 51347.5    666   55.041   2     11.895   66.936
104896.0 97600.0 21138.5  0.0   7487040.0   0.0    15379136.0 2227962.4  113856.0 51347.5    668   55.062   2     11.895   66.957
94528.0 97600.0  0.0   288.0  7487040.0 3742388.5 15379136.0 2248853.0  113856.0 51347.5    669   55.075   2     11.895   66.970
94528.0 91072.0 288.0   0.0   7503936.0 436291.1 15379136.0 2248909.0  113856.0 51347.5    670   55.082   2     11.895   66.976
94528.0 91072.0 288.0   0.0   7503936.0 2189636.9 15379136.0 2248909.0  113856.0 51347.5    670   55.082   2     11.895   66.976
94528.0 91072.0 288.0   0.0   7503936.0 2519188.4 15379136.0 2248909.0  113856.0 51347.5    670   55.082   2     11.895   66.976
94528.0 91072.0 288.0   0.0   7503936.0 2519664.7 15379136.0 2248909.0  113856.0 51347.5    670   55.082   2     11.895   66.976
94528.0 91072.0 288.0   0.0   7503936.0 2519681.0 15379136.0 2248909.0  113856.0 51347.5    670   55.082   2     11.895   66.976
94528.0 91072.0 288.0   0.0   7503936.0 2519695.1 15379136.0 2248909.0  113856.0 51347.5    670   55.082   2     11.895   66.976
94528.0 91072.0 288.0   0.0   7503936.0 2519718.2 15379136.0 2248909.0  113856.0 51347.5    670   55.082   2     11.895   66.976
94528.0 91072.0 288.0   0.0   7503936.0 2519732.4 15379136.0 2248909.0  113856.0 51347.5    670   55.082   2     11.895   66.976
94528.0 91072.0 288.0   0.0   7503936.0 2519748.6 15379136.0 2248909.0  113856.0 51347.5    670   55.082   2     11.895   66.976
94528.0 91072.0 288.0   0.0   7503936.0 2519764.9 15379136.0 2248909.0  113856.0 51347.5    670   55.082   2     11.895   66.976
86976.0 91072.0  0.0   2496.4 7503936.0 4743492.8 15379136.0 2248973.0  113856.0 51382.6    671   55.093   2     11.895   66.988
79296.0 83200.0  0.0   288.0  7519360.0 2227128.8 15379136.0 2251300.0  113856.0 51382.6    673   55.111   2     11.895   67.006
79296.0 75392.0 224.0   0.0   7534848.0 7163780.4 15379136.0 2251372.0  113856.0 51382.6    674   55.119   2     11.895   67.014
71488.0 67584.0 224.0   0.0   7550464.0 4579303.6 15379136.0 2251476.0  113856.0 51382.6    676   55.137   2     11.895   67.032
63744.0 59776.0 1280.2  0.0   7566016.0 1862327.1 15379136.0 2251604.0  113856.0 51382.6    678   55.155   2     11.895   67.050
56128.0 59776.0  0.0   736.1  7566016.0 6915775.1 15379136.0 2252678.8  113856.0 51382.6    679   55.165   2     11.895   67.059
49344.0 52672.0  0.0   320.0  7580736.0 4241423.6 15379136.0 2253503.0  113856.0 51382.6    681   55.183   2     11.895   67.077
43136.0 46208.0  0.0   256.0  7593984.0 1262331.2 15379136.0 2253639.0  113856.0 51382.6    683   55.200   2     11.895   67.095
43136.0 40320.0 256.0   0.0   7606080.0 6241429.8 15379136.0 2253695.0  113856.0 51382.6    684   55.209   2     11.895   67.104
37504.0 34880.0 352.0   0.0   7617152.0 799076.8 15379136.0 2254393.7  113856.0 51382.6    686   55.227   2     11.895   67.122
37504.0 34880.0 352.0   0.0   7617152.0 6963352.5 15379136.0 2254393.7  113856.0 51383.3    686   55.227   2     11.895   67.122
32512.0 34880.0  0.0   256.0  7617152.0 4604564.3 15379136.0 2254465.7  113856.0 51383.3    687   55.236   2     11.895   67.130
32512.0 34880.0  0.0   256.0  7617152.0 4604627.2 15379136.0 2254465.7  113856.0 51383.3    687   55.236   2     11.895   67.130
32512.0 34880.0  0.0   256.0  7617152.0 4605100.0 15379136.0 2254465.7  113856.0 51383.3    687   55.236   2     11.895   67.130
32512.0 34880.0  0.0   256.0  7617152.0 4605118.2 15379136.0 2254465.7  113856.0 51383.3    687   55.236   2     11.895   67.130
32512.0 34880.0  0.0   256.0  7617152.0 4605138.6 15379136.0 2254465.7  113856.0 51383.3    687   55.236   2     11.895   67.130
32512.0 34880.0  0.0   256.0  7617152.0 4605182.0 15379136.0 2254465.7  113856.0 51383.3    687   55.236   2     11.895   67.130
32512.0 34880.0  0.0   256.0  7617152.0 4605200.2 15379136.0 2254465.7  113856.0 51383.3    687   55.236   2     11.895   67.130
32512.0 34880.0  0.0   256.0  7617152.0 4605220.4 15379136.0 2254465.7  113856.0 51383.3    687   55.236   2     11.895   67.130
32512.0 34880.0  0.0   256.0  7617152.0 4605240.8 15379136.0 2254465.7  113856.0 51383.3    687   55.236   2     11.895   67.130
32512.0 34880.0  0.0   256.0  7617152.0 4605261.1 15379136.0 2254465.7  113856.0 51383.3    687   55.236   2     11.895   67.130
32512.0 34880.0  0.0   256.0  7617152.0 4605306.8 15379136.0 2254465.7  113856.0 51383.3    687   55.236   2     11.895   67.130
32512.0 34880.0  0.0   256.0  7617152.0 4605327.1 15379136.0 2254465.7  113856.0 51383.3    687   55.236   2     11.895   67.130
