 S0C    S1C    S0U    S1U      EC       EU        OC         OU       PC     PU    YGC     YGCT    FGC    FGCT     GCT   
961152.0 961152.0  0.0    0.0   5767232.0 115344.7 15379136.0    0.0     21248.0 2638.1      0    0.000   0      0.000    0.000
961152.0 961152.0  0.0    0.0   5767232.0 115344.7 15379136.0    0.0     21248.0 13096.1      0    0.000   0      0.000    0.000
961152.0 961152.0  0.0    0.0   5767232.0 1730333.7 15379136.0    0.0     27584.0 27027.1      0    0.000   0      0.000    0.000
961152.0 961152.0  0.0   66327.1 5767232.0 1171907.7 15379136.0    0.0     40256.0 40091.4      1    0.032   0      0.000    0.032
961152.0 961152.0  0.0   66327.1 5767232.0 1446931.6 15379136.0    0.0     48128.0 48063.9      1    0.032   0      0.000    0.032
961152.0 961152.0  0.0   66327.1 5767232.0 5739048.3 15379136.0    0.0     48128.0 48101.6      2    0.032   0      0.000    0.032
961152.0 961152.0 130021.5  0.0   5767232.0 4234069.4 15379136.0    0.0     48128.0 48121.2      2    0.098   0      0.000    0.098
961152.0 961152.0  0.0   178719.2 5767232.0 2852734.9 15379136.0    0.0     48128.0 48121.8      3    0.181   0      0.000    0.181
961152.0 961152.0 228601.2  0.0   5767232.0 1732566.6 15379136.0    0.0     48320.0 48154.2      4    0.293   0      0.000    0.293
344320.0 961152.0  0.0   291273.2 5767232.0 824521.7 15379136.0    0.0     48320.0 48155.0      5    0.444   0      0.000    0.444
344320.0 961152.0  0.0   291273.2 5767232.0 4595267.1 15379136.0    0.0     48320.0 48156.7      5    0.444   0      0.000    0.444
344320.0 410432.0 343273.2  0.0   6868672.0 3136450.6 15379136.0    0.0     48320.0 48157.7      6    0.615   0      0.000    0.615
426496.0 294464.0  0.0   294432.2 6868672.0 175812.4 15379136.0  114616.6  48320.0 48237.3      7    0.823   0      0.000    0.823
426496.0 294464.0  0.0   294432.2 6868672.0 4678648.8 15379136.0  114616.6  48320.0 48241.7      7    0.823   0      0.000    0.823
426496.0 430336.0 283808.2  0.0   6828864.0 2352244.6 15379136.0  204360.6  48512.0 48343.2      8    1.029   0      0.000    1.029
422336.0 430336.0  0.0   261544.0 6828864.0 2758439.2 15379136.0  294712.6  48512.0 48347.5      9    1.246   0      0.000    1.246
422336.0 421696.0 119883.6  0.0   6845504.0 4734686.5 15379136.0  476328.7  48512.0 48371.8     10    1.411   0      0.000    1.411
432192.0 441152.0 11506.0  0.0   6807232.0   0.0    15379136.0  655410.0  48512.0 48378.8     12    1.546   0      0.000    1.546
444096.0 11392.0  0.0   11383.5 6807232.0 3048428.7 15379136.0  666676.0  48512.0 48379.0     13    1.562   0      0.000    1.562
444096.0 444096.0 256.0   0.0   6801344.0 6071320.7 15379136.0  677891.5  48512.0 48436.5     14    1.576   0      0.000    1.576
436864.0 426944.0 15744.0  0.0   6825728.0 2325237.7 15379136.0  693448.7  48512.0 48436.8     16    1.610   0      0.000    1.610
414016.0 426944.0  0.0   20224.1 6825728.0 5030289.6 15379136.0  706040.7  48512.0 48465.7     17    1.641   0      0.000    1.641
414016.0 396160.0 40672.3  0.0   6879360.0 6508661.6 15379136.0  719918.4  48512.0 48476.2     18    1.684   0      0.000    1.684
378112.0 396160.0  0.0   40544.2 6879360.0 6239244.4 15379136.0  757446.6  48512.0 48486.9     19    1.740   0      0.000    1.740
378112.0 357376.0 56864.2  0.0   6954048.0 4392823.9 15379136.0  794214.8  48512.0 48488.3     20    1.853   0      0.000    1.853
334144.0 357376.0  0.0   77152.1 6954048.0 2527024.7 15379136.0  849238.9  48512.0 48488.8     21    1.942   0      0.000    1.942
334144.0 312768.0 76943.0  0.0   7042624.0 3368335.3 15379136.0  922303.0  48512.0 48493.9     22    2.044   0      0.000    2.044
299008.0 312768.0  0.0   42336.0 7042624.0 4688903.5 15379136.0 1004735.2  48512.0 48495.2     23    2.123   0      0.000    2.123
299008.0 283840.0 50624.0  0.0   7106688.0 6065990.9 15379136.0 1047015.2  48512.0 48495.5     24    2.221   0      0.000    2.221
270272.0 255680.0 52634.7  0.0   7163584.0 173844.7 15379136.0 1142103.3  48512.0 48496.5     26    2.479   0      0.000    2.479
238528.0 255680.0  0.0   71843.6 7163584.0 1694904.4 15379136.0 1205636.7  48512.0 48498.7     27    2.570   0      0.000    2.570
238528.0 228096.0 41750.2  0.0   7222912.0 3547846.8 15379136.0 1277416.3  48512.0 48498.9     28    2.649   0      0.000    2.649
221120.0 228096.0  0.0   22178.6 7222912.0 5365273.2 15379136.0 1319094.5  48512.0 48499.2     29    2.730   0      0.000    2.730
211008.0 216064.0  0.0   288.0  7252352.0   0.0    15379136.0 1353483.8  48512.0 48500.9     31    2.789   0      0.000    2.789
211008.0 204800.0 288.0   0.0   7273728.0 422342.7 15379136.0 1353555.8  48512.0 48504.5     32    2.809   0      0.000    2.809
211008.0 204800.0 288.0   0.0   7273728.0 5082058.2 15379136.0 1353555.8  48512.0 48505.7     32    2.809   0      0.000    2.809
211008.0 204800.0 288.0   0.0   7273728.0 5670779.4 15379136.0 1353555.8  48512.0 48508.0     32    2.809   0      0.000    2.809
211008.0 204800.0 288.0   0.0   7273728.0 5679926.1 15379136.0 1353555.8  48704.0 48513.2     32    2.809   0      0.000    2.809
211008.0 204800.0 288.0   0.0   7273728.0 5679945.4 15379136.0 1353555.8  48704.0 48514.7     32    2.809   0      0.000    2.809
211008.0 204800.0 288.0   0.0   7273728.0 5679964.0 15379136.0 1353555.8  48704.0 48517.0     32    2.809   0      0.000    2.809
211008.0 204800.0 288.0   0.0   7273728.0 5679980.3 15379136.0 1353555.8  48704.0 48518.5     32    2.809   0      0.000    2.809
190848.0 204800.0  0.0   54038.9 7273728.0 3573092.6 15379136.0 1353627.8  49280.0 49140.5     33    2.832   0      0.000    2.832
190848.0 226048.0 183355.3  0.0   7237440.0 2720730.3 15379136.0 1443189.9  49280.0 49164.8     34    2.888   0      0.000    2.888
213696.0 226048.0  0.0   40527.7 7237440.0 3686421.2 15379136.0 1565349.3  49280.0 49239.2     35    2.928   0      0.000    2.928
213696.0 199104.0 62865.9  0.0   7276736.0 5375232.0 15379136.0 1605649.0  49280.0 49241.6     36    2.957   0      0.000    2.957
188672.0 199104.0  0.0   41629.5 7276736.0 6818626.6 15379136.0 1688844.2  49280.0 49242.4     37    2.991   0      0.000    2.991
188672.0 196352.0 115072.9  0.0   7296832.0 6114189.0 15379136.0 1730257.7  49280.0 49245.4     38    3.026   0      0.000    3.026
188352.0 196352.0  0.0   78944.2 7296832.0 6685870.3 15379136.0 1849433.4  49280.0 49247.2     39    3.071   0      0.000    3.071
177024.0 180352.0  0.0   20588.2 7320832.0 1042496.2 15379136.0 1884047.5  49280.0 49247.6     41    3.128   0      0.000    3.128
177024.0 176256.0 288.0   0.0   7336256.0 3215009.0 15379136.0 1904391.8  49280.0 49247.8     42    3.148   0      0.000    3.148
173888.0 176256.0  0.0   256.0  7336256.0 5306622.5 15379136.0 1904431.8  49280.0 49249.0     43    3.169   0      0.000    3.169
173888.0 170176.0 288.0   0.0   7345472.0 6936753.0 15379136.0 1904487.8  49280.0 49249.2     44    3.193   0      0.000    3.193
165504.0 170176.0  0.0   288.0  7345472.0 3455271.9 15379136.0 1904543.8  49280.0 49249.4     45    3.217   0      0.000    3.217
165504.0 170176.0  0.0   288.0  7345472.0 4319887.5 15379136.0 1904543.8  49280.0 49250.0     45    3.217   0      0.000    3.217
165504.0 170176.0  0.0   288.0  7345472.0 4319933.7 15379136.0 1904543.8  49280.0 49250.3     45    3.217   0      0.000    3.217
165504.0 170176.0  0.0   288.0  7345472.0 4319944.2 15379136.0 1904543.8  49280.0 49250.3     45    3.217   0      0.000    3.217
165504.0 170176.0  0.0   288.0  7345472.0 4319954.8 15379136.0 1904543.8  49280.0 49250.3     45    3.217   0      0.000    3.217
165504.0 170176.0  0.0   288.0  7345472.0 4319984.9 15379136.0 1904543.8  49280.0 49250.4     45    3.217   0      0.000    3.217
165504.0 170176.0  0.0   288.0  7345472.0 4319993.7 15379136.0 1904543.8  49280.0 49251.1     45    3.217   0      0.000    3.217
165504.0 170176.0  0.0   288.0  7345472.0 4320004.5 15379136.0 1904543.8  49280.0 49251.5     45    3.217   0      0.000    3.217
165504.0 170176.0  0.0   288.0  7345472.0 4320015.2 15379136.0 1904543.8  49280.0 49252.4     45    3.217   0      0.000    3.217
165504.0 170176.0  0.0   288.0  7345472.0 4320025.9 15379136.0 1904543.8  49280.0 49252.4     45    3.217   0      0.000    3.217
165504.0 170176.0  0.0   288.0  7345472.0 4320057.4 15379136.0 1904543.8  49280.0 49253.0     45    3.217   0      0.000    3.217
165504.0 170176.0  0.0   288.0  7345472.0 4320068.3 15379136.0 1904543.8  49280.0 49253.0     45    3.217   0      0.000    3.217
165504.0 170176.0  0.0   288.0  7345472.0 4322811.8 15379136.0 1904543.8  49280.0 49259.0     45    3.217   0      0.000    3.217
165504.0 170176.0  0.0   288.0  7345472.0 4322822.0 15379136.0 1904543.8  49280.0 49259.2     45    3.217   0      0.000    3.217
165504.0 170176.0  0.0   288.0  7345472.0 4322830.4 15379136.0 1904543.8  49280.0 49259.2     45    3.217   0      0.000    3.217
165504.0 170176.0  0.0   288.0  7345472.0 4836134.0 15379136.0 1904543.8  49472.0 49405.6     45    3.217   0      0.000    3.217
165504.0 170176.0  0.0   288.0  7345472.0 5251019.3 15379136.0 1904543.8  49472.0 49407.1     45    3.217   0      0.000    3.217
165504.0 170176.0  0.0   288.0  7345472.0 6548136.1 15379136.0 1904543.8  49664.0 49591.3     45    3.217   0      0.000    3.217
179776.0 193280.0  0.0   53778.6 7302976.0 811037.6 15379136.0 2052643.9  49664.0 49592.5     47    3.320   0      0.000    3.320
179776.0 176640.0 78223.8  0.0   7333120.0 2808732.3 15379136.0 2100642.5  49664.0 49592.5     48    3.393   0      0.000    3.393
166208.0 176640.0  0.0   44608.2 7333120.0 4515802.6 15379136.0 2170874.2  49664.0 49593.1     49    3.456   0      0.000    3.456
166208.0 159360.0 28224.0  0.0   7363968.0 6582287.9 15379136.0 2214354.3  49664.0 49593.7     50    3.518   0      0.000    3.518
151040.0 163584.0 111133.7  0.0   7362368.0 646056.5 15379136.0 2279074.4  49664.0 49593.7     52    3.706   0      0.000    3.706
157184.0 163584.0  0.0   30560.0 7362368.0 2267428.5 15379136.0 2377429.5  49664.0 49593.7     53    3.810   0      0.000    3.810
157184.0 150720.0 30432.0  0.0   7381632.0 3998694.5 15379136.0 2407877.6  49664.0 49593.7     54    3.931   0      0.000    3.931
144960.0 150720.0  0.0   26528.0 7381632.0 5304403.7 15379136.0 2438253.6  49664.0 49594.2     55    4.052   0      0.000    4.052
144960.0 143552.0 71004.5  0.0   7401024.0 5873189.8 15379136.0 2464677.6  49664.0 49594.8     56    4.203   0      0.000    4.203
146112.0 82944.0  0.0   82880.1 7401024.0 6589430.0 15379136.0 2506573.6  49664.0 49595.6     57    4.307   0      0.000    4.307
146112.0 201856.0 146085.7  0.0   7285824.0 6954690.9 15379136.0 2590029.7  49664.0 49595.9     58    4.412   0      0.000    4.412
201728.0 201856.0 5846.7 106418.0 7285824.0 7285824.0 15379136.0 2695121.0  49664.0 49597.4     60    4.525   0      0.000    4.525
201728.0 224064.0 169776.4  0.0   7241408.0 6166645.2 15379136.0 2728553.0  49664.0 49600.2     60    4.656   0      0.000    4.656
224192.0 122624.0  0.0   122561.9 7241408.0 5619129.8 15379136.0 2779667.0  49664.0 49601.7     61    4.784   0      0.000    4.784
224192.0 222912.0 121766.1  0.0   7242432.0 4031042.8 15379136.0 2814820.1  49664.0 49605.1     62    4.901   0      0.000    4.901
214208.0 222912.0  0.0   66107.0 7242432.0 1979787.0 15379136.0 2892308.2  49664.0 49605.1     63    4.988   0      0.000    4.988
214208.0 210688.0 36352.0  0.0   7264640.0 100088.6 15379136.0 2953699.3  49664.0 49605.8     64    5.065   0      0.000    5.065
214208.0 210688.0 36352.0  0.0   7264640.0 5643442.7 15379136.0 2953699.3  49664.0 49606.0     64    5.065   0      0.000    5.065
204352.0 210688.0  0.0   46592.0 7264640.0 3647959.5 15379136.0 2983835.3  49664.0 49606.0     65    5.146   0      0.000    5.146
204352.0 199680.0 34336.0  0.0   7285504.0 1434004.5 15379136.0 3030331.4  49664.0 49606.0     66    5.228   0      0.000    5.228
204352.0 199680.0 34336.0  0.0   7285504.0 3248973.9 15379136.0 3030331.4  49664.0 49606.0     66    5.228   0      0.000    5.228
204352.0 199680.0 34336.0  0.0   7285504.0 4572891.1 15379136.0 3030331.4  49856.0 49691.4     66    5.228   0      0.000    5.228
204352.0 199680.0 34336.0  0.0   7285504.0 5509145.7 15379136.0 3030331.4  49856.0 49691.4     66    5.228   0      0.000    5.228
204352.0 199680.0 34336.0  0.0   7285504.0 5509164.4 15379136.0 3030331.4  49856.0 49691.4     66    5.228   0      0.000    5.228
204352.0 199680.0 34336.0  0.0   7285504.0 5509187.3 15379136.0 3030331.4  49856.0 49692.0     66    5.228   0      0.000    5.228
204352.0 199680.0 34336.0  0.0   7285504.0 5509208.2 15379136.0 3030331.4  49856.0 49692.0     66    5.228   0      0.000    5.228
204352.0 199680.0 34336.0  0.0   7285504.0 5509231.2 15379136.0 3030331.4  49856.0 49692.0     66    5.228   0      0.000    5.228
204352.0 199680.0 34336.0  0.0   7285504.0 5509273.5 15379136.0 3030331.4  49856.0 49692.2     66    5.228   0      0.000    5.228
220928.0 166528.0  0.0   166499.7 7285504.0 2491482.0 15379136.0 3064595.4  49856.0 49766.5     67    5.327   0      0.000    5.327
220928.0 237760.0 166944.5  0.0   7214016.0 2234259.4 15379136.0 3132546.4  49856.0 49775.7     68    5.402   0      0.000    5.402
248512.0 161216.0  0.0   161197.7 7214016.0 2560197.0 15379136.0 3193230.6  49856.0 49777.4     69    5.460   0      0.000    5.460
248512.0 234944.0 92237.9  0.0   7206080.0 3645642.5 15379136.0 3349673.2  49856.0 49777.4     70    5.528   0      0.000    5.528
238144.0 234944.0  0.0   288.0  7206080.0 5580958.1 15379136.0 3370412.0  49856.0 49780.3     71    5.564   0      0.000    5.564
238144.0 228352.0 58980.9  0.0   7223040.0 6817392.4 15379136.0 3370484.0  49856.0 49783.1     72    5.607   0      0.000    5.607
225408.0 228352.0  0.0   116615.0 7223040.0 7123507.6 15379136.0 3412834.6  49856.0 49787.3     73    5.655   0      0.000    5.655
207232.0 218176.0  0.0   91617.0 7245952.0 324607.7 15379136.0 3489776.9  49856.0 49787.3     75    5.751   0      0.000    5.751
207232.0 201088.0 50700.7  0.0   7281216.0 820762.5 15379136.0 3564734.0  49856.0 49788.0     76    5.795   0      0.000    5.795
198848.0 201088.0  0.0   25875.0 7281216.0 2139237.4 15379136.0 3565098.1  49856.0 49788.3     77    5.835   0      0.000    5.835
198848.0 191168.0 50144.1  0.0   7299520.0 3601760.1 15379136.0 3616244.2  49856.0 49788.9     78    5.883   0      0.000    5.883
185024.0 191168.0  0.0   41448.9 7299520.0 4695937.7 15379136.0 3666164.3  49856.0 49789.3     79    5.924   0      0.000    5.924
185024.0 181312.0 25736.4  0.0   7323200.0 4309270.0 15379136.0 3707397.2  49856.0 49789.3     80    5.969   0      0.000    5.969
181056.0 181312.0  0.0   352.0  7323200.0 800887.7 15379136.0 3732961.7  49856.0 49789.3     81    6.016   0      0.000    6.016
181056.0 181312.0  0.0   352.0  7323200.0 3191620.8 15379136.0 3732961.7  49856.0 49790.6     81    6.016   0      0.000    6.016
181056.0 181312.0  0.0   352.0  7323200.0 4424252.0 15379136.0 3732961.7  49856.0 49791.0     81    6.016   0      0.000    6.016
181056.0 181312.0  0.0   352.0  7323200.0 4802308.6 15379136.0 3732961.7  49856.0 49791.2     81    6.016   0      0.000    6.016
181056.0 181312.0  0.0   352.0  7323200.0 4802331.6 15379136.0 3732961.7  49856.0 49791.2     81    6.016   0      0.000    6.016
181056.0 181312.0  0.0   352.0  7323200.0 5289270.8 15379136.0 3732961.7  49856.0 49798.1     81    6.016   0      0.000    6.016
181056.0 181312.0  0.0   352.0  7323200.0 5520107.3 15379136.0 3732961.7  49856.0 49798.5     81    6.016   0      0.000    6.016
181056.0 181312.0  0.0   352.0  7323200.0 5675295.5 15379136.0 3732961.7  49856.0 49798.9     81    6.016   0      0.000    6.016
181056.0 191872.0 121817.1  0.0   7305792.0 3079546.2 15379136.0 3733033.7  49856.0 49799.7     82    6.073   0      0.000    6.073
194560.0 107200.0  0.0   107160.8 7305792.0 3584107.9 15379136.0 3831832.6  49856.0 49800.4     83    6.170   0      0.000    6.170
194560.0 198400.0 114224.3  0.0   7292736.0 4154521.7 15379136.0 3933829.4  49856.0 49800.6     84    6.290   0      0.000    6.290
203712.0 122368.0  0.0   122304.2 7292736.0 4845992.3 15379136.0 4012221.6  49856.0 49803.7     85    6.418   0      0.000    6.418
203712.0 195392.0 90336.1  0.0   7290432.0 5355500.0 15379136.0 4099677.7  49856.0 49805.1     86    6.539   0      0.000    6.539
192896.0 195392.0  0.0   104831.6 7290432.0 4968240.8 15379136.0 4157229.8  50048.0 49865.2     87    6.797   0      0.000    6.797
192896.0 215424.0 173459.3  0.0   7258688.0 4406389.5 15379136.0 4217269.8  50048.0 49865.8     88    6.992   0      0.000    6.992
205248.0 215424.0  0.0   79360.0 7258688.0 1327126.4 15379136.0 4320658.0  50048.0 49895.9     89    7.133   0      0.000    7.133
205248.0 215424.0  0.0   79360.0 7258688.0 5023947.3 15379136.0 4320658.0  50048.0 49907.7     89    7.133   0      0.000    7.133
205248.0 203136.0 35564.3  0.0   7281152.0 3107511.7 15379136.0 4358906.0  50048.0 49907.9     90    7.242   0      0.000    7.242
218944.0 159808.0  0.0   159748.7 7281152.0 419394.8 15379136.0 4391616.1  50048.0 49911.3     91    7.375   0      0.000    7.375
218944.0 159808.0  0.0   159748.7 7281152.0 4297434.7 15379136.0 4391616.1  50048.0 49911.4     91    7.375   0      0.000    7.375
218944.0 214400.0 114532.2  0.0   7256192.0 314328.7 15379136.0 4541260.8  50048.0 49911.4     92    7.562   0      0.000    7.562
218944.0 214400.0 114532.2  0.0   7256192.0 1204288.1 15379136.0 4541260.8  50048.0 49913.1     92    7.562   0      0.000    7.562
218944.0 214400.0 114532.2  0.0   7256192.0 1204311.0 15379136.0 4541260.8  50048.0 49913.1     92    7.562   0      0.000    7.562
218944.0 214400.0 114532.2  0.0   7256192.0 1204332.0 15379136.0 4541260.8  50048.0 49913.1     92    7.562   0      0.000    7.562
218944.0 214400.0 114532.2  0.0   7256192.0 1204353.0 15379136.0 4541260.8  50048.0 49913.1     92    7.562   0      0.000    7.562
218944.0 214400.0 114532.2  0.0   7256192.0 1204374.0 15379136.0 4541260.8  50048.0 49913.1     92    7.562   0      0.000    7.562
218944.0 214400.0 114532.2  0.0   7256192.0 1204415.7 15379136.0 4541260.8  50048.0 49913.3     92    7.562   0      0.000    7.562
218944.0 214400.0 114532.2  0.0   7256192.0 1204438.7 15379136.0 4541260.8  50048.0 49913.3     92    7.562   0      0.000    7.562
218944.0 214400.0 114532.2  0.0   7256192.0 1204460.2 15379136.0 4541260.8  50048.0 49913.3     92    7.562   0      0.000    7.562
218944.0 214400.0 114532.2  0.0   7256192.0 1204483.2 15379136.0 4541260.8  50048.0 49913.4     92    7.562   0      0.000    7.562
218944.0 214400.0 114532.2  0.0   7256192.0 1204504.5 15379136.0 4541260.8  50048.0 49913.4     92    7.562   0      0.000    7.562
218944.0 214400.0 114532.2  0.0   7256192.0 1204545.7 15379136.0 4541260.8  50048.0 49913.4     92    7.562   0      0.000    7.562
218944.0 214400.0 114532.2  0.0   7256192.0 1204566.9 15379136.0 4541260.8  50048.0 49913.6     92    7.562   0      0.000    7.562
218944.0 214400.0 114532.2  0.0   7256192.0 1204589.9 15379136.0 4541260.8  50048.0 49913.6     92    7.562   0      0.000    7.562
218944.0 214400.0 114532.2  0.0   7256192.0 1773775.5 15379136.0 4541260.8  50048.0 49920.6     92    7.562   0      0.000    7.562
218944.0 214400.0 114532.2 54482.6 7256192.0 7256192.0 15379136.0 4541260.8  50048.0 49922.6     93    7.562   0      0.000    7.562
218944.0 376704.0 67695.9  0.0   6936128.0 142744.3 15379136.0 5104729.4  50048.0 49924.2     94    8.016   0      0.000    8.016
371200.0 376704.0  0.0   28832.1 6936128.0 2710350.2 15379136.0 5117033.4  50048.0 49924.2     95    8.086   0      0.000    8.086
371200.0 366016.0 12736.0  0.0   6952320.0 5307497.6 15379136.0 5141681.4  50048.0 49924.2     96    8.165   0      0.000    8.165
358272.0 344320.0 37728.0  0.0   6986944.0 530309.1 15379136.0 5167089.4  50048.0 49924.2     98    8.384   0      0.000    8.384
334144.0 344320.0  0.0   13056.0 6986944.0 3256076.0 15379136.0 5204793.5  50048.0 49924.2     99    8.468   0      0.000    8.468
334144.0 318080.0 40281.0  0.0   7037312.0 5014056.8 15379136.0 5217729.5  50048.0 49933.7    100    8.564   0      0.000    8.564
298176.0 318080.0  0.0   64363.4 7037312.0 5408246.1 15379136.0 5259279.8  50048.0 49936.3    101    8.654   0      0.000    8.654
298176.0 279744.0 64325.9  0.0   7111616.0 6228371.0 15379136.0 5322537.8  50048.0 49936.3    102    8.731   0      0.000    8.731
263808.0 249536.0 90134.5  0.0   7176192.0 148064.0 15379136.0 5444306.1  50048.0 49936.4    104    8.895   0      0.000    8.895
244032.0 249536.0  0.0   12331.6 7176192.0 1424731.8 15379136.0 5559212.7  50048.0 49938.5    105    8.982   0      0.000    8.982
244032.0 239168.0 704.1   0.0   7206336.0 2122304.1 15379136.0 5571356.3  50048.0 49939.4    106    9.039   0      0.000    9.039
234496.0 239168.0  0.0   99883.9 7206336.0 2992336.5 15379136.0 5571879.0  50048.0 49939.4    107    9.101   0      0.000    9.101
234496.0 222592.0 42027.2  0.0   7232448.0 3769446.5 15379136.0 5692348.1  50048.0 49940.3    108    9.169   0      0.000    9.169
209536.0 222592.0  0.0   51216.9 7232448.0 4581871.4 15379136.0 5743046.5  50048.0 49940.5    109    9.230   0      0.000    9.230
209536.0 206016.0 352.0   0.0   7273984.0 5016696.1 15379136.0 5793999.4  50048.0 49940.6    110    9.296   0      0.000    9.296
201152.0 206016.0  0.0   320.0  7273984.0 3120090.6 15379136.0 5794071.4  50048.0 49941.1    111    9.358   0      0.000    9.358
201152.0 206016.0  0.0   320.0  7273984.0 6125952.0 15379136.0 5794071.4  50048.0 49942.6    111    9.358   0      0.000    9.358
201152.0 206016.0  0.0   320.0  7273984.0 6757443.1 15379136.0 5794071.4  50048.0 49942.8    111    9.358   0      0.000    9.358
201152.0 206016.0  0.0   320.0  7273984.0 6757464.2 15379136.0 5794071.4  50048.0 49942.8    111    9.358   0      0.000    9.358
201152.0 206016.0  0.0   320.0  7273984.0 6757489.6 15379136.0 5794071.4  50048.0 49942.8    111    9.358   0      0.000    9.358
201152.0 206016.0  0.0   320.0  7273984.0 6757534.7 15379136.0 5794071.4  50048.0 49943.2    111    9.358   0      0.000    9.358
201152.0 206016.0  0.0   320.0  7273984.0 6757557.5 15379136.0 5794071.4  50048.0 49943.9    111    9.358   0      0.000    9.358
201152.0 206016.0  0.0   320.0  7273984.0 6757578.5 15379136.0 5794071.4  50048.0 49944.4    111    9.358   0      0.000    9.358
201152.0 206016.0  0.0   320.0  7273984.0 6757601.4 15379136.0 5794071.4  50048.0 49944.4    111    9.358   0      0.000    9.358
201152.0 206016.0  0.0   320.0  7273984.0 6757622.4 15379136.0 5794071.4  50048.0 49944.7    111    9.358   0      0.000    9.358
201152.0 206016.0  0.0   320.0  7273984.0 6757668.1 15379136.0 5794071.4  50048.0 49945.5    111    9.358   0      0.000    9.358
201152.0 206016.0  0.0   320.0  7273984.0 6757688.9 15379136.0 5794071.4  50048.0 49945.5    111    9.358   0      0.000    9.358
201152.0 206016.0  0.0   320.0  7273984.0 6757709.7 15379136.0 5794071.4  50048.0 49945.9    111    9.358   0      0.000    9.358
201152.0 206016.0  0.0   320.0  7273984.0 6757730.5 15379136.0 5794071.4  50048.0 49946.5    111    9.358   0      0.000    9.358
201152.0 206016.0  0.0   320.0  7273984.0 6757755.4 15379136.0 5794071.4  50048.0 49946.8    111    9.358   0      0.000    9.358
201152.0 192960.0 13344.5  0.0   7295424.0 1402083.3 15379136.0 5794143.4  50048.0 49949.5    112    9.420   0      0.000    9.420
197952.0 192960.0  0.0   101099.3 7295424.0 2288721.7 15379136.0 5798371.4  50048.0 49949.7    113    9.509   0      0.000    9.509
197952.0 232768.0 186948.1  0.0   7224000.0 3421109.9 15379136.0 5847139.4  50048.0 49950.2    114    9.645   0      0.000    9.645
228672.0 232768.0  0.0   100829.7 7224000.0 4625794.7 15379136.0 5992690.8  50048.0 49950.4    115    9.779   0      0.000    9.779
228672.0 215104.0 57120.0  0.0   7245760.0 5964474.9 15379136.0 6110517.9  50048.0 49993.3    116    9.928   0      0.000    9.928
201344.0 215104.0  0.0   71429.5 7245760.0 6795457.9 15379136.0 6165582.0  50048.0 49995.9    117   10.123   0      0.000   10.123
201344.0 204736.0 114208.1  0.0   7280064.0 6347680.1 15379136.0 6236995.4  50048.0 49996.4    118   10.275   0      0.000   10.275
193792.0 204736.0  0.0   61436.5 7280064.0 2474849.1 15379136.0 6351203.6  50048.0 50000.4    119   10.433   0      0.000   10.433
193792.0 204736.0  0.0   61436.5 7280064.0 7095992.2 15379136.0 6351203.6  50048.0 50003.8    119   10.433   0      0.000   10.433
193792.0 202432.0 128810.0  0.0   7284672.0 6360443.3 15379136.0 6391699.7  50048.0 50003.8    120   10.621   0      0.000   10.621
207808.0 126400.0  0.0   126355.4 7284672.0 6277527.3 15379136.0 6456856.8  50048.0 50003.8    121   10.726   0      0.000   10.726
207808.0 205440.0 110432.1  0.0   7276288.0 5604371.8 15379136.0 6579032.3  50048.0 50004.1    122   10.866   0      0.000   10.866
218048.0 152128.0  0.0   152125.4 7276288.0 5224756.3 15379136.0 6660312.3  50048.0 50004.1    123   11.042   0      0.000   11.042
218048.0 220608.0 133349.0  0.0   7248320.0 5016362.6 15379136.0 6804381.7  50048.0 50007.1    124   11.241   0      0.000   11.241
209024.0 220608.0  0.0   91721.0 7248320.0 4607606.6 15379136.0 6936198.8  50048.0 50007.6    125   11.404   0      0.000   11.404
209024.0 198464.0 91692.8  0.0   7282048.0 1790777.3 15379136.0 7024847.7  50048.0 50007.6    126   11.557   0      0.000   11.557
209024.0 198464.0 91692.8  0.0   7282048.0 4349479.7 15379136.0 7024847.7  50048.0 50007.6    126   11.557   0      0.000   11.557
209024.0 198464.0 91692.8  0.0   7282048.0 6367834.3 15379136.0 7024847.7  50048.0 50007.6    126   11.557   0      0.000   11.557
209024.0 198464.0 91692.8  0.0   7282048.0 6367918.8 15379136.0 7024847.7  50048.0 50007.6    126   11.557   0      0.000   11.557
209024.0 198464.0 91692.8  0.0   7282048.0 6367939.9 15379136.0 7024847.7  50048.0 50007.6    126   11.557   0      0.000   11.557
209024.0 198464.0 91692.8  0.0   7282048.0 6367988.7 15379136.0 7024847.7  50048.0 50007.6    126   11.557   0      0.000   11.557
209024.0 198464.0 91692.8  0.0   7282048.0 6368009.8 15379136.0 7024847.7  50048.0 50007.6    126   11.557   0      0.000   11.557
209024.0 198464.0 91692.8  0.0   7282048.0 6368033.2 15379136.0 7024847.7  50048.0 50007.6    126   11.557   0      0.000   11.557
209024.0 198464.0 91692.8  0.0   7282048.0 6368054.2 15379136.0 7024847.7  50048.0 50007.8    126   11.557   0      0.000   11.557
209024.0 198464.0 91692.8  0.0   7282048.0 6368077.2 15379136.0 7024847.7  50048.0 50007.8    126   11.557   0      0.000   11.557
209024.0 198464.0 91692.8  0.0   7282048.0 6368121.9 15379136.0 7024847.7  50048.0 50007.8    126   11.557   0      0.000   11.557
209024.0 198464.0 91692.8  0.0   7282048.0 6368144.9 15379136.0 7024847.7  50048.0 50008.1    126   11.557   0      0.000   11.557
209024.0 198464.0 91692.8  0.0   7282048.0 6368163.7 15379136.0 7024847.7  50048.0 50008.6    126   11.557   0      0.000   11.557
209024.0 198464.0 91692.8  0.0   7282048.0 6368186.9 15379136.0 7024847.7  50048.0 50008.7    126   11.557   0      0.000   11.557
209024.0 198464.0 91692.8  0.0   7282048.0 6368207.9 15379136.0 7024847.7  50048.0 50010.0    126   11.557   0      0.000   11.557
209024.0 198464.0 91692.8  0.0   7282048.0 6368252.1 15379136.0 7024847.7  50048.0 50011.0    126   11.557   0      0.000   11.557
209024.0 198464.0 91692.8  0.0   7282048.0 6368275.3 15379136.0 7024847.7  50048.0 50011.8    126   11.557   0      0.000   11.557
209024.0 198464.0 91692.8  0.0   7282048.0 6368296.3 15379136.0 7024847.7  50048.0 50012.6    126   11.557   0      0.000   11.557
209024.0 198464.0 91692.8  0.0   7282048.0 6368319.1 15379136.0 7024847.7  50048.0 50012.6    126   11.557   0      0.000   11.557
209024.0 198464.0 91692.8  0.0   7282048.0 6375012.0 15379136.0 7024847.7  50048.0 50012.6    126   11.557   0      0.000   11.557
209024.0 198464.0 91692.8  0.0   7282048.0 6379012.3 15379136.0 7024847.7  50048.0 50012.6    126   11.557   0      0.000   11.557
209024.0 198464.0 91692.8  0.0   7282048.0 6379031.1 15379136.0 7024847.7  50048.0 50014.1    126   11.557   0      0.000   11.557
209024.0 198464.0 91692.8  0.0   7282048.0 6379051.9 15379136.0 7024847.7  50048.0 50014.6    126   11.557   0      0.000   11.557
209024.0 198464.0 91692.8  0.0   7282048.0 6388208.2 15379136.0 7024847.7  50048.0 50016.0    126   11.557   0      0.000   11.557
209024.0 198464.0  0.0   198451.9 7282048.0 2994428.1 15379136.0 7122044.5  50048.0 50019.7    127   11.751   0      0.000   11.751
209024.0 365376.0 208993.8  0.0   6958784.0 4353677.1 15379136.0 7347183.4  50048.0 50020.1    128   12.021   0      0.000   12.021
362880.0 365376.0  0.0   34066.4 6958784.0 6639856.9 15379136.0 7556633.2  50048.0 50020.1    129   12.204   0      0.000   12.204
354752.0 359104.0  0.0   12928.0 6967552.0 2115432.7 15379136.0 7636542.1  50048.0 50020.1    131   12.379   0      0.000   12.379
354752.0 347776.0 12992.0  0.0   6987008.0 4792424.0 15379136.0 7649406.1  50048.0 50020.1    132   12.497   0      0.000   12.497
334784.0 322496.0 29536.0  0.0   7032256.0 217022.9 15379136.0 7698990.2  50048.0 50020.1    134   12.694   0      0.000   12.694
304128.0 322496.0  0.0   61900.3 7032256.0 1657514.6 15379136.0 7711974.2  50048.0 50020.9    135   12.793   0      0.000   12.793
304128.0 284800.0 73535.5  0.0   7100608.0 2196980.7 15379136.0 7749579.7  50048.0 50023.2    136   12.892   0      0.000   12.892
271680.0 284800.0  0.0   46380.1 7100608.0 4002654.2 15379136.0 7773221.8  50048.0 50023.4    137   12.978   0      0.000   12.978
271680.0 258944.0 45314.7  0.0   7158912.0 6048247.8 15379136.0 7819358.0  50048.0 50023.6    138   13.059   0      0.000   13.059
254208.0 237696.0 75669.8  0.0   7197632.0 763934.1 15379136.0 7864548.7  50048.0 50023.6    140   13.217   0      0.000   13.217
233088.0 237696.0  0.0   480.0  7197632.0 3099390.0 15379136.0 7939966.6  50048.0 50023.6    141   13.296   0      0.000   13.296
233088.0 227008.0 320.0   0.0   7229440.0 5258778.2 15379136.0 7940204.3  50048.0 50023.6    142   13.377   0      0.000   13.377
219776.0 227008.0  0.0   608.1  7229440.0 6011877.1 15379136.0 7940260.3  50048.0 50023.6    143   13.458   0      0.000   13.458
219776.0 208320.0 20620.2  0.0   7261440.0 6444451.0 15379136.0 7940618.0  50048.0 50023.6    144   13.539   0      0.000   13.539
200640.0 208320.0  0.0   320.0  7261440.0 4214057.3 15379136.0 7960986.3  50048.0 50023.6    145   13.621   0      0.000   13.621
200640.0 208320.0  0.0   320.0  7261440.0 6140067.2 15379136.0 7960986.3  50048.0 50023.6    145   13.621   0      0.000   13.621
200640.0 208320.0  0.0   320.0  7261440.0 7076779.8 15379136.0 7960986.3  50048.0 50023.6    145   13.621   0      0.000   13.621
200640.0 208320.0  0.0   320.0  7261440.0 7076798.5 15379136.0 7960986.3  50048.0 50023.6    145   13.621   0      0.000   13.621
200640.0 208320.0  0.0   320.0  7261440.0 7076821.3 15379136.0 7960986.3  50048.0 50023.6    145   13.621   0      0.000   13.621
200640.0 208320.0  0.0   320.0  7261440.0 7076840.1 15379136.0 7960986.3  50048.0 50023.6    145   13.621   0      0.000   13.621
200640.0 208320.0  0.0   320.0  7261440.0 7076887.2 15379136.0 7960986.3  50048.0 50023.6    145   13.621   0      0.000   13.621
200640.0 208320.0  0.0   320.0  7261440.0 7076905.7 15379136.0 7960986.3  50048.0 50023.6    145   13.621   0      0.000   13.621
200640.0 208320.0  0.0   320.0  7261440.0 7076924.5 15379136.0 7960986.3  50048.0 50025.0    145   13.621   0      0.000   13.621
200640.0 208320.0  0.0   320.0  7261440.0 7076945.2 15379136.0 7960986.3  50048.0 50025.0    145   13.621   0      0.000   13.621
200640.0 208320.0  0.0   320.0  7261440.0 7076965.9 15379136.0 7960986.3  50048.0 50025.6    145   13.621   0      0.000   13.621
200640.0 208320.0  0.0   320.0  7261440.0 7077005.2 15379136.0 7960986.3  50048.0 50026.3    145   13.621   0      0.000   13.621
200640.0 208320.0  0.0   320.0  7261440.0 7077026.2 15379136.0 7960986.3  50048.0 50026.6    145   13.621   0      0.000   13.621
200640.0 208320.0  0.0   320.0  7261440.0 7077042.8 15379136.0 7960986.3  50048.0 50027.0    145   13.621   0      0.000   13.621
200640.0 208320.0  0.0   320.0  7261440.0 7077065.6 15379136.0 7960986.3  50048.0 50027.0    145   13.621   0      0.000   13.621
200640.0 208320.0  0.0   320.0  7261440.0 7077096.8 15379136.0 7960986.3  50048.0 50027.0    145   13.621   0      0.000   13.621
200640.0 208320.0  0.0   320.0  7261440.0 7077158.7 15379136.0 7960986.3  50048.0 50027.0    145   13.621   0      0.000   13.621
200640.0 208320.0  0.0   320.0  7261440.0 7077177.3 15379136.0 7960986.3  50048.0 50027.0    145   13.621   0      0.000   13.621
200640.0 208320.0  0.0   320.0  7261440.0 7077195.9 15379136.0 7960986.3  50048.0 50027.0    145   13.621   0      0.000   13.621
200640.0 208320.0  0.0   320.0  7261440.0 7077216.8 15379136.0 7960986.3  50048.0 50027.6    145   13.621   0      0.000   13.621
200640.0 190528.0 11216.5  0.0   7298368.0 3901240.2 15379136.0 7961050.3  50048.0 50029.7    146   13.700   0      0.000   13.700
217664.0 154624.0  0.0   154562.5 7298368.0 4586423.5 15379136.0 7963179.3  50048.0 50031.1    147   13.808   0      0.000   13.808
217664.0 217728.0 96907.4  0.0   7254080.0 5416257.1 15379136.0 8070800.1  50048.0 50032.3    148   13.943   0      0.000   13.943
215488.0 217728.0  0.0   94048.2 7254080.0 3891452.3 15379136.0 8145711.4  50048.0 50032.3    149   14.084   0      0.000   14.084
215488.0 200512.0 57216.0  0.0   7273536.0 5350120.3 15379136.0 8236695.5  50048.0 50032.3    150   14.228   0      0.000   14.228
187904.0 200512.0  0.0   51360.0 7273536.0 5817084.4 15379136.0 8293879.6  50048.0 50032.7    151   14.453   0      0.000   14.453
187904.0 199360.0 124832.2  0.0   7290816.0 6754326.8 15379136.0 8345239.6  50048.0 50032.7    152   14.621   0      0.000   14.621
189568.0 199360.0  0.0   44608.0 7290816.0 3166813.1 15379136.0 8470071.8  50048.0 50033.1    153   14.776   0      0.000   14.776
189568.0 199360.0  0.0   44608.0 7290816.0 6648119.1 15379136.0 8470071.8  50048.0 50034.2    153   14.776   0      0.000   14.776
189568.0 185728.0 12096.3  0.0   7314240.0 7314240.0 15379136.0 8514615.8  50048.0 50035.9    155   14.947   0      0.000   14.947
179840.0 185728.0  0.0   77004.4 7314240.0 7143060.0 15379136.0 8524802.7  50048.0 50035.9    155   15.066   0      0.000   15.066
179840.0 186688.0 111081.7 91131.3 7316160.0 7316160.0 15379136.0 8645900.6  50048.0 50035.9    157   15.219   0      0.000   15.219
187008.0 186304.0 98733.2  0.0   7316224.0 288190.9 15379136.0 8813647.1  50048.0 50037.5    158   15.563   0      0.000   15.563
183488.0 186304.0  0.0   95008.1 7316224.0 1053817.8 15379136.0 8911444.3  50048.0 50037.8    159   15.765   0      0.000   15.765
183488.0 204544.0 160560.8  0.0   7280448.0 313983.5 15379136.0 9004452.4  50048.0 50038.0    160   15.972   0      0.000   15.972
183488.0 204544.0 160560.8  0.0   7280448.0 6331627.5 15379136.0 9004452.4  50048.0 50038.8    160   15.972   0      0.000   15.972
215360.0 144960.0  0.0   144937.8 7280448.0 2573869.1 15379136.0 9159989.2  50048.0 50038.8    161   16.209   0      0.000   16.209
215360.0 144960.0  0.0   144937.8 7280448.0 6220942.2 15379136.0 9159989.2  50048.0 50038.8    161   16.209   0      0.000   16.209
215360.0 203008.0 87101.0  0.0   7271168.0 74153.2  15379136.0 9293422.1  50048.0 50038.8    162   16.414   0      0.000   16.414
215360.0 203008.0 87101.0  0.0   7271168.0 74190.6  15379136.0 9293422.1  50048.0 50038.8    162   16.414   0      0.000   16.414
215360.0 203008.0 87101.0  0.0   7271168.0 74211.6  15379136.0 9293422.1  50048.0 50038.8    162   16.414   0      0.000   16.414
215360.0 203008.0 87101.0  0.0   7271168.0 74260.5  15379136.0 9293422.1  50048.0 50038.8    162   16.414   0      0.000   16.414
215360.0 203008.0 87101.0  0.0   7271168.0 74277.2  15379136.0 9293422.1  50048.0 50038.8    162   16.414   0      0.000   16.414
215360.0 203008.0 87101.0  0.0   7271168.0 74298.0  15379136.0 9293422.1  50048.0 50038.8    162   16.414   0      0.000   16.414
215360.0 203008.0 87101.0  0.0   7271168.0 74318.6  15379136.0 9293422.1  50048.0 50038.8    162   16.414   0      0.000   16.414
215360.0 203008.0 87101.0  0.0   7271168.0 74339.2  15379136.0 9293422.1  50048.0 50038.8    162   16.414   0      0.000   16.414
215360.0 203008.0 87101.0  0.0   7271168.0 74381.7  15379136.0 9293422.1  50048.0 50038.8    162   16.414   0      0.000   16.414
215360.0 203008.0 87101.0  0.0   7271168.0 74402.5  15379136.0 9293422.1  50048.0 50039.0    162   16.414   0      0.000   16.414
215360.0 203008.0 87101.0  0.0   7271168.0 74421.1  15379136.0 9293422.1  50048.0 50039.0    162   16.414   0      0.000   16.414
215360.0 203008.0 87101.0  0.0   7271168.0 74437.7  15379136.0 9293422.1  50048.0 50039.0    162   16.414   0      0.000   16.414
215360.0 203008.0 87101.0  0.0   7271168.0 74458.4  15379136.0 9293422.1  50048.0 50039.0    162   16.414   0      0.000   16.414
215360.0 203008.0 87101.0  0.0   7271168.0 74503.6  15379136.0 9293422.1  50048.0 50039.0    162   16.414   0      0.000   16.414
215360.0 203008.0 87101.0  0.0   7271168.0 4319236.6 15379136.0 9293422.1  50048.0 50039.9    162   16.414   0      0.000   16.414
215360.0 203008.0  0.0   202985.7 7271168.0 5741443.1 15379136.0 9494356.0  50048.0 50039.9    163   16.684   0      0.000   16.684
297152.0 304512.0  0.0   41312.1 7080512.0   0.0    15379136.0 9719003.8  50048.0 50040.4    165   17.019   0      0.000   17.019
297152.0 291968.0 21536.0  0.0   7100416.0 2494376.1 15379136.0 9760203.9  50048.0 50040.4    166   17.142   0      0.000   17.142
283648.0 291968.0  0.0   29568.0 7100416.0 4821640.2 15379136.0 9781635.9  50048.0 50040.6    167   17.320   0      0.000   17.320
283648.0 270336.0 53504.1 30040.1 7135552.0 7135552.0 15379136.0 9828772.0  50240.0 50049.4    169   17.452   0      0.000   17.452
258496.0 269568.0 159647.6  0.0   7150400.0 760755.1 15379136.0 9911676.2  50240.0 50052.8    170   17.735   0      0.000   17.735
257728.0 269568.0  0.0   53674.2 7150400.0 1630054.0 15379136.0 10064678.1 50240.0 50055.7    171   17.902   0      0.000   17.902
257728.0 243264.0 70217.1  0.0   7188544.0 3095199.4 15379136.0 10098104.8 50240.0 50055.7    172   18.009   0      0.000   18.009
237504.0 243264.0  0.0   25076.9 7188544.0 4866293.1 15379136.0 10118241.8 50240.0 50055.9    173   18.119   0      0.000   18.119
237504.0 232128.0 16832.0  0.0   7219904.0 6068756.3 15379136.0 10143146.8 50240.0 50057.4    174   18.227   0      0.000   18.227
224128.0 219968.0 416.0   0.0   7245440.0 272733.1 15379136.0 10193895.1 50240.0 50057.7    176   18.430   0      0.000   18.430
214336.0 219968.0  0.0   576.1  7245440.0 1786805.4 15379136.0 10194108.8 50240.0 50057.9    177   18.529   0      0.000   18.529
214336.0 204160.0 20996.5  0.0   7271040.0 2174791.7 15379136.0 10194472.9 50240.0 50058.8    178   18.628   0      0.000   18.628
197632.0 204160.0  0.0   256.0  7271040.0 1580542.1 15379136.0 10215261.3 50240.0 50059.5    179   18.738   0      0.000   18.738
197632.0 204160.0  32.0  256.0  7271040.0 7271040.0 15379136.0 10215269.3 50240.0 50059.5    180   18.738   0      0.000   18.738
197632.0 187904.0 60961.5  0.0   7304000.0 1890216.1 15379136.0 10215325.3 50240.0 50059.5    180   18.837   0      0.000   18.837
197632.0 187904.0 60961.5  0.0   7304000.0 4417584.7 15379136.0 10215325.3 50240.0 50059.5    180   18.837   0      0.000   18.837
184320.0 187904.0  0.0   76038.0 7304000.0 744221.0 15379136.0 10296108.0 50240.0 50059.5    181   18.943   0      0.000   18.943
184320.0 187904.0  0.0   76038.0 7304000.0 3820689.1 15379136.0 10296108.0 50240.0 50059.5    181   18.943   0      0.000   18.943
184320.0 187904.0  0.0   76038.0 7304000.0 6254222.0 15379136.0 10296108.0 50240.0 50059.5    181   18.943   0      0.000   18.943
184320.0 179520.0 320.0   0.0   7325696.0 675403.1 15379136.0 10371934.1 50240.0 50059.5    182   19.052   0      0.000   19.052
184320.0 179520.0 320.0   0.0   7325696.0 828026.1 15379136.0 10371934.1 50240.0 50059.5    182   19.052   0      0.000   19.052
184320.0 179520.0 320.0   0.0   7325696.0 828044.8 15379136.0 10371934.1 50240.0 50059.5    182   19.052   0      0.000   19.052
184320.0 179520.0 320.0   0.0   7325696.0 828091.9 15379136.0 10371934.1 50240.0 50059.5    182   19.052   0      0.000   19.052
184320.0 179520.0 320.0   0.0   7325696.0 828110.6 15379136.0 10371934.1 50240.0 50059.5    182   19.052   0      0.000   19.052
184320.0 179520.0 320.0   0.0   7325696.0 828131.4 15379136.0 10371934.1 50240.0 50059.5    182   19.052   0      0.000   19.052
184320.0 179520.0 320.0   0.0   7325696.0 828150.0 15379136.0 10371934.1 50240.0 50059.5    182   19.052   0      0.000   19.052
184320.0 179520.0 320.0   0.0   7325696.0 828168.6 15379136.0 10371934.1 50240.0 50059.5    182   19.052   0      0.000   19.052
184320.0 179520.0 320.0   0.0   7325696.0 828214.7 15379136.0 10371934.1 50240.0 50059.5    182   19.052   0      0.000   19.052
184320.0 179520.0 320.0   0.0   7325696.0 828235.4 15379136.0 10371934.1 50240.0 50059.5    182   19.052   0      0.000   19.052
184320.0 179520.0 320.0   0.0   7325696.0 828254.1 15379136.0 10371934.1 50240.0 50059.5    182   19.052   0      0.000   19.052
184320.0 179520.0 320.0   0.0   7325696.0 828274.8 15379136.0 10371934.1 50240.0 50059.5    182   19.052   0      0.000   19.052
184320.0 179520.0 320.0   0.0   7325696.0 5175860.2 15379136.0 10371934.1 50240.0 50061.0    182   19.052   0      0.000   19.052
190784.0 173056.0  0.0   173032.7 7325696.0 5225097.1 15379136.0 10371998.1 50240.0 50061.0    183   19.173   0      0.000   19.173
190784.0 228096.0 140403.0  0.0   7233344.0 6140183.1 15379136.0 10433512.1 50240.0 50061.0    184   19.321   0      0.000   19.321
220480.0 228096.0  0.0   89504.2 7233344.0 6389958.9 15379136.0 10530081.5 50240.0 50061.0    185   19.476   0      0.000   19.476
220480.0 207040.0 58624.0 15040.0 7262016.0 7262016.0 15379136.0 10617625.6 50240.0 50061.0    187   19.634   0      0.000   19.634
194624.0 207040.0  32.0  59200.0 7262016.0 7262016.0 15379136.0 10676201.6 50240.0 50061.0    188   19.854   0      0.000   19.854
194624.0 193600.0 98720.1  0.0   7301312.0 6543493.9 15379136.0 10735385.7 50240.0 50061.0    188   20.051   0      0.000   20.051
187968.0 193600.0  0.0   30528.0 7301312.0 4352108.7 15379136.0 10834097.9 50240.0 50061.0    189   20.223   0      0.000   20.223
187968.0 180096.0 77728.2  0.0   7321472.0 1246648.5 15379136.0 10868649.9 50240.0 50061.0    190   20.390   0      0.000   20.390
182720.0 180096.0  0.0   104912.9 7321472.0 108943.3 15379136.0 10889460.6 50240.0 50061.0    191   20.578   0      0.000   20.578
182720.0 175808.0 82636.3  0.0   7331008.0 162670.3 15379136.0 10985741.4 50240.0 50061.0    192   20.767   0      0.000   20.767
182720.0 175808.0 82636.3 67773.6 7331008.0 7331008.0 15379136.0 11021765.6 50240.0 50062.7    193   20.767   0      0.000   20.767
187264.0 131200.0 22628.2 131165.6 7331008.0 7331008.0 15379136.0 11068717.6 50240.0 50062.7    194   20.948   0      0.000   20.948
187264.0 194240.0 126456.6  0.0   7301056.0 6729760.1 15379136.0 11180147.2 50240.0 50062.7    194   21.166   0      0.000   21.166
183232.0 194240.0  0.0   83361.7 7301056.0 2629945.5 15379136.0 11300049.6 50240.0 50062.7    195   21.384   0      0.000   21.384
183232.0 194240.0  0.0   83361.7 7301056.0 4181437.2 15379136.0 11300049.6 50240.0 50062.7    195   21.384   0      0.000   21.384
183232.0 194240.0  0.0   83361.7 7301056.0 4181505.4 15379136.0 11300049.6 50240.0 50062.7    195   21.384   0      0.000   21.384
183232.0 194240.0  0.0   83361.7 7301056.0 4181526.4 15379136.0 11300049.6 50240.0 50062.7    195   21.384   0      0.000   21.384
183232.0 194240.0  0.0   83361.7 7301056.0 4181546.9 15379136.0 11300049.6 50240.0 50062.7    195   21.384   0      0.000   21.384
183232.0 194240.0  0.0   83361.7 7301056.0 4181565.4 15379136.0 11300049.6 50240.0 50062.7    195   21.384   0      0.000   21.384
183232.0 194240.0  0.0   83361.7 7301056.0 4181614.1 15379136.0 11300049.6 50240.0 50062.7    195   21.384   0      0.000   21.384
183232.0 194240.0  0.0   83361.7 7301056.0 4181632.8 15379136.0 11300049.6 50240.0 50062.7    195   21.384   0      0.000   21.384
183232.0 194240.0  0.0   83361.7 7301056.0 4181653.7 15379136.0 11300049.6 50240.0 50062.7    195   21.384   0      0.000   21.384
183232.0 194240.0  0.0   83361.7 7301056.0 4181672.2 15379136.0 11300049.6 50240.0 50062.7    195   21.384   0      0.000   21.384
183232.0 194240.0  0.0   83361.7 7301056.0 4181690.9 15379136.0 11300049.6 50240.0 50062.7    195   21.384   0      0.000   21.384
183232.0 194240.0  0.0   83361.7 7301056.0 4181735.1 15379136.0 11300049.6 50240.0 50062.7    195   21.384   0      0.000   21.384
183232.0 194240.0  0.0   83361.7 7301056.0 4181753.8 15379136.0 11300049.6 50240.0 50062.7    195   21.384   0      0.000   21.384
183232.0 194240.0  0.0   83361.7 7301056.0 4207571.3 15379136.0 11300049.6 50240.0 50062.7    195   21.384   0      0.000   21.384
183232.0 194240.0  0.0   83361.7 7301056.0 4207604.1 15379136.0 11300049.6 50240.0 50062.7    195   21.384   0      0.000   21.384
183232.0 194240.0  0.0   83361.7 7301056.0 4207637.2 15379136.0 11300049.6 50240.0 50062.7    195   21.384   0      0.000   21.384
183232.0 194240.0  0.0   83361.7 7301056.0 4207694.6 15379136.0 11300049.6 50240.0 50062.7    195   21.384   0      0.000   21.384
183232.0 194240.0  0.0   83361.7 7301056.0 4207715.2 15379136.0 11300049.6 50240.0 50062.7    195   21.384   0      0.000   21.384
183232.0 194240.0  0.0   83361.7 7301056.0 4207733.8 15379136.0 11300049.6 50240.0 50062.7    195   21.384   0      0.000   21.384
183232.0 194240.0  0.0   83361.7 7301056.0 4207754.7 15379136.0 11300049.6 50240.0 50062.7    195   21.384   0      0.000   21.384
183232.0 194240.0  0.0   83361.7 7301056.0 4207773.2 15379136.0 11300049.6 50240.0 50062.7    195   21.384   0      0.000   21.384
183232.0 194240.0  0.0   83361.7 7301056.0 4207817.9 15379136.0 11300049.6 50240.0 50062.7    195   21.384   0      0.000   21.384
183232.0 194240.0  0.0   83361.7 7301056.0 4207834.5 15379136.0 11300049.6 50240.0 50062.7    195   21.384   0      0.000   21.384
183232.0 194240.0  0.0   83361.7 7301056.0 4207853.3 15379136.0 11300049.6 50240.0 50062.7    195   21.384   0      0.000   21.384
183232.0 194240.0  0.0   83361.7 7301056.0 4634990.5 15379136.0 11300049.6 50240.0 50062.9    195   21.384   0      0.000   21.384
183232.0 284288.0 183226.3  0.0   7120960.0 2480681.9 15379136.0 11500001.9 50240.0 50062.9    196   21.651   0      0.000   21.651
277376.0 284288.0  0.0   140595.7 7120960.0 4479704.7 15379136.0 11619752.6 50240.0 50062.9    197   21.857   0      0.000   21.857
277376.0 277184.0 21632.0  0.0   7134976.0 6861022.4 15379136.0 11752943.0 50240.0 50062.9    198   22.018   0      0.000   22.018
273216.0 265280.0 42630.9  0.0   7151040.0 1480604.9 15379136.0 11803615.1 50240.0 50062.9    200   22.303   0      0.000   22.303
258112.0 265280.0  0.0   34144.0 7151040.0 3923472.2 15379136.0 11846102.0 50240.0 50062.9    201   22.484   0      0.000   22.484
258112.0 250048.0 33824.0  0.0   7181376.0 6211490.8 15379136.0 11880158.1 50240.0 50063.1    202   22.621   0      0.000   22.621
244288.0 250048.0  0.0   16960.0 7181376.0 7181376.0 15379136.0 11913902.1 50240.0 50063.6    204   22.785   0      0.000   22.785
228224.0 237440.0  0.0   38571.4 7207808.0 352505.8 15379136.0 12044380.9 50240.0 50063.6    205   23.103   0      0.000   23.103
228224.0 232384.0 127022.2  0.0   7224768.0 1688786.0 15379136.0 12080808.3 50240.0 50063.6    206   23.224   0      0.000   23.224
223680.0 232384.0  0.0   40649.2 7224768.0 3424795.4 15379136.0 12203602.6 50240.0 50063.6    207   23.346   0      0.000   23.346
223680.0 220096.0 9696.0  0.0   7245760.0 5175580.0 15379136.0 12244071.8 50240.0 50063.6    208   23.467   0      0.000   23.467
207616.0 220096.0  0.0   53352.5 7245760.0 6341086.5 15379136.0 12253631.8 50240.0 50064.1    209   23.590   0      0.000   23.590
207616.0 194048.0 68582.5  0.0   7287872.0 6623053.8 15379136.0 12306866.9 50240.0 50064.1    210   23.741   0      0.000   23.741
182848.0 194048.0  32.0  58809.2 7287872.0 7287872.0 15379136.0 12322052.2 50240.0 50064.1    212   23.862   0      0.000   23.862
173056.0 178304.0  0.0   25248.1 7328384.0 382937.0 15379136.0 12380307.2 50240.0 50064.4    213   24.108   0      0.000   24.108
173056.0 171584.0 320.0   0.0   7344896.0 950498.1 15379136.0 12430227.3 50240.0 50064.4    214   24.225   0      0.000   24.225
173056.0 171584.0 320.0   0.0   7344896.0 6731795.3 15379136.0 12430227.3 50240.0 50064.4    214   24.225   0      0.000   24.225
168640.0 171584.0  0.0   320.0  7344896.0 2788656.4 15379136.0 12430307.3 50240.0 50064.4    215   24.339   0      0.000   24.339
168640.0 171584.0  0.0   320.0  7344896.0 4132494.5 15379136.0 12430307.3 50240.0 50064.4    215   24.339   0      0.000   24.339
168640.0 171584.0  0.0   320.0  7344896.0 5200822.7 15379136.0 12430307.3 50240.0 50064.4    215   24.339   0      0.000   24.339
168640.0 171584.0  0.0   320.0  7344896.0 6572138.6 15379136.0 12430307.3 50240.0 50064.4    215   24.339   0      0.000   24.339
168640.0 161152.0 20588.2  0.0   7359744.0 524433.8 15379136.0 12430371.3 50240.0 50064.4    216   24.450   0      0.000   24.450
168640.0 161152.0 20588.2  0.0   7359744.0 1850515.9 15379136.0 12430371.3 50240.0 50064.4    216   24.450   0      0.000   24.450
168640.0 161152.0 20588.2  0.0   7359744.0 1850575.1 15379136.0 12430371.3 50240.0 50064.4    216   24.450   0      0.000   24.450
168640.0 161152.0 20588.2  0.0   7359744.0 1850593.8 15379136.0 12430371.3 50240.0 50064.4    216   24.450   0      0.000   24.450
168640.0 161152.0 20588.2  0.0   7359744.0 1850616.5 15379136.0 12430371.3 50240.0 50064.4    216   24.450   0      0.000   24.450
168640.0 161152.0 20588.2  0.0   7359744.0 1850660.1 15379136.0 12430371.3 50240.0 50064.4    216   24.450   0      0.000   24.450
168640.0 161152.0 20588.2  0.0   7359744.0 1850680.6 15379136.0 12430371.3 50240.0 50064.4    216   24.450   0      0.000   24.450
168640.0 161152.0 20588.2  0.0   7359744.0 1850699.3 15379136.0 12430371.3 50240.0 50064.4    216   24.450   0      0.000   24.450
168640.0 161152.0 20588.2  0.0   7359744.0 1850719.9 15379136.0 12430371.3 50240.0 50064.4    216   24.450   0      0.000   24.450
168640.0 161152.0 20588.2  0.0   7359744.0 1850738.5 15379136.0 12430371.3 50240.0 50064.4    216   24.450   0      0.000   24.450
168640.0 161152.0 20588.2  0.0   7359744.0 1850784.5 15379136.0 12430371.3 50240.0 50064.4    216   24.450   0      0.000   24.450
168640.0 161152.0 20588.2  0.0   7359744.0 1850805.1 15379136.0 12430371.3 50240.0 50064.4    216   24.450   0      0.000   24.450
168640.0 161152.0 20588.2  0.0   7359744.0 1850821.6 15379136.0 12430371.3 50240.0 50064.4    216   24.450   0      0.000   24.450
168640.0 161152.0 20588.2  0.0   7359744.0 5662908.3 15379136.0 12430371.3 50624.0 50434.9    216   24.450   0      0.000   24.450
179264.0 125376.0  0.0   125315.0 7359744.0 6136407.5 15379136.0 12450715.5 50624.0 50434.9    217   24.565   0      0.000   24.565
179264.0 175616.0  96.0   0.0   7334656.0 6991018.8 15379136.0 12514971.3 50624.0 50438.0    218   24.680   0      0.000   24.680
170944.0 165376.0 288.0   0.0   7353216.0 145865.0 15379136.0 12515107.3 50624.0 50438.0    220   24.916   0      0.000   24.916
159232.0 165376.0  0.0   256.0  7353216.0 996832.7 15379136.0 12515147.3 50624.0 50438.0    221   25.042   0      0.000   25.042
159232.0 152704.0 288.0   0.0   7377600.0 1916728.1 15379136.0 12515195.3 50624.0 50438.0    222   25.159   0      0.000   25.159
154688.0 152704.0  0.0   69513.0 7377600.0 2293843.9 15379136.0 12515243.3 50624.0 50438.7    223   25.278   0      0.000   25.278
154688.0 145856.0 16672.0  0.0   7388992.0 2552986.3 15379136.0 12515299.3 50624.0 50615.5    224   25.399   0      0.000   25.399
136448.0 145856.0  0.0   22644.2 7388992.0 2327050.2 15379136.0 12515363.3 50624.0 50623.4    225   25.512   0      0.000   25.512
136448.0 131456.0 256.0   0.0   7421632.0 2109421.8 15379136.0 12537710.9 50624.0 50623.4    226   25.629   0      0.000   25.629
126144.0 131456.0  0.0   288.0  7421632.0 1855470.0 15379136.0 12537790.9 50624.0 50623.4    227   25.745   0      0.000   25.745
126144.0 120512.0 288.0   0.0   7442880.0 1114501.8 15379136.0 12537838.9 50624.0 50623.4    228   25.856   0      0.000   25.856
126144.0 120512.0 288.0   0.0   7442880.0 2355583.6 15379136.0 12537838.9 50816.0 50624.2    228   25.856   0      0.000   25.856
126144.0 120512.0 288.0   0.0   7442880.0 2412363.0 15379136.0 12537838.9 50816.0 50624.2    228   25.856   0      0.000   25.856
126144.0 120512.0 288.0   0.0   7442880.0 2412385.7 15379136.0 12537838.9 50816.0 50624.2    228   25.856   0      0.000   25.856
126144.0 120512.0 288.0   0.0   7442880.0 2412408.5 15379136.0 12537838.9 50816.0 50624.2    228   25.856   0      0.000   25.856
126144.0 120512.0 288.0   0.0   7442880.0 2412427.0 15379136.0 12537838.9 50816.0 50624.2    228   25.856   0      0.000   25.856
126144.0 120512.0 288.0   0.0   7442880.0 2412472.7 15379136.0 12537838.9 50816.0 50624.2    228   25.856   0      0.000   25.856
126144.0 120512.0 288.0   0.0   7442880.0 2412491.2 15379136.0 12537838.9 50816.0 50624.2    228   25.856   0      0.000   25.856
126144.0 120512.0 288.0   0.0   7442880.0 2412511.7 15379136.0 12537838.9 50816.0 50624.2    228   25.856   0      0.000   25.856
126144.0 120512.0 288.0   0.0   7442880.0 2412532.2 15379136.0 12537838.9 50816.0 50624.2    228   25.856   0      0.000   25.856
126144.0 120512.0 288.0   0.0   7442880.0 2412550.8 15379136.0 12537838.9 50816.0 50624.2    228   25.856   0      0.000   25.856
126144.0 120512.0 288.0   0.0   7442880.0 2412593.7 15379136.0 12537838.9 50816.0 50624.2    228   25.856   0      0.000   25.856
126144.0 120512.0 288.0   0.0   7442880.0 2412616.3 15379136.0 12537838.9 50816.0 50624.2    228   25.856   0      0.000   25.856
126144.0 120512.0 288.0   0.0   7442880.0 2412632.9 15379136.0 12537838.9 50816.0 50624.2    228   25.856   0      0.000   25.856
126144.0 120512.0 288.0   0.0   7442880.0 2412651.4 15379136.0 12537838.9 50816.0 50624.2    228   25.856   0      0.000   25.856
126144.0 120512.0 288.0   0.0   7442880.0 2412676.1 15379136.0 12537838.9 50816.0 50624.2    228   25.856   0      0.000   25.856
126144.0 120512.0 288.0   0.0   7442880.0 2412733.3 15379136.0 12537838.9 50816.0 50624.2    228   25.856   0      0.000   25.856
126144.0 120512.0 288.0   0.0   7442880.0 2412760.0 15379136.0 12537838.9 50816.0 50624.2    228   25.856   0      0.000   25.856
126144.0 120512.0 288.0   0.0   7442880.0 2412776.6 15379136.0 12537838.9 50816.0 50624.2    228   25.856   0      0.000   25.856
126144.0 120512.0 288.0   0.0   7442880.0 2481065.7 15379136.0 12537838.9 51008.0 50962.6    228   25.856   0      0.000   25.856
126144.0 120512.0 288.0   0.0   7442880.0 2509741.8 15379136.0 12537838.9 51200.0 50992.7    228   25.856   0      0.000   25.856
127808.0 118848.0  0.0   118819.4 7442880.0 2037907.3 15379136.0 12598248.1 51200.0 51048.5    229   25.979   0      0.000   25.979
127808.0 137856.0 41501.5  0.0   7413824.0 3296012.7 15379136.0 12622831.0 51200.0 51048.6    230   26.098   0      0.000   26.098
133248.0 137856.0  0.0   256.0  7413824.0 4829082.9 15379136.0 12622887.0 51200.0 51048.6    231   26.223   0      0.000   26.223
133248.0 128128.0 256.0   0.0   7428160.0 6306726.9 15379136.0 12622935.0 51200.0 51048.6    232   26.342   0      0.000   26.342
122688.0 117120.0 224.0   0.0   7449728.0 166371.2 15379136.0 12623023.0 51200.0 51048.6    234   26.578   0      0.000   26.578
110016.0 117120.0  0.0   8480.0 7449728.0 1514458.4 15379136.0 12623079.0 51200.0 51048.6    235   26.692   0      0.000   26.692
110016.0 105600.0 33056.0  0.0   7473920.0 1855980.0 15379136.0 12623135.0 51200.0 51059.8    236   26.812   0      0.000   26.812
105088.0 105600.0  0.0   43374.3 7473920.0 1465215.2 15379136.0 12623199.0 51200.0 51059.8    237   26.932   0      0.000   26.932
105088.0 101120.0 192.0   0.0   7483328.0 1399282.8 15379136.0 12666343.1 51200.0 51059.8    238   27.052   0      0.000   27.052
96896.0 101120.0  0.0   224.0  7483328.0 1293399.6 15379136.0 12666415.1 51200.0 51059.8    239   27.168   0      0.000   27.168
96896.0 101120.0  0.0   224.0  7483328.0 7076481.4 15379136.0 12666415.1 51200.0 51060.0    239   27.168   0      0.000   27.168
96896.0 92480.0 320.0   0.0   7500160.0 1250529.7 15379136.0 12666463.1 51200.0 51060.4    240   27.282   0      0.000   27.282
96896.0 92480.0 320.0   0.0   7500160.0 1250552.6 15379136.0 12666463.1 51200.0 51060.4    240   27.282   0      0.000   27.282
96896.0 92480.0 320.0   0.0   7500160.0 1250575.2 15379136.0 12666463.1 51200.0 51060.4    240   27.282   0      0.000   27.282
96896.0 92480.0 320.0   0.0   7500160.0 1250593.7 15379136.0 12666463.1 51200.0 51060.4    240   27.282   0      0.000   27.282
96896.0 92480.0 320.0   0.0   7500160.0 1250639.2 15379136.0 12666463.1 51200.0 51060.4    240   27.282   0      0.000   27.282
96896.0 92480.0 320.0   0.0   7500160.0 1250659.8 15379136.0 12666463.1 51200.0 51060.4    240   27.282   0      0.000   27.282
96896.0 92480.0 320.0   0.0   7500160.0 1250680.5 15379136.0 12666463.1 51200.0 51060.4    240   27.282   0      0.000   27.282
96896.0 92480.0 320.0   0.0   7500160.0 1250696.9 15379136.0 12666463.1 51200.0 51060.4    240   27.282   0      0.000   27.282
96896.0 92480.0 320.0   0.0   7500160.0 1250719.6 15379136.0 12666463.1 51200.0 51060.4    240   27.282   0      0.000   27.282
96896.0 92480.0 320.0   0.0   7500160.0 1250763.4 15379136.0 12666463.1 51200.0 51060.4    240   27.282   0      0.000   27.282
96896.0 92480.0 320.0   0.0   7500160.0 1250784.0 15379136.0 12666463.1 51200.0 51060.4    240   27.282   0      0.000   27.282
96896.0 92480.0 320.0   0.0   7500160.0 1250802.5 15379136.0 12666463.1 51200.0 51060.4    240   27.282   0      0.000   27.282
96896.0 92480.0 320.0   0.0   7500160.0 1250821.0 15379136.0 12666463.1 51200.0 51060.4    240   27.282   0      0.000   27.282
96896.0 92480.0 320.0   0.0   7500160.0 1250841.7 15379136.0 12666463.1 51200.0 51060.4    240   27.282   0      0.000   27.282
96896.0 92480.0 320.0   0.0   7500160.0 1250885.1 15379136.0 12666463.1 51200.0 51060.4    240   27.282   0      0.000   27.282
96896.0 92480.0 320.0   0.0   7500160.0 1250907.8 15379136.0 12666463.1 51200.0 51060.4    240   27.282   0      0.000   27.282
96896.0 92480.0 320.0   0.0   7500160.0 1250942.6 15379136.0 12666463.1 51200.0 51061.3    240   27.282   0      0.000   27.282
96896.0 92480.0 320.0   0.0   7500160.0 1923608.3 15379136.0 12666463.1 51200.0 51068.3    240   27.282   0      0.000   27.282
104192.0 85184.0  0.0   85169.0 7500160.0 2083395.4 15379136.0 12666527.1 51200.0 51068.8    241   27.401   0      0.000   27.401
104192.0 105536.0  64.0   0.0   7478464.0 3164035.3 15379136.0 12731511.1 51200.0 51070.2    242   27.519   0      0.000   27.519
100928.0 105536.0  0.0   224.0  7478464.0 4562964.2 15379136.0 12731543.1 51200.0 51070.2    243   27.634   0      0.000   27.634
100928.0 96128.0 256.0   0.0   7492480.0 5736720.0 15379136.0 12731615.1 51200.0 51072.4    244   27.755   0      0.000   27.755
91328.0 96128.0  0.0   288.0  7492480.0 7212294.6 15379136.0 12731687.1 51200.0 51073.4    245   27.864   0      0.000   27.864
81728.0 86528.0  0.0   21119.5 7511680.0 538445.0 15379136.0 12731819.1 51200.0 51073.7    247   28.100   0      0.000   28.100
81728.0 78080.0 23260.7  0.0   7529728.0 1175095.0 15379136.0 12752733.2 51200.0 51074.7    248   28.216   0      0.000   28.216
73600.0 78080.0  0.0   20620.2 7529728.0 1972299.8 15379136.0 12775798.0 51200.0 51074.7    249   28.331   0      0.000   28.331
73600.0 70592.0 320.0   0.0   7545344.0 2834223.2 15379136.0 12796158.2 51200.0 51074.7    250   28.447   0      0.000   28.447
67520.0 70592.0  0.0   288.0  7545344.0 3437409.3 15379136.0 12796206.2 51200.0 51074.7    251   28.562   0      0.000   28.562
67520.0 64320.0 320.0   0.0   7557696.0 3822697.4 15379136.0 12796246.2 51200.0 51074.7    252   28.682   0      0.000   28.682
61120.0 64320.0  0.0   320.0  7557696.0 3278365.3 15379136.0 12796326.2 51200.0 51076.1    253   28.806   0      0.000   28.806
61120.0 64320.0  0.0   320.0  7557696.0 5288420.1 15379136.0 12796326.2 51200.0 51076.1    253   28.806   0      0.000   28.806
61120.0 64320.0  0.0   320.0  7557696.0 5288480.4 15379136.0 12796326.2 51200.0 51076.1    253   28.806   0      0.000   28.806
61120.0 64320.0  0.0   320.0  7557696.0 5288505.2 15379136.0 12796326.2 51200.0 51076.1    253   28.806   0      0.000   28.806
61120.0 64320.0  0.0   320.0  7557696.0 5288521.6 15379136.0 12796326.2 51200.0 51076.1    253   28.806   0      0.000   28.806
61120.0 64320.0  0.0   320.0  7557696.0 5288570.0 15379136.0 12796326.2 51200.0 51076.1    253   28.806   0      0.000   28.806
61120.0 64320.0  0.0   320.0  7557696.0 5288588.6 15379136.0 12796326.2 51200.0 51076.1    253   28.806   0      0.000   28.806
61120.0 64320.0  0.0   320.0  7557696.0 5288609.3 15379136.0 12796326.2 51200.0 51076.1    253   28.806   0      0.000   28.806
61120.0 64320.0  0.0   320.0  7557696.0 5288627.8 15379136.0 12796326.2 51200.0 51076.1    253   28.806   0      0.000   28.806
61120.0 64320.0  0.0   320.0  7557696.0 5288650.4 15379136.0 12796326.2 51200.0 51076.1    253   28.806   0      0.000   28.806
61120.0 64320.0  0.0   320.0  7557696.0 5288694.1 15379136.0 12796326.2 51200.0 51076.1    253   28.806   0      0.000   28.806
61120.0 64320.0  0.0   320.0  7557696.0 6548728.9 15379136.0 12796326.2 51200.0 51081.1    253   28.806   0      0.000   28.806
61120.0 71872.0 53472.5  0.0   7545792.0 7164424.0 15379136.0 12804590.2 51200.0 51081.1    254   28.923   0      0.000   28.923
83008.0 80000.0 224.0   0.0   7526528.0 511868.2 15379136.0 12890028.2 51200.0 51081.1    256   29.160   0      0.000   29.160
76800.0 80000.0  0.0   192.0  7526528.0 2065304.1 15379136.0 12890052.2 51200.0 51081.1    257   29.278   0      0.000   29.278
76800.0 73344.0 288.0   0.0   7539392.0 3564769.4 15379136.0 12890108.2 51200.0 51081.1    258   29.389   0      0.000   29.389
69888.0 73344.0  0.0   256.0  7539392.0 4933386.4 15379136.0 12890156.2 51200.0 51081.1    259   29.532   0      0.000   29.532
69888.0 66368.0 224.0   0.0   7553280.0 6140352.4 15379136.0 12890212.2 51200.0 51081.1    260   29.648   0      0.000   29.648
71744.0 41024.0  0.0   41023.2 7553280.0 6207324.0 15379136.0 12890252.2 51200.0 51082.6    261   29.776   0      0.000   29.776
71744.0 76864.0 43801.2  0.0   7535808.0 6335695.5 15379136.0 12890292.2 51200.0 51083.6    262   29.893   0      0.000   29.893
73856.0 76864.0  0.0   192.0  7535808.0 6475873.6 15379136.0 12933896.0 51200.0 51083.6    263   30.017   0      0.000   30.017
73856.0 70720.0 320.0   0.0   7544960.0 6618126.0 15379136.0 12933968.0 51200.0 51083.6    264   30.135   0      0.000   30.135
67456.0 70720.0  0.0   288.0  7544960.0 4864592.0 15379136.0 12934048.0 51200.0 51083.6    265   30.241   0      0.000   30.241
67456.0 70720.0  0.0   288.0  7544960.0 6561549.0 15379136.0 12934048.0 51200.0 51083.6    265   30.241   0      0.000   30.241
67456.0 70720.0  0.0   288.0  7544960.0 7140452.5 15379136.0 12934048.0 51200.0 51083.6    265   30.241   0      0.000   30.241
67456.0 70720.0  0.0   288.0  7544960.0 7140541.7 15379136.0 12934048.0 51200.0 51083.6    265   30.241   0      0.000   30.241
67456.0 70720.0  0.0   288.0  7544960.0 7140562.3 15379136.0 12934048.0 51200.0 51083.6    265   30.241   0      0.000   30.241
67456.0 70720.0  0.0   288.0  7544960.0 7140582.9 15379136.0 12934048.0 51200.0 51083.6    265   30.241   0      0.000   30.241
67456.0 70720.0  0.0   288.0  7544960.0 7140599.4 15379136.0 12934048.0 51200.0 51083.6    265   30.241   0      0.000   30.241
67456.0 70720.0  0.0   288.0  7544960.0 7140621.9 15379136.0 12934048.0 51200.0 51083.6    265   30.241   0      0.000   30.241
67456.0 70720.0  0.0   288.0  7544960.0 7140664.8 15379136.0 12934048.0 51200.0 51083.6    265   30.241   0      0.000   30.241
67456.0 70720.0  0.0   288.0  7544960.0 7140683.4 15379136.0 12934048.0 51200.0 51083.6    265   30.241   0      0.000   30.241
67456.0 70720.0  0.0   288.0  7544960.0 7140704.1 15379136.0 12934048.0 51200.0 51084.0    265   30.241   0      0.000   30.241
67456.0 70720.0  0.0   288.0  7544960.0 7140722.8 15379136.0 12934048.0 51200.0 51084.0    265   30.241   0      0.000   30.241
67456.0 70720.0  0.0   288.0  7544960.0 7140741.4 15379136.0 12934048.0 51200.0 51084.0    265   30.241   0      0.000   30.241
67456.0 70720.0  0.0   288.0  7544960.0 7140786.1 15379136.0 12934048.0 51200.0 51084.0    265   30.241   0      0.000   30.241
67456.0 62656.0 14624.5  0.0   7559424.0 2519182.5 15379136.0 12934104.0 51200.0 51088.4    266   30.353   0      0.000   30.353
60288.0 62656.0  0.0   20093.5 7559424.0 3687863.8 15379136.0 12938305.2 51200.0 51088.4    267   30.467   0      0.000   30.467
60288.0 57920.0 256.0   0.0   7571328.0 5193335.6 15379136.0 12978420.2 51200.0 51088.4    268   30.592   0      0.000   30.592
55424.0 57920.0  0.0   288.0  7571328.0 6733620.2 15379136.0 12978476.2 51200.0 51088.4    269   30.712   0      0.000   30.712
55424.0 52864.0 256.0  224.0  7581248.0 7581248.0 15379136.0 12978588.2 51200.0 51088.4    271   30.836   0      0.000   30.836
50304.0 47680.0 224.0   0.0   7591552.0 1563660.9 15379136.0 12978644.2 51200.0 51088.4    272   31.086   0      0.000   31.086
55808.0 40896.0  0.0   40854.8 7591552.0 2309410.3 15379136.0 12978700.2 51200.0 51088.4    273   31.201   0      0.000   31.201
55808.0 55680.0 23105.0  0.0   7578048.0 2041200.8 15379136.0 12978780.2 51200.0 51089.2    274   31.320   0      0.000   31.320
62016.0 41408.0  0.0   41384.7 7578048.0 2043475.3 15379136.0 12981023.0 51200.0 51089.2    275   31.443   0      0.000   31.443
62016.0 59968.0 224.0   0.0   7567552.0 2092412.0 15379136.0 13022239.8 51200.0 51089.2    276   31.563   0      0.000   31.563
57728.0 59968.0  0.0   256.0  7567552.0 2073074.3 15379136.0 13022311.8 51200.0 51089.2    277   31.680   0      0.000   31.680
57728.0 59968.0  0.0   256.0  7567552.0 7368983.2 15379136.0 13022311.8 51200.0 51089.4    277   31.680   0      0.000   31.680
57728.0 55296.0 288.0   0.0   7576512.0 1153980.4 15379136.0 13022375.8 51200.0 51089.6    278   31.795   0      0.000   31.795
57728.0 55296.0 288.0   0.0   7576512.0 1153998.9 15379136.0 13022375.8 51200.0 51089.6    278   31.795   0      0.000   31.795
57728.0 55296.0 288.0   0.0   7576512.0 1154046.9 15379136.0 13022375.8 51200.0 51089.6    278   31.795   0      0.000   31.795
57728.0 55296.0 288.0   0.0   7576512.0 1154069.5 15379136.0 13022375.8 51200.0 51089.6    278   31.795   0      0.000   31.795
57728.0 55296.0 288.0   0.0   7576512.0 1154088.1 15379136.0 13022375.8 51200.0 51089.6    278   31.795   0      0.000   31.795
57728.0 55296.0 288.0   0.0   7576512.0 1154108.7 15379136.0 13022375.8 51200.0 51089.6    278   31.795   0      0.000   31.795
57728.0 55296.0 288.0   0.0   7576512.0 1154127.1 15379136.0 13022375.8 51200.0 51089.6    278   31.795   0      0.000   31.795
57728.0 55296.0 288.0   0.0   7576512.0 1154175.8 15379136.0 13022375.8 51200.0 51089.6    278   31.795   0      0.000   31.795
57728.0 55296.0 288.0   0.0   7576512.0 1154194.3 15379136.0 13022375.8 51200.0 51089.6    278   31.795   0      0.000   31.795
57728.0 55296.0 288.0   0.0   7576512.0 1154212.9 15379136.0 13022375.8 51200.0 51089.6    278   31.795   0      0.000   31.795
57728.0 55296.0 288.0   0.0   7576512.0 1154233.5 15379136.0 13022375.8 51200.0 51089.6    278   31.795   0      0.000   31.795
57728.0 55296.0 288.0   0.0   7576512.0 1154252.0 15379136.0 13022375.8 51200.0 51089.6    278   31.795   0      0.000   31.795
57728.0 55296.0 288.0   0.0   7576512.0 1154295.6 15379136.0 13022375.8 51200.0 51089.6    278   31.795   0      0.000   31.795
57728.0 55296.0 288.0   0.0   7576512.0 1154312.0 15379136.0 13022375.8 51200.0 51089.6    278   31.795   0      0.000   31.795
57728.0 55296.0 288.0   0.0   7576512.0 1154334.5 15379136.0 13022375.8 51200.0 51089.6    278   31.795   0      0.000   31.795
57728.0 55296.0 288.0   0.0   7576512.0 1154357.3 15379136.0 13022375.8 51200.0 51091.3    278   31.795   0      0.000   31.795
57728.0 55296.0 288.0   0.0   7576512.0 1154396.2 15379136.0 13022375.8 51200.0 51091.3    278   31.795   0      0.000   31.795
57728.0 55296.0 288.0   0.0   7576512.0 1154439.8 15379136.0 13022375.8 51200.0 51091.3    278   31.795   0      0.000   31.795
57728.0 55296.0 288.0   0.0   7576512.0 1154460.3 15379136.0 13022375.8 51200.0 51091.3    278   31.795   0      0.000   31.795
57728.0 55296.0 288.0   0.0   7576512.0 1154478.9 15379136.0 13022375.8 51200.0 51091.3    278   31.795   0      0.000   31.795
57728.0 55296.0 288.0   0.0   7576512.0 1282195.5 15379136.0 13022375.8 51200.0 51091.3    278   31.795   0      0.000   31.795
63488.0 45504.0  0.0   45448.9 7576512.0 322318.6 15379136.0 13083161.6 51200.0 51096.4    279   31.916   0      0.000   31.916
63488.0 61120.0  64.0   0.0   7564928.0 393255.3 15379136.0 13087373.9 51200.0 51096.4    280   32.035   0      0.000   32.035
58624.0 61120.0  0.0   192.0  7564928.0 1618140.2 15379136.0 13087445.9 51200.0 51096.4    281   32.187   0      0.000   32.187
58624.0 55936.0 256.0   0.0   7574976.0 3068137.6 15379136.0 13087493.9 51200.0 51103.5    282   32.299   0      0.000   32.299
53248.0 55936.0  0.0   288.0  7574976.0 4581398.6 15379136.0 13087573.9 51200.0 51103.5    283   32.424   0      0.000   32.424
53248.0 50496.0 224.0   0.0   7585792.0 5831914.5 15379136.0 13087653.9 51200.0 51103.5    284   32.541   0      0.000   32.541
51520.0 50496.0  0.0   22725.2 7585792.0 6321071.6 15379136.0 13087693.9 51200.0 51104.5    285   32.659   0      0.000   32.659
51520.0 48704.0 2400.2  0.0   7589312.0 6137502.3 15379136.0 13087741.9 51200.0 51105.4    286   32.769   0      0.000   32.769
56640.0 41472.0  0.0   41448.7 7589312.0 6209022.9 15379136.0 13089984.7 51200.0 51105.4    287   32.887   0      0.000   32.887
56640.0 54336.0 224.0   0.0   7578560.0 6327172.0 15379136.0 13131201.5 51200.0 51105.4    288   33.004   0      0.000   33.004
51968.0 54336.0  0.0   256.0  7578560.0 6185251.9 15379136.0 13131265.5 51200.0 51105.6    289   33.125   0      0.000   33.125
51968.0 49472.0 288.0   0.0   7588096.0 1876676.0 15379136.0 13131313.5 51200.0 51105.6    290   33.244   0      0.000   33.244
51968.0 49472.0 288.0   0.0   7588096.0 2595399.1 15379136.0 13131313.5 51200.0 51105.6    290   33.244   0      0.000   33.244
51968.0 49472.0 288.0   0.0   7588096.0 2595421.6 15379136.0 13131313.5 51200.0 51105.6    290   33.244   0      0.000   33.244
51968.0 49472.0 288.0   0.0   7588096.0 2595440.2 15379136.0 13131313.5 51200.0 51105.6    290   33.244   0      0.000   33.244
51968.0 49472.0 288.0   0.0   7588096.0 2595460.7 15379136.0 13131313.5 51200.0 51105.6    290   33.244   0      0.000   33.244
51968.0 49472.0 288.0   0.0   7588096.0 2595505.9 15379136.0 13131313.5 51200.0 51105.6    290   33.244   0      0.000   33.244
51968.0 49472.0 288.0   0.0   7588096.0 2595524.6 15379136.0 13131313.5 51200.0 51105.6    290   33.244   0      0.000   33.244
51968.0 49472.0 288.0   0.0   7588096.0 2595545.1 15379136.0 13131313.5 51200.0 51105.6    290   33.244   0      0.000   33.244
51968.0 49472.0 288.0   0.0   7588096.0 2595563.6 15379136.0 13131313.5 51200.0 51105.6    290   33.244   0      0.000   33.244
51968.0 49472.0 288.0   0.0   7588096.0 2595582.1 15379136.0 13131313.5 51200.0 51105.6    290   33.244   0      0.000   33.244
51968.0 49472.0 288.0   0.0   7588096.0 2595625.9 15379136.0 13131313.5 51200.0 51105.6    290   33.244   0      0.000   33.244
51968.0 49472.0 288.0   0.0   7588096.0 2595646.4 15379136.0 13131313.5 51200.0 51105.6    290   33.244   0      0.000   33.244
51968.0 49472.0 288.0   0.0   7588096.0 2595664.9 15379136.0 13131313.5 51200.0 51105.6    290   33.244   0      0.000   33.244
51968.0 49472.0 288.0   0.0   7588096.0 2595685.4 15379136.0 13131313.5 51200.0 51105.6    290   33.244   0      0.000   33.244
51968.0 49472.0 288.0   0.0   7588096.0 2595701.8 15379136.0 13131313.5 51200.0 51105.6    290   33.244   0      0.000   33.244
51968.0 49472.0  0.0   49451.8 7588096.0 119949.4 15379136.0 13219485.9 51200.0 51107.0    291   33.366   0      0.000   33.366
51968.0 89920.0 33024.0  0.0   7509696.0 1032970.0 15379136.0 13261270.2 51200.0 51107.0    292   33.496   0      0.000   33.496
87104.0 89920.0  0.0   288.0  7509696.0 2504594.1 15379136.0 13294118.3 51200.0 51107.0    293   33.620   0      0.000   33.620
87104.0 84032.0 224.0   0.0   7518400.0 4009189.7 15379136.0 13294182.3 51200.0 51107.0    294   33.738   0      0.000   33.738
80704.0 84032.0  0.0   256.0  7518400.0 5266710.5 15379136.0 13294238.3 51200.0 51107.0    295   33.862   0      0.000   33.862
80704.0 77184.0 256.0   0.0   7531648.0 6837493.9 15379136.0 13294286.3 51200.0 51107.0    296   33.980   0      0.000   33.980
78272.0 77184.0 1376.1 35104.0 7531648.0 7531648.0 15379136.0 13294366.3 51200.0 51107.0    298   34.085   0      0.000   34.085
71424.0 74880.0  0.0   22428.6 7536384.0 102321.8 15379136.0 13295745.0 51200.0 51107.2    299   34.322   0      0.000   34.322
71424.0 67520.0 20588.2  0.0   7550592.0 124976.9 15379136.0 13317893.7 51200.0 51107.2    300   34.447   0      0.000   34.447
65216.0 67520.0  0.0   256.0  7550592.0 489892.9 15379136.0 13338241.9 51200.0 51107.2    301   34.566   0      0.000   34.566
65216.0 62784.0 288.0   0.0   7561536.0 774041.0 15379136.0 13338313.9 51200.0 51107.2    302   34.674   0      0.000   34.674
65216.0 62784.0 288.0   0.0   7561536.0 7424113.7 15379136.0 13338313.9 51200.0 51107.6    302   34.674   0      0.000   34.674
60096.0 62784.0  0.0   352.0  7561536.0 1361299.3 15379136.0 13338377.9 51200.0 51107.6    303   34.785   0      0.000   34.785
60096.0 62784.0  0.0   352.0  7561536.0 2021481.5 15379136.0 13338377.9 51200.0 51107.6    303   34.785   0      0.000   34.785
60096.0 62784.0  0.0   352.0  7561536.0 2021502.1 15379136.0 13338377.9 51200.0 51107.6    303   34.785   0      0.000   34.785
60096.0 62784.0  0.0   352.0  7561536.0 2021546.9 15379136.0 13338377.9 51200.0 51107.6    303   34.785   0      0.000   34.785
60096.0 62784.0  0.0   352.0  7561536.0 2021567.6 15379136.0 13338377.9 51200.0 51107.6    303   34.785   0      0.000   34.785
60096.0 62784.0  0.0   352.0  7561536.0 2021588.1 15379136.0 13338377.9 51200.0 51107.6    303   34.785   0      0.000   34.785
60096.0 62784.0  0.0   352.0  7561536.0 2021606.6 15379136.0 13338377.9 51200.0 51107.6    303   34.785   0      0.000   34.785
60096.0 62784.0  0.0   352.0  7561536.0 2021625.2 15379136.0 13338377.9 51200.0 51107.6    303   34.785   0      0.000   34.785
60096.0 62784.0  0.0   352.0  7561536.0 2021672.1 15379136.0 13338377.9 51200.0 51107.6    303   34.785   0      0.000   34.785
60096.0 62784.0  0.0   352.0  7561536.0 2021690.7 15379136.0 13338377.9 51200.0 51107.6    303   34.785   0      0.000   34.785
60096.0 62784.0  0.0   352.0  7561536.0 2021711.3 15379136.0 13338377.9 51200.0 51107.6    303   34.785   0      0.000   34.785
60096.0 62784.0  0.0   352.0  7561536.0 2021731.8 15379136.0 13338377.9 51200.0 51107.6    303   34.785   0      0.000   34.785
60096.0 62784.0  0.0   352.0  7561536.0 2021750.2 15379136.0 13338377.9 51200.0 51107.6    303   34.785   0      0.000   34.785
60096.0 62784.0  0.0   352.0  7561536.0 2021792.4 15379136.0 13338377.9 51200.0 51107.6    303   34.785   0      0.000   34.785
60096.0 62784.0  0.0   352.0  7561536.0 2021811.0 15379136.0 13338377.9 51200.0 51107.6    303   34.785   0      0.000   34.785
60096.0 62784.0  0.0   352.0  7561536.0 2021837.8 15379136.0 13338377.9 51200.0 51107.6    303   34.785   0      0.000   34.785
60096.0 62784.0  0.0   352.0  7561536.0 2021872.5 15379136.0 13338377.9 51200.0 51107.6    303   34.785   0      0.000   34.785
60096.0 62784.0  0.0   352.0  7561536.0 5505984.8 15379136.0 13338377.9 51200.0 51113.7    303   34.785   0      0.000   34.785
60096.0 67328.0 44731.5  0.0   7554880.0 6178409.1 15379136.0 13440009.8 51200.0 51114.4    304   34.905   0      0.000   34.905
64768.0 67328.0  32.0   64.0  7554880.0 7554880.0 15379136.0 13444212.9 51200.0 51114.6    306   35.030   0      0.000   35.030
59200.0 62080.0  0.0   288.0  7562688.0 1136194.8 15379136.0 13444364.9 51200.0 51116.1    307   35.274   0      0.000   35.274
59200.0 56320.0 288.0   0.0   7574016.0 2664203.6 15379136.0 13444428.9 51200.0 51116.1    308   35.393   0      0.000   35.393
53440.0 56320.0  0.0   256.0  7574016.0 4083892.9 15379136.0 13444476.9 51200.0 51116.1    309   35.518   0      0.000   35.518
53440.0 51776.0 16672.0  0.0   7584320.0 4611276.0 15379136.0 13444516.9 51200.0 51116.1    310   35.634   0      0.000   35.634
48960.0 51776.0  0.0   1952.2 7584320.0 4489941.9 15379136.0 13444572.9 51200.0 51116.4    311   35.760   0      0.000   35.760
48960.0 57088.0 41992.7  0.0   7575360.0 4536424.7 15379136.0 13446295.6 51200.0 51116.4    312   35.872   0      0.000   35.872
54720.0 57088.0  0.0   256.0  7575360.0 4613696.4 15379136.0 13488032.5 51200.0 51116.4    313   35.992   0      0.000   35.992
54720.0 52288.0 224.0   0.0   7582528.0 4695368.4 15379136.0 13488088.5 51200.0 51116.4    314   36.109   0      0.000   36.109
49728.0 52288.0  0.0   288.0  7582528.0 2386792.0 15379136.0 13488136.5 51200.0 51116.4    315   36.229   0      0.000   36.229
49728.0 52288.0  0.0   288.0  7582528.0 3520713.4 15379136.0 13488136.5 51200.0 51116.4    315   36.229   0      0.000   36.229
49728.0 52288.0  0.0   288.0  7582528.0 3520738.1 15379136.0 13488136.5 51200.0 51116.4    315   36.229   0      0.000   36.229
49728.0 52288.0  0.0   288.0  7582528.0 3520758.8 15379136.0 13488136.5 51200.0 51116.4    315   36.229   0      0.000   36.229
49728.0 52288.0  0.0   288.0  7582528.0 3520779.3 15379136.0 13488136.5 51200.0 51116.4    315   36.229   0      0.000   36.229
49728.0 52288.0  0.0   288.0  7582528.0 3520824.0 15379136.0 13488136.5 51200.0 51116.4    315   36.229   0      0.000   36.229
49728.0 52288.0  0.0   288.0  7582528.0 3520844.5 15379136.0 13488136.5 51200.0 51116.4    315   36.229   0      0.000   36.229
49728.0 52288.0  0.0   288.0  7582528.0 3520861.0 15379136.0 13488136.5 51200.0 51116.4    315   36.229   0      0.000   36.229
49728.0 52288.0  0.0   288.0  7582528.0 3520883.6 15379136.0 13488136.5 51200.0 51116.4    315   36.229   0      0.000   36.229
49728.0 52288.0  0.0   288.0  7582528.0 3520902.3 15379136.0 13488136.5 51200.0 51116.4    315   36.229   0      0.000   36.229
49728.0 52288.0  0.0   288.0  7582528.0 3520945.9 15379136.0 13488136.5 51200.0 51116.4    315   36.229   0      0.000   36.229
49728.0 52288.0  0.0   288.0  7582528.0 3520964.5 15379136.0 13488136.5 51200.0 51116.4    315   36.229   0      0.000   36.229
49728.0 52288.0  0.0   288.0  7582528.0 3520984.9 15379136.0 13488136.5 51200.0 51116.4    315   36.229   0      0.000   36.229
49728.0 52288.0  0.0   288.0  7582528.0 3521003.5 15379136.0 13488136.5 51200.0 51116.4    315   36.229   0      0.000   36.229
49728.0 52288.0  0.0   288.0  7582528.0 5240347.7 15379136.0 13488136.5 51200.0 51119.0    315   36.229   0      0.000   36.229
49728.0 56064.0 37120.5  0.0   7577408.0 5866386.9 15379136.0 13553744.5 51200.0 51119.0    316   36.355   0      0.000   36.355
62336.0 40896.0  0.0   40854.4 7577408.0 7140928.1 15379136.0 13618463.7 51200.0 51119.0    317   36.472   0      0.000   36.472
57664.0 60032.0  0.0   224.0  7567168.0 500601.8 15379136.0 13638886.3 51200.0 51119.0    319   36.706   0      0.000   36.706
57664.0 55104.0 224.0   0.0   7576768.0 1864275.4 15379136.0 13638950.3 51200.0 51119.0    320   36.822   0      0.000   36.822
52480.0 55104.0  0.0   224.0  7576768.0 3211723.2 15379136.0 13638998.3 51200.0 51119.0    321   36.942   0      0.000   36.942
52480.0 48448.0 8448.0  0.0   7588608.0 4159344.0 15379136.0 13639054.3 51200.0 51119.0    322   37.053   0      0.000   37.053
54784.0 37184.0  0.0   37161.9 7588608.0 4241565.5 15379136.0 13659229.0 51200.0 51119.8    323   37.173   0      0.000   37.173
54784.0 62080.0 43592.9  0.0   7565376.0 4269435.9 15379136.0 13659301.0 51200.0 51119.8    324   37.299   0      0.000   37.299
60032.0 62080.0  0.0   288.0  7565376.0 4322932.9 15379136.0 13702695.7 51200.0 51119.8    325   37.422   0      0.000   37.422
60032.0 57728.0 224.0   0.0   7571776.0 4410153.5 15379136.0 13702767.7 51200.0 51119.8    326   37.539   0      0.000   37.539
55360.0 57728.0  0.0   288.0  7571776.0 3452970.2 15379136.0 13702823.7 51200.0 51119.8    327   37.666   0      0.000   37.666
55360.0 57728.0  0.0   288.0  7571776.0 5457284.6 15379136.0 13702823.7 51200.0 51119.8    327   37.666   0      0.000   37.666
55360.0 57728.0  0.0   288.0  7571776.0 5866379.1 15379136.0 13702823.7 51200.0 51119.8    327   37.666   0      0.000   37.666
55360.0 57728.0  0.0   288.0  7571776.0 6753788.2 15379136.0 13702823.7 51200.0 51124.8    327   37.666   0      0.000   37.666
55360.0 62784.0 43445.9  0.0   7563968.0 781621.7 15379136.0 13785020.9 51200.0 51127.1    328   37.788   0      0.000   37.788
55360.0 62784.0 43445.9  0.0   7563968.0 3152601.5 15379136.0 13785020.9 51200.0 51130.0    328   37.788   0      0.000   37.788
55360.0 62784.0 43445.9  0.0   7563968.0 6527577.8 15379136.0 13785020.9 51200.0 51130.2    328   37.788   0      0.000   37.788
60480.0 62784.0  0.0   128.0  7563968.0 2748130.3 15379136.0 13828272.6 51200.0 51131.0    329   37.916   0      0.000   37.916
60480.0 62784.0  0.0   128.0  7563968.0 7256160.3 15379136.0 13828272.6 51200.0 51131.0    329   37.916   0      0.000   37.916
60480.0 57920.0 288.0   0.0   7571136.0 3647496.1 15379136.0 13828328.6 51200.0 51131.0    330   38.044   0      0.000   38.044
60480.0 57920.0 288.0   0.0   7571136.0 7259371.1 15379136.0 13828328.6 51200.0 51131.0    330   38.044   0      0.000   38.044
55296.0 57920.0  0.0   320.0  7571136.0 1893171.8 15379136.0 13828344.6 51200.0 51131.0    331   38.197   0      0.000   38.197
55296.0 57920.0  0.0   320.0  7571136.0 2392787.4 15379136.0 13828344.6 51200.0 51131.0    331   38.197   0      0.000   38.197
55296.0 57920.0  0.0   320.0  7571136.0 3480821.4 15379136.0 13828344.6 51200.0 51131.1    331   38.197   0      0.000   38.197
55296.0 57920.0  0.0   320.0  7571136.0 4690974.8 15379136.0 13828344.6 51200.0 51131.1    331   38.197   0      0.000   38.197
55296.0 66688.0 53632.5  0.0   7556160.0 2017836.9 15379136.0 13943072.7 51200.0 51132.5    332   38.318   0      0.000   38.318
72576.0 60800.0  0.0   60750.2 7556160.0 2474764.9 15379136.0 14007483.6 51200.0 51132.7    333   38.434   0      0.000   38.434
72576.0 75840.0 256.0   0.0   7537856.0 3958094.9 15379136.0 14048039.2 51200.0 51132.7    334   38.557   0      0.000   38.557
73024.0 75840.0  0.0   224.0  7537856.0 5310838.5 15379136.0 14048111.2 51200.0 51132.7    335   38.681   0      0.000   38.681
73024.0 69952.0 288.0   0.0   7546560.0 6697488.4 15379136.0 14048167.2 51200.0 51132.7    336   38.794   0      0.000   38.794
66816.0 63424.0 1280.0  0.0   7559296.0 147543.9 15379136.0 14048295.2 51200.0 51132.7    338   39.027   0      0.000   39.027
60096.0 63424.0  0.0   928.1  7559296.0 287072.7 15379136.0 14048359.2 51200.0 51133.9    339   39.153   0      0.000   39.153
60096.0 67136.0 43016.8  0.0   7555264.0 681070.9 15379136.0 14049065.8 51200.0 51134.8    340   39.270   0      0.000   39.270
64128.0 67136.0  0.0   256.0  7555264.0 1018579.6 15379136.0 14091818.8 51200.0 51134.8    341   39.392   0      0.000   39.392
64128.0 61056.0 288.0   0.0   7564352.0 1158752.9 15379136.0 14091890.8 51200.0 51134.8    342   39.510   0      0.000   39.510
57920.0 61056.0  0.0   320.0  7564352.0 1267046.1 15379136.0 14091962.8 51200.0 51134.8    343   39.631   0      0.000   39.631
57920.0 61056.0  0.0   320.0  7564352.0 6525171.2 15379136.0 14091962.8 51200.0 51134.8    343   39.631   0      0.000   39.631
57920.0 61056.0  0.0   320.0  7564352.0 7545350.8 15379136.0 14091962.8 51200.0 51136.1    343   39.631   0      0.000   39.631
57920.0 61056.0  0.0   320.0  7564352.0 7545371.4 15379136.0 14091962.8 51200.0 51136.1    343   39.631   0      0.000   39.631
57920.0 61056.0  0.0   320.0  7564352.0 7545393.6 15379136.0 14091962.8 51200.0 51136.1    343   39.631   0      0.000   39.631
57920.0 61056.0  0.0   320.0  7564352.0 7545438.1 15379136.0 14091962.8 51200.0 51136.4    343   39.631   0      0.000   39.631
57920.0 61056.0  0.0   320.0  7564352.0 7545458.4 15379136.0 14091962.8 51200.0 51136.4    343   39.631   0      0.000   39.631
57920.0 61056.0  0.0   320.0  7564352.0 7545478.7 15379136.0 14091962.8 51200.0 51136.4    343   39.631   0      0.000   39.631
57920.0 61056.0  0.0   320.0  7564352.0 7545494.9 15379136.0 14091962.8 51200.0 51136.4    343   39.631   0      0.000   39.631
57920.0 61056.0  0.0   320.0  7564352.0 7545517.2 15379136.0 14091962.8 51200.0 51136.4    343   39.631   0      0.000   39.631
57920.0 61056.0  0.0   320.0  7564352.0 7545562.4 15379136.0 14091962.8 51200.0 51136.4    343   39.631   0      0.000   39.631
57920.0 61056.0  0.0   320.0  7564352.0 7545582.7 15379136.0 14091962.8 51200.0 51136.4    343   39.631   0      0.000   39.631
57920.0 61056.0  0.0   320.0  7564352.0 7545601.0 15379136.0 14091962.8 51200.0 51136.4    343   39.631   0      0.000   39.631
57920.0 61056.0  0.0   320.0  7564352.0 7545621.2 15379136.0 14091962.8 51200.0 51136.4    343   39.631   0      0.000   39.631
57920.0 61056.0  0.0   320.0  7564352.0 7545637.5 15379136.0 14091962.8 51200.0 51136.4    343   39.631   0      0.000   39.631
57920.0 61056.0  0.0   320.0  7564352.0 7545682.2 15379136.0 14091962.8 51200.0 51136.4    343   39.631   0      0.000   39.631
57920.0 61056.0  0.0   320.0  7564352.0 7545715.2 15379136.0 14091962.8 51200.0 51136.4    343   39.631   0      0.000   39.631
57920.0 61056.0  0.0   320.0  7564352.0 7545739.6 15379136.0 14091962.8 51200.0 51136.4    343   39.631   0      0.000   39.631
57920.0 61056.0  0.0   320.0  7564352.0 7545757.9 15379136.0 14091962.8 51200.0 51136.4    343   39.631   0      0.000   39.631
57920.0 54784.0 640.1   0.0   7576832.0 2847719.7 15379136.0 14092018.8 51200.0 51144.1    344   39.748   0      0.000   39.748
63488.0 45056.0  0.0   45046.8 7576832.0 3126350.0 15379136.0 14234856.8 51200.0 51144.1    345   39.866   0      0.000   39.866
63488.0 60608.0 224.0   0.0   7565440.0 4104678.1 15379136.0 14259308.5 51200.0 51144.1    346   39.989   0      0.000   39.989
57600.0 60608.0  0.0   256.0  7565440.0 5526301.4 15379136.0 14259380.5 51200.0 51144.1    347   40.116   0      0.000   40.116
57600.0 54656.0 288.0   0.0   7577280.0 6896036.7 15379136.0 14259444.5 51200.0 51144.1    348   40.283   0      0.000   40.283
51648.0 48768.0 288.0   0.0   7589120.0 190459.2 15379136.0 14259572.5 51200.0 51144.1    350   40.514   0      0.000   40.514
48000.0 48768.0  0.0   16672.0 7589120.0 1279227.9 15379136.0 14259604.5 51200.0 51144.1    351   40.632   0      0.000   40.632
48000.0 49600.0 23644.8  0.0   7590336.0 1570045.0 15379136.0 14259668.5 51200.0 51148.0    352   40.756   0      0.000   40.756
47360.0 49600.0  0.0   224.0  7590336.0 1854910.2 15379136.0 14283075.9 51200.0 51148.0    353   40.874   0      0.000   40.874
47360.0 55296.0 40888.4  0.0   7578944.0 2064164.2 15379136.0 14283139.9 51200.0 51148.0    354   40.992   0      0.000   40.992
53056.0 55296.0  0.0   256.0  7578944.0 2471411.9 15379136.0 14323760.3 51200.0 51148.0    355   41.119   0      0.000   41.119
53056.0 50688.0 320.0   0.0   7585792.0 1525227.6 15379136.0 14323832.3 51200.0 51148.0    356   41.242   0      0.000   41.242
53056.0 50688.0 320.0   0.0   7585792.0 4756163.7 15379136.0 14323832.3 51200.0 51148.5    356   41.242   0      0.000   41.242
53056.0 50688.0 320.0   0.0   7585792.0 6214536.4 15379136.0 14323832.3 51200.0 51149.4    356   41.242   0      0.000   41.242
59008.0 43584.0  0.0   43551.7 7585792.0 275146.8 15379136.0 14405971.6 51200.0 51149.4    357   41.363   0      0.000   41.363
59008.0 43584.0  0.0   43551.7 7585792.0 2535155.3 15379136.0 14405971.6 51200.0 51149.4    357   41.363   0      0.000   41.363
59008.0 43584.0  0.0   43551.7 7585792.0 5200077.9 15379136.0 14405971.6 51200.0 51149.4    357   41.363   0      0.000   41.363
59008.0 56704.0  96.0   0.0   7573824.0 1174150.0 15379136.0 14449281.2 51200.0 51149.4    358   41.484   0      0.000   41.484
59008.0 56704.0  96.0   0.0   7573824.0 5817363.0 15379136.0 14449281.2 51200.0 51149.4    358   41.484   0      0.000   41.484
54208.0 56704.0  0.0   320.0  7573824.0 2716653.2 15379136.0 14449337.2 51200.0 51149.4    359   41.612   0      0.000   41.612
54208.0 56704.0  0.0   320.0  7573824.0 7262081.6 15379136.0 14449337.2 51200.0 51149.4    359   41.612   0      0.000   41.612
54208.0 51712.0 320.0   0.0   7583616.0 2174892.4 15379136.0 14449425.2 51200.0 51149.4    360   41.723   0      0.000   41.723
54208.0 51712.0 320.0   0.0   7583616.0 3364793.2 15379136.0 14449425.2 51200.0 51149.4    360   41.723   0      0.000   41.723
54208.0 51712.0 320.0   0.0   7583616.0 4456212.8 15379136.0 14449425.2 51200.0 51149.4    360   41.723   0      0.000   41.723
54208.0 51712.0 320.0   0.0   7583616.0 5663736.3 15379136.0 14449425.2 51200.0 51149.4    360   41.723   0      0.000   41.723
57664.0 37312.0  0.0   37280.5 7583616.0 4282584.4 15379136.0 14465873.2 51200.0 51149.9    361   41.856   0      0.000   41.856
57664.0 63744.0 41195.1  0.0   7562048.0 5406072.4 15379136.0 14510224.5 51200.0 51149.9    362   41.972   0      0.000   41.972
61504.0 63744.0  0.0   256.0  7562048.0 6867054.9 15379136.0 14510280.5 51200.0 51149.9    363   42.100   0      0.000   42.100
56512.0 59072.0  0.0   256.0  7568960.0 165035.6 15379136.0 14510400.5 51200.0 51149.9    365   42.336   0      0.000   42.336
56512.0 53888.0 256.0   0.0   7579136.0 1383216.6 15379136.0 14510464.5 51200.0 51149.9    366   42.456   0      0.000   42.456
51200.0 53888.0  0.0   224.0  7579136.0 2646923.5 15379136.0 14510520.5 51200.0 51149.9    367   42.578   0      0.000   42.578
51200.0 58688.0 40750.2  0.0   7572160.0 3308889.7 15379136.0 14510592.5 51200.0 51149.9    368   42.695   0      0.000   42.695
65728.0 43904.0  0.0   43853.6 7572160.0 2141774.0 15379136.0 14531294.9 51200.0 51150.4    369   42.808   0      0.000   42.808
65728.0 62528.0 20492.2  0.0   7561280.0 2303462.9 15379136.0 14574906.4 51200.0 51150.4    370   42.949   0      0.000   42.949
60544.0 62528.0  0.0   256.0  7561280.0 2575400.9 15379136.0 14595238.6 51200.0 51150.4    371   43.069   0      0.000   43.069
60544.0 58368.0 288.0   0.0   7570624.0 2494174.0 15379136.0 14595302.6 51200.0 51151.3    372   43.197   0      0.000   43.197
56000.0 58368.0  0.0   288.0  7570624.0 581700.1 15379136.0 14595382.6 51200.0 51151.3    373   43.318   0      0.000   43.318
56000.0 58368.0  0.0   288.0  7570624.0 4444880.3 15379136.0 14595382.6 51200.0 51151.3    373   43.318   0      0.000   43.318
56000.0 58368.0  0.0   288.0  7570624.0 5003075.5 15379136.0 14595382.6 51200.0 51151.3    373   43.318   0      0.000   43.318
56000.0 58368.0  0.0   288.0  7570624.0 5003097.9 15379136.0 14595382.6 51200.0 51151.3    373   43.318   0      0.000   43.318
56000.0 58368.0  0.0   288.0  7570624.0 5003116.2 15379136.0 14595382.6 51200.0 51151.3    373   43.318   0      0.000   43.318
56000.0 58368.0  0.0   288.0  7570624.0 5003163.4 15379136.0 14595382.6 51200.0 51151.3    373   43.318   0      0.000   43.318
56000.0 58368.0  0.0   288.0  7570624.0 5003181.7 15379136.0 14595382.6 51200.0 51151.3    373   43.318   0      0.000   43.318
56000.0 58368.0  0.0   288.0  7570624.0 5003202.1 15379136.0 14595382.6 51200.0 51151.3    373   43.318   0      0.000   43.318
56000.0 58368.0  0.0   288.0  7570624.0 5003222.3 15379136.0 14595382.6 51200.0 51151.3    373   43.318   0      0.000   43.318
56000.0 58368.0  0.0   288.0  7570624.0 5003242.6 15379136.0 14595382.6 51200.0 51151.3    373   43.318   0      0.000   43.318
56000.0 58368.0  0.0   288.0  7570624.0 5003286.9 15379136.0 14595382.6 51200.0 51151.3    373   43.318   0      0.000   43.318
56000.0 58368.0  0.0   288.0  7570624.0 5003307.2 15379136.0 14595382.6 51200.0 51151.3    373   43.318   0      0.000   43.318
56000.0 58368.0  0.0   288.0  7570624.0 5003327.4 15379136.0 14595382.6 51200.0 51151.3    373   43.318   0      0.000   43.318
56000.0 58368.0  0.0   288.0  7570624.0 5003343.7 15379136.0 14595382.6 51200.0 51151.3    373   43.318   0      0.000   43.318
56000.0 58368.0  0.0   288.0  7570624.0 5003364.0 15379136.0 14595382.6 51200.0 51151.3    373   43.318   0      0.000   43.318
56000.0 67008.0 53536.5  0.0   7555520.0 541941.3 15379136.0 14611846.6 51200.0 51152.6    374   43.437   0      0.000   43.437
72512.0 61504.0  0.0   61440.8 7555520.0 968725.5 15379136.0 14656052.7 51200.0 51152.6    375   43.557   0      0.000   43.557
72512.0 76352.0 288.0   0.0   7536832.0 2335080.6 15379136.0 14676439.3 51200.0 51152.6    376   43.686   0      0.000   43.686
73664.0 76352.0  0.0   288.0  7536832.0 3693115.5 15379136.0 14676511.3 51200.0 51152.6    377   43.815   0      0.000   43.815
73664.0 70784.0 256.0   0.0   7545088.0 5144098.7 15379136.0 14676567.3 51200.0 51152.6    378   43.936   0      0.000   43.936
67712.0 70784.0  0.0   288.0  7545088.0 6489981.3 15379136.0 14676631.3 51200.0 51152.6    379   44.058   0      0.000   44.058
67712.0 64832.0 20393.0  0.0   7556992.0 7362894.6 15379136.0 14676711.3 51200.0 51152.6    380   44.180   0      0.000   44.180
74240.0 53376.0  0.0   53366.8 7556992.0 7096322.3 15379136.0 14676791.3 51200.0 51152.6    381   44.302   0      0.000   44.302
74240.0 85568.0 63897.8  0.0   7518400.0 7392697.6 15379136.0 14677055.3 51200.0 51152.6    382   44.419   0      0.000   44.419
83072.0 85568.0  0.0   288.0  7518400.0 7461601.6 15379136.0 14740743.9 51200.0 51152.6    384   44.538   0      0.000   44.538
77184.0 80256.0  0.0   288.0  7526208.0   0.0    15379136.0 14740879.9 51200.0 51152.6    385   44.766   0      0.000   44.766
77184.0 73920.0 288.0   0.0   7538432.0 90314.7  15379136.0 14740951.9 51200.0 51152.6    386   44.886   0      0.000   44.886
77184.0 73920.0 288.0   0.0   7538432.0 4319530.8 15379136.0 14740951.9 51200.0 51152.6    386   44.886   0      0.000   44.886
77184.0 73920.0 288.0   0.0   7538432.0 4658737.1 15379136.0 14740951.9 51200.0 51152.6    386   44.886   0      0.000   44.886
77184.0 73920.0 288.0   0.0   7538432.0 4658885.0 15379136.0 14740951.9 51200.0 51152.6    386   44.886   0      0.000   44.886
77184.0 73920.0 288.0   0.0   7538432.0 4658932.9 15379136.0 14740951.9 51200.0 51152.6    386   44.886   0      0.000   44.886
77184.0 73920.0 288.0   0.0   7538432.0 4658951.2 15379136.0 14740951.9 51200.0 51152.6    386   44.886   0      0.000   44.886
77184.0 73920.0 288.0   0.0   7538432.0 4658973.6 15379136.0 14740951.9 51200.0 51152.6    386   44.886   0      0.000   44.886
77184.0 73920.0 288.0   0.0   7538432.0 4658989.8 15379136.0 14740951.9 51200.0 51152.6    386   44.886   0      0.000   44.886
77184.0 73920.0 288.0   0.0   7538432.0 4659008.1 15379136.0 14740951.9 51200.0 51152.6    386   44.886   0      0.000   44.886
77184.0 73920.0 288.0   0.0   7538432.0 4659057.5 15379136.0 14740951.9 51200.0 51152.6    386   44.886   0      0.000   44.886
77184.0 73920.0 288.0   0.0   7538432.0 4659077.8 15379136.0 14740951.9 51200.0 51152.6    386   44.886   0      0.000   44.886
77184.0 73920.0 288.0   0.0   7538432.0 4659096.1 15379136.0 14740951.9 51200.0 51152.6    386   44.886   0      0.000   44.886
77184.0 73920.0 288.0   0.0   7538432.0 4659116.4 15379136.0 14740951.9 51200.0 51152.6    386   44.886   0      0.000   44.886
77184.0 73920.0 288.0   0.0   7538432.0 4659134.7 15379136.0 14740951.9 51200.0 51152.6    386   44.886   0      0.000   44.886
77184.0 73920.0 288.0   0.0   7538432.0 4659174.5 15379136.0 14740951.9 51200.0 51152.6    386   44.886   0      0.000   44.886
77184.0 73920.0 288.0   0.0   7538432.0 4659194.8 15379136.0 14740951.9 51200.0 51152.6    386   44.886   0      0.000   44.886
77184.0 73920.0 288.0   0.0   7538432.0 4659217.2 15379136.0 14740951.9 51200.0 51152.6    386   44.886   0      0.000   44.886
80960.0 70144.0  0.0   70080.6 7538432.0   0.0    15379136.0 14806551.9 51200.0 51153.8    387   45.010   0      0.000   45.010
80960.0 96576.0 60883.9  0.0   7496384.0 170987.2 15379136.0 14810923.0 51200.0 51153.8    388   45.130   0      0.000   45.130
93504.0 96576.0  0.0   224.0  7496384.0 1436636.5 15379136.0 14891816.5 51200.0 51153.8    389   45.252   0      0.000   45.252
93504.0 90048.0 224.0   0.0   7505984.0 2671805.5 15379136.0 14891880.5 51200.0 51153.8    390   45.376   0      0.000   45.376
86400.0 90048.0  0.0   288.0  7505984.0 3813358.0 15379136.0 14891956.6 51200.0 51153.8    391   45.492   0      0.000   45.492
86400.0 82496.0 544.0   0.0   7520640.0 4810445.8 15379136.0 14892028.6 51200.0 51153.8    392   45.618   0      0.000   45.618
84928.0 82496.0  0.0   40624.3 7520640.0 5526035.3 15379136.0 14892391.2 51200.0 51153.8    393   45.747   0      0.000   45.747
84928.0 81216.0 1536.1  0.0   7523392.0 5940820.9 15379136.0 14953011.0 51200.0 51153.8    394   45.864   0      0.000   45.864
84288.0 81216.0  0.0   42696.8 7523392.0 6736710.0 15379136.0 14954320.8 51200.0 51153.8    395   45.993   0      0.000   45.993
84288.0 81088.0 352.0   32.0  7524160.0 7524160.0 15379136.0 14996773.7 51200.0 51153.8    397   46.111   0      0.000   46.111
77696.0 74176.0 288.0   0.0   7537664.0 411351.7 15379136.0 14996933.7 51200.0 51153.8    398   46.355   0      0.000   46.355
70592.0 74176.0  0.0   288.0  7537664.0 1045439.2 15379136.0 14996989.7 51200.0 51153.8    399   46.493   0      0.000   46.493
70592.0 74176.0  0.0   288.0  7537664.0 7020828.6 15379136.0 14996989.7 51200.0 51153.8    399   46.493   0      0.000   46.493
70592.0 66944.0 320.0   0.0   7552000.0 1673248.6 15379136.0 14997053.7 51200.0 51153.8    400   46.623   0      0.000   46.623
70592.0 66944.0 320.0   0.0   7552000.0 1973137.7 15379136.0 14997053.7 51200.0 51153.9    400   46.623   0      0.000   46.623
70592.0 66944.0 320.0   0.0   7552000.0 1973157.9 15379136.0 14997053.7 51200.0 51153.9    400   46.623   0      0.000   46.623
70592.0 66944.0 320.0   0.0   7552000.0 1973176.2 15379136.0 14997053.7 51200.0 51153.9    400   46.623   0      0.000   46.623
70592.0 66944.0 320.0   0.0   7552000.0 1973224.5 15379136.0 14997053.7 51200.0 51153.9    400   46.623   0      0.000   46.623
70592.0 66944.0 320.0   0.0   7552000.0 1973242.8 15379136.0 14997053.7 51200.0 51153.9    400   46.623   0      0.000   46.623
70592.0 66944.0 320.0   0.0   7552000.0 1973263.1 15379136.0 14997053.7 51200.0 51153.9    400   46.623   0      0.000   46.623
70592.0 66944.0 320.0   0.0   7552000.0 1973281.4 15379136.0 14997053.7 51200.0 51153.9    400   46.623   0      0.000   46.623
70592.0 66944.0 320.0   0.0   7552000.0 1973303.8 15379136.0 14997053.7 51200.0 51153.9    400   46.623   0      0.000   46.623
70592.0 66944.0 320.0   0.0   7552000.0 1973347.1 15379136.0 14997053.7 51200.0 51153.9    400   46.623   0      0.000   46.623
70592.0 66944.0 320.0   0.0   7552000.0 1973369.4 15379136.0 14997053.7 51200.0 51153.9    400   46.623   0      0.000   46.623
70592.0 66944.0 320.0   0.0   7552000.0 1973387.6 15379136.0 14997053.7 51200.0 51153.9    400   46.623   0      0.000   46.623
70592.0 66944.0 320.0   0.0   7552000.0 1973405.9 15379136.0 14997053.7 51200.0 51153.9    400   46.623   0      0.000   46.623
70592.0 66944.0 320.0   0.0   7552000.0 1973426.1 15379136.0 14997053.7 51200.0 51153.9    400   46.623   0      0.000   46.623
70592.0 66944.0 320.0   0.0   7552000.0 2114225.5 15379136.0 14997053.7 51200.0 51154.1    400   46.623   0      0.000   46.623
78400.0 57536.0  0.0   57520.3 7552000.0 479719.0 15379136.0 15077948.4 51200.0 51155.1    401   46.747   0      0.000   46.747
78400.0 74944.0  64.0   0.0   7536192.0 1365823.6 15379136.0 15082065.6 51200.0 51155.1    402   46.868   0      0.000   46.868
71360.0 74944.0  0.0   288.0  7536192.0 2761898.5 15379136.0 15082129.6 51200.0 51155.1    403   46.988   0      0.000   46.988
71360.0 67712.0 256.0   0.0   7550464.0 4141289.9 15379136.0 15082193.6 51200.0 51155.1    404   47.120   0      0.000   47.120
64128.0 67712.0  0.0   224.0  7550464.0 5544473.3 15379136.0 15082249.6 51200.0 51155.1    405   47.246   0      0.000   47.246
64128.0 60544.0 288.0   0.0   7564864.0 6780620.5 15379136.0 15082305.6 51200.0 51155.1    406   47.375   0      0.000   47.375
66368.0 39168.0  0.0   39136.0 7564864.0 7130595.2 15379136.0 15082361.6 51200.0 51155.4    407   47.497   0      0.000   47.497
66368.0 62720.0 2528.2  0.0   7560448.0 7184997.2 15379136.0 15082417.6 51200.0 51155.4    408   47.627   0      0.000   47.627
68672.0 41472.0  0.0   41416.7 7560448.0 7094308.9 15379136.0 15084660.4 51200.0 51155.4    409   47.798   0      0.000   47.798
68672.0 65664.0 256.0   0.0   7555200.0 7198529.7 15379136.0 15125889.2 51200.0 51155.4    410   47.918   0      0.000   47.918
62592.0 65664.0  0.0   320.0  7555200.0 7039607.7 15379136.0 15125945.2 51200.0 51155.4    411   48.040   0      0.000   48.040
62592.0 59520.0 256.0   0.0   7567424.0 2685670.6 15379136.0 15126009.2 51200.0 51155.4    412   48.164   0      0.000   48.164
62592.0 59520.0 256.0   0.0   7567424.0 3919873.4 15379136.0 15126009.2 51200.0 51155.4    412   48.164   0      0.000   48.164
62592.0 59520.0 256.0   0.0   7567424.0 4249041.3 15379136.0 15126009.2 51200.0 51155.4    412   48.164   0      0.000   48.164
62592.0 59520.0 256.0   0.0   7567424.0 4249090.7 15379136.0 15126009.2 51200.0 51155.4    412   48.164   0      0.000   48.164
62592.0 59520.0 256.0   0.0   7567424.0 4249106.9 15379136.0 15126009.2 51200.0 51155.4    412   48.164   0      0.000   48.164
62592.0 59520.0 256.0   0.0   7567424.0 4249129.3 15379136.0 15126009.2 51200.0 51155.4    412   48.164   0      0.000   48.164
62592.0 59520.0 256.0   0.0   7567424.0 4249145.5 15379136.0 15126009.2 51200.0 51155.4    412   48.164   0      0.000   48.164
62592.0 59520.0 256.0   0.0   7567424.0 4249165.8 15379136.0 15126009.2 51200.0 51155.4    412   48.164   0      0.000   48.164
62592.0 59520.0 256.0   0.0   7567424.0 4249213.0 15379136.0 15126009.2 51200.0 51155.4    412   48.164   0      0.000   48.164
62592.0 59520.0 256.0   0.0   7567424.0 4249233.3 15379136.0 15126009.2 51200.0 51155.4    412   48.164   0      0.000   48.164
62592.0 59520.0 256.0   0.0   7567424.0 4249251.5 15379136.0 15126009.2 51200.0 51155.4    412   48.164   0      0.000   48.164
62592.0 59520.0 256.0   0.0   7567424.0 5198236.9 15379136.0 15126009.2 51200.0 51155.4    412   48.164   0      0.000   48.164
67328.0 45056.0  0.0   45025.1 7567424.0 5842408.5 15379136.0 15228077.1 51200.0 51155.4    413   48.284   0      0.000   48.284
67328.0 64384.0  96.0   0.0   7557824.0 7276826.9 15379136.0 15252462.2 51200.0 51155.6    414   48.408   0      0.000   48.408
61376.0 58304.0 288.0   0.0   7569856.0 611880.6 15379136.0 15252550.2 51200.0 51155.6    416   48.658   0      0.000   48.658
55232.0 58304.0  0.0   224.0  7569856.0 1826508.6 15379136.0 15252606.2 51200.0 51155.6    417   48.782   0      0.000   48.782
55232.0 52160.0 320.0   0.0   7582144.0 3240559.6 15379136.0 15252654.2 51200.0 51155.6    418   48.903   0      0.000   48.903
59968.0 41280.0  0.0   41216.0 7582144.0 4228134.0 15379136.0 15252734.2 51200.0 51155.6    419   49.027   0      0.000   49.027
59968.0 62976.0 33024.0  0.0   7563584.0 4103762.5 15379136.0 15285566.2 51200.0 51155.6    420   49.148   0      0.000   49.148
68992.0 43328.0  0.0   43272.9 7563584.0 3768735.0 15379136.0 15285606.2 51200.0 51155.6    421   49.269   0      0.000   49.269
68992.0 66560.0 224.0   0.0   7553984.0   0.0    15379136.0 15328697.8 51200.0 51155.6    422   49.391   1      0.000   49.391
68992.0 66560.0 224.0   0.0   7553984.0   0.0    15379136.0 15328697.8 51200.0 51155.6    422   49.391   1      0.000   49.391
68992.0 66560.0  0.0    0.0   7553984.0 115908.3 15379136.0 2012996.6  102592.0 51155.6    422   49.391   1      4.899   54.290
63936.0 66560.0  0.0   256.0  7553984.0 373997.3 15379136.0 2012996.6  102592.0 51155.6    423   49.395   1      4.899   54.295
63936.0 66560.0  0.0   256.0  7553984.0 7211193.2 15379136.0 2012996.6  102592.0 51155.6    423   49.395   1      4.899   54.295
63936.0 61184.0 288.0   0.0   7564416.0 1506997.4 15379136.0 2013100.6  102592.0 51158.2    424   49.399   1      4.899   54.299
63936.0 61184.0 288.0   0.0   7564416.0 1507054.9 15379136.0 2013100.6  102592.0 51158.2    424   49.399   1      4.899   54.299
63936.0 61184.0 288.0   0.0   7564416.0 1507073.4 15379136.0 2013100.6  102592.0 51158.2    424   49.399   1      4.899   54.299
63936.0 61184.0 288.0   0.0   7564416.0 1507105.3 15379136.0 2013100.6  102592.0 51158.2    424   49.399   1      4.899   54.299
63936.0 61184.0 288.0   0.0   7564416.0 1507117.4 15379136.0 2013100.6  102592.0 51158.2    424   49.399   1      4.899   54.299
63936.0 61184.0 288.0   0.0   7564416.0 1507133.7 15379136.0 2013100.6  102592.0 51158.2    424   49.399   1      4.899   54.299
63936.0 61184.0 288.0   0.0   7564416.0 1507145.9 15379136.0 2013100.6  102592.0 51158.2    424   49.399   1      4.899   54.299
63936.0 61184.0 288.0   0.0   7564416.0 1507160.1 15379136.0 2013100.6  102592.0 51158.2    424   49.399   1      4.899   54.299
63936.0 61184.0 288.0   0.0   7564416.0 1644901.1 15379136.0 2013100.6  102592.0 51158.2    424   49.399   1      4.899   54.299
68608.0 45568.0  0.0   45506.0 7564416.0 1301665.0 15379136.0 2094121.1  102592.0 51162.9    425   49.422   1      4.899   54.321
68608.0 65920.0 256.0   0.0   7555008.0 3280246.5 15379136.0 2098576.2  102592.0 51162.9    426   49.432   1      4.899   54.331
63104.0 65920.0  0.0    96.0  7555008.0 5022388.3 15379136.0 2098600.2  102592.0 51162.9    427   49.442   1      4.899   54.341
63104.0 60224.0 224.0   0.0   7566208.0 6941129.4 15379136.0 2098656.2  102592.0 51162.9    428   49.451   1      4.899   54.350
57216.0 54272.0 320.0   0.0   7578048.0 1369740.8 15379136.0 2098784.2  102592.0 51162.9    430   49.468   1      4.899   54.367
52480.0 54272.0  0.0   16640.0 7578048.0 3153006.3 15379136.0 2098848.2  102592.0 51162.9    431   49.477   1      4.899   54.376
52480.0 60416.0 42989.8  0.0   7568704.0 3896814.4 15379136.0 2119015.0  102592.0 51165.2    432   49.490   1      4.899   54.389
66368.0 42176.0  0.0   42153.3 7568704.0 4414693.8 15379136.0 2141833.1  102592.0 51165.2    433   49.506   1      4.899   54.405
66368.0 64064.0 256.0   0.0   7559104.0 5676354.0 15379136.0 2183798.6  102592.0 51165.2    434   49.517   1      4.899   54.417
61568.0 64064.0  0.0   224.0  7559104.0 6914472.7 15379136.0 2183830.6  102592.0 51165.2    435   49.526   1      4.899   54.426
56192.0 58944.0  0.0   256.0  7569024.0 411558.6 15379136.0 2183926.6  102592.0 51165.2    437   49.543   1      4.899   54.442
56192.0 58944.0  0.0   256.0  7569024.0 7509660.8 15379136.0 2183926.6  102592.0 51165.2    437   49.543   1      4.899   54.442
56192.0 53440.0 288.0   0.0   7579904.0 2169241.3 15379136.0 2183982.6  102592.0 51165.2    438   49.552   1      4.899   54.451
56192.0 53440.0 288.0   0.0   7579904.0 2169259.0 15379136.0 2183982.6  102592.0 51165.2    438   49.552   1      4.899   54.451
56192.0 53440.0 288.0   0.0   7579904.0 2169316.1 15379136.0 2183982.6  102592.0 51165.2    438   49.552   1      4.899   54.451
56192.0 53440.0 288.0   0.0   7579904.0 2169333.7 15379136.0 2183982.6  102592.0 51165.2    438   49.552   1      4.899   54.451
56192.0 53440.0 288.0   0.0   7579904.0 2169355.4 15379136.0 2183982.6  102592.0 51165.2    438   49.552   1      4.899   54.451
56192.0 53440.0 288.0   0.0   7579904.0 2169369.6 15379136.0 2183982.6  102592.0 51165.2    438   49.552   1      4.899   54.451
56192.0 53440.0 288.0   0.0   7579904.0 2169391.3 15379136.0 2183982.6  102592.0 51165.2    438   49.552   1      4.899   54.451
56192.0 53440.0 288.0   0.0   7579904.0 2169437.8 15379136.0 2183982.6  102592.0 51165.2    438   49.552   1      4.899   54.451
56192.0 53440.0 288.0   0.0   7579904.0 2169457.5 15379136.0 2183982.6  102592.0 51165.2    438   49.552   1      4.899   54.451
56192.0 53440.0 288.0   0.0   7579904.0 2169475.0 15379136.0 2183982.6  102592.0 51165.2    438   49.552   1      4.899   54.451
56192.0 53440.0 288.0   0.0   7579904.0 7447258.1 15379136.0 2183982.6  102592.0 51166.8    439   49.552   1      4.899   54.451
56320.0 62464.0 224.0   0.0   7564608.0 1311536.0 15379136.0 2288766.1  102592.0 51166.8    440   49.587   1      4.899   54.486
59584.0 62464.0  0.0   288.0  7564608.0 3207421.4 15379136.0 2288806.1  102592.0 51167.0    441   49.597   1      4.899   54.496
59584.0 56640.0 320.0   0.0   7573312.0 5158043.9 15379136.0 2288878.1  102592.0 51167.0    442   49.606   1      4.899   54.505
53760.0 56640.0  0.0   256.0  7573312.0 7080006.6 15379136.0 2288934.1  102592.0 51167.0    443   49.615   1      4.899   54.515
48000.0 50816.0  0.0   320.0  7584960.0 1426759.9 15379136.0 2289030.1  102592.0 51167.0    445   49.634   1      4.899   54.534
48000.0 57088.0 43168.2  0.0   7575360.0 1856076.4 15379136.0 2329626.1  102592.0 51167.2    446   49.654   1      4.899   54.553
63936.0 42112.0  0.0   42056.8 7575360.0 2522105.5 15379136.0 2351720.9  102592.0 51167.2    447   49.670   1      4.899   54.569
63936.0 61376.0 256.0   0.0   7564224.0 3313431.1 15379136.0 2393557.8  102592.0 51167.2    448   49.682   1      4.899   54.581
58624.0 61376.0  0.0   288.0  7564224.0 4090919.5 15379136.0 2393629.8  102592.0 51167.2    449   49.694   1      4.899   54.593
58624.0 55872.0 224.0   0.0   7575040.0 3847063.9 15379136.0 2393685.8  102592.0 51167.8    450   49.705   1      4.899   54.605
53056.0 55872.0  0.0   352.0  7575040.0 82992.1  15379136.0 2393741.8  102592.0 51167.8    451   49.718   1      4.899   54.617
53056.0 55872.0  0.0   352.0  7575040.0 1390249.8 15379136.0 2393741.8  102592.0 51167.8    451   49.718   1      4.899   54.617
53056.0 55872.0  0.0   352.0  7575040.0 1390272.4 15379136.0 2393741.8  102592.0 51167.8    451   49.718   1      4.899   54.617
53056.0 55872.0  0.0   352.0  7575040.0 1390294.8 15379136.0 2393741.8  102592.0 51167.8    451   49.718   1      4.899   54.617
53056.0 55872.0  0.0   352.0  7575040.0 1390313.2 15379136.0 2393741.8  102592.0 51167.8    451   49.718   1      4.899   54.617
53056.0 55872.0  0.0   352.0  7575040.0 1390333.4 15379136.0 2393741.8  102592.0 51167.8    451   49.718   1      4.899   54.617
53056.0 55872.0  0.0   352.0  7575040.0 1390377.2 15379136.0 2393741.8  102592.0 51167.8    451   49.718   1      4.899   54.617
53056.0 55872.0  0.0   352.0  7575040.0 1390395.4 15379136.0 2393741.8  102592.0 51167.8    451   49.718   1      4.899   54.617
53056.0 55872.0  0.0   352.0  7575040.0 1390415.7 15379136.0 2393741.8  102592.0 51167.8    451   49.718   1      4.899   54.617
53056.0 55872.0  0.0   352.0  7575040.0 1390438.1 15379136.0 2393741.8  102592.0 51167.8    451   49.718   1      4.899   54.617
53056.0 55872.0  0.0   352.0  7575040.0 1390456.6 15379136.0 2393741.8  102592.0 51167.8    451   49.718   1      4.899   54.617
53056.0 55872.0  0.0   352.0  7575040.0 1390500.5 15379136.0 2393741.8  102592.0 51167.8    451   49.718   1      4.899   54.617
53056.0 55872.0  0.0   352.0  7575040.0 1390518.7 15379136.0 2393741.8  102592.0 51167.8    451   49.718   1      4.899   54.617
53056.0 55872.0  0.0   352.0  7575040.0 1390539.0 15379136.0 2393741.8  102592.0 51167.8    451   49.718   1      4.899   54.617
53056.0 55872.0  0.0   352.0  7575040.0 1390557.4 15379136.0 2393741.8  102592.0 51167.8    451   49.718   1      4.899   54.617
53056.0 55872.0  0.0   352.0  7575040.0 1766888.3 15379136.0 2393741.8  102592.0 51174.1    451   49.718   1      4.899   54.617
53056.0 63488.0 49398.9  0.0   7562560.0 2750092.3 15379136.0 2433872.9  102592.0 51174.8    452   49.737   1      4.899   54.636
60736.0 63488.0  0.0   256.0  7562560.0 4406390.6 15379136.0 2458414.6  102592.0 51174.8    453   49.748   1      4.899   54.647
60736.0 57856.0 288.0   0.0   7570944.0 6443170.7 15379136.0 2458438.6  102592.0 51174.8    454   49.758   1      4.899   54.657
54976.0 52096.0 256.0   0.0   7582464.0 790292.8 15379136.0 2458510.6  102592.0 51174.8    456   49.780   1      4.899   54.679
49280.0 52096.0  0.0   288.0  7582464.0 2658189.8 15379136.0 2458542.6  102592.0 51174.8    457   49.790   1      4.899   54.689
49280.0 57152.0 40434.0  0.0   7575232.0 4150578.8 15379136.0 2458582.6  102592.0 51174.8    458   49.801   1      4.899   54.700
66048.0 47744.0  0.0   47735.1 7575232.0 4521823.0 15379136.0 2458614.6  102592.0 51175.6    459   49.815   1      4.899   54.714
66048.0 78208.0 61561.5  0.0   7533120.0 5622753.4 15379136.0 2461457.4  102592.0 51175.6    460   49.832   1      4.899   54.731
75584.0 78208.0  0.0   320.0  7533120.0 6612254.0 15379136.0 2522831.2  102592.0 51175.6    461   49.847   1      4.899   54.746
69760.0 72768.0  0.0   288.0  7541184.0 142037.2 15379136.0 2522959.2  102592.0 51175.6    463   49.868   1      4.899   54.767
69760.0 66624.0 256.0   0.0   7553152.0 578168.2 15379136.0 2523015.2  102592.0 51175.8    464   49.878   1      4.899   54.777
69760.0 66624.0 256.0   0.0   7553152.0 4859431.5 15379136.0 2523015.2  102592.0 51175.8    464   49.878   1      4.899   54.777
69760.0 66624.0 256.0   0.0   7553152.0 5445576.4 15379136.0 2523015.2  102592.0 51175.8    464   49.878   1      4.899   54.777
69760.0 66624.0 256.0   0.0   7553152.0 5651381.7 15379136.0 2523015.2  102592.0 51175.8    464   49.878   1      4.899   54.777
69760.0 66624.0 256.0   0.0   7553152.0 5949487.9 15379136.0 2523015.2  102592.0 51175.8    464   49.878   1      4.899   54.777
69760.0 66624.0 256.0   0.0   7553152.0 6886137.5 15379136.0 2523015.2  102592.0 51175.8    464   49.878   1      4.899   54.777
72064.0 42240.0  0.0   42219.4 7553152.0 1352401.5 15379136.0 2523063.2  102592.0 51175.8    465   49.893   1      4.899   54.792
72064.0 42240.0  0.0   42219.4 7553152.0 3637100.6 15379136.0 2523063.2  102592.0 51175.8    465   49.893   1      4.899   54.792
72064.0 42240.0  0.0   42219.4 7553152.0 5915312.4 15379136.0 2523063.2  102592.0 51175.8    465   49.893   1      4.899   54.792
72064.0 69120.0 224.0   0.0   7548352.0 44300.8  15379136.0 2544155.5  102592.0 51175.8    466   49.908   1      4.899   54.807
72064.0 69120.0 224.0   0.0   7548352.0 177399.6 15379136.0 2544155.5  102592.0 51175.8    466   49.908   1      4.899   54.807
72064.0 69120.0 224.0   0.0   7548352.0 177420.1 15379136.0 2544155.5  102592.0 51175.8    466   49.908   1      4.899   54.807
72064.0 69120.0 224.0   0.0   7548352.0 360754.0 15379136.0 2544155.5  102592.0 51175.9    466   49.908   1      4.899   54.807
76032.0 65152.0  0.0   65108.6 7548352.0 559749.5 15379136.0 2584230.6  102592.0 51176.1    467   49.932   1      4.899   54.831
76032.0 79424.0 128.0   0.0   7530688.0 2498088.5 15379136.0 2609022.4  102592.0 51176.1    468   49.944   1      4.899   54.843
76160.0 79424.0  0.0   288.0  7530688.0 4450340.7 15379136.0 2609062.4  102592.0 51176.1    469   49.954   1      4.899   54.853
76160.0 72768.0 224.0   0.0   7540608.0 6092623.0 15379136.0 2609118.4  102592.0 51176.1    470   49.963   1      4.899   54.863
69248.0 65728.0 256.0   0.0   7554560.0 567369.5 15379136.0 2609230.4  102592.0 51176.1    472   49.983   1      4.899   54.882
60736.0 65728.0  0.0   12608.0 7554560.0 2284206.0 15379136.0 2609286.4  102592.0 51176.1    473   49.994   1      4.899   54.893
60736.0 57344.0 2720.2  0.0   7571456.0 2556130.1 15379136.0 2609350.4  102592.0 51176.1    474   50.003   1      4.899   54.903
64000.0 41280.0  0.0   41261.4 7571456.0 3066012.4 15379136.0 2611892.4  102592.0 51176.1    475   50.016   1      4.899   54.915
64000.0 61248.0 192.0   0.0   7564288.0 3591878.1 15379136.0 2652977.9  102592.0 51176.1    476   50.028   1      4.899   54.928
58496.0 61248.0  0.0   224.0  7564288.0 4100305.2 15379136.0 2653041.9  102592.0 51176.1    477   50.041   1      4.899   54.940
58496.0 55616.0 288.0   0.0   7575424.0 1195623.4 15379136.0 2653105.9  102592.0 51176.1    478   50.050   1      4.899   54.950
58496.0 55616.0 288.0   0.0   7575424.0 2378885.1 15379136.0 2653105.9  102592.0 51176.1    478   50.050   1      4.899   54.950
58496.0 55616.0 288.0   0.0   7575424.0 2378994.8 15379136.0 2653105.9  102592.0 51176.1    478   50.050   1      4.899   54.950
58496.0 55616.0 288.0   0.0   7575424.0 2379015.1 15379136.0 2653105.9  102592.0 51176.1    478   50.050   1      4.899   54.950
58496.0 55616.0 288.0   0.0   7575424.0 2379037.5 15379136.0 2653105.9  102592.0 51176.1    478   50.050   1      4.899   54.950
58496.0 55616.0 288.0   0.0   7575424.0 2379053.7 15379136.0 2653105.9  102592.0 51176.1    478   50.050   1      4.899   54.950
58496.0 55616.0 288.0   0.0   7575424.0 2936066.8 15379136.0 2653105.9  102592.0 51176.1    478   50.050   1      4.899   54.950
58496.0 55616.0 288.0   0.0   7575424.0 4164315.3 15379136.0 2653105.9  102592.0 51176.1    478   50.050   1      4.899   54.950
58496.0 55616.0 288.0   0.0   7575424.0 5380599.6 15379136.0 2653105.9  102592.0 51176.1    478   50.050   1      4.899   54.950
58496.0 55616.0 288.0   0.0   7575424.0 6608802.7 15379136.0 2653105.9  102592.0 51176.1    478   50.050   1      4.899   54.950
58496.0 55616.0 288.0   0.0   7575424.0 7252769.0 15379136.0 2653105.9  102592.0 51176.1    478   50.050   1      4.899   54.950
58496.0 55616.0 288.0   0.0   7575424.0 7252787.3 15379136.0 2653105.9  102592.0 51176.1    478   50.050   1      4.899   54.950
58496.0 55616.0 288.0   0.0   7575424.0 7252830.6 15379136.0 2653105.9  102592.0 51176.1    478   50.050   1      4.899   54.950
59072.0 31808.0  0.0   31756.7 7575424.0 5079671.0 15379136.0 2653153.9  102592.0 51176.8    479   50.066   1      4.899   54.965
59072.0 70976.0 57054.4  0.0   7547584.0 6367512.3 15379136.0 2677566.3  102592.0 51176.8    480   50.087   1      4.899   54.987
74304.0 71936.0 288.0   0.0   7543296.0 630912.5 15379136.0 2738100.0  102592.0 51176.8    482   50.115   1      4.899   55.014
69376.0 71936.0  0.0   256.0  7543296.0 2580270.7 15379136.0 2738164.0  102592.0 51176.8    483   50.127   1      4.899   55.026
69376.0 66624.0 256.0   0.0   7553536.0 4508889.5 15379136.0 2738228.0  102592.0 51177.5    484   50.137   1      4.899   55.037
63680.0 66624.0  0.0   224.0  7553536.0 6335571.6 15379136.0 2738284.0  102592.0 51177.5    485   50.147   1      4.899   55.047
63680.0 60032.0 16576.0  0.0   7565824.0 7174982.2 15379136.0 2738340.0  102592.0 51177.5    486   50.157   1      4.899   55.057
59136.0 57024.0 20492.2  0.0   7573376.0 189226.0 15379136.0 2761475.4  102592.0 51177.5    488   50.186   1      4.899   55.085
55232.0 57024.0  0.0   288.0  7573376.0 715710.9 15379136.0 2781819.6  102592.0 51177.5    489   50.196   1      4.899   55.095
55232.0 53248.0 320.0   0.0   7581056.0 1402944.6 15379136.0 2781899.6  102592.0 51177.5    490   50.208   1      4.899   55.107
55232.0 53248.0 320.0   0.0   7581056.0 7025933.1 15379136.0 2781899.6  102592.0 51177.5    490   50.208   1      4.899   55.107
51136.0 53248.0  0.0   288.0  7581056.0 1712048.7 15379136.0 2781963.6  102592.0 51177.5    491   50.221   1      4.899   55.120
51136.0 53248.0  0.0   288.0  7581056.0 1732139.9 15379136.0 2781963.6  102592.0 51177.5    491   50.221   1      4.899   55.120
51136.0 53248.0  0.0   288.0  7581056.0 1732162.3 15379136.0 2781963.6  102592.0 51177.5    491   50.221   1      4.899   55.120
51136.0 53248.0  0.0   288.0  7581056.0 1732205.8 15379136.0 2781963.6  102592.0 51177.5    491   50.221   1      4.899   55.120
51136.0 53248.0  0.0   288.0  7581056.0 1732226.1 15379136.0 2781963.6  102592.0 51177.5    491   50.221   1      4.899   55.120
51136.0 53248.0  0.0   288.0  7581056.0 1732244.4 15379136.0 2781963.6  102592.0 51177.5    491   50.221   1      4.899   55.120
51136.0 53248.0  0.0   288.0  7581056.0 1732264.7 15379136.0 2781963.6  102592.0 51177.5    491   50.221   1      4.899   55.120
51136.0 53248.0  0.0   288.0  7581056.0 1732282.9 15379136.0 2781963.6  102592.0 51177.5    491   50.221   1      4.899   55.120
51136.0 53248.0  0.0   288.0  7581056.0 1732330.0 15379136.0 2781963.6  102592.0 51177.5    491   50.221   1      4.899   55.120
51136.0 53248.0  0.0   288.0  7581056.0 1732350.3 15379136.0 2781963.6  102592.0 51177.5    491   50.221   1      4.899   55.120
51136.0 53248.0  0.0   288.0  7581056.0 1732368.6 15379136.0 2781963.6  102592.0 51177.5    491   50.221   1      4.899   55.120
51136.0 53248.0  0.0   288.0  7581056.0 1732389.0 15379136.0 2781963.6  102592.0 51177.5    491   50.221   1      4.899   55.120
51136.0 53248.0  0.0   288.0  7581056.0 4307230.3 15379136.0 2781963.6  102592.0 51214.5    491   50.221   1      4.899   55.120
51136.0 48512.0 2464.5  0.0   7589888.0 6660747.7 15379136.0 2782035.6  102592.0 51214.5    492   50.235   1      4.899   55.135
46336.0 44096.0 224.0   0.0   7599104.0 1400271.0 15379136.0 2784358.7  102592.0 51214.5    494   50.261   1      4.899   55.160
41856.0 44096.0  0.0   192.0  7599104.0 3739161.5 15379136.0 2784390.7  102592.0 51214.5    495   50.271   1      4.899   55.170
41856.0 39616.0 192.0   0.0   7608064.0 6022604.2 15379136.0 2784430.7  102592.0 51214.5    496   50.281   1      4.899   55.180
37376.0 35200.0 192.0   0.0   7616960.0 745998.9 15379136.0 2784518.7  102592.0 51214.5    498   50.303   1      4.899   55.202
32896.0 35200.0  0.0   1696.3 7616960.0 2560208.4 15379136.0 2784566.7  102592.0 51214.5    499   50.313   1      4.899   55.212
32896.0 30912.0 288.0   0.0   7625728.0 4326148.6 15379136.0 2786084.7  102592.0 51214.5    500   50.323   1      4.899   55.222
28992.0 30912.0  0.0   256.0  7625728.0 6188805.4 15379136.0 2786156.7  102592.0 51214.5    501   50.333   1      4.899   55.232
25408.0 27136.0  0.0   288.0  7633408.0 324417.3 15379136.0 2786260.7  102592.0 51214.5    503   50.358   1      4.899   55.257
25408.0 23744.0 288.0   0.0   7640384.0 1671669.3 15379136.0 2786292.7  102592.0 51214.5    504   50.369   1      4.899   55.268
25408.0 23744.0 288.0   0.0   7640384.0 5551288.1 15379136.0 2786292.7  102592.0 51214.5    504   50.369   1      4.899   55.268
25408.0 23744.0 288.0   0.0   7640384.0 5551346.2 15379136.0 2786292.7  102592.0 51214.5    504   50.369   1      4.899   55.268
25408.0 23744.0 288.0   0.0   7640384.0 5551372.6 15379136.0 2786292.7  102592.0 51214.5    504   50.369   1      4.899   55.268
25408.0 23744.0 288.0   0.0   7640384.0 5551389.0 15379136.0 2786292.7  102592.0 51214.5    504   50.369   1      4.899   55.268
25408.0 23744.0 288.0   0.0   7640384.0 5551411.4 15379136.0 2786292.7  102592.0 51214.5    504   50.369   1      4.899   55.268
25408.0 23744.0 288.0   0.0   7640384.0 5551454.2 15379136.0 2786292.7  102592.0 51214.5    504   50.369   1      4.899   55.268
25408.0 23744.0 288.0   0.0   7640384.0 5551476.6 15379136.0 2786292.7  102592.0 51214.5    504   50.369   1      4.899   55.268
25408.0 23744.0 288.0   0.0   7640384.0 5551495.0 15379136.0 2786292.7  102592.0 51214.5    504   50.369   1      4.899   55.268
25408.0 23744.0 288.0   0.0   7640384.0 5551517.3 15379136.0 2786292.7  102592.0 51214.5    504   50.369   1      4.899   55.268
25408.0 23744.0 288.0   0.0   7640384.0 5551533.5 15379136.0 2786292.7  102592.0 51214.5    504   50.369   1      4.899   55.268
25408.0 23744.0 288.0   0.0   7640384.0 5551576.0 15379136.0 2786292.7  102592.0 51214.5    504   50.369   1      4.899   55.268
25408.0 23744.0 288.0   0.0   7640384.0 5551596.3 15379136.0 2786292.7  102592.0 51214.5    504   50.369   1      4.899   55.268
25408.0 23744.0 288.0   0.0   7640384.0 5771870.4 15379136.0 2786292.7  102592.0 51315.6    504   50.369   1      4.899   55.268
