 S0C    S1C    S0U    S1U      EC       EU        OC         OU       PC     PU    YGC     YGCT    FGC    FGCT     GCT   
961152.0 961152.0  0.0    0.0   5767232.0 115344.7 15379136.0    0.0     21248.0 6042.4      0    0.000   0      0.000    0.000
961152.0 961152.0  0.0    0.0   5767232.0 346034.2 15379136.0    0.0     21248.0 14041.5      0    0.000   0      0.000    0.000
961152.0 961152.0  0.0    0.0   5767232.0 3576074.2 15379136.0    0.0     30080.0 29292.1      0    0.000   0      0.000    0.000
961152.0 961152.0  0.0    0.0   5767232.0 5767232.0 15379136.0    0.0     41216.0 40691.8      0    0.000   0      0.000    0.000
961152.0 961152.0  0.0   90795.8 5767232.0 2887828.8 15379136.0    0.0     48128.0 48082.9      1    0.049   0      0.000    0.049
961152.0 961152.0 110234.5  0.0   5767232.0 1312338.1 15379136.0    0.0     48128.0 48113.2      2    0.117   0      0.000    0.117
961152.0 961152.0 110234.5  0.0   5767232.0 5522171.3 15379136.0    0.0     48128.0 48127.6      2    0.117   0      0.000    0.117
961152.0 961152.0  0.0   163599.1 5767232.0 4334246.1 15379136.0    0.0     48320.0 48158.8      3    0.235   0      0.000    0.235
961152.0 961152.0 212655.1  0.0   5767232.0 3239283.9 15379136.0    0.0     48320.0 48161.6      4    0.387   0      0.000    0.387
306624.0 961152.0  0.0   277071.1 5767232.0 1847127.0 15379136.0    0.0     48320.0 48161.7      5    0.591   0      0.000    0.591
306624.0 961152.0 297967.1 277071.1 5767232.0 5767232.0 15379136.0    0.0     48320.0 48163.9      6    0.591   0      0.000    0.591
306624.0 372800.0 306607.1  0.0   6943936.0 4801713.5 15379136.0  20160.0   48320.0 48164.6      6    0.833   0      0.000    0.833
390080.0 279744.0  0.0   279712.2 6943936.0 2253929.6 15379136.0  106998.3  48320.0 48245.5      7    1.118   0      0.000    1.118
390080.0 279744.0  0.0   279712.2 6943936.0 6716329.1 15379136.0  106998.3  48320.0 48247.9      7    1.118   0      0.000    1.118
390080.0 401984.0 284864.2  0.0   6885568.0 5427318.7 15379136.0  188374.3  48512.0 48345.5      8    1.437   0      0.000    1.437
396672.0 401984.0  0.0   254113.8 6885568.0 6431202.7 15379136.0  282422.3  48512.0 48375.1      9    1.757   0      0.000    1.757
407232.0 31360.0  0.0   31310.7 6897984.0 733572.2 15379136.0  605060.5  48512.0 48378.2     11    2.166   0      0.000    2.166
407232.0 416384.0 13916.5  0.0   6856768.0 3451732.8 15379136.0  653073.8  48512.0 48384.8     12    2.247   0      0.000    2.247
422144.0 256.0   0.0   256.0  6856768.0 6152943.5 15379136.0  666814.3  48512.0 48385.2     13    2.281   0      0.000    2.281
414976.0 418688.0  0.0   5280.1 6848704.0 2027911.9 15379136.0  689522.8  48512.0 48436.0     15    2.344   0      0.000    2.344
414976.0 407104.0 9568.2  0.0   6867456.0 4562655.4 15379136.0  693568.5  48512.0 48451.1     16    2.371   0      0.000    2.371
393920.0 378304.0 33536.3  0.0   6917312.0   0.0    15379136.0  721560.7  48512.0 48478.6     18    2.485   0      0.000    2.485
361408.0 378304.0  0.0   38496.1 6917312.0 978186.3 15379136.0  751137.0  48512.0 48480.1     19    2.635   0      0.000    2.635
361408.0 340096.0 64224.2  0.0   6988032.0 218994.1 15379136.0  786481.0  48512.0 48492.5     20    2.736   0      0.000    2.736
361408.0 340096.0 64224.2  0.0   6988032.0 5073679.8 15379136.0  786481.0  48512.0 48493.3     20    2.736   0      0.000    2.736
319552.0 340096.0  0.0   67364.9 6988032.0 3671174.5 15379136.0  848345.2  48512.0 48493.6     21    2.870   0      0.000    2.870
319552.0 299776.0 71136.1  0.0   7070208.0 2661008.3 15379136.0  913646.1  48512.0 48493.9     22    3.005   0      0.000    3.005
285056.0 299776.0  0.0   50080.0 7070208.0 1717368.4 15379136.0  984814.2  48512.0 48496.3     23    3.179   0      0.000    3.179
285056.0 299776.0 73533.8 50080.0 7070208.0 7070208.0 15379136.0 1027982.3  48512.0 48497.4     24    3.179   0      0.000    3.179
285056.0 265856.0 78941.8 22369.5 7138624.0 7138624.0 15379136.0 1041445.1  48512.0 48497.4     25    3.585   0      0.000    3.585
251392.0 237696.0 62223.0  0.0   7200448.0 371247.4 15379136.0 1167254.7  48512.0 48497.6     26    3.906   0      0.000    3.906
225216.0 237696.0  0.0   59514.5 7200448.0 2259647.6 15379136.0 1218070.2  48512.0 48498.4     27    4.075   0      0.000    4.075
225216.0 218944.0 27456.0  0.0   7245376.0 3952013.6 15379136.0 1283120.3  48512.0 48499.7     28    4.241   0      0.000    4.241
209024.0 218944.0  0.0   44963.6 7245376.0 5947550.2 15379136.0 1310456.3  48512.0 48499.9     29    4.319   0      0.000    4.319
203136.0 206912.0  0.0   224.0  7273600.0 1385248.8 15379136.0 1360830.2  48512.0 48504.6     31    4.382   0      0.000    4.382
203136.0 198016.0 320.0   0.0   7288384.0 2778889.1 15379136.0 1360894.2  48512.0 48508.3     32    4.399   0      0.000    4.399
203136.0 198016.0 320.0   0.0   7288384.0 6991065.7 15379136.0 1360894.2  48512.0 48510.8     32    4.399   0      0.000    4.399
203136.0 198016.0 320.0   0.0   7288384.0 7000264.9 15379136.0 1360894.2  48512.0 48511.0     32    4.399   0      0.000    4.399
203136.0 198016.0 320.0   0.0   7288384.0 7000283.1 15379136.0 1360894.2  48512.0 48511.9     32    4.399   0      0.000    4.399
203136.0 198016.0 320.0   0.0   7288384.0 7000305.6 15379136.0 1360894.2  48704.0 48512.7     32    4.399   0      0.000    4.399
203136.0 198016.0 320.0   0.0   7288384.0 7000323.9 15379136.0 1360894.2  48704.0 48513.1     32    4.399   0      0.000    4.399
188480.0 198016.0  0.0   20502.9 7288384.0 4158041.9 15379136.0 1360974.2  49280.0 49143.2     33    4.417   0      0.000    4.417
188480.0 225792.0 186651.1  0.0   7237952.0 3024513.6 15379136.0 1553361.8  49280.0 49190.3     34    4.496   0      0.000    4.496
226304.0 225280.0  0.0   225253.6 7237952.0 679344.8 15379136.0 1768836.9  49280.0 49251.9     35    4.586   0      0.000    4.586
226304.0 225280.0  0.0   225253.6 7237952.0 5986170.0 15379136.0 1768836.9  49280.0 49253.6     35    4.586   0      0.000    4.586
226304.0 267328.0 123099.7  0.0   7154880.0 5767553.7 15379136.0 2070998.3  49280.0 49254.3     36    4.667   0      0.000    4.667
261440.0 246976.0 86402.8  0.0   7181120.0 273836.1 15379136.0 2194022.1  49280.0 49255.0     38    4.734   0      0.000    4.734
254912.0 246976.0  0.0   143842.8 7181120.0 554604.7 15379136.0 2235243.5  49280.0 49265.8     39    4.774   0      0.000    4.774
254912.0 248320.0 20733.6  0.0   7186304.0 996563.4 15379136.0 2317257.5  49280.0 49266.7     40    4.810   0      0.000    4.810
244224.0 248320.0  0.0   256.0  7186304.0 2804464.2 15379136.0 2337787.2  49280.0 49266.7     41    4.833   0      0.000    4.833
244224.0 231424.0 81969.2  0.0   7213888.0 4324555.5 15379136.0 2337879.2  49280.0 49267.9     42    4.862   0      0.000    4.862
227264.0 231424.0  0.0   448.0  7213888.0 6053308.1 15379136.0 2439805.3  49280.0 49268.0     43    4.894   0      0.000    4.894
227264.0 218112.0 20747.8  0.0   7244160.0 5695244.3 15379136.0 2440059.0  49280.0 49273.3     44    4.913   0      0.000    4.913
212224.0 218112.0  0.0   320.0  7244160.0 2211146.7 15379136.0 2460646.9  49280.0 49273.5     45    4.937   0      0.000    4.937
212224.0 218112.0  0.0   320.0  7244160.0 4071687.1 15379136.0 2460646.9  49280.0 49273.9     45    4.937   0      0.000    4.937
212224.0 218112.0  0.0   320.0  7244160.0 4494648.9 15379136.0 2460646.9  49280.0 49274.2     45    4.937   0      0.000    4.937
212224.0 218112.0  0.0   320.0  7244160.0 4494657.4 15379136.0 2460646.9  49280.0 49274.2     45    4.937   0      0.000    4.937
212224.0 218112.0  0.0   320.0  7244160.0 4496376.1 15379136.0 2460646.9  49280.0 49274.4     45    4.937   0      0.000    4.937
212224.0 218112.0  0.0   320.0  7244160.0 4496386.8 15379136.0 2460646.9  49280.0 49274.6     45    4.937   0      0.000    4.937
212224.0 218112.0  0.0   320.0  7244160.0 4496395.6 15379136.0 2460646.9  49280.0 49274.6     45    4.937   0      0.000    4.937
212224.0 218112.0  0.0   320.0  7244160.0 4496406.4 15379136.0 2460646.9  49280.0 49275.3     45    4.937   0      0.000    4.937
212224.0 218112.0  0.0   320.0  7244160.0 4496417.4 15379136.0 2460646.9  49280.0 49275.7     45    4.937   0      0.000    4.937
212224.0 218112.0  0.0   320.0  7244160.0 4496447.8 15379136.0 2460646.9  49280.0 49276.6     45    4.937   0      0.000    4.937
212224.0 218112.0  0.0   320.0  7244160.0 4545002.9 15379136.0 2460646.9  49472.0 49282.6     45    4.937   0      0.000    4.937
212224.0 218112.0  0.0   320.0  7244160.0 4545013.8 15379136.0 2460646.9  49472.0 49282.6     45    4.937   0      0.000    4.937
212224.0 218112.0  0.0   320.0  7244160.0 4545024.4 15379136.0 2460646.9  49472.0 49282.6     45    4.937   0      0.000    4.937
212224.0 218112.0  0.0   320.0  7244160.0 4545035.1 15379136.0 2460646.9  49472.0 49282.6     45    4.937   0      0.000    4.937
212224.0 218112.0  0.0   320.0  7244160.0 5256684.5 15379136.0 2460646.9  49472.0 49426.8     45    4.937   0      0.000    4.937
212224.0 252608.0 205304.1  0.0   7184320.0 451175.7 15379136.0 2565097.2  49664.0 49606.3     46    5.005   0      0.000    5.005
212224.0 252608.0 205304.1  0.0   7184320.0 6607257.3 15379136.0 2565097.2  49664.0 49607.7     46    5.005   0      0.000    5.005
275392.0 229824.0  0.0   229803.3 7184320.0 6350892.9 15379136.0 2672471.3  49664.0 49609.5     47    5.090   0      0.000    5.090
275392.0 292736.0 138026.2  0.0   7104064.0 5977731.1 15379136.0 2839970.4  49664.0 49611.2     48    5.187   0      0.000    5.187
278784.0 292736.0 77319.6 52589.8 7104064.0 7104064.0 15379136.0 3038734.2  49664.0 49611.2     50    5.276   0      0.000    5.276
258304.0 267200.0  0.0   112620.1 7143552.0 402474.3 15379136.0 3138863.8  49664.0 49611.2     51    5.599   0      0.000    5.599
258304.0 251648.0 31392.0  0.0   7179584.0 1601033.0 15379136.0 3293017.9  49664.0 49612.0     52    5.735   0      0.000    5.735
237120.0 251648.0  0.0   72005.4 7179584.0 2240558.9 15379136.0 3324354.0  49664.0 49612.0     53    6.035   0      0.000    6.035
237120.0 230272.0 33632.0  0.0   7222144.0 3123237.4 15379136.0 3375764.7  49664.0 49612.0     54    6.281   0      0.000    6.281
217152.0 230272.0  0.0   66181.4 7222144.0 3991599.7 15379136.0 3409308.7  49664.0 49612.0     55    6.561   0      0.000    6.561
217152.0 206464.0 58176.1  0.0   7265920.0 4727390.4 15379136.0 3434204.7  49664.0 49612.0     56    6.919   0      0.000    6.919
197632.0 206464.0  0.0   50176.0 7265920.0 6271379.9 15379136.0 3492348.8  49664.0 49612.2     57    7.172   0      0.000    7.172
197632.0 191808.0 33760.0  0.0   7300096.0 6223027.2 15379136.0 3542468.9  49664.0 49612.4     58    7.615   0      0.000    7.615
216000.0 167616.0  0.0   167607.0 7300096.0 5486873.2 15379136.0 3567900.9  49664.0 49617.3     59    7.977   0      0.000    7.977
216000.0 239104.0 178231.5  0.0   7211328.0 4087533.7 15379136.0 3620868.4  49664.0 49620.2     60    8.244   0      0.000    8.244
241984.0 137280.0  0.0   137263.8 7211328.0 3406478.1 15379136.0 3741625.6  49664.0 49620.8     61    8.366   0      0.000    8.366
241984.0 236096.0 117740.6  0.0   7211456.0 3692827.2 15379136.0 3897779.8  49664.0 49623.5     62    8.529   0      0.000    8.529
240704.0 236096.0  0.0   146241.2 7211456.0 3766376.7 15379136.0 4012336.5  49664.0 49624.6     63    8.696   0      0.000    8.696
240704.0 244608.0 149372.8  0.0   7200320.0 3843322.7 15379136.0 4066689.2  49664.0 49624.6     64    8.818   0      0.000    8.818
240640.0 244608.0  0.0   47663.4 7200320.0 4500789.2 15379136.0 4132346.4  49664.0 49624.6     65    8.909   0      0.000    8.909
240640.0 237504.0 35648.0  0.0   7211392.0 5283903.7 15379136.0 4178913.8  49664.0 49624.6     66    9.003   0      0.000    9.003
231936.0 237504.0  0.0   41792.0 7211392.0 5681304.1 15379136.0 4212409.8  49664.0 49625.2     67    9.178   0      0.000    9.178
231936.0 226944.0 33568.0  0.0   7230656.0 6244577.8 15379136.0 4254161.9  49664.0 49625.2     68    9.326   0      0.000    9.326
216704.0 226944.0  0.0   58367.3 7230656.0 4202382.7 15379136.0 4287665.9  49856.0 49709.8     69    9.576   0      0.000    9.576
216704.0 208768.0 47000.9  0.0   7264064.0 1166169.6 15379136.0 4340462.9  49856.0 49710.3     70    9.682   0      0.000    9.682
216704.0 208768.0 47000.9  0.0   7264064.0 2789347.4 15379136.0 4340462.9  49856.0 49710.3     70    9.682   0      0.000    9.682
216704.0 208768.0 47000.9  0.0   7264064.0 2789370.2 15379136.0 4340462.9  49856.0 49710.3     70    9.682   0      0.000    9.682
216704.0 208768.0 47000.9  0.0   7264064.0 2789389.0 15379136.0 4340462.9  49856.0 49710.3     70    9.682   0      0.000    9.682
216704.0 208768.0 47000.9  0.0   7264064.0 2789412.3 15379136.0 4340462.9  49856.0 49710.3     70    9.682   0      0.000    9.682
216704.0 208768.0 47000.9  0.0   7264064.0 2789455.5 15379136.0 4340462.9  49856.0 49710.3     70    9.682   0      0.000    9.682
216704.0 208768.0 47000.9  0.0   7264064.0 6801703.5 15379136.0 4340462.9  49856.0 49786.1     70    9.682   0      0.000    9.682
216704.0 208768.0  0.0   208742.7 7264064.0 5472786.7 15379136.0 4442182.7  49856.0 49786.6     71    9.804   0      0.000    9.804
216704.0 302272.0 204439.6  0.0   7084992.0 5803919.5 15379136.0 4517788.2  49856.0 49791.3     72    9.883   0      0.000    9.883
293376.0 293952.0 157313.4  0.0   7101632.0 214769.6 15379136.0 4792743.3  49856.0 49792.1     74   10.018   0      0.000   10.018
289856.0 293952.0  0.0   25969.4 7101632.0 1326816.1 15379136.0 4893198.8  49856.0 49792.5     75   10.069   0      0.000   10.069
289856.0 277568.0 63248.9  0.0   7122112.0 1892887.3 15379136.0 4918980.3  49856.0 49792.7     76   10.118   0      0.000   10.118
265856.0 277568.0  0.0   114643.9 7122112.0 1789040.2 15379136.0 4969651.0  49856.0 49792.7     77   10.176   0      0.000   10.176
265856.0 289152.0 207402.8  0.0   7111232.0 1613977.9 15379136.0 4990574.4  50048.0 49867.8     78   10.244   0      0.000   10.244
282944.0 289152.0  0.0   41377.2 7111232.0 1519080.4 15379136.0 5136191.8  50048.0 49868.7     79   10.305   0      0.000   10.305
282944.0 267072.0 91307.5  0.0   7139520.0 3010652.7 15379136.0 5177325.2  50048.0 49874.4     80   10.360   0      0.000   10.360
255616.0 267072.0  0.0   72618.9 7139520.0 4441692.3 15379136.0 5227380.4  50048.0 49874.4     81   10.416   0      0.000   10.416
255616.0 256768.0 352.0   0.0   7176000.0 7036676.9 15379136.0 5299735.3  50048.0 49874.8     83   10.466   0      0.000   10.466
255168.0 251328.0 320.0   0.0   7183040.0 2210343.5 15379136.0 5299855.3  50048.0 49875.2     84   10.555   0      0.000   10.555
245696.0 251328.0  0.0   320.0  7183040.0 2096019.4 15379136.0 5299911.3  50048.0 49875.2     85   10.608   0      0.000   10.608
245696.0 251328.0  0.0   320.0  7183040.0 5330506.1 15379136.0 5299911.3  50048.0 49875.5     85   10.608   0      0.000   10.608
245696.0 251328.0  0.0   320.0  7183040.0 5499752.2 15379136.0 5299911.3  50048.0 49875.5     85   10.608   0      0.000   10.608
245696.0 251328.0  0.0   320.0  7183040.0 5499775.3 15379136.0 5299911.3  50048.0 49876.0     85   10.608   0      0.000   10.608
245696.0 251328.0  0.0   320.0  7183040.0 5499794.0 15379136.0 5299911.3  50048.0 49876.0     85   10.608   0      0.000   10.608
245696.0 251328.0  0.0   320.0  7183040.0 6986386.8 15379136.0 5299911.3  50048.0 49880.0     85   10.608   0      0.000   10.608
245696.0 246848.0 117152.6  0.0   7195840.0 6061582.8 15379136.0 5299967.3  50048.0 49881.0     86   10.667   0      0.000   10.667
246848.0 246848.0  0.0   246836.3 7195840.0 5461479.2 15379136.0 5415093.3  50048.0 49881.0     87   10.800   0      0.000   10.800
246848.0 324608.0 129998.1  0.0   7040320.0 6063331.8 15379136.0 5654062.9  50048.0 49883.5     88   10.953   0      0.000   10.953
307264.0 324608.0 58752.0 74048.1 7040320.0 7040320.0 15379136.0 5866751.6  50048.0 49891.0     90   11.095   0      0.000   11.095
276032.0 293504.0  0.0   101893.5 7088768.0 855800.4 15379136.0 5938247.7  50048.0 49950.3     91   11.524   0      0.000   11.524
276032.0 259712.0 100751.4  0.0   7153792.0 2016424.0 15379136.0 6040101.2  50048.0 50003.4     92   11.753   0      0.000   11.753
246016.0 259712.0  0.0   81423.1 7153792.0 1787674.9 15379136.0 6100085.3  50048.0 50005.4     93   12.124   0      0.000   12.124
246016.0 232128.0 88342.8  0.0   7211392.0 661254.5 15379136.0 6181163.2  50048.0 50028.5     94   12.296   0      0.000   12.296
246016.0 232128.0 88342.8  0.0   7211392.0 4165732.5 15379136.0 6181163.2  50048.0 50037.4     94   12.296   0      0.000   12.296
246016.0 232128.0  0.0   232111.9 7211392.0 2895782.2 15379136.0 6325583.6  50048.0 50045.9     95   12.509   0      0.000   12.509
246016.0 320448.0 170640.8  0.0   7048640.0 3790934.9 15379136.0 6534885.3  50048.0 50045.9     96   12.743   0      0.000   12.743
309248.0 320448.0  0.0   79947.9 7048640.0 5547968.2 15379136.0 6699090.2  50048.0 50045.9     97   12.913   0      0.000   12.913
309248.0 300480.0 64416.1  0.0   7079808.0 3009840.1 15379136.0 6769846.2  50048.0 50045.9     98   13.063   0      0.000   13.063
289472.0 300480.0  0.0   73888.1 7079808.0 4496662.1 15379136.0 6830086.4  50048.0 50045.9     99   13.226   0      0.000   13.226
289472.0 281216.0 57216.0  0.0   7118848.0 6154744.7 15379136.0 6903942.5  50048.0 50045.9    100   13.397   0      0.000   13.397
266752.0 281216.0  0.0   115043.6 7118848.0 6602450.2 15379136.0 6961174.5  50048.0 50046.5    101   13.651   0      0.000   13.651
266752.0 253952.0 116198.1  0.0   7168832.0 7036613.3 15379136.0 7075954.1  50240.0 50054.5    102   13.920   0      0.000   13.920
241024.0 253952.0  0.0   113113.0 7168832.0 5888502.9 15379136.0 7186476.2  50240.0 50055.5    103   14.133   0      0.000   14.133
241024.0 234304.0 71037.8  0.0   7214208.0 2344808.4 15379136.0 7297525.2  50240.0 50057.5    104   14.322   0      0.000   14.322
241024.0 234304.0 71037.8  0.0   7214208.0 4209445.9 15379136.0 7297525.2  50240.0 50057.5    104   14.322   0      0.000   14.322
241024.0 234304.0 71037.8  0.0   7214208.0 4686387.4 15379136.0 7297525.2  50240.0 50059.7    104   14.322   0      0.000   14.322
241024.0 234304.0 71037.8  0.0   7214208.0 4686416.7 15379136.0 7297525.2  50240.0 50059.7    104   14.322   0      0.000   14.322
241024.0 234304.0 71037.8  0.0   7214208.0 4686435.6 15379136.0 7297525.2  50240.0 50059.7    104   14.322   0      0.000   14.322
241024.0 234304.0 71037.8  0.0   7214208.0 4686458.9 15379136.0 7297525.2  50240.0 50059.7    104   14.322   0      0.000   14.322
241024.0 234304.0 71037.8  0.0   7214208.0 4686479.8 15379136.0 7297525.2  50240.0 50060.2    104   14.322   0      0.000   14.322
241024.0 234304.0 71037.8  0.0   7214208.0 4686524.2 15379136.0 7297525.2  50240.0 50060.8    104   14.322   0      0.000   14.322
241024.0 234304.0 71037.8  0.0   7214208.0 4686545.3 15379136.0 7297525.2  50240.0 50060.8    104   14.322   0      0.000   14.322
241024.0 234304.0 71037.8  0.0   7214208.0 4686566.3 15379136.0 7297525.2  50240.0 50061.2    104   14.322   0      0.000   14.322
241024.0 234304.0 71037.8  0.0   7214208.0 5461972.7 15379136.0 7297525.2  50240.0 50073.4    104   14.322   0      0.000   14.322
243008.0 163712.0  0.0   163664.8 7214208.0 5408424.3 15379136.0 7364402.9  50240.0 50073.4    105   14.519   0      0.000   14.519
243008.0 263872.0 203178.8  0.0   7161792.0 5373961.0 15379136.0 7442481.2  50240.0 50073.4    106   14.713   0      0.000   14.713
258368.0 263872.0  0.0   68484.6 7161792.0 6771750.0 15379136.0 7622758.0  50240.0 50073.4    107   14.872   0      0.000   14.872
246208.0 252544.0  0.0   63505.4 7178624.0 417199.9 15379136.0 7756498.7  50240.0 50078.7    109   15.223   0      0.000   15.223
246208.0 232384.0 106080.1  0.0   7210944.0 2247245.4 15379136.0 7819956.1  50240.0 50082.4    110   15.404   0      0.000   15.404
227264.0 232384.0  0.0   61127.3 7210944.0 3746441.5 15379136.0 7921956.2  50240.0 50082.4    111   15.563   0      0.000   15.563
227264.0 225664.0 130988.9  0.0   7236608.0 4585669.9 15379136.0 7958220.4  50240.0 50083.5    112   15.728   0      0.000   15.728
235136.0 162560.0  0.0   162516.5 7236608.0 5161791.8 15379136.0 8047006.0  50240.0 50083.5    113   15.898   0      0.000   15.898
235136.0 233536.0 45643.4  0.0   7220864.0 5892333.9 15379136.0 8223377.5  50240.0 50084.4    114   16.047   0      0.000   16.047
233280.0 234688.0 7200.0  0.0   7220160.0 308420.9 15379136.0 8346562.4  50240.0 50084.4    116   16.183   0      0.000   16.183
233856.0 234688.0  0.0   5248.0 7220160.0 2668041.4 15379136.0 8353610.4  50240.0 50084.6    117   16.276   0      0.000   16.276
233856.0 230144.0 9568.0  0.0   7225536.0 4394582.1 15379136.0 8358688.1  50240.0 50084.6    118   16.378   0      0.000   16.378
220352.0 230144.0  0.0   36639.2 7225536.0 6065772.5 15379136.0 8368100.2  50240.0 50091.6    119   16.479   0      0.000   16.479
220352.0 233280.0 144454.1  0.0   7222976.0 6235390.4 15379136.0 8425472.1  50240.0 50091.6    120   16.585   0      0.000   16.585
245248.0 150848.0  32.0  150825.1 7222976.0 7222976.0 15379136.0 8444520.3  50240.0 50091.6    122   16.706   0      0.000   16.706
245248.0 240576.0 114745.6 288.0  7203712.0 7203712.0 15379136.0 8531095.7  50240.0 50091.6    123   16.800   0      0.000   16.800
238848.0 233664.0 14848.0  0.0   7217024.0 1621691.4 15379136.0 8539535.7  50240.0 50092.6    124   17.209   0      0.000   17.209
228416.0 233664.0  0.0   8327.1 7217024.0 2900295.3 15379136.0 8554247.7  50240.0 50093.0    125   17.288   0      0.000   17.288
228416.0 219072.0 25167.6  0.0   7242048.0 967740.6 15379136.0 8562346.8  50240.0 50093.0    126   17.379   0      0.000   17.379
228416.0 219072.0 25167.6  0.0   7242048.0 2635823.5 15379136.0 8562346.8  50240.0 50095.7    126   17.379   0      0.000   17.379
228416.0 219072.0 25167.6  0.0   7242048.0 4020876.2 15379136.0 8562346.8  50240.0 50095.7    126   17.379   0      0.000   17.379
228416.0 219072.0 25167.6  0.0   7242048.0 4602341.1 15379136.0 8562346.8  50240.0 50096.2    126   17.379   0      0.000   17.379
228416.0 219072.0 25167.6  0.0   7242048.0 4602357.8 15379136.0 8562346.8  50240.0 50096.4    126   17.379   0      0.000   17.379
228416.0 219072.0 25167.6  0.0   7242048.0 4602382.8 15379136.0 8562346.8  50240.0 50096.4    126   17.379   0      0.000   17.379
228416.0 219072.0 25167.6  0.0   7242048.0 4602401.6 15379136.0 8562346.8  50240.0 50096.4    126   17.379   0      0.000   17.379
228416.0 219072.0 25167.6  0.0   7242048.0 4602424.5 15379136.0 8562346.8  50240.0 50096.8    126   17.379   0      0.000   17.379
228416.0 219072.0 25167.6  0.0   7242048.0 4602474.0 15379136.0 8562346.8  50240.0 50096.8    126   17.379   0      0.000   17.379
228416.0 219072.0 25167.6  0.0   7242048.0 4602492.9 15379136.0 8562346.8  50240.0 50096.8    126   17.379   0      0.000   17.379
228416.0 219072.0 25167.6  0.0   7242048.0 4602513.8 15379136.0 8562346.8  50240.0 50096.8    126   17.379   0      0.000   17.379
228416.0 219072.0 25167.6  0.0   7242048.0 4602534.8 15379136.0 8562346.8  50240.0 50096.8    126   17.379   0      0.000   17.379
228416.0 219072.0 25167.6  0.0   7242048.0 4602557.8 15379136.0 8562346.8  50240.0 50096.8    126   17.379   0      0.000   17.379
228416.0 219072.0 25167.6  0.0   7242048.0 5044463.8 15379136.0 8562346.8  50240.0 50100.9    126   17.379   0      0.000   17.379
228416.0 219072.0 25167.6  0.0   7242048.0 5580402.8 15379136.0 8562346.8  50240.0 50101.2    126   17.379   0      0.000   17.379
239168.0 158592.0  0.0   158584.2 7242048.0 4329768.0 15379136.0 8562394.8  50240.0 50101.5    127   17.462   0      0.000   17.462
239168.0 243520.0 128555.0  0.0   7202496.0 4713746.3 15379136.0 8718226.5  50240.0 50102.4    128   17.608   0      0.000   17.608
255872.0 155456.0  0.0   155449.6 7202496.0 3051415.8 15379136.0 8808869.4  50240.0 50102.4    129   17.783   0      0.000   17.783
255872.0 243712.0 55968.0  0.0   7189952.0 4727651.1 15379136.0 8964219.1  50240.0 50102.4    130   17.972   0      0.000   17.972
230272.0 243712.0  0.0   65952.1 7189952.0 5608955.5 15379136.0 9018123.1  50240.0 50102.4    131   18.350   0      0.000   18.350
230272.0 222016.0 98592.1 41632.0 7237248.0 7237248.0 15379136.0 9109867.2  50240.0 50102.4    133   18.541   0      0.000   18.541
213888.0 222016.0  0.0   98112.1 7237248.0 4237961.2 15379136.0 9182723.3  50240.0 50102.4    133   18.741   0      0.000   18.741
213888.0 214016.0 119359.3  0.0   7261504.0 2011113.5 15379136.0 9248099.4  50240.0 50108.0    134   18.983   0      0.000   18.983
213888.0 214016.0 119359.3  0.0   7261504.0 6506440.4 15379136.0 9248099.4  50240.0 50108.2    134   18.983   0      0.000   18.983
210432.0 214016.0  0.0   34240.3 7261504.0 7037149.0 15379136.0 9309147.5  50240.0 50108.8    135   19.128   0      0.000   19.128
210432.0 232192.0 175642.6  0.0   7225152.0 6978863.8 15379136.0 9336097.4  50240.0 50109.6    136   19.375   0      0.000   19.375
226112.0 232192.0  0.0   113069.6 7225152.0 5931992.5 15379136.0 9506784.0  50240.0 50109.6    137   19.638   0      0.000   19.638
226112.0 228736.0 136558.4  0.0   7232064.0 1470539.0 15379136.0 9601445.6  50240.0 50109.6    138   19.886   0      0.000   19.886
226112.0 228736.0 136558.4  0.0   7232064.0 1866694.6 15379136.0 9601445.6  50240.0 50110.2    138   19.886   0      0.000   19.886
226112.0 228736.0 136558.4  0.0   7232064.0 4785788.8 15379136.0 9601445.6  50240.0 50110.6    138   19.886   0      0.000   19.886
226112.0 228736.0 136558.4  0.0   7232064.0 6735990.3 15379136.0 9601445.6  50240.0 50111.2    138   19.886   0      0.000   19.886
245056.0 177472.0  0.0   177412.7 7232064.0 799596.9 15379136.0 9734044.0  50240.0 50111.2    139   20.164   0      0.000   20.164
245056.0 177472.0  0.0   177412.7 7232064.0 2018087.2 15379136.0 9734044.0  50240.0 50111.7    139   20.164   0      0.000   20.164
245056.0 177472.0  0.0   177412.7 7232064.0 2018134.5 15379136.0 9734044.0  50240.0 50111.9    139   20.164   0      0.000   20.164
245056.0 177472.0  0.0   177412.7 7232064.0 2018155.2 15379136.0 9734044.0  50240.0 50112.7    139   20.164   0      0.000   20.164
245056.0 177472.0  0.0   177412.7 7232064.0 2047272.4 15379136.0 9734044.0  50240.0 50112.9    139   20.164   0      0.000   20.164
245056.0 177472.0  0.0   177412.7 7232064.0 2048499.5 15379136.0 9734044.0  50240.0 50112.9    139   20.164   0      0.000   20.164
245056.0 177472.0  0.0   177412.7 7232064.0 2048520.8 15379136.0 9734044.0  50240.0 50112.9    139   20.164   0      0.000   20.164
245056.0 177472.0  0.0   177412.7 7232064.0 2048565.6 15379136.0 9734044.0  50240.0 50113.2    139   20.164   0      0.000   20.164
245056.0 177472.0  0.0   177412.7 7232064.0 2048586.6 15379136.0 9734044.0  50240.0 50114.7    139   20.164   0      0.000   20.164
245056.0 177472.0  0.0   177412.7 7232064.0 2048603.2 15379136.0 9734044.0  50240.0 50115.8    139   20.164   0      0.000   20.164
245056.0 177472.0  0.0   177412.7 7232064.0 2048624.0 15379136.0 9734044.0  50240.0 50116.5    139   20.164   0      0.000   20.164
245056.0 177472.0  0.0   177412.7 7232064.0 2048642.8 15379136.0 9734044.0  50240.0 50117.6    139   20.164   0      0.000   20.164
245056.0 177472.0  0.0   177412.7 7232064.0 2048686.3 15379136.0 9734044.0  50240.0 50117.8    139   20.164   0      0.000   20.164
245056.0 177472.0  0.0   177412.7 7232064.0 2048705.0 15379136.0 9734044.0  50240.0 50118.6    139   20.164   0      0.000   20.164
245056.0 177472.0  0.0   177412.7 7232064.0 2048726.0 15379136.0 9734044.0  50240.0 50119.0    139   20.164   0      0.000   20.164
245056.0 177472.0  0.0   177412.7 7232064.0 2048745.0 15379136.0 9734044.0  50240.0 50119.1    139   20.164   0      0.000   20.164
245056.0 177472.0  0.0   177412.7 7232064.0 2048765.8 15379136.0 9734044.0  50240.0 50119.4    139   20.164   0      0.000   20.164
245056.0 177472.0  0.0   177412.7 7232064.0 2048810.7 15379136.0 9734044.0  50240.0 50120.9    139   20.164   0      0.000   20.164
245056.0 177472.0  0.0   177412.7 7232064.0 2048829.8 15379136.0 9734044.0  50240.0 50120.9    139   20.164   0      0.000   20.164
245056.0 177472.0  0.0   177412.7 7232064.0 2048848.9 15379136.0 9734044.0  50240.0 50121.6    139   20.164   0      0.000   20.164
245056.0 177472.0  0.0   177412.7 7232064.0 2232834.5 15379136.0 9734044.0  50240.0 50122.8    139   20.164   0      0.000   20.164
245056.0 364736.0 245051.7  0.0   6960064.0 553412.2 15379136.0 9955768.2  50240.0 50125.3    140   20.517   0      0.000   20.517
348480.0 364736.0  0.0   158381.7 6960064.0 352566.7 15379136.0 10114894.7 50240.0 50125.5    141   20.739   0      0.000   20.739
348480.0 337344.0 88777.4  0.0   7003712.0 1714669.3 15379136.0 10317835.7 50240.0 50127.8    142   20.918   0      0.000   20.918
334272.0 337344.0  0.0   39004.7 7003712.0 3305572.9 15379136.0 10426903.4 50240.0 50128.3    143   21.125   0      0.000   21.125
334272.0 321664.0 81345.1  0.0   7033600.0 4582507.1 15379136.0 10465796.1 50240.0 50128.3    144   21.324   0      0.000   21.324
319040.0 321664.0  0.0   22272.0 7033600.0 6501054.7 15379136.0 10572765.7 50240.0 50128.5    145   21.459   0      0.000   21.459
301696.0 314432.0  0.0   55027.4 7056064.0 844935.1 15379136.0 10625499.0 50240.0 50128.5    147   21.664   0      0.000   21.664
301696.0 298176.0 608.1   0.0   7089664.0 2666987.3 15379136.0 10680282.4 50240.0 50129.9    148   21.740   0      0.000   21.740
280448.0 298176.0  0.0   70894.5 7089664.0 3283200.3 15379136.0 10680672.3 50240.0 50131.5    149   21.814   0      0.000   21.814
280448.0 279872.0 137964.1  0.0   7129216.0 4363332.0 15379136.0 10751314.8 50240.0 50131.9    150   21.914   0      0.000   21.914
262528.0 279872.0  0.0   96310.0 7129216.0 5565761.8 15379136.0 10889035.0 50240.0 50132.2    151   22.026   0      0.000   22.026
253376.0 256000.0  0.0   16704.0 7171008.0 202231.3 15379136.0 11130695.0 50240.0 50132.4    153   22.246   0      0.000   22.246
238912.0 239616.0  0.0   128.0  7196544.0 1578102.5 15379136.0 11227370.9 50240.0 50132.4    155   22.410   0      0.000   22.410
238912.0 241600.0 128459.1  0.0   7206336.0 2531747.8 15379136.0 11227386.9 50240.0 50133.3    156   22.499   0      0.000   22.499
225856.0 241600.0  0.0   83138.2 7206336.0 3089243.7 15379136.0 11333385.1 50240.0 50133.3    157   22.613   0      0.000   22.613
225856.0 225536.0 352.0   0.0   7238144.0 2842327.6 15379136.0 11333433.1 50240.0 50133.3    158   22.716   0      0.000   22.716
225856.0 225536.0 352.0   0.0   7238144.0 6813331.7 15379136.0 11333433.1 50240.0 50134.0    158   22.716   0      0.000   22.716
223040.0 225536.0  0.0   288.0  7238144.0 525397.5 15379136.0 11333489.1 50240.0 50134.0    159   22.790   0      0.000   22.790
223040.0 225536.0  0.0   288.0  7238144.0 525420.1 15379136.0 11333489.1 50240.0 50134.0    159   22.790   0      0.000   22.790
223040.0 225536.0  0.0   288.0  7238144.0 525441.0 15379136.0 11333489.1 50240.0 50134.0    159   22.790   0      0.000   22.790
223040.0 225536.0  0.0   288.0  7238144.0 525457.5 15379136.0 11333489.1 50240.0 50134.0    159   22.790   0      0.000   22.790
223040.0 225536.0  0.0   288.0  7238144.0 525503.5 15379136.0 11333489.1 50240.0 50134.0    159   22.790   0      0.000   22.790
223040.0 225536.0  0.0   288.0  7238144.0 525522.3 15379136.0 11333489.1 50240.0 50134.0    159   22.790   0      0.000   22.790
223040.0 225536.0  0.0   288.0  7238144.0 525542.9 15379136.0 11333489.1 50240.0 50134.0    159   22.790   0      0.000   22.790
223040.0 225536.0  0.0   288.0  7238144.0 525561.7 15379136.0 11333489.1 50240.0 50136.0    159   22.790   0      0.000   22.790
223040.0 225536.0  0.0   288.0  7238144.0 525582.4 15379136.0 11333489.1 50240.0 50136.2    159   22.790   0      0.000   22.790
223040.0 225536.0  0.0   288.0  7238144.0 525626.5 15379136.0 11333489.1 50240.0 50136.2    159   22.790   0      0.000   22.790
223040.0 225536.0  0.0   288.0  7238144.0 525647.2 15379136.0 11333489.1 50240.0 50137.3    159   22.790   0      0.000   22.790
223040.0 225536.0  0.0   288.0  7238144.0 525666.0 15379136.0 11333489.1 50240.0 50137.3    159   22.790   0      0.000   22.790
223040.0 225536.0  0.0   288.0  7238144.0 525686.8 15379136.0 11333489.1 50240.0 50137.5    159   22.790   0      0.000   22.790
223040.0 225536.0  0.0   288.0  7238144.0 525705.5 15379136.0 11333489.1 50240.0 50137.5    159   22.790   0      0.000   22.790
223040.0 225536.0  0.0   288.0  7238144.0 525753.9 15379136.0 11333489.1 50240.0 50137.5    159   22.790   0      0.000   22.790
223040.0 225536.0  0.0   288.0  7238144.0 525778.9 15379136.0 11333489.1 50240.0 50137.5    159   22.790   0      0.000   22.790
223040.0 225536.0  0.0   288.0  7238144.0 525818.0 15379136.0 11333489.1 50240.0 50138.0    159   22.790   0      0.000   22.790
223040.0 225536.0  0.0   288.0  7238144.0 525836.7 15379136.0 11333489.1 50240.0 50138.0    159   22.790   0      0.000   22.790
223040.0 225536.0  0.0   288.0  7238144.0 5712930.6 15379136.0 11333489.1 50240.0 50140.7    159   22.790   0      0.000   22.790
223040.0 250624.0 183736.9  0.0   7188288.0 5008972.7 15379136.0 11333537.1 50240.0 50140.8    160   22.910   0      0.000   22.910
270208.0 178048.0  0.0   178004.2 7188288.0 5097806.4 15379136.0 11459813.0 50240.0 50140.8    161   23.091   0      0.000   23.091
277760.0 279872.0  0.0   480.0  7129792.0 5485711.3 15379136.0 11767133.1 50240.0 50141.0    163   23.434   0      0.000   23.434
277760.0 265472.0 105090.9  0.0   7146304.0 6129909.6 15379136.0 11767421.1 50240.0 50141.0    164   23.726   0      0.000   23.726
254016.0 265472.0  0.0   51904.0 7146304.0 6857137.0 15379136.0 11897185.4 50240.0 50141.2    165   24.106   0      0.000   24.106
254016.0 254208.0 131072.2 39328.0 7181120.0 7181120.0 15379136.0 12061097.6 50240.0 50142.3    167   24.313   0      0.000   24.313
243776.0 254208.0  0.0   53760.0 7181120.0 3530997.1 15379136.0 12080177.6 50240.0 50142.3    167   24.519   0      0.000   24.519
243776.0 254208.0  0.0   53760.0 7181120.0 6869057.2 15379136.0 12080177.6 50240.0 50143.7    167   24.519   0      0.000   24.519
243776.0 239360.0 18976.1  0.0   7206400.0 4653797.3 15379136.0 12133865.8 50240.0 50144.2    168   24.925   0      0.000   24.925
228928.0 239360.0  0.0   46208.4 7206400.0 6285064.9 15379136.0 12152495.6 50240.0 50144.2    169   25.051   0      0.000   25.051
228928.0 223232.0 101800.9 121411.7 7237376.0 7237376.0 15379136.0 12250156.7 50240.0 50145.3    171   25.222   0      0.000   25.222
234176.0 231872.0 119267.2  0.0   7223488.0 806993.3 15379136.0 12421640.4 50240.0 50145.3    172   25.750   0      0.000   25.750
219840.0 231872.0  0.0   94978.0 7223488.0 1022621.7 15379136.0 12541011.6 50240.0 50145.4    173   26.002   0      0.000   26.002
219840.0 231872.0  0.0   94978.0 7223488.0 6068537.5 15379136.0 12541011.6 50240.0 50146.2    173   26.002   0      0.000   26.002
219840.0 228928.0 149040.1  0.0   7231680.0 1921223.7 15379136.0 12630460.6 50240.0 50146.2    174   26.238   0      0.000   26.238
219840.0 228928.0 149040.1  0.0   7231680.0 5417571.9 15379136.0 12630460.6 50240.0 50146.2    174   26.238   0      0.000   26.238
216064.0 228928.0  0.0   96699.9 7231680.0 1713630.2 15379136.0 12771554.1 50240.0 50146.2    175   26.453   0      0.000   26.453
216064.0 228928.0  0.0   96699.9 7231680.0 5724586.6 15379136.0 12771554.1 50240.0 50146.2    175   26.453   0      0.000   26.453
216064.0 215104.0 125456.5  0.0   7258368.0 1272715.9 15379136.0 12885330.5 50240.0 50146.2    176   26.683   0      0.000   26.683
216064.0 215104.0 125456.5  0.0   7258368.0 2824468.1 15379136.0 12885330.5 50240.0 50146.5    176   26.683   0      0.000   26.683
216064.0 215104.0 125456.5  0.0   7258368.0 3803655.0 15379136.0 12885330.5 50240.0 50146.5    176   26.683   0      0.000   26.683
216064.0 215104.0 125456.5  0.0   7258368.0 3803675.7 15379136.0 12885330.5 50240.0 50146.7    176   26.683   0      0.000   26.683
216064.0 215104.0 125456.5  0.0   7258368.0 3803696.3 15379136.0 12885330.5 50240.0 50146.7    176   26.683   0      0.000   26.683
216064.0 215104.0 125456.5  0.0   7258368.0 3803715.0 15379136.0 12885330.5 50240.0 50146.7    176   26.683   0      0.000   26.683
216064.0 215104.0 125456.5  0.0   7258368.0 3803733.7 15379136.0 12885330.5 50240.0 50146.7    176   26.683   0      0.000   26.683
216064.0 215104.0 125456.5  0.0   7258368.0 3803779.6 15379136.0 12885330.5 50240.0 50146.7    176   26.683   0      0.000   26.683
216064.0 215104.0 125456.5  0.0   7258368.0 3803798.4 15379136.0 12885330.5 50240.0 50146.7    176   26.683   0      0.000   26.683
216064.0 215104.0 125456.5  0.0   7258368.0 3803819.2 15379136.0 12885330.5 50240.0 50146.7    176   26.683   0      0.000   26.683
216064.0 215104.0 125456.5  0.0   7258368.0 3803837.8 15379136.0 12885330.5 50240.0 50146.7    176   26.683   0      0.000   26.683
216064.0 215104.0 125456.5  0.0   7258368.0 3803856.4 15379136.0 12885330.5 50240.0 50147.7    176   26.683   0      0.000   26.683
216064.0 215104.0 125456.5  0.0   7258368.0 3803903.0 15379136.0 12885330.5 50240.0 50147.7    176   26.683   0      0.000   26.683
216064.0 215104.0  0.0   215103.0 7258368.0 1710229.5 15379136.0 13001373.5 50240.0 50154.0    177   26.947   0      0.000   26.947
216064.0 295104.0 182120.0  0.0   7099328.0 1283105.2 15379136.0 13121929.7 50240.0 50154.0    178   27.208   0      0.000   27.208
285056.0 295104.0  0.0   88546.9 7099328.0 2729817.2 15379136.0 13301543.6 50240.0 50154.0    179   27.417   0      0.000   27.417
285056.0 286528.0 20384.0  0.0   7116480.0 4817275.5 15379136.0 13390022.5 50240.0 50154.6    180   27.565   0      0.000   27.565
271040.0 286528.0  0.0   102847.5 7116480.0 6898514.4 15379136.0 13410342.5 50240.0 50154.8    182   27.729   0      0.000   27.729
256576.0 266816.0  0.0   70921.6 7151680.0 1141073.8 15379136.0 13556756.5 50240.0 50155.0    183   28.053   0      0.000   28.053
256576.0 241728.0 103641.4  0.0   7191232.0 2746213.9 15379136.0 13623453.8 50240.0 50156.9    184   28.230   0      0.000   28.230
244992.0 241728.0  0.0   896.1  7191232.0 3656373.1 15379136.0 13732722.0 50240.0 50157.1    185   28.420   0      0.000   28.420
244992.0 237504.0 46367.1  0.0   7207040.0 5121541.6 15379136.0 13733370.3 50240.0 50157.8    186   28.511   0      0.000   28.511
233088.0 237504.0  32.0  25504.1 7207040.0 7207040.0 15379136.0 13779509.5 50240.0 50157.8    188   28.608   0      0.000   28.608
221824.0 230976.0  0.0   91437.9 7225472.0 861117.0 15379136.0 13804895.3 50240.0 50159.1    189   28.805   0      0.000   28.805
221824.0 211456.0 50414.6  0.0   7256256.0 2672471.4 15379136.0 13846537.5 50240.0 50159.1    190   28.901   0      0.000   28.901
202880.0 211456.0  0.0   41744.6 7256256.0 4606261.4 15379136.0 13896720.2 50240.0 50159.1    191   29.003   0      0.000   29.003
202880.0 193984.0 81661.2  0.0   7292672.0 6651784.5 15379136.0 13938212.8 50240.0 50159.1    192   29.103   0      0.000   29.103
187392.0 212736.0 168430.8  0.0   7264064.0 539472.2 15379136.0 14040316.8 50240.0 50159.2    194   29.318   0      0.000   29.318
208896.0 212736.0  0.0   20811.8 7264064.0 1321659.7 15379136.0 14192147.6 50240.0 50159.2    195   29.431   0      0.000   29.431
208896.0 207424.0 320.0   0.0   7273216.0 2839408.2 15379136.0 14212723.5 50240.0 50159.2    196   29.523   0      0.000   29.523
204096.0 207424.0  0.0   352.0  7273216.0 2680932.5 15379136.0 14212779.7 50240.0 50159.2    197   29.617   0      0.000   29.617
204096.0 199424.0 352.0   0.0   7286016.0 355227.5 15379136.0 14212843.7 50240.0 50159.2    198   29.718   0      0.000   29.718
204096.0 199424.0 352.0   0.0   7286016.0 2233590.4 15379136.0 14212843.7 50240.0 50159.2    198   29.718   0      0.000   29.718
204096.0 199424.0 352.0   0.0   7286016.0 2233613.1 15379136.0 14212843.7 50240.0 50159.2    198   29.718   0      0.000   29.718
204096.0 199424.0 352.0   0.0   7286016.0 2233631.8 15379136.0 14212843.7 50240.0 50159.2    198   29.718   0      0.000   29.718
204096.0 199424.0 352.0   0.0   7286016.0 2233650.4 15379136.0 14212843.7 50240.0 50159.2    198   29.718   0      0.000   29.718
204096.0 199424.0 352.0   0.0   7286016.0 2233669.1 15379136.0 14212843.7 50240.0 50159.2    198   29.718   0      0.000   29.718
204096.0 199424.0 352.0   0.0   7286016.0 2233714.9 15379136.0 14212843.7 50240.0 50159.2    198   29.718   0      0.000   29.718
204096.0 199424.0 352.0   0.0   7286016.0 2233733.6 15379136.0 14212843.7 50240.0 50159.2    198   29.718   0      0.000   29.718
204096.0 199424.0 352.0   0.0   7286016.0 2233752.3 15379136.0 14212843.7 50240.0 50159.2    198   29.718   0      0.000   29.718
204096.0 199424.0 352.0   0.0   7286016.0 2233771.1 15379136.0 14212843.7 50240.0 50159.2    198   29.718   0      0.000   29.718
204096.0 199424.0 352.0   0.0   7286016.0 2233791.9 15379136.0 14212843.7 50240.0 50159.2    198   29.718   0      0.000   29.718
204096.0 199424.0 352.0   0.0   7286016.0 2233837.4 15379136.0 14212843.7 50240.0 50159.2    198   29.718   0      0.000   29.718
204096.0 199424.0 352.0   0.0   7286016.0 2233858.4 15379136.0 14212843.7 50240.0 50159.2    198   29.718   0      0.000   29.718
204096.0 199424.0 352.0   0.0   7286016.0 2233877.1 15379136.0 14212843.7 50240.0 50159.2    198   29.718   0      0.000   29.718
204096.0 199424.0 352.0   0.0   7286016.0 2233899.9 15379136.0 14212843.7 50240.0 50159.2    198   29.718   0      0.000   29.718
204096.0 199424.0 352.0  99281.5 7286016.0 7282393.6 15379136.0 14212851.7 50240.0 50161.1    199   29.718   0      0.000   29.718
215680.0 187840.0  32.0  187788.9 7286016.0 7286016.0 15379136.0 14245698.0 50240.0 50161.1    200   29.851   0      0.000   29.851
215680.0 316672.0 215661.6  32.0  7056192.0 7056192.0 15379136.0 14383794.6 50240.0 50161.1    201   30.037   0      0.000   30.037
299776.0 300672.0 152200.1  0.0   7088192.0 145814.3 15379136.0 14618105.9 50240.0 50161.1    202   30.423   0      0.000   30.423
286592.0 300672.0  0.0   64928.1 7088192.0 582192.2 15379136.0 14716638.0 50240.0 50161.1    203   30.629   0      0.000   30.629
286592.0 272512.0 109952.1  0.0   7130432.0 2176544.1 15379136.0 14779494.0 50240.0 50161.1    204   30.838   0      0.000   30.838
261440.0 272512.0  0.0   60338.0 7130432.0 3057224.3 15379136.0 14889462.2 50240.0 50161.1    205   31.030   0      0.000   31.030
261440.0 249408.0 66619.8  0.0   7178688.0 2898105.1 15379136.0 14948734.0 50240.0 50161.1    206   31.206   0      0.000   31.206
234176.0 249408.0  0.0   92831.8 7178688.0 2390386.9 15379136.0 15013225.8 50240.0 50161.6    207   31.393   0      0.000   31.393
234176.0 220992.0 94464.2  0.0   7234368.0 4053911.8 15379136.0 15104729.6 50240.0 50161.6    208   31.591   0      0.000   31.591
211008.0 220992.0  0.0   74418.7 7234368.0 5312419.3 15379136.0 15190981.8 50240.0 50161.6    209   31.773   0      0.000   31.773
211008.0 199616.0 85980.7  0.0   7278912.0   0.0    15379136.0 15259704.4 50240.0 50161.6    210   31.962   1      0.000   31.962
211008.0 199616.0 85980.7  0.0   7278912.0   0.0    15379136.0 15259704.4 50240.0 50161.6    210   31.962   1      0.000   31.962
211008.0 199616.0 85980.7  0.0   7278912.0   0.0    15379136.0 15259704.4 50240.0 50161.6    210   31.962   1      0.000   31.962
211008.0 199616.0  0.0    0.0   7278912.0 1317928.9 15379136.0 3054084.3  100608.0 50161.6    210   31.962   1      7.204   39.165
192320.0 199616.0  0.0   99554.4 7278912.0 2521583.0 15379136.0 3054084.3  100608.0 50161.6    211   32.120   1      7.204   39.324
192320.0 199616.0  0.0   99554.4 7278912.0 7260685.6 15379136.0 3054084.3  100608.0 50161.6    212   32.120   1      7.204   39.324
192320.0 185472.0 71189.4 169452.9 7311744.0 7311744.0 15379136.0 3222406.7  100608.0 50161.6    213   32.315   1      7.204   39.519
243200.0 256.0   0.0   224.0  7212608.0 1134330.0 15379136.0 3531228.6  100608.0 50161.6    215   32.905   1      7.204   40.109
243200.0 236224.0 49536.0  0.0   7210112.0 2665000.2 15379136.0 3531244.6  100608.0 50162.3    216   33.101   1      7.204   40.305
225472.0 236224.0  0.0   68490.8 7210112.0 3498291.3 15379136.0 3574588.6  100608.0 50162.3    217   33.263   1      7.204   40.466
225472.0 227968.0 132378.3  0.0   7233600.0 4508131.1 15379136.0 3634863.3  100608.0 50162.3    218   33.432   1      7.204   40.635
220672.0 227968.0  0.0   56751.4 7233600.0 2647610.5 15379136.0 3772373.0  100608.0 50163.1    219   33.595   1      7.204   40.799
220672.0 227968.0  0.0   56751.4 7233600.0 4185662.2 15379136.0 3772373.0  100608.0 50163.1    219   33.595   1      7.204   40.799
220672.0 227968.0  0.0   56751.4 7233600.0 5332729.0 15379136.0 3772373.0  100608.0 50163.1    219   33.595   1      7.204   40.799
220672.0 227968.0  0.0   56751.4 7233600.0 5332751.9 15379136.0 3772373.0  100608.0 50163.1    219   33.595   1      7.204   40.799
220672.0 227968.0  0.0   56751.4 7233600.0 5332781.2 15379136.0 3772373.0  100608.0 50163.1    219   33.595   1      7.204   40.799
220672.0 227968.0  0.0   56751.4 7233600.0 5332795.8 15379136.0 3772373.0  100608.0 50163.1    219   33.595   1      7.204   40.799
220672.0 227968.0  0.0   56751.4 7233600.0 5332812.4 15379136.0 3772373.0  100608.0 50163.1    219   33.595   1      7.204   40.799
220672.0 227968.0  0.0   56751.4 7233600.0 5332829.0 15379136.0 3772373.0  100608.0 50163.1    219   33.595   1      7.204   40.799
220672.0 227968.0  0.0   56751.4 7233600.0 5332845.6 15379136.0 3772373.0  100608.0 50163.1    219   33.595   1      7.204   40.799
220672.0 227968.0  0.0   56751.4 7233600.0 5332876.0 15379136.0 3772373.0  100608.0 50163.1    219   33.595   1      7.204   40.799
220672.0 227968.0  0.0   56751.4 7233600.0 5332892.6 15379136.0 3772373.0  100608.0 50163.1    219   33.595   1      7.204   40.799
220672.0 227968.0  0.0   56751.4 7233600.0 5332907.3 15379136.0 3772373.0  100608.0 50163.1    219   33.595   1      7.204   40.799
220672.0 227968.0  0.0   56751.4 7233600.0 5332923.9 15379136.0 3772373.0  100608.0 50163.1    219   33.595   1      7.204   40.799
220672.0 227968.0  0.0   56751.4 7233600.0 5332938.4 15379136.0 3772373.0  100608.0 50163.1    219   33.595   1      7.204   40.799
220672.0 227968.0  0.0   56751.4 7233600.0 5333087.4 15379136.0 3772373.0  100608.0 50163.1    219   33.595   1      7.204   40.799
220672.0 227968.0  0.0   56751.4 7233600.0 5333112.3 15379136.0 3772373.0  100608.0 50163.4    219   33.595   1      7.204   40.799
220672.0 227968.0  0.0   56751.4 7233600.0 5333151.3 15379136.0 3772373.0  100608.0 50163.4    219   33.595   1      7.204   40.799
220672.0 247488.0 197331.4  0.0   7194560.0 5095946.9 15379136.0 3827028.4  100608.0 50164.8    220   33.793   1      7.204   40.997
255104.0 160640.0  0.0   160609.0 7194560.0 5883116.2 15379136.0 3965021.3  100608.0 50165.3    221   34.000   1      7.204   41.203
239552.0 249600.0  0.0   72096.1 7184832.0 417182.2 15379136.0 4158850.6  100608.0 50165.5    223   34.245   1      7.204   41.449
239552.0 235136.0 40416.0  0.0   7214848.0 2023813.1 15379136.0 4230946.8  100608.0 50165.5    224   34.370   1      7.204   41.574
230080.0 235136.0  0.0   116947.9 7214848.0 3347512.1 15379136.0 4271338.8  100608.0 50165.5    225   34.561   1      7.204   41.765
230080.0 220544.0 70863.7  0.0   7238912.0 5226357.3 15379136.0 4388306.6  100608.0 50165.5    226   34.701   1      7.204   41.905
211008.0 220544.0  0.0   101099.0 7238912.0 6837028.0 15379136.0 4459146.4  100608.0 50165.5    227   34.856   1      7.204   42.060
202688.0 201152.0  0.0   21058.7 7277376.0 706965.0 15379136.0 4674681.0  100608.0 50165.5    229   35.178   1      7.204   42.382
202688.0 201344.0 26086.3  0.0   7285504.0 3114373.1 15379136.0 4695483.8  100608.0 50165.9    230   35.208   1      7.204   42.412
201856.0 201344.0  0.0   6144.0 7285504.0 5573044.2 15379136.0 4746748.4  100608.0 50166.2    231   35.246   1      7.204   42.450
196480.0 200128.0  0.0   8928.0 7287552.0 887373.0 15379136.0 4756820.4  100608.0 50166.2    233   35.332   1      7.204   42.536
196480.0 189504.0 21952.0  0.0   7303552.0 2962815.6 15379136.0 4765652.4  100608.0 50167.8    234   35.388   1      7.204   42.592
195584.0 189504.0  0.0   109021.1 7303552.0 3498302.0 15379136.0 4771047.1  100608.0 50167.8    235   35.477   1      7.204   42.681
195584.0 190912.0 85470.7  0.0   7303040.0 3620319.3 15379136.0 4806132.2  100608.0 50168.0    236   35.563   1      7.204   42.766
196800.0 114624.0  0.0   114569.3 7303040.0 4075220.9 15379136.0 4853745.3  100608.0 50168.0    237   35.639   1      7.204   42.843
196800.0 191616.0 25135.6  0.0   7301120.0 6570042.1 15379136.0 4891888.8  100608.0 50168.0    238   35.690   1      7.204   42.894
189952.0 186688.0 288.0   0.0   7312896.0 522272.7 15379136.0 4916860.4  100608.0 50168.1    240   35.746   1      7.204   42.950
189952.0 186688.0 288.0   0.0   7312896.0 4915118.4 15379136.0 4916860.4  100608.0 50168.1    240   35.746   1      7.204   42.950
189952.0 186688.0 288.0   0.0   7312896.0 6593905.2 15379136.0 4916860.4  100608.0 50168.1    240   35.746   1      7.204   42.950
189952.0 186688.0 288.0   0.0   7312896.0 7048398.1 15379136.0 4916860.4  100608.0 50168.1    240   35.746   1      7.204   42.950
174528.0 186688.0  0.0   45424.5 7312896.0 57230.4  15379136.0 4916908.4  100608.0 50168.1    241   35.777   1      7.204   42.981
174528.0 186688.0  0.0   45424.5 7312896.0 1055873.0 15379136.0 4916908.4  100608.0 50168.1    241   35.777   1      7.204   42.981
174528.0 186688.0  0.0   45424.5 7312896.0 1896136.5 15379136.0 4916908.4  100608.0 50168.1    241   35.777   1      7.204   42.981
174528.0 186688.0  0.0   45424.5 7312896.0 2577664.0 15379136.0 4916908.4  100608.0 50168.1    241   35.777   1      7.204   42.981
174528.0 186688.0  0.0   45424.5 7312896.0 3132402.9 15379136.0 4916908.4  100608.0 50168.1    241   35.777   1      7.204   42.981
174528.0 186688.0  0.0   45424.5 7312896.0 3956573.9 15379136.0 4916908.4  100608.0 50168.1    241   35.777   1      7.204   42.981
174528.0 186688.0  0.0   45424.5 7312896.0 4844181.6 15379136.0 4916908.4  100608.0 50168.1    241   35.777   1      7.204   42.981
174528.0 186688.0  0.0   45424.5 7312896.0 4844225.2 15379136.0 4916908.4  100608.0 50168.1    241   35.777   1      7.204   42.981
174528.0 186688.0  0.0   45424.5 7312896.0 4844243.9 15379136.0 4916908.4  100608.0 50168.1    241   35.777   1      7.204   42.981
174528.0 186688.0  0.0   45424.5 7312896.0 4844264.5 15379136.0 4916908.4  100608.0 50168.1    241   35.777   1      7.204   42.981
174528.0 186688.0  0.0   45424.5 7312896.0 4844285.2 15379136.0 4916908.4  100608.0 50168.1    241   35.777   1      7.204   42.981
174528.0 186688.0  0.0   45424.5 7312896.0 4844305.8 15379136.0 4916908.4  100608.0 50168.1    241   35.777   1      7.204   42.981
174528.0 186688.0  0.0   45424.5 7312896.0 4844348.0 15379136.0 4916908.4  100608.0 50168.1    241   35.777   1      7.204   42.981
174528.0 186688.0  0.0   45424.5 7312896.0 4844366.7 15379136.0 4916908.4  100608.0 50168.1    241   35.777   1      7.204   42.981
174528.0 164288.0 57504.1  0.0   7350720.0 549491.4 15379136.0 4917006.2  100608.0 50545.6    242   35.812   1      7.204   43.015
174656.0 164160.0  0.0   164143.1 7350720.0 1153880.2 15379136.0 4961879.9  100608.0 50545.8    243   35.865   1      7.204   43.068
174656.0 192128.0 256.0   0.0   7305280.0 3489036.9 15379136.0 5042847.4  100608.0 50545.8    244   35.898   1      7.204   43.101
188352.0 192128.0  0.0   320.0  7305280.0 5924552.3 15379136.0 5042927.4  100608.0 50548.8    245   35.929   1      7.204   43.133
177600.0 183424.0  0.0   288.0  7317760.0 1453115.8 15379136.0 5043031.4  100608.0 50548.8    247   35.984   1      7.204   43.188
177600.0 171072.0 224.0   0.0   7340864.0 3913818.3 15379136.0 5043087.4  100608.0 50548.8    248   36.012   1      7.204   43.215
160640.0 171072.0  0.0   20651.3 7340864.0 5521175.4 15379136.0 5043143.4  100608.0 50719.5    249   36.039   1      7.204   43.243
160640.0 158656.0 64341.7  0.0   7370240.0 6902797.4 15379136.0 5043191.4  100608.0 50719.5    250   36.072   1      7.204   43.276
147712.0 143424.0 320.0   0.0   7398400.0 1859308.9 15379136.0 5107314.0  100608.0 50727.4    252   36.135   1      7.204   43.339
138560.0 143424.0  0.0   288.0  7398400.0 4115179.8 15379136.0 5107370.0  100608.0 50727.4    253   36.163   1      7.204   43.367
138560.0 133248.0 288.0   0.0   7417728.0 6638374.1 15379136.0 5107434.0  100608.0 50727.4    254   36.190   1      7.204   43.394
127552.0 121728.0 352.0   0.0   7440256.0 519047.7 15379136.0 5107578.0  100608.0 50728.0    256   36.245   1      7.204   43.449
127552.0 121728.0 352.0   0.0   7440256.0 3818659.0 15379136.0 5107578.0  100608.0 50728.0    256   36.245   1      7.204   43.449
127552.0 121728.0 352.0   0.0   7440256.0 3818709.5 15379136.0 5107578.0  100608.0 50728.0    256   36.245   1      7.204   43.449
127552.0 121728.0 352.0   0.0   7440256.0 3818728.1 15379136.0 5107578.0  100608.0 50728.0    256   36.245   1      7.204   43.449
127552.0 121728.0 352.0   0.0   7440256.0 3818750.9 15379136.0 5107578.0  100608.0 50728.0    256   36.245   1      7.204   43.449
127552.0 121728.0 352.0   0.0   7440256.0 3818769.7 15379136.0 5107578.0  100608.0 50728.0    256   36.245   1      7.204   43.449
127552.0 121728.0 352.0   0.0   7440256.0 3818790.4 15379136.0 5107578.0  100608.0 50728.0    256   36.245   1      7.204   43.449
127552.0 121728.0 352.0   0.0   7440256.0 3818832.3 15379136.0 5107578.0  100608.0 50728.0    256   36.245   1      7.204   43.449
127552.0 121728.0 352.0   0.0   7440256.0 3818852.9 15379136.0 5107578.0  100608.0 50728.0    256   36.245   1      7.204   43.449
127552.0 121728.0 352.0   0.0   7440256.0 3818871.8 15379136.0 5107578.0  100608.0 50728.0    256   36.245   1      7.204   43.449
127552.0 121728.0 352.0   0.0   7440256.0 3818892.6 15379136.0 5107578.0  100608.0 50728.0    256   36.245   1      7.204   43.449
127552.0 121728.0 352.0   0.0   7440256.0 3894802.2 15379136.0 5107578.0  100608.0 50728.0    256   36.245   1      7.204   43.449
127552.0 121728.0 352.0   0.0   7440256.0 3894845.9 15379136.0 5107578.0  100608.0 50728.0    256   36.245   1      7.204   43.449
127552.0 121728.0 352.0   0.0   7440256.0 3894862.4 15379136.0 5107578.0  100608.0 50728.0    256   36.245   1      7.204   43.449
127552.0 121728.0 352.0   0.0   7440256.0 3894883.5 15379136.0 5107578.0  100608.0 50728.0    256   36.245   1      7.204   43.449
127552.0 121728.0 352.0   0.0   7440256.0 3894902.2 15379136.0 5107578.0  100608.0 50728.0    256   36.245   1      7.204   43.449
127552.0 121728.0 352.0   0.0   7440256.0 3894935.1 15379136.0 5107578.0  100608.0 50728.0    256   36.245   1      7.204   43.449
127552.0 121728.0 352.0   0.0   7440256.0 3894990.1 15379136.0 5107578.0  100608.0 50728.0    256   36.245   1      7.204   43.449
127552.0 121728.0 352.0   0.0   7440256.0 3895008.7 15379136.0 5107578.0  100608.0 50728.0    256   36.245   1      7.204   43.449
127552.0 121728.0 352.0   0.0   7440256.0 3895029.3 15379136.0 5107578.0  100608.0 50728.0    256   36.245   1      7.204   43.449
127552.0 121728.0 352.0   0.0   7440256.0 3990957.2 15379136.0 5107578.0  100608.0 51072.6    256   36.245   1      7.204   43.449
127552.0 121728.0 352.0   0.0   7440256.0 6646236.4 15379136.0 5107578.0  100608.0 51156.3    256   36.245   1      7.204   43.449
142528.0 106048.0  0.0   106024.9 7440256.0 6969345.1 15379136.0 5221966.4  100608.0 51157.3    257   36.312   1      7.204   43.516
145024.0 150208.0  0.0   320.0  7389120.0 1826479.1 15379136.0 5266725.3  100608.0 51157.3    259   36.392   1      7.204   43.595
145024.0 139328.0 288.0   0.0   7405184.0 4174382.9 15379136.0 5266781.3  100608.0 51157.3    260   36.419   1      7.204   43.623
133376.0 139328.0  0.0   288.0  7405184.0 6658151.9 15379136.0 5266829.3  100608.0 51157.3    261   36.447   1      7.204   43.651
129280.0 127232.0  0.0   57462.7 7428928.0 1588231.1 15379136.0 5266965.3  100608.0 51157.3    263   36.516   1      7.204   43.720
129280.0 136704.0 75148.8  0.0   7416128.0 2539704.1 15379136.0 5267013.3  100608.0 51169.3    264   36.556   1      7.204   43.759
130176.0 136704.0  0.0   42812.7 7416128.0 4178024.6 15379136.0 5267781.4  100608.0 51169.5    265   36.589   1      7.204   43.792
130176.0 126144.0 320.0   0.0   7433216.0 6355804.0 15379136.0 5310370.2  100608.0 51170.0    266   36.622   1      7.204   43.825
121536.0 116672.0 224.0   0.0   7451328.0 917689.0 15379136.0 5310450.2  100608.0 51170.0    268   36.677   1      7.204   43.881
111488.0 116672.0  0.0   256.0  7451328.0 2834710.5 15379136.0 5310506.2  100608.0 51170.0    269   36.705   1      7.204   43.909
111488.0 116672.0  0.0   256.0  7451328.0 6790131.8 15379136.0 5310506.2  100608.0 51170.2    269   36.705   1      7.204   43.909
111488.0 116672.0  0.0   256.0  7451328.0 6887582.4 15379136.0 5310506.2  100608.0 51170.2    269   36.705   1      7.204   43.909
111488.0 116672.0  0.0   256.0  7451328.0 7272198.8 15379136.0 5310506.2  100608.0 51171.4    269   36.705   1      7.204   43.909
111488.0 133184.0 104638.0  0.0   7423168.0 459160.1 15379136.0 5310538.2  100608.0 51173.5    270   36.744   1      7.204   43.948
111488.0 133184.0 104638.0  0.0   7423168.0 1632372.6 15379136.0 5310538.2  100608.0 51181.1    270   36.744   1      7.204   43.948
111488.0 133184.0 104638.0  0.0   7423168.0 3425117.6 15379136.0 5310538.2  100608.0 51181.7    270   36.744   1      7.204   43.948
111488.0 133184.0 104638.0  0.0   7423168.0 6665414.0 15379136.0 5310538.2  100608.0 51181.7    270   36.744   1      7.204   43.948
127936.0 133184.0  0.0   256.0  7423168.0 3469175.7 15379136.0 5415023.0  100608.0 51182.5    271   36.784   1      7.204   43.988
127936.0 122496.0 256.0   0.0   7439104.0 125601.7 15379136.0 5415063.0  100608.0 51182.5    272   36.812   1      7.204   44.016
127936.0 122496.0 256.0   0.0   7439104.0 3298113.3 15379136.0 5415063.0  100608.0 51182.5    272   36.812   1      7.204   44.016
127936.0 122496.0 256.0   0.0   7439104.0 5162766.5 15379136.0 5415063.0  100608.0 51182.5    272   36.812   1      7.204   44.016
127936.0 122496.0 256.0   0.0   7439104.0 5606275.2 15379136.0 5415063.0  100608.0 51182.5    272   36.812   1      7.204   44.016
127936.0 122496.0 256.0   0.0   7439104.0 5691703.6 15379136.0 5415063.0  100608.0 51182.6    272   36.812   1      7.204   44.016
127936.0 122496.0 256.0   0.0   7439104.0 5995392.7 15379136.0 5415063.0  100608.0 51182.6    272   36.812   1      7.204   44.016
127936.0 122496.0 256.0   0.0   7439104.0 6479391.5 15379136.0 5415063.0  100608.0 51182.6    272   36.812   1      7.204   44.016
127936.0 122496.0 256.0   0.0   7439104.0 7257617.4 15379136.0 5415063.0  100608.0 51182.6    272   36.812   1      7.204   44.016
116800.0 122496.0  0.0   320.0  7439104.0 1105238.9 15379136.0 5415111.0  100608.0 51182.6    273   36.840   1      7.204   44.043
116800.0 122496.0  0.0   320.0  7439104.0 2548830.1 15379136.0 5415111.0  100608.0 51182.7    273   36.840   1      7.204   44.043
116800.0 135744.0 98928.8  0.0   7418048.0 2146438.5 15379136.0 5496521.7  100608.0 51189.9    274   36.890   1      7.204   44.094
153920.0 107648.0  0.0   107584.1 7418048.0 3529790.6 15379136.0 5496521.7  100608.0 51189.9    275   36.931   1      7.204   44.135
153920.0 158848.0 82277.6  0.0   7371840.0 5638641.2 15379136.0 5500826.9  100608.0 51190.1    276   36.968   1      7.204   44.172
154304.0 149056.0 256.0   0.0   7386176.0 972059.4 15379136.0 5541512.1  100608.0 51190.1    278   37.028   1      7.204   44.232
143296.0 149056.0  0.0   288.0  7386176.0 3441055.1 15379136.0 5541592.1  100608.0 51190.1    279   37.056   1      7.204   44.260
143296.0 148032.0 74016.1  0.0   7393472.0 5044594.9 15379136.0 5541664.1  100608.0 51190.1    280   37.098   1      7.204   44.302
136896.0 148032.0  0.0   34080.1 7393472.0 6560748.6 15379136.0 5541728.1  100608.0 51190.3    281   37.132   1      7.204   44.336
125056.0 128896.0  0.0   224.0  7423744.0 1786794.1 15379136.0 5564840.0  100608.0 51190.3    283   37.190   1      7.204   44.394
125056.0 120704.0 256.0   0.0   7443776.0 3884288.4 15379136.0 5564880.0  100608.0 51190.3    284   37.218   1      7.204   44.422
115968.0 120704.0  0.0   288.0  7443776.0 6079026.0 15379136.0 5564936.0  100608.0 51190.3    285   37.246   1      7.204   44.450
115968.0 110976.0 288.0   0.0   7462592.0 4519292.0 15379136.0 5565000.0  100608.0 51190.5    286   37.274   1      7.204   44.478
115968.0 110976.0 288.0   0.0   7462592.0 4979213.6 15379136.0 5565000.0  100608.0 51190.5    286   37.274   1      7.204   44.478
115968.0 110976.0 288.0   0.0   7462592.0 4979264.4 15379136.0 5565000.0  100608.0 51190.5    286   37.274   1      7.204   44.478
115968.0 110976.0 288.0   0.0   7462592.0 4979284.9 15379136.0 5565000.0  100608.0 51190.5    286   37.274   1      7.204   44.478
115968.0 110976.0 288.0   0.0   7462592.0 4979303.2 15379136.0 5565000.0  100608.0 51190.5    286   37.274   1      7.204   44.478
115968.0 110976.0 288.0   0.0   7462592.0 5029333.6 15379136.0 5565000.0  100608.0 51190.7    286   37.274   1      7.204   44.478
115968.0 110976.0 288.0   0.0   7462592.0 5029351.9 15379136.0 5565000.0  100608.0 51190.7    286   37.274   1      7.204   44.478
115968.0 110976.0 288.0   0.0   7462592.0 5029395.2 15379136.0 5565000.0  100608.0 51190.7    286   37.274   1      7.204   44.478
115968.0 110976.0 288.0   0.0   7462592.0 5029413.4 15379136.0 5565000.0  100608.0 51190.7    286   37.274   1      7.204   44.478
115968.0 110976.0 288.0   0.0   7462592.0 5029432.0 15379136.0 5565000.0  100608.0 51190.7    286   37.274   1      7.204   44.478
115968.0 110976.0 288.0   0.0   7462592.0 5029452.3 15379136.0 5565000.0  100608.0 51190.7    286   37.274   1      7.204   44.478
115968.0 110976.0 288.0   0.0   7462592.0 5029470.5 15379136.0 5565000.0  100608.0 51190.7    286   37.274   1      7.204   44.478
115968.0 110976.0 288.0   0.0   7462592.0 5074861.5 15379136.0 5565000.0  100608.0 51196.5    286   37.274   1      7.204   44.478
119808.0 70144.0  0.0   70080.5 7462592.0 5086138.6 15379136.0 5565064.0  100608.0 51196.5    287   37.309   1      7.204   44.513
119808.0 138688.0 103066.9  0.0   7412160.0 6333518.6 15379136.0 5590147.4  100608.0 51196.5    288   37.353   1      7.204   44.557
146048.0 142016.0 256.0   0.0   7401472.0 1258481.2 15379136.0 5733803.5  100608.0 51196.5    290   37.432   1      7.204   44.635
137344.0 142016.0  0.0   256.0  7401472.0 3724087.8 15379136.0 5733851.5  100608.0 51196.5    291   37.460   1      7.204   44.664
137344.0 132224.0 192.0   0.0   7419968.0 6041661.7 15379136.0 5733899.5  100608.0 51196.5    292   37.489   1      7.204   44.693
125312.0 121216.0 42351.1  0.0   7443008.0 657903.0 15379136.0 5734019.5  100608.0 51196.5    294   37.548   1      7.204   44.752
117568.0 121216.0  0.0   43484.8 7443008.0 2731710.5 15379136.0 5734291.5  100608.0 51196.5    295   37.579   1      7.204   44.783
117568.0 113792.0 288.0   0.0   7458176.0 5063426.9 15379136.0 5777646.1  100608.0 51197.0    296   37.611   1      7.204   44.815
109568.0 105152.0 320.0   0.0   7474816.0 267497.2 15379136.0 5778072.7  100608.0 51197.0    298   37.669   1      7.204   44.873
100480.0 105152.0  0.0   288.0  7474816.0 2800361.0 15379136.0 5778128.7  100608.0 51197.0    299   37.697   1      7.204   44.901
100480.0 95680.0 256.0   0.0   7493376.0 4897155.8 15379136.0 5778184.7  100608.0 51197.0    300   37.728   1      7.204   44.932
90880.0 95680.0  0.0   352.0  7493376.0 2311476.1 15379136.0 5778232.7  100608.0 51197.0    301   37.758   1      7.204   44.961
90880.0 95680.0  0.0   352.0  7493376.0 2365752.5 15379136.0 5778232.7  100608.0 51197.0    301   37.758   1      7.204   44.961
90880.0 95680.0  0.0   352.0  7493376.0 2365779.1 15379136.0 5778232.7  100608.0 51197.0    301   37.758   1      7.204   44.961
90880.0 95680.0  0.0   352.0  7493376.0 2365822.4 15379136.0 5778232.7  100608.0 51197.0    301   37.758   1      7.204   44.961
90880.0 95680.0  0.0   352.0  7493376.0 2365844.7 15379136.0 5778232.7  100608.0 51197.0    301   37.758   1      7.204   44.961
90880.0 95680.0  0.0   352.0  7493376.0 2365861.1 15379136.0 5778232.7  100608.0 51197.0    301   37.758   1      7.204   44.961
90880.0 95680.0  0.0   352.0  7493376.0 2365881.4 15379136.0 5778232.7  100608.0 51197.0    301   37.758   1      7.204   44.961
90880.0 95680.0  0.0   352.0  7493376.0 2365899.6 15379136.0 5778232.7  100608.0 51197.0    301   37.758   1      7.204   44.961
90880.0 95680.0  0.0   352.0  7493376.0 2365949.2 15379136.0 5778232.7  100608.0 51197.0    301   37.758   1      7.204   44.961
90880.0 95680.0  0.0   352.0  7493376.0 2365969.6 15379136.0 5778232.7  100608.0 51197.0    301   37.758   1      7.204   44.961
90880.0 95680.0  0.0   352.0  7493376.0 2365985.8 15379136.0 5778232.7  100608.0 51197.0    301   37.758   1      7.204   44.961
90880.0 95680.0  0.0   352.0  7493376.0 2366006.1 15379136.0 5778232.7  100608.0 51197.0    301   37.758   1      7.204   44.961
90880.0 95680.0  0.0   352.0  7493376.0 2366024.5 15379136.0 5778232.7  100608.0 51197.3    301   37.758   1      7.204   44.961
90880.0 95680.0  0.0   352.0  7493376.0 4115234.3 15379136.0 5778232.7  100608.0 51200.0    301   37.758   1      7.204   44.961
90880.0 100288.0 61776.1  0.0   7488960.0 5476208.8 15379136.0 5811072.8  100608.0 51200.3    302   37.800   1      7.204   45.004
107264.0 60928.0  0.0   60889.4 7488960.0 7312469.8 15379136.0 5815105.8  100608.0 51200.3    303   37.835   1      7.204   45.039
101696.0 105152.0  0.0   160.0  7477120.0 2283449.6 15379136.0 5856164.2  100608.0 51200.3    305   37.900   1      7.204   45.104
101696.0 97856.0 320.0   0.0   7489984.0 4420568.4 15379136.0 5856228.2  100608.0 51200.6    306   37.929   1      7.204   45.133
93760.0 97856.0  0.0   288.0  7489984.0 7023125.9 15379136.0 5856276.2  100608.0 51200.6    307   37.958   1      7.204   45.162
82816.0 86784.0  0.0   2176.2 7508992.0 1104077.7 15379136.0 5856412.2  100608.0 51202.1    309   38.017   1      7.204   45.221
82816.0 100480.0 82674.0  0.0   7488576.0 2799773.6 15379136.0 5858362.1  100608.0 51202.1    310   38.054   1      7.204   45.258
96832.0 100480.0  0.0   288.0  7488576.0 5031780.0 15379136.0 5940872.2  100608.0 51202.1    311   38.090   1      7.204   45.294
88768.0 92864.0  0.0   288.0  7499840.0   0.0    15379136.0 5941285.9  100608.0 51202.1    313   38.149   1      7.204   45.353
88768.0 84544.0 256.0   0.0   7516224.0 2407128.3 15379136.0 5941333.9  100608.0 51202.3    314   38.179   1      7.204   45.383
80320.0 84544.0  0.0   288.0  7516224.0 4629971.9 15379136.0 5941397.9  100608.0 51202.3    315   38.210   1      7.204   45.414
80320.0 76032.0 320.0   0.0   7533184.0 5796719.1 15379136.0 5941461.9  100608.0 51202.5    316   38.239   1      7.204   45.443
71872.0 76032.0  0.0   352.0  7533184.0 582900.7 15379136.0 5941533.9  100608.0 51202.5    317   38.269   1      7.204   45.473
71872.0 76032.0  0.0   352.0  7533184.0 583926.1 15379136.0 5941533.9  100608.0 51202.5    317   38.269   1      7.204   45.473
71872.0 76032.0  0.0   352.0  7533184.0 583977.8 15379136.0 5941533.9  100608.0 51202.5    317   38.269   1      7.204   45.473
71872.0 76032.0  0.0   352.0  7533184.0 660832.6 15379136.0 5941533.9  100608.0 51202.5    317   38.269   1      7.204   45.473
71872.0 76032.0  0.0   352.0  7533184.0 660855.0 15379136.0 5941533.9  100608.0 51202.5    317   38.269   1      7.204   45.473
71872.0 76032.0  0.0   352.0  7533184.0 660873.2 15379136.0 5941533.9  100608.0 51202.5    317   38.269   1      7.204   45.473
71872.0 76032.0  0.0   352.0  7533184.0 660891.4 15379136.0 5941533.9  100608.0 51202.5    317   38.269   1      7.204   45.473
71872.0 76032.0  0.0   352.0  7533184.0 660938.4 15379136.0 5941533.9  100608.0 51202.5    317   38.269   1      7.204   45.473
71872.0 76032.0  0.0   352.0  7533184.0 660960.7 15379136.0 5941533.9  100608.0 51202.5    317   38.269   1      7.204   45.473
71872.0 76032.0  0.0   352.0  7533184.0 660976.9 15379136.0 5941533.9  100608.0 51202.5    317   38.269   1      7.204   45.473
71872.0 76032.0  0.0   352.0  7533184.0 660997.3 15379136.0 5941533.9  100608.0 51202.5    317   38.269   1      7.204   45.473
71872.0 76032.0  0.0   352.0  7533184.0 661015.5 15379136.0 5941533.9  100608.0 51202.5    317   38.269   1      7.204   45.473
71872.0 76032.0  0.0   352.0  7533184.0 661060.9 15379136.0 5941533.9  100608.0 51202.5    317   38.269   1      7.204   45.473
71872.0 76032.0  0.0   352.0  7533184.0 661079.1 15379136.0 5941533.9  100608.0 51202.5    317   38.269   1      7.204   45.473
71872.0 76032.0  0.0   352.0  7533184.0 661099.6 15379136.0 5941533.9  100608.0 51202.5    317   38.269   1      7.204   45.473
71872.0 76032.0  0.0   352.0  7533184.0 661115.9 15379136.0 5941533.9  100608.0 51202.5    317   38.269   1      7.204   45.473
71872.0 76032.0  0.0   352.0  7533184.0 661164.9 15379136.0 5941533.9  100608.0 51202.5    317   38.269   1      7.204   45.473
71872.0 76032.0  0.0   352.0  7533184.0 661213.6 15379136.0 5941533.9  100608.0 51202.5    317   38.269   1      7.204   45.473
71872.0 76032.0  0.0   352.0  7533184.0 661231.8 15379136.0 5941533.9  100608.0 51202.5    317   38.269   1      7.204   45.473
71872.0 76032.0  0.0   352.0  7533184.0 661252.2 15379136.0 5941533.9  100608.0 51202.5    317   38.269   1      7.204   45.473
71872.0 76032.0  0.0   352.0  7533184.0 6473760.0 15379136.0 5941533.9  100608.0 51210.1    317   38.269   1      7.204   45.473
71872.0 84352.0 61668.6  0.0   7520832.0 7301188.3 15379136.0 6002539.6  100608.0 51210.3    318   38.312   1      7.204   45.516
86784.0 100608.0 41238.3  0.0   7488320.0 1136227.0 15379136.0 6149225.1  100608.0 51211.0    320   38.396   1      7.204   45.600
97216.0 100608.0  0.0   256.0  7488320.0 2619511.2 15379136.0 6190255.5  100608.0 51211.0    321   38.428   1      7.204   45.631
97216.0 93568.0 192.0   0.0   7498752.0 4274418.0 15379136.0 6190287.5  100608.0 51211.0    322   38.457   1      7.204   45.661
89600.0 93568.0  0.0   224.0  7498752.0 6110902.5 15379136.0 6190319.5  100608.0 51211.0    323   38.487   1      7.204   45.691
89600.0 104768.0 78462.3  0.0   7480000.0 6989295.2 15379136.0 6211303.0  100608.0 51213.5    324   38.526   1      7.204   45.730
111488.0 104448.0 20765.0  0.0   7473600.0 1702722.0 15379136.0 6234109.5  100608.0 51213.9    326   38.591   1      7.204   45.794
101376.0 104448.0  0.0   320.0  7473600.0 3912500.7 15379136.0 6254650.4  100608.0 51214.1    327   38.621   1      7.204   45.825
101376.0 97920.0 320.0   0.0   7490240.0 5954925.0 15379136.0 6254706.4  100608.0 51214.1    328   38.651   1      7.204   45.855
94080.0 90112.0 224.0   0.0   7505344.0 188115.7 15379136.0 6254842.4  100608.0 51214.1    330   38.710   1      7.204   45.914
94080.0 90112.0 224.0   0.0   7505344.0 2952680.3 15379136.0 6254842.4  100608.0 51214.1    330   38.710   1      7.204   45.914
94080.0 90112.0 224.0   0.0   7505344.0 2952727.4 15379136.0 6254842.4  100608.0 51214.1    330   38.710   1      7.204   45.914
94080.0 90112.0 224.0   0.0   7505344.0 2952751.7 15379136.0 6254842.4  100608.0 51214.1    330   38.710   1      7.204   45.914
94080.0 90112.0 224.0   0.0   7505344.0 2952772.0 15379136.0 6254842.4  100608.0 51214.1    330   38.710   1      7.204   45.914
94080.0 90112.0 224.0   0.0   7505344.0 2952790.3 15379136.0 6254842.4  100608.0 51214.1    330   38.710   1      7.204   45.914
94080.0 90112.0 224.0   0.0   7505344.0 2952810.6 15379136.0 6254842.4  100608.0 51214.1    330   38.710   1      7.204   45.914
94080.0 90112.0 224.0   0.0   7505344.0 2952856.1 15379136.0 6254842.4  100608.0 51214.1    330   38.710   1      7.204   45.914
94080.0 90112.0 224.0   0.0   7505344.0 2952874.4 15379136.0 6254842.4  100608.0 51214.1    330   38.710   1      7.204   45.914
94080.0 90112.0 224.0   0.0   7505344.0 2952894.7 15379136.0 6254842.4  100608.0 51214.1    330   38.710   1      7.204   45.914
94080.0 90112.0 224.0   0.0   7505344.0 2952913.0 15379136.0 6254842.4  100608.0 51214.1    330   38.710   1      7.204   45.914
94080.0 90112.0 224.0   0.0   7505344.0 2952933.3 15379136.0 6254842.4  100608.0 51214.1    330   38.710   1      7.204   45.914
94080.0 90112.0 224.0   0.0   7505344.0 2952977.4 15379136.0 6254842.4  100608.0 51214.1    330   38.710   1      7.204   45.914
94080.0 90112.0 224.0   0.0   7505344.0 2952997.7 15379136.0 6254842.4  100608.0 51214.1    330   38.710   1      7.204   45.914
94080.0 90112.0 224.0   0.0   7505344.0 2953018.1 15379136.0 6254842.4  100608.0 51214.1    330   38.710   1      7.204   45.914
94080.0 90112.0 224.0   0.0   7505344.0 2953036.5 15379136.0 6254842.4  100608.0 51214.1    330   38.710   1      7.204   45.914
94080.0 90112.0 224.0   0.0   7505344.0 7505344.0 15379136.0 6254842.4  100608.0 51217.7    330   38.710   1      7.204   45.914
94208.0 89984.0  0.0   89976.3 7505344.0 7320957.0 15379136.0 6349264.8  100608.0 51218.5    332   38.771   1      7.204   45.975
118400.0 122240.0  0.0   288.0  7445056.0 1495853.9 15379136.0 6455822.3  100608.0 51218.5    333   38.849   1      7.204   46.053
118400.0 114048.0 224.0   0.0   7457088.0 3855046.6 15379136.0 6455886.3  100608.0 51218.9    334   38.879   1      7.204   46.083
109440.0 114048.0  0.0   224.0  7457088.0 6381745.6 15379136.0 6455934.3  100608.0 51218.9    335   38.910   1      7.204   46.113
103808.0 104576.0  0.0   41078.7 7475520.0 1381303.0 15379136.0 6456054.3  100608.0 51218.9    337   38.970   1      7.204   46.174
103808.0 99200.0 1536.1  0.0   7486528.0 3330168.0 15379136.0 6456118.3  100608.0 51224.7    338   39.000   1      7.204   46.204
99520.0 99200.0  0.0   42460.7 7486528.0 5388877.4 15379136.0 6457444.1  100608.0 51224.7    339   39.032   1      7.204   46.235
91392.0 95616.0  0.0   896.1  7494400.0 583427.1 15379136.0 6499784.9  100608.0 51224.7    341   39.092   1      7.204   46.296
91392.0 87232.0 224.0   0.0   7510912.0 2936216.9 15379136.0 6500470.6  100608.0 51224.7    342   39.123   1      7.204   46.326
82944.0 87232.0  0.0   288.0  7510912.0 5140317.1 15379136.0 6500526.6  100608.0 51224.7    343   39.153   1      7.204   46.356
82944.0 78656.0 288.0   0.0   7527936.0 7218557.6 15379136.0 6500566.6  100608.0 51225.4    344   39.183   1      7.204   46.386
74368.0 78656.0  0.0   320.0  7527936.0 4261794.0 15379136.0 6500622.6  100608.0 51225.4    345   39.213   1      7.204   46.417
74368.0 78656.0  0.0   320.0  7527936.0 4325692.3 15379136.0 6500622.6  100608.0 51225.4    345   39.213   1      7.204   46.417
74368.0 78656.0  0.0   320.0  7527936.0 4325718.8 15379136.0 6500622.6  100608.0 51225.4    345   39.213   1      7.204   46.417
74368.0 78656.0  0.0   320.0  7527936.0 4325739.2 15379136.0 6500622.6  100608.0 51225.4    345   39.213   1      7.204   46.417
74368.0 78656.0  0.0   320.0  7527936.0 4325782.4 15379136.0 6500622.6  100608.0 51225.4    345   39.213   1      7.204   46.417
74368.0 78656.0  0.0   320.0  7527936.0 4325800.7 15379136.0 6500622.6  100608.0 51225.4    345   39.213   1      7.204   46.417
74368.0 78656.0  0.0   320.0  7527936.0 4325818.9 15379136.0 6500622.6  100608.0 51225.4    345   39.213   1      7.204   46.417
74368.0 78656.0  0.0   320.0  7527936.0 4325839.2 15379136.0 6500622.6  100608.0 51225.4    345   39.213   1      7.204   46.417
74368.0 78656.0  0.0   320.0  7527936.0 4325857.5 15379136.0 6500622.6  100608.0 51225.4    345   39.213   1      7.204   46.417
74368.0 78656.0  0.0   320.0  7527936.0 4325907.3 15379136.0 6500622.6  100608.0 51225.4    345   39.213   1      7.204   46.417
74368.0 78656.0  0.0   320.0  7527936.0 4325925.7 15379136.0 6500622.6  100608.0 51225.4    345   39.213   1      7.204   46.417
74368.0 78656.0  0.0   320.0  7527936.0 4325946.0 15379136.0 6500622.6  100608.0 51225.4    345   39.213   1      7.204   46.417
74368.0 78656.0  0.0   320.0  7527936.0 4325962.4 15379136.0 6500622.6  100608.0 51225.4    345   39.213   1      7.204   46.417
74368.0 78656.0  0.0   320.0  7527936.0 4325982.8 15379136.0 6500622.6  100608.0 51225.4    345   39.213   1      7.204   46.417
74368.0 78656.0  0.0   320.0  7527936.0 4326027.4 15379136.0 6500622.6  100608.0 51225.4    345   39.213   1      7.204   46.417
74368.0 78656.0  0.0   320.0  7527936.0 4326049.9 15379136.0 6500622.6  100608.0 51225.4    345   39.213   1      7.204   46.417
74368.0 78656.0  0.0   320.0  7527936.0 4326094.7 15379136.0 6500622.6  100608.0 51225.4    345   39.213   1      7.204   46.417
74368.0 78656.0  0.0   320.0  7527936.0 6372363.3 15379136.0 6500622.6  100608.0 51228.0    345   39.213   1      7.204   46.417
74368.0 90624.0 72864.5  0.0   7508288.0 6917347.1 15379136.0 6500686.6  100608.0 51228.0    346   39.249   1      7.204   46.452
98752.0 104960.0 41060.7  0.0   7479616.0 1197272.2 15379136.0 6649209.3  100608.0 51228.0    348   39.344   1      7.204   46.548
101504.0 104960.0  0.0   256.0  7479616.0 3482161.8 15379136.0 6690062.0  100608.0 51228.0    349   39.376   1      7.204   46.580
101504.0 97728.0 224.0   0.0   7490304.0 5507063.5 15379136.0 6690110.0  100608.0 51228.0    350   39.407   1      7.204   46.610
93696.0 86720.0 16672.0  0.0   7509120.0 612005.3 15379136.0 6690206.0  100608.0 51229.0    352   39.474   1      7.204   46.677
95040.0 59840.0  0.0   59823.2 7509120.0 2220234.7 15379136.0 6690278.0  100608.0 51229.0    353   39.509   1      7.204   46.713
95040.0 94976.0 42460.7  0.0   7499520.0 3725326.1 15379136.0 6691611.8  100608.0 51229.6    354   39.541   1      7.204   46.745
92224.0 94976.0  0.0   256.0  7499520.0 5976532.4 15379136.0 6733896.6  100608.0 51229.6    355   39.575   1      7.204   46.778
85568.0 89024.0  0.0   224.0  7508288.0 960567.5 15379136.0 6734000.6  100608.0 51229.6    357   39.636   1      7.204   46.840
85568.0 81920.0 256.0   0.0   7522048.0 3243197.1 15379136.0 6734056.6  100608.0 51229.6    358   39.668   1      7.204   46.871
78144.0 81920.0  0.0   288.0  7522048.0 2156515.3 15379136.0 6734112.6  100608.0 51231.6    359   39.699   1      7.204   46.903
78144.0 81920.0  0.0   288.0  7522048.0 3267022.6 15379136.0 6734112.6  100608.0 51233.1    359   39.699   1      7.204   46.903
78144.0 81920.0  0.0   288.0  7522048.0 3267040.8 15379136.0 6734112.6  100608.0 51233.1    359   39.699   1      7.204   46.903
78144.0 81920.0  0.0   288.0  7522048.0 3267067.3 15379136.0 6734112.6  100608.0 51233.1    359   39.699   1      7.204   46.903
78144.0 81920.0  0.0   288.0  7522048.0 3267085.7 15379136.0 6734112.6  100608.0 51233.1    359   39.699   1      7.204   46.903
78144.0 81920.0  0.0   288.0  7522048.0 3267106.2 15379136.0 6734112.6  100608.0 51233.1    359   39.699   1      7.204   46.903
78144.0 81920.0  0.0   288.0  7522048.0 3267147.3 15379136.0 6734112.6  100608.0 51233.1    359   39.699   1      7.204   46.903
78144.0 81920.0  0.0   288.0  7522048.0 3267167.6 15379136.0 6734112.6  100608.0 51233.1    359   39.699   1      7.204   46.903
78144.0 81920.0  0.0   288.0  7522048.0 3267187.8 15379136.0 6734112.6  100608.0 51233.1    359   39.699   1      7.204   46.903
78144.0 81920.0  0.0   288.0  7522048.0 3267206.2 15379136.0 6734112.6  100608.0 51233.1    359   39.699   1      7.204   46.903
78144.0 81920.0  0.0   288.0  7522048.0 3267224.4 15379136.0 6734112.6  100608.0 51233.1    359   39.699   1      7.204   46.903
78144.0 81920.0  0.0   288.0  7522048.0 3267273.7 15379136.0 6734112.6  100608.0 51233.1    359   39.699   1      7.204   46.903
78144.0 81920.0  0.0   288.0  7522048.0 3267291.9 15379136.0 6734112.6  100608.0 51233.1    359   39.699   1      7.204   46.903
78144.0 81920.0  0.0   288.0  7522048.0 3267312.3 15379136.0 6734112.6  100608.0 51233.1    359   39.699   1      7.204   46.903
78144.0 81920.0  0.0   288.0  7522048.0 3454991.1 15379136.0 6734112.6  100608.0 51242.5    359   39.699   1      7.204   46.903
78144.0 90880.0 66402.7  0.0   7507776.0 2330335.4 15379136.0 6795410.4  100608.0 51242.5    360   39.745   1      7.204   46.949
87168.0 90880.0  0.0   256.0  7507776.0 4154734.6 15379136.0 6882381.5  100608.0 51242.6    361   39.786   1      7.204   46.990
87168.0 104128.0 82614.8  0.0   7481280.0 6517195.0 15379136.0 6882441.5  100608.0 51242.6    362   39.825   1      7.204   47.029
100288.0 96192.0 224.0   0.0   7493056.0 1513836.0 15379136.0 6964864.4  100608.0 51242.6    364   39.899   1      7.204   47.103
91904.0 96192.0  0.0   256.0  7493056.0 3796359.7 15379136.0 6964920.4  100608.0 51242.6    365   39.930   1      7.204   47.134
91904.0 109824.0 86251.4  0.0   7469888.0 5213178.5 15379136.0 6981344.4  100608.0 51242.9    366   39.982   1      7.204   47.186
102272.0 109824.0  0.0   19200.3 7469888.0 6570233.6 15379136.0 6981384.4  100608.0 51245.2    367   40.014   1      7.204   47.218
104832.0 108224.0  0.0   576.0  7473088.0 1826254.3 15379136.0 7065274.2  100608.0 51245.4    369   40.089   1      7.204   47.292
104832.0 101120.0 256.0   0.0   7483584.0 4137827.4 15379136.0 7065634.3  100608.0 51245.4    370   40.120   1      7.204   47.323
97088.0 101120.0  0.0   288.0  7483584.0 6643020.1 15379136.0 7065690.3  100608.0 51245.4    371   40.151   1      7.204   47.355
88512.0 92864.0  0.0   320.0  7499584.0 1509545.5 15379136.0 7065802.3  100608.0 51245.9    373   40.214   1      7.204   47.418
88512.0 92864.0  0.0   320.0  7499584.0 7169348.9 15379136.0 7065802.3  100608.0 51245.9    373   40.214   1      7.204   47.418
88512.0 84096.0 352.0   0.0   7516928.0 217935.3 15379136.0 7065874.3  100608.0 51245.9    374   40.246   1      7.204   47.450
88512.0 84096.0 352.0   0.0   7516928.0 217963.8 15379136.0 7065874.3  100608.0 51245.9    374   40.246   1      7.204   47.450
88512.0 84096.0 352.0   0.0   7516928.0 217982.1 15379136.0 7065874.3  100608.0 51245.9    374   40.246   1      7.204   47.450
88512.0 84096.0 352.0   0.0   7516928.0 218002.4 15379136.0 7065874.3  100608.0 51245.9    374   40.246   1      7.204   47.450
88512.0 84096.0 352.0   0.0   7516928.0 218045.1 15379136.0 7065874.3  100608.0 51245.9    374   40.246   1      7.204   47.450
88512.0 84096.0 352.0   0.0   7516928.0 218065.4 15379136.0 7065874.3  100608.0 51245.9    374   40.246   1      7.204   47.450
88512.0 84096.0 352.0   0.0   7516928.0 218083.6 15379136.0 7065874.3  100608.0 51245.9    374   40.246   1      7.204   47.450
88512.0 84096.0 352.0   0.0   7516928.0 218101.9 15379136.0 7065874.3  100608.0 51245.9    374   40.246   1      7.204   47.450
88512.0 84096.0 352.0   0.0   7516928.0 218124.3 15379136.0 7065874.3  100608.0 51245.9    374   40.246   1      7.204   47.450
88512.0 84096.0 352.0   0.0   7516928.0 218171.4 15379136.0 7065874.3  100608.0 51245.9    374   40.246   1      7.204   47.450
88512.0 84096.0 352.0   0.0   7516928.0 218191.8 15379136.0 7065874.3  100608.0 51245.9    374   40.246   1      7.204   47.450
88512.0 84096.0 352.0   0.0   7516928.0 218210.0 15379136.0 7065874.3  100608.0 51245.9    374   40.246   1      7.204   47.450
88512.0 84096.0 352.0   0.0   7516928.0 218230.3 15379136.0 7065874.3  100608.0 51245.9    374   40.246   1      7.204   47.450
88512.0 84096.0 352.0   0.0   7516928.0 4635607.1 15379136.0 7065874.3  100608.0 51246.3    374   40.246   1      7.204   47.450
95872.0 65600.0  0.0   65548.9 7516928.0 5535559.5 15379136.0 7168455.2  100608.0 51246.3    375   40.295   1      7.204   47.499
92288.0 95936.0  0.0   256.0  7497664.0 180562.7 15379136.0 7273739.4  100608.0 51246.3    377   40.367   1      7.204   47.570
92288.0 88384.0 256.0   0.0   7508864.0 2790246.4 15379136.0 7273803.4  100608.0 51246.3    378   40.399   1      7.204   47.603
84352.0 88384.0  0.0   224.0  7508864.0 5014059.5 15379136.0 7273851.4  100608.0 51246.3    379   40.431   1      7.204   47.635
84352.0 80256.0 288.0   0.0   7524928.0 7467495.3 15379136.0 7273907.4  100608.0 51246.3    381   40.463   1      7.204   47.667
94016.0 110400.0 84282.2  0.0   7468736.0 393510.1 15379136.0 7294719.0  100608.0 51246.3    382   40.541   1      7.204   47.745
102976.0 110400.0  0.0   20701.0 7468736.0 2696326.6 15379136.0 7337848.1  100608.0 51246.3    383   40.580   1      7.204   47.783
102976.0 99648.0 288.0   0.0   7486912.0 4822666.4 15379136.0 7358409.1  100608.0 51246.3    384   40.612   1      7.204   47.816
95936.0 99648.0  0.0   288.0  7486912.0 7285826.6 15379136.0 7358457.1  100608.0 51246.3    386   40.644   1      7.204   47.847
87872.0 92032.0  0.0   256.0  7501568.0 2108426.1 15379136.0 7358577.1  100608.0 51246.3    387   40.708   1      7.204   47.911
87872.0 92032.0  0.0   256.0  7501568.0 6826279.2 15379136.0 7358577.1  100608.0 51246.3    387   40.708   1      7.204   47.911
87872.0 92032.0  0.0   256.0  7501568.0 6826303.7 15379136.0 7358577.1  100608.0 51246.3    387   40.708   1      7.204   47.911
87872.0 92032.0  0.0   256.0  7501568.0 6826322.0 15379136.0 7358577.1  100608.0 51246.3    387   40.708   1      7.204   47.911
87872.0 92032.0  0.0   256.0  7501568.0 6826346.4 15379136.0 7358577.1  100608.0 51246.3    387   40.708   1      7.204   47.911
87872.0 92032.0  0.0   256.0  7501568.0 6826366.8 15379136.0 7358577.1  100608.0 51246.3    387   40.708   1      7.204   47.911
87872.0 92032.0  0.0   256.0  7501568.0 6826408.8 15379136.0 7358577.1  100608.0 51246.3    387   40.708   1      7.204   47.911
87872.0 92032.0  0.0   256.0  7501568.0 6826429.0 15379136.0 7358577.1  100608.0 51246.3    387   40.708   1      7.204   47.911
87872.0 92032.0  0.0   256.0  7501568.0 6826449.7 15379136.0 7358577.1  100608.0 51246.3    387   40.708   1      7.204   47.911
87872.0 92032.0  0.0   256.0  7501568.0 6826470.1 15379136.0 7358577.1  100608.0 51246.3    387   40.708   1      7.204   47.911
87872.0 92032.0  0.0   256.0  7501568.0 6826488.4 15379136.0 7358577.1  100608.0 51246.3    387   40.708   1      7.204   47.911
87872.0 92032.0  0.0   256.0  7501568.0 6826533.7 15379136.0 7358577.1  100608.0 51246.3    387   40.708   1      7.204   47.911
87872.0 92032.0  0.0   256.0  7501568.0 6826549.9 15379136.0 7358577.1  100608.0 51246.3    387   40.708   1      7.204   47.911
87872.0 92032.0  0.0   256.0  7501568.0 6826570.2 15379136.0 7358577.1  100608.0 51246.7    387   40.708   1      7.204   47.911
87872.0 92032.0  0.0   256.0  7501568.0 6826588.5 15379136.0 7358577.1  100608.0 51246.7    387   40.708   1      7.204   47.911
87872.0 92032.0  0.0   256.0  7501568.0 6826615.0 15379136.0 7358577.1  100608.0 51246.7    387   40.708   1      7.204   47.911
87872.0 92032.0  0.0   256.0  7501568.0 6826671.7 15379136.0 7358577.1  100608.0 51246.7    387   40.708   1      7.204   47.911
87872.0 92032.0  0.0   256.0  7501568.0 6826694.1 15379136.0 7358577.1  100608.0 51246.7    387   40.708   1      7.204   47.911
87872.0 92032.0  0.0   256.0  7501568.0 6826714.3 15379136.0 7358577.1  100608.0 51246.7    387   40.708   1      7.204   47.911
87872.0 81920.0 10464.5  0.0   7519744.0 1263369.8 15379136.0 7358625.1  100608.0 51249.3    388   40.740   1      7.204   47.944
87872.0 81920.0  0.0   81898.7 7519744.0 2288692.1 15379136.0 7444690.4  100608.0 51249.5    389   40.788   1      7.204   47.992
87872.0 139712.0 80890.1  0.0   7410112.0 3233938.9 15379136.0 7567948.4  100608.0 51249.5    390   40.845   1      7.204   48.049
131392.0 139712.0  0.0   41879.2 7410112.0 5267627.7 15379136.0 7689009.1  100608.0 51249.5    391   40.891   1      7.204   48.095
124352.0 128192.0  0.0   288.0  7429952.0 575766.6 15379136.0 7689121.1  100608.0 51249.5    393   40.956   1      7.204   48.160
124352.0 120000.0 288.0   0.0   7445184.0 3136059.2 15379136.0 7689193.1  100608.0 51249.5    394   40.988   1      7.204   48.192
115904.0 120000.0  0.0   41078.7 7445184.0 5050722.9 15379136.0 7689257.1  100608.0 51250.5    395   41.022   1      7.204   48.226
108416.0 111424.0  0.0   40988.5 7462208.0   0.0    15379136.0 7692496.0  100608.0 51250.5    397   41.087   1      7.204   48.291
108416.0 104960.0 288.0   0.0   7476160.0 2704295.8 15379136.0 7733248.6  100608.0 51250.5    398   41.120   1      7.204   48.324
101056.0 104960.0  0.0   640.0  7476160.0 4823963.2 15379136.0 7733280.6  100608.0 51250.5    399   41.153   1      7.204   48.356
101056.0 96896.0 288.0   0.0   7491584.0 7484680.9 15379136.0 7733646.3  100608.0 51250.5    401   41.185   1      7.204   48.388
92608.0 88192.0 320.0   0.0   7508736.0 2489264.2 15379136.0 7733758.3  100608.0 51250.5    402   41.249   1      7.204   48.453
92608.0 88192.0 320.0   32.0  7508736.0 7508736.0 15379136.0 7733766.3  100608.0 51250.5    403   41.249   1      7.204   48.453
83776.0 88192.0  0.0   352.0  7508736.0 866361.3 15379136.0 7733822.3  100608.0 51250.5    403   41.282   1      7.204   48.486
83776.0 88192.0  0.0   352.0  7508736.0 866379.6 15379136.0 7733822.3  100608.0 51250.5    403   41.282   1      7.204   48.486
83776.0 88192.0  0.0   352.0  7508736.0 866402.8 15379136.0 7733822.3  100608.0 51250.5    403   41.282   1      7.204   48.486
83776.0 88192.0  0.0   352.0  7508736.0 866421.8 15379136.0 7733822.3  100608.0 51250.5    403   41.282   1      7.204   48.486
83776.0 88192.0  0.0   352.0  7508736.0 866466.7 15379136.0 7733822.3  100608.0 51250.5    403   41.282   1      7.204   48.486
83776.0 88192.0  0.0   352.0  7508736.0 866485.8 15379136.0 7733822.3  100608.0 51250.5    403   41.282   1      7.204   48.486
83776.0 88192.0  0.0   352.0  7508736.0 866506.9 15379136.0 7733822.3  100608.0 51250.5    403   41.282   1      7.204   48.486
83776.0 88192.0  0.0   352.0  7508736.0 866526.6 15379136.0 7733822.3  100608.0 51250.5    403   41.282   1      7.204   48.486
83776.0 88192.0  0.0   352.0  7508736.0 866548.9 15379136.0 7733822.3  100608.0 51250.5    403   41.282   1      7.204   48.486
83776.0 88192.0  0.0   352.0  7508736.0 866589.0 15379136.0 7733822.3  100608.0 51250.5    403   41.282   1      7.204   48.486
83776.0 88192.0  0.0   352.0  7508736.0 866611.2 15379136.0 7733822.3  100608.0 51250.5    403   41.282   1      7.204   48.486
83776.0 88192.0  0.0   352.0  7508736.0 866629.4 15379136.0 7733822.3  100608.0 51250.5    403   41.282   1      7.204   48.486
83776.0 88192.0  0.0   352.0  7508736.0 5949030.2 15379136.0 7733822.3  100608.0 51252.1    403   41.282   1      7.204   48.486
83776.0 95552.0 65272.2  0.0   7498432.0 6778890.4 15379136.0 7896610.8  100608.0 51252.1    404   41.341   1      7.204   48.545
107968.0 107328.0 192.0   0.0   7474240.0 1262261.7 15379136.0 7962909.9  100608.0 51252.1    406   41.418   1      7.204   48.622
102912.0 107328.0  0.0   288.0  7474240.0 3603564.4 15379136.0 7962957.9  100608.0 51252.1    407   41.451   1      7.204   48.654
102912.0 98304.0 288.0   0.0   7488320.0 5936233.4 15379136.0 7963013.9  100608.0 51252.1    408   41.483   1      7.204   48.687
93568.0 100800.0 57462.7  0.0   7487936.0 841112.7 15379136.0 7963141.9  100608.0 51252.1    410   41.550   1      7.204   48.754
116352.0 84800.0  0.0   84778.7 7487936.0 1926635.4 15379136.0 7963197.9  100608.0 51252.1    411   41.588   1      7.204   48.792
116352.0 108544.0 21405.0  0.0   7464640.0 4179576.3 15379136.0 7985643.5  100608.0 51252.1    412   41.622   1      7.204   48.825
104960.0 108544.0  0.0   288.0  7464640.0 6657998.6 15379136.0 8006812.6  100608.0 51252.1    413   41.654   1      7.204   48.858
96768.0 100992.0  0.0   288.0  7483584.0 1815356.7 15379136.0 8006900.6  100608.0 51252.1    415   41.719   1      7.204   48.923
96768.0 92352.0 224.0   0.0   7500416.0 4185794.1 15379136.0 8006940.6  100608.0 51252.1    416   41.751   1      7.204   48.955
87936.0 92352.0  0.0   256.0  7500416.0 20929.1  15379136.0 8006988.6  100608.0 51252.2    417   41.784   1      7.204   48.988
87936.0 92352.0  0.0   256.0  7500416.0 252930.5 15379136.0 8006988.6  100608.0 51252.2    417   41.784   1      7.204   48.988
87936.0 92352.0  0.0   256.0  7500416.0 252952.8 15379136.0 8006988.6  100608.0 51252.2    417   41.784   1      7.204   48.988
87936.0 92352.0  0.0   256.0  7500416.0 252971.0 15379136.0 8006988.6  100608.0 51252.2    417   41.784   1      7.204   48.988
87936.0 92352.0  0.0   256.0  7500416.0 252989.4 15379136.0 8006988.6  100608.0 51252.2    417   41.784   1      7.204   48.988
87936.0 92352.0  0.0   256.0  7500416.0 253009.9 15379136.0 8006988.6  100608.0 51252.2    417   41.784   1      7.204   48.988
87936.0 92352.0  0.0   256.0  7500416.0 253056.0 15379136.0 8006988.6  100608.0 51252.2    417   41.784   1      7.204   48.988
87936.0 92352.0  0.0   256.0  7500416.0 253076.4 15379136.0 8006988.6  100608.0 51252.2    417   41.784   1      7.204   48.988
87936.0 92352.0  0.0   256.0  7500416.0 253092.7 15379136.0 8006988.6  100608.0 51252.2    417   41.784   1      7.204   48.988
87936.0 92352.0  0.0   256.0  7500416.0 253115.0 15379136.0 8006988.6  100608.0 51252.2    417   41.784   1      7.204   48.988
87936.0 92352.0  0.0   256.0  7500416.0 253135.3 15379136.0 8006988.6  100608.0 51252.2    417   41.784   1      7.204   48.988
87936.0 92352.0  0.0   256.0  7500416.0 253177.7 15379136.0 8006988.6  100608.0 51252.2    417   41.784   1      7.204   48.988
87936.0 92352.0  0.0   256.0  7500416.0 253196.1 15379136.0 8006988.6  100608.0 51252.2    417   41.784   1      7.204   48.988
87936.0 92352.0  0.0   256.0  7500416.0 253216.4 15379136.0 8006988.6  100608.0 51252.2    417   41.784   1      7.204   48.988
87936.0 92352.0  0.0   256.0  7500416.0 253234.6 15379136.0 8006988.6  100608.0 51252.2    417   41.784   1      7.204   48.988
87936.0 92352.0  0.0   256.0  7500416.0 3099592.7 15379136.0 8006988.6  100608.0 51252.9    417   41.784   1      7.204   48.988
87936.0 103616.0 77999.2  0.0   7482304.0 3855111.9 15379136.0 8170086.8  100608.0 51252.9    418   41.850   1      7.204   49.053
102656.0 103616.0  0.0   41592.6 7482304.0 5749530.7 15379136.0 8256112.5  100608.0 51252.9    419   41.898   1      7.204   49.102
94848.0 98880.0  0.0   256.0  7488000.0 890072.0 15379136.0 8318912.1  100608.0 51252.9    421   41.969   1      7.204   49.172
94848.0 90624.0 256.0   0.0   7504064.0 3373855.0 15379136.0 8318952.1  100608.0 51252.9    422   42.002   1      7.204   49.206
86272.0 90624.0  0.0   288.0  7504064.0 5719982.1 15379136.0 8318992.1  100608.0 51252.9    423   42.036   1      7.204   49.240
84160.0 88576.0  0.0   3104.3 7512384.0 228011.7 15379136.0 8319096.1  100608.0 51254.6    425   42.103   1      7.204   49.307
84160.0 93952.0 61459.3  0.0   7501632.0 2455370.1 15379136.0 8321947.0  100608.0 51254.6    426   42.139   1      7.204   49.343
90240.0 93952.0  0.0   320.0  7501632.0 4603788.0 15379136.0 8383126.4  100608.0 51254.6    427   42.175   1      7.204   49.379
90240.0 86272.0 864.1   0.0   7513024.0 6939237.6 15379136.0 8383182.4  100608.0 51254.6    428   42.208   1      7.204   49.412
82304.0 78272.0 256.0   0.0   7528960.0 1953940.5 15379136.0 8383929.1  100608.0 51254.6    430   42.275   1      7.204   49.479
74240.0 78272.0  0.0   224.0  7528960.0 4063584.3 15379136.0 8383961.1  100608.0 51254.6    431   42.308   1      7.204   49.511
74240.0 70272.0 256.0   0.0   7545024.0 3746779.1 15379136.0 8384041.1  100608.0 51257.2    432   42.341   1      7.204   49.545
74240.0 70272.0 256.0   0.0   7545024.0 6090205.8 15379136.0 8384041.1  100608.0 51257.6    432   42.341   1      7.204   49.545
74240.0 70272.0 256.0   0.0   7545024.0 6105214.9 15379136.0 8384041.1  100608.0 51257.6    432   42.341   1      7.204   49.545
74240.0 70272.0 256.0   0.0   7545024.0 6105277.4 15379136.0 8384041.1  100608.0 51257.6    432   42.341   1      7.204   49.545
74240.0 70272.0 256.0   0.0   7545024.0 6105322.0 15379136.0 8384041.1  100608.0 51257.6    432   42.341   1      7.204   49.545
74240.0 70272.0 256.0   0.0   7545024.0 6105342.4 15379136.0 8384041.1  100608.0 51257.6    432   42.341   1      7.204   49.545
74240.0 70272.0 256.0   0.0   7545024.0 6105360.6 15379136.0 8384041.1  100608.0 51257.6    432   42.341   1      7.204   49.545
74240.0 70272.0 256.0   0.0   7545024.0 6105380.9 15379136.0 8384041.1  100608.0 51257.6    432   42.341   1      7.204   49.545
74240.0 70272.0 256.0   0.0   7545024.0 6105401.3 15379136.0 8384041.1  100608.0 51257.6    432   42.341   1      7.204   49.545
74240.0 70272.0 256.0   0.0   7545024.0 6105446.6 15379136.0 8384041.1  100608.0 51257.6    432   42.341   1      7.204   49.545
74240.0 70272.0 256.0   0.0   7545024.0 6105464.8 15379136.0 8384041.1  100608.0 51257.6    432   42.341   1      7.204   49.545
74240.0 70272.0 256.0   0.0   7545024.0 6105485.1 15379136.0 8384041.1  100608.0 51257.6    432   42.341   1      7.204   49.545
74240.0 70272.0 256.0   0.0   7545024.0 6105501.4 15379136.0 8384041.1  100608.0 51257.6    432   42.341   1      7.204   49.545
74240.0 70272.0 256.0   0.0   7545024.0 6105523.6 15379136.0 8384041.1  100608.0 51257.6    432   42.341   1      7.204   49.545
74240.0 70272.0 256.0   0.0   7545024.0 6105567.9 15379136.0 8384041.1  100608.0 51257.6    432   42.341   1      7.204   49.545
74240.0 70272.0 256.0   0.0   7545024.0 6105594.7 15379136.0 8384041.1  100608.0 51257.6    432   42.341   1      7.204   49.545
69248.0 70272.0  0.0   24672.4 7545024.0 1461075.0 15379136.0 8384097.1  100608.0 51257.7    433   42.374   1      7.204   49.578
69248.0 81600.0 61470.6  0.0   7526336.0 2198757.7 15379136.0 8506383.0  100608.0 51257.8    434   42.428   1      7.204   49.631
91328.0 61376.0  0.0   61321.1 7526336.0 3328072.8 15379136.0 8607471.7  100608.0 51257.8    435   42.476   1      7.204   49.680
91328.0 88128.0 224.0   0.0   7510080.0 5333450.3 15379136.0 8647773.3  100608.0 51257.8    436   42.511   1      7.204   49.715
84672.0 80960.0 320.0   0.0   7523904.0 151767.9 15379136.0 8647917.3  100608.0 51257.8    438   42.578   1      7.204   49.782
77184.0 80960.0  0.0   320.0  7523904.0 2584182.7 15379136.0 8647981.3  100608.0 51257.8    439   42.612   1      7.204   49.816
77184.0 80768.0 41110.7  0.0   7528000.0 4354175.7 15379136.0 8648037.3  100608.0 51257.8    440   42.647   1      7.204   49.851
84160.0 43712.0  0.0   43678.4 7528000.0 6286861.7 15379136.0 8648109.3  100608.0 51257.8    441   42.682   1      7.204   49.886
75584.0 78080.0  0.0   576.0  7527296.0 1412084.0 15379136.0 8712134.5  100608.0 51257.8    443   42.753   1      7.204   49.957
75584.0 72832.0 608.0   0.0   7541120.0 3705326.9 15379136.0 8712521.0  100608.0 51257.8    444   42.787   1      7.204   49.991
69888.0 72832.0  0.0   224.0  7541120.0 5950188.3 15379136.0 8712881.1  100608.0 51257.8    445   42.821   1      7.204   50.025
63680.0 66816.0  0.0   288.0  7552832.0 906307.9 15379136.0 8712993.1  100608.0 51257.8    447   42.888   1      7.204   50.092
63680.0 60480.0 288.0   0.0   7565376.0 915696.8 15379136.0 8713049.1  100608.0 51257.8    448   42.922   1      7.204   50.126
63680.0 60480.0 288.0   0.0   7565376.0 3784233.4 15379136.0 8713049.1  100608.0 51257.8    448   42.922   1      7.204   50.126
63680.0 60480.0 288.0   0.0   7565376.0 3784257.9 15379136.0 8713049.1  100608.0 51257.8    448   42.922   1      7.204   50.126
63680.0 60480.0 288.0   0.0   7565376.0 3784282.2 15379136.0 8713049.1  100608.0 51257.8    448   42.922   1      7.204   50.126
63680.0 60480.0 288.0   0.0   7565376.0 3784300.5 15379136.0 8713049.1  100608.0 51257.8    448   42.922   1      7.204   50.126
63680.0 60480.0 288.0   0.0   7565376.0 3784320.8 15379136.0 8713049.1  100608.0 51257.8    448   42.922   1      7.204   50.126
63680.0 60480.0 288.0   0.0   7565376.0 3784365.5 15379136.0 8713049.1  100608.0 51257.8    448   42.922   1      7.204   50.126
63680.0 60480.0 288.0   0.0   7565376.0 3784385.9 15379136.0 8713049.1  100608.0 51259.5    448   42.922   1      7.204   50.126
63680.0 60480.0 288.0   0.0   7565376.0 3784404.1 15379136.0 8713049.1  100608.0 51259.5    448   42.922   1      7.204   50.126
63680.0 60480.0 288.0   0.0   7565376.0 3784426.5 15379136.0 8713049.1  100608.0 51259.5    448   42.922   1      7.204   50.126
63680.0 60480.0 288.0   0.0   7565376.0 3784444.9 15379136.0 8713049.1  100608.0 51259.5    448   42.922   1      7.204   50.126
63680.0 60480.0 288.0   0.0   7565376.0 3784485.8 15379136.0 8713049.1  100608.0 51259.5    448   42.922   1      7.204   50.126
63680.0 60480.0 288.0   0.0   7565376.0 3784506.1 15379136.0 8713049.1  100608.0 51259.5    448   42.922   1      7.204   50.126
63680.0 60480.0 288.0   0.0   7565376.0 3784524.4 15379136.0 8713049.1  100608.0 51259.5    448   42.922   1      7.204   50.126
63680.0 60480.0 288.0   0.0   7565376.0 3784544.6 15379136.0 8713049.1  100608.0 51259.5    448   42.922   1      7.204   50.126
63680.0 60480.0 288.0   0.0   7565376.0 3784563.0 15379136.0 8713049.1  100608.0 51259.5    448   42.922   1      7.204   50.126
70784.0 53376.0  0.0   53344.4 7565376.0 2122178.9 15379136.0 8811401.1  100608.0 51261.6    449   42.976   1      7.204   50.180
70784.0 81216.0 57055.2  0.0   7527104.0 2633556.3 15379136.0 8979102.1  100608.0 51261.6    450   43.036   1      7.204   50.240
83392.0 41920.0  0.0   41911.2 7527104.0 3604826.4 15379136.0 9059904.6  100608.0 51261.6    451   43.081   1      7.204   50.285
83392.0 80832.0 256.0   0.0   7525312.0 6006299.5 15379136.0 9059952.7  100608.0 51261.6    452   43.115   1      7.204   50.319
77952.0 74816.0 288.0   0.0   7536768.0 1152139.6 15379136.0 9060048.7  100608.0 51261.6    454   43.184   1      7.204   50.388
81344.0 49472.0  0.0   49440.0 7536768.0 3082989.8 15379136.0 9060096.7  100608.0 51261.6    455   43.224   1      7.204   50.428
81344.0 80896.0 34720.2  0.0   7527296.0 4251152.4 15379136.0 9060160.7  100608.0 51263.5    456   43.261   1      7.204   50.465
82880.0 42240.0  0.0   42204.7 7527296.0 6604949.7 15379136.0 9061798.5  100608.0 51263.5    457   43.296   1      7.204   50.500
78080.0 80704.0  0.0   496.3  7525952.0 1575567.7 15379136.0 9103835.3  100608.0 51263.5    459   43.365   1      7.204   50.569
78080.0 75264.0 256.0   0.0   7536192.0 3710948.3 15379136.0 9104107.5  100608.0 51263.7    460   43.400   1      7.204   50.604
72192.0 75264.0  0.0   224.0  7536192.0 5792360.9 15379136.0 9104171.5  100608.0 51263.7    461   43.434   1      7.204   50.638
72192.0 69056.0 288.0   0.0   7548288.0 2270757.6 15379136.0 9104235.5  100608.0 51263.7    462   43.469   1      7.204   50.672
72192.0 69056.0 288.0   0.0   7548288.0 2462652.9 15379136.0 9104235.5  100608.0 51263.7    462   43.469   1      7.204   50.672
72192.0 69056.0 288.0   0.0   7548288.0 2462677.5 15379136.0 9104235.5  100608.0 51263.7    462   43.469   1      7.204   50.672
72192.0 69056.0 288.0   0.0   7548288.0 2462699.8 15379136.0 9104235.5  100608.0 51263.7    462   43.469   1      7.204   50.672
72192.0 69056.0 288.0   0.0   7548288.0 2462744.2 15379136.0 9104235.5  100608.0 51263.7    462   43.469   1      7.204   50.672
72192.0 69056.0 288.0   0.0   7548288.0 2462762.4 15379136.0 9104235.5  100608.0 51263.7    462   43.469   1      7.204   50.672
72192.0 69056.0 288.0   0.0   7548288.0 2462782.7 15379136.0 9104235.5  100608.0 51263.7    462   43.469   1      7.204   50.672
72192.0 69056.0 288.0   0.0   7548288.0 2462803.1 15379136.0 9104235.5  100608.0 51263.7    462   43.469   1      7.204   50.672
72192.0 69056.0 288.0   0.0   7548288.0 2462825.3 15379136.0 9104235.5  100608.0 51263.7    462   43.469   1      7.204   50.672
72192.0 69056.0 288.0   0.0   7548288.0 2462867.9 15379136.0 9104235.5  100608.0 51263.7    462   43.469   1      7.204   50.672
72192.0 69056.0 288.0   0.0   7548288.0 2462886.2 15379136.0 9104235.5  100608.0 51263.7    462   43.469   1      7.204   50.672
72192.0 69056.0 288.0   0.0   7548288.0 4696560.9 15379136.0 9104235.5  100608.0 51269.1    462   43.469   1      7.204   50.672
79936.0 61312.0  0.0   61297.4 7548288.0 5913916.6 15379136.0 9194403.6  100608.0 51269.1    463   43.525   1      7.204   50.729
79936.0 91008.0 61968.7  32.0  7507520.0 7507520.0 15379136.0 9300902.3  100608.0 51269.1    465   43.576   1      7.204   50.779
88000.0 84672.0 288.0   0.0   7516864.0 2401266.2 15379136.0 9341950.2  100608.0 51269.1    466   43.653   1      7.204   50.857
81152.0 84672.0  0.0   224.0  7516864.0 4505598.3 15379136.0 9342030.2  100608.0 51269.1    467   43.688   1      7.204   50.891
81152.0 77504.0 256.0   0.0   7530880.0 6600793.9 15379136.0 9342046.2  100608.0 51269.1    468   43.722   1      7.204   50.926
86976.0 83072.0 2272.2  0.0   7519488.0 498557.6 15379136.0 9342126.2  100608.0 51270.2    470   43.795   1      7.204   50.999
93120.0 62400.0  0.0   62351.9 7519488.0 2456285.3 15379136.0 9344065.0  100608.0 51273.9    471   43.835   1      7.204   51.039
93120.0 89664.0 608.0   0.0   7506752.0 4588230.8 15379136.0 9406237.1  100608.0 51273.9    472   43.876   1      7.204   51.080
85952.0 89664.0  0.0   352.0  7506752.0 7097635.4 15379136.0 9406613.1  100608.0 51273.9    473   43.911   1      7.204   51.114
78272.0 82176.0  0.0   320.0  7521408.0 2004579.3 15379136.0 9406733.1  100608.0 51273.9    475   43.980   1      7.204   51.184
78272.0 74368.0 288.0   0.0   7536896.0 4186178.1 15379136.0 9406813.1  100608.0 51273.9    476   44.014   1      7.204   51.218
70400.0 74368.0  0.0   320.0  7536896.0 2850451.5 15379136.0 9406877.1  100608.0 51273.9    477   44.049   1      7.204   51.253
70400.0 74368.0  0.0   320.0  7536896.0 3148498.6 15379136.0 9406877.1  100608.0 51274.5    477   44.049   1      7.204   51.253
70400.0 74368.0  0.0   320.0  7536896.0 3148518.9 15379136.0 9406877.1  100608.0 51274.5    477   44.049   1      7.204   51.253
70400.0 74368.0  0.0   320.0  7536896.0 3148541.2 15379136.0 9406877.1  100608.0 51274.5    477   44.049   1      7.204   51.253
70400.0 74368.0  0.0   320.0  7536896.0 3148561.5 15379136.0 9406877.1  100608.0 51274.5    477   44.049   1      7.204   51.253
70400.0 74368.0  0.0   320.0  7536896.0 3148579.9 15379136.0 9406877.1  100608.0 51274.5    477   44.049   1      7.204   51.253
70400.0 74368.0  0.0   320.0  7536896.0 3148622.4 15379136.0 9406877.1  100608.0 51274.5    477   44.049   1      7.204   51.253
70400.0 74368.0  0.0   320.0  7536896.0 3148642.7 15379136.0 9406877.1  100608.0 51274.5    477   44.049   1      7.204   51.253
70400.0 74368.0  0.0   320.0  7536896.0 3148663.1 15379136.0 9406877.1  100608.0 51274.5    477   44.049   1      7.204   51.253
70400.0 74368.0  0.0   320.0  7536896.0 3148683.4 15379136.0 9406877.1  100608.0 51274.5    477   44.049   1      7.204   51.253
70400.0 74368.0  0.0   320.0  7536896.0 3148701.6 15379136.0 9406877.1  100608.0 51274.5    477   44.049   1      7.204   51.253
70400.0 94720.0 70392.0  0.0   7500096.0 2591935.5 15379136.0 9429914.9  100608.0 51275.1    478   44.093   1      7.204   51.296
94912.0 94528.0  0.0   94470.4 7500096.0 3602402.9 15379136.0 9607591.4  100608.0 51275.1    479   44.169   1      7.204   51.373
94912.0 110720.0 256.0   0.0   7468096.0 5673785.1 15379136.0 9640455.5  100608.0 51275.1    480   44.208   1      7.204   51.412
106304.0 101632.0 288.0   0.0   7481600.0 845793.0 15379136.0 9640575.5  100608.0 51275.1    482   44.278   1      7.204   51.481
96832.0 101632.0  0.0   320.0  7481600.0 3330102.5 15379136.0 9640631.5  100608.0 51275.4    483   44.312   1      7.204   51.516
96832.0 89216.0 16704.0  0.0   7503488.0 5342806.9 15379136.0 9640695.5  100608.0 51275.4    484   44.348   1      7.204   51.551
84864.0 89216.0  0.0   25408.1 7503488.0 6663809.0 15379136.0 9640775.5  100608.0 51275.4    485   44.383   1      7.204   51.587
91648.0 94912.0  0.0   288.0  7499712.0 1716673.7 15379136.0 9705061.1  100608.0 51275.4    487   44.465   1      7.204   51.669
91648.0 88128.0 320.0   0.0   7509760.0 4070085.4 15379136.0 9705117.1  100608.0 51275.4    488   44.501   1      7.204   51.704
84352.0 88128.0  0.0   288.0  7509760.0 6510450.7 15379136.0 9705157.1  100608.0 51276.5    489   44.536   1      7.204   51.739
76544.0 80448.0  0.0   288.0  7524736.0 1660480.3 15379136.0 9705221.1  100608.0 51276.5    491   44.607   1      7.204   51.810
76544.0 80448.0  0.0   288.0  7524736.0 6354363.3 15379136.0 9705221.1  100608.0 51276.5    491   44.607   1      7.204   51.810
76544.0 80448.0  0.0   288.0  7524736.0 6700831.4 15379136.0 9705221.1  100608.0 51276.5    491   44.607   1      7.204   51.810
76544.0 80448.0  0.0   288.0  7524736.0 6700858.1 15379136.0 9705221.1  100608.0 51276.5    491   44.607   1      7.204   51.810
76544.0 80448.0  0.0   288.0  7524736.0 6700878.4 15379136.0 9705221.1  100608.0 51276.5    491   44.607   1      7.204   51.810
76544.0 80448.0  0.0   288.0  7524736.0 6700923.1 15379136.0 9705221.1  100608.0 51276.5    491   44.607   1      7.204   51.810
76544.0 80448.0  0.0   288.0  7524736.0 6700943.5 15379136.0 9705221.1  100608.0 51276.5    491   44.607   1      7.204   51.810
76544.0 80448.0  0.0   288.0  7524736.0 6700963.7 15379136.0 9705221.1  100608.0 51276.5    491   44.607   1      7.204   51.810
76544.0 80448.0  0.0   288.0  7524736.0 6700984.0 15379136.0 9705221.1  100608.0 51276.5    491   44.607   1      7.204   51.810
76544.0 80448.0  0.0   288.0  7524736.0 6701002.3 15379136.0 9705221.1  100608.0 51276.5    491   44.607   1      7.204   51.810
76544.0 80448.0  0.0   288.0  7524736.0 6701046.6 15379136.0 9705221.1  100608.0 51276.5    491   44.607   1      7.204   51.810
76544.0 80448.0  0.0   288.0  7524736.0 6701064.8 15379136.0 9705221.1  100608.0 51276.5    491   44.607   1      7.204   51.810
76544.0 77312.0 32928.5  0.0   7534912.0 3828300.0 15379136.0 9705293.1  100608.0 51276.5    492   44.642   1      7.204   51.846
88128.0 61632.0  0.0   61624.5 7534912.0 4387647.3 15379136.0 9831680.7  100608.0 51276.5    493   44.698   1      7.204   51.902
88128.0 89088.0 41174.3  0.0   7511360.0 6764714.7 15379136.0 9852159.2  100608.0 51276.5    494   44.741   1      7.204   51.945
86144.0 82944.0 256.0   0.0   7520448.0 1822534.2 15379136.0 9893229.5  100608.0 51276.5    496   44.814   1      7.204   52.017
79552.0 82944.0  0.0   288.0  7520448.0 4109314.3 15379136.0 9893293.5  100608.0 51276.5    497   44.849   1      7.204   52.052
79552.0 75968.0 288.0   0.0   7534016.0 6486695.2 15379136.0 9893365.5  100608.0 51276.5    498   44.884   1      7.204   52.087
81600.0 93376.0 44423.5  0.0   7502784.0 296848.9 15379136.0 9913880.8  100608.0 51276.5    500   44.966   1      7.204   52.170
100544.0 61376.0  0.0   61363.3 7502784.0 2355513.3 15379136.0 9916731.7  100608.0 51276.5    501   45.007   1      7.204   52.210
100544.0 97664.0 320.0   0.0   7491328.0 4572910.0 15379136.0 9977903.1  100608.0 51276.7    502   45.044   1      7.204   52.248
94400.0 97664.0  0.0   256.0  7491328.0 7080699.7 15379136.0 9977967.1  100608.0 51276.7    503   45.080   1      7.204   52.283
87040.0 90816.0  0.0   288.0  7504320.0 2128324.8 15379136.0 9978055.1  100608.0 51276.7    505   45.150   1      7.204   52.354
87040.0 83072.0 320.0   0.0   7519424.0 1267326.5 15379136.0 9978111.1  100608.0 51276.7    506   45.185   1      7.204   52.389
87040.0 83072.0 320.0   0.0   7519424.0 2746726.0 15379136.0 9978111.1  100608.0 51276.7    506   45.185   1      7.204   52.389
87040.0 83072.0 320.0   0.0   7519424.0 2746778.3 15379136.0 9978111.1  100608.0 51276.7    506   45.185   1      7.204   52.389
87040.0 83072.0 320.0   0.0   7519424.0 2746796.6 15379136.0 9978111.1  100608.0 51276.7    506   45.185   1      7.204   52.389
87040.0 83072.0 320.0   0.0   7519424.0 2746817.0 15379136.0 9978111.1  100608.0 51276.7    506   45.185   1      7.204   52.389
87040.0 83072.0 320.0   0.0   7519424.0 2746835.3 15379136.0 9978111.1  100608.0 51276.7    506   45.185   1      7.204   52.389
87040.0 83072.0 320.0   0.0   7519424.0 2746855.6 15379136.0 9978111.1  100608.0 51276.7    506   45.185   1      7.204   52.389
87040.0 83072.0 320.0   0.0   7519424.0 2746900.6 15379136.0 9978111.1  100608.0 51276.7    506   45.185   1      7.204   52.389
87040.0 83072.0 320.0   0.0   7519424.0 2746922.9 15379136.0 9978111.1  100608.0 51276.7    506   45.185   1      7.204   52.389
87040.0 83072.0 320.0   0.0   7519424.0 2746941.3 15379136.0 9978111.1  100608.0 51276.7    506   45.185   1      7.204   52.389
87040.0 83072.0 320.0   0.0   7519424.0 2746961.6 15379136.0 9978111.1  100608.0 51276.7    506   45.185   1      7.204   52.389
87040.0 83072.0 320.0   0.0   7519424.0 2746979.9 15379136.0 9978111.1  100608.0 51276.7    506   45.185   1      7.204   52.389
87040.0 83072.0 320.0   0.0   7519424.0 2747024.6 15379136.0 9978111.1  100608.0 51276.7    506   45.185   1      7.204   52.389
87040.0 83072.0 320.0   0.0   7519424.0 2747044.9 15379136.0 9978111.1  100608.0 51276.7    506   45.185   1      7.204   52.389
87040.0 83072.0 320.0   0.0   7519424.0 2747065.2 15379136.0 9978111.1  100608.0 51276.7    506   45.185   1      7.204   52.389
87040.0 83072.0 320.0   0.0   7519424.0 2859768.4 15379136.0 9978111.1  100608.0 51276.9    506   45.185   1      7.204   52.389
96448.0 73664.0  0.0   73640.9 7519424.0 3758063.8 15379136.0 10010927.1 100608.0 51276.9    507   45.238   1      7.204   52.441
96448.0 116864.0 94063.5  0.0   7455808.0 4935137.6 15379136.0 10092448.5 100608.0 51276.9    508   45.296   1      7.204   52.500
112576.0 116864.0  0.0   41238.3 7455808.0 7431780.0 15379136.0 10112570.1 100608.0 51276.9    510   45.336   1      7.204   52.540
105792.0 109440.0  0.0   256.0  7467520.0 1981648.9 15379136.0 10153656.4 100608.0 51276.9    511   45.408   1      7.204   52.612
105792.0 101824.0 224.0   0.0   7481920.0 4048346.1 15379136.0 10153704.4 100608.0 51276.9    512   45.444   1      7.204   52.647
104000.0 101824.0  0.0   49440.0 7481920.0 5633521.1 15379136.0 10153760.4 100608.0 51276.9    513   45.486   1      7.204   52.689
104000.0 99840.0 2784.2 61651.4 7485696.0 7485696.0 15379136.0 10156379.3 100608.0 51277.4    515   45.520   1      7.204   52.724
106560.0 102976.0 320.0   0.0   7480000.0 2518131.7 15379136.0 10238034.3 100608.0 51277.4    516   45.606   1      7.204   52.810
99072.0 102976.0  0.0   640.0  7480000.0 4685517.2 15379136.0 10238122.3 100608.0 51277.4    517   45.641   1      7.204   52.845
99072.0 94912.0 288.0   0.0   7495552.0 7394133.3 15379136.0 10238500.9 100608.0 51277.4    519   45.677   1      7.204   52.880
90624.0 86272.0 288.0   0.0   7512640.0 2494826.0 15379136.0 10238628.9 100608.0 51277.4    520   45.748   1      7.204   52.951
81856.0 86272.0  0.0   320.0  7512640.0 1807310.0 15379136.0 10238692.9 100608.0 51278.1    521   45.783   1      7.204   52.987
81856.0 86272.0  0.0   320.0  7512640.0 4039099.5 15379136.0 10238692.9 100608.0 51278.1    521   45.783   1      7.204   52.987
81856.0 86272.0  0.0   320.0  7512640.0 4039124.0 15379136.0 10238692.9 100608.0 51278.1    521   45.783   1      7.204   52.987
81856.0 86272.0  0.0   320.0  7512640.0 4039146.4 15379136.0 10238692.9 100608.0 51278.1    521   45.783   1      7.204   52.987
81856.0 86272.0  0.0   320.0  7512640.0 4039166.8 15379136.0 10238692.9 100608.0 51278.1    521   45.783   1      7.204   52.987
81856.0 86272.0  0.0   320.0  7512640.0 4039212.3 15379136.0 10238692.9 100608.0 51278.1    521   45.783   1      7.204   52.987
81856.0 86272.0  0.0   320.0  7512640.0 4039230.7 15379136.0 10238692.9 100608.0 51278.1    521   45.783   1      7.204   52.987
81856.0 86272.0  0.0   320.0  7512640.0 4039251.0 15379136.0 10238692.9 100608.0 51278.1    521   45.783   1      7.204   52.987
81856.0 86272.0  0.0   320.0  7512640.0 4039271.3 15379136.0 10238692.9 100608.0 51278.1    521   45.783   1      7.204   52.987
81856.0 86272.0  0.0   320.0  7512640.0 4039291.5 15379136.0 10238692.9 100608.0 51278.1    521   45.783   1      7.204   52.987
81856.0 86272.0  0.0   320.0  7512640.0 4039336.3 15379136.0 10238692.9 100608.0 51278.1    521   45.783   1      7.204   52.987
81856.0 86272.0  0.0   320.0  7512640.0 4143014.4 15379136.0 10238692.9 100608.0 51278.2    521   45.783   1      7.204   52.987
81856.0 98368.0 77136.0  0.0   7492800.0 4051774.9 15379136.0 10320661.0 100608.0 51279.7    522   45.845   1      7.204   53.049
113408.0 82304.0  0.0   82278.4 7492800.0 4660291.5 15379136.0 10488027.7 100608.0 51279.7    523   45.917   1      7.204   53.121
113408.0 109248.0 320.0   0.0   7466880.0 6555594.1 15379136.0 10590682.2 100608.0 51279.7    524   45.965   1      7.204   53.169
104768.0 100160.0 256.0   0.0   7484608.0 1436811.8 15379136.0 10590826.2 100608.0 51279.7    526   46.037   1      7.204   53.241
95360.0 100160.0  0.0   256.0  7484608.0 3787622.9 15379136.0 10590890.2 100608.0 51279.7    527   46.073   1      7.204   53.277
95360.0 96320.0 41248.0  0.0   7496896.0 5531222.2 15379136.0 10590938.2 100608.0 51279.7    528   46.111   1      7.204   53.315
102848.0 58176.0  0.0   58171.2 7496896.0 6782822.2 15379136.0 10591002.2 100608.0 51279.7    529   46.152   1      7.204   53.356
98368.0 101696.0  0.0   320.0  7484992.0 1802457.4 15379136.0 10634312.8 100608.0 51279.7    531   46.233   1      7.204   53.436
98368.0 94720.0 288.0   0.0   7496448.0 3765016.7 15379136.0 10634360.8 100608.0 51279.7    532   46.268   1      7.204   53.472
90816.0 94720.0  0.0   256.0  7496448.0 5776393.8 15379136.0 10634424.8 100608.0 51279.7    533   46.304   1      7.204   53.507
90816.0 86784.0 256.0   0.0   7511936.0 5204974.6 15379136.0 10634480.8 100608.0 51279.7    534   46.339   1      7.204   53.543
90816.0 86784.0 256.0   0.0   7511936.0 6154525.2 15379136.0 10634480.8 100608.0 51279.7    534   46.339   1      7.204   53.543
90816.0 86784.0 256.0   0.0   7511936.0 6154543.4 15379136.0 10634480.8 100608.0 51279.7    534   46.339   1      7.204   53.543
90816.0 86784.0 256.0   0.0   7511936.0 6154594.1 15379136.0 10634480.8 100608.0 51279.7    534   46.339   1      7.204   53.543
90816.0 86784.0 256.0   0.0   7511936.0 6154612.4 15379136.0 10634480.8 100608.0 51279.7    534   46.339   1      7.204   53.543
90816.0 86784.0 256.0   0.0   7511936.0 6154632.8 15379136.0 10634480.8 100608.0 51279.7    534   46.339   1      7.204   53.543
90816.0 86784.0 256.0   0.0   7511936.0 6154651.1 15379136.0 10634480.8 100608.0 51279.7    534   46.339   1      7.204   53.543
90816.0 86784.0 256.0   0.0   7511936.0 6154669.4 15379136.0 10634480.8 100608.0 51279.7    534   46.339   1      7.204   53.543
90816.0 86784.0 256.0   0.0   7511936.0 6154716.3 15379136.0 10634480.8 100608.0 51279.7    534   46.339   1      7.204   53.543
90816.0 86784.0 256.0   0.0   7511936.0 6154734.7 15379136.0 10634480.8 100608.0 51279.7    534   46.339   1      7.204   53.543
90816.0 86784.0 256.0   0.0   7511936.0 6154757.0 15379136.0 10634480.8 100608.0 51279.7    534   46.339   1      7.204   53.543
90816.0 86784.0 256.0   0.0   7511936.0 6154775.4 15379136.0 10634480.8 100608.0 51279.7    534   46.339   1      7.204   53.543
90816.0 86784.0 256.0   0.0   7511936.0 6154795.7 15379136.0 10634480.8 100608.0 51280.2    534   46.339   1      7.204   53.543
83456.0 86784.0  0.0   26848.5 7511936.0 4124232.0 15379136.0 10634512.8 100608.0 51280.4    535   46.376   1      7.204   53.579
83456.0 100736.0 82332.8  0.0   7488064.0 5106819.9 15379136.0 10763256.9 100608.0 51281.9    536   46.443   1      7.204   53.647
99072.0 96128.0 224.0   0.0   7494336.0 255953.0 15379136.0 10844075.4 100608.0 51281.9    538   46.524   1      7.204   53.728
92800.0 96128.0  0.0   256.0  7494336.0 2831095.3 15379136.0 10844123.4 100608.0 51281.9    539   46.560   1      7.204   53.763
92800.0 89216.0 224.0   0.0   7507520.0 4894374.1 15379136.0 10844147.4 100608.0 51281.9    540   46.596   1      7.204   53.800
82560.0 89216.0  0.0   16640.0 7507520.0 7060490.8 15379136.0 10844195.4 100608.0 51281.9    541   46.632   1      7.204   53.836
91008.0 93568.0  0.0   35584.3 7502400.0 653696.1 15379136.0 10844307.4 100608.0 51282.7    543   46.711   1      7.204   53.915
91008.0 85120.0 20511.6  0.0   7513408.0 2396441.3 15379136.0 10846862.2 100608.0 51282.7    544   46.748   1      7.204   53.952
79616.0 85120.0  0.0   20765.0 7513408.0 4322167.7 15379136.0 10867137.9 100608.0 51282.7    545   46.784   1      7.204   53.988
79616.0 78080.0 256.0   0.0   7531840.0 6446434.4 15379136.0 10887694.8 100608.0 51282.7    546   46.821   1      7.204   54.024
76032.0 78080.0  0.0   256.0  7531840.0 5550915.7 15379136.0 10887766.8 100608.0 51282.7    547   46.857   1      7.204   54.061
76032.0 78080.0  0.0   256.0  7531840.0 7361501.7 15379136.0 10887766.8 100608.0 51282.7    547   46.857   1      7.204   54.061
76032.0 78080.0  0.0   256.0  7531840.0 7361526.3 15379136.0 10887766.8 100608.0 51282.7    547   46.857   1      7.204   54.061
76032.0 78080.0  0.0   256.0  7531840.0 7361546.5 15379136.0 10887766.8 100608.0 51282.7    547   46.857   1      7.204   54.061
76032.0 78080.0  0.0   256.0  7531840.0 7361566.8 15379136.0 10887766.8 100608.0 51282.7    547   46.857   1      7.204   54.061
76032.0 78080.0  0.0   256.0  7531840.0 7361608.8 15379136.0 10887766.8 100608.0 51282.7    547   46.857   1      7.204   54.061
76032.0 78080.0  0.0   256.0  7531840.0 7361627.1 15379136.0 10887766.8 100608.0 51282.7    547   46.857   1      7.204   54.061
76032.0 78080.0  0.0   256.0  7531840.0 7361647.4 15379136.0 10887766.8 100608.0 51282.7    547   46.857   1      7.204   54.061
76032.0 78080.0  0.0   256.0  7531840.0 7361665.7 15379136.0 10887766.8 100608.0 51282.7    547   46.857   1      7.204   54.061
76032.0 78080.0  0.0   256.0  7531840.0 7361688.1 15379136.0 10887766.8 100608.0 51282.7    547   46.857   1      7.204   54.061
76032.0 78080.0  0.0   256.0  7531840.0 7361732.5 15379136.0 10887766.8 100608.0 51282.7    547   46.857   1      7.204   54.061
76032.0 78080.0  0.0   256.0  7531840.0 7361753.0 15379136.0 10887766.8 100608.0 51282.7    547   46.857   1      7.204   54.061
76032.0 78080.0  0.0   256.0  7531840.0 7361771.2 15379136.0 10887766.8 100608.0 51282.7    547   46.857   1      7.204   54.061
76032.0 73280.0 2432.4  0.0   7540224.0 2354178.1 15379136.0 10887830.8 100608.0 51317.0    548   46.894   1      7.204   54.098
70720.0 73280.0  0.0    96.0  7540224.0 4756869.6 15379136.0 10890049.9 100608.0 51317.1    549   46.930   1      7.204   54.134
70720.0 67904.0 288.0   0.0   7550912.0 7421264.6 15379136.0 10890097.9 100608.0 51317.1    550   46.966   1      7.204   54.170
64960.0 61888.0 288.0   0.0   7562688.0 2041444.7 15379136.0 10890249.9 100608.0 51317.1    552   47.040   1      7.204   54.243
58816.0 61888.0  0.0   288.0  7562688.0 4277021.1 15379136.0 10890313.9 100608.0 51317.1    553   47.076   1      7.204   54.280
58816.0 55744.0 256.0   0.0   7574976.0 6735997.3 15379136.0 10890361.9 100608.0 51317.1    554   47.113   1      7.204   54.317
52736.0 49472.0 1760.3  0.0   7587328.0 1452930.6 15379136.0 10890481.9 100608.0 51317.1    556   47.187   1      7.204   54.390
46592.0 49472.0  0.0   320.0  7587328.0 3612955.6 15379136.0 10892012.8 100608.0 51317.1    557   47.223   1      7.204   54.426
46592.0 43840.0 320.0   0.0   7599104.0 5825424.6 15379136.0 10892084.8 100608.0 51317.1    558   47.259   1      7.204   54.463
41152.0 38592.0 256.0   0.0   7609792.0 743278.3 15379136.0 10892228.8 100608.0 51317.1    560   47.332   1      7.204   54.536
36096.0 38592.0  0.0   224.0  7609792.0 3237312.9 15379136.0 10892284.8 100608.0 51317.1    561   47.368   1      7.204   54.572
36096.0 38592.0  0.0   224.0  7609792.0 4694287.9 15379136.0 10892284.8 100608.0 51317.1    561   47.368   1      7.204   54.572
36096.0 38592.0  0.0   224.0  7609792.0 4694333.2 15379136.0 10892284.8 100608.0 51317.1    561   47.368   1      7.204   54.572
36096.0 38592.0  0.0   224.0  7609792.0 4804828.7 15379136.0 10892284.8 100608.0 51317.1    561   47.368   1      7.204   54.572
36096.0 38592.0  0.0   224.0  7609792.0 4970568.5 15379136.0 10892284.8 100608.0 51317.1    561   47.368   1      7.204   54.572
36096.0 38592.0  0.0   224.0  7609792.0 5573205.0 15379136.0 10892284.8 100608.0 51317.1    561   47.368   1      7.204   54.572
36096.0 38592.0  0.0   224.0  7609792.0 7079765.6 15379136.0 10892284.8 100608.0 51317.1    561   47.368   1      7.204   54.572
36096.0 33728.0 512.0   0.0   7619712.0 1006976.6 15379136.0 10892340.8 100608.0 51317.1    562   47.404   1      7.204   54.608
36096.0 33728.0 512.0   0.0   7619712.0 1781519.6 15379136.0 10892340.8 100608.0 51317.1    562   47.404   1      7.204   54.608
36096.0 33728.0 512.0   0.0   7619712.0 1781538.2 15379136.0 10892340.8 100608.0 51317.1    562   47.404   1      7.204   54.608
36096.0 33728.0 512.0   0.0   7619712.0 1781556.6 15379136.0 10892340.8 100608.0 51317.1    562   47.404   1      7.204   54.608
36096.0 33728.0 512.0   0.0   7619712.0 1781578.9 15379136.0 10892340.8 100608.0 51317.1    562   47.404   1      7.204   54.608
36096.0 33728.0 512.0   0.0   7619712.0 1781620.9 15379136.0 10892340.8 100608.0 51317.1    562   47.404   1      7.204   54.608
36096.0 33728.0 512.0   0.0   7619712.0 2083914.6 15379136.0 10892340.8 100608.0 51418.6    562   47.404   1      7.204   54.608
