 S0C    S1C    S0U    S1U      EC       EU        OC         OU       PC     PU    YGC     YGCT    FGC    FGCT     GCT   
961152.0 961152.0  0.0    0.0   5767232.0 115344.7 15379136.0    0.0     21248.0 4338.7      0    0.000   0      0.000    0.000
961152.0 961152.0  0.0    0.0   5767232.0 115344.7 15379136.0    0.0     21248.0 13731.3      0    0.000   0      0.000    0.000
961152.0 961152.0  0.0    0.0   5767232.0 115344.7 15379136.0    0.0     21248.0 13733.0      0    0.000   0      0.000    0.000
961152.0 961152.0  0.0    0.0   5767232.0 115344.7 15379136.0    0.0     21248.0 13733.0      0    0.000   0      0.000    0.000
961152.0 961152.0  0.0    0.0   5767232.0 115344.7 15379136.0    0.0     21248.0 13733.0      0    0.000   0      0.000    0.000
961152.0 961152.0  0.0    0.0   5767232.0 115344.7 15379136.0    0.0     21248.0 13733.0      0    0.000   0      0.000    0.000
961152.0 961152.0  0.0    0.0   5767232.0 115344.7 15379136.0    0.0     21248.0 13733.0      0    0.000   0      0.000    0.000
961152.0 961152.0  0.0    0.0   5767232.0 115344.7 15379136.0    0.0     21248.0 13733.0      0    0.000   0      0.000    0.000
961152.0 961152.0  0.0    0.0   5767232.0 115344.7 15379136.0    0.0     21248.0 13733.0      0    0.000   0      0.000    0.000
961152.0 961152.0  0.0    0.0   5767232.0 346034.4 15379136.0    0.0     21248.0 19304.6      0    0.000   0      0.000    0.000
961152.0 961152.0  0.0    0.0   5767232.0 5537285.9 15379136.0    0.0     37184.0 36894.6      0    0.000   0      0.000    0.000
961152.0 961152.0  0.0   74197.8 5767232.0 1177984.9 15379136.0    0.0     48320.0 48199.2      1    0.049   0      0.000    0.049
961152.0 961152.0  0.0   74197.8 5767232.0 4293457.4 15379136.0    0.0     48512.0 48402.8      1    0.049   0      0.000    0.049
961152.0 961152.0 92252.3  0.0   5767232.0 2473345.9 15379136.0    0.0     48512.0 48444.9      2    0.100   0      0.000    0.100
961152.0 961152.0  0.0   146799.3 5767232.0 1206576.3 15379136.0    0.0     48512.0 48445.7      3    0.191   0      0.000    0.191
961152.0 961152.0  0.0   146799.3 5767232.0 5490861.3 15379136.0    0.0     48512.0 48476.9      3    0.191   0      0.000    0.191
961152.0 961152.0 196031.2  0.0   5767232.0 4646997.8 15379136.0    0.0     48512.0 48479.4      4    0.324   0      0.000    0.324
288640.0 961152.0  0.0   258569.2 5767232.0 2758865.0 15379136.0    0.0     48512.0 48481.0      5    0.477   0      0.000    0.477
288640.0 355328.0 288617.2  0.0   6978880.0 1154135.9 15379136.0  21632.0   48512.0 48482.5      6    0.673   0      0.000    0.673
288640.0 355328.0 288617.2  0.0   6978880.0 5849536.6 15379136.0  21632.0   48704.0 48564.2      6    0.673   0      0.000    0.673
381120.0 279424.0  0.0   279360.2 6978880.0 3745298.0 15379136.0  92964.3   48704.0 48660.2      7    0.881   0      0.000    0.881
381120.0 392256.0 269962.7  0.0   6905024.0 2684760.0 15379136.0  171700.3  48704.0 48669.6      8    1.122   0      0.000    1.122
384896.0 392256.0  0.0   235557.6 6905024.0 3968344.5 15379136.0  265852.3  48704.0 48672.4      9    1.370   0      0.000    1.370
384896.0 379712.0 130837.3 34980.6 6924928.0 6924928.0 15379136.0  525959.2  48896.0 48755.4     11    1.588   0      0.000    1.588
396416.0 21504.0  0.0   21461.5 6900416.0 763883.3 15379136.0  642814.4  48896.0 48758.9     13    1.828   0      0.000    1.828
393216.0 396416.0  0.0   4448.0 6896704.0 4334798.2 15379136.0  677872.5  48896.0 48759.7     15    1.894   0      0.000    1.894
375040.0 386816.0  0.0   20160.1 6909504.0 5923247.3 15379136.0  686184.5  48896.0 48777.0     17    2.090   0      0.000    2.090
344512.0 362112.0  0.0   40945.8 6952384.0 1680436.9 15379136.0  721507.2  48896.0 48789.0     19    2.195   0      0.000    2.195
344512.0 324928.0 54464.1  0.0   7020096.0 838090.3 15379136.0  755132.9  48896.0 48790.0     20    2.272   0      0.000    2.272
304000.0 324928.0  0.0   68556.2 7020096.0   0.0    15379136.0  799333.0  48896.0 48791.3     21    2.376   0      0.000    2.376
304000.0 324928.0  0.0   68556.2 7020096.0 6681402.8 15379136.0  799333.0  48896.0 48796.2     21    2.376   0      0.000    2.376
276096.0 287488.0  0.0   26645.5 7098048.0 254272.6 15379136.0  915310.8  48896.0 48798.3     23    2.537   0      0.000    2.537
276096.0 266240.0 15456.0  0.0   7147200.0 80353.0  15379136.0  939804.3  48896.0 48811.5     24    2.589   0      0.000    2.589
276096.0 266240.0 15456.0  0.0   7147200.0 4088954.6 15379136.0  939804.3  48896.0 48812.9     24    2.589   0      0.000    2.589
276096.0 266240.0 15456.0  0.0   7147200.0 5889061.2 15379136.0  939804.3  48896.0 48813.8     24    2.589   0      0.000    2.589
252992.0 266240.0  0.0   31718.7 7147200.0 233366.8 15379136.0  950956.3  48896.0 48814.6     25    2.645   0      0.000    2.645
252992.0 266240.0  0.0   31718.7 7147200.0 1884147.3 15379136.0  950956.3  48896.0 48816.3     25    2.645   0      0.000    2.645
252992.0 266240.0  0.0   31718.7 7147200.0 1884163.3 15379136.0  950956.3  48896.0 48816.7     25    2.645   0      0.000    2.645
252992.0 266240.0  0.0   31718.7 7147200.0 1897953.6 15379136.0  950956.3  48896.0 48817.2     25    2.645   0      0.000    2.645
252992.0 266240.0  0.0   31718.7 7147200.0 1897968.9 15379136.0  950956.3  48896.0 48824.5     25    2.645   0      0.000    2.645
252992.0 266240.0  0.0   31718.7 7147200.0 1898038.1 15379136.0  950956.3  48896.0 48825.9     25    2.645   0      0.000    2.645
252992.0 290112.0 216625.2  0.0   7109312.0 1707731.4 15379136.0  976959.7  49664.0 49641.1     26    2.704   0      0.000    2.704
273216.0 290112.0  0.0   56852.6 7109312.0 2636686.4 15379136.0 1212756.2  49856.0 49729.1     27    2.761   0      0.000    2.761
265600.0 270272.0  0.0   320.0  7146048.0   0.0    15379136.0 1412183.6  49856.0 49744.0     29    2.831   0      0.000    2.831
265600.0 256128.0 17728.2  0.0   7167808.0 2579558.3 15379136.0 1412243.6  49856.0 49748.0     30    2.843   0      0.000    2.843
242240.0 256128.0  0.0   81918.3 7167808.0 7017301.6 15379136.0 1429762.6  49856.0 49750.6     31    2.867   0      0.000    2.867
218624.0 229824.0  0.0   81006.7 7217472.0 3555415.6 15379136.0 1553235.0  49856.0 49758.2     33    2.927   0      0.000    2.927
218624.0 215104.0 1248.2  0.0   7255808.0 5723464.8 15379136.0 1634007.4  49856.0 49760.0     34    2.959   0      0.000    2.959
206912.0 194752.0 41432.7  0.0   7287872.0 1555280.3 15379136.0 1655250.2  49856.0 49760.4     36    2.995   0      0.000    2.995
183360.0 194752.0  0.0   41829.5 7287872.0 4684410.6 15379136.0 1696471.0  49856.0 49764.1     37    3.022   0      0.000    3.022
183360.0 176256.0 20854.0  0.0   7329920.0 4962930.6 15379136.0 1738106.2  49856.0 49764.2     38    3.047   0      0.000    3.047
173632.0 176256.0  0.0   78029.9 7329920.0 4656269.2 15379136.0 1758728.3  49856.0 49764.9     39    3.073   0      0.000    3.073
173632.0 170816.0 320.0   0.0   7345088.0 4224964.7 15379136.0 1836594.4  49856.0 49764.9     40    3.101   0      0.000    3.101
166848.0 170816.0  0.0   320.0  7345088.0 1347992.4 15379136.0 1836666.4  49856.0 49764.9     41    3.113   0      0.000    3.113
166848.0 170816.0  0.0   320.0  7345088.0 5882333.6 15379136.0 1836666.4  49856.0 49765.0     41    3.113   0      0.000    3.113
166848.0 161984.0 256.0   0.0   7360704.0 1233339.2 15379136.0 1836730.4  49856.0 49765.1     42    3.124   0      0.000    3.124
166848.0 161984.0 256.0   0.0   7360704.0 1233633.0 15379136.0 1836730.4  49856.0 49765.3     42    3.124   0      0.000    3.124
166848.0 161984.0 256.0   0.0   7360704.0 1233643.6 15379136.0 1836730.4  49856.0 49765.6     42    3.124   0      0.000    3.124
166848.0 161984.0 256.0   0.0   7360704.0 1236279.0 15379136.0 1836730.4  49856.0 49765.6     42    3.124   0      0.000    3.124
166848.0 161984.0 256.0   0.0   7360704.0 1236289.1 15379136.0 1836730.4  49856.0 49766.3     42    3.124   0      0.000    3.124
166848.0 161984.0 256.0   0.0   7360704.0 1236299.3 15379136.0 1836730.4  49856.0 49767.0     42    3.124   0      0.000    3.124
166848.0 161984.0 256.0   0.0   7360704.0 1236307.4 15379136.0 1836730.4  49856.0 49767.3     42    3.124   0      0.000    3.124
166848.0 161984.0 256.0   0.0   7360704.0 1236317.6 15379136.0 1836730.4  49856.0 49768.3     42    3.124   0      0.000    3.124
166848.0 161984.0 256.0   0.0   7360704.0 1236350.5 15379136.0 1836730.4  49856.0 49768.3     42    3.124   0      0.000    3.124
166848.0 161984.0 256.0   0.0   7360704.0 1236361.0 15379136.0 1836730.4  49856.0 49768.9     42    3.124   0      0.000    3.124
166848.0 161984.0 256.0   0.0   7360704.0 1236369.2 15379136.0 1836730.4  49856.0 49768.9     42    3.124   0      0.000    3.124
166848.0 161984.0 256.0   0.0   7360704.0 1236379.6 15379136.0 1836730.4  49856.0 49769.1     42    3.124   0      0.000    3.124
166848.0 161984.0 256.0   0.0   7360704.0 5909753.8 15379136.0 1836730.4  50240.0 50105.1     42    3.124   0      0.000    3.124
166848.0 161984.0  0.0   161964.7 7360704.0 5051906.2 15379136.0 1925753.2  50240.0 50106.4     43    3.180   0      0.000    3.180
308544.0 326336.0  0.0   107031.3 7036864.0 306156.8 15379136.0 2252152.6  50240.0 50107.6     45    3.332   0      0.000    3.332
308544.0 323904.0 192979.7 44992.0 7041728.0 7041728.0 15379136.0 2526747.6  50240.0 50107.8     47    3.419   0      0.000    3.419
308800.0 292544.0 71531.1 15520.0 7088192.0 7088192.0 15379136.0 2617463.4  50240.0 50108.2     49    3.633   0      0.000    3.633
282816.0 268288.0 63072.1 29280.0 7138432.0 7138432.0 15379136.0 2739223.6  50240.0 50108.6     51    3.817   0      0.000    3.817
259776.0 249600.0 37696.0 192.0  7180160.0 7180160.0 15379136.0 2776359.6  50240.0 50108.6     53    4.183   0      0.000    4.183
241280.0 227648.0 53573.9  0.0   7220608.0 4667608.6 15379136.0 2837175.7  50240.0 50111.4     54    4.527   0      0.000    4.527
215040.0 207104.0 29760.0  0.0   7267392.0 2292498.2 15379136.0 2939704.2  50240.0 50112.2     56    4.819   0      0.000    4.819
199744.0 207104.0 83042.4 83429.5 7267392.0 7267392.0 15379136.0 3046751.4  50240.0 50114.0     58    5.007   0      0.000    5.007
183808.0 195072.0  0.0   72637.3 7294720.0 4473649.3 15379136.0 3182873.1  50240.0 50117.2     59    5.335   0      0.000    5.335
183808.0 175872.0 48714.5  0.0   7329856.0 7108910.1 15379136.0 3275161.1  50240.0 50122.3     61    5.658   0      0.000    5.658
167808.0 166656.0 92020.5  0.0   7355072.0 2493292.9 15379136.0 3414542.0  50240.0 50129.5     62    5.905   0      0.000    5.905
167936.0 161408.0 56071.8  0.0   7360192.0   0.0    15379136.0 3642847.1  50240.0 50129.8     64    6.082   0      0.000    6.082
165248.0 161408.0  0.0   106180.5 7360192.0 5871995.7 15379136.0 3718186.6  50240.0 50130.0     65    6.203   0      0.000    6.203
158208.0 163328.0  0.0   46720.1 7360960.0 3779000.1 15379136.0 3874405.7  50240.0 50131.3     67    6.467   0      0.000    6.467
154304.0 160256.0  0.0   79488.1 7369024.0 2716699.8 15379136.0 4018952.7  50240.0 50131.3     69    6.730   0      0.000    6.730
163904.0 169344.0  0.0   57003.6 7350848.0 141854.1 15379136.0 4162281.0  50240.0 50131.3     71    7.135   0      0.000    7.135
163904.0 155776.0 72802.5  0.0   7369856.0 5001419.6 15379136.0 4239236.2  50240.0 50132.1     72    7.324   0      0.000    7.324
164288.0 164032.0 32742.4  0.0   7361216.0 362360.8 15379136.0 4418752.0  50240.0 50132.7     74    7.702   0      0.000    7.702
158912.0 164032.0  0.0   54177.5 7361216.0 2748110.1 15379136.0 4450422.4  50240.0 50133.2     75    7.855   0      0.000    7.855
158912.0 155840.0 41388.7  0.0   7374784.0 2024989.3 15379136.0 4502431.9  50240.0 50133.2     76    7.991   0      0.000    7.991
158912.0 155840.0 41388.7  0.0   7374784.0 6580721.0 15379136.0 4502431.9  50240.0 50133.3     76    7.991   0      0.000    7.991
150144.0 155840.0  0.0   53607.8 7374784.0 2829372.3 15379136.0 4543676.6  50240.0 50134.2     77    8.086   0      0.000    8.086
150144.0 155840.0  0.0   53607.8 7374784.0 5231133.2 15379136.0 4543676.6  50240.0 50219.0     77    8.086   0      0.000    8.086
150144.0 155840.0  0.0   53607.8 7374784.0 6589549.1 15379136.0 4543676.6  50240.0 50219.0     77    8.086   0      0.000    8.086
150144.0 155840.0  0.0   53607.8 7374784.0 6589841.4 15379136.0 4543676.6  50240.0 50219.0     77    8.086   0      0.000    8.086
150144.0 155840.0  0.0   53607.8 7374784.0 6589864.3 15379136.0 4543676.6  50240.0 50219.0     77    8.086   0      0.000    8.086
150144.0 155840.0  0.0   53607.8 7374784.0 6589884.9 15379136.0 4543676.6  50240.0 50219.7     77    8.086   0      0.000    8.086
150144.0 155840.0  0.0   53607.8 7374784.0 6589907.5 15379136.0 4543676.6  50240.0 50219.9     77    8.086   0      0.000    8.086
150144.0 155840.0  0.0   53607.8 7374784.0 7100187.0 15379136.0 4543676.6  50432.0 50308.1     77    8.086   0      0.000    8.086
150144.0 155008.0 103901.4  0.0   7379520.0 5611843.7 15379136.0 4597148.4  50432.0 50311.2     78    8.202   0      0.000    8.202
170240.0 139776.0  0.0   139745.4 7379520.0 6848635.8 15379136.0 4771173.4  50432.0 50316.2     79    8.290   0      0.000    8.290
167744.0 168896.0  0.0   97425.8 7350400.0 1027964.8 15379136.0 4873520.5  50432.0 50317.4     81    8.384   0      0.000    8.384
167744.0 176576.0 125639.2  0.0   7336384.0 2322271.1 15379136.0 4915258.5  50432.0 50321.3     82    8.435   0      0.000    8.435
182528.0 170624.0  0.0   170560.2 7336384.0 6178130.2 15379136.0 5007980.3  50432.0 50403.4     83    8.499   0      0.000    8.499
195264.0 197376.0  0.0   33056.0 7294784.0 2495798.6 15379136.0 5219511.0  50432.0 50403.6     85    8.610   0      0.000    8.610
195264.0 222016.0 183950.9  0.0   7245504.0 6594843.4 15379136.0 5269240.8  50432.0 50404.6     86    8.670   0      0.000    8.670
223680.0 218240.0 51350.0  0.0   7247616.0 4076878.0 15379136.0 5477005.9  50432.0 50405.1     88    8.784   0      0.000    8.784
215232.0 218240.0  0.0   33504.1 7247616.0 5202939.7 15379136.0 5528100.0  50432.0 50406.2     89    8.831   0      0.000    8.831
195456.0 204672.0  0.0   91419.5 7269632.0 607304.7 15379136.0 5599131.6  50432.0 50406.2     91    8.922   0      0.000    8.922
195456.0 198592.0 320.0   0.0   7292352.0 1096206.9 15379136.0 5690351.2  50432.0 50406.9     92    8.970   0      0.000    8.970
195456.0 198592.0 320.0   0.0   7292352.0 6526239.8 15379136.0 5690351.2  50432.0 50406.9     92    8.970   0      0.000    8.970
199232.0 320.0   0.0   288.0  7292352.0 3979668.6 15379136.0 5690431.2  50432.0 50409.2     93    9.002   0      0.000    9.002
199232.0 320.0   0.0   288.0  7292352.0 4831838.2 15379136.0 5690431.2  50432.0 50410.6     93    9.002   0      0.000    9.002
199232.0 320.0   0.0   288.0  7292352.0 6222277.0 15379136.0 5690431.2  50432.0 50411.0     93    9.002   0      0.000    9.002
199232.0 189312.0 49808.4  0.0   7300992.0 297149.9 15379136.0 5690495.2  50432.0 50411.8     94    9.040   0      0.000    9.040
199232.0 189312.0 49808.4  0.0   7300992.0 1676757.5 15379136.0 5690495.2  50432.0 50411.8     94    9.040   0      0.000    9.040
199232.0 189312.0 49808.4  0.0   7300992.0 2462123.2 15379136.0 5690495.2  50432.0 50411.8     94    9.040   0      0.000    9.040
199232.0 189312.0 49808.4  0.0   7300992.0 3724146.3 15379136.0 5690495.2  50432.0 50416.4     94    9.040   0      0.000    9.040
206592.0 181952.0  0.0   181923.6 7300992.0 1179688.1 15379136.0 5855932.1  50432.0 50426.1     95    9.126   0      0.000    9.126
206592.0 236096.0 160641.5  0.0   7217344.0 1059600.4 15379136.0 5987825.6  50432.0 50429.0     96    9.246   0      0.000    9.246
240512.0 138688.0  0.0   138640.1 7217344.0 4401316.3 15379136.0 6144927.2  50432.0 50429.6     97    9.391   0      0.000    9.391
240512.0 241024.0 133290.7  0.0   7207488.0 3061047.9 15379136.0 6268403.0  50624.0 50489.2     98    9.540   0      0.000    9.540
244096.0 143360.0  0.0   143308.1 7207488.0 5444967.8 15379136.0 6375248.8  50624.0 50499.3     99    9.687   0      0.000    9.687
225664.0 228608.0 192.0   0.0   7232320.0 458087.1 15379136.0 6652276.5  50624.0 50499.9    102   10.170   0      0.000   10.170
239744.0 154048.0  0.0   154044.0 7232320.0   0.0    15379136.0 6652316.5  50624.0 50504.3    103   10.465   0      0.000   10.465
239744.0 228160.0 100683.1  0.0   7221632.0 4006987.1 15379136.0 6805299.1  50624.0 50507.5    104   10.703   0      0.000   10.703
215040.0 228160.0  0.0   94165.3 7221632.0 2388331.9 15379136.0 6871118.3  50624.0 50599.0    105   10.934   0      0.000   10.934
215040.0 225344.0 153810.4  0.0   7238848.0 3418107.3 15379136.0 6948791.8  50624.0 50603.6    106   11.076   0      0.000   11.076
243008.0 181056.0  0.0   181039.1 7238848.0 2839029.2 15379136.0 7064107.8  50624.0 50607.3    107   11.225   0      0.000   11.225
243008.0 232320.0 90355.6  0.0   7214208.0 5200513.6 15379136.0 7232531.0  50624.0 50607.5    108   11.369   0      0.000   11.369
227264.0 232320.0  0.0   61184.2 7214208.0 7006841.9 15379136.0 7324273.7  50624.0 50607.5    109   11.487   0      0.000   11.487
216512.0 217408.0  0.0   35552.0 7244864.0 401528.4 15379136.0 7462693.0  50624.0 50607.7    111   11.763   0      0.000   11.763
216512.0 217408.0  0.0   35552.0 7244864.0 6251761.1 15379136.0 7462693.0  50624.0 50607.7    111   11.763   0      0.000   11.763
216512.0 219392.0 3712.0  0.0   7250752.0 3648990.4 15379136.0 7498133.0  50624.0 50608.8    112   11.857   0      0.000   11.857
219392.0 219392.0  0.0   219362.8 7250752.0 637152.6 15379136.0 7522621.2  50624.0 50613.3    113   12.069   0      0.000   12.069
219392.0 219392.0  0.0   219362.8 7250752.0 4742603.9 15379136.0 7522621.2  50624.0 50614.1    113   12.069   0      0.000   12.069
219392.0 255424.0 119021.4  0.0   7178688.0 54616.6  15379136.0 7732341.4  50624.0 50614.1    114   12.379   0      0.000   12.379
219392.0 255424.0 119021.4  0.0   7178688.0 1419823.9 15379136.0 7732341.4  50624.0 50614.1    114   12.379   0      0.000   12.379
219392.0 255424.0 119021.4  0.0   7178688.0 1665649.0 15379136.0 7732341.4  50624.0 50614.2    114   12.379   0      0.000   12.379
219392.0 255424.0 119021.4  0.0   7178688.0 1665697.4 15379136.0 7732341.4  50624.0 50614.2    114   12.379   0      0.000   12.379
219392.0 255424.0 119021.4  0.0   7178688.0 1665718.4 15379136.0 7732341.4  50624.0 50614.2    114   12.379   0      0.000   12.379
219392.0 255424.0 119021.4  0.0   7178688.0 1665745.6 15379136.0 7732341.4  50624.0 50614.2    114   12.379   0      0.000   12.379
219392.0 255424.0 119021.4  0.0   7178688.0 1665766.4 15379136.0 7732341.4  50624.0 50614.2    114   12.379   0      0.000   12.379
219392.0 255424.0 119021.4  0.0   7178688.0 1665789.4 15379136.0 7732341.4  50624.0 50614.2    114   12.379   0      0.000   12.379
219392.0 255424.0 119021.4  0.0   7178688.0 1665833.5 15379136.0 7732341.4  50624.0 50614.4    114   12.379   0      0.000   12.379
219392.0 255424.0 119021.4  0.0   7178688.0 1665856.3 15379136.0 7732341.4  50624.0 50614.4    114   12.379   0      0.000   12.379
253888.0 255424.0  0.0   139388.3 7178688.0 847493.8 15379136.0 7847290.8  50624.0 50620.6    115   12.581   0      0.000   12.581
253888.0 243072.0 82501.2  0.0   7192576.0 5646666.5 15379136.0 7936865.9  50624.0 50620.6    116   12.696   0      0.000   12.696
242112.0 233472.0 78147.7  0.0   7213952.0 2539842.6 15379136.0 8162843.4  50624.0 50620.6    118   12.959   0      0.000   12.959
226176.0 215872.0 95114.5  0.0   7247488.0 1401805.4 15379136.0 8380812.5  50624.0 50622.8    120   13.202   0      0.000   13.202
219328.0 215872.0  0.0   18901.3 7247488.0 6641129.2 15379136.0 8526436.6  50624.0 50622.8    121   13.303   0      0.000   13.303
208896.0 211840.0  0.0   40725.1 7258368.0 5377371.9 15379136.0 8606556.7  50624.0 50622.9    123   13.463   0      0.000   13.463
202560.0 205376.0  0.0   27392.0 7275264.0 4904412.0 15379136.0 8730854.3  50624.0 50623.1    125   13.656   0      0.000   13.656
180032.0 190592.0  0.0   72210.0 7296384.0 2740439.0 15379136.0 8831517.7  50816.0 50624.2    127   13.856   0      0.000   13.856
165248.0 171968.0  0.0   57741.5 7337536.0 1452815.2 15379136.0 8985634.1  50816.0 50624.2    129   14.069   0      0.000   14.069
157376.0 159872.0  0.0   33632.1 7364416.0 615511.7 15379136.0 9114280.1  50816.0 50624.2    131   14.338   0      0.000   14.338
157376.0 153472.0 37472.0  0.0   7378688.0 7193146.5 15379136.0 9147789.9  50816.0 50625.8    133   14.453   0      0.000   14.453
147904.0 142848.0 46778.9  0.0   7398784.0 5240954.8 15379136.0 9283281.6  50816.0 50628.1    134   14.662   0      0.000   14.662
139200.0 134848.0 70342.1  0.0   7415488.0 3424085.0 15379136.0 9367701.5  50816.0 50630.5    136   14.806   0      0.000   14.806
142720.0 150848.0 33120.0  0.0   7387840.0 2196061.7 15379136.0 9487648.7  50816.0 50630.5    138   14.938   0      0.000   14.938
153344.0 320.0   0.0   320.0  7387840.0 3172814.7 15379136.0 9487704.7  50816.0 50630.9    139   14.997   0      0.000   14.997
153344.0 153856.0 352.0   0.0   7381824.0 861843.7 15379136.0 9487768.7  50816.0 50630.9    140   15.059   0      0.000   15.059
153344.0 153856.0 352.0   0.0   7381824.0 4683479.0 15379136.0 9487768.7  50816.0 50630.9    140   15.059   0      0.000   15.059
153344.0 153856.0 352.0   0.0   7381824.0 4951304.4 15379136.0 9487768.7  50816.0 50630.9    140   15.059   0      0.000   15.059
153344.0 153856.0 352.0   0.0   7381824.0 5260660.6 15379136.0 9487768.7  50816.0 50631.4    140   15.059   0      0.000   15.059
153344.0 153856.0 352.0   0.0   7381824.0 5600950.6 15379136.0 9487768.7  50816.0 50631.4    140   15.059   0      0.000   15.059
153344.0 153856.0 352.0   0.0   7381824.0 5972146.1 15379136.0 9487768.7  50816.0 50631.4    140   15.059   0      0.000   15.059
153344.0 153856.0 352.0   0.0   7381824.0 6385870.5 15379136.0 9487768.7  50816.0 50631.6    140   15.059   0      0.000   15.059
153344.0 153856.0 352.0   0.0   7381824.0 6880851.9 15379136.0 9487768.7  50816.0 50631.6    140   15.059   0      0.000   15.059
158592.0 93120.0  0.0   93061.3 7381824.0 41672.0  15379136.0 9487840.7  50816.0 50631.6    141   15.124   0      0.000   15.124
158592.0 93120.0  0.0   93061.3 7381824.0 1756445.0 15379136.0 9487840.7  50816.0 50632.4    141   15.124   0      0.000   15.124
158592.0 93120.0  0.0   93061.3 7381824.0 4096482.1 15379136.0 9487840.7  50816.0 50632.4    141   15.124   0      0.000   15.124
158592.0 93120.0  0.0   93061.3 7381824.0 6553352.0 15379136.0 9487840.7  50816.0 50632.4    141   15.124   0      0.000   15.124
158592.0 158080.0 128.0   0.0   7372864.0 450686.7 15379136.0 9534375.9  50816.0 50632.7    142   15.183   0      0.000   15.183
158592.0 158080.0 128.0   0.0   7372864.0 450732.6 15379136.0 9534375.9  50816.0 50632.7    142   15.183   0      0.000   15.183
158592.0 158080.0 128.0   0.0   7372864.0 450757.8 15379136.0 9534375.9  50816.0 50633.2    142   15.183   0      0.000   15.183
158592.0 158080.0 128.0   0.0   7372864.0 450776.6 15379136.0 9534375.9  50816.0 50633.2    142   15.183   0      0.000   15.183
158592.0 158080.0 128.0   0.0   7372864.0 450799.7 15379136.0 9534375.9  50816.0 50634.0    142   15.183   0      0.000   15.183
158592.0 158080.0 128.0  158077.4 7372864.0 7372864.0 15379136.0 9603649.1  50816.0 50636.8    143   15.183   0      0.000   15.183
158592.0 322240.0 158577.0  0.0   7045056.0 1708303.1 15379136.0 9852767.3  50816.0 50636.8    144   15.425   0      0.000   15.425
324032.0 166720.0  0.0   166684.3 7045056.0 4886669.7 15379136.0 9934537.8  50816.0 50638.6    145   15.563   0      0.000   15.563
313216.0 334208.0  0.0   113635.6 7021120.0 145515.0 15379136.0 10233597.4 50816.0 50638.6    147   15.927   0      0.000   15.927
313216.0 301888.0 68254.0  0.0   7074432.0 5624594.9 15379136.0 10344921.1 50816.0 50640.5    148   16.089   0      0.000   16.089
286528.0 275136.0 127012.4  0.0   7127872.0   0.0    15379136.0 10489762.5 50816.0 50640.8    150   16.452   0      0.000   16.452
261504.0 275136.0  0.0   119113.8 7127872.0 3861259.6 15379136.0 10614187.0 50816.0 50641.8    151   16.632   0      0.000   16.632
261504.0 248128.0 103805.8  0.0   7179904.0 6835332.6 15379136.0 10730204.8 50816.0 50642.0    152   16.845   0      0.000   16.845
238272.0 232256.0 74154.5  0.0   7219008.0 1340098.9 15379136.0 10946167.8 50816.0 50642.0    154   17.248   0      0.000   17.248
242688.0 170304.0  0.0   170281.3 7219008.0 4754019.6 15379136.0 11015156.9 50816.0 50643.8    155   17.477   0      0.000   17.477
242688.0 230656.0 117080.2 148198.8 7216192.0 7216192.0 15379136.0 11257886.4 50816.0 50643.8    157   17.744   0      0.000   17.744
231360.0 232576.0 152203.4  0.0   7224384.0 3752159.8 15379136.0 11434133.1 50816.0 50643.9    158   18.160   0      0.000   18.160
224128.0 232576.0  32.0  106395.7 7224384.0 7224384.0 15379136.0 11582706.2 50816.0 50644.1    160   18.343   0      0.000   18.343
224128.0 222464.0 143952.7  32.0  7242944.0 7242944.0 15379136.0 11685525.9 50816.0 50644.4    161   18.531   0      0.000   18.531
214528.0 222464.0  0.0   110606.1 7242944.0 5537702.4 15379136.0 11817230.5 50816.0 50644.6    161   18.754   0      0.000   18.754
214528.0 207488.0 108212.4  0.0   7267520.0 3217853.8 15379136.0 11918612.6 50816.0 50644.6    162   18.950   0      0.000   18.950
214528.0 207488.0 108212.4  32.0  7267520.0 7267520.0 15379136.0 11918636.6 50816.0 50645.8    163   18.950   0      0.000   18.950
203584.0 207488.0  0.0   133178.8 7267520.0 2324292.8 15379136.0 12014064.9 50816.0 50645.8    163   19.149   0      0.000   19.149
203584.0 207488.0  0.0   133178.8 7267520.0 3498825.9 15379136.0 12014064.9 50816.0 50645.8    163   19.149   0      0.000   19.149
203584.0 207488.0  0.0   133178.8 7267520.0 4224302.5 15379136.0 12014064.9 50816.0 50646.0    163   19.149   0      0.000   19.149
203584.0 207488.0  0.0   133178.8 7267520.0 4224325.7 15379136.0 12014064.9 50816.0 50646.4    163   19.149   0      0.000   19.149
203584.0 207488.0  0.0   133178.8 7267520.0 4224372.2 15379136.0 12014064.9 50816.0 50646.4    163   19.149   0      0.000   19.149
203584.0 207488.0  0.0   133178.8 7267520.0 4224393.2 15379136.0 12014064.9 50816.0 50646.4    163   19.149   0      0.000   19.149
203584.0 207488.0  0.0   133178.8 7267520.0 4224416.3 15379136.0 12014064.9 50816.0 50646.4    163   19.149   0      0.000   19.149
203584.0 207488.0  0.0   133178.8 7267520.0 4273140.0 15379136.0 12014064.9 50816.0 50646.7    163   19.149   0      0.000   19.149
203584.0 207488.0  0.0   133178.8 7267520.0 4273160.7 15379136.0 12014064.9 50816.0 50646.7    163   19.149   0      0.000   19.149
203584.0 207488.0  0.0   133178.8 7267520.0 4273208.3 15379136.0 12014064.9 50816.0 50646.7    163   19.149   0      0.000   19.149
203584.0 207488.0  0.0   133178.8 7267520.0 4273231.3 15379136.0 12014064.9 50816.0 50646.7    163   19.149   0      0.000   19.149
203584.0 207488.0  0.0   133178.8 7267520.0 4273252.6 15379136.0 12014064.9 50816.0 50646.7    163   19.149   0      0.000   19.149
203584.0 207488.0  0.0   133178.8 7267520.0 4273273.4 15379136.0 12014064.9 50816.0 50646.7    163   19.149   0      0.000   19.149
203584.0 207488.0  0.0   133178.8 7267520.0 4273294.4 15379136.0 12014064.9 50816.0 50646.7    163   19.149   0      0.000   19.149
203584.0 207488.0  0.0   133178.8 7267520.0 4273340.2 15379136.0 12014064.9 50816.0 50646.7    163   19.149   0      0.000   19.149
203584.0 207488.0  0.0   133178.8 7267520.0 4273361.0 15379136.0 12014064.9 50816.0 50646.7    163   19.149   0      0.000   19.149
203584.0 207488.0  0.0   133178.8 7267520.0 4273381.9 15379136.0 12014064.9 50816.0 50646.7    163   19.149   0      0.000   19.149
203584.0 207488.0  0.0   133178.8 7267520.0 4273405.0 15379136.0 12014064.9 50816.0 50647.6    163   19.149   0      0.000   19.149
203584.0 207488.0  0.0   133178.8 7267520.0 4273426.3 15379136.0 12014064.9 50816.0 50647.8    163   19.149   0      0.000   19.149
203584.0 207488.0  0.0   133178.8 7267520.0 4273473.0 15379136.0 12014064.9 50816.0 50648.0    163   19.149   0      0.000   19.149
203584.0 207488.0  0.0   133178.8 7267520.0 4273496.2 15379136.0 12014064.9 50816.0 50648.4    163   19.149   0      0.000   19.149
203584.0 195584.0 120400.4  0.0   7290368.0 619358.7 15379136.0 12094271.1 50816.0 50654.2    164   19.362   0      0.000   19.362
202560.0 195584.0 9760.0 160272.1 7290368.0 7290368.0 15379136.0 12327696.9 50816.0 50655.4    166   19.547   0      0.000   19.547
204544.0 205440.0  32.0  73664.1 7278656.0 7278656.0 15379136.0 12438769.0 50816.0 50655.4    168   19.889   0      0.000   19.889
198464.0 207168.0  0.0   111104.1 7275200.0 6559237.6 15379136.0 12558449.1 50816.0 50655.7    169   20.371   0      0.000   20.371
191616.0 197184.0  0.0   80907.9 7293888.0 2776421.8 15379136.0 12731881.3 50816.0 50656.8    171   20.753   0      0.000   20.753
191616.0 188352.0 67307.2  0.0   7309568.0 6449782.6 15379136.0 12823809.9 50816.0 50658.9    172   20.889   0      0.000   20.889
187008.0 182336.0 65756.8  0.0   7320192.0 5004456.6 15379136.0 12942832.5 50816.0 50658.9    174   21.062   0      0.000   21.062
187776.0 190080.0 125976.5  0.0   7309376.0 3970554.0 15379136.0 13056207.3 50816.0 50659.0    176   21.256   0      0.000   21.256
196416.0 190656.0 58979.6  0.0   7302464.0 2471661.8 15379136.0 13121692.9 50816.0 50659.0    178   21.469   0      0.000   21.469
186944.0 189184.0 6164.8  0.0   7311168.0 2734459.0 15379136.0 13200979.1 50816.0 50659.0    180   21.670   0      0.000   21.670
190208.0 189056.0 448.0   0.0   7310272.0 2941729.1 15379136.0 13207111.9 50816.0 50660.5    182   21.832   0      0.000   21.832
182848.0 175168.0 26555.9  0.0   7331520.0 607973.1 15379136.0 13227606.5 50816.0 50660.6    184   21.997   0      0.000   21.997
166208.0 175168.0  0.0   61739.9 7331520.0 3794868.1 15379136.0 13252966.5 50816.0 50660.6    185   22.087   0      0.000   22.087
166208.0 161280.0 70961.6  0.0   7362048.0 2135539.8 15379136.0 13294205.1 50816.0 50660.6    186   22.169   0      0.000   22.169
173696.0 117824.0  0.0   117818.4 7362048.0 1373676.7 15379136.0 13364966.8 50816.0 50660.6    187   22.265   0      0.000   22.265
173696.0 168768.0 25286.7  0.0   7347072.0 551011.1 15379136.0 13528836.7 50816.0 50660.8    188   22.363   0      0.000   22.363
173696.0 168768.0 25286.7  0.0   7347072.0 7151270.1 15379136.0 13528836.7 50816.0 50661.6    188   22.363   0      0.000   22.363
167552.0 168768.0  0.0   352.0  7347072.0 4524301.6 15379136.0 13553855.4 50816.0 50661.6    189   22.445   0      0.000   22.445
167552.0 168768.0  0.0   352.0  7347072.0 6730586.1 15379136.0 13553855.4 50816.0 50661.8    189   22.445   0      0.000   22.445
167552.0 164864.0 256.0   0.0   7357120.0 275976.0 15379136.0 13553895.4 50816.0 50661.8    190   22.526   0      0.000   22.526
167552.0 164864.0 256.0   0.0   7357120.0 275994.7 15379136.0 13553895.4 50816.0 50662.1    190   22.526   0      0.000   22.526
167552.0 164864.0 256.0   0.0   7357120.0 276015.5 15379136.0 13553895.4 50816.0 50662.1    190   22.526   0      0.000   22.526
167552.0 164864.0 256.0   0.0   7357120.0 276040.3 15379136.0 13553895.4 50816.0 50662.5    190   22.526   0      0.000   22.526
167552.0 164864.0 256.0   0.0   7357120.0 276082.5 15379136.0 13553895.4 50816.0 50663.0    190   22.526   0      0.000   22.526
167552.0 164864.0 256.0   0.0   7357120.0 276103.5 15379136.0 13553895.4 50816.0 50664.4    190   22.526   0      0.000   22.526
167552.0 164864.0 256.0   0.0   7357120.0 276122.3 15379136.0 13553895.4 50816.0 50664.8    190   22.526   0      0.000   22.526
167552.0 164864.0 256.0   0.0   7357120.0 276143.0 15379136.0 13553895.4 50816.0 50664.8    190   22.526   0      0.000   22.526
167552.0 164864.0 256.0   0.0   7357120.0 276161.8 15379136.0 13553895.4 50816.0 50665.0    190   22.526   0      0.000   22.526
167552.0 164864.0 256.0   0.0   7357120.0 276207.9 15379136.0 13553895.4 50816.0 50666.2    190   22.526   0      0.000   22.526
167552.0 164864.0 256.0   0.0   7357120.0 276226.7 15379136.0 13553895.4 50816.0 50666.6    190   22.526   0      0.000   22.526
167552.0 164864.0 256.0   0.0   7357120.0 276245.5 15379136.0 13553895.4 50816.0 50668.7    190   22.526   0      0.000   22.526
167552.0 164864.0 256.0   0.0   7357120.0 276266.2 15379136.0 13553895.4 50816.0 50671.0    190   22.526   0      0.000   22.526
167552.0 164864.0 256.0   0.0   7357120.0 276284.8 15379136.0 13553895.4 50816.0 50671.2    190   22.526   0      0.000   22.526
167552.0 164864.0 256.0   0.0   7357120.0 276328.7 15379136.0 13553895.4 50816.0 50672.5    190   22.526   0      0.000   22.526
167552.0 164864.0 256.0   0.0   7357120.0 276355.7 15379136.0 13553895.4 50816.0 50672.7    190   22.526   0      0.000   22.526
167552.0 164864.0 256.0   0.0   7357120.0 480756.0 15379136.0 13553895.4 50816.0 50673.3    190   22.526   0      0.000   22.526
167552.0 164864.0 256.0  25538.5 7357120.0 7357120.0 15379136.0 13553903.4 50816.0 50675.5    191   22.526   0      0.000   22.526
167552.0 306048.0 167525.7  0.0   7077440.0 490054.9 15379136.0 13788208.6 50816.0 50675.5    192   22.815   0      0.000   22.815
290432.0 306048.0  0.0   108261.9 7077440.0 2985123.9 15379136.0 13950934.2 50816.0 50675.6    193   22.979   0      0.000   22.979
290432.0 300672.0 174884.0  0.0   7088192.0 5483747.6 15379136.0 14079446.5 50816.0 50675.8    194   23.171   0      0.000   23.171
281280.0 264256.0 96766.5  0.0   7144000.0 2344146.9 15379136.0 14322149.6 50816.0 50675.8    196   23.555   0      0.000   23.555
281280.0 264256.0 96766.5 50912.1 7144000.0 7144000.0 15379136.0 14380940.1 50816.0 50676.1    197   23.555   0      0.000   23.555
253376.0 256256.0 148058.1  0.0   7177024.0 3464696.4 15379136.0 14475746.8 50816.0 50676.3    198   23.954   0      0.000   23.954
244928.0 256256.0  0.0   80184.1 7177024.0 4016171.9 15379136.0 14595509.9 50816.0 50676.5    199   24.223   0      0.000   24.223
244928.0 239680.0 125806.2  0.0   7204928.0 6012344.0 15379136.0 14675178.1 50816.0 50678.2    200   24.596   0      0.000   24.596
229056.0 239680.0  0.0   85974.1 7204928.0 6345999.4 15379136.0 14777232.3 50816.0 50678.2    201   24.826   0      0.000   24.826
210048.0 219776.0  0.0   86144.1 7240704.0 315981.5 15379136.0 14936282.3 50816.0 50678.2    203   25.142   0      0.000   25.142
210048.0 200896.0 86535.2  0.0   7278592.0 1382168.4 15379136.0 14962994.4 50816.0 50678.6    204   25.274   0      0.000   25.274
201728.0 200896.0  0.0   127409.7 7278592.0 4505868.0 15379136.0 15028749.5 50816.0 50678.6    205   25.404   0      0.000   25.404
201728.0 201664.0 40896.1 24192.0 7286144.0 7286144.0 15379136.0 15168423.3 50816.0 50678.6    207   25.551   0      0.000   25.551
200960.0 196160.0 50565.6  0.0   7292416.0   0.0    15379136.0 15222031.4 50816.0 50679.8    208   25.823   1      0.000   25.823
200960.0 196160.0 50565.6  0.0   7292416.0   0.0    15379136.0 15222031.4 50816.0 50679.8    208   25.823   1      0.000   25.823
200960.0 196160.0 50565.6  0.0   7292416.0   0.0    15379136.0 15222031.4 50816.0 50679.8    208   25.823   1      0.000   25.823
200960.0 196160.0 50565.6  0.0   7292416.0   0.0    15379136.0 15222031.4 50816.0 50679.8    208   25.823   1      0.000   25.823
200960.0 196160.0  0.0    0.0   7292416.0 5750108.7 15379136.0 2917422.0  101632.0 50679.8    208   25.823   1      6.782   32.605
210496.0 153600.0  0.0   153548.2 7292416.0 5417469.8 15379136.0 2917422.0  101632.0 50679.8    209   25.973   1      6.782   32.755
210496.0 225728.0 164770.9  0.0   7238080.0 1174239.1 15379136.0 3071202.3  101632.0 50679.8    210   26.197   1      6.782   32.979
210496.0 225728.0 164770.9  0.0   7238080.0 2586321.3 15379136.0 3071202.3  101632.0 50679.8    210   26.197   1      6.782   32.979
210496.0 225728.0 164770.9  0.0   7238080.0 2586358.5 15379136.0 3071202.3  101632.0 50679.8    210   26.197   1      6.782   32.979
210496.0 225728.0 164770.9  0.0   7238080.0 2586375.1 15379136.0 3071202.3  101632.0 50679.8    210   26.197   1      6.782   32.979
210496.0 225728.0 164770.9  0.0   7238080.0 2586391.7 15379136.0 3071202.3  101632.0 50679.8    210   26.197   1      6.782   32.979
210496.0 225728.0 164770.9  0.0   7238080.0 2586406.2 15379136.0 3071202.3  101632.0 50680.8    210   26.197   1      6.782   32.979
210496.0 225728.0 164770.9  0.0   7238080.0 2586420.8 15379136.0 3071202.3  101632.0 50680.8    210   26.197   1      6.782   32.979
210496.0 225728.0 164770.9  0.0   7238080.0 2586449.2 15379136.0 3071202.3  101632.0 50680.8    210   26.197   1      6.782   32.979
210496.0 225728.0 164770.9  0.0   7238080.0 2586463.7 15379136.0 3071202.3  101632.0 50680.8    210   26.197   1      6.782   32.979
210496.0 225728.0 164770.9  0.0   7238080.0 2586480.2 15379136.0 3071202.3  101632.0 50680.8    210   26.197   1      6.782   32.979
210496.0 225728.0 164770.9  0.0   7238080.0 2586494.7 15379136.0 3071202.3  101632.0 50681.3    210   26.197   1      6.782   32.979
210496.0 225728.0 164770.9  0.0   7238080.0 4267150.8 15379136.0 3071202.3  101632.0 50684.0    210   26.197   1      6.782   32.979
225728.0 225728.0  0.0   225719.4 7238080.0 6281641.7 15379136.0 3225818.2  101632.0 50684.6    211   26.412   1      6.782   33.194
295616.0 299136.0  0.0   164119.5 7091264.0 5115702.4 15379136.0 3469797.7  101632.0 50684.8    213   26.650   1      6.782   33.432
282560.0 285888.0  0.0   62300.1 7108032.0 5456827.0 15379136.0 3746133.4  101632.0 50685.3    215   26.935   1      6.782   33.717
269184.0 276608.0  0.0   71477.2 7130368.0 4443625.8 15379136.0 3876969.6  101632.0 50686.5    217   27.114   1      6.782   33.896
254720.0 264320.0  0.0   125113.2 7156032.0 2905944.7 15379136.0 3996474.1  101632.0 50686.5    219   27.284   1      6.782   34.066
251840.0 256576.0  0.0   37358.1 7176384.0 4190913.9 15379136.0 4127583.0  101632.0 50686.5    221   27.387   1      6.782   34.169
230720.0 242432.0  0.0   70721.8 7195264.0 5170706.4 15379136.0 4186802.9  101632.0 50687.2    223   27.502   1      6.782   34.284
215936.0 225152.0  0.0   55096.2 7233664.0 5739961.6 15379136.0 4242283.1  101632.0 50687.7    225   27.640   1      6.782   34.422
202112.0 209920.0  0.0   43968.1 7263680.0 4631824.3 15379136.0 4329846.5  101632.0 50688.6    227   27.871   1      6.782   34.653
204352.0 133376.0  0.0   133313.4 7293888.0 971315.9 15379136.0 4419853.7  101632.0 50689.1    229   28.065   1      6.782   34.847
204352.0 198336.0 37553.0  0.0   7286848.0 5063373.0 15379136.0 4573149.7  101632.0 50690.3    230   28.156   1      6.782   34.938
221056.0 223936.0 116862.9  0.0   7241664.0 3406335.2 15379136.0 4805117.8  101632.0 50690.7    232   28.284   1      6.782   35.066
211456.0 212672.0 5920.0  0.0   7264192.0 3257688.4 15379136.0 4941604.4  101632.0 50690.7    234   28.392   1      6.782   35.173
201728.0 197952.0 25974.0  0.0   7289856.0 2223723.2 15379136.0 5011389.8  101632.0 50690.7    236   28.517   1      6.782   35.299
193088.0 197952.0  0.0   26187.3 7289856.0 6683477.3 15379136.0 5037159.9  101632.0 50690.7    237   28.552   1      6.782   35.334
180608.0 191936.0  0.0   50189.4 7304512.0 839035.4 15379136.0 5063147.3  101632.0 50690.7    239   28.612   1      6.782   35.394
180608.0 191936.0  0.0   50189.4 7304512.0 6641328.7 15379136.0 5063147.3  101632.0 50691.9    239   28.612   1      6.782   35.394
180608.0 178560.0 288.0   0.0   7330368.0 1342713.4 15379136.0 5113088.6  101632.0 50691.9    240   28.644   1      6.782   35.426
180608.0 178560.0 288.0   0.0   7330368.0 2629679.1 15379136.0 5113088.6  101632.0 50691.9    240   28.644   1      6.782   35.426
180608.0 178560.0 288.0   0.0   7330368.0 3102176.1 15379136.0 5113088.6  101632.0 50691.9    240   28.644   1      6.782   35.426
180608.0 178560.0 288.0   0.0   7330368.0 3102219.0 15379136.0 5113088.6  101632.0 50691.9    240   28.644   1      6.782   35.426
180608.0 178560.0 288.0   0.0   7330368.0 3102239.7 15379136.0 5113088.6  101632.0 50691.9    240   28.644   1      6.782   35.426
180608.0 178560.0 288.0   0.0   7330368.0 3102260.4 15379136.0 5113088.6  101632.0 50691.9    240   28.644   1      6.782   35.426
180608.0 178560.0 288.0   0.0   7330368.0 3102281.2 15379136.0 5113088.6  101632.0 50691.9    240   28.644   1      6.782   35.426
180608.0 178560.0 288.0   0.0   7330368.0 3102297.8 15379136.0 5113088.6  101632.0 50691.9    240   28.644   1      6.782   35.426
180608.0 178560.0 288.0   0.0   7330368.0 3102344.4 15379136.0 5113088.6  101632.0 50691.9    240   28.644   1      6.782   35.426
180608.0 178560.0 288.0   0.0   7330368.0 3102363.0 15379136.0 5113088.6  101632.0 50691.9    240   28.644   1      6.782   35.426
180608.0 178560.0 288.0   0.0   7330368.0 3102383.8 15379136.0 5113088.6  101632.0 50691.9    240   28.644   1      6.782   35.426
180608.0 178560.0 288.0   0.0   7330368.0 3102404.7 15379136.0 5113088.6  101632.0 50691.9    240   28.644   1      6.782   35.426
180608.0 178560.0 288.0   0.0   7330368.0 3102421.4 15379136.0 5113088.6  101632.0 50691.9    240   28.644   1      6.782   35.426
180608.0 178560.0 288.0   0.0   7330368.0 3102465.1 15379136.0 5113088.6  101632.0 50691.9    240   28.644   1      6.782   35.426
180608.0 178560.0 288.0   0.0   7330368.0 3102485.8 15379136.0 5113088.6  101632.0 50691.9    240   28.644   1      6.782   35.426
180608.0 178560.0 288.0   0.0   7330368.0 3237687.2 15379136.0 5113088.6  101632.0 50693.6    240   28.644   1      6.782   35.426
180608.0 178560.0 288.0   0.0   7330368.0 4304029.7 15379136.0 5113088.6  101632.0 50696.1    240   28.644   1      6.782   35.426
180608.0 178560.0  0.0   178530.2 7330368.0 3231063.8 15379136.0 5119680.7  101632.0 50696.1    241   28.694   1      6.782   35.476
180608.0 229760.0 147384.0  0.0   7230016.0 6486683.0 15379136.0 5226043.7  101632.0 50696.1    242   28.784   1      6.782   35.566
253696.0 188672.0  0.0   188662.3 7236864.0 139316.3 15379136.0 5470200.0  101632.0 50696.1    245   29.227   1      6.782   36.009
253696.0 253184.0 127282.9  0.0   7182656.0 5025189.8 15379136.0 5607817.7  101632.0 50696.1    246   29.364   1      6.782   36.146
237312.0 224384.0 92213.0  0.0   7227840.0 570691.6 15379136.0 5833431.9  101632.0 50696.1    248   29.698   1      6.782   36.480
211904.0 224384.0  0.0   90474.3 7227840.0 2272658.5 15379136.0 5922556.8  101632.0 50696.3    249   29.850   1      6.782   36.632
211904.0 234368.0 181567.1  0.0   7220800.0 4610261.0 15379136.0 5989383.1  101632.0 50697.4    250   30.036   1      6.782   36.818
256128.0 212608.0  0.0   212562.0 7220800.0 2123253.0 15379136.0 6133710.4  101632.0 50697.4    251   30.270   1      6.782   37.052
256128.0 264128.0 152086.9  0.0   7161280.0 5293777.2 15379136.0 6335008.4  101632.0 50698.1    252   30.521   1      6.782   37.303
279744.0 278400.0 160340.1  0.0   7131392.0 1274676.2 15379136.0 6658928.0  101632.0 50698.1    254   31.004   1      6.782   37.786
272128.0 278400.0  0.0   71680.1 7131392.0 2527598.0 15379136.0 6810748.0  101632.0 50698.1    255   31.188   1      6.782   37.970
251520.0 258176.0  0.0   76384.1 7159232.0 343053.7 15379136.0 6984623.5  101632.0 50698.1    257   31.472   1      6.782   38.254
251520.0 246208.0 65072.3  0.0   7191808.0 2950981.7 15379136.0 7061007.7  101632.0 50698.1    258   31.595   1      6.782   38.377
239360.0 243904.0 192.0   0.0   7201728.0 3116448.1 15379136.0 7194764.4  101632.0 50698.1    260   32.081   1      6.782   38.863
267008.0 197824.0  0.0   197787.9 7201728.0 5460882.4 15379136.0 7194780.4  101632.0 50698.5    261   32.226   1      6.782   39.008
267008.0 252480.0 95818.2  0.0   7170048.0 4827299.1 15379136.0 7403141.5  101632.0 50698.5    262   32.441   1      6.782   39.223
259904.0 252480.0  0.0   164431.1 7170048.0 2866396.0 15379136.0 7494175.7  101632.0 50698.5    263   32.609   1      6.782   39.391
259904.0 252480.0  0.0   164431.1 7170048.0 5447582.9 15379136.0 7494175.7  101632.0 50698.5    263   32.609   1      6.782   39.391
259904.0 254848.0 137256.7  0.0   7174784.0 1504681.9 15379136.0 7653745.5  101632.0 50699.7    264   32.814   1      6.782   39.596
259904.0 254848.0 137256.7  0.0   7174784.0 3810834.8 15379136.0 7653745.5  101632.0 50699.7    264   32.814   1      6.782   39.596
259904.0 254848.0 137256.7  0.0   7174784.0 5004194.4 15379136.0 7653745.5  101632.0 50699.7    264   32.814   1      6.782   39.596
259904.0 254848.0 137256.7  0.0   7174784.0 5499672.1 15379136.0 7653745.5  101632.0 50699.7    264   32.814   1      6.782   39.596
259904.0 254848.0 137256.7  0.0   7174784.0 5499692.9 15379136.0 7653745.5  101632.0 50699.7    264   32.814   1      6.782   39.596
259904.0 254848.0 137256.7  0.0   7174784.0 5499711.6 15379136.0 7653745.5  101632.0 50699.7    264   32.814   1      6.782   39.596
259904.0 254848.0 137256.7  0.0   7174784.0 5499730.2 15379136.0 7653745.5  101632.0 50699.7    264   32.814   1      6.782   39.596
259904.0 254848.0 137256.7  0.0   7174784.0 5499751.0 15379136.0 7653745.5  101632.0 50699.7    264   32.814   1      6.782   39.596
259904.0 254848.0 137256.7  0.0   7174784.0 5499792.5 15379136.0 7653745.5  101632.0 50699.7    264   32.814   1      6.782   39.596
259904.0 254848.0 137256.7  0.0   7174784.0 5499813.2 15379136.0 7653745.5  101632.0 50699.7    264   32.814   1      6.782   39.596
259904.0 254848.0 137256.7  0.0   7174784.0 5499834.2 15379136.0 7653745.5  101632.0 50699.7    264   32.814   1      6.782   39.596
259904.0 254848.0 137256.7  0.0   7174784.0 5499852.8 15379136.0 7653745.5  101632.0 50699.7    264   32.814   1      6.782   39.596
259904.0 254848.0 137256.7  0.0   7174784.0 5499871.5 15379136.0 7653745.5  101632.0 50699.7    264   32.814   1      6.782   39.596
259904.0 254848.0 137256.7  0.0   7174784.0 5499919.6 15379136.0 7653745.5  101632.0 50699.7    264   32.814   1      6.782   39.596
259904.0 254848.0 137256.7  0.0   7174784.0 5499938.5 15379136.0 7653745.5  101632.0 50699.7    264   32.814   1      6.782   39.596
259904.0 254848.0 137256.7  0.0   7174784.0 5499961.3 15379136.0 7653745.5  101632.0 50699.7    264   32.814   1      6.782   39.596
259904.0 254848.0 137256.7  0.0   7174784.0 5500004.5 15379136.0 7653745.5  101632.0 50699.7    264   32.814   1      6.782   39.596
259904.0 254848.0 137256.7  0.0   7174784.0 5500025.4 15379136.0 7653745.5  101632.0 50699.7    264   32.814   1      6.782   39.596
259904.0 254848.0 137256.7  0.0   7174784.0 5573253.4 15379136.0 7653745.5  101632.0 50699.9    264   32.814   1      6.782   39.596
245056.0 254848.0  0.0   87371.4 7174784.0 319538.1 15379136.0 7784906.2  101632.0 50700.6    265   33.007   1      6.782   39.789
245056.0 235584.0 121181.8  32.0  7208896.0 7208896.0 15379136.0 7869686.5  101632.0 50700.8    267   33.144   1      6.782   39.926
232384.0 225472.0 85216.2 4352.0 7231680.0 7231680.0 15379136.0 8050316.4  101632.0 50700.8    269   33.426   1      6.782   40.208
225216.0 216256.0 86336.1 40768.0 7248064.0 7248064.0 15379136.0 8183244.5  101632.0 50700.8    271   33.788   1      6.782   40.570
207616.0 198848.0 106322.8  0.0   7283072.0 3666114.5 15379136.0 8329108.6  101632.0 50700.9    272   34.115   1      6.782   40.897
195648.0 195200.0 51851.3  0.0   7298688.0 1557422.1 15379136.0 8554465.3  101632.0 50700.9    274   34.322   1      6.782   41.104
199424.0 193472.0 60935.0  0.0   7296640.0 734468.9 15379136.0 8606140.7  101632.0 50700.9    276   34.418   1      6.782   41.200
184512.0 193472.0 29032.4 77378.8 7296640.0 7296640.0 15379136.0 8661734.3  101632.0 50700.9    278   34.478   1      6.782   41.260
186176.0 192896.0  0.0   100472.4 7303744.0 5991190.1 15379136.0 8727380.7  101632.0 50700.9    279   34.618   1      6.782   41.400
184768.0 176576.0 70256.2  0.0   7328192.0 5393228.7 15379136.0 8853351.9  101632.0 50700.9    282   34.889   1      6.782   41.671
176128.0 173824.0 30400.1  0.0   7339584.0 4828629.0 15379136.0 8950999.6  101632.0 50700.9    284   35.133   1      6.782   41.915
166464.0 164736.0 26544.1  0.0   7358336.0 5031798.2 15379136.0 9057178.7  101632.0 50700.9    286   35.345   1      6.782   42.127
163456.0 153920.0 64101.6  0.0   7372160.0 4610943.1 15379136.0 9107158.7  101632.0 50701.2    288   35.530   1      6.782   42.312
146496.0 159424.0 120585.7  0.0   7370688.0 3179121.9 15379136.0 9225933.2  101632.0 50701.2    290   35.701   1      6.782   42.483
151424.0 154944.0 320.0   0.0   7379648.0 416991.9 15379136.0 9275471.9  101632.0 50701.2    292   35.823   1      6.782   42.605
147648.0 154944.0  0.0   50659.1 7379648.0 1351661.0 15379136.0 9275543.9  101632.0 50701.2    293   35.883   1      6.782   42.665
147648.0 149312.0 352.0   0.0   7390912.0 759404.8 15379136.0 9300813.5  101632.0 50701.2    294   35.939   1      6.782   42.721
147648.0 149312.0 352.0   0.0   7390912.0 2850067.5 15379136.0 9300813.5  101632.0 50701.2    294   35.939   1      6.782   42.721
147648.0 149312.0 352.0   0.0   7390912.0 4131710.7 15379136.0 9300813.5  101632.0 50701.2    294   35.939   1      6.782   42.721
147648.0 149312.0 352.0   0.0   7390912.0 4592065.8 15379136.0 9300813.5  101632.0 50701.2    294   35.939   1      6.782   42.721
147648.0 149312.0 352.0   0.0   7390912.0 4592084.3 15379136.0 9300813.5  101632.0 50701.2    294   35.939   1      6.782   42.721
147648.0 149312.0 352.0   0.0   7390912.0 4592107.0 15379136.0 9300813.5  101632.0 50701.2    294   35.939   1      6.782   42.721
147648.0 149312.0 352.0   0.0   7390912.0 4592125.6 15379136.0 9300813.5  101632.0 50701.2    294   35.939   1      6.782   42.721
147648.0 149312.0 352.0   0.0   7390912.0 4592146.1 15379136.0 9300813.5  101632.0 50701.2    294   35.939   1      6.782   42.721
147648.0 149312.0 352.0   0.0   7390912.0 4592191.0 15379136.0 9300813.5  101632.0 50701.2    294   35.939   1      6.782   42.721
147648.0 149312.0 352.0   0.0   7390912.0 4592211.7 15379136.0 9300813.5  101632.0 50701.2    294   35.939   1      6.782   42.721
147648.0 149312.0 352.0   0.0   7390912.0 4592230.3 15379136.0 9300813.5  101632.0 50701.2    294   35.939   1      6.782   42.721
147648.0 149312.0 352.0   0.0   7390912.0 4592248.9 15379136.0 9300813.5  101632.0 50701.2    294   35.939   1      6.782   42.721
147648.0 149312.0 352.0   0.0   7390912.0 4592269.7 15379136.0 9300813.5  101632.0 50701.2    294   35.939   1      6.782   42.721
147648.0 149312.0 352.0   0.0   7390912.0 4592310.7 15379136.0 9300813.5  101632.0 50701.2    294   35.939   1      6.782   42.721
147648.0 149312.0 352.0   0.0   7390912.0 4592335.4 15379136.0 9300813.5  101632.0 50701.2    294   35.939   1      6.782   42.721
147648.0 149312.0 352.0   0.0   7390912.0 4592358.1 15379136.0 9300813.5  101632.0 50701.2    294   35.939   1      6.782   42.721
147648.0 149312.0 352.0   0.0   7390912.0 4592393.1 15379136.0 9300813.5  101632.0 50701.2    294   35.939   1      6.782   42.721
147648.0 149312.0 352.0   0.0   7390912.0 4592417.7 15379136.0 9300813.5  101632.0 50701.2    294   35.939   1      6.782   42.721
147648.0 149312.0 352.0   0.0   7390912.0 4592464.6 15379136.0 9300813.5  101632.0 50701.2    294   35.939   1      6.782   42.721
166400.0 132224.0  0.0   132215.7 7390912.0 2358115.9 15379136.0 9300869.5  101632.0 51075.2    295   35.997   1      6.782   42.779
166400.0 187584.0 143019.8  0.0   7314368.0 6425399.5 15379136.0 9304775.7  101632.0 51075.4    296   36.058   1      6.782   42.840
195072.0 196032.0 256.0   0.0   7297472.0 5677744.9 15379136.0 9489050.1  101632.0 51075.4    298   36.174   1      6.782   42.956
194880.0 192000.0 288.0   0.0   7302656.0 4347498.9 15379136.0 9489130.1  101632.0 51075.4    300   36.309   1      6.782   43.091
187712.0 182080.0 1986.5  0.0   7319744.0 2157786.5 15379136.0 9489250.1  101632.0 51249.5    302   36.421   1      6.782   43.203
172608.0 166720.0 928.1   0.0   7350208.0 1533821.9 15379136.0 9511228.0  101632.0 51250.4    304   36.530   1      6.782   43.312
160192.0 166720.0  32.0  1536.1 7350208.0 7350208.0 15379136.0 9512073.8  101632.0 51259.1    306   36.586   1      6.782   43.368
144576.0 138688.0 288.0   0.0   7406272.0   0.0    15379136.0 9554340.9  101632.0 51259.1    308   36.749   1      6.782   43.531
132352.0 138688.0  0.0   1568.1 7406272.0 5944661.3 15379136.0 9554396.9  101632.0 51259.4    309   36.801   1      6.782   43.583
118976.0 122624.0  0.0   41876.6 7434560.0 2286791.5 15379136.0 9576009.2  101632.0 51259.9    311   36.906   1      6.782   43.688
118976.0 110912.0 20630.0  0.0   7459648.0 3730212.0 15379136.0 9617680.4  101632.0 51259.9    312   36.958   1      6.782   43.740
106944.0 110912.0  0.0   352.0  7459648.0 3197029.3 15379136.0 9638126.5  101632.0 51259.9    313   37.011   1      6.782   43.793
106944.0 110912.0  0.0   352.0  7459648.0 6564958.7 15379136.0 9638126.5  101632.0 51259.9    313   37.011   1      6.782   43.793
106944.0 102592.0 352.0   0.0   7480000.0 1229537.4 15379136.0 9638190.5  101632.0 51259.9    314   37.063   1      6.782   43.845
106944.0 102592.0 352.0   0.0   7480000.0 1693951.3 15379136.0 9638190.5  101632.0 51259.9    314   37.063   1      6.782   43.845
106944.0 102592.0 352.0   0.0   7480000.0 1693973.9 15379136.0 9638190.5  101632.0 51259.9    314   37.063   1      6.782   43.845
106944.0 102592.0 352.0   0.0   7480000.0 1693994.4 15379136.0 9638190.5  101632.0 51259.9    314   37.063   1      6.782   43.845
106944.0 102592.0 352.0   0.0   7480000.0 1694012.9 15379136.0 9638190.5  101632.0 51259.9    314   37.063   1      6.782   43.845
106944.0 102592.0 352.0   0.0   7480000.0 1694031.5 15379136.0 9638190.5  101632.0 51259.9    314   37.063   1      6.782   43.845
106944.0 102592.0 352.0   0.0   7480000.0 1694080.0 15379136.0 9638190.5  101632.0 51259.9    314   37.063   1      6.782   43.845
106944.0 102592.0 352.0   0.0   7480000.0 1694096.6 15379136.0 9638190.5  101632.0 51259.9    314   37.063   1      6.782   43.845
106944.0 102592.0 352.0   0.0   7480000.0 1694119.3 15379136.0 9638190.5  101632.0 51259.9    314   37.063   1      6.782   43.845
106944.0 102592.0 352.0   0.0   7480000.0 1694135.7 15379136.0 9638190.5  101632.0 51259.9    314   37.063   1      6.782   43.845
106944.0 102592.0 352.0   0.0   7480000.0 1694156.3 15379136.0 9638190.5  101632.0 51259.9    314   37.063   1      6.782   43.845
106944.0 102592.0 352.0   0.0   7480000.0 1694200.0 15379136.0 9638190.5  101632.0 51259.9    314   37.063   1      6.782   43.845
106944.0 102592.0 352.0   0.0   7480000.0 1694220.6 15379136.0 9638190.5  101632.0 51259.9    314   37.063   1      6.782   43.845
106944.0 102592.0 352.0   0.0   7480000.0 1694239.3 15379136.0 9638190.5  101632.0 51259.9    314   37.063   1      6.782   43.845
106944.0 102592.0 352.0   0.0   7480000.0 1694259.9 15379136.0 9638190.5  101632.0 51259.9    314   37.063   1      6.782   43.845
106944.0 102592.0 352.0   0.0   7480000.0 1694282.6 15379136.0 9638190.5  101632.0 51259.9    314   37.063   1      6.782   43.845
106944.0 102592.0 352.0   0.0   7480000.0 1694354.4 15379136.0 9638190.5  101632.0 51259.9    314   37.063   1      6.782   43.845
106944.0 102592.0 352.0   0.0   7480000.0 1835404.5 15379136.0 9638190.5  101632.0 51595.1    314   37.063   1      6.782   43.845
106944.0 102592.0 352.0   0.0   7480000.0 2704969.5 15379136.0 9638190.5  101632.0 51678.4    314   37.063   1      6.782   43.845
110912.0 98624.0  0.0   98567.6 7480000.0 5353908.9 15379136.0 9719932.4  101632.0 51678.4    315   37.135   1      6.782   43.917
136512.0 140800.0  0.0   288.0  7407936.0 3404256.4 15379136.0 9969770.6  101632.0 51678.6    317   37.258   1      6.782   44.040
140032.0 144320.0  0.0   288.0  7400896.0 3806916.7 15379136.0 10051515.3 101632.0 51678.6    319   37.375   1      6.782   44.156
129664.0 135168.0  0.0   1707.0 7414336.0 2585182.9 15379136.0 10051627.3 101632.0 51689.0    321   37.506   1      6.782   44.288
120640.0 124160.0  0.0   42261.1 7435712.0 131337.0 15379136.0 10053152.0 101632.0 51689.3    323   37.645   1      6.782   44.427
108032.0 112256.0  0.0   576.0  7456640.0 755331.6 15379136.0 10115811.8 101632.0 51690.3    325   37.752   1      6.782   44.534
108032.0 103488.0 608.0   32.0  7478016.0 7478016.0 15379136.0 10116187.8 101632.0 51690.5    327   37.805   1      6.782   44.587
102592.0 101504.0 41752.7  0.0   7485440.0 6932077.3 15379136.0 10157433.1 101632.0 51690.7    328   37.913   1      6.782   44.695
98048.0 105280.0 62423.5  0.0   7478976.0 4404451.1 15379136.0 10178465.6 101632.0 51690.7    330   38.019   1      6.782   44.801
98432.0 95552.0 320.0   0.0   7495552.0 255134.1 15379136.0 10261052.8 101632.0 51690.7    332   38.126   1      6.782   44.908
92288.0 95552.0  0.0   320.0  7495552.0 1236252.9 15379136.0 10261124.8 101632.0 51690.7    333   38.179   1      6.782   44.961
92288.0 95552.0  0.0   320.0  7495552.0 6399883.8 15379136.0 10261124.8 101632.0 51690.7    333   38.179   1      6.782   44.961
92288.0 88704.0 352.0   0.0   7508544.0 136143.2 15379136.0 10261180.8 101632.0 51690.7    334   38.233   1      6.782   45.014
92288.0 88704.0 352.0   0.0   7508544.0 136261.8 15379136.0 10261180.8 101632.0 51690.7    334   38.233   1      6.782   45.014
92288.0 88704.0 352.0   0.0   7508544.0 136284.3 15379136.0 10261180.8 101632.0 51690.7    334   38.233   1      6.782   45.014
92288.0 88704.0 352.0   0.0   7508544.0 136302.9 15379136.0 10261180.8 101632.0 51690.7    334   38.233   1      6.782   45.014
92288.0 88704.0 352.0   0.0   7508544.0 136321.4 15379136.0 10261180.8 101632.0 51690.7    334   38.233   1      6.782   45.014
92288.0 88704.0 352.0   0.0   7508544.0 136365.4 15379136.0 10261180.8 101632.0 51690.7    334   38.233   1      6.782   45.014
92288.0 88704.0 352.0   0.0   7508544.0 136386.0 15379136.0 10261180.8 101632.0 51690.7    334   38.233   1      6.782   45.014
92288.0 88704.0 352.0   0.0   7508544.0 136404.5 15379136.0 10261180.8 101632.0 51690.7    334   38.233   1      6.782   45.014
92288.0 88704.0 352.0   0.0   7508544.0 136423.2 15379136.0 10261180.8 101632.0 51690.7    334   38.233   1      6.782   45.014
92288.0 88704.0 352.0   0.0   7508544.0 136443.7 15379136.0 10261180.8 101632.0 51691.0    334   38.233   1      6.782   45.014
92288.0 88704.0 352.0   0.0   7508544.0 136490.1 15379136.0 10261180.8 101632.0 51691.0    334   38.233   1      6.782   45.014
92288.0 88704.0 352.0   0.0   7508544.0 136510.7 15379136.0 10261180.8 101632.0 51691.0    334   38.233   1      6.782   45.014
92288.0 88704.0 352.0   0.0   7508544.0 136529.2 15379136.0 10261180.8 101632.0 51691.0    334   38.233   1      6.782   45.014
92288.0 88704.0 352.0   0.0   7508544.0 136547.8 15379136.0 10261180.8 101632.0 51691.0    334   38.233   1      6.782   45.014
92288.0 88704.0 352.0   0.0   7508544.0 136568.3 15379136.0 10261180.8 101632.0 51691.0    334   38.233   1      6.782   45.014
92288.0 88704.0 352.0   0.0   7508544.0 136612.2 15379136.0 10261180.8 101632.0 51691.0    334   38.233   1      6.782   45.014
92288.0 88704.0 352.0   0.0   7508544.0 2746044.3 15379136.0 10261180.8 101632.0 51702.4    334   38.233   1      6.782   45.014
94720.0 86272.0  0.0   86266.4 7508544.0 7087155.8 15379136.0 10323512.5 101632.0 51702.4    335   38.299   1      6.782   45.081
122880.0 81984.0  0.0   81941.0 7466176.0 7151227.3 15379136.0 10470913.0 101632.0 51702.4    337   38.418   1      6.782   45.200
116288.0 119872.0  32.0  256.0  7446784.0 7446784.0 15379136.0 10552662.0 101632.0 51702.4    340   38.541   1      6.782   45.323
107456.0 112192.0  0.0   2144.2 7461056.0 7028402.0 15379136.0 10552766.0 101632.0 51704.6    341   38.655   1      6.782   45.437
102208.0 102848.0  0.0   41104.2 7479232.0 6442966.0 15379136.0 10554731.9 101632.0 51704.8    343   38.770   1      6.782   45.552
97920.0 97920.0  0.0   41531.0 7489408.0 6318121.8 15379136.0 10596597.8 101632.0 51704.8    345   38.884   1      6.782   45.666
90304.0 94208.0  0.0   288.0  7497408.0 6389940.7 15379136.0 10638000.9 101632.0 51708.9    347   38.999   1      6.782   45.781
80384.0 85888.0  0.0   20494.4 7513344.0 3968172.3 15379136.0 10639659.6 101632.0 51708.9    349   39.114   1      6.782   45.896
80384.0 83072.0 41577.0  0.0   7523392.0 6917819.3 15379136.0 10659934.1 101632.0 51710.9    350   39.173   1      6.782   45.955
77184.0 79488.0 41588.6  0.0   7530560.0 658038.8 15379136.0 10721678.9 101632.0 51712.2    352   39.292   1      6.782   46.074
77184.0 79488.0 41588.6  0.0   7530560.0 6814443.6 15379136.0 10721678.9 101632.0 51712.2    352   39.292   1      6.782   46.074
77440.0 79488.0  0.0   320.0  7530560.0 3289331.3 15379136.0 10763035.5 101632.0 51712.8    353   39.357   1      6.782   46.139
77440.0 79488.0  0.0   320.0  7530560.0 4741602.1 15379136.0 10763035.5 101632.0 51712.8    353   39.357   1      6.782   46.139
77440.0 79488.0  0.0   320.0  7530560.0 4741647.2 15379136.0 10763035.5 101632.0 51712.8    353   39.357   1      6.782   46.139
77440.0 79488.0  0.0   320.0  7530560.0 4741667.7 15379136.0 10763035.5 101632.0 51712.8    353   39.357   1      6.782   46.139
77440.0 79488.0  0.0   320.0  7530560.0 4741688.4 15379136.0 10763035.5 101632.0 51712.8    353   39.357   1      6.782   46.139
77440.0 79488.0  0.0   320.0  7530560.0 4741706.9 15379136.0 10763035.5 101632.0 51712.8    353   39.357   1      6.782   46.139
77440.0 79488.0  0.0   320.0  7530560.0 4741727.4 15379136.0 10763035.5 101632.0 51712.8    353   39.357   1      6.782   46.139
77440.0 79488.0  0.0   320.0  7530560.0 4741773.8 15379136.0 10763035.5 101632.0 51712.8    353   39.357   1      6.782   46.139
77440.0 79488.0  0.0   320.0  7530560.0 4741794.3 15379136.0 10763035.5 101632.0 51712.8    353   39.357   1      6.782   46.139
77440.0 79488.0  0.0   320.0  7530560.0 4741812.8 15379136.0 10763035.5 101632.0 51712.8    353   39.357   1      6.782   46.139
77440.0 79488.0  0.0   320.0  7530560.0 4741831.4 15379136.0 10763035.5 101632.0 51712.8    353   39.357   1      6.782   46.139
77440.0 79488.0  0.0   320.0  7530560.0 7511626.4 15379136.0 10763035.5 101632.0 51720.7    354   39.357   1      6.782   46.139
98688.0 81792.0  0.0   81759.4 7509056.0 1860890.2 15379136.0 10894936.0 101632.0 51720.7    355   39.492   1      6.782   46.274
125376.0 81216.0  0.0   81192.3 7456320.0 663783.4 15379136.0 11017692.3 101632.0 51720.7    357   39.618   1      6.782   46.400
120960.0 123648.0  0.0   288.0  7440512.0 1379279.2 15379136.0 11078610.0 101632.0 51720.7    359   39.734   1      6.782   46.516
113600.0 117376.0  0.0   256.0  7451200.0 815264.9 15379136.0 11080287.8 101632.0 51721.5    361   39.849   1      6.782   46.631
108544.0 109248.0  0.0   45109.0 7466688.0 278787.2 15379136.0 11081049.6 101632.0 51723.8    363   39.965   1      6.782   46.747
108544.0 118208.0 74623.9  0.0   7453120.0 6959680.1 15379136.0 11121846.6 101632.0 51723.8    364   40.028   1      6.782   46.810
111296.0 104640.0 21004.4  0.0   7473600.0 6701241.8 15379136.0 11163597.4 101632.0 51723.8    366   40.144   1      6.782   46.926
101760.0 98688.0 288.0   0.0   7489088.0 4860864.3 15379136.0 11185552.5 101632.0 51724.3    368   40.260   1      6.782   47.042
95040.0 110016.0 81773.4  0.0   7469504.0 634166.0 15379136.0 11186307.2 101632.0 51725.0    370   40.419   1      6.782   47.201
107008.0 110016.0  0.0   41588.6 7469504.0 3180997.6 15379136.0 11267868.7 101632.0 51725.3    371   40.478   1      6.782   47.260
107008.0 104064.0 320.0   0.0   7478464.0 2016021.7 15379136.0 11309193.3 101632.0 51725.3    372   40.541   1      6.782   47.323
107008.0 104064.0 320.0   0.0   7478464.0 7406743.8 15379136.0 11309193.3 101632.0 51725.3    372   40.541   1      6.782   47.323
100608.0 104064.0  0.0   320.0  7478464.0 2501319.8 15379136.0 11309265.3 101632.0 51725.3    373   40.606   1      6.782   47.388
100608.0 104064.0  0.0   320.0  7478464.0 2951258.4 15379136.0 11309265.3 101632.0 51725.3    373   40.606   1      6.782   47.388
100608.0 104064.0  0.0   320.0  7478464.0 2951279.0 15379136.0 11309265.3 101632.0 51725.3    373   40.606   1      6.782   47.388
100608.0 104064.0  0.0   320.0  7478464.0 2951323.3 15379136.0 11309265.3 101632.0 51725.3    373   40.606   1      6.782   47.388
100608.0 104064.0  0.0   320.0  7478464.0 2951343.8 15379136.0 11309265.3 101632.0 51725.3    373   40.606   1      6.782   47.388
100608.0 104064.0  0.0   320.0  7478464.0 2951362.5 15379136.0 11309265.3 101632.0 51725.3    373   40.606   1      6.782   47.388
100608.0 104064.0  0.0   320.0  7478464.0 2951381.0 15379136.0 11309265.3 101632.0 51725.3    373   40.606   1      6.782   47.388
100608.0 104064.0  0.0   320.0  7478464.0 2951399.5 15379136.0 11309265.3 101632.0 51725.3    373   40.606   1      6.782   47.388
100608.0 104064.0  0.0   320.0  7478464.0 2951447.5 15379136.0 11309265.3 101632.0 51725.3    373   40.606   1      6.782   47.388
100608.0 104064.0  0.0   320.0  7478464.0 2951466.0 15379136.0 11309265.3 101632.0 51725.3    373   40.606   1      6.782   47.388
100608.0 104064.0  0.0   320.0  7478464.0 2951484.6 15379136.0 11309265.3 101632.0 51725.3    373   40.606   1      6.782   47.388
100608.0 104064.0  0.0   320.0  7478464.0 2951505.2 15379136.0 11309265.3 101632.0 51725.3    373   40.606   1      6.782   47.388
100608.0 114496.0 81782.5  0.0   7460544.0 707599.9 15379136.0 11309321.3 101632.0 51729.5    374   40.666   1      6.782   47.448
126144.0 102848.0  0.0   102816.6 7460544.0 6342589.2 15379136.0 11333826.5 101632.0 51729.7    375   40.724   1      6.782   47.506
123008.0 126208.0  0.0   256.0  7437120.0 6465546.1 15379136.0 11436511.3 101632.0 51729.7    377   40.846   1      6.782   47.628
114880.0 119168.0  0.0   288.0  7447360.0 6641001.7 15379136.0 11436575.3 101632.0 51729.7    379   40.962   1      6.782   47.744
105216.0 110080.0  0.0   928.1  7464576.0 5690867.0 15379136.0 11437941.1 101632.0 51729.7    381   41.078   1      6.782   47.860
95040.0 100288.0  0.0   1856.2 7484032.0 4431425.4 15379136.0 11438685.1 101632.0 51730.4    383   41.219   1      6.782   48.001
99008.0 103552.0  0.0   288.0  7482432.0 5232952.8 15379136.0 11501368.1 101632.0 51730.6    385   41.355   1      6.782   48.137
88192.0 94336.0  0.0   21793.5 7496192.0 4040700.3 15379136.0 11501456.1 101632.0 51730.6    387   41.477   1      6.782   48.259
84544.0 82240.0  0.0   41752.7 7519104.0 2288350.2 15379136.0 11523272.6 101632.0 51730.6    389   41.594   1      6.782   48.376
84544.0 78144.0 20558.4  0.0   7526848.0 5102472.2 15379136.0 11564781.4 101632.0 51730.6    390   41.653   1      6.782   48.435
75840.0 78144.0  0.0   352.0  7526848.0 4698045.0 15379136.0 11585087.8 101632.0 51730.6    391   41.719   1      6.782   48.501
75840.0 70976.0 20954.3  0.0   7542720.0 2312915.8 15379136.0 11585159.8 101632.0 51730.6    392   41.777   1      6.782   48.559
75840.0 70976.0 20954.3  0.0   7542720.0 5414093.6 15379136.0 11585159.8 101632.0 51730.6    392   41.777   1      6.782   48.559
75840.0 70976.0 20954.3  0.0   7542720.0 6766362.2 15379136.0 11585159.8 101632.0 51730.6    392   41.777   1      6.782   48.559
75840.0 70976.0 20954.3  0.0   7542720.0 7508287.5 15379136.0 11585159.8 101632.0 51730.6    392   41.777   1      6.782   48.559
75840.0 70976.0 20954.3  0.0   7542720.0 7508310.2 15379136.0 11585159.8 101632.0 51730.6    392   41.777   1      6.782   48.559
75840.0 70976.0 20954.3  0.0   7542720.0 7508353.9 15379136.0 11585159.8 101632.0 51730.6    392   41.777   1      6.782   48.559
75840.0 70976.0 20954.3  0.0   7542720.0 7508374.5 15379136.0 11585159.8 101632.0 51730.6    392   41.777   1      6.782   48.559
75840.0 70976.0 20954.3  0.0   7542720.0 7508395.1 15379136.0 11585159.8 101632.0 51730.6    392   41.777   1      6.782   48.559
75840.0 70976.0 20954.3  0.0   7542720.0 7508413.6 15379136.0 11585159.8 101632.0 51730.6    392   41.777   1      6.782   48.559
75840.0 70976.0 20954.3  0.0   7542720.0 7508432.1 15379136.0 11585159.8 101632.0 51730.6    392   41.777   1      6.782   48.559
75840.0 70976.0 20954.3  0.0   7542720.0 7508477.5 15379136.0 11585159.8 101632.0 51730.6    392   41.777   1      6.782   48.559
75840.0 70976.0 20954.3  0.0   7542720.0 7508494.2 15379136.0 11585159.8 101632.0 51730.6    392   41.777   1      6.782   48.559
75840.0 70976.0 20954.3  0.0   7542720.0 7508516.8 15379136.0 11585159.8 101632.0 51730.6    392   41.777   1      6.782   48.559
75840.0 70976.0 20954.3  0.0   7542720.0 7508535.3 15379136.0 11585159.8 101632.0 51730.6    392   41.777   1      6.782   48.559
75840.0 70976.0 20954.3  0.0   7542720.0 7508555.9 15379136.0 11585159.8 101632.0 51730.6    392   41.777   1      6.782   48.559
75840.0 70976.0 20954.3  0.0   7542720.0 7508604.7 15379136.0 11585159.8 101632.0 51730.6    392   41.777   1      6.782   48.559
75840.0 70976.0 20954.3  0.0   7542720.0 7508648.0 15379136.0 11585159.8 101632.0 51730.6    392   41.777   1      6.782   48.559
75840.0 70976.0 20954.3  0.0   7542720.0 7508666.6 15379136.0 11585159.8 101632.0 51730.6    392   41.777   1      6.782   48.559
75840.0 70976.0 20954.3  0.0   7542720.0 7508689.3 15379136.0 11585159.8 101632.0 51730.6    392   41.777   1      6.782   48.559
75840.0 70976.0 20954.3  0.0   7542720.0 7508705.8 15379136.0 11585159.8 101632.0 51730.6    392   41.777   1      6.782   48.559
75840.0 70976.0 20954.3  0.0   7542720.0 7508748.2 15379136.0 11585159.8 101632.0 51730.6    392   41.777   1      6.782   48.559
68864.0 70976.0  0.0   544.1  7542720.0 212271.5 15379136.0 11605866.1 101632.0 51731.0    393   41.836   1      6.782   48.618
68864.0 81792.0 65957.6  0.0   7525952.0 4962831.7 15379136.0 11666829.2 101632.0 51731.1    394   41.910   1      6.782   48.692
90432.0 89600.0 40996.6  0.0   7509504.0 5575949.7 15379136.0 11773436.8 101632.0 51731.1    396   42.028   1      6.782   48.810
87936.0 85760.0 288.0   0.0   7515840.0 6504053.4 15379136.0 11814257.4 101632.0 51731.1    398   42.151   1      6.782   48.933
83136.0 79808.0 2464.2  0.0   7526592.0 5315107.9 15379136.0 11814345.4 101632.0 51732.3    400   42.269   1      6.782   49.051
76672.0 87040.0 60909.0  0.0   7515456.0 4338467.5 15379136.0 11816976.3 101632.0 51732.3    402   42.387   1      6.782   49.169
83840.0 78144.0 20942.6  0.0   7527552.0 3566330.0 15379136.0 11878383.1 101632.0 51732.5    404   42.506   1      6.782   49.287
72832.0 70720.0 256.0   0.0   7545984.0 4007072.0 15379136.0 11919814.2 101632.0 51732.5    406   42.635   1      6.782   49.417
67968.0 72000.0 40868.4  0.0   7545536.0 1818162.2 15379136.0 11921800.9 101632.0 51732.5    408   42.764   1      6.782   49.546
69760.0 72000.0  0.0   320.0  7545536.0 6641596.8 15379136.0 11962485.5 101632.0 51732.6    409   42.824   1      6.782   49.606
64000.0 66048.0  0.0   288.0  7553728.0 1890435.5 15379136.0 11983271.8 101632.0 51732.6    411   42.942   1      6.782   49.724
64000.0 66048.0  32.0  288.0  7553728.0 7553728.0 15379136.0 11983279.8 101632.0 51732.8    412   42.942   1      6.782   49.724
64000.0 61696.0 320.0   0.0   7563840.0 2382644.5 15379136.0 11983335.8 101632.0 51732.8    412   43.002   1      6.782   49.784
64000.0 61696.0 320.0   0.0   7563840.0 3226114.5 15379136.0 11983335.8 101632.0 51732.8    412   43.002   1      6.782   49.784
64000.0 61696.0 320.0   0.0   7563840.0 3226159.6 15379136.0 11983335.8 101632.0 51732.8    412   43.002   1      6.782   49.784
64000.0 61696.0 320.0   0.0   7563840.0 3226178.1 15379136.0 11983335.8 101632.0 51732.8    412   43.002   1      6.782   49.784
64000.0 61696.0 320.0   0.0   7563840.0 3226200.9 15379136.0 11983335.8 101632.0 51732.8    412   43.002   1      6.782   49.784
64000.0 61696.0 320.0   0.0   7563840.0 3226219.4 15379136.0 11983335.8 101632.0 51732.8    412   43.002   1      6.782   49.784
64000.0 61696.0 320.0   0.0   7563840.0 3226240.0 15379136.0 11983335.8 101632.0 51732.8    412   43.002   1      6.782   49.784
64000.0 61696.0 320.0   0.0   7563840.0 3226284.3 15379136.0 11983335.8 101632.0 51732.8    412   43.002   1      6.782   49.784
64000.0 61696.0 320.0   0.0   7563840.0 3226306.9 15379136.0 11983335.8 101632.0 51733.0    412   43.002   1      6.782   49.784
64000.0 61696.0 320.0   0.0   7563840.0 3226323.4 15379136.0 11983335.8 101632.0 51733.0    412   43.002   1      6.782   49.784
64000.0 61696.0 320.0   0.0   7563840.0 3226346.0 15379136.0 11983335.8 101632.0 51733.0    412   43.002   1      6.782   49.784
64000.0 61696.0 320.0   0.0   7563840.0 3226364.5 15379136.0 11983335.8 101632.0 51733.0    412   43.002   1      6.782   49.784
64000.0 61696.0 320.0   0.0   7563840.0 3226408.2 15379136.0 11983335.8 101632.0 51733.0    412   43.002   1      6.782   49.784
64000.0 61696.0 320.0   0.0   7563840.0 3226426.7 15379136.0 11983335.8 101632.0 51733.0    412   43.002   1      6.782   49.784
64000.0 61696.0 320.0   0.0   7563840.0 3226449.3 15379136.0 11983335.8 101632.0 51733.0    412   43.002   1      6.782   49.784
64384.0 61312.0  0.0   61271.3 7563840.0 3286641.2 15379136.0 12045545.6 101632.0 51741.5    413   43.063   1      6.782   49.845
86528.0 61696.0  0.0   61673.2 7535552.0 487981.7 15379136.0 12171207.1 101632.0 51741.5    415   43.186   1      6.782   49.968
84864.0 86400.0  0.0   288.0  7516608.0 471605.0 15379136.0 12273153.5 101632.0 51741.5    417   43.337   1      6.782   50.119
80000.0 82816.0  0.0   1888.2 7521856.0 396930.8 15379136.0 12273273.5 101632.0 51741.5    419   43.461   1      6.782   50.243
80000.0 77248.0 288.0   0.0   7532288.0 7349634.0 15379136.0 12274903.3 101632.0 51742.4    420   43.523   1      6.782   50.305
74112.0 89792.0 74069.0  0.0   7509952.0 6987261.6 15379136.0 12275653.1 101632.0 51742.6    422   43.644   1      6.782   50.426
83136.0 80576.0 608.0   0.0   7525824.0 6903261.0 15379136.0 12337702.3 101632.0 51742.6    424   43.770   1      6.782   50.552
77632.0 74496.0 928.1   0.0   7537408.0 4263230.6 15379136.0 12338758.4 101632.0 51742.8    426   43.890   1      6.782   50.672
70592.0 66880.0 21102.5  0.0   7552064.0 1661679.4 15379136.0 12380967.2 101632.0 51742.8    428   44.018   1      6.782   50.800
75904.0 61568.0  0.0   61567.0 7552064.0 3849840.6 15379136.0 12401869.8 101632.0 51742.8    429   44.079   1      6.782   50.861
75904.0 76288.0 320.0   0.0   7536960.0 4385065.4 15379136.0 12463220.9 101632.0 51742.8    430   44.139   1      6.782   50.921
73792.0 76288.0  0.0   320.0  7536960.0 3058858.2 15379136.0 12463284.9 101632.0 51742.8    431   44.201   1      6.782   50.983
73792.0 76288.0  0.0   320.0  7536960.0 6228107.6 15379136.0 12463284.9 101632.0 51742.8    431   44.201   1      6.782   50.983
73792.0 76288.0  0.0   320.0  7536960.0 6869726.9 15379136.0 12463284.9 101632.0 51742.8    431   44.201   1      6.782   50.983
73792.0 76672.0 40477.1  0.0   7536192.0 76387.2  15379136.0 12463356.9 101632.0 51742.8    432   44.269   1      6.782   51.051
73792.0 76672.0 40477.1  0.0   7536192.0 1451308.4 15379136.0 12463356.9 101632.0 51742.8    432   44.269   1      6.782   51.051
73792.0 76672.0 40477.1  0.0   7536192.0 2826192.6 15379136.0 12463356.9 101632.0 51742.8    432   44.269   1      6.782   51.051
73792.0 76672.0 40477.1  0.0   7536192.0 4190207.8 15379136.0 12463356.9 101632.0 51742.8    432   44.269   1      6.782   51.051
73792.0 76672.0 40477.1  0.0   7536192.0 4190271.5 15379136.0 12463356.9 101632.0 51742.8    432   44.269   1      6.782   51.051
73792.0 76672.0 40477.1  0.0   7536192.0 4190290.1 15379136.0 12463356.9 101632.0 51742.8    432   44.269   1      6.782   51.051
73792.0 76672.0 40477.1  0.0   7536192.0 4190310.8 15379136.0 12463356.9 101632.0 51742.8    432   44.269   1      6.782   51.051
73792.0 76672.0 40477.1  0.0   7536192.0 4190329.3 15379136.0 12463356.9 101632.0 51742.8    432   44.269   1      6.782   51.051
73792.0 76672.0 40477.1  0.0   7536192.0 4190378.2 15379136.0 12463356.9 101632.0 51742.8    432   44.269   1      6.782   51.051
73792.0 76672.0 40477.1  0.0   7536192.0 4190398.7 15379136.0 12463356.9 101632.0 51742.8    432   44.269   1      6.782   51.051
73792.0 76672.0 40477.1  0.0   7536192.0 4190417.3 15379136.0 12463356.9 101632.0 51742.8    432   44.269   1      6.782   51.051
73792.0 76672.0 40477.1  0.0   7536192.0 4190435.8 15379136.0 12463356.9 101632.0 51742.8    432   44.269   1      6.782   51.051
73792.0 76672.0 40477.1  0.0   7536192.0 4190456.4 15379136.0 12463356.9 101632.0 51742.8    432   44.269   1      6.782   51.051
73792.0 76672.0 40477.1  0.0   7536192.0 4190495.9 15379136.0 12463356.9 101632.0 51742.8    432   44.269   1      6.782   51.051
73792.0 76672.0 40477.1  0.0   7536192.0 4190518.4 15379136.0 12463356.9 101632.0 51742.8    432   44.269   1      6.782   51.051
83200.0 70144.0  0.0   70112.5 7536192.0 3417559.1 15379136.0 12483527.4 101632.0 51751.8    433   44.335   1      6.782   51.117
85760.0 81920.0  0.0   81907.9 7521856.0 1704326.4 15379136.0 12508621.0 101632.0 51755.3    435   44.457   1      6.782   51.239
94912.0 97344.0  0.0   256.0  7494848.0 1459473.2 15379136.0 12590385.0 101632.0 51755.3    437   44.579   1      6.782   51.361
88512.0 91968.0  0.0   1536.1 7502656.0 303584.5 15379136.0 12590513.0 101632.0 51755.8    439   44.701   1      6.782   51.483
88512.0 82304.0 21752.2  0.0   7518720.0 5400196.4 15379136.0 12591811.7 101632.0 51756.3    440   44.763   1      6.782   51.545
76096.0 73728.0 1248.1  0.0   7539712.0 4455566.8 15379136.0 12653475.7 101632.0 51756.5    442   44.887   1      6.782   51.668
76480.0 74304.0 288.0   0.0   7538752.0 5252509.3 15379136.0 12694954.5 101632.0 51756.5    444   45.009   1      6.782   51.790
71872.0 68864.0 1824.2  0.0   7548800.0 4303320.8 15379136.0 12695058.5 101632.0 51758.7    446   45.130   1      6.782   51.912
73152.0 70592.0 576.0   0.0   7545792.0 2975951.7 15379136.0 12737711.3 101632.0 51759.1    448   45.257   1      6.782   52.039
81728.0 75968.0 20630.0  0.0   7531840.0 570139.8 15379136.0 12799894.9 101632.0 51759.3    450   45.379   1      6.782   52.161
73920.0 75968.0  0.0   320.0  7531840.0 4882316.4 15379136.0 12820328.9 101632.0 51759.7    451   45.440   1      6.782   52.222
73920.0 71488.0 320.0   0.0   7544128.0 5369038.8 15379136.0 12820368.9 101632.0 51760.2    452   45.500   1      6.782   52.282
68800.0 71488.0  0.0   320.0  7544128.0 1200162.1 15379136.0 12820432.9 101632.0 51760.2    453   45.561   1      6.782   52.343
68800.0 71488.0  0.0   320.0  7544128.0 1587681.2 15379136.0 12820432.9 101632.0 51760.2    453   45.561   1      6.782   52.343
68800.0 71488.0  0.0   320.0  7544128.0 1587705.8 15379136.0 12820432.9 101632.0 51760.2    453   45.561   1      6.782   52.343
68800.0 71488.0  0.0   320.0  7544128.0 1587726.4 15379136.0 12820432.9 101632.0 51760.2    453   45.561   1      6.782   52.343
68800.0 71488.0  0.0   320.0  7544128.0 1587744.9 15379136.0 12820432.9 101632.0 51760.2    453   45.561   1      6.782   52.343
68800.0 71488.0  0.0   320.0  7544128.0 1587765.4 15379136.0 12820432.9 101632.0 51760.2    453   45.561   1      6.782   52.343
68800.0 71488.0  0.0   320.0  7544128.0 1587812.0 15379136.0 12820432.9 101632.0 51760.2    453   45.561   1      6.782   52.343
68800.0 71488.0  0.0   320.0  7544128.0 1587832.5 15379136.0 12820432.9 101632.0 51760.2    453   45.561   1      6.782   52.343
68800.0 71488.0  0.0   320.0  7544128.0 1587851.1 15379136.0 12820432.9 101632.0 51760.2    453   45.561   1      6.782   52.343
68800.0 71488.0  0.0   320.0  7544128.0 1587871.7 15379136.0 12820432.9 101632.0 51760.2    453   45.561   1      6.782   52.343
68800.0 71488.0  0.0   320.0  7544128.0 1587890.2 15379136.0 12820432.9 101632.0 51760.2    453   45.561   1      6.782   52.343
68800.0 71488.0  0.0   320.0  7544128.0 1587936.6 15379136.0 12820432.9 101632.0 51760.2    453   45.561   1      6.782   52.343
68800.0 71488.0  0.0   320.0  7544128.0 1587957.1 15379136.0 12820432.9 101632.0 51760.2    453   45.561   1      6.782   52.343
68800.0 71488.0  0.0   320.0  7544128.0 5540631.8 15379136.0 12820432.9 101632.0 51762.4    453   45.561   1      6.782   52.343
88704.0 61632.0  0.0   61626.4 7531456.0 2175233.3 15379136.0 12946718.5 101632.0 51763.1    455   45.685   1      6.782   52.467
100800.0 103936.0  0.0   40963.2 7481664.0 1885616.4 15379136.0 13049429.1 101632.0 51763.8    457   45.816   1      6.782   52.598
96448.0 98944.0  0.0   288.0  7489792.0 2125073.8 15379136.0 13090256.3 101632.0 51763.8    459   45.944   1      6.782   52.726
89856.0 93184.0  0.0   608.0  7499904.0 1289969.4 15379136.0 13091926.1 101632.0 51764.4    461   46.067   1      6.782   52.849
80256.0 83200.0  0.0   896.1  7516480.0 1119416.3 15379136.0 13113242.3 101632.0 51764.8    463   46.198   1      6.782   52.980
72576.0 77120.0  0.0   20686.6 7532160.0 930261.8 15379136.0 13114282.4 101632.0 51764.8    465   46.337   1      6.782   53.119
65920.0 68352.0  0.0   1856.2 7548608.0 566699.7 15379136.0 13155381.5 101632.0 51767.9    467   46.470   1      6.782   53.252
65920.0 62656.0 20526.4  0.0   7560960.0 6167071.8 15379136.0 13157003.3 101632.0 51768.1    468   46.535   1      6.782   53.317
60672.0 58240.0 20694.0  0.0   7570624.0 704016.2 15379136.0 13177996.4 101632.0 51768.1    470   46.661   1      6.782   53.443
56512.0 58240.0  0.0   320.0  7570624.0 2164432.2 15379136.0 13198434.5 101632.0 51768.1    471   46.724   1      6.782   53.506
56512.0 62464.0 41374.8  0.0   7564608.0 253742.8 15379136.0 13239589.3 101632.0 51768.1    472   46.792   1      6.782   53.574
56512.0 62464.0 41374.8  0.0   7564608.0 4531429.6 15379136.0 13239589.3 101632.0 51768.1    472   46.792   1      6.782   53.574
56512.0 62464.0 41374.8  32.0  7564608.0 7564608.0 15379136.0 13239597.3 101632.0 51768.1    473   46.792   1      6.782   53.574
60608.0 62464.0  0.0   320.0  7564608.0 2032089.7 15379136.0 13280929.9 101632.0 51768.5    473   46.855   1      6.782   53.637
60608.0 62464.0  0.0   320.0  7564608.0 2658568.1 15379136.0 13280929.9 101632.0 51768.5    473   46.855   1      6.782   53.637
60608.0 62464.0  0.0   320.0  7564608.0 2658586.6 15379136.0 13280929.9 101632.0 51768.5    473   46.855   1      6.782   53.637
60608.0 62464.0  0.0   320.0  7564608.0 2658609.2 15379136.0 13280929.9 101632.0 51768.5    473   46.855   1      6.782   53.637
60608.0 62464.0  0.0   320.0  7564608.0 2658651.5 15379136.0 13280929.9 101632.0 51768.5    473   46.855   1      6.782   53.637
60608.0 62464.0  0.0   320.0  7564608.0 2658669.9 15379136.0 13280929.9 101632.0 51768.5    473   46.855   1      6.782   53.637
60608.0 62464.0  0.0   320.0  7564608.0 2658690.5 15379136.0 13280929.9 101632.0 51768.5    473   46.855   1      6.782   53.637
60608.0 62464.0  0.0   320.0  7564608.0 2658709.1 15379136.0 13280929.9 101632.0 51768.5    473   46.855   1      6.782   53.637
60608.0 62464.0  0.0   320.0  7564608.0 2658729.5 15379136.0 13280929.9 101632.0 51768.5    473   46.855   1      6.782   53.637
60608.0 62464.0  0.0   320.0  7564608.0 2658775.7 15379136.0 13280929.9 101632.0 51768.8    473   46.855   1      6.782   53.637
60608.0 62464.0  0.0   320.0  7564608.0 2658794.2 15379136.0 13280929.9 101632.0 51768.8    473   46.855   1      6.782   53.637
60608.0 62464.0  0.0   320.0  7564608.0 2658814.8 15379136.0 13280929.9 101632.0 51768.8    473   46.855   1      6.782   53.637
60608.0 67264.0 45213.3  0.0   7555008.0 4742778.5 15379136.0 13280993.9 101632.0 51773.9    474   46.922   1      6.782   53.704
70720.0 81024.0 61738.6  0.0   7527488.0 4401074.1 15379136.0 13325997.8 101632.0 51773.9    476   47.047   1      6.782   53.829
79488.0 77440.0 320.0   0.0   7532608.0 5183972.1 15379136.0 13387824.2 101632.0 51773.9    478   47.171   1      6.782   53.953
75008.0 72256.0 640.0   0.0   7542272.0 5272510.5 15379136.0 13387944.2 101632.0 51775.1    480   47.294   1      6.782   54.076
68992.0 66048.0 320.0   0.0   7554496.0 4882598.0 15379136.0 13390539.0 101632.0 51775.3    482   47.420   1      6.782   54.202
62848.0 59776.0 608.0   0.0   7566912.0 3964462.7 15379136.0 13391256.7 101632.0 51776.1    484   47.573   1      6.782   54.355
58496.0 55808.0 288.0   0.0   7575232.0 3456231.1 15379136.0 13412067.4 101632.0 51776.1    486   47.703   1      6.782   54.485
52864.0 60480.0 41990.6  0.0   7568576.0 583568.0 15379136.0 13454138.7 101632.0 51776.7    488   47.833   1      6.782   54.615
58560.0 60480.0  0.0   20630.0 7568576.0 6298509.6 15379136.0 13516197.6 101632.0 51776.7    489   47.896   1      6.782   54.678
62336.0 64384.0  0.0   320.0  7560768.0 2880887.7 15379136.0 13577984.3 101632.0 51777.7    491   48.033   1      6.782   54.815
62336.0 60096.0 288.0   0.0   7567104.0 4718056.1 15379136.0 13578024.3 101632.0 51777.7    492   48.095   1      6.782   54.877
57664.0 60096.0  0.0   352.0  7567104.0 1762947.9 15379136.0 13578096.3 101632.0 51777.7    493   48.161   1      6.782   54.943
57664.0 60096.0  0.0   352.0  7567104.0 2219103.8 15379136.0 13578096.3 101632.0 51777.7    493   48.161   1      6.782   54.943
57664.0 60096.0  0.0   352.0  7567104.0 2219122.4 15379136.0 13578096.3 101632.0 51777.7    493   48.161   1      6.782   54.943
57664.0 60096.0  0.0   352.0  7567104.0 2219147.1 15379136.0 13578096.3 101632.0 51777.7    493   48.161   1      6.782   54.943
57664.0 60096.0  0.0   352.0  7567104.0 2219165.6 15379136.0 13578096.3 101632.0 51777.7    493   48.161   1      6.782   54.943
57664.0 60096.0  0.0   352.0  7567104.0 2219186.2 15379136.0 13578096.3 101632.0 51777.7    493   48.161   1      6.782   54.943
57664.0 60096.0  0.0   352.0  7567104.0 2219229.5 15379136.0 13578096.3 101632.0 51777.7    493   48.161   1      6.782   54.943
57664.0 60096.0  0.0   352.0  7567104.0 2219252.0 15379136.0 13578096.3 101632.0 51777.7    493   48.161   1      6.782   54.943
57664.0 60096.0  0.0   352.0  7567104.0 2219268.7 15379136.0 13578096.3 101632.0 51777.7    493   48.161   1      6.782   54.943
57664.0 60096.0  0.0   352.0  7567104.0 2219289.2 15379136.0 13578096.3 101632.0 51777.7    493   48.161   1      6.782   54.943
57664.0 60096.0  0.0   352.0  7567104.0 2219307.8 15379136.0 13578096.3 101632.0 51777.7    493   48.161   1      6.782   54.943
57664.0 60096.0  0.0   352.0  7567104.0 2219352.2 15379136.0 13578096.3 101632.0 51777.7    493   48.161   1      6.782   54.943
57664.0 60096.0  0.0   352.0  7567104.0 2219372.6 15379136.0 13578096.3 101632.0 51777.7    493   48.161   1      6.782   54.943
57664.0 60096.0  0.0   352.0  7567104.0 2219393.4 15379136.0 13578096.3 101632.0 51777.7    493   48.161   1      6.782   54.943
57664.0 60096.0  0.0   352.0  7567104.0 2219411.9 15379136.0 13578096.3 101632.0 51777.7    493   48.161   1      6.782   54.943
57664.0 60096.0  0.0   352.0  7567104.0 2219436.6 15379136.0 13578096.3 101632.0 51777.7    493   48.161   1      6.782   54.943
57664.0 60096.0  0.0   352.0  7567104.0 2219507.7 15379136.0 13578096.3 101632.0 51777.7    493   48.161   1      6.782   54.943
57664.0 60096.0  0.0   352.0  7567104.0 2219528.2 15379136.0 13578096.3 101632.0 51777.7    493   48.161   1      6.782   54.943
57664.0 60096.0  0.0   352.0  7567104.0 6959580.4 15379136.0 13578096.3 101632.0 51779.6    493   48.161   1      6.782   54.943
78016.0 61760.0  0.0   61733.3 7549760.0 1539864.3 15379136.0 13723911.4 101632.0 51780.2    495   48.311   1      6.782   55.093
89344.0 89984.0  0.0   40963.2 7509568.0 796380.0 15379136.0 13867110.3 101632.0 51780.2    497   48.441   1      6.782   55.223
85184.0 87552.0  0.0   960.1  7512640.0 1273221.6 15379136.0 13907881.5 101632.0 51780.6    499   48.567   1      6.782   55.349
79360.0 82368.0  0.0   288.0  7521984.0   0.0    15379136.0 13909559.3 101632.0 51782.0    501   48.716   1      6.782   55.498
79360.0 81856.0 41045.0  0.0   7525824.0 7497424.4 15379136.0 13909619.3 101632.0 51782.0    503   48.783   1      6.782   55.565
83520.0 80960.0 1536.1  0.0   7525056.0 5081607.8 15379136.0 13951102.1 101632.0 51782.1    504   48.914   1      6.782   55.696
74944.0 72640.0 1536.1  0.0   7541952.0 2306953.5 15379136.0 13972520.8 101632.0 51788.3    506   49.039   1      6.782   55.821
67968.0 72640.0  0.0   20494.4 7541952.0 6975066.3 15379136.0 13973839.5 101632.0 51789.5    507   49.102   1      6.782   55.884
74048.0 40960.0  0.0   40942.1 7546176.0 2518681.5 15379136.0 14035812.3 101632.0 51789.5    509   49.230   1      6.782   56.012
74048.0 75776.0 41464.7  0.0   7537984.0 4569874.5 15379136.0 14096774.6 101632.0 51789.5    510   49.293   1      6.782   56.075
74880.0 75776.0  0.0   288.0  7537984.0 3100178.9 15379136.0 14137967.3 101632.0 51789.5    511   49.363   1      6.782   56.145
74880.0 73344.0 320.0   0.0   7541312.0 294815.7 15379136.0 14138047.3 101632.0 51789.5    512   49.427   1      6.782   56.209
74880.0 73344.0 320.0   0.0   7541312.0 1925999.3 15379136.0 14138047.3 101632.0 51789.5    512   49.427   1      6.782   56.209
74880.0 73344.0 320.0   0.0   7541312.0 1926019.9 15379136.0 14138047.3 101632.0 51789.5    512   49.427   1      6.782   56.209
74880.0 73344.0 320.0   0.0   7541312.0 1926042.5 15379136.0 14138047.3 101632.0 51789.5    512   49.427   1      6.782   56.209
74880.0 73344.0 320.0   0.0   7541312.0 1926063.1 15379136.0 14138047.3 101632.0 51789.5    512   49.427   1      6.782   56.209
74880.0 73344.0 320.0   0.0   7541312.0 1926083.6 15379136.0 14138047.3 101632.0 51789.5    512   49.427   1      6.782   56.209
74880.0 73344.0 320.0   0.0   7541312.0 1926128.9 15379136.0 14138047.3 101632.0 51789.5    512   49.427   1      6.782   56.209
74880.0 73344.0 320.0   0.0   7541312.0 1926149.4 15379136.0 14138047.3 101632.0 51789.5    512   49.427   1      6.782   56.209
74880.0 73344.0 320.0   0.0   7541312.0 1926167.9 15379136.0 14138047.3 101632.0 51789.5    512   49.427   1      6.782   56.209
74880.0 73344.0 320.0   0.0   7541312.0 1926186.5 15379136.0 14138047.3 101632.0 51789.5    512   49.427   1      6.782   56.209
74880.0 73344.0 320.0   0.0   7541312.0 1926207.1 15379136.0 14138047.3 101632.0 51789.5    512   49.427   1      6.782   56.209
74880.0 73344.0 320.0   0.0   7541312.0 1926249.9 15379136.0 14138047.3 101632.0 51789.5    512   49.427   1      6.782   56.209
74880.0 73344.0 320.0   0.0   7541312.0 2058031.7 15379136.0 14138047.3 101632.0 51789.5    512   49.427   1      6.782   56.209
82176.0 66048.0  0.0   66026.1 7541312.0 4942353.9 15379136.0 14195560.8 101632.0 51789.5    513   49.496   1      6.782   56.278
112192.0 82240.0  0.0   82203.2 7489472.0 4327917.4 15379136.0 14322270.9 101632.0 51789.5    515   49.636   1      6.782   56.417
108096.0 110528.0  0.0   288.0  7466816.0 4714903.8 15379136.0 14404342.2 101632.0 51789.5    517   49.762   1      6.782   56.544
101376.0 105024.0  0.0   1248.1 7476416.0 4610320.6 15379136.0 14404470.2 101632.0 51789.8    519   49.888   1      6.782   56.670
89856.0 97280.0  0.0   20568.1 7490880.0 4600784.4 15379136.0 14406748.1 101632.0 51789.8    521   50.015   1      6.782   56.797
82816.0 86400.0  0.0   960.1  7513280.0 3874967.4 15379136.0 14428077.9 101632.0 51790.1    523   50.141   1      6.782   56.923
74496.0 77504.0  0.0   256.0  7529216.0 3729710.0 15379136.0 14449382.4 101632.0 51790.1    525   50.268   1      6.782   57.049
80640.0 40960.0  0.0   40900.4 7532736.0 717256.4 15379136.0 14491557.4 101632.0 51790.2    527   50.395   1      6.782   57.177
80640.0 78144.0 320.0   0.0   7530752.0 3996544.8 15379136.0 14532210.0 101632.0 51790.2    528   50.463   1      6.782   57.245
80512.0 78144.0  0.0   41225.0 7530752.0 6030885.8 15379136.0 14532302.0 101632.0 51790.2    529   50.532   1      6.782   57.314
80512.0 82176.0 41588.6  0.0   7525184.0 6456192.5 15379136.0 14573279.0 101632.0 51790.2    530   50.596   1      6.782   57.378
80128.0 82176.0  0.0   320.0  7525184.0 3025639.9 15379136.0 14614627.6 101632.0 51790.2    531   50.660   1      6.782   57.442
80128.0 82176.0  0.0   320.0  7525184.0 5048929.4 15379136.0 14614627.6 101632.0 51790.2    531   50.660   1      6.782   57.442
80128.0 82176.0  0.0   320.0  7525184.0 5620404.6 15379136.0 14614627.6 101632.0 51790.2    531   50.660   1      6.782   57.442
80128.0 82176.0  0.0   320.0  7525184.0 5620423.2 15379136.0 14614627.6 101632.0 51790.2    531   50.660   1      6.782   57.442
80128.0 82176.0  0.0   320.0  7525184.0 5620447.8 15379136.0 14614627.6 101632.0 51790.2    531   50.660   1      6.782   57.442
80128.0 82176.0  0.0   320.0  7525184.0 5620466.2 15379136.0 14614627.6 101632.0 51790.2    531   50.660   1      6.782   57.442
80128.0 82176.0  0.0   320.0  7525184.0 5620486.8 15379136.0 14614627.6 101632.0 51790.2    531   50.660   1      6.782   57.442
80128.0 82176.0  0.0   320.0  7525184.0 5620529.2 15379136.0 14614627.6 101632.0 51790.2    531   50.660   1      6.782   57.442
80128.0 82176.0  0.0   320.0  7525184.0 5620549.7 15379136.0 14614627.6 101632.0 51790.2    531   50.660   1      6.782   57.442
80128.0 82176.0  0.0   320.0  7525184.0 5620566.2 15379136.0 14614627.6 101632.0 51790.2    531   50.660   1      6.782   57.442
80128.0 82176.0  0.0   320.0  7525184.0 5620588.8 15379136.0 14614627.6 101632.0 51790.2    531   50.660   1      6.782   57.442
80128.0 82176.0  0.0   320.0  7525184.0 5620607.3 15379136.0 14614627.6 101632.0 51790.2    531   50.660   1      6.782   57.442
80128.0 82176.0  0.0   320.0  7525184.0 5620653.7 15379136.0 14614627.6 101632.0 51790.2    531   50.660   1      6.782   57.442
80128.0 82176.0  0.0   320.0  7525184.0 5620672.1 15379136.0 14614627.6 101632.0 51790.2    531   50.660   1      6.782   57.442
80128.0 82176.0  0.0   320.0  7525184.0 5620694.7 15379136.0 14614627.6 101632.0 51790.2    531   50.660   1      6.782   57.442
80128.0 92416.0 69920.5  0.0   7504704.0 2182333.1 15379136.0 14631083.6 101632.0 51790.5    532   50.731   1      6.782   57.513
102592.0 82240.0  0.0   82184.0 7504704.0 5292723.4 15379136.0 14717549.1 101632.0 51790.5    533   50.800   1      6.782   57.582
105024.0 110208.0  0.0   20434.6 7469120.0 4983047.3 15379136.0 14861039.0 101632.0 51790.5    535   50.937   1      6.782   57.719
100992.0 103360.0  0.0   288.0  7481152.0 5187854.9 15379136.0 14881289.6 101632.0 51790.5    537   51.065   1      6.782   57.847
94592.0 97856.0  0.0   288.0  7490688.0 5440635.7 15379136.0 14882663.4 101632.0 51790.5    539   51.200   1      6.782   57.982
86976.0 90944.0  0.0   1248.1 7504000.0 5174426.1 15379136.0 14883093.1 101632.0 51790.8    541   51.328   1      6.782   58.110
77952.0 81280.0  0.0   768.0  7521280.0 5123569.8 15379136.0 14905169.4 101632.0 51790.8    543   51.456   1      6.782   58.238
70208.0 73216.0  0.0   1472.1 7538368.0 4937771.2 15379136.0 14925852.0 101632.0 51790.8    545   51.585   1      6.782   58.367
64320.0 66816.0  0.0   608.0  7552512.0 4317725.7 15379136.0 14947807.1 101632.0 51790.8    547   51.713   1      6.782   58.495
74368.0 76992.0  0.0   320.0  7535552.0 1175587.8 15379136.0 15010096.0 101632.0 51790.8    549   51.842   1      6.782   58.624
74368.0 71552.0 256.0   0.0   7543616.0 2887397.8 15379136.0 15010160.0 101632.0 51790.8    550   51.906   1      6.782   58.688
68544.0 71552.0  0.0   320.0  7543616.0 447901.8 15379136.0 15010232.0 101632.0 51790.8    551   51.980   1      6.782   58.762
68544.0 71552.0  0.0   320.0  7543616.0 2249691.5 15379136.0 15010232.0 101632.0 51790.8    551   51.980   1      6.782   58.762
68544.0 71552.0  0.0   320.0  7543616.0 2249806.2 15379136.0 15010232.0 101632.0 51790.8    551   51.980   1      6.782   58.762
68544.0 71552.0  0.0   320.0  7543616.0 2249826.7 15379136.0 15010232.0 101632.0 51790.8    551   51.980   1      6.782   58.762
68544.0 71552.0  0.0   320.0  7543616.0 2249847.4 15379136.0 15010232.0 101632.0 51790.8    551   51.980   1      6.782   58.762
68544.0 71552.0  0.0   320.0  7543616.0 2249867.9 15379136.0 15010232.0 101632.0 51790.8    551   51.980   1      6.782   58.762
68544.0 71552.0  0.0   320.0  7543616.0 2249911.0 15379136.0 15010232.0 101632.0 51790.8    551   51.980   1      6.782   58.762
68544.0 71552.0  0.0   320.0  7543616.0 2249931.7 15379136.0 15010232.0 101632.0 51790.8    551   51.980   1      6.782   58.762
68544.0 71552.0  0.0   320.0  7543616.0 2249950.2 15379136.0 15010232.0 101632.0 51790.8    551   51.980   1      6.782   58.762
68544.0 71552.0  0.0   320.0  7543616.0 2249968.8 15379136.0 15010232.0 101632.0 51790.8    551   51.980   1      6.782   58.762
68544.0 71552.0  0.0   320.0  7543616.0 2249989.3 15379136.0 15010232.0 101632.0 51790.8    551   51.980   1      6.782   58.762
68544.0 71552.0  0.0   320.0  7543616.0 2250033.6 15379136.0 15010232.0 101632.0 51790.8    551   51.980   1      6.782   58.762
68544.0 71552.0  0.0   320.0  7543616.0 2250052.4 15379136.0 15010232.0 101632.0 51790.8    551   51.980   1      6.782   58.762
68544.0 71552.0  0.0   320.0  7543616.0 2250070.9 15379136.0 15010232.0 101632.0 51790.8    551   51.980   1      6.782   58.762
68544.0 71552.0  0.0   320.0  7543616.0 2250091.5 15379136.0 15010232.0 101632.0 51790.8    551   51.980   1      6.782   58.762
68544.0 71552.0  0.0   320.0  7543616.0 2250112.1 15379136.0 15010232.0 101632.0 51790.8    551   51.980   1      6.782   58.762
68544.0 71552.0  0.0   320.0  7543616.0 2250173.1 15379136.0 15010232.0 101632.0 51790.8    551   51.980   1      6.782   58.762
68544.0 71552.0  0.0   320.0  7543616.0 7396565.4 15379136.0 15010232.0 101632.0 51791.6    552   51.980   1      6.782   58.762
82816.0 82048.0  0.0   82006.2 7524672.0 3547410.4 15379136.0 15223718.9 101632.0 51791.6    553   52.134   1      6.782   58.916
82816.0 97664.0 40963.2  0.0   7494208.0   0.0    15379136.0 15285334.2 101632.0 51791.6    554   52.202   2      6.782   58.984
82816.0 97664.0 40963.2  0.0   7494208.0   0.0    15379136.0 15285334.2 101632.0 51791.6    554   52.202   2      6.782   58.984
82816.0 97664.0  0.0    0.0   7494208.0 5617539.7 15379136.0 2086002.8  115136.0 51791.6    554   52.202   2     11.511   63.713
95168.0 90816.0 8480.0  0.0   7503552.0 6579013.2 15379136.0 2086098.8  115136.0 51792.0    556   52.213   2     11.511   63.725
95424.0 109504.0 82649.9  0.0   7470528.0 5446039.3 15379136.0 2106328.0  115136.0 51792.0    558   52.254   2     11.511   63.765
103488.0 101312.0 544.0   0.0   7484736.0 5165355.7 15379136.0 2128386.0  115136.0 51792.0    560   52.279   2     11.511   63.791
94912.0 93632.0 41754.9  0.0   7500992.0 4385893.4 15379136.0 2150132.7  115136.0 51792.0    562   52.309   2     11.511   63.820
88448.0 86976.0 320.0   0.0   7514112.0 4253316.1 15379136.0 2212093.7  115136.0 51792.0    564   52.337   2     11.511   63.849
84992.0 82496.0 288.0   0.0   7522048.0   0.0    15379136.0 2212237.7  115136.0 51792.0    566   52.346   2     11.511   63.857
84992.0 82496.0 288.0   0.0   7522048.0 7111460.6 15379136.0 2212237.7  115136.0 51792.0    566   52.346   2     11.511   63.857
79680.0 82496.0  0.0   256.0  7522048.0 1195812.0 15379136.0 2212285.7  115136.0 51792.0    567   52.350   2     11.511   63.861
79680.0 82496.0  0.0   256.0  7522048.0 1212907.8 15379136.0 2212285.7  115136.0 51792.0    567   52.350   2     11.511   63.861
79680.0 82496.0  0.0   256.0  7522048.0 1212950.8 15379136.0 2212285.7  115136.0 51792.0    567   52.350   2     11.511   63.861
79680.0 82496.0  0.0   256.0  7522048.0 1212967.3 15379136.0 2212285.7  115136.0 51792.0    567   52.350   2     11.511   63.861
79680.0 82496.0  0.0   256.0  7522048.0 1212981.8 15379136.0 2212285.7  115136.0 51792.0    567   52.350   2     11.511   63.861
79680.0 82496.0  0.0   256.0  7522048.0 1213012.6 15379136.0 2212285.7  115136.0 51792.0    567   52.350   2     11.511   63.861
79680.0 82496.0  0.0   256.0  7522048.0 1213027.0 15379136.0 2212285.7  115136.0 51792.0    567   52.350   2     11.511   63.861
79680.0 82496.0  0.0   256.0  7522048.0 1213073.1 15379136.0 2212285.7  115136.0 51792.0    567   52.350   2     11.511   63.861
79680.0 82496.0  0.0   256.0  7522048.0 1213087.6 15379136.0 2212285.7  115136.0 51792.0    567   52.350   2     11.511   63.861
79680.0 82496.0  0.0   256.0  7522048.0 1213118.4 15379136.0 2212285.7  115136.0 51792.0    567   52.350   2     11.511   63.861
79680.0 82496.0  0.0   256.0  7522048.0 1213132.8 15379136.0 2212285.7  115136.0 51792.0    567   52.350   2     11.511   63.861
79680.0 82496.0  0.0   256.0  7522048.0 1213145.3 15379136.0 2212285.7  115136.0 51792.0    567   52.350   2     11.511   63.861
79680.0 82496.0  0.0   256.0  7522048.0 1213189.0 15379136.0 2212285.7  115136.0 51792.0    567   52.350   2     11.511   63.861
79680.0 82496.0  0.0   256.0  7522048.0 1213220.0 15379136.0 2212285.7  115136.0 51792.0    567   52.350   2     11.511   63.861
79680.0 82496.0  0.0   256.0  7522048.0 1213238.5 15379136.0 2212285.7  115136.0 51792.0    567   52.350   2     11.511   63.861
79680.0 82496.0  0.0   256.0  7522048.0 1398851.4 15379136.0 2212285.7  115136.0 51793.5    567   52.350   2     11.511   63.861
79680.0 82496.0  0.0   256.0  7522048.0 5309186.9 15379136.0 2212285.7  115136.0 51795.5    567   52.350   2     11.511   63.861
92480.0 45376.0  0.0   45337.7 7507520.0 4607718.3 15379136.0 2334720.8  115136.0 51795.5    569   52.396   2     11.511   63.908
89536.0 91520.0  0.0   288.0  7505536.0 5942834.4 15379136.0 2400029.2  115136.0 51795.5    571   52.432   2     11.511   63.943
84160.0 87040.0  0.0   288.0  7512960.0 7231152.3 15379136.0 2400125.2  115136.0 51795.5    573   52.442   2     11.511   63.954
77376.0 80832.0  0.0   864.1  7524544.0 7061326.7 15379136.0 2401171.0  115136.0 51795.5    575   52.452   2     11.511   63.964
70784.0 67968.0 22648.3  0.0   7550784.0 709720.8 15379136.0 2401843.0  115136.0 51795.5    578   52.485   2     11.511   63.996
64384.0 62464.0 192.0   0.0   7562688.0 2263400.6 15379136.0 2444486.0  115136.0 51795.5    580   52.514   2     11.511   64.026
60096.0 58496.0 21772.4  0.0   7570944.0 2379505.1 15379136.0 2445200.6  115136.0 51795.5    582   52.536   2     11.511   64.047
56448.0 58496.0  0.0   20846.5 7570944.0 6410958.2 15379136.0 2466773.1  115136.0 51795.5    583   52.552   2     11.511   64.064
56448.0 54848.0 256.0   0.0   7578240.0 7263448.9 15379136.0 2487351.6  115136.0 51795.5    584   52.565   2     11.511   64.076
52992.0 54848.0  0.0   256.0  7578240.0 6777360.6 15379136.0 2487415.6  115136.0 51795.5    585   52.570   2     11.511   64.081
52992.0 59648.0 41193.0  0.0   7570240.0 2182756.9 15379136.0 2487491.6  115136.0 51795.5    586   52.583   2     11.511   64.095
52992.0 59648.0 41193.0  0.0   7570240.0 3576671.9 15379136.0 2487491.6  115136.0 51795.5    586   52.583   2     11.511   64.095
52992.0 59648.0 41193.0  0.0   7570240.0 4773387.6 15379136.0 2487491.6  115136.0 51795.5    586   52.583   2     11.511   64.095
52992.0 59648.0 41193.0  0.0   7570240.0 4773449.2 15379136.0 2487491.6  115136.0 51795.5    586   52.583   2     11.511   64.095
52992.0 59648.0 41193.0  0.0   7570240.0 4773471.8 15379136.0 2487491.6  115136.0 51795.5    586   52.583   2     11.511   64.095
52992.0 59648.0 41193.0  0.0   7570240.0 4773515.3 15379136.0 2487491.6  115136.0 51795.6    586   52.583   2     11.511   64.095
52992.0 59648.0 41193.0  0.0   7570240.0 4773535.8 15379136.0 2487491.6  115136.0 51795.6    586   52.583   2     11.511   64.095
52992.0 59648.0 41193.0  0.0   7570240.0 4773554.4 15379136.0 2487491.6  115136.0 51795.6    586   52.583   2     11.511   64.095
52992.0 59648.0 41193.0  0.0   7570240.0 4773575.0 15379136.0 2487491.6  115136.0 51795.6    586   52.583   2     11.511   64.095
52992.0 59648.0 41193.0  0.0   7570240.0 4773593.5 15379136.0 2487491.6  115136.0 51795.6    586   52.583   2     11.511   64.095
52992.0 59648.0 41193.0  0.0   7570240.0 4773637.4 15379136.0 2487491.6  115136.0 51795.6    586   52.583   2     11.511   64.095
65664.0 53632.0  0.0   53568.5 7570240.0 2790108.7 15379136.0 2557144.2  115136.0 51797.4    587   52.618   2     11.511   64.129
89728.0 61760.0  0.0   61716.6 7526720.0 498210.4 15379136.0 2765061.2  115136.0 51797.4    589   52.673   2     11.511   64.184
85952.0 88128.0  0.0   288.0  7511680.0 1773082.1 15379136.0 2826577.8  115136.0 51797.4    591   52.698   2     11.511   64.209
80320.0 83328.0  0.0   640.0  7520256.0 2002676.6 15379136.0 2826657.8  115136.0 51797.4    593   52.709   2     11.511   64.220
73536.0 76928.0  0.0   608.0  7532288.0 1297349.3 15379136.0 2828308.6  115136.0 51797.4    595   52.721   2     11.511   64.232
73024.0 77568.0  0.0   21432.2 7534400.0 745975.9 15379136.0 2870069.7  115136.0 51797.7    597   52.756   2     11.511   64.267
74048.0 40448.0  0.0   40445.1 7545984.0 1897278.2 15379136.0 2891381.9  115136.0 51797.7    599   52.784   2     11.511   64.295
79680.0 53952.0  0.0   53900.4 7544064.0 1600116.6 15379136.0 2932904.9  115136.0 51798.4    601   52.819   2     11.511   64.330
79680.0 77248.0 288.0   0.0   7532608.0 6342913.5 15379136.0 2953829.3  115136.0 51798.4    602   52.833   2     11.511   64.344
87424.0 81344.0 20694.0  0.0   7520768.0 971594.1 15379136.0 3015734.5  115136.0 51798.4    604   52.870   2     11.511   64.381
82496.0 81344.0  0.0   41588.6 7520768.0 2260316.9 15379136.0 3036184.6  115136.0 51798.4    605   52.888   2     11.511   64.399
82496.0 80832.0 352.0   0.0   7526208.0 484132.1 15379136.0 3077525.2  115136.0 51798.4    606   52.902   2     11.511   64.413
82496.0 80832.0 352.0   0.0   7526208.0 4958529.4 15379136.0 3077525.2  115136.0 51798.4    606   52.902   2     11.511   64.413
82496.0 80832.0 352.0   0.0   7526208.0 5866136.9 15379136.0 3077525.2  115136.0 51798.4    606   52.902   2     11.511   64.413
82496.0 80832.0 352.0   0.0   7526208.0 5866181.9 15379136.0 3077525.2  115136.0 51798.4    606   52.902   2     11.511   64.413
82496.0 80832.0 352.0   0.0   7526208.0 5866204.5 15379136.0 3077525.2  115136.0 51798.4    606   52.902   2     11.511   64.413
82496.0 80832.0 352.0   0.0   7526208.0 5866225.0 15379136.0 3077525.2  115136.0 51798.4    606   52.902   2     11.511   64.413
82496.0 80832.0 352.0   0.0   7526208.0 5866243.7 15379136.0 3077525.2  115136.0 51798.4    606   52.902   2     11.511   64.413
82496.0 80832.0 352.0   0.0   7526208.0 5866262.3 15379136.0 3077525.2  115136.0 51798.4    606   52.902   2     11.511   64.413
82496.0 80832.0 352.0   0.0   7526208.0 5866310.1 15379136.0 3077525.2  115136.0 51798.4    606   52.902   2     11.511   64.413
82496.0 80832.0 352.0   0.0   7526208.0 5866328.6 15379136.0 3077525.2  115136.0 51798.4    606   52.902   2     11.511   64.413
82496.0 80832.0 352.0   0.0   7526208.0 5866349.1 15379136.0 3077525.2  115136.0 51798.4    606   52.902   2     11.511   64.413
82496.0 80832.0 352.0   0.0   7526208.0 6000703.3 15379136.0 3077525.2  115136.0 51799.2    606   52.902   2     11.511   64.413
86592.0 99840.0 77705.4  0.0   7489856.0 3332869.6 15379136.0 3143129.7  115136.0 51799.2    608   52.943   2     11.511   64.454
112000.0 110400.0 256.0   0.0   7467136.0 4533016.9 15379136.0 3245185.9  115136.0 51799.2    610   52.982   2     11.511   64.494
107968.0 104960.0 288.0   0.0   7476608.0 6291115.2 15379136.0 3245305.9  115136.0 51799.2    612   52.997   2     11.511   64.508
101440.0 97280.0 2336.2  0.0   7490816.0 6530077.2 15379136.0 3245393.9  115136.0 51799.7    614   53.009   2     11.511   64.520
93248.0 93952.0 41136.2  0.0   7501632.0 6703413.0 15379136.0 3247700.7  115136.0 51799.9    616   53.033   2     11.511   64.544
90176.0 86272.0 928.1   0.0   7513088.0 6521824.6 15379136.0 3289262.6  115136.0 51800.6    618   53.054   2     11.511   64.566
80448.0 82944.0 41432.7  0.0   7523648.0 7047156.9 15379136.0 3310073.3  115136.0 51800.6    620   53.086   2     11.511   64.597
79744.0 74368.0 20462.4  0.0   7535424.0 5002095.2 15379136.0 3353159.9  115136.0 51800.6    622   53.115   2     11.511   64.626
69696.0 72896.0 41193.0  0.0   7543744.0 278624.1 15379136.0 3394218.2  115136.0 51800.6    624   53.148   2     11.511   64.660
75264.0 41536.0  0.0   41524.6 7543744.0 3223026.5 15379136.0 3435203.2  115136.0 51800.6    625   53.166   2     11.511   64.678
75264.0 73920.0 256.0   0.0   7540352.0 1452942.8 15379136.0 3476543.8  115136.0 51800.6    626   53.181   2     11.511   64.693
75264.0 73920.0 256.0   0.0   7540352.0 5247042.4 15379136.0 3476543.8  115136.0 51800.6    626   53.181   2     11.511   64.693
75264.0 73920.0 256.0   0.0   7540352.0 6661942.2 15379136.0 3476543.8  115136.0 51800.6    626   53.181   2     11.511   64.693
75264.0 73920.0 256.0   0.0   7540352.0 6986560.7 15379136.0 3476543.8  115136.0 51800.6    626   53.181   2     11.511   64.693
75264.0 73920.0 256.0   0.0   7540352.0 6986581.3 15379136.0 3476543.8  115136.0 51800.6    626   53.181   2     11.511   64.693
75264.0 73920.0 256.0   0.0   7540352.0 6986599.8 15379136.0 3476543.8  115136.0 51800.6    626   53.181   2     11.511   64.693
75264.0 73920.0 256.0   0.0   7540352.0 6986645.4 15379136.0 3476543.8  115136.0 51800.6    626   53.181   2     11.511   64.693
75264.0 73920.0 256.0   0.0   7540352.0 6986664.0 15379136.0 3476543.8  115136.0 51800.6    626   53.181   2     11.511   64.693
75264.0 73920.0 256.0   0.0   7540352.0 6986686.7 15379136.0 3476543.8  115136.0 51800.6    626   53.181   2     11.511   64.693
75264.0 73920.0 256.0   0.0   7540352.0 6986703.2 15379136.0 3476543.8  115136.0 51800.6    626   53.181   2     11.511   64.693
75264.0 73920.0 256.0   0.0   7540352.0 6986725.7 15379136.0 3476543.8  115136.0 51800.6    626   53.181   2     11.511   64.693
75264.0 73920.0 256.0   0.0   7540352.0 6986766.7 15379136.0 3476543.8  115136.0 51800.6    626   53.181   2     11.511   64.693
70144.0 73920.0  0.0   24960.5 7540352.0 5327863.9 15379136.0 3476623.8  115136.0 51801.4    627   53.191   2     11.511   64.703
88256.0 61632.0  0.0   61630.5 7528896.0 1360291.4 15379136.0 3603826.9  115136.0 51801.4    629   53.238   2     11.511   64.749
86016.0 86592.0  0.0   288.0  7514688.0 877805.4 15379136.0 3726098.0  115136.0 51801.4    631   53.274   2     11.511   64.786
82624.0 84672.0  0.0   1120.1 7518848.0 152854.8 15379136.0 3726487.7  115136.0 51801.4    633   53.288   2     11.511   64.799
81344.0 83264.0  0.0   288.0  7523008.0 279306.0 15379136.0 3767559.5  115136.0 51801.4    635   53.318   2     11.511   64.830
73600.0 78784.0  0.0   21464.2 7529408.0 442603.9 15379136.0 3768885.3  115136.0 51801.4    637   53.340   2     11.511   64.851
69056.0 71488.0  0.0   640.0  7544448.0 1874023.5 15379136.0 3790185.5  115136.0 51801.4    639   53.361   2     11.511   64.873
68416.0 65728.0  0.0   37260.4 7554752.0 1284949.5 15379136.0 3811666.0  115136.0 51801.4    641   53.396   2     11.511   64.908
68416.0 72192.0 42311.8 61719.4 7545152.0 7545152.0 15379136.0 3833000.1  115136.0 51801.4    643   53.414   2     11.511   64.925
82176.0 77184.0 20662.0  0.0   7530176.0 3140138.0 15379136.0 3894523.6  115136.0 51801.4    644   53.453   2     11.511   64.965
76096.0 77184.0  0.0   288.0  7530176.0 4399271.7 15379136.0 3914937.7  115136.0 51801.4    645   53.468   2     11.511   64.979
76096.0 74432.0 320.0   0.0   7539008.0 2191087.4 15379136.0 3914985.7  115136.0 51801.4    646   53.475   2     11.511   64.987
76096.0 74432.0 320.0   0.0   7539008.0 3556131.6 15379136.0 3914985.7  115136.0 51801.4    646   53.475   2     11.511   64.987
76096.0 74432.0 320.0   0.0   7539008.0 3556243.2 15379136.0 3914985.7  115136.0 51801.4    646   53.475   2     11.511   64.987
76096.0 74432.0 320.0   0.0   7539008.0 3556293.9 15379136.0 3914985.7  115136.0 51801.4    646   53.475   2     11.511   64.987
76096.0 74432.0 320.0   0.0   7539008.0 3556310.3 15379136.0 3914985.7  115136.0 51801.4    646   53.475   2     11.511   64.987
76096.0 74432.0 320.0   0.0   7539008.0 3556332.9 15379136.0 3914985.7  115136.0 51801.4    646   53.475   2     11.511   64.987
76096.0 74432.0 320.0   0.0   7539008.0 3556349.5 15379136.0 3914985.7  115136.0 51801.4    646   53.475   2     11.511   64.987
76096.0 74432.0 320.0   0.0   7539008.0 3556368.1 15379136.0 3914985.7  115136.0 51801.4    646   53.475   2     11.511   64.987
76096.0 74432.0 320.0   0.0   7539008.0 3556413.3 15379136.0 3914985.7  115136.0 51801.4    646   53.475   2     11.511   64.987
76096.0 74432.0 320.0   0.0   7539008.0 3556431.9 15379136.0 3914985.7  115136.0 51801.4    646   53.475   2     11.511   64.987
76096.0 74432.0 320.0   0.0   7539008.0 3556452.5 15379136.0 3914985.7  115136.0 51801.4    646   53.475   2     11.511   64.987
76096.0 74432.0 320.0   0.0   7539008.0 3556471.0 15379136.0 3914985.7  115136.0 51801.4    646   53.475   2     11.511   64.987
76096.0 74432.0 320.0   0.0   7539008.0 3556491.5 15379136.0 3914985.7  115136.0 51801.4    646   53.475   2     11.511   64.987
76096.0 74432.0 320.0   0.0   7539008.0 3556533.5 15379136.0 3914985.7  115136.0 51801.4    646   53.475   2     11.511   64.987
76096.0 74432.0 320.0   0.0   7539008.0 3556554.2 15379136.0 3914985.7  115136.0 51801.4    646   53.475   2     11.511   64.987
76096.0 74432.0 320.0   0.0   7539008.0 5787998.8 15379136.0 3914985.7  115136.0 51801.8    646   53.475   2     11.511   64.987
84928.0 85632.0 40575.1  0.0   7518272.0 2214394.2 15379136.0 3959842.7  115136.0 51801.8    648   53.517   2     11.511   65.029
89216.0 98880.0 288.0   0.0   7491776.0 3180556.1 15379136.0 4163884.4  115136.0 51801.8    650   53.568   2     11.511   65.080
96640.0 93888.0 320.0   0.0   7499008.0 4927419.9 15379136.0 4163996.4  115136.0 51801.8    652   53.588   2     11.511   65.100
90624.0 86912.0 1856.2  0.0   7512000.0 4256231.2 15379136.0 4164706.1  115136.0 51803.0    654   53.605   2     11.511   65.117
80704.0 77696.0 864.1   0.0   7531136.0 5666794.6 15379136.0 4186622.4  115136.0 51803.0    656   53.635   2     11.511   65.146
74496.0 71168.0 896.1   0.0   7543872.0 6655777.5 15379136.0 4187700.2  115136.0 51803.3    658   53.654   2     11.511   65.166
67712.0 64896.0 288.0   0.0   7556928.0 6616106.9 15379136.0 4208514.8  115136.0 51803.3    660   53.684   2     11.511   65.196
63232.0 60736.0 20846.5  0.0   7565568.0 4463837.0 15379136.0 4231062.0  115136.0 51803.5    662   53.716   2     11.511   65.228
58624.0 60736.0  0.0   608.0  7565568.0 7328697.7 15379136.0 4251664.5  115136.0 51803.5    663   53.731   2     11.511   65.243
68864.0 41600.0  0.0   41556.6 7560768.0 2666477.6 15379136.0 4313375.6  115136.0 51803.5    665   53.773   2     11.511   65.284
68864.0 67072.0 288.0   0.0   7553600.0 2588049.7 15379136.0 4354716.2  115136.0 51803.5    666   53.791   2     11.511   65.303
68864.0 67072.0 288.0   0.0   7553600.0 6727507.1 15379136.0 4354716.2  115136.0 51803.5    666   53.791   2     11.511   65.303
64896.0 67072.0  0.0   320.0  7553600.0 932623.4 15379136.0 4354780.2  115136.0 51803.5    667   53.800   2     11.511   65.312
64896.0 67072.0  0.0   320.0  7553600.0 1234707.8 15379136.0 4354780.2  115136.0 51803.5    667   53.800   2     11.511   65.312
64896.0 67072.0  0.0   320.0  7553600.0 1234728.3 15379136.0 4354780.2  115136.0 51803.5    667   53.800   2     11.511   65.312
64896.0 67072.0  0.0   320.0  7553600.0 1234746.9 15379136.0 4354780.2  115136.0 51803.5    667   53.800   2     11.511   65.312
64896.0 67072.0  0.0   320.0  7553600.0 1234765.6 15379136.0 4354780.2  115136.0 51803.5    667   53.800   2     11.511   65.312
64896.0 67072.0  0.0   320.0  7553600.0 1234809.1 15379136.0 4354780.2  115136.0 51803.5    667   53.800   2     11.511   65.312
64896.0 67072.0  0.0   320.0  7553600.0 1234831.7 15379136.0 4354780.2  115136.0 51803.5    667   53.800   2     11.511   65.312
64896.0 67072.0  0.0   320.0  7553600.0 1234850.2 15379136.0 4354780.2  115136.0 51803.5    667   53.800   2     11.511   65.312
64896.0 67072.0  0.0   320.0  7553600.0 1234870.9 15379136.0 4354780.2  115136.0 51803.5    667   53.800   2     11.511   65.312
64896.0 67072.0  0.0   320.0  7553600.0 1234887.5 15379136.0 4354780.2  115136.0 51803.5    667   53.800   2     11.511   65.312
64896.0 67072.0  0.0   320.0  7553600.0 2699651.7 15379136.0 4354780.2  115136.0 51807.3    667   53.800   2     11.511   65.312
64896.0 71168.0 45693.0  0.0   7547200.0 7201771.0 15379136.0 4437196.1  115136.0 51807.3    668   53.829   2     11.511   65.341
80768.0 82688.0 40963.2  0.0   7524160.0 7254477.8 15379136.0 4544561.4  115136.0 51807.3    671   53.876   2     11.511   65.387
80384.0 82176.0  0.0   288.0  7525184.0 1062343.4 15379136.0 4626426.5  115136.0 51807.3    673   53.930   2     11.511   65.442
72320.0 77824.0  0.0   20536.1 7531328.0 446850.2 15379136.0 4628717.2  115136.0 51807.3    675   53.955   2     11.511   65.467
73984.0 41792.0  0.0   41749.1 7546816.0 598976.9 15379136.0 4649105.4  115136.0 51807.3    677   53.990   2     11.511   65.501
69632.0 72000.0  0.0   576.0  7543552.0 1995595.4 15379136.0 4690868.2  115136.0 51807.3    679   54.018   2     11.511   65.529
63488.0 65728.0  0.0   1504.1 7554176.0 1611914.8 15379136.0 4711406.8  115136.0 51807.3    681   54.049   2     11.511   65.560
63488.0 61184.0 608.0   0.0   7564864.0 5939486.5 15379136.0 4712700.6  115136.0 51807.3    682   54.061   2     11.511   65.572
59264.0 61184.0  0.0   21454.5 7564864.0 7081549.0 15379136.0 4713052.6  115136.0 51807.3    683   54.076   2     11.511   65.588
68864.0 41600.0  0.0   41556.6 7560256.0 2018565.8 15379136.0 4795626.3  115136.0 51807.3    685   54.117   2     11.511   65.628
68864.0 67264.0 320.0   0.0   7553408.0 1400854.0 15379136.0 4836967.0  115136.0 51807.3    686   54.135   2     11.511   65.647
68864.0 67264.0 320.0   0.0   7553408.0 6606953.1 15379136.0 4836967.0  115136.0 51807.3    686   54.135   2     11.511   65.647
65280.0 67264.0  0.0   352.0  7553408.0 1274819.5 15379136.0 4837047.0  115136.0 51807.3    687   54.145   2     11.511   65.656
65280.0 67264.0  0.0   352.0  7553408.0 1546564.4 15379136.0 4837047.0  115136.0 51807.3    687   54.145   2     11.511   65.656
65280.0 67264.0  0.0   352.0  7553408.0 1546629.5 15379136.0 4837047.0  115136.0 51807.3    687   54.145   2     11.511   65.656
65280.0 67264.0  0.0   352.0  7553408.0 1546650.1 15379136.0 4837047.0  115136.0 51807.3    687   54.145   2     11.511   65.656
65280.0 67264.0  0.0   352.0  7553408.0 1894896.3 15379136.0 4837047.0  115136.0 51807.3    687   54.145   2     11.511   65.656
65280.0 67264.0  0.0   352.0  7553408.0 3270488.7 15379136.0 4837047.0  115136.0 51807.3    687   54.145   2     11.511   65.656
65280.0 67264.0  0.0   352.0  7553408.0 4635162.4 15379136.0 4837047.0  115136.0 51807.3    687   54.145   2     11.511   65.656
65280.0 67264.0  0.0   352.0  7553408.0 6010801.7 15379136.0 4837047.0  115136.0 51807.3    687   54.145   2     11.511   65.656
65280.0 67264.0  0.0   352.0  7553408.0 6480301.2 15379136.0 4837047.0  115136.0 51807.3    687   54.145   2     11.511   65.656
65280.0 67264.0  0.0   352.0  7553408.0 6480321.7 15379136.0 4837047.0  115136.0 51807.3    687   54.145   2     11.511   65.656
65280.0 67264.0  0.0   352.0  7553408.0 6480342.2 15379136.0 4837047.0  115136.0 51807.3    687   54.145   2     11.511   65.656
75136.0 65792.0  0.0   65767.4 7548608.0   0.0    15379136.0 4878792.9  115136.0 51807.4    689   54.186   2     11.511   65.698
89024.0 90752.0  0.0   288.0  7508032.0 162580.7 15379136.0 5025904.2  115136.0 51807.4    691   54.231   2     11.511   65.743
83904.0 86656.0  0.0   288.0  7513856.0 1589500.2 15379136.0 5026056.2  115136.0 51807.4    693   54.251   2     11.511   65.762
77312.0 80896.0  0.0   1824.2 7524736.0 1544638.8 15379136.0 5026208.2  115136.0 51807.4    695   54.270   2     11.511   65.782
77824.0 41344.0  0.0   41333.0 7538304.0 1169861.1 15379136.0 5028218.1  115136.0 51807.6    697   54.297   2     11.511   65.809
71296.0 74560.0  0.0   608.0  7537152.0 1721025.0 15379136.0 5070287.2  115136.0 51807.6    699   54.327   2     11.511   65.838
72256.0 75392.0  0.0   896.1  7538752.0 2473315.6 15379136.0 5111219.5  115136.0 51807.6    701   54.360   2     11.511   65.872
73536.0 76416.0  0.0   544.0  7536704.0 1929116.5 15379136.0 5153568.2  115136.0 51808.6    703   54.394   2     11.511   65.905
78400.0 84736.0  0.0   20598.0 7520064.0 626214.3 15379136.0 5215763.9  115136.0 51808.6    705   54.436   2     11.511   65.947
78400.0 76096.0 320.0   0.0   7535040.0 5361208.9 15379136.0 5236181.9  115136.0 51808.6    706   54.452   2     11.511   65.963
73536.0 76096.0  0.0   320.0  7535040.0 6894876.1 15379136.0 5236221.9  115136.0 51808.6    707   54.464   2     11.511   65.975
73536.0 70656.0 320.0   0.0   7545344.0 3645240.1 15379136.0 5236277.9  115136.0 51808.6    708   54.474   2     11.511   65.985
73536.0 70656.0 320.0   0.0   7545344.0 4430559.5 15379136.0 5236277.9  115136.0 51808.6    708   54.474   2     11.511   65.985
73536.0 70656.0 320.0   0.0   7545344.0 4430642.6 15379136.0 5236277.9  115136.0 51808.6    708   54.474   2     11.511   65.985
73536.0 70656.0 320.0   0.0   7545344.0 4430661.3 15379136.0 5236277.9  115136.0 51808.6    708   54.474   2     11.511   65.985
73536.0 70656.0 320.0   0.0   7545344.0 4430681.8 15379136.0 5236277.9  115136.0 51808.6    708   54.474   2     11.511   65.985
73536.0 70656.0 320.0   0.0   7545344.0 4430727.2 15379136.0 5236277.9  115136.0 51808.6    708   54.474   2     11.511   65.985
73536.0 70656.0 320.0   0.0   7545344.0 4430743.8 15379136.0 5236277.9  115136.0 51808.6    708   54.474   2     11.511   65.985
73536.0 70656.0 320.0   0.0   7545344.0 4430764.3 15379136.0 5236277.9  115136.0 51808.6    708   54.474   2     11.511   65.985
73536.0 70656.0 320.0   0.0   7545344.0 4430782.9 15379136.0 5236277.9  115136.0 51808.6    708   54.474   2     11.511   65.985
73536.0 70656.0 320.0   0.0   7545344.0 4430805.6 15379136.0 5236277.9  115136.0 51808.6    708   54.474   2     11.511   65.985
73536.0 70656.0 320.0   0.0   7545344.0 4430848.2 15379136.0 5236277.9  115136.0 51808.6    708   54.474   2     11.511   65.985
73536.0 70656.0 320.0   0.0   7545344.0 4430868.8 15379136.0 5236277.9  115136.0 51808.6    708   54.474   2     11.511   65.985
67328.0 70656.0  0.0   2432.4 7545344.0 5236421.6 15379136.0 5236325.9  115136.0 51844.6    709   54.484   2     11.511   65.996
61248.0 58176.0 288.0   0.0   7570112.0 665081.6 15379136.0 5238680.9  115136.0 51844.6    712   54.514   2     11.511   66.026
55040.0 52032.0 256.0   0.0   7582464.0 3395323.7 15379136.0 5238784.9  115136.0 51844.6    714   54.534   2     11.511   66.046
49024.0 46016.0 864.1   0.0   7594496.0 4169036.3 15379136.0 5238896.9  115136.0 51845.0    716   54.554   2     11.511   66.066
43008.0 40384.0 192.0   0.0   7606144.0 6735969.7 15379136.0 5240743.0  115136.0 51845.0    718   54.576   2     11.511   66.087
33088.0 35456.0  0.0   256.0  7616192.0 1817882.7 15379136.0 5240927.0  115136.0 51845.0    721   54.606   2     11.511   66.117
28800.0 30912.0  0.0   416.0  7625536.0 2930234.9 15379136.0 5241039.0  115136.0 51845.0    723   54.626   2     11.511   66.138
28800.0 30912.0  0.0   416.0  7625536.0 6939540.1 15379136.0 5241039.0  115136.0 51845.0    723   54.626   2     11.511   66.138
28800.0 26752.0 448.0   0.0   7633984.0 2560361.6 15379136.0 5241244.7  115136.0 51845.0    724   54.636   2     11.511   66.148
28800.0 26752.0 448.0   0.0   7633984.0 4647575.5 15379136.0 5241244.7  115136.0 51845.0    724   54.636   2     11.511   66.148
28800.0 26752.0 448.0   0.0   7633984.0 4647598.1 15379136.0 5241244.7  115136.0 51845.0    724   54.636   2     11.511   66.148
28800.0 26752.0 448.0   0.0   7633984.0 4648086.7 15379136.0 5241244.7  115136.0 51845.0    724   54.636   2     11.511   66.148
28800.0 26752.0 448.0   0.0   7633984.0 4648105.2 15379136.0 5241244.7  115136.0 51845.0    724   54.636   2     11.511   66.148
28800.0 26752.0 448.0   0.0   7633984.0 4648149.6 15379136.0 5241244.7  115136.0 51845.0    724   54.636   2     11.511   66.148
28800.0 26752.0 448.0   0.0   7633984.0 4648168.1 15379136.0 5241244.7  115136.0 51845.0    724   54.636   2     11.511   66.148
28800.0 26752.0 448.0   0.0   7633984.0 4648188.7 15379136.0 5241244.7  115136.0 51845.0    724   54.636   2     11.511   66.148
28800.0 26752.0 448.0   0.0   7633984.0 4648207.2 15379136.0 5241244.7  115136.0 51845.0    724   54.636   2     11.511   66.148
28800.0 26752.0 448.0   0.0   7633984.0 4648227.7 15379136.0 5241244.7  115136.0 51845.0    724   54.636   2     11.511   66.148
28800.0 26752.0 448.0   0.0   7633984.0 4648273.5 15379136.0 5241244.7  115136.0 51845.0    724   54.636   2     11.511   66.148
28800.0 26752.0 448.0   0.0   7633984.0 4648294.0 15379136.0 5241244.7  115136.0 51845.0    724   54.636   2     11.511   66.148
28800.0 26752.0 448.0   0.0   7633984.0 4648314.6 15379136.0 5241244.7  115136.0 51845.0    724   54.636   2     11.511   66.148
28800.0 26752.0 448.0   0.0   7633984.0 4648331.1 15379136.0 5241244.7  115136.0 51845.0    724   54.636   2     11.511   66.148
28800.0 26752.0 448.0   0.0   7633984.0 4648359.9 15379136.0 5241244.7  115136.0 51845.0    724   54.636   2     11.511   66.148
