 S0C    S1C    S0U    S1U      EC       EU        OC         OU       PC     PU    YGC     YGCT    FGC    FGCT     GCT   
961152.0 961152.0  0.0    0.0   5767232.0 115344.7 15379136.0    0.0     21248.0 4668.3      0    0.000   0      0.000    0.000
961152.0 961152.0  0.0    0.0   5767232.0 346034.1 15379136.0    0.0     21248.0 14067.5      0    0.000   0      0.000    0.000
961152.0 961152.0  0.0    0.0   5767232.0 3691482.9 15379136.0    0.0     28736.0 28527.5      0    0.000   0      0.000    0.000
961152.0 961152.0  0.0    0.0   5767232.0 5652663.0 15379136.0    0.0     38912.0 38717.6      0    0.000   0      0.000    0.000
961152.0 961152.0  0.0   90973.3 5767232.0 1236809.5 15379136.0    0.0     48128.0 48035.3      1    0.058   0      0.000    0.058
961152.0 961152.0  0.0   90973.3 5767232.0 4942849.5 15379136.0    0.0     48128.0 48072.2      1    0.058   0      0.000    0.058
961152.0 961152.0 112450.8  0.0   5767232.0 3010370.1 15379136.0    0.0     48128.0 48111.7      2    0.143   0      0.000    0.143
961152.0 961152.0  0.0   168153.3 5767232.0 1668977.4 15379136.0    0.0     48320.0 48129.4      3    0.259   0      0.000    0.259
961152.0 961152.0  0.0   168153.3 5767232.0 5592845.0 15379136.0    0.0     48320.0 48145.3      3    0.259   0      0.000    0.259
961152.0 961152.0 214137.3  0.0   5767232.0 3876027.4 15379136.0    0.0     48320.0 48146.7      4    0.404   0      0.000    0.404
312128.0 961152.0  0.0   281839.3 5767232.0 2200928.6 15379136.0    0.0     48320.0 48148.9      5    0.573   0      0.000    0.573
312128.0 961152.0 201929.3 281839.3 5767232.0 5767232.0 15379136.0    0.0     48320.0 48228.9      6    0.573   0      0.000    0.573
312128.0 376256.0 312127.3  0.0   6937024.0 4425125.3 15379136.0  14466.0   48320.0 48229.4      6    0.841   0      0.000    0.841
389184.0 273600.0  0.0   273568.2 6937024.0 1512536.1 15379136.0  108810.4  48320.0 48230.4      7    1.122   0      0.000    1.122
389184.0 273600.0  0.0   273568.2 6937024.0 5591052.1 15379136.0  108810.4  48320.0 48231.2      7    1.122   0      0.000    1.122
389184.0 405696.0 295904.2  0.0   6878144.0 2757913.0 15379136.0  189926.4  48320.0 48232.9      8    1.348   0      0.000    1.348
389184.0 405696.0 295904.2  0.0   6878144.0 6533763.2 15379136.0  189926.4  48320.0 48245.3      8    1.348   0      0.000    1.348
402752.0 400768.0 130011.9  0.0   6886016.0 139813.0 15379136.0  486318.6  48512.0 48346.0     10    1.856   0      0.000    1.856
415616.0 17344.0  0.0   17334.8 6886016.0 4595951.0 15379136.0  616342.8  48512.0 48368.5     11    2.044   0      0.000    2.044
431232.0 256.0   0.0   256.0  6836416.0 3335985.1 15379136.0  650444.3  48512.0 48369.3     13    2.074   0      0.000    2.074
425856.0 430656.0  0.0   256.0  6827648.0 2252834.6 15379136.0  650564.3  48512.0 48369.3     15    2.080   0      0.000    2.080
405376.0 417728.0  0.0   9856.1 6845952.0 932094.6 15379136.0  650720.3  48512.0 48430.1     17    2.098   0      0.000    2.098
405376.0 389248.0 22304.1  0.0   6894912.0 1486346.3 15379136.0  658387.0  48512.0 48470.9     18    2.137   0      0.000    2.137
405376.0 389248.0 22304.1  0.0   6894912.0 5374489.8 15379136.0  658387.0  48512.0 48478.5     18    2.137   0      0.000    2.137
364544.0 389248.0  0.0   69568.5 6894912.0 2645180.8 15379136.0  675459.1  48512.0 48479.0     19    2.219   0      0.000    2.219
364544.0 389248.0  0.0   69568.5 6894912.0 6811317.9 15379136.0  675459.1  48512.0 48479.3     19    2.219   0      0.000    2.219
364544.0 342272.0 65312.1  0.0   6982720.0 4122547.1 15379136.0  739467.4  48512.0 48481.0     20    2.350   0      0.000    2.350
319168.0 342272.0  0.0   96320.1 6982720.0 1344428.8 15379136.0  794539.5  48512.0 48481.6     21    2.484   0      0.000    2.484
319168.0 342272.0  0.0   96320.1 6982720.0 5280774.1 15379136.0  794539.5  48512.0 48482.0     21    2.484   0      0.000    2.484
319168.0 301696.0 60160.0  0.0   7068672.0 2654953.0 15379136.0  890891.6  48512.0 48483.4     22    2.607   0      0.000    2.607
285120.0 301696.0  0.0   60191.0 7068672.0 3777929.0 15379136.0  951035.6  48512.0 48484.7     23    2.732   0      0.000    2.732
285120.0 268416.0 66208.1  0.0   7136000.0 4926021.0 15379136.0 1011017.5  48512.0 48485.8     24    2.864   0      0.000    2.864
258112.0 268416.0  0.0   35424.0 7136000.0 5666376.5 15379136.0 1077017.6  48512.0 48486.4     25    2.988   0      0.000    2.988
236224.0 245312.0  0.0   29300.3 7186112.0 985264.3 15379136.0 1165917.8  48512.0 48492.4     27    3.182   0      0.000    3.182
236224.0 230528.0 7328.0  0.0   7222784.0 4965889.4 15379136.0 1217150.3  48512.0 48492.6     28    3.231   0      0.000    3.231
223168.0 215744.0 6496.0  0.0   7250624.0 1371693.1 15379136.0 1232854.3  48512.0 48493.6     30    3.324   0      0.000    3.324
203712.0 215744.0  0.0   29813.9 7250624.0 112207.6 15379136.0 1239262.3  48512.0 48497.9     31    3.385   0      0.000    3.385
203712.0 215744.0  0.0   29813.9 7250624.0 1533559.8 15379136.0 1239262.3  48512.0 48508.9     31    3.385   0      0.000    3.385
203712.0 215744.0  0.0   29813.9 7250624.0 3012451.8 15379136.0 1239262.3  48704.0 48515.5     31    3.385   0      0.000    3.385
203712.0 215744.0  0.0   29813.9 7250624.0 4452442.1 15379136.0 1239262.3  48704.0 48517.5     31    3.385   0      0.000    3.385
203712.0 215744.0  0.0   29813.9 7250624.0 5892160.9 15379136.0 1239262.3  49280.0 49126.5     31    3.385   0      0.000    3.385
228160.0 192320.0  0.0   192314.2 7269056.0 525282.3 15379136.0 1348793.1  49280.0 49128.9     33    3.496   0      0.000    3.496
228160.0 231360.0 81425.5  0.0   7226816.0 1971786.1 15379136.0 1381689.3  49280.0 49235.3     34    3.524   0      0.000    3.524
220608.0 231360.0  0.0   41407.6 7226816.0 6874142.7 15379136.0 1462931.0  49280.0 49236.8     35    3.557   0      0.000    3.557
204992.0 217088.0  0.0   42370.4 7251840.0 4745477.8 15379136.0 1504262.7  49280.0 49244.2     37    3.603   0      0.000    3.603
184320.0 190656.0  0.0   20393.3 7293888.0 170179.4 15379136.0 1605360.8  49280.0 49245.0     39    3.666   0      0.000    3.666
184320.0 173696.0 43123.5  0.0   7331520.0 3658739.8 15379136.0 1625542.2  49280.0 49246.3     40    3.695   0      0.000    3.695
189888.0 168128.0  0.0   168096.1 7331520.0 5557483.7 15379136.0 1674669.7  49280.0 49248.9     41    3.741   0      0.000    3.741
189888.0 195072.0 79850.6  0.0   7299392.0 6603472.0 15379136.0 1708150.0  49280.0 49250.4     42    3.769   0      0.000    3.769
186880.0 185984.0 95254.8  0.0   7316672.0 991749.1 15379136.0 1765788.1  49280.0 49250.6     44    3.830   0      0.000    3.830
185664.0 185984.0  0.0   288.0  7316672.0 2481327.3 15379136.0 1848534.9  49280.0 49251.2     45    3.861   0      0.000    3.861
185664.0 183488.0 288.0   0.0   7320384.0 412464.9 15379136.0 1848590.9  49280.0 49252.1     46    3.875   0      0.000    3.875
185664.0 183488.0 288.0   0.0   7320384.0 4516078.1 15379136.0 1848590.9  49280.0 49253.8     46    3.875   0      0.000    3.875
179968.0 183488.0  0.0   352.0  7320384.0 609858.5 15379136.0 1848646.9  49280.0 49253.8     47    3.892   0      0.000    3.892
179968.0 183488.0  0.0   352.0  7320384.0 1343274.6 15379136.0 1848646.9  49280.0 49254.8     47    3.892   0      0.000    3.892
179968.0 183488.0  0.0   352.0  7320384.0 1343282.9 15379136.0 1848646.9  49280.0 49255.2     47    3.892   0      0.000    3.892
179968.0 183488.0  0.0   352.0  7320384.0 1345910.1 15379136.0 1848646.9  49280.0 49255.2     47    3.892   0      0.000    3.892
179968.0 183488.0  0.0   352.0  7320384.0 1345920.6 15379136.0 1848646.9  49280.0 49255.6     47    3.892   0      0.000    3.892
179968.0 183488.0  0.0   352.0  7320384.0 1345931.1 15379136.0 1848646.9  49280.0 49256.2     47    3.892   0      0.000    3.892
179968.0 183488.0  0.0   352.0  7320384.0 1345941.9 15379136.0 1848646.9  49280.0 49256.3     47    3.892   0      0.000    3.892
179968.0 183488.0  0.0   352.0  7320384.0 1345952.6 15379136.0 1848646.9  49280.0 49256.5     47    3.892   0      0.000    3.892
179968.0 183488.0  0.0   352.0  7320384.0 1345980.1 15379136.0 1848646.9  49280.0 49257.3     47    3.892   0      0.000    3.892
179968.0 183488.0  0.0   352.0  7320384.0 1346082.6 15379136.0 1848646.9  49280.0 49257.3     47    3.892   0      0.000    3.892
179968.0 183488.0  0.0   352.0  7320384.0 1360003.8 15379136.0 1848646.9  49280.0 49263.4     47    3.892   0      0.000    3.892
179968.0 183488.0  0.0   352.0  7320384.0 1360014.2 15379136.0 1848646.9  49280.0 49263.4     47    3.892   0      0.000    3.892
179968.0 183488.0  0.0   352.0  7320384.0 1360024.8 15379136.0 1848646.9  49280.0 49263.4     47    3.892   0      0.000    3.892
179968.0 183488.0  0.0   352.0  7320384.0 1360055.1 15379136.0 1848646.9  49280.0 49263.4     47    3.892   0      0.000    3.892
179968.0 212864.0 173650.2  0.0   7263808.0 114186.6 15379136.0 1910563.2  49664.0 49603.0     48    3.951   0      0.000    3.951
179968.0 212864.0 173650.2 96942.7 7263808.0 7263808.0 15379136.0 1950227.8  49664.0 49604.2     49    3.951   0      0.000    3.951
212864.0 304832.0 143591.2  0.0   7079872.0 1208885.1 15379136.0 2251270.9  49664.0 49604.3     50    4.150   0      0.000    4.150
302912.0 304832.0  0.0   147722.2 7079872.0 3750663.1 15379136.0 2358118.1  49664.0 49604.3     51    4.241   0      0.000    4.241
302912.0 285568.0 85321.7  0.0   7101056.0 6662571.3 15379136.0 2516610.2  49664.0 49604.3     52    4.336   0      0.000    4.336
278784.0 270848.0 30624.0  0.0   7139904.0 3050143.8 15379136.0 2650780.0  49664.0 49604.3     54    4.564   0      0.000    4.564
261888.0 270848.0 33632.0 31648.0 7139904.0 7139904.0 15379136.0 2703844.0  49664.0 49604.5     56    4.695   0      0.000    4.695
236032.0 250880.0  0.0   62592.1 7176768.0 3812184.8 15379136.0 2752732.1  49664.0 49604.5     57    4.991   0      0.000    4.991
215424.0 226432.0  0.0   46176.0 7227072.0 404267.6 15379136.0 2853180.2  49664.0 49604.9     59    5.225   0      0.000    5.225
215424.0 202944.0 57136.6  0.0   7271168.0 3951627.4 15379136.0 2882884.2  49664.0 49612.4     60    5.340   0      0.000    5.340
190464.0 202944.0  0.0   62421.9 7271168.0 7104188.3 15379136.0 2939298.5  49664.0 49612.7     61    5.453   0      0.000    5.453
177792.0 184192.0  0.0   83011.1 7314880.0 2625014.5 15379136.0 3060438.7  49664.0 49612.9     63    5.705   0      0.000    5.705
177792.0 175744.0 94102.2  0.0   7336000.0 3894682.4 15379136.0 3138957.9  49664.0 49615.1     64    6.105   0      0.000    6.105
168704.0 175744.0  0.0   81676.7 7336000.0 7111941.5 15379136.0 3211851.8  49664.0 49616.0     65    6.194   0      0.000    6.194
168704.0 161984.0 57772.6 15648.0 7358848.0 7358848.0 15379136.0 3302088.6  49664.0 49616.0     67    6.416   0      0.000    6.416
159232.0 161984.0  0.0   35658.4 7358848.0 5260027.9 15379136.0 3347436.9  49664.0 49618.7     67    7.633   0      0.000    7.633
159232.0 178624.0 145511.8  0.0   7332288.0 6778524.0 15379136.0 3381495.2  49664.0 49625.6     68    7.737   0      0.000    7.737
175424.0 178624.0 147067.8 95286.9 7332288.0 7332288.0 15379136.0 3566940.0  49664.0 49626.9     70    8.191   0      0.000    8.191
189504.0 194432.0  0.0   51104.1 7300672.0 924888.5 15379136.0 3733241.7  49664.0 49627.9     71    8.662   0      0.000    8.662
189504.0 192704.0 120103.6  0.0   7304128.0 3691960.0 15379136.0 3767345.8  49664.0 49628.2     72    8.793   0      0.000    8.793
188032.0 192704.0 128.0  51217.0 7304128.0 7304128.0 15379136.0 3842799.9  49664.0 49628.2     74    8.910   0      0.000    8.910
179904.0 185728.0  0.0   48640.1 7315776.0 833949.6 15379136.0 3910312.0  49664.0 49628.2     75    9.549   0      0.000    9.549
179904.0 174016.0 47957.4  0.0   7335616.0 3721523.7 15379136.0 3958872.0  49664.0 49629.5     76    9.670   0      0.000    9.670
168640.0 174016.0  0.0   44065.3 7335616.0 4661866.3 15379136.0 4006757.4  49856.0 49714.1     77    9.832   0      0.000    9.832
168640.0 161344.0 53969.4  0.0   7359552.0 1131872.4 15379136.0 4050734.8  49856.0 49715.2     78   10.171   0      0.000   10.171
168640.0 161344.0 53969.4  0.0   7359552.0 3922342.6 15379136.0 4050734.8  49856.0 49715.4     78   10.171   0      0.000   10.171
168640.0 161344.0 53969.4  0.0   7359552.0 6201066.6 15379136.0 4050734.8  49856.0 49715.5     78   10.171   0      0.000   10.171
168640.0 161344.0 53969.4  0.0   7359552.0 6839778.2 15379136.0 4050734.8  49856.0 49715.7     78   10.171   0      0.000   10.171
168640.0 161344.0 53969.4  0.0   7359552.0 6839797.4 15379136.0 4050734.8  49856.0 49715.7     78   10.171   0      0.000   10.171
168640.0 161344.0 53969.4  0.0   7359552.0 6840052.8 15379136.0 4050734.8  49856.0 49716.3     78   10.171   0      0.000   10.171
155904.0 161344.0  0.0   78440.3 7359552.0 760317.4 15379136.0 4104560.2  49856.0 49790.3     79   10.284   0      0.000   10.284
155904.0 161344.0  0.0   78440.3 7359552.0 6904601.5 15379136.0 4104560.2  49856.0 49794.7     79   10.284   0      0.000   10.284
155904.0 176576.0 148283.0 61978.4 7336384.0 7336384.0 15379136.0 4347590.2  49856.0 49797.2     81   10.674   0      0.000   10.674
168512.0 172544.0 192.0   0.0   7344448.0   0.0    15379136.0 4475472.1  49856.0 49797.2     82   11.306   0      0.000   11.306
174080.0 320.0   0.0   288.0  7344448.0 2875753.6 15379136.0 4475512.1  49856.0 49797.2     83   11.344   0      0.000   11.344
174080.0 173568.0 288.0   0.0   7341888.0 5093259.6 15379136.0 4475584.1  49856.0 49798.5     84   11.378   0      0.000   11.378
164288.0 173568.0  0.0   63080.2 7341888.0 7074639.4 15379136.0 4475672.2  49856.0 49805.7     85   11.414   0      0.000   11.414
164288.0 185280.0 142827.6  0.0   7318976.0 6244712.5 15379136.0 4548984.3  49856.0 49809.1     86   11.883   0      0.000   11.883
188992.0 108096.0  0.0   108086.5 7318976.0 4177512.0 15379136.0 4600761.6  49856.0 49809.9     87   12.326   0      0.000   12.326
188992.0 208064.0 153594.6  0.0   7273408.0 1966974.7 15379136.0 4601705.8  49856.0 49810.6     88   12.378   0      0.000   12.378
195456.0 208064.0  0.0   75935.7 7273408.0 694526.1 15379136.0 4663852.9  49856.0 49813.8     89   12.612   0      0.000   12.612
195456.0 208064.0  0.0   75935.7 7273408.0 7033214.4 15379136.0 4663852.9  49856.0 49813.8     89   12.612   0      0.000   12.612
195456.0 196992.0 288.0   0.0   7295552.0 6081235.2 15379136.0 4739624.6  49856.0 49813.8     90   12.851   0      0.000   12.851
196224.0 196992.0  0.0   320.0  7295552.0 4782141.6 15379136.0 4739680.6  49856.0 49813.8     91   12.888   0      0.000   12.888
196224.0 193600.0 288.0   0.0   7299712.0 3545577.9 15379136.0 4739728.6  49856.0 49815.0     92   12.925   0      0.000   12.925
196224.0 193600.0 288.0   0.0   7299712.0 7188100.7 15379136.0 4739728.6  49856.0 49815.0     92   12.925   0      0.000   12.925
189568.0 193600.0  0.0   352.0  7299712.0 1445501.6 15379136.0 4739808.6  49856.0 49815.4     93   12.963   0      0.000   12.963
189568.0 193600.0  0.0   352.0  7299712.0 1445575.0 15379136.0 4739808.6  49856.0 49815.4     93   12.963   0      0.000   12.963
189568.0 193600.0  0.0   352.0  7299712.0 1602011.2 15379136.0 4739808.6  49856.0 49818.5     93   12.963   0      0.000   12.963
189568.0 193600.0  0.0   352.0  7299712.0 2733025.3 15379136.0 4739808.6  49856.0 49826.4     93   12.963   0      0.000   12.963
189568.0 193600.0  0.0   352.0  7299712.0 7299712.0 15379136.0 4739808.6  49856.0 49827.9     94   12.963   0      0.000   12.963
189568.0 263808.0 189566.3  0.0   7161920.0 4886614.9 15379136.0 4839576.9  49856.0 49827.9     94   13.828   0      0.000   13.828
272192.0 148736.0  0.0   148729.1 7161920.0 4294542.9 15379136.0 4957507.8  49856.0 49855.4     95   14.145   0      0.000   14.145
272192.0 148736.0  0.0   148729.1 7161920.0 7131170.3 15379136.0 4957507.8  50048.0 49891.8     95   14.145   0      0.000   14.145
272192.0 299328.0 207149.4 79040.1 7090880.0 7090880.0 15379136.0 5282222.3  50048.0 49892.2     97   14.440   0      0.000   14.440
281600.0 269376.0 111158.3  0.0   7138560.0 1899382.4 15379136.0 5361150.4  50048.0 49895.4     98   15.045   0      0.000   15.045
253184.0 269376.0  0.0   98474.4 7138560.0 2408029.2 15379136.0 5420630.4  50048.0 49914.0     99   15.374   0      0.000   15.374
253184.0 255040.0 143073.3  0.0   7179456.0 1875899.2 15379136.0 5516510.5  50048.0 49921.4    100   15.531   0      0.000   15.531
253184.0 255040.0 143073.3 133681.5 7179456.0 7179456.0 15379136.0 5544068.7  50048.0 49981.7    101   15.531   0      0.000   15.531
263168.0 164032.0  0.0   163977.5 7179456.0 4441918.4 15379136.0 5654447.9  50048.0 49982.1    101   16.007   0      0.000   16.007
263168.0 164032.0  0.0   163977.5 7179456.0 6734801.0 15379136.0 5654447.9  50048.0 49982.1    101   16.007   0      0.000   16.007
263168.0 256576.0 131150.3  0.0   7169792.0 3763016.0 15379136.0 5789451.4  50048.0 49994.4    102   16.633   0      0.000   16.633
263040.0 256576.0  0.0   166406.0 7169792.0 729109.5 15379136.0 5908149.7  50048.0 49994.4    103   16.930   0      0.000   16.930
263040.0 256576.0  0.0   166406.0 7169792.0 4691418.4 15379136.0 5908149.7  50048.0 49994.4    103   16.930   0      0.000   16.930
263040.0 256576.0 71872.1 166406.0 7169792.0 7169792.0 15379136.0 6064827.6  50048.0 49995.1    104   16.930   0      0.000   16.930
263040.0 255488.0 71904.1  0.0   7171008.0 5677554.0 15379136.0 6064827.6  50048.0 49995.5    104   17.723   0      0.000   17.723
244544.0 255488.0  0.0   120048.3 7171008.0 2822395.1 15379136.0 6132555.6  50048.0 49995.5    105   18.302   0      0.000   18.302
244544.0 255488.0 71488.1 120048.3 7171008.0 7171008.0 15379136.0 6250675.9  50048.0 49995.5    106   18.302   0      0.000   18.302
244544.0 238016.0 71520.1  0.0   7206976.0 4502935.4 15379136.0 6250675.9  50048.0 49995.5    106   18.800   0      0.000   18.800
231424.0 238016.0  0.0   124895.3 7206976.0 835173.5 15379136.0 6318060.0  50048.0 49995.5    107   19.342   0      0.000   19.342
231424.0 238016.0  0.0   124895.3 7206976.0 5115257.9 15379136.0 6318060.0  50048.0 49995.7    107   19.342   0      0.000   19.342
231424.0 219968.0 104777.2  0.0   7238144.0 494105.6 15379136.0 6442987.3  50048.0 49996.1    108   19.808   0      0.000   19.808
231424.0 219968.0 104777.2  0.0   7238144.0 2016662.3 15379136.0 6442987.3  50048.0 49996.6    108   19.808   0      0.000   19.808
231424.0 219968.0 104777.2  0.0   7238144.0 5251963.0 15379136.0 6442987.3  50048.0 50000.8    108   19.808   0      0.000   19.808
243392.0 208000.0  0.0   207977.4 7238144.0 583450.8 15379136.0 6545700.5  50048.0 50000.8    109   20.353   0      0.000   20.353
243392.0 208000.0  0.0   207977.4 7238144.0 4169917.1 15379136.0 6545700.5  50048.0 50001.0    109   20.353   0      0.000   20.353
243392.0 240064.0 76352.0  0.0   7206080.0   0.0    15379136.0 6743641.9  50048.0 50001.0    110   20.778   0      0.000   20.778
243392.0 240064.0 76352.0  0.0   7206080.0 1862037.6 15379136.0 6743641.9  50048.0 50003.4    110   20.778   0      0.000   20.778
233600.0 240064.0  0.0   78605.4 7206080.0 6045884.0 15379136.0 6819978.0  50048.0 50005.5    111   20.947   0      0.000   20.947
233600.0 225280.0 87505.4  0.0   7230656.0   0.0    15379136.0 6892423.7  50048.0 50005.5    112   22.500   0      0.000   22.500
233600.0 225280.0 87505.4  0.0   7230656.0 4670041.7 15379136.0 6892423.7  50048.0 50005.6    112   22.500   0      0.000   22.500
217664.0 225280.0  0.0   84864.2 7230656.0 1789810.9 15379136.0 6964041.0  50048.0 50005.6    113   22.758   0      0.000   22.758
217664.0 225280.0  0.0   84864.2 7230656.0 6165799.7 15379136.0 6964041.0  50048.0 50005.6    113   22.758   0      0.000   22.758
217664.0 210624.0 82048.0  0.0   7261248.0 3530731.0 15379136.0 7046857.1  50048.0 50005.6    114   22.886   0      0.000   22.886
217664.0 210624.0 82048.0 49536.1 7261248.0 7261248.0 15379136.0 7080225.1  50048.0 50005.9    115   22.886   0      0.000   22.886
206336.0 210624.0  0.0   66208.1 7261248.0 4516162.8 15379136.0 7096153.1  50048.0 50005.9    115   23.436   0      0.000   23.436
206336.0 203008.0 119820.5  0.0   7280192.0 1932795.9 15379136.0 7162329.2  50048.0 50005.9    116   23.614   0      0.000   23.614
206336.0 203008.0 119820.5  0.0   7280192.0 6368465.6 15379136.0 7162329.2  50048.0 50005.9    116   23.614   0      0.000   23.614
195776.0 203008.0  0.0   85120.0 7280192.0 3054899.2 15379136.0 7257505.3  50048.0 50006.1    117   23.799   0      0.000   23.799
195776.0 203008.0 49472.8 85120.0 7280192.0 7261641.7 15379136.0 7284801.3  50048.0 50008.5    118   23.799   0      0.000   23.799
195776.0 202112.0 143258.4  0.0   7285312.0 3004579.2 15379136.0 7309833.3  50048.0 50008.5    118   24.245   0      0.000   24.245
195776.0 202112.0 143258.4  0.0   7285312.0 7059750.5 15379136.0 7309833.3  50048.0 50009.7    118   24.245   0      0.000   24.245
199808.0 202112.0  0.0   60861.9 7285312.0 3333686.8 15379136.0 7414971.7  50048.0 50010.7    119   24.372   0      0.000   24.372
199808.0 202112.0  0.0   60861.9 7285312.0 6118783.3 15379136.0 7414971.7  50048.0 50010.7    119   24.372   0      0.000   24.372
199808.0 202112.0  0.0   60861.9 7285312.0 7285312.0 15379136.0 7414971.7  50048.0 50010.9    119   24.372   0      0.000   24.372
199808.0 198592.0 48853.9  0.0   7291136.0 2935408.0 15379136.0 7473645.6  50048.0 50010.9    120   24.495   0      0.000   24.495
199808.0 198592.0 48853.9  0.0   7291136.0 5728492.7 15379136.0 7473645.6  50048.0 50010.9    120   24.495   0      0.000   24.495
190976.0 198592.0  0.0   79054.4 7291136.0 1406724.1 15379136.0 7527366.3  50048.0 50011.3    121   24.612   0      0.000   24.612
190976.0 198592.0  0.0   79054.4 7291136.0 4974075.0 15379136.0 7527366.3  50048.0 50012.1    121   24.612   0      0.000   24.612
190976.0 198592.0 12942.9 79054.4 7291136.0 7291136.0 15379136.0 7583586.6  50048.0 50012.1    122   24.612   0      0.000   24.612
190976.0 194944.0 12942.9  0.0   7299648.0 2911525.7 15379136.0 7600898.6  50048.0 50012.5    122   26.708   0      0.000   26.708
190976.0 194944.0 12942.9  0.0   7299648.0 6979900.9 15379136.0 7600898.6  50048.0 50012.7    122   26.708   0      0.000   26.708
198464.0 256.0   0.0   224.0  7299648.0 3123075.9 15379136.0 7613705.5  50048.0 50013.3    123   26.771   0      0.000   26.771
198464.0 199360.0 256.0   0.0   7290816.0   0.0    15379136.0 7613777.5  50048.0 50013.3    124   26.830   0      0.000   26.830
198464.0 199360.0 256.0   0.0   7290816.0 4169089.5 15379136.0 7613777.5  50048.0 50013.7    124   26.830   0      0.000   26.830
198080.0 199360.0  0.0   256.0  7290816.0 1398592.1 15379136.0 7613809.5  50048.0 50014.1    125   26.885   0      0.000   26.885
198080.0 199360.0  0.0   256.0  7290816.0 5234043.9 15379136.0 7613809.5  50048.0 50014.4    125   26.885   0      0.000   26.885
198080.0 199360.0  0.0   256.0  7290816.0 7018443.5 15379136.0 7613809.5  50048.0 50017.7    125   26.885   0      0.000   26.885
198080.0 209664.0 130447.4  0.0   7270208.0 2582135.3 15379136.0 7613857.5  50048.0 50017.7    126   27.017   0      0.000   27.017
198080.0 209664.0 130447.4  0.0   7270208.0 3853884.6 15379136.0 7613857.5  50048.0 50017.7    126   27.017   0      0.000   27.017
198080.0 209664.0 130447.4  0.0   7270208.0 6718628.8 15379136.0 7613857.5  50048.0 50017.9    126   27.017   0      0.000   27.017
196736.0 209664.0  0.0   62784.1 7270208.0 82632.4  15379136.0 7617266.3  50048.0 50017.9    127   27.233   0      0.000   27.233
196736.0 209664.0  0.0   62784.1 7270208.0 3951112.2 15379136.0 7617266.3  50048.0 50020.6    127   27.233   0      0.000   27.233
196736.0 209664.0  0.0   62784.1 7270208.0 7232801.8 15379136.0 7617266.3  50048.0 50021.5    127   27.233   0      0.000   27.233
196736.0 263936.0 196726.8 114001.5 7161664.0 7161664.0 15379136.0 7941274.4  50048.0 50021.5    129   27.401   0      0.000   27.401
255360.0 263936.0  0.0   114001.5 7161664.0 3253392.7 15379136.0 7941274.4  50048.0 50023.4    129   30.899   0      0.000   30.899
255360.0 263936.0  0.0   114001.5 7161664.0 7161664.0 15379136.0 7941274.4  50048.0 50023.6    129   30.899   0      0.000   30.899
255360.0 263936.0 114790.9 114001.5 7161664.0 7161664.0 15379136.0 8002154.5  50048.0 50023.6    130   30.899   0      0.000   30.899
255360.0 250240.0 122566.9  0.0   7183936.0 3095764.7 15379136.0 8015706.5  50048.0 50023.6    130   33.185   0      0.000   33.185
255360.0 250240.0 122566.9 71360.1 7183936.0 7183936.0 15379136.0 8061426.5  50048.0 50024.4    131   33.185   0      0.000   33.185
238848.0 250240.0  0.0   71360.1 7183936.0 3700359.9 15379136.0 8061426.5  50048.0 50024.7    131   35.143   0      0.000   35.143
238848.0 250240.0 88096.1 71360.1 7183936.0 7183936.0 15379136.0 8101202.6  50048.0 50024.7    132   35.143   0      0.000   35.143
238848.0 226880.0 100160.1  0.0   7223808.0 1887973.7 15379136.0 8132690.6  50048.0 50026.1    132   36.737   0      0.000   36.737
238848.0 226880.0 100160.1  0.0   7223808.0 4509002.0 15379136.0 8132690.6  50048.0 50026.5    132   36.737   0      0.000   36.737
238848.0 226880.0 100160.1  0.0   7223808.0 6176000.1 15379136.0 8132690.6  50048.0 50027.1    132   36.737   0      0.000   36.737
238848.0 226880.0 100160.1 4704.0 7223808.0 7223808.0 15379136.0 8153146.6  50048.0 50027.1    133   36.737   0      0.000   36.737
238848.0 226880.0 100160.1 32704.0 7223808.0 7223808.0 15379136.0 8208266.7  50048.0 50027.1    133   36.737   0      0.000   36.737
219584.0 226880.0  0.0   58528.0 7223808.0 638095.1 15379136.0 8232818.7  50048.0 50027.5    133   39.575   0      0.000   39.575
219584.0 226880.0  0.0   58528.0 7223808.0 1279012.0 15379136.0 8232818.7  50048.0 50027.8    133   39.575   0      0.000   39.575
219584.0 226880.0  0.0   58528.0 7223808.0 2862930.9 15379136.0 8232818.7  50048.0 50027.8    133   39.575   0      0.000   39.575
219584.0 226880.0  0.0   58528.0 7223808.0 5167882.1 15379136.0 8232818.7  50048.0 50027.8    133   39.575   0      0.000   39.575
219584.0 220928.0 6432.0  0.0   7247680.0 481246.2 15379136.0 8291322.8  50048.0 50027.8    134   39.809   0      0.000   39.809
219584.0 220928.0 6432.0  0.0   7247680.0 2117176.4 15379136.0 8291322.8  50048.0 50047.5    134   39.809   0      0.000   39.809
219584.0 220928.0 6432.0  0.0   7247680.0 2356161.8 15379136.0 8291322.8  50240.0 50054.2    134   39.809   0      0.000   39.809
219584.0 220928.0 6432.0  0.0   7247680.0 2782960.0 15379136.0 8291322.8  50240.0 50054.2    134   39.809   0      0.000   39.809
219584.0 220928.0 6432.0  0.0   7247680.0 2895837.8 15379136.0 8291322.8  50240.0 50054.2    134   39.809   0      0.000   39.809
219584.0 220928.0 6432.0  0.0   7247680.0 2925367.4 15379136.0 8291322.8  50240.0 50054.2    134   39.809   0      0.000   39.809
219584.0 220928.0 6432.0  0.0   7247680.0 2925367.4 15379136.0 8291322.8  50240.0 50054.2    134   39.809   0      0.000   39.809
219584.0 220928.0 6432.0  0.0   7247680.0 3177771.3 15379136.0 8291322.8  50240.0 50055.9    134   39.809   0      0.000   39.809
219584.0 220928.0 6432.0  0.0   7247680.0 3189948.7 15379136.0 8291322.8  50240.0 50056.1    134   39.809   0      0.000   39.809
219584.0 220928.0 6432.0  0.0   7247680.0 3189961.1 15379136.0 8291322.8  50240.0 50056.7    134   39.809   0      0.000   39.809
219584.0 220928.0 6432.0  0.0   7247680.0 3271953.5 15379136.0 8291322.8  50240.0 50056.7    134   39.809   0      0.000   39.809
219584.0 220928.0 6432.0  0.0   7247680.0 3980100.1 15379136.0 8291322.8  50240.0 50057.5    134   39.809   0      0.000   39.809
219584.0 220928.0 6432.0  0.0   7247680.0 4620997.2 15379136.0 8291322.8  50240.0 50057.7    134   39.809   0      0.000   39.809
219584.0 220928.0 6432.0  0.0   7247680.0 5988177.4 15379136.0 8291322.8  50240.0 50057.9    134   39.809   0      0.000   39.809
219584.0 220928.0 6432.0  0.0   7247680.0 6645425.5 15379136.0 8291322.8  50240.0 50058.1    134   39.809   0      0.000   39.809
219584.0 220928.0 6432.0 220919.2 7247680.0 7247680.0 15379136.0 8415578.5  50240.0 50058.1    135   39.809   0      0.000   39.809
220928.0 220928.0  0.0   220919.2 7247680.0 909206.3 15379136.0 8461306.5  50240.0 50059.6    135   41.514   0      0.000   41.514
220928.0 220928.0  0.0   220919.2 7247680.0 2077517.2 15379136.0 8461306.5  50240.0 50059.6    135   41.514   0      0.000   41.514
220928.0 220928.0  0.0   220919.2 7247680.0 3247208.6 15379136.0 8461306.5  50240.0 50059.6    135   41.514   0      0.000   41.514
220928.0 220928.0  0.0   220919.2 7247680.0 5400982.1 15379136.0 8461306.5  50240.0 50060.9    135   41.514   0      0.000   41.514
220928.0 220928.0 66107.7 220919.2 7247680.0 7247680.0 15379136.0 8586367.6  50240.0 50060.9    136   41.514   0      0.000   41.514
220928.0 220928.0 190467.9 220919.2 7247680.0 7247680.0 15379136.0 8648083.7  50240.0 50060.9    136   41.514   0      0.000   41.514
220928.0 329216.0 190467.9  0.0   7031104.0 3635085.1 15379136.0 8659787.8  50240.0 50063.0    136   46.344   0      0.000   46.344
220928.0 329216.0 190467.9  0.0   7031104.0 6591183.8 15379136.0 8659787.8  50240.0 50063.5    136   46.344   0      0.000   46.344
220928.0 329216.0 190467.9 20028.9 7031104.0 7031104.0 15379136.0 8748504.2  50240.0 50063.5    137   46.344   0      0.000   46.344
324736.0 329216.0  0.0   24316.9 7031104.0 1643479.9 15379136.0 8867233.8  50240.0 50063.5    137   50.948   0      0.000   50.948
324736.0 329216.0  0.0   24316.9 7031104.0 4431929.7 15379136.0 8867233.8  50240.0 50063.5    137   50.948   0      0.000   50.948
324736.0 329216.0  0.0   24316.9 7031104.0 7018728.5 15379136.0 8867233.8  50240.0 50063.9    138   50.948   0      0.000   50.948
324736.0 320192.0 11936.0  0.0   7044608.0 1782430.3 15379136.0 8896947.7  50240.0 50064.8    138   52.385   0      0.000   52.385
324736.0 320192.0 11936.0  0.0   7044608.0 5026417.4 15379136.0 8896947.7  50240.0 50064.8    138   52.385   0      0.000   52.385
314688.0 320192.0  0.0   4480.0 7044608.0 442828.3 15379136.0 8908699.9  50240.0 50065.0    139   52.953   0      0.000   52.953
314688.0 320192.0  0.0   4480.0 7044608.0 4059130.4 15379136.0 8908699.9  50240.0 50065.5    139   52.953   0      0.000   52.953
314688.0 320192.0  0.0   4480.0 7044608.0 6731135.1 15379136.0 8908699.9  50240.0 50066.7    139   52.953   0      0.000   52.953
314688.0 306432.0  0.0   256.0  7110208.0 4156715.0 15379136.0 8951901.4  50240.0 50067.0    143   53.406   0      0.000   53.406
275584.0 285376.0  0.0   256.0  7110208.0 5569909.4 15379136.0 8951901.4  50240.0 50067.0    143   53.406   0      0.000   53.406
275584.0 285376.0  0.0   256.0  7110208.0 7005207.0 15379136.0 8951901.4  50240.0 50067.0    143   53.406   0      0.000   53.406
275584.0 264896.0 288.0   0.0   7149056.0 930897.0 15379136.0 8951949.4  50240.0 50067.2    144   53.474   0      0.000   53.474
275584.0 264896.0 288.0   0.0   7149056.0 4504545.4 15379136.0 8951949.4  50240.0 50067.2    144   53.474   0      0.000   53.474
285312.0 167872.0  0.0   167870.2 7149056.0 1241861.0 15379136.0 8952005.4  50240.0 50067.2    145   53.578   0      0.000   53.578
285312.0 274112.0 96220.9  0.0   7130112.0 3435642.3 15379136.0 9110407.5  50240.0 50067.4    146   55.360   0      0.000   55.360
285312.0 274112.0 96220.9  0.0   7130112.0 6972183.1 15379136.0 9110407.5  50240.0 50067.4    146   55.360   0      0.000   55.360
285312.0 274112.0  0.0   90496.2 7130112.0   0.0    15379136.0 9186196.2  50240.0 50067.4    147   55.360   0      0.000   55.360
261184.0 274112.0  0.0   90496.2 7130112.0 4243668.3 15379136.0 9186196.2  50240.0 50067.4    147   57.466   0      0.000   57.466
261184.0 274112.0 30368.1 90496.2 7130112.0 7130112.0 15379136.0 9218116.4  50240.0 50067.4    148   57.466   0      0.000   57.466
261184.0 274112.0 59360.1 90496.2 7130112.0 7130112.0 15379136.0 9262188.4  50240.0 50067.4    148   57.466   0      0.000   57.466
261184.0 243840.0 63584.1  0.0   7184512.0 3891862.3 15379136.0 9271516.4  50240.0 50067.7    148   60.420   0      0.000   60.420
261184.0 243840.0 63584.1 39633.3 7184512.0 7184512.0 15379136.0 9282348.4  50240.0 50067.7    149   60.420   0      0.000   60.420
227072.0 243840.0  0.0   68977.3 7184512.0 2119258.4 15379136.0 9328932.4  50240.0 50067.7    149   62.698   0      0.000   62.698
227072.0 243840.0  0.0   68977.3 7184512.0 4872764.4 15379136.0 9328932.4  50240.0 50067.7    149   62.698   0      0.000   62.698
227072.0 243840.0 98816.1 68977.3 7184512.0 7184512.0 15379136.0 9350060.5  50240.0 50069.0    150   62.698   0      0.000   62.698
227072.0 228032.0 116032.2  0.0   7233472.0 2261681.1 15379136.0 9377804.5  50240.0 50069.0    150   64.824   0      0.000   64.824
227072.0 228032.0 116032.2  0.0   7233472.0 5476529.7 15379136.0 9377804.5  50240.0 50069.0    150   64.824   0      0.000   64.824
227072.0 228032.0 116032.2 25696.0 7233472.0 7233472.0 15379136.0 9434876.6  50240.0 50069.0    151   64.824   0      0.000   64.824
215552.0 228032.0  0.0   83136.1 7233472.0 797931.2 15379136.0 9485588.6  50240.0 50069.0    151   67.961   0      0.000   67.961
215552.0 228032.0  0.0   83136.1 7233472.0 5533293.4 15379136.0 9485588.6  50240.0 50069.4    151   67.961   0      0.000   67.961
215552.0 228032.0 78356.1 83136.1 7233472.0 7233472.0 15379136.0 9559636.7  50240.0 50069.4    152   67.961   0      0.000   67.961
215552.0 205696.0 87476.1  0.0   7268288.0 1963089.1 15379136.0 9568708.7  50240.0 50070.5    152   69.408   0      0.000   69.408
215552.0 205696.0 87476.1  0.0   7268288.0 2473314.3 15379136.0 9568708.7  50240.0 50070.5    152   69.408   0      0.000   69.408
215552.0 205696.0 87476.1  0.0   7268288.0 2473335.4 15379136.0 9568708.7  50240.0 50070.5    152   69.408   0      0.000   69.408
215552.0 205696.0 87476.1  0.0   7268288.0 2473347.9 15379136.0 9568708.7  50240.0 50070.5    152   69.408   0      0.000   69.408
215552.0 205696.0 87476.1  0.0   7268288.0 2473358.2 15379136.0 9568708.7  50240.0 50070.5    152   69.408   0      0.000   69.408
215552.0 205696.0 87476.1  0.0   7268288.0 2473370.7 15379136.0 9568708.7  50240.0 50070.5    152   69.408   0      0.000   69.408
215552.0 205696.0 87476.1  0.0   7268288.0 2473381.2 15379136.0 9568708.7  50240.0 50070.5    152   69.408   0      0.000   69.408
215552.0 205696.0 87476.1  0.0   7268288.0 2473397.7 15379136.0 9568708.7  50240.0 50070.5    152   69.408   0      0.000   69.408
215552.0 205696.0 87476.1  0.0   7268288.0 2473408.1 15379136.0 9568708.7  50240.0 50070.5    152   69.408   0      0.000   69.408
215552.0 205696.0 87476.1  0.0   7268288.0 5747865.3 15379136.0 9568708.7  50240.0 50070.5    152   69.408   0      0.000   69.408
215552.0 205696.0 87476.1 46090.7 7268288.0 7268288.0 15379136.0 9642825.2  50240.0 50070.5    153   69.408   0      0.000   69.408
194816.0 205696.0  0.0   66257.7 7268288.0 1782245.3 15379136.0 9667289.2  50240.0 50070.5    153   71.733   0      0.000   71.733
194816.0 205696.0  0.0   66257.7 7268288.0 4036264.4 15379136.0 9667289.2  50240.0 50070.5    153   71.733   0      0.000   71.733
194816.0 205696.0  0.0   66257.7 7268288.0 6575644.6 15379136.0 9667289.2  50240.0 50070.5    153   71.733   0      0.000   71.733
194816.0 205696.0 21184.0 66257.7 7268288.0 7268288.0 15379136.0 9715527.1  50240.0 50070.7    154   71.733   0      0.000   71.733
194816.0 192384.0 21216.1  0.0   7302336.0 2738669.2 15379136.0 9737470.2  50240.0 50070.9    154   72.566   0      0.000   72.566
194816.0 192384.0 21216.1  0.0   7302336.0 6074929.8 15379136.0 9737470.2  50240.0 50070.9    154   72.566   0      0.000   72.566
194816.0 192384.0 21216.1 12544.0 7302336.0 7302336.0 15379136.0 9750550.2  50240.0 50070.9    155   72.566   0      0.000   72.566
190144.0 192384.0  0.0   12544.0 7302336.0 3668610.8 15379136.0 9758598.2  50240.0 50070.9    155   73.386   0      0.000   73.386
190144.0 192384.0  0.0   12544.0 7302336.0 5612037.4 15379136.0 9758598.2  50240.0 50070.9    155   73.386   0      0.000   73.386
190144.0 192384.0  0.0   12544.0 7302336.0 7302336.0 15379136.0 9758598.2  50240.0 50070.9    155   73.386   0      0.000   73.386
190144.0 181824.0 40512.1  0.0   7317568.0 4802947.2 15379136.0 9771062.2  50240.0 50070.9    156   73.557   0      0.000   73.557
190144.0 181824.0 40512.1  0.0   7317568.0 7174247.6 15379136.0 9771062.2  50240.0 50070.9    156   73.557   0      0.000   73.557
178624.0 181824.0  0.0   11488.0 7317568.0 2697721.5 15379136.0 9795038.3  50240.0 50070.9    157   74.072   0      0.000   74.072
178624.0 181824.0  0.0   11488.0 7317568.0 4633257.9 15379136.0 9795038.3  50240.0 50070.9    157   74.072   0      0.000   74.072
178624.0 174144.0 12672.0  0.0   7336768.0 2785265.7 15379136.0 9806382.3  50240.0 50071.2    158   74.603   0      0.000   74.603
178624.0 174144.0 12672.0  0.0   7336768.0 5755374.4 15379136.0 9806382.3  50240.0 50071.2    158   74.603   0      0.000   74.603
178624.0 174144.0 12672.0  0.0   7336768.0 7336768.0 15379136.0 9806382.3  50240.0 50071.2    158   74.603   0      0.000   74.603
164672.0 174144.0  0.0   37632.0 7336768.0 4313788.4 15379136.0 9818966.3  50240.0 50071.4    159   74.745   0      0.000   74.745
164672.0 174144.0  0.0   37632.0 7336768.0 7231044.4 15379136.0 9818966.3  50240.0 50071.4    159   74.745   0      0.000   74.745
164672.0 159744.0 13984.0  0.0   7365120.0 1473383.9 15379136.0 9856566.3  50240.0 50071.4    160   75.577   0      0.000   75.577
164672.0 159744.0 13984.0  0.0   7365120.0 5624914.9 15379136.0 9856566.3  50240.0 50073.7    160   75.577   0      0.000   75.577
164672.0 159744.0 13984.0  0.0   7365120.0 7346169.9 15379136.0 9856566.3  50240.0 50074.4    160   75.577   0      0.000   75.577
164672.0 159744.0 13984.0 85824.6 7365120.0 7365120.0 15379136.0 9870422.3  50240.0 50084.4    161   75.577   0      0.000   75.577
162624.0 159744.0  0.0   85856.6 7365120.0 3132590.4 15379136.0 9870422.3  50240.0 50146.5    161   76.911   0      0.000   76.911
162624.0 159744.0  0.0   85856.6 7365120.0 6758658.4 15379136.0 9870422.3  50240.0 50146.5    161   76.911   0      0.000   76.911
162624.0 160256.0 320.0   0.0   7366656.0 1233061.6 15379136.0 9961591.9  50240.0 50146.5    162   77.517   0      0.000   77.517
162624.0 160256.0 320.0   0.0   7366656.0 3233834.3 15379136.0 9961591.9  50240.0 50146.5    162   77.517   0      0.000   77.517
162624.0 160256.0 320.0   0.0   7366656.0 5323030.4 15379136.0 9961591.9  50240.0 50146.5    162   77.517   0      0.000   77.517
162624.0 160256.0 320.0   0.0   7366656.0 6441256.6 15379136.0 9961591.9  50240.0 50147.2    162   77.517   0      0.000   77.517
181632.0 134976.0  0.0   134947.0 7366656.0 1816475.8 15379136.0 9961703.9  50240.0 50147.2    163   77.638   0      0.000   77.638
181632.0 134976.0  0.0   134947.0 7366656.0 3013947.6 15379136.0 9961703.9  50240.0 50147.2    163   77.638   0      0.000   77.638
181632.0 134976.0  0.0   134947.0 7366656.0 6204794.0 15379136.0 9961703.9  50240.0 50147.2    163   77.638   0      0.000   77.638
181632.0 134976.0 38880.1 134947.0 7366656.0 7366656.0 15379136.0 9967382.4  50240.0 50147.2    164   77.638   0      0.000   77.638
181632.0 204288.0 150782.9  0.0   7280960.0 2483973.5 15379136.0 9992029.8  50240.0 50147.3    164   79.136   0      0.000   79.136
181632.0 204288.0 150782.9  0.0   7280960.0 5471135.2 15379136.0 9992029.8  50240.0 50147.3    164   79.136   0      0.000   79.136
204288.0 204288.0  0.0   204274.0 7280960.0 171442.1 15379136.0 10113438.2 50240.0 50147.3    165   79.823   0      0.000   79.823
204288.0 204288.0  0.0   204274.0 7280960.0 2889786.8 15379136.0 10113438.2 50240.0 50147.3    165   79.823   0      0.000   79.823
257536.0 271232.0  0.0   61728.1 7147072.0 2818540.9 15379136.0 10402056.3 50240.0 50154.9    167   86.846   0      0.000   86.846
257536.0 271232.0  0.0   61728.1 7147072.0 7147072.0 15379136.0 10402056.3 50240.0 50154.9    167   86.846   0      0.000   86.846
257536.0 271232.0 103712.2 61728.1 7147072.0 7147072.0 15379136.0 10446920.4 50240.0 50154.9    168   86.846   0      0.000   86.846
257536.0 246976.0 103712.2  0.0   7185024.0 3658500.5 15379136.0 10459144.4 50240.0 50154.9    168   88.048   0      0.000   88.048
257536.0 246976.0 103712.2  0.0   7185024.0 6253757.7 15379136.0 10459144.4 50240.0 50154.9    168   88.048   0      0.000   88.048
257536.0 246976.0 103712.2 41760.0 7185024.0 7185024.0 15379136.0 10518320.5 50240.0 50154.9    169   88.048   0      0.000   88.048
234112.0 246976.0  0.0   69696.1 7185024.0 1248629.4 15379136.0 10561832.5 50240.0 50154.9    169   90.946   0      0.000   90.946
234112.0 246976.0  0.0   69696.1 7185024.0 3613456.8 15379136.0 10561832.5 50240.0 50154.9    169   90.946   0      0.000   90.946
234112.0 246976.0 69162.0 69696.1 7185024.0 7185024.0 15379136.0 10619344.6 50240.0 50154.9    170   90.946   0      0.000   90.946
234112.0 220800.0 89962.0  0.0   7234624.0 3518918.5 15379136.0 10631504.6 50240.0 50154.9    170   92.203   0      0.000   92.203
234112.0 220800.0 89962.0  0.0   7234624.0 6329082.3 15379136.0 10631504.6 50240.0 50154.9    170   92.203   0      0.000   92.203
234112.0 220800.0 89962.0  0.0   7234624.0 7167381.8 15379136.0 10631504.6 50240.0 50154.9    170   92.203   0      0.000   92.203
234112.0 220800.0 89962.0  0.0   7234624.0 7202683.0 15379136.0 10631504.6 50240.0 50154.9    170   92.203   0      0.000   92.203
234112.0 220800.0 89962.0  0.0   7234624.0 7202695.5 15379136.0 10631504.6 50240.0 50154.9    170   92.203   0      0.000   92.203
234112.0 220800.0 89962.0  0.0   7234624.0 7202705.9 15379136.0 10631504.6 50240.0 50154.9    170   92.203   0      0.000   92.203
234112.0 220800.0 89962.0  0.0   7234624.0 7202718.3 15379136.0 10631504.6 50240.0 50154.9    170   92.203   0      0.000   92.203
234112.0 220800.0 89962.0  0.0   7234624.0 7202732.8 15379136.0 10631504.6 50240.0 50154.9    170   92.203   0      0.000   92.203
234112.0 220800.0 89962.0  0.0   7234624.0 7202745.2 15379136.0 10631504.6 50240.0 50154.9    170   92.203   0      0.000   92.203
234112.0 220800.0 89962.0  0.0   7234624.0 7202755.6 15379136.0 10631504.6 50240.0 50154.9    170   92.203   0      0.000   92.203
234112.0 220800.0 89962.0  0.0   7234624.0 7202768.0 15379136.0 10631504.6 50240.0 50154.9    170   92.203   0      0.000   92.203
238848.0 171520.0  0.0   171484.7 7234624.0 358673.7 15379136.0 10721442.6 50240.0 50154.9    171   93.345   0      0.000   93.345
238848.0 171520.0  0.0   171484.7 7234624.0 2943600.3 15379136.0 10721442.6 50240.0 50158.5    171   93.345   0      0.000   93.345
238848.0 171520.0  0.0   171484.7 7234624.0 6417346.5 15379136.0 10721442.6 50240.0 50158.5    171   93.345   0      0.000   93.345
238848.0 171520.0 22885.4 171484.7 7234624.0 7234624.0 15379136.0 10879398.2 50240.0 50158.5    172   93.345   0      0.000   93.345
238848.0 236672.0 22917.4  0.0   7214016.0 1567808.9 15379136.0 10904078.2 50240.0 50158.7    172   95.866   0      0.000   95.866
238848.0 236672.0 22917.4  0.0   7214016.0 3383221.6 15379136.0 10904078.2 50240.0 50159.2    172   95.866   0      0.000   95.866
238848.0 236672.0 22917.4  0.0   7214016.0 4875505.6 15379136.0 10904078.2 50240.0 50159.2    172   95.866   0      0.000   95.866
238848.0 236672.0 22917.4  0.0   7214016.0 7214016.0 15379136.0 10904078.2 50240.0 50159.2    172   95.866   0      0.000   95.866
224384.0 236672.0  0.0   72207.3 7214016.0 4817548.9 15379136.0 10905916.2 50240.0 50159.2    173   96.078   0      0.000   96.078
223488.0 225152.0  0.0   320.0  7239232.0 4281531.9 15379136.0 10978031.6 50240.0 50159.2    175   97.271   0      0.000   97.271
214912.0 208640.0 256.0   0.0   7265984.0 4239366.7 15379136.0 10978103.6 50240.0 50159.9    178   97.847   0      0.000   97.847
204224.0 208640.0  0.0   81568.3 7265984.0 1514822.0 15379136.0 10978143.6 50240.0 50159.9    179   97.931   0      0.000   97.931
204224.0 208640.0  0.0   81568.3 7265984.0 4436766.3 15379136.0 10978143.6 50240.0 50159.9    179   97.931   0      0.000   97.931
204224.0 208640.0  0.0   81568.3 7265984.0 5112279.1 15379136.0 10978143.6 50240.0 50159.9    179   97.931   0      0.000   97.931
204224.0 208640.0  0.0   81568.3 7265984.0 5112295.6 15379136.0 10978143.6 50240.0 50159.9    179   97.931   0      0.000   97.931
204224.0 208640.0  0.0   81568.3 7265984.0 5112308.0 15379136.0 10978143.6 50240.0 50160.0    179   97.931   0      0.000   97.931
204224.0 208640.0  0.0   81568.3 7265984.0 5112320.4 15379136.0 10978143.6 50240.0 50160.0    179   97.931   0      0.000   97.931
204224.0 208640.0  0.0   81568.3 7265984.0 5112391.2 15379136.0 10978143.6 50240.0 50160.0    179   97.931   0      0.000   97.931
204224.0 208640.0  0.0   81568.3 7265984.0 5112403.6 15379136.0 10978143.6 50240.0 50160.9    179   97.931   0      0.000   97.931
204224.0 208640.0  0.0   81568.3 7265984.0 5112413.9 15379136.0 10978143.6 50240.0 50160.9    179   97.931   0      0.000   97.931
204224.0 208640.0  0.0   81568.3 7265984.0 5112426.4 15379136.0 10978143.6 50240.0 50160.9    179   97.931   0      0.000   97.931
204224.0 208640.0  0.0   81568.3 7265984.0 5112436.8 15379136.0 10978143.6 50240.0 50160.9    179   97.931   0      0.000   97.931
204224.0 208640.0  0.0   81568.3 7265984.0 5112451.6 15379136.0 10978143.6 50240.0 50160.9    179   97.931   0      0.000   97.931
204224.0 208640.0  0.0   81568.3 7265984.0 5112462.1 15379136.0 10978143.6 50240.0 50160.9    179   97.931   0      0.000   97.931
204224.0 208640.0  0.0   81568.3 7265984.0 5112472.5 15379136.0 10978143.6 50240.0 50160.9    179   97.931   0      0.000   97.931
204224.0 208640.0  0.0   81568.3 7265984.0 5478631.8 15379136.0 10978143.6 50240.0 50193.2    179   97.931   0      0.000   97.931
204224.0 208640.0  0.0   81568.3 7265984.0 5796389.4 15379136.0 10978143.6 50624.0 50540.2    179   97.931   0      0.000   97.931
204224.0 208640.0  0.0   81568.3 7265984.0 7265984.0 15379136.0 10978143.6 50624.0 50540.6    179   97.931   0      0.000   97.931
204224.0 194112.0 25233.3  0.0   7291200.0 1061580.0 15379136.0 11059511.9 50624.0 50543.6    180   99.090   0      0.000   99.090
204224.0 194112.0 25233.3  0.0   7291200.0 4483719.1 15379136.0 11059511.9 50624.0 50543.6    180   99.090   0      0.000   99.090
204224.0 194112.0 25233.3  0.0   7291200.0 6806529.5 15379136.0 11059511.9 50624.0 50543.6    180   99.090   0      0.000   99.090
185664.0 194112.0  0.0   16672.0 7291200.0 2145891.6 15379136.0 11084288.7 50624.0 50543.6    181   99.926   0      0.000   99.926
185664.0 194112.0  0.0   16672.0 7291200.0 5247355.5 15379136.0 11084288.7 50624.0 50543.9    181   99.926   0      0.000   99.926
185664.0 179584.0 2304.0  0.0   7324288.0 1104582.1 15379136.0 11084328.7 50624.0 50543.9    182  100.403   0      0.000  100.403
185664.0 179584.0 2304.0  0.0   7324288.0 5258049.1 15379136.0 11084328.7 50624.0 50543.9    182  100.403   0      0.000  100.403
170432.0 179584.0  0.0   16640.0 7324288.0 1559387.1 15379136.0 11084368.7 50624.0 50543.9    183  100.486   0      0.000  100.486
170432.0 179584.0  0.0   16640.0 7324288.0 5229075.1 15379136.0 11084368.7 50624.0 50543.9    183  100.486   0      0.000  100.486
170432.0 161472.0 16672.0  0.0   7357632.0 1779780.1 15379136.0 11084400.7 50624.0 50543.9    184  100.872   0      0.000  100.872
170432.0 161472.0 16672.0  0.0   7357632.0 4274855.6 15379136.0 11084400.7 50624.0 50543.9    184  100.872   0      0.000  100.872
155584.0 161472.0  0.0   288.0  7357632.0 238155.9 15379136.0 11084456.7 50624.0 50543.9    185  100.947   0      0.000  100.947
155584.0 161472.0  0.0   288.0  7357632.0 3051793.7 15379136.0 11084456.7 50624.0 50543.9    185  100.947   0      0.000  100.947
155584.0 161472.0  0.0   288.0  7357632.0 6235253.7 15379136.0 11084456.7 50624.0 50543.9    185  100.947   0      0.000  100.947
155584.0 149248.0 256.0   0.0   7384704.0 2055304.5 15379136.0 11084520.7 50624.0 50543.9    186  101.028   0      0.000  101.028
155584.0 149248.0 256.0   0.0   7384704.0 5295491.4 15379136.0 11084520.7 50624.0 50543.9    186  101.028   0      0.000  101.028
155584.0 149248.0 256.0   64.0  7384704.0 7384704.0 15379136.0 11084528.7 50624.0 50543.9    187  101.028   0      0.000  101.028
142656.0 149248.0  0.0   224.0  7384704.0 3644931.4 15379136.0 11084568.7 50624.0 50543.9    187  101.103   0      0.000  101.103
142656.0 149248.0  0.0   224.0  7384704.0 6619816.3 15379136.0 11084568.7 50624.0 50543.9    187  101.103   0      0.000  101.103
142656.0 135872.0 280.1   0.0   7411008.0 170256.1 15379136.0 11084632.7 50624.0 50595.4    188  101.536   0      0.000  101.536
142656.0 135872.0 280.1   0.0   7411008.0 380057.7 15379136.0 11084632.7 50816.0 50628.2    188  101.536   0      0.000  101.536
142656.0 135872.0 280.1   0.0   7411008.0 380588.2 15379136.0 11084632.7 50816.0 50709.4    188  101.536   0      0.000  101.536
142656.0 135872.0 280.1   0.0   7411008.0 380609.5 15379136.0 11084632.7 50816.0 50709.4    188  101.536   0      0.000  101.536
142656.0 135872.0 280.1   0.0   7411008.0 380654.4 15379136.0 11084632.7 50816.0 50709.4    188  101.536   0      0.000  101.536
142656.0 135872.0 280.1   0.0   7411008.0 380675.7 15379136.0 11084632.7 50816.0 50709.4    188  101.536   0      0.000  101.536
142656.0 135872.0 280.1   0.0   7411008.0 380695.1 15379136.0 11084632.7 50816.0 50710.4    188  101.536   0      0.000  101.536
142656.0 135872.0 280.1   0.0   7411008.0 380714.4 15379136.0 11084632.7 50816.0 50710.4    188  101.536   0      0.000  101.536
142656.0 135872.0 280.1   0.0   7411008.0 403650.0 15379136.0 11084632.7 51008.0 50999.2    188  101.536   0      0.000  101.536
142656.0 135872.0 280.1   0.0   7411008.0 1060544.1 15379136.0 11084632.7 51200.0 51086.5    188  101.536   0      0.000  101.536
142656.0 135872.0 280.1   0.0   7411008.0 3965384.6 15379136.0 11084632.7 51200.0 51086.6    188  101.536   0      0.000  101.536
142656.0 135872.0 280.1   0.0   7411008.0 7411008.0 15379136.0 11084632.7 51200.0 51086.6    188  101.536   0      0.000  101.536
132736.0 126784.0 320.0   0.0   7430016.0 7430016.0 15379136.0 11130858.4 51200.0 51086.6    190  102.190   0      0.000  102.190
117184.0 126784.0  0.0   20812.3 7430016.0 3379075.7 15379136.0 11130898.4 51200.0 51086.6    191  102.837   0      0.000  102.837
117184.0 126784.0  0.0   20812.3 7430016.0 7072585.1 15379136.0 11130898.4 51200.0 51086.6    191  102.837   0      0.000  102.837
117184.0 111232.0 4416.0  0.0   7461120.0 3745336.1 15379136.0 11130962.4 51200.0 51086.6    192  103.233   0      0.000  103.233
106112.0 111232.0  0.0   256.0  7461120.0 198770.2 15379136.0 11130978.4 51200.0 51086.6    193  103.315   0      0.000  103.315
106112.0 111232.0  0.0   256.0  7461120.0 3789408.7 15379136.0 11130978.4 51200.0 51086.6    193  103.315   0      0.000  103.315
106112.0 111232.0  0.0   256.0  7461120.0 7161772.5 15379136.0 11130978.4 51200.0 51086.6    193  103.315   0      0.000  103.315
106112.0 100800.0 320.0   0.0   7482624.0 3280868.3 15379136.0 11131058.4 51200.0 51086.6    194  103.801   0      0.000  103.801
106112.0 100800.0 320.0   0.0   7482624.0 7172693.8 15379136.0 11131058.4 51200.0 51086.6    194  103.801   0      0.000  103.801
95552.0 100800.0  0.0   288.0  7482624.0 3356232.2 15379136.0 11131082.4 51200.0 51086.6    195  103.882   0      0.000  103.882
95552.0 100800.0  0.0   288.0  7482624.0 7028230.3 15379136.0 11131082.4 51200.0 51090.9    195  103.882   0      0.000  103.882
95552.0 90368.0 288.0   0.0   7503616.0 1218974.9 15379136.0 11131114.4 51200.0 51101.9    196  103.963   0      0.000  103.963
95552.0 90368.0 288.0   0.0   7503616.0 1218997.5 15379136.0 11131114.4 51200.0 51101.9    196  103.963   0      0.000  103.963
95552.0 90368.0 288.0   0.0   7503616.0 1219013.9 15379136.0 11131114.4 51200.0 51101.9    196  103.963   0      0.000  103.963
95552.0 90368.0 288.0   0.0   7503616.0 1219068.9 15379136.0 11131114.4 51200.0 51101.9    196  103.963   0      0.000  103.963
95552.0 90368.0 288.0   0.0   7503616.0 1219089.5 15379136.0 11131114.4 51200.0 51101.9    196  103.963   0      0.000  103.963
95552.0 90368.0 288.0   0.0   7503616.0 1219108.0 15379136.0 11131114.4 51200.0 51101.9    196  103.963   0      0.000  103.963
95552.0 90368.0 288.0   0.0   7503616.0 1219128.6 15379136.0 11131114.4 51200.0 51101.9    196  103.963   0      0.000  103.963
95552.0 90368.0 288.0   0.0   7503616.0 1219147.1 15379136.0 11131114.4 51200.0 51101.9    196  103.963   0      0.000  103.963
95552.0 90368.0 288.0   0.0   7503616.0 1219193.0 15379136.0 11131114.4 51200.0 51101.9    196  103.963   0      0.000  103.963
95552.0 90368.0 288.0   0.0   7503616.0 1219213.5 15379136.0 11131114.4 51200.0 51101.9    196  103.963   0      0.000  103.963
95552.0 90368.0 288.0   0.0   7503616.0 1219234.1 15379136.0 11131114.4 51200.0 51101.9    196  103.963   0      0.000  103.963
95552.0 90368.0 288.0   0.0   7503616.0 1279073.1 15379136.0 11131114.4 51200.0 51106.5    196  103.963   0      0.000  103.963
95552.0 90368.0 288.0   0.0   7503616.0 6174277.4 15379136.0 11131114.4 51200.0 51106.6    196  103.963   0      0.000  103.963
94464.0 90368.0  0.0   46251.3 7503616.0 595541.3 15379136.0 11131186.4 51200.0 51106.6    197  104.040   0      0.000  104.040
94464.0 90368.0  0.0   46251.3 7503616.0 5152172.0 15379136.0 11131186.4 51200.0 51107.0    197  104.040   0      0.000  104.040
94464.0 90368.0 94045.4 46251.3 7503616.0 7503616.0 15379136.0 11156938.5 51200.0 51107.0    198  104.040   0      0.000  104.040
94464.0 115008.0 94045.4  0.0   7459520.0 4505258.4 15379136.0 11156938.5 51200.0 51107.2    198  105.031   0      0.000  105.031
94464.0 115008.0 94045.4 320.0  7459520.0 7459520.0 15379136.0 11197751.9 51200.0 51107.2    199  105.031   0      0.000  105.031
110336.0 115008.0  0.0   320.0  7459520.0 2959550.2 15379136.0 11197751.9 51200.0 51107.2    199  106.873   0      0.000  106.873
110336.0 115008.0  0.0   320.0  7459520.0 7209737.6 15379136.0 11197751.9 51200.0 51107.2    199  106.873   0      0.000  106.873
110336.0 105472.0 320.0   0.0   7473728.0 3227939.2 15379136.0 11197791.9 51200.0 51107.2    200  107.559   0      0.000  107.559
110336.0 105472.0 320.0   0.0   7473728.0 6860318.3 15379136.0 11197791.9 51200.0 51107.2    200  107.559   0      0.000  107.559
100416.0 105472.0  0.0   288.0  7473728.0 3353111.4 15379136.0 11197839.9 51200.0 51107.2    201  107.634   0      0.000  107.634
100416.0 105472.0  0.0   288.0  7473728.0 7243275.4 15379136.0 11197839.9 51200.0 51107.4    201  107.634   0      0.000  107.634
100416.0 95360.0 288.0   0.0   7493760.0 3264823.9 15379136.0 11197895.9 51200.0 51107.4    202  108.223   0      0.000  108.223
100416.0 95360.0 288.0   0.0   7493760.0 6996782.8 15379136.0 11197895.9 51200.0 51107.4    202  108.223   0      0.000  108.223
90304.0 95360.0  0.0   288.0  7493760.0 3223783.9 15379136.0 11197951.9 51200.0 51107.4    203  108.305   0      0.000  108.305
90304.0 95360.0  0.0   288.0  7493760.0 7141601.2 15379136.0 11197951.9 51200.0 51108.4    203  108.305   0      0.000  108.305
90304.0 85312.0 416.0   0.0   7513920.0 2119777.4 15379136.0 11198031.9 51200.0 51109.5    204  108.381   0      0.000  108.381
90304.0 85312.0 416.0   0.0   7513920.0 2119802.0 15379136.0 11198031.9 51200.0 51109.5    204  108.381   0      0.000  108.381
90304.0 85312.0 416.0   0.0   7513920.0 2119828.9 15379136.0 11198031.9 51200.0 51109.5    204  108.381   0      0.000  108.381
90304.0 85312.0 416.0   0.0   7513920.0 2119849.5 15379136.0 11198031.9 51200.0 51109.5    204  108.381   0      0.000  108.381
90304.0 85312.0 416.0   0.0   7513920.0 2119868.1 15379136.0 11198031.9 51200.0 51109.5    204  108.381   0      0.000  108.381
90304.0 85312.0 416.0   0.0   7513920.0 2119914.5 15379136.0 11198031.9 51200.0 51109.5    204  108.381   0      0.000  108.381
90304.0 85312.0 416.0   0.0   7513920.0 3119646.1 15379136.0 11198031.9 51200.0 51169.5    204  108.381   0      0.000  108.381
90304.0 85312.0 416.0   0.0   7513920.0 7114810.8 15379136.0 11198031.9 51200.0 51169.7    204  108.381   0      0.000  108.381
82304.0 85312.0  0.0   24937.9 7513920.0 2154824.9 15379136.0 11198087.9 51200.0 51170.6    205  108.766   0      0.000  108.766
82304.0 85312.0  0.0   24937.9 7513920.0 6234444.9 15379136.0 11198087.9 51200.0 51170.6    205  108.766   0      0.000  108.766
82304.0 77760.0 20753.6  0.0   7529472.0 1726139.7 15379136.0 11222851.5 51200.0 51170.6    206  109.609   0      0.000  109.609
82304.0 77760.0 20753.6  0.0   7529472.0 5250614.1 15379136.0 11222851.5 51200.0 51170.8    206  109.609   0      0.000  109.609
72704.0 77760.0  0.0   8512.0 7529472.0 386984.1 15379136.0 11243373.1 51200.0 51170.8    207  110.551   0      0.000  110.551
72704.0 77760.0  0.0   8512.0 7529472.0 5198864.5 15379136.0 11243373.1 51200.0 51170.8    207  110.551   0      0.000  110.551
72704.0 73728.0 33088.0  0.0   7542080.0 3412151.0 15379136.0 11243413.1 51200.0 51170.8    208  111.046   0      0.000  111.046
72704.0 73728.0 33088.0  32.0  7542080.0 7542080.0 15379136.0 11243421.1 51200.0 51171.4    209  111.046   0      0.000  111.046
68032.0 73728.0  0.0   16704.0 7542080.0 3602503.6 15379136.0 11243477.1 51200.0 51171.4    209  111.123   0      0.000  111.123
68032.0 73728.0  64.0  16704.0 7542080.0 7542080.0 15379136.0 11243485.1 51200.0 51171.4    210  111.123   0      0.000  111.123
68032.0 65664.0 320.0   0.0   7555840.0 3466760.8 15379136.0 11243541.1 51200.0 51171.4    210  111.645   0      0.000  111.645
68032.0 65664.0 320.0   0.0   7555840.0 7093139.4 15379136.0 11243541.1 51200.0 51171.4    210  111.645   0      0.000  111.645
63104.0 65664.0  0.0   256.0  7555840.0 2930703.9 15379136.0 11243605.1 51200.0 51171.4    211  111.727   0      0.000  111.727
63104.0 65664.0  0.0   256.0  7555840.0 6732442.5 15379136.0 11243605.1 51200.0 51171.4    211  111.727   0      0.000  111.727
63104.0 60352.0 288.0   0.0   7566080.0 1622942.5 15379136.0 11243653.1 51200.0 51171.6    212  111.809   0      0.000  111.809
63104.0 60352.0 288.0   0.0   7566080.0 1888950.1 15379136.0 11243653.1 51200.0 51171.6    212  111.809   0      0.000  111.809
63104.0 60352.0 288.0   0.0   7566080.0 1889005.6 15379136.0 11243653.1 51200.0 51171.6    212  111.809   0      0.000  111.809
63104.0 60352.0 288.0   0.0   7566080.0 1889026.2 15379136.0 11243653.1 51200.0 51171.6    212  111.809   0      0.000  111.809
63104.0 60352.0 288.0   0.0   7566080.0 1889044.7 15379136.0 11243653.1 51200.0 51171.6    212  111.809   0      0.000  111.809
63104.0 60352.0 288.0   0.0   7566080.0 1889065.3 15379136.0 11243653.1 51200.0 51171.6    212  111.809   0      0.000  111.809
63104.0 60352.0 288.0   0.0   7566080.0 1889083.8 15379136.0 11243653.1 51200.0 51171.6    212  111.809   0      0.000  111.809
63104.0 60352.0 288.0   0.0   7566080.0 1889131.4 15379136.0 11243653.1 51200.0 51171.6    212  111.809   0      0.000  111.809
63104.0 60352.0 288.0   0.0   7566080.0 2353100.9 15379136.0 11243653.1 51200.0 51172.6    212  111.809   0      0.000  111.809
63104.0 60352.0 288.0   0.0   7566080.0 6492500.2 15379136.0 11243653.1 51200.0 51172.7    212  111.809   0      0.000  111.809
60032.0 60352.0  0.0   24309.1 7566080.0 2615206.1 15379136.0 11243701.1 51200.0 51172.7    213  112.207   0      0.000  112.207
60032.0 60352.0  0.0   24309.1 7566080.0 6177562.8 15379136.0 11243701.1 51200.0 51172.7    213  112.207   0      0.000  112.207
60032.0 57600.0 320.0   0.0   7571904.0 2358617.7 15379136.0 11247633.3 51200.0 51172.7    214  112.755   0      0.000  112.755
60032.0 57600.0 320.0   0.0   7571904.0 5719189.1 15379136.0 11247633.3 51200.0 51172.8    214  112.755   0      0.000  112.755
55040.0 57600.0  0.0   256.0  7571904.0 147435.8 15379136.0 11247657.3 51200.0 51172.8    215  113.183   0      0.000  113.183
55040.0 57600.0  0.0   256.0  7571904.0 5169037.5 15379136.0 11247657.3 51200.0 51172.8    215  113.183   0      0.000  113.183
55040.0 62016.0 41515.5  0.0   7565504.0 415264.0 15379136.0 11268442.1 51200.0 51172.8    216  113.608   0      0.000  113.608
59520.0 62016.0  0.0   256.0  7565504.0 4477126.5 15379136.0 11268482.1 51200.0 51174.6    217  113.751   0      0.000  113.751
59520.0 62016.0 224.0  256.0  7565504.0 7565504.0 15379136.0 11268522.1 51200.0 51174.6    218  113.751   0      0.000  113.751
59520.0 56896.0 224.0   0.0   7573120.0 3727170.2 15379136.0 11268522.1 51200.0 51174.6    218  114.081   0      0.000  114.081
59520.0 56896.0 224.0   0.0   7573120.0 7544330.7 15379136.0 11268522.1 51200.0 51175.0    219  114.081   0      0.000  114.081
54272.0 56896.0  0.0   224.0  7573120.0 3224357.6 15379136.0 11268546.1 51200.0 51175.0    219  114.157   0      0.000  114.157
54272.0 56896.0  0.0   224.0  7573120.0 6480725.8 15379136.0 11268546.1 51200.0 51175.0    219  114.157   0      0.000  114.157
54272.0 51584.0 224.0   0.0   7583680.0 1190199.1 15379136.0 11268578.1 51200.0 51175.0    220  114.239   0      0.000  114.239
54272.0 51584.0 224.0   0.0   7583680.0 1190262.2 15379136.0 11268578.1 51200.0 51175.0    220  114.239   0      0.000  114.239
54272.0 51584.0 224.0   0.0   7583680.0 1190315.8 15379136.0 11268578.1 51200.0 51175.0    220  114.239   0      0.000  114.239
54272.0 51584.0 224.0   0.0   7583680.0 1190336.5 15379136.0 11268578.1 51200.0 51175.0    220  114.239   0      0.000  114.239
54272.0 51584.0 224.0   0.0   7583680.0 1190355.0 15379136.0 11268578.1 51200.0 51175.0    220  114.239   0      0.000  114.239
54272.0 51584.0 224.0   0.0   7583680.0 1190375.5 15379136.0 11268578.1 51200.0 51175.0    220  114.239   0      0.000  114.239
54272.0 51584.0 224.0   0.0   7583680.0 1190394.1 15379136.0 11268578.1 51200.0 51175.0    220  114.239   0      0.000  114.239
54272.0 51584.0 224.0   0.0   7583680.0 1190439.9 15379136.0 11268578.1 51200.0 51175.0    220  114.239   0      0.000  114.239
54272.0 51584.0 224.0   0.0   7583680.0 1190458.4 15379136.0 11268578.1 51200.0 51175.0    220  114.239   0      0.000  114.239
54272.0 51584.0 224.0   0.0   7583680.0 1190481.0 15379136.0 11268578.1 51200.0 51175.0    220  114.239   0      0.000  114.239
54272.0 51584.0 224.0   0.0   7583680.0 1190499.6 15379136.0 11268578.1 51200.0 51175.0    220  114.239   0      0.000  114.239
54272.0 51584.0 224.0   0.0   7583680.0 1190520.1 15379136.0 11268578.1 51200.0 51175.0    220  114.239   0      0.000  114.239
54272.0 51584.0 224.0   0.0   7583680.0 1190559.8 15379136.0 11268578.1 51200.0 51175.0    220  114.239   0      0.000  114.239
54272.0 51584.0 224.0   0.0   7583680.0 1190580.3 15379136.0 11268578.1 51200.0 51175.0    220  114.239   0      0.000  114.239
54272.0 51584.0 224.0   0.0   7583680.0 1190598.8 15379136.0 11268578.1 51200.0 51175.0    220  114.239   0      0.000  114.239
54272.0 51584.0 224.0   0.0   7583680.0 1286846.0 15379136.0 11268578.1 51200.0 51178.2    220  114.239   0      0.000  114.239
54272.0 51584.0 224.0   0.0   7583680.0 5531411.6 15379136.0 11268578.1 51200.0 51178.2    220  114.239   0      0.000  114.239
60608.0 45120.0  0.0   45097.6 7583680.0 1368805.1 15379136.0 11268650.1 51200.0 51178.2    221  114.316   0      0.000  114.316
60608.0 45120.0  0.0   45097.6 7583680.0 5370379.1 15379136.0 11268650.1 51200.0 51178.2    221  114.316   0      0.000  114.316
60608.0 57984.0 288.0   0.0   7570944.0 1429180.0 15379136.0 11313531.6 51200.0 51178.2    222  114.405   0      0.000  114.405
60608.0 57984.0 288.0   0.0   7570944.0 5693711.9 15379136.0 11313531.6 51200.0 51178.2    222  114.405   0      0.000  114.405
64448.0 41728.0  0.0   41719.8 7570944.0 2461558.1 15379136.0 11313555.6 51200.0 51180.2    223  114.960   0      0.000  114.960
64448.0 41728.0  0.0   41719.8 7570944.0 5869282.2 15379136.0 11313555.6 51200.0 51180.2    223  114.960   0      0.000  114.960
64448.0 61696.0 20556.2  0.0   7563392.0 2116399.2 15379136.0 11313595.6 51200.0 51181.4    224  115.040   0      0.000  115.040
64448.0 61696.0 20556.2  0.0   7563392.0 6598341.9 15379136.0 11313595.6 51200.0 51181.4    224  115.040   0      0.000  115.040
59584.0 61696.0  0.0   288.0  7563392.0 2452426.2 15379136.0 11313651.6 51200.0 51181.4    225  115.123   0      0.000  115.123
59584.0 61696.0  0.0   288.0  7563392.0 6538943.8 15379136.0 11313651.6 51200.0 51181.4    225  115.123   0      0.000  115.123
59584.0 57536.0 20599.4  0.0   7572416.0 2986979.5 15379136.0 11313715.6 51200.0 51181.4    226  115.200   0      0.000  115.200
59584.0 57536.0 20599.4  0.0   7572416.0 6361392.7 15379136.0 11313715.6 51200.0 51181.7    226  115.200   0      0.000  115.200
55616.0 57536.0  0.0   256.0  7572416.0 2915944.7 15379136.0 11313787.6 51200.0 51181.9    227  115.281   0      0.000  115.281
55616.0 57536.0  0.0   256.0  7572416.0 6267849.8 15379136.0 11313787.6 51200.0 51181.9    227  115.281   0      0.000  115.281
55616.0 53568.0 256.0   0.0   7580352.0 977547.5 15379136.0 11313843.6 51200.0 51181.9    228  115.497   0      0.000  115.497
55616.0 53568.0 256.0   0.0   7580352.0 977636.5 15379136.0 11313843.6 51200.0 51181.9    228  115.497   0      0.000  115.497
55616.0 53568.0 256.0   0.0   7580352.0 977665.4 15379136.0 11313843.6 51200.0 51181.9    228  115.497   0      0.000  115.497
55616.0 53568.0 256.0   0.0   7580352.0 977683.9 15379136.0 11313843.6 51200.0 51181.9    228  115.497   0      0.000  115.497
55616.0 53568.0 256.0   0.0   7580352.0 977702.4 15379136.0 11313843.6 51200.0 51181.9    228  115.497   0      0.000  115.497
55616.0 53568.0 256.0   0.0   7580352.0 977723.0 15379136.0 11313843.6 51200.0 51181.9    228  115.497   0      0.000  115.497
55616.0 53568.0 256.0   0.0   7580352.0 977768.5 15379136.0 11313843.6 51200.0 51181.9    228  115.497   0      0.000  115.497
55616.0 53568.0 256.0   0.0   7580352.0 977791.0 15379136.0 11313843.6 51200.0 51181.9    228  115.497   0      0.000  115.497
55616.0 53568.0 256.0   0.0   7580352.0 977809.5 15379136.0 11313843.6 51200.0 51181.9    228  115.497   0      0.000  115.497
55616.0 53568.0 256.0   0.0   7580352.0 977828.1 15379136.0 11313843.6 51200.0 51181.9    228  115.497   0      0.000  115.497
55616.0 53568.0 256.0   0.0   7580352.0 1074133.9 15379136.0 11313843.6 51200.0 51187.1    228  115.497   0      0.000  115.497
55616.0 53568.0 256.0   0.0   7580352.0 3013080.9 15379136.0 11313843.6 51200.0 51187.6    228  115.497   0      0.000  115.497
55616.0 53568.0 256.0   0.0   7580352.0 5178881.8 15379136.0 11313843.6 51200.0 51187.6    228  115.497   0      0.000  115.497
61696.0 45056.0  0.0   45033.6 7580352.0 84932.8  15379136.0 11313907.6 51200.0 51187.6    229  115.578   0      0.000  115.578
61696.0 45056.0  0.0   45033.6 7580352.0 4409690.1 15379136.0 11313907.6 51200.0 51187.6    229  115.578   0      0.000  115.578
61696.0 45056.0  64.0  45033.6 7580352.0 7580352.0 15379136.0 11337475.2 51200.0 51187.6    230  115.578   0      0.000  115.578
61696.0 59520.0 320.0   0.0   7568320.0 4015449.7 15379136.0 11358789.0 51200.0 51188.1    230  116.106   0      0.000  116.106
61696.0 59520.0 320.0   32.0  7568320.0 7568320.0 15379136.0 11358797.0 51200.0 51188.1    231  116.106   0      0.000  116.106
67392.0 53824.0  0.0   53787.9 7568320.0 2817918.4 15379136.0 11412328.9 51200.0 51188.1    231  117.464   0      0.000  117.464
67392.0 53824.0  0.0   53787.9 7568320.0 6939955.7 15379136.0 11412328.9 51200.0 51188.1    231  117.464   0      0.000  117.464
67392.0 67520.0 224.0   0.0   7554496.0 2118566.6 15379136.0 11412368.9 51200.0 51188.1    232  118.557   0      0.000  118.557
67392.0 67520.0 224.0   0.0   7554496.0 5955201.6 15379136.0 11412368.9 51200.0 51188.1    232  118.557   0      0.000  118.557
65024.0 67520.0  0.0   256.0  7554496.0 2192655.1 15379136.0 11412408.9 51200.0 51188.1    233  118.632   0      0.000  118.632
65024.0 67520.0  0.0   256.0  7554496.0 7171372.0 15379136.0 11412408.9 51200.0 51188.1    233  118.632   0      0.000  118.632
65024.0 62336.0 256.0   0.0   7562176.0 2610849.6 15379136.0 11412472.9 51200.0 51188.1    234  118.710   0      0.000  118.710
65024.0 62336.0 256.0   0.0   7562176.0 6067461.6 15379136.0 11412472.9 51200.0 51188.1    234  118.710   0      0.000  118.710
59520.0 62336.0  0.0   256.0  7562176.0 2257973.5 15379136.0 11412536.9 51200.0 51188.1    235  118.791   0      0.000  118.791
59520.0 62336.0  0.0   256.0  7562176.0 5569453.4 15379136.0 11412536.9 51200.0 51188.1    235  118.791   0      0.000  118.791
59520.0 56704.0 320.0   0.0   7573312.0 749911.9 15379136.0 11412592.9 51200.0 51188.1    236  118.872   0      0.000  118.872
59520.0 56704.0 320.0   0.0   7573312.0 749936.6 15379136.0 11412592.9 51200.0 51188.1    236  118.872   0      0.000  118.872
59520.0 56704.0 320.0   0.0   7573312.0 749988.0 15379136.0 11412592.9 51200.0 51188.1    236  118.872   0      0.000  118.872
59520.0 56704.0 320.0   0.0   7573312.0 750010.5 15379136.0 11412592.9 51200.0 51188.1    236  118.872   0      0.000  118.872
59520.0 56704.0 320.0   0.0   7573312.0 750029.0 15379136.0 11412592.9 51200.0 51188.1    236  118.872   0      0.000  118.872
59520.0 56704.0 320.0   0.0   7573312.0 750047.4 15379136.0 11412592.9 51200.0 51188.1    236  118.872   0      0.000  118.872
59520.0 56704.0 320.0   0.0   7573312.0 750065.9 15379136.0 11412592.9 51200.0 51188.1    236  118.872   0      0.000  118.872
59520.0 56704.0 320.0   0.0   7573312.0 750114.3 15379136.0 11412592.9 51200.0 51188.1    236  118.872   0      0.000  118.872
59520.0 56704.0 320.0   0.0   7573312.0 750132.9 15379136.0 11412592.9 51200.0 51188.1    236  118.872   0      0.000  118.872
59520.0 56704.0 320.0   0.0   7573312.0 750153.4 15379136.0 11412592.9 51200.0 51188.1    236  118.872   0      0.000  118.872
59520.0 56704.0 320.0   0.0   7573312.0 750169.8 15379136.0 11412592.9 51200.0 51188.1    236  118.872   0      0.000  118.872
59520.0 56704.0 320.0   0.0   7573312.0 3340829.1 15379136.0 11412592.9 51200.0 51189.8    236  118.872   0      0.000  118.872
59520.0 56704.0 320.0   0.0   7573312.0 7260815.0 15379136.0 11412592.9 51200.0 51189.8    236  118.872   0      0.000  118.872
53184.0 56704.0  0.0   4064.4 7573312.0 3859128.8 15379136.0 11412664.9 51200.0 51189.8    237  118.949   0      0.000  118.949
53184.0 50496.0  96.0   0.0   7585856.0 221201.6 15379136.0 11416573.1 51200.0 51189.8    238  119.025   0      0.000  119.025
53184.0 50496.0  96.0   0.0   7585856.0 4067991.4 15379136.0 11416573.1 51200.0 51189.8    238  119.025   0      0.000  119.025
50816.0 50496.0  0.0   20923.9 7585856.0 836272.9 15379136.0 11416605.1 51200.0 51189.8    239  119.107   0      0.000  119.107
50816.0 50496.0  0.0   20923.9 7585856.0 4833028.0 15379136.0 11416605.1 51200.0 51189.8    239  119.107   0      0.000  119.107
50816.0 58240.0 41144.5  0.0   7573056.0 1183597.9 15379136.0 11416645.1 51200.0 51189.8    240  119.322   0      0.000  119.322
50816.0 58240.0 41144.5  0.0   7573056.0 4795581.2 15379136.0 11416645.1 51200.0 51189.8    240  119.322   0      0.000  119.322
55936.0 58240.0  0.0   288.0  7573056.0 1438303.5 15379136.0 11416701.1 51200.0 51189.8    241  119.399   0      0.000  119.399
55936.0 58240.0  0.0   288.0  7573056.0 5587528.3 15379136.0 11416701.1 51200.0 51189.8    241  119.399   0      0.000  119.399
55936.0 54848.0 20984.8  0.0   7578752.0 1656626.9 15379136.0 11416757.1 51200.0 51189.8    242  119.475   0      0.000  119.475
55936.0 54848.0 20984.8  0.0   7578752.0 5625159.2 15379136.0 11416757.1 51200.0 51189.8    242  119.475   0      0.000  119.475
52800.0 54848.0  0.0   288.0  7578752.0 2003408.1 15379136.0 11416821.1 51200.0 51189.8    243  119.557   0      0.000  119.557
52800.0 54848.0  0.0   288.0  7578752.0 3986609.4 15379136.0 11416821.1 51200.0 51189.8    243  119.557   0      0.000  119.557
52800.0 60032.0 42315.4  0.0   7569472.0 48976.0  15379136.0 11416869.1 51200.0 51189.8    244  119.680   0      0.000  119.680
52800.0 60032.0 42315.4  0.0   7569472.0 5218533.2 15379136.0 11416869.1 51200.0 51191.0    244  119.680   0      0.000  119.680
57920.0 60032.0  0.0   352.0  7569472.0 585514.0 15379136.0 11458946.3 51200.0 51191.0    245  119.802   0      0.000  119.802
57920.0 60032.0  0.0   352.0  7569472.0 2344751.9 15379136.0 11458946.3 51200.0 51191.6    245  119.802   0      0.000  119.802
57920.0 60032.0  0.0   352.0  7569472.0 2344772.5 15379136.0 11458946.3 51200.0 51191.6    245  119.802   0      0.000  119.802
57920.0 60032.0  0.0   352.0  7569472.0 2344821.1 15379136.0 11458946.3 51200.0 51191.6    245  119.802   0      0.000  119.802
57920.0 60032.0  0.0   352.0  7569472.0 2344841.6 15379136.0 11458946.3 51200.0 51191.6    245  119.802   0      0.000  119.802
57920.0 60032.0  0.0   352.0  7569472.0 2344858.1 15379136.0 11458946.3 51200.0 51191.6    245  119.802   0      0.000  119.802
57920.0 60032.0  0.0   352.0  7569472.0 2344880.6 15379136.0 11458946.3 51200.0 51191.6    245  119.802   0      0.000  119.802
57920.0 60032.0  0.0   352.0  7569472.0 4626637.1 15379136.0 11458946.3 51200.0 51195.7    245  119.802   0      0.000  119.802
57920.0 65664.0 46176.6  0.0   7558208.0 491830.2 15379136.0 11479771.1 51200.0 51195.9    246  120.419   0      0.000  120.419
57920.0 65664.0 46176.6  0.0   7558208.0 3862889.3 15379136.0 11479771.1 51200.0 51195.9    246  120.419   0      0.000  120.419
57920.0 65664.0 46176.6  96.0  7558208.0 7558208.0 15379136.0 11481221.4 51200.0 51195.9    247  120.419   0      0.000  120.419
63488.0 65664.0  0.0   320.0  7558208.0 3888280.7 15379136.0 11504994.6 51200.0 51195.9    247  120.917   0      0.000  120.917
63488.0 65664.0  64.0  320.0  7558208.0 7558208.0 15379136.0 11505010.6 51200.0 51195.9    248  120.917   0      0.000  120.917
63488.0 61120.0 224.0   0.0   7564928.0 4036593.9 15379136.0 11505042.6 51200.0 51195.9    248  120.993   0      0.000  120.993
63488.0 61120.0 224.0  54161.3 7564928.0 7564928.0 15379136.0 11525171.9 51200.0 51195.9    249  120.993   0      0.000  120.993
70400.0 54208.0  0.0   54161.3 7564928.0 2732347.6 15379136.0 11525171.9 51200.0 51195.9    249  121.311   0      0.000  121.311
70400.0 54208.0  0.0   54161.3 7564928.0 6787818.9 15379136.0 11525171.9 51200.0 51195.9    249  121.311   0      0.000  121.311
70400.0 81920.0 60344.6  0.0   7525696.0 2903754.4 15379136.0 11525235.9 51200.0 51195.9    250  121.751   0      0.000  121.751
70400.0 81920.0 60344.6  0.0   7525696.0 6268981.8 15379136.0 11525235.9 51200.0 51195.9    250  121.751   0      0.000  121.751
79552.0 81920.0  0.0   256.0  7525696.0 2115534.1 15379136.0 11525259.9 51200.0 51195.9    251  121.826   0      0.000  121.826
79552.0 81920.0  0.0   256.0  7525696.0 5053485.0 15379136.0 11525259.9 51200.0 51195.9    251  121.826   0      0.000  121.826
79552.0 81920.0 320.0  256.0  7525696.0 7525696.0 15379136.0 11525307.9 51200.0 51195.9    252  121.826   0      0.000  121.826
79552.0 76864.0 320.0   0.0   7533120.0 3705624.4 15379136.0 11525323.9 51200.0 51195.9    252  122.288   0      0.000  122.288
79552.0 76864.0 320.0   0.0   7533120.0 7171686.0 15379136.0 11525323.9 51200.0 51195.9    252  122.288   0      0.000  122.288
73920.0 76864.0  0.0   288.0  7533120.0 1808923.5 15379136.0 11525339.9 51200.0 51195.9    253  122.369   0      0.000  122.369
73920.0 76864.0  0.0   288.0  7533120.0 1808941.8 15379136.0 11525339.9 51200.0 51195.9    253  122.369   0      0.000  122.369
73920.0 76864.0  0.0   288.0  7533120.0 1808968.4 15379136.0 11525339.9 51200.0 51195.9    253  122.369   0      0.000  122.369
73920.0 76864.0  0.0   288.0  7533120.0 1809013.6 15379136.0 11525339.9 51200.0 51195.9    253  122.369   0      0.000  122.369
73920.0 76864.0  0.0   288.0  7533120.0 1809031.8 15379136.0 11525339.9 51200.0 51195.9    253  122.369   0      0.000  122.369
73920.0 76864.0  0.0   288.0  7533120.0 1809052.2 15379136.0 11525339.9 51200.0 51195.9    253  122.369   0      0.000  122.369
73920.0 76864.0  0.0   288.0  7533120.0 1809070.5 15379136.0 11525339.9 51200.0 51195.9    253  122.369   0      0.000  122.369
73920.0 76864.0  0.0   288.0  7533120.0 1809090.8 15379136.0 11525339.9 51200.0 51195.9    253  122.369   0      0.000  122.369
73920.0 76864.0  0.0   288.0  7533120.0 1865035.6 15379136.0 11525339.9 51392.0 51201.8    253  122.369   0      0.000  122.369
73920.0 76864.0  0.0   288.0  7533120.0 5651136.2 15379136.0 11525339.9 51392.0 51206.4    253  122.369   0      0.000  122.369
73920.0 71488.0 25105.6  0.0   7544128.0 368963.4 15379136.0 11525411.9 51392.0 51206.4    254  122.874   0      0.000  122.874
73920.0 71488.0 25105.6  0.0   7544128.0 4220886.1 15379136.0 11525411.9 51392.0 51206.4    254  122.874   0      0.000  122.874
73920.0 71488.0 25105.6  96.0  7544128.0 7544128.0 15379136.0 11547859.4 51392.0 51206.4    255  122.874   0      0.000  122.874
68864.0 66048.0 288.0   0.0   7554624.0 6889317.1 15379136.0 11550402.2 51392.0 51206.6    256  123.775   0      0.000  123.775
69376.0 36992.0  0.0   36952.1 7554624.0 3473982.9 15379136.0 11550458.2 51392.0 51206.6    257  123.858   0      0.000  123.858
69376.0 36992.0 1280.0 36952.1 7554624.0 7554624.0 15379136.0 11570778.2 51392.0 51206.6    258  123.858   0      0.000  123.858
69376.0 66560.0 1280.0  0.0   7553600.0 3785230.5 15379136.0 11570778.2 51392.0 51206.6    258  124.178   0      0.000  124.178
63808.0 66560.0  0.0   224.0  7553600.0 251109.5 15379136.0 11570818.2 51392.0 51206.6    259  124.316   0      0.000  124.316
63808.0 66560.0  0.0   224.0  7553600.0 3853947.5 15379136.0 11570818.2 51392.0 51206.6    259  124.316   0      0.000  124.316
63808.0 66560.0  0.0   224.0  7553600.0 7236599.8 15379136.0 11570818.2 51392.0 51206.6    259  124.316   0      0.000  124.316
63808.0 60928.0 256.0   0.0   7564800.0 3472153.9 15379136.0 11570882.2 51392.0 51206.6    260  124.394   0      0.000  124.394
63808.0 60928.0 256.0   0.0   7564800.0 6617094.1 15379136.0 11570882.2 51392.0 51206.6    260  124.394   0      0.000  124.394
57984.0 60928.0  0.0   288.0  7564800.0 1798380.9 15379136.0 11570914.2 51392.0 51207.7    261  124.469   0      0.000  124.469
57984.0 60928.0  0.0   288.0  7564800.0 1798443.5 15379136.0 11570914.2 51392.0 51207.7    261  124.469   0      0.000  124.469
57984.0 60928.0  0.0   288.0  7564800.0 1798463.8 15379136.0 11570914.2 51392.0 51207.7    261  124.469   0      0.000  124.469
57984.0 60928.0  0.0   288.0  7564800.0 1798488.1 15379136.0 11570914.2 51392.0 51207.7    261  124.469   0      0.000  124.469
57984.0 60928.0  0.0   288.0  7564800.0 1798533.3 15379136.0 11570914.2 51392.0 51207.7    261  124.469   0      0.000  124.469
57984.0 60928.0  0.0   288.0  7564800.0 1798555.7 15379136.0 11570914.2 51392.0 51207.7    261  124.469   0      0.000  124.469
57984.0 60928.0  0.0   288.0  7564800.0 1798573.9 15379136.0 11570914.2 51392.0 51207.7    261  124.469   0      0.000  124.469
57984.0 60928.0  0.0   288.0  7564800.0 1798592.4 15379136.0 11570914.2 51392.0 51207.7    261  124.469   0      0.000  124.469
57984.0 60928.0  0.0   288.0  7564800.0 1798610.7 15379136.0 11570914.2 51392.0 51207.7    261  124.469   0      0.000  124.469
57984.0 60928.0  0.0   288.0  7564800.0 1798658.2 15379136.0 11570914.2 51392.0 51207.7    261  124.469   0      0.000  124.469
57984.0 60928.0  0.0   288.0  7564800.0 1798676.4 15379136.0 11570914.2 51392.0 51207.7    261  124.469   0      0.000  124.469
57984.0 60928.0  0.0   288.0  7564800.0 1798696.8 15379136.0 11570914.2 51392.0 51207.7    261  124.469   0      0.000  124.469
57984.0 60928.0  0.0   288.0  7564800.0 1798715.1 15379136.0 11570914.2 51392.0 51207.7    261  124.469   0      0.000  124.469
57984.0 60928.0  0.0   288.0  7564800.0 2558528.7 15379136.0 11570914.2 51392.0 51209.7    261  124.469   0      0.000  124.469
57984.0 60928.0  0.0   288.0  7564800.0 6567983.0 15379136.0 11570914.2 51392.0 51209.9    261  124.469   0      0.000  124.469
57984.0 66240.0 45690.4  0.0   7557056.0 1605869.3 15379136.0 11591723.1 51392.0 51209.9    262  124.732   0      0.000  124.732
57984.0 66240.0 45690.4  0.0   7557056.0 5451748.0 15379136.0 11591723.1 51392.0 51209.9    262  124.732   0      0.000  124.732
57984.0 66240.0 45690.4 288.0  7557056.0 7557056.0 15379136.0 11616496.5 51392.0 51209.9    263  124.732   0      0.000  124.732
63360.0 66240.0  0.0   288.0  7557056.0 4395042.8 15379136.0 11616496.5 51392.0 51209.9    263  125.488   0      0.000  125.488
63360.0 60480.0 256.0   0.0   7565696.0   0.0    15379136.0 11616520.5 51392.0 51209.9    264  125.833   0      0.000  125.833
63360.0 60480.0 256.0   0.0   7565696.0 4130619.2 15379136.0 11616520.5 51392.0 51209.9    264  125.833   0      0.000  125.833
57472.0 60480.0  0.0   256.0  7565696.0 588672.9 15379136.0 11616584.5 51392.0 51209.9    265  125.914   0      0.000  125.914
57472.0 60480.0  0.0   256.0  7565696.0 5400080.5 15379136.0 11616584.5 51392.0 51209.9    265  125.914   0      0.000  125.914
57472.0 64064.0 40879.5  0.0   7561408.0 1535675.5 15379136.0 11616640.5 51392.0 51210.7    266  126.500   0      0.000  126.500
57472.0 64064.0 40879.5  0.0   7561408.0 5511027.6 15379136.0 11616640.5 51392.0 51210.7    266  126.500   0      0.000  126.500
61248.0 64064.0  0.0   320.0  7561408.0 1334820.9 15379136.0 11636936.6 51392.0 51210.7    267  126.832   0      0.000  126.832
61248.0 64064.0  0.0   320.0  7561408.0 4830262.1 15379136.0 11636936.6 51392.0 51211.4    267  126.832   0      0.000  126.832
61248.0 64064.0  64.0  320.0  7561408.0 7561408.0 15379136.0 11636960.6 51392.0 51211.4    268  126.832   0      0.000  126.832
61248.0 58368.0 224.0   0.0   7569920.0 3657092.6 15379136.0 11636992.6 51392.0 51211.4    268  127.510   0      0.000  127.510
61248.0 58368.0 224.0   0.0   7569920.0 7495325.8 15379136.0 11636992.6 51392.0 51211.4    268  127.510   0      0.000  127.510
55424.0 58368.0  0.0   320.0  7569920.0 1498838.3 15379136.0 11637064.6 51392.0 51211.4    269  127.598   0      0.000  127.598
55424.0 58368.0  0.0   320.0  7569920.0 1498866.8 15379136.0 11637064.6 51392.0 51211.4    269  127.598   0      0.000  127.598
55424.0 58368.0  0.0   320.0  7569920.0 1498885.1 15379136.0 11637064.6 51392.0 51211.4    269  127.598   0      0.000  127.598
55424.0 58368.0  0.0   320.0  7569920.0 1498907.4 15379136.0 11637064.6 51392.0 51211.4    269  127.598   0      0.000  127.598
55424.0 58368.0  0.0   320.0  7569920.0 1498953.0 15379136.0 11637064.6 51392.0 51212.6    269  127.598   0      0.000  127.598
55424.0 58368.0  0.0   320.0  7569920.0 1498973.3 15379136.0 11637064.6 51392.0 51212.8    269  127.598   0      0.000  127.598
55424.0 58368.0  0.0   320.0  7569920.0 1498991.5 15379136.0 11637064.6 51392.0 51212.9    269  127.598   0      0.000  127.598
55424.0 58368.0  0.0   320.0  7569920.0 1519515.0 15379136.0 11637064.6 51392.0 51215.0    269  127.598   0      0.000  127.598
55424.0 58368.0  0.0   320.0  7569920.0 4830004.3 15379136.0 11637064.6 51392.0 51216.6    269  127.598   0      0.000  127.598
55424.0 56448.0 24945.6  0.0   7576640.0 574246.8 15379136.0 11637128.6 51392.0 51216.6    270  127.682   0      0.000  127.682
55424.0 56448.0 24945.6  0.0   7576640.0 4272479.6 15379136.0 11637128.6 51392.0 51216.6    270  127.682   0      0.000  127.682
55424.0 56448.0 24945.6 16704.0 7576640.0 7576640.0 15379136.0 11661878.8 51392.0 51216.6    271  127.682   0      0.000  127.682
53888.0 56448.0  0.0   16704.0 7576640.0 4228665.1 15379136.0 11661878.8 51392.0 51216.6    271  128.112   0      0.000  128.112
53888.0 51712.0 288.0   0.0   7583936.0 514296.8 15379136.0 11661934.8 51392.0 51216.8    272  128.212   0      0.000  128.212
53888.0 51712.0 288.0   0.0   7583936.0 3803891.9 15379136.0 11661934.8 51392.0 51216.8    272  128.212   0      0.000  128.212
49408.0 51712.0  0.0   224.0  7583936.0 83881.4  15379136.0 11661958.8 51392.0 51216.8    273  128.291   0      0.000  128.291
49408.0 51712.0  0.0   224.0  7583936.0 3698204.5 15379136.0 11661958.8 51392.0 51216.8    273  128.291   0      0.000  128.291
49408.0 51712.0  0.0   224.0  7583936.0 7499682.7 15379136.0 11661958.8 51392.0 51216.8    273  128.291   0      0.000  128.291
49408.0 47040.0 256.0   0.0   7593088.0 4198054.7 15379136.0 11662038.8 51392.0 51216.8    274  128.373   0      0.000  128.373
49408.0 47040.0  0.0   224.0  7593088.0 1970179.5 15379136.0 11662118.8 51392.0 51216.8    275  128.454   0      0.000  128.454
44672.0 47040.0  0.0   224.0  7593088.0 5615674.9 15379136.0 11662118.8 51392.0 51216.8    275  128.454   0      0.000  128.454
44672.0 42304.0 288.0   0.0   7602560.0 1457994.3 15379136.0 11662190.8 51392.0 51216.8    276  128.537   0      0.000  128.537
44672.0 42304.0 288.0   0.0   7602560.0 4870082.5 15379136.0 11662190.8 51392.0 51216.8    276  128.537   0      0.000  128.537
39936.0 42304.0  0.0   320.0  7602560.0 350713.4 15379136.0 11662246.8 51392.0 51216.8    277  128.637   0      0.000  128.637
39936.0 42304.0  0.0   320.0  7602560.0 951890.7 15379136.0 11662246.8 51392.0 51216.8    277  128.637   0      0.000  128.637
39936.0 42304.0  0.0   320.0  7602560.0 951911.1 15379136.0 11662246.8 51392.0 51216.8    277  128.637   0      0.000  128.637
39936.0 42304.0  0.0   320.0  7602560.0 951939.8 15379136.0 11662246.8 51392.0 51216.8    277  128.637   0      0.000  128.637
39936.0 42304.0  0.0   320.0  7602560.0 951958.1 15379136.0 11662246.8 51392.0 51216.8    277  128.637   0      0.000  128.637
39936.0 42304.0  0.0   320.0  7602560.0 952002.4 15379136.0 11662246.8 51392.0 51216.8    277  128.637   0      0.000  128.637
39936.0 42304.0  0.0   320.0  7602560.0 952022.6 15379136.0 11662246.8 51392.0 51216.8    277  128.637   0      0.000  128.637
39936.0 42304.0  0.0   320.0  7602560.0 952040.8 15379136.0 11662246.8 51392.0 51216.8    277  128.637   0      0.000  128.637
39936.0 42304.0  0.0   320.0  7602560.0 952061.1 15379136.0 11662246.8 51392.0 51216.8    277  128.637   0      0.000  128.637
39936.0 42304.0  0.0   320.0  7602560.0 952081.6 15379136.0 11662246.8 51392.0 51216.8    277  128.637   0      0.000  128.637
39936.0 42304.0  0.0   320.0  7602560.0 1909272.4 15379136.0 11662246.8 51392.0 51222.7    277  128.637   0      0.000  128.637
39936.0 42304.0  0.0   320.0  7602560.0 4790969.2 15379136.0 11662246.8 51392.0 51222.7    277  128.637   0      0.000  128.637
39936.0 43456.0 24945.6  0.0   7602624.0 532457.2 15379136.0 11682760.4 51392.0 51222.7    278  128.774   0      0.000  128.774
41280.0 43456.0  0.0   320.0  7602624.0 1245947.7 15379136.0 11707543.8 51392.0 51222.7    279  129.537   0      0.000  129.537
41280.0 43456.0  0.0   320.0  7602624.0 5164201.5 15379136.0 11707543.8 51392.0 51222.7    279  129.537   0      0.000  129.537
41280.0 39104.0 320.0   0.0   7609152.0 1285871.0 15379136.0 11707583.8 51392.0 51222.7    280  130.045   0      0.000  130.045
41280.0 39104.0  0.0   20663.4 7609152.0 146935.8 15379136.0 11768169.8 51392.0 51223.0    281  130.868   0      0.000  130.868
41024.0 39104.0  0.0   20663.4 7609152.0 4210481.4 15379136.0 11768169.8 51392.0 51223.0    281  130.868   0      0.000  130.868
41024.0 39104.0  0.0   20663.4 7609152.0 6873847.7 15379136.0 11768169.8 51392.0 51223.0    281  130.868   0      0.000  130.868
41024.0 39104.0 288.0   0.0   7609408.0 2541929.4 15379136.0 11768201.8 51392.0 51223.0    282  131.088   0      0.000  131.088
41024.0 39104.0 288.0   0.0   7609408.0 5574815.8 15379136.0 11768201.8 51392.0 51223.0    282  131.088   0      0.000  131.088
37120.0 39104.0  0.0   224.0  7609408.0 1443057.9 15379136.0 11768257.8 51392.0 51223.0    283  131.170   0      0.000  131.170
37120.0 39104.0  0.0   224.0  7609408.0 5410955.0 15379136.0 11768257.8 51392.0 51223.0    283  131.170   0      0.000  131.253
33280.0 35200.0  0.0   320.0  7617216.0 399144.9 15379136.0 11768353.8 51392.0 51223.4    285  131.335   0      0.000  131.335
33280.0 35200.0  0.0   320.0  7617216.0 553399.7 15379136.0 11768353.8 51392.0 51223.4    285  131.335   0      0.000  131.335
33280.0 35200.0  0.0   320.0  7617216.0 553424.4 15379136.0 11768353.8 51392.0 51223.4    285  131.335   0      0.000  131.335
33280.0 35200.0  0.0   320.0  7617216.0 553446.9 15379136.0 11768353.8 51392.0 51223.4    285  131.335   0      0.000  131.335
33280.0 35200.0  0.0   320.0  7617216.0 553467.1 15379136.0 11768353.8 51392.0 51223.4    285  131.335   0      0.000  131.335
33280.0 35200.0  0.0   320.0  7617216.0 553483.3 15379136.0 11768353.8 51392.0 51223.4    285  131.335   0      0.000  131.335
33280.0 35200.0  0.0   320.0  7617216.0 553530.8 15379136.0 11768353.8 51392.0 51223.4    285  131.335   0      0.000  131.335
33280.0 35200.0  0.0   320.0  7617216.0 553549.1 15379136.0 11768353.8 51392.0 51223.4    285  131.335   0      0.000  131.335
33280.0 35200.0  0.0   320.0  7617216.0 553569.5 15379136.0 11768353.8 51392.0 51223.4    285  131.335   0      0.000  131.335
33280.0 35200.0  0.0   320.0  7617216.0 553591.8 15379136.0 11768353.8 51392.0 51223.4    285  131.335   0      0.000  131.335
33280.0 35200.0  0.0   320.0  7617216.0 4069710.9 15379136.0 11768353.8 51392.0 51225.2    285  131.335   0      0.000  131.335
33280.0 35200.0  0.0   320.0  7617216.0 7330067.2 15379136.0 11768353.8 51392.0 51225.2    285  131.335   0      0.000  131.335
33280.0 37440.0 24248.4  0.0   7614656.0 2939954.4 15379136.0 11789243.0 51392.0 51225.2    286  131.413   0      0.000  131.413
33280.0 37440.0 24248.4  0.0   7614656.0 6664172.8 15379136.0 11789243.0 51392.0 51225.2    286  131.413   0      0.000  131.413
35584.0 37440.0  0.0   320.0  7614656.0 1545088.9 15379136.0 11813327.3 51392.0 51225.2    287  132.420   0      0.000  132.420
35584.0 37440.0  0.0   320.0  7614656.0 4993703.8 15379136.0 11813327.3 51392.0 51225.2    287  132.420   0      0.000  132.420
35584.0 37440.0 256.0  320.0  7614656.0 7614656.0 15379136.0 11813343.3 51392.0 51225.2    288  132.420   0      0.000  132.420
35584.0 33792.0 288.0   0.0   7620160.0 3943093.3 15379136.0 11813343.3 51392.0 51225.2    288  133.030   0      0.000  133.030
35584.0 33792.0 288.0   0.0   7620160.0 7188004.1 15379136.0 11813343.3 51392.0 51225.2    288  133.030   0      0.000  133.030
34944.0 33792.0  0.0   16640.0 7620160.0 3662853.3 15379136.0 11813383.3 51392.0 51225.2    289  133.106   0      0.000  133.106
34944.0 33344.0 256.0   0.0   7621248.0 70672.6  15379136.0 11813431.3 51392.0 51225.2    290  133.182   0      0.000  133.182
34944.0 33344.0 256.0   0.0   7621248.0 3682570.4 15379136.0 11813431.3 51392.0 51225.4    290  133.182   0      0.000  133.182
34944.0 33344.0 256.0   0.0   7621248.0 5859712.8 15379136.0 11813431.3 51392.0 51225.4    290  133.182   0      0.000  133.182
31680.0 33344.0  0.0   288.0  7621248.0 545545.2 15379136.0 11813487.3 51392.0 51225.4    291  133.264   0      0.000  133.264
31680.0 33344.0  0.0   288.0  7621248.0 3204218.9 15379136.0 11813487.3 51392.0 51225.4    291  133.264   0      0.000  133.264
31680.0 33344.0  0.0   288.0  7621248.0 6595545.3 15379136.0 11813487.3 51392.0 51225.4    291  133.264   0      0.000  133.264
31680.0 30016.0 256.0   0.0   7627840.0 2197950.1 15379136.0 11813543.3 51392.0 51225.4    292  133.384   0      0.000  133.384
31680.0 30016.0 256.0   0.0   7627840.0 5136548.0 15379136.0 11813543.3 51392.0 51225.4    292  133.384   0      0.000  133.384
31680.0 30016.0 256.0   0.0   7627840.0 7585786.2 15379136.0 11813543.3 51392.0 51225.4    292  133.384   0      0.000  133.384
28416.0 30016.0  0.0   256.0  7627840.0 40127.9  15379136.0 11813583.3 51392.0 51225.4    293  133.541   0      0.000  133.541
28416.0 30016.0  0.0   256.0  7627840.0 40148.2  15379136.0 11813583.3 51392.0 51225.4    293  133.541   0      0.000  133.541
28416.0 30016.0  0.0   256.0  7627840.0 40199.4  15379136.0 11813583.3 51392.0 51225.4    293  133.541   0      0.000  133.541
28416.0 30016.0  0.0   256.0  7627840.0 40215.7  15379136.0 11813583.3 51392.0 51225.4    293  133.541   0      0.000  133.541
28416.0 30016.0  0.0   256.0  7627840.0 40238.2  15379136.0 11813583.3 51392.0 51225.4    293  133.541   0      0.000  133.541
28416.0 30016.0  0.0   256.0  7627840.0 40256.5  15379136.0 11813583.3 51392.0 51225.4    293  133.541   0      0.000  133.541
28416.0 30016.0  0.0   256.0  7627840.0 40276.8  15379136.0 11813583.3 51392.0 51225.4    293  133.541   0      0.000  133.541
28416.0 30016.0  0.0   256.0  7627840.0 40321.1  15379136.0 11813583.3 51392.0 51225.4    293  133.541   0      0.000  133.541
28416.0 30016.0  0.0   256.0  7627840.0 523863.4 15379136.0 11813583.3 51392.0 51227.4    293  133.541   0      0.000  133.541
28416.0 30016.0  0.0   256.0  7627840.0 4934330.7 15379136.0 11813583.3 51392.0 51227.5    293  133.541   0      0.000  133.541
28416.0 33280.0 24248.4  0.0   7622976.0 3352003.7 15379136.0 11834232.8 51392.0 51227.5    294  133.991   0      0.000  133.991
28416.0 33280.0 24248.4  0.0   7622976.0 6929985.2 15379136.0 11834232.8 51392.0 51227.5    294  133.991   0      0.000  133.991
31680.0 33280.0  0.0   320.0  7622976.0 2859403.5 15379136.0 11858265.9 51392.0 51227.5    295  134.402   0      0.000  134.402
31680.0 33280.0  0.0   320.0  7622976.0 6864075.7 15379136.0 11858265.9 51392.0 51227.5    295  134.402   0      0.000  134.402
31680.0 30080.0 256.0   0.0   7627776.0 1733333.9 15379136.0 11858289.9 51392.0 51227.5    296  135.356   0      0.000  135.356
31680.0 30080.0 256.0   0.0   7627776.0 6355861.4 15379136.0 11858289.9 51392.0 51227.5    296  135.356   0      0.000  135.356
33408.0 21056.0  0.0   21016.8 7627776.0 3167875.4 15379136.0 11858361.9 51392.0 51227.5    297  135.443   0      0.000  135.443
33408.0 21056.0  0.0   21016.8 7627776.0 7134946.9 15379136.0 11858361.9 51392.0 51227.5    297  135.443   0      0.000  135.443
33408.0 31936.0 288.0   0.0   7624192.0 3256541.1 15379136.0 11858441.9 51392.0 51227.5    298  135.518   0      0.000  135.518
33408.0 31936.0 288.0   0.0   7624192.0 7574889.2 15379136.0 11858441.9 51392.0 51227.5    298  135.518   0      0.000  135.518
30400.0 31936.0  0.0   288.0  7624192.0 4106615.0 15379136.0 11858505.9 51392.0 51227.5    299  135.594   0      0.000  135.594
30400.0 28864.0 288.0   0.0   7630272.0 485952.9 15379136.0 11858553.9 51392.0 51227.5    300  135.677   0      0.000  135.677
30400.0 28864.0 288.0   0.0   7630272.0 3777563.0 15379136.0 11858553.9 51392.0 51231.7    300  135.677   0      0.000  135.677
32448.0 21376.0  0.0   21312.8 7630272.0   0.0    15379136.0 11858609.9 51392.0 51232.0    301  135.759   0      0.000  135.759
32448.0 21376.0  0.0   21312.8 7630272.0 1365506.0 15379136.0 11858609.9 51392.0 51232.0    301  135.759   0      0.000  135.759
32448.0 21376.0  0.0   21312.8 7630272.0 2729669.0 15379136.0 11858609.9 51392.0 51232.0    301  135.759   0      0.000  135.759
32448.0 21376.0  0.0   21312.8 7630272.0 3964732.4 15379136.0 11858609.9 51392.0 51232.0    301  135.759   0      0.000  135.759
32448.0 21376.0  0.0   21312.8 7630272.0 3964778.1 15379136.0 11858609.9 51392.0 51232.0    301  135.759   0      0.000  135.759
32448.0 21376.0  0.0   21312.8 7630272.0 3964796.4 15379136.0 11858609.9 51392.0 51232.0    301  135.759   0      0.000  135.759
32448.0 21376.0  0.0   21312.8 7630272.0 3964814.6 15379136.0 11858609.9 51392.0 51232.0    301  135.759   0      0.000  135.759
32448.0 21376.0  0.0   21312.8 7630272.0 5862181.3 15379136.0 11858609.9 51392.0 51233.1    301  135.759   0      0.000  135.759
32448.0 36608.0 25041.6  0.0   7616320.0 2730656.4 15379136.0 11858728.5 51392.0 51233.1    302  135.843   0      0.000  135.843
32448.0 36608.0 25041.6  0.0   7616320.0 5614653.5 15379136.0 11858728.5 51392.0 51233.1    302  135.843   0      0.000  135.843
35264.0 36608.0  0.0   320.0  7616320.0 1231609.5 15379136.0 11883592.3 51392.0 51233.1    303  136.598   0      0.000  136.598
35264.0 36608.0  0.0   320.0  7616320.0 5459127.7 15379136.0 11883592.3 51392.0 51233.1    303  136.598   0      0.000  136.598
35264.0 40256.0 28696.1  0.0   7609024.0 1988368.5 15379136.0 11883640.3 51392.0 51233.1    304  136.914   0      0.000  136.914
35264.0 40256.0 28696.1  0.0   7609024.0 5675756.7 15379136.0 11883640.3 51392.0 51233.1    304  136.914   0      0.000  136.914
38848.0 40256.0  0.0   288.0  7609024.0 2195568.2 15379136.0 11883664.3 51392.0 51233.1    305  136.992   0      0.000  136.992
38848.0 40256.0  0.0   288.0  7609024.0 6015988.8 15379136.0 11883664.3 51392.0 51233.1    305  136.992   0      0.000  136.992
38848.0 37312.0 224.0   0.0   7613376.0 2921357.2 15379136.0 11883688.3 51392.0 51233.1    306  137.068   0      0.000  137.068
38848.0 37312.0 224.0   0.0   7613376.0 7355615.3 15379136.0 11883688.3 51392.0 51233.1    306  137.068   0      0.000  137.068
39104.0 20672.0  0.0   20663.4 7613376.0 3807336.1 15379136.0 11883728.3 51392.0 51233.1    307  137.150   0      0.000  137.150
39104.0 20672.0  0.0   20663.4 7613376.0 7423015.3 15379136.0 11883728.3 51392.0 51233.1    307  137.150   0      0.000  137.150
39104.0 37632.0 288.0   0.0   7612800.0 3787978.2 15379136.0 11883768.3 51392.0 51233.1    308  137.227   0      0.000  137.227
39104.0 37632.0 288.0   0.0   7612800.0 7566759.8 15379136.0 11883768.3 51392.0 51233.1    309  137.227   0      0.000  137.227
36032.0 37632.0  0.0   640.0  7612800.0 3221995.8 15379136.0 11883816.3 51392.0 51233.1    309  137.310   0      0.000  137.310
36032.0 37632.0  0.0   640.0  7612800.0 4100627.8 15379136.0 11883816.3 51392.0 51233.1    309  137.310   0      0.000  137.310
36032.0 37632.0  0.0   640.0  7612800.0 5465863.7 15379136.0 11883816.3 51392.0 51233.1    309  137.310   0      0.000  137.310
36032.0 37632.0  0.0   640.0  7612800.0 6831063.4 15379136.0 11883816.3 51392.0 51233.1    309  137.310   0      0.000  137.310
36032.0 38144.0 21002.6  0.0   7613248.0 542053.3 15379136.0 11884210.9 51392.0 51233.1    310  137.392   0      0.000  137.392
36032.0 38144.0 21002.6  0.0   7613248.0 580581.6 15379136.0 11884210.9 51392.0 51233.1    310  137.392   0      0.000  137.392
36032.0 38144.0 21002.6  0.0   7613248.0 580602.0 15379136.0 11884210.9 51392.0 51233.1    310  137.392   0      0.000  137.392
36032.0 38144.0 21002.6  0.0   7613248.0 706336.4 15379136.0 11884210.9 51392.0 51234.4    310  137.392   0      0.000  137.392
36032.0 38144.0 21002.6  0.0   7613248.0 4722718.1 15379136.0 11884210.9 51392.0 51234.4    310  137.392   0      0.000  137.392
36032.0 38144.0  0.0   4224.4 7613248.0 795255.5 15379136.0 11884294.9 51392.0 51234.4    311  137.469   0      0.000  137.469
36032.0 38144.0  0.0   4224.4 7613248.0 4595089.0 15379136.0 11884294.9 51392.0 51234.4    311  137.469   0      0.000  137.469
36032.0 38144.0 20344.1 4224.4 7613248.0 7613248.0 15379136.0 11904845.1 51392.0 51234.4    312  137.469   0      0.000  137.469
36032.0 37760.0 20568.1  0.0   7614016.0 4346450.7 15379136.0 11908520.1 51392.0 51234.4    312  138.090   0      0.000  138.090
36032.0 37760.0 20568.1 20588.3 7614016.0 7614016.0 15379136.0 11908528.1 51392.0 51234.4    313  138.090   0      0.000  138.090
39104.0 20928.0  0.0   20876.3 7614016.0 2795088.9 15379136.0 11949959.9 51392.0 51234.4    313  138.572   0      0.000  138.572
39104.0 20928.0  0.0   20876.3 7614016.0 5818210.2 15379136.0 11949959.9 51392.0 51234.4    313  138.572   0      0.000  138.572
39104.0 38080.0 224.0   0.0   7612352.0 4833817.6 15379136.0 11949999.9 51392.0 51234.4    314  138.648   0      0.000  138.648
39104.0 38080.0 224.0   64.0  7612352.0 7612352.0 15379136.0 11950015.9 51392.0 51234.4    315  138.648   0      0.000  138.648
39168.0 20416.0  0.0   20369.3 7612352.0 3714091.5 15379136.0 11970097.1 51392.0 51234.4    315  139.450   0      0.000  139.450
39168.0 20416.0  0.0   20369.3 7612352.0 7342740.3 15379136.0 11970097.1 51392.0 51234.4    315  139.450   0      0.000  139.450
39168.0 38080.0 608.0   0.0   7612288.0 2840951.2 15379136.0 11970129.1 51392.0 51234.4    316  139.527   0      0.000  139.527
39168.0 38080.0 608.0   0.0   7612288.0 5451222.1 15379136.0 11970129.1 51392.0 51234.4    316  139.527   0      0.000  139.527
39488.0 21312.0  0.0   21248.8 7612288.0 735667.2 15379136.0 11991185.5 51392.0 51234.4    317  139.904   0      0.000  139.904
39488.0 21312.0  0.0   21248.8 7612288.0 4485564.7 15379136.0 11991185.5 51392.0 51234.4    317  139.904   0      0.000  139.904
39488.0 21312.0  32.0  21248.8 7612288.0 7612288.0 15379136.0 11991201.5 51392.0 51234.4    318  139.904   0      0.000  139.904
39488.0 38464.0 320.0   0.0   7611584.0 3058406.7 15379136.0 12012214.3 51392.0 51234.4    318  140.376   0      0.000  140.376
39488.0 38464.0 320.0   0.0   7611584.0 5762832.6 15379136.0 12012214.3 51392.0 51234.4    318  140.376   0      0.000  140.376
37248.0 38464.0  0.0   288.0  7611584.0 662096.3 15379136.0 12012246.3 51392.0 51234.4    319  140.503   0      0.000  140.503
37248.0 38464.0  0.0   288.0  7611584.0 1854670.5 15379136.0 12012246.3 51392.0 51234.4    319  140.503   0      0.000  140.503
37248.0 38464.0  0.0   288.0  7611584.0 5285277.0 15379136.0 12012246.3 51392.0 51234.5    319  140.503   0      0.000  140.503
37248.0 35136.0 4352.5  0.0   7617152.0 1615425.9 15379136.0 12012294.3 51392.0 51234.5    320  140.586   0      0.000  140.586
37248.0 35136.0 4352.5  0.0   7617152.0 5752798.8 15379136.0 12012294.3 51392.0 51234.5    320  140.586   0      0.000  140.586
33920.0 35136.0  0.0   224.0  7617152.0 2201399.3 15379136.0 12016455.5 51392.0 51234.5    321  140.669   0      0.000  140.669
33920.0 35136.0  0.0   224.0  7617152.0 6183242.4 15379136.0 12016455.5 51392.0 51234.5    321  140.669   0      0.000  140.669
33920.0 36032.0 20504.1  0.0   7617472.0 2821020.5 15379136.0 12057903.2 51392.0 51234.5    322  140.912   0      0.000  140.912
33920.0 36032.0 20504.1  0.0   7617472.0 6473039.7 15379136.0 12057903.2 51392.0 51234.5    322  140.912   0      0.000  140.912
37760.0 20864.0  0.0   20844.3 7617472.0 2979924.7 15379136.0 12057967.2 51392.0 51234.5    323  140.992   0      0.000  140.992
37760.0 20864.0  0.0   20844.3 7617472.0 7072378.9 15379136.0 12057967.2 51392.0 51234.5    323  140.992   0      0.000  140.992
37760.0 36672.0 288.0   0.0   7615104.0 3334061.7 15379136.0 12058039.2 51392.0 51234.5    324  141.070   0      0.000  141.070
37760.0 36672.0 288.0   0.0   7615104.0 7042467.9 15379136.0 12058039.2 51392.0 51234.5    324  141.070   0      0.000  141.070
35392.0 36672.0  0.0   288.0  7615104.0 3545127.7 15379136.0 12058103.2 51392.0 51234.5    325  141.151   0      0.000  141.151
35392.0 36672.0  0.0   288.0  7615104.0 7416334.2 15379136.0 12058103.2 51392.0 51234.5    325  141.151   0      0.000  141.151
35392.0 34048.0 288.0   0.0   7620096.0 3468008.8 15379136.0 12058175.2 51392.0 51234.5    326  141.229   0      0.000  141.229
35392.0 34048.0 288.0   0.0   7620096.0 6817491.2 15379136.0 12058175.2 51392.0 51234.5    326  141.229   0      0.000  141.229
32576.0 34048.0  0.0   320.0  7620096.0 609905.8 15379136.0 12058239.2 51392.0 51234.5    327  141.305   0      0.000  141.305
32576.0 34048.0  0.0   320.0  7620096.0 609951.0 15379136.0 12058239.2 51392.0 51234.5    327  141.305   0      0.000  141.305
32576.0 34048.0  0.0   320.0  7620096.0 609979.6 15379136.0 12058239.2 51392.0 51234.5    327  141.305   0      0.000  141.305
32576.0 34048.0  0.0   320.0  7620096.0 609997.9 15379136.0 12058239.2 51392.0 51234.5    327  141.305   0      0.000  141.305
32576.0 34048.0  0.0   320.0  7620096.0 610018.1 15379136.0 12058239.2 51392.0 51234.5    327  141.305   0      0.000  141.305
32576.0 34048.0  0.0   320.0  7620096.0 610036.3 15379136.0 12058239.2 51392.0 51234.5    327  141.305   0      0.000  141.305
32576.0 34048.0  0.0   320.0  7620096.0 610082.2 15379136.0 12058239.2 51392.0 51234.5    327  141.305   0      0.000  141.305
32576.0 34048.0  0.0   320.0  7620096.0 610100.5 15379136.0 12058239.2 51392.0 51234.5    327  141.305   0      0.000  141.305
32576.0 34048.0  0.0   320.0  7620096.0 610122.8 15379136.0 12058239.2 51392.0 51234.5    327  141.305   0      0.000  141.305
32576.0 34048.0  0.0   320.0  7620096.0 610141.1 15379136.0 12058239.2 51392.0 51234.5    327  141.305   0      0.000  141.305
32576.0 34048.0  0.0   320.0  7620096.0 610161.3 15379136.0 12058239.2 51392.0 51234.5    327  141.305   0      0.000  141.305
32576.0 34048.0  0.0   320.0  7620096.0 1809670.1 15379136.0 12058239.2 51392.0 51237.4    327  141.305   0      0.000  141.305
32576.0 34048.0  0.0   320.0  7620096.0 6069683.2 15379136.0 12058239.2 51392.0 51237.9    327  141.305   0      0.000  141.305
32576.0 36736.0 24881.6  0.0   7616064.0 1783925.3 15379136.0 12058319.2 51392.0 51237.9    328  141.384   0      0.000  141.384
32576.0 36736.0 24881.6  0.0   7616064.0 6014609.0 15379136.0 12058319.2 51392.0 51237.9    328  141.384   0      0.000  141.384
36928.0 16768.0  0.0   16704.0 7616064.0 2221180.1 15379136.0 12082961.5 51392.0 51237.9    329  141.883   0      0.000  141.883
36928.0 16768.0  0.0   16704.0 7616064.0 6653427.7 15379136.0 12082961.5 51392.0 51237.9    329  141.883   0      0.000  141.883
36928.0 35712.0 256.0   0.0   7616896.0 2855191.1 15379136.0 12082977.5 51392.0 51237.9    330  142.283   0      0.000  142.283
36928.0 35712.0 256.0   0.0   7616896.0 7370804.0 15379136.0 12082977.5 51392.0 51237.9    330  142.283   0      0.000  142.283
34368.0 35712.0  0.0   288.0  7616896.0 4083758.9 15379136.0 12083041.5 51392.0 51237.9    331  142.360   0      0.000  142.360
34368.0 32960.0 288.0   0.0   7622208.0 905513.3 15379136.0 12083065.5 51392.0 51237.9    332  142.437   0      0.000  142.437
34368.0 32960.0 288.0   0.0   7622208.0 4887289.6 15379136.0 12083065.5 51392.0 51237.9    332  142.437   0      0.000  142.437
31488.0 32960.0  0.0   320.0  7622208.0 1721667.7 15379136.0 12083145.5 51392.0 51237.9    333  142.520   0      0.000  142.520
31488.0 32960.0  0.0   320.0  7622208.0 5684085.9 15379136.0 12083145.5 51392.0 51237.9    333  142.520   0      0.000  142.520
31488.0 29952.0 320.0   0.0   7628096.0 1168477.4 15379136.0 12083225.5 51392.0 51237.9    334  142.597   0      0.000  142.597
31488.0 29952.0 320.0   0.0   7628096.0 4416385.2 15379136.0 12083225.5 51392.0 51237.9    334  142.597   0      0.000  142.597
31488.0 29952.0 320.0   0.0   7628096.0 7203387.2 15379136.0 12083225.5 51392.0 51237.9    334  142.597   0      0.000  142.597
31488.0 29952.0 320.0   0.0   7628096.0 7521907.9 15379136.0 12083225.5 51392.0 51237.9    334  142.597   0      0.000  142.597
31488.0 29952.0 320.0   0.0   7628096.0 7521971.1 15379136.0 12083225.5 51392.0 51237.9    334  142.597   0      0.000  142.597
31488.0 29952.0 320.0   0.0   7628096.0 7521997.9 15379136.0 12083225.5 51392.0 51237.9    334  142.597   0      0.000  142.597
31488.0 29952.0 320.0   0.0   7628096.0 7522016.5 15379136.0 12083225.5 51392.0 51237.9    334  142.597   0      0.000  142.597
31488.0 29952.0 320.0   0.0   7628096.0 7522063.9 15379136.0 12083225.5 51392.0 51237.9    334  142.597   0      0.000  142.597
31488.0 29952.0 320.0   0.0   7628096.0 7522084.3 15379136.0 12083225.5 51392.0 51237.9    334  142.597   0      0.000  142.597
31488.0 29952.0 320.0   0.0   7628096.0 7522104.6 15379136.0 12083225.5 51392.0 51237.9    334  142.597   0      0.000  142.597
28544.0 29952.0  0.0   8320.4 7628096.0   0.0    15379136.0 12083265.5 51392.0 51238.3    335  142.909   0      0.000  142.909
28544.0 29952.0  0.0   8320.4 7628096.0 4885748.7 15379136.0 12083265.5 51392.0 51238.3    335  142.909   0      0.000  142.909
28544.0 29952.0 288.0   0.0   7633728.0 1059236.6 15379136.0 12087186.6 51392.0 51238.3    336  143.379   0      0.000  143.379
28544.0 27264.0 288.0   0.0   7633728.0 5272591.0 15379136.0 12087186.6 51392.0 51238.3    336  143.379   0      0.000  143.379
25920.0 27264.0  0.0   192.0  7633728.0 1528781.2 15379136.0 12087226.6 51392.0 51238.3    337  143.462   0      0.000  143.462
25920.0 27264.0  0.0   192.0  7633728.0 5494723.4 15379136.0 12087226.6 51392.0 51238.3    337  143.462   0      0.000  143.462
25920.0 24640.0 192.0   0.0   7638976.0 1200132.5 15379136.0 12087282.6 51392.0 51238.3    338  143.538   0      0.000  143.538
25920.0 24640.0 192.0   0.0   7638976.0 4896962.2 15379136.0 12087282.6 51392.0 51238.3    338  143.538   0      0.000  143.538
23296.0 24640.0  0.0   224.0  7638976.0 250356.7 15379136.0 12087314.6 51392.0 51238.3    339  143.621   0      0.000  143.621
23296.0 24640.0  0.0   224.0  7638976.0 4234774.3 15379136.0 12087314.6 51392.0 51238.3    339  143.621   0      0.000  143.621
23296.0 22016.0 320.0   0.0   7644224.0 174862.8 15379136.0 12087386.6 51392.0 51238.3    340  143.775   0      0.000  143.775
23296.0 22016.0 320.0   0.0   7644224.0 3871878.6 15379136.0 12087386.6 51392.0 51238.3    340  143.775   0      0.000  143.775
23296.0 22016.0 320.0   0.0   7644224.0 7405642.1 15379136.0 12087386.6 51392.0 51238.3    340  143.775   0      0.000  143.775
20736.0 22016.0  0.0   224.0  7644224.0 3112512.4 15379136.0 12087434.6 51392.0 51238.3    341  143.852   0      0.000  143.852
20736.0 22016.0  0.0   224.0  7644224.0 6977550.7 15379136.0 12087434.6 51392.0 51238.3    341  143.852   0      0.000  143.852
20736.0 19520.0 256.0   0.0   7649280.0 3435338.1 15379136.0 12087490.6 51392.0 51238.3    342  143.928   0      0.000  143.928
20736.0 19520.0 256.0   0.0   7649280.0 6192917.6 15379136.0 12087490.6 51392.0 51239.0    342  143.928   0      0.000  143.928
20736.0 19520.0 256.0   0.0   7649280.0 6192961.9 15379136.0 12087490.6 51392.0 51239.0    342  143.928   0      0.000  143.928
20736.0 19520.0 256.0   0.0   7649280.0 6192990.6 15379136.0 12087490.6 51392.0 51239.0    342  143.928   0      0.000  143.928
20736.0 19520.0 256.0   0.0   7649280.0 6193008.9 15379136.0 12087490.6 51392.0 51239.0    342  143.928   0      0.000  143.928
20736.0 19520.0 256.0   0.0   7649280.0 6193027.2 15379136.0 12087490.6 51392.0 51239.0    342  143.928   0      0.000  143.928
20736.0 19520.0 256.0   0.0   7649280.0 6193047.5 15379136.0 12087490.6 51392.0 51239.0    342  143.928   0      0.000  143.928
20736.0 19520.0 256.0   0.0   7649280.0 6193092.3 15379136.0 12087490.6 51392.0 51239.0    342  143.928   0      0.000  143.928
20736.0 19520.0 256.0   0.0   7649280.0 7182448.2 15379136.0 12087490.6 51392.0 51239.9    342  143.928   0      0.000  143.928
20736.0 19520.0 256.0  19488.3 7649280.0 7649280.0 15379136.0 12252046.7 51392.0 51239.9    343  143.928   0      0.000  143.928
20736.0 19520.0  0.0   19488.3 7649280.0 2478295.1 15379136.0 12252046.7 51392.0 51240.1    343  145.882   0      0.000  145.882
20736.0 19520.0  0.0   19488.3 7649280.0 4918943.6 15379136.0 12252046.7 51392.0 51240.1    343  145.882   0      0.000  145.882
20736.0 19520.0  32.0  19488.3 7649280.0 7649280.0 15379136.0 12252180.8 51392.0 51240.1    344  145.882   0      0.000  145.882
20736.0 81984.0 352.0   0.0   7525568.0 561949.7 15379136.0 12337962.5 51392.0 51240.1    344  148.158   0      0.000  148.158
20736.0 81984.0 352.0   0.0   7525568.0 4710216.7 15379136.0 12337962.5 51392.0 51240.1    344  148.158   0      0.000  148.158
20736.0 81984.0 352.0   32.0  7525568.0 7525568.0 15379136.0 12337970.5 51392.0 51240.9    345  148.158   0      0.000  148.158
78848.0 81984.0  0.0   320.0  7525568.0 4264205.9 15379136.0 12338030.5 51392.0 51240.9    345  149.057   0      0.000  149.057
78848.0 81984.0  0.0   320.0  7525568.0 7474846.6 15379136.0 12338030.5 51392.0 51240.9    346  149.057   0      0.000  149.057
78848.0 75584.0 288.0   0.0   7535104.0 3751467.1 15379136.0 12338086.6 51392.0 51240.9    346  149.143   0      0.000  149.143
78848.0 75584.0 288.0   0.0   7535104.0 7363982.5 15379136.0 12338086.6 51392.0 51240.9    346  149.143   0      0.000  149.143
72128.0 75584.0  0.0   192.0  7535104.0 3238090.6 15379136.0 12338126.6 51392.0 51240.9    347  149.226   0      0.000  149.226
72128.0 75584.0  0.0   192.0  7535104.0 6639521.2 15379136.0 12338126.6 51392.0 51240.9    347  149.226   0      0.000  149.226
72128.0 68672.0 192.0   0.0   7548736.0 2161098.5 15379136.0 12338150.6 51392.0 51240.9    348  149.309   0      0.000  149.309
72128.0 68672.0 192.0   0.0   7548736.0 4944702.6 15379136.0 12338150.6 51392.0 51240.9    348  149.309   0      0.000  149.309
65152.0 68672.0  0.0   224.0  7548736.0 746447.8 15379136.0 12338190.6 51392.0 51240.9    349  149.392   0      0.000  149.392
65152.0 68672.0  0.0   224.0  7548736.0 4250745.7 15379136.0 12338190.6 51392.0 51240.9    349  149.392   0      0.000  149.392
65152.0 61632.0 288.0   0.0   7562752.0 298029.5 15379136.0 12338246.6 51392.0 51240.9    350  149.477   0      0.000  149.477
65152.0 61632.0 288.0   0.0   7562752.0 3632987.1 15379136.0 12338246.6 51392.0 51240.9    350  149.477   0      0.000  149.477
65152.0 61632.0 288.0   0.0   7562752.0 5816629.3 15379136.0 12338246.6 51392.0 51240.9    350  149.477   0      0.000  149.477
65152.0 61632.0 288.0   0.0   7562752.0 5816643.4 15379136.0 12338246.6 51392.0 51240.9    350  149.477   0      0.000  149.477
65152.0 61632.0 288.0   0.0   7562752.0 5816665.9 15379136.0 12338246.6 51392.0 51240.9    350  149.477   0      0.000  149.477
65152.0 61632.0 288.0   0.0   7562752.0 5869071.0 15379136.0 12338246.6 51392.0 51271.9    350  149.477   0      0.000  149.477
57856.0 61632.0  0.0   2176.4 7562752.0 177421.3 15379136.0 12338294.6 51392.0 51280.6    351  150.002   0      0.000  150.002
57856.0 61632.0  0.0   2176.4 7562752.0 4760356.8 15379136.0 12338294.6 51392.0 51280.6    351  150.002   0      0.000  150.002
57856.0 54592.0 320.0   0.0   7577088.0 854294.9 15379136.0 12340305.5 51392.0 51280.6    352  150.144   0      0.000  150.144
57856.0 54592.0 320.0   0.0   7577088.0 4711985.2 15379136.0 12340305.5 51392.0 51280.6    352  150.144   0      0.000  150.144
57856.0 54592.0 320.0  224.0  7577088.0 7577088.0 15379136.0 12340345.5 51392.0 51280.6    353  150.144   0      0.000  150.144
51392.0 54592.0  0.0   224.0  7577088.0 3858948.5 15379136.0 12340345.5 51392.0 51280.6    353  150.758   0      0.000  150.758
51392.0 48256.0 288.0   0.0   7589888.0 266986.0 15379136.0 12340417.5 51392.0 51280.6    354  150.835   0      0.000  150.835
51392.0 48256.0 288.0   0.0   7589888.0 3784082.8 15379136.0 12340417.5 51392.0 51280.6    354  150.835   0      0.000  150.835
45248.0 48256.0  0.0   288.0  7589888.0 423785.4 15379136.0 12340497.5 51392.0 51280.6    355  150.913   0      0.000  150.913
45248.0 48256.0  0.0   288.0  7589888.0 4319630.2 15379136.0 12340497.5 51392.0 51280.6    355  150.913   0      0.000  150.913
45248.0 42368.0 256.0   0.0   7601920.0 538872.2 15379136.0 12340569.5 51392.0 51280.6    356  150.996   0      0.000  150.996
45248.0 42368.0 256.0   0.0   7601920.0 4065562.8 15379136.0 12340569.5 51392.0 51280.6    356  150.996   0      0.000  150.996
39616.0 42368.0  0.0   288.0  7601920.0 284951.2 15379136.0 12340609.5 51392.0 51280.6    357  151.079   0      0.000  151.079
39616.0 42368.0  0.0   288.0  7601920.0 3355276.1 15379136.0 12340609.5 51392.0 51280.6    357  151.079   0      0.000  151.079
39616.0 42368.0  0.0   288.0  7601920.0 6962535.6 15379136.0 12340609.5 51392.0 51280.6    357  151.079   0      0.000  151.079
39616.0 36992.0 288.0   0.0   7612928.0 1442937.0 15379136.0 12340641.5 51392.0 51281.9    358  151.158   0      0.000  151.158
39616.0 36992.0 288.0   0.0   7612928.0 1442953.2 15379136.0 12340641.5 51392.0 51281.9    358  151.158   0      0.000  151.158
39616.0 36992.0 288.0   0.0   7612928.0 1442977.8 15379136.0 12340641.5 51392.0 51281.9    358  151.158   0      0.000  151.158
39616.0 36992.0 288.0   0.0   7612928.0 1443004.8 15379136.0 12340641.5 51392.0 51281.9    358  151.158   0      0.000  151.158
39616.0 36992.0 288.0   0.0   7612928.0 1443018.9 15379136.0 12340641.5 51392.0 51281.9    358  151.158   0      0.000  151.158
39616.0 36992.0 288.0   0.0   7612928.0 1443064.1 15379136.0 12340641.5 51392.0 51281.9    358  151.158   0      0.000  151.158
39616.0 36992.0 288.0   0.0   7612928.0 1443089.1 15379136.0 12340641.5 51392.0 51281.9    358  151.158   0      0.000  151.158
39616.0 36992.0 288.0   0.0   7612928.0 1443203.5 15379136.0 12340641.5 51392.0 51295.8    358  151.158   0      0.000  151.158
39616.0 36992.0 288.0   0.0   7612928.0 1731867.0 15379136.0 12340641.5 51584.0 51469.1    358  151.158   0      0.000  151.158
