 S0C    S1C    S0U    S1U      EC       EU        OC         OU       PC     PU    YGC     YGCT    FGC    FGCT     GCT   
961152.0 961152.0  0.0    0.0   5767232.0 115344.7 15379136.0    0.0     21248.0 4266.4      0    0.000   0      0.000    0.000
961152.0 961152.0  0.0    0.0   5767232.0 230689.4 15379136.0    0.0     21248.0 13688.2      0    0.000   0      0.000    0.000
961152.0 961152.0  0.0    0.0   5767232.0 3460729.2 15379136.0    0.0     28736.0 28495.4      0    0.000   0      0.000    0.000
961152.0 961152.0  0.0   82654.5 5767232.0 1230737.8 15379136.0    0.0     40448.0 40126.3      1    0.042   0      0.000    0.042
961152.0 961152.0  0.0   82654.5 5767232.0 1419368.1 15379136.0    0.0     48320.0 48168.8      1    0.042   0      0.000    0.042
961152.0 961152.0 130727.1  0.0   5767232.0   0.0    15379136.0    0.0     48320.0 48195.8      2    0.110   0      0.000    0.110
961152.0 961152.0 130727.1  0.0   5767232.0 4397723.1 15379136.0    0.0     48320.0 48216.0      2    0.110   0      0.000    0.110
961152.0 961152.0  0.0   179743.2 5767232.0 4410442.6 15379136.0    0.0     48320.0 48249.5      3    0.210   0      0.000    0.210
961152.0 961152.0 230591.2  0.0   5767232.0 3897144.3 15379136.0    0.0     48320.0 48250.8      4    0.342   0      0.000    0.342
336448.0 961152.0  0.0   291327.2 5767232.0 2294693.1 15379136.0    0.0     48320.0 48251.7      5    0.525   0      0.000    0.525
336448.0 400320.0 336447.2  0.0   6888896.0 1329430.6 15379136.0   3482.0   48512.0 48333.8      6    0.727   0      0.000    0.727
336448.0 400320.0 336447.2  0.0   6888896.0 6491662.1 15379136.0   3482.0   48512.0 48335.8      6    0.727   0      0.000    0.727
422464.0 305920.0  0.0   305888.2 6888896.0 4355705.6 15379136.0  115436.3  48512.0 48338.0      7    0.989   0      0.000    0.989
422464.0 428160.0 289820.8  0.0   6833216.0 2941001.4 15379136.0  204340.3  48512.0 48436.8      8    1.281   0      0.000    1.281
419008.0 414976.0 147551.8  0.0   6855552.0 3889178.3 15379136.0  464294.8  48512.0 48471.4     10    1.783   0      0.000    1.783
426240.0 46784.0  0.0   46775.7 6855552.0 6496251.0 15379136.0  611927.9  48512.0 48474.0     11    1.941   0      0.000    1.941
443328.0 11584.0  0.0   11539.1 6811968.0 2460178.5 15379136.0  679483.9  48704.0 48523.7     13    2.072   0      0.000    2.072
443328.0 443776.0 5504.1  0.0   6801984.0 5625311.4 15379136.0  690735.0  48704.0 48524.3     14    2.098   0      0.000    2.098
439488.0 429440.0 20012.5  0.0   6820608.0 2182284.0 15379136.0  699684.7  48704.0 48524.8     16    2.153   0      0.000    2.153
419200.0 429440.0  0.0   8416.2 6820608.0 5221003.2 15379136.0  719569.3  48704.0 48567.8     17    2.192   0      0.000    2.192
419200.0 404032.0 24608.2  0.0   6866304.0 5843788.0 15379136.0  727215.1  48704.0 48585.4     18    2.281   0      0.000    2.281
384320.0 404032.0  0.0   45856.2 6866304.0 6108046.5 15379136.0  749143.2  48704.0 48591.7     19    2.359   0      0.000    2.359
384320.0 364160.0 50944.2  0.0   6941056.0 5483491.9 15379136.0  792855.4  48704.0 48592.3     20    2.455   0      0.000    2.455
341440.0 364160.0  0.0   69769.5 6941056.0 4930866.2 15379136.0  836055.5  48704.0 48592.5     21    2.566   0      0.000    2.566
341440.0 324160.0 47424.0  0.0   7023936.0 4066810.9 15379136.0  909730.4  48704.0 48593.6     22    2.684   0      0.000    2.684
302976.0 324160.0  0.0   73337.5 7023936.0 3771791.2 15379136.0  954050.4  48704.0 48593.9     23    2.921   0      0.000    2.921
302976.0 286720.0 54400.1  0.0   7099840.0 2627540.4 15379136.0 1027371.9  48704.0 48595.2     24    3.028   0      0.000    3.028
271360.0 286720.0  0.0   53664.1 7099840.0 1265440.8 15379136.0 1081681.6  48704.0 48595.8     25    3.358   0      0.000    3.358
245184.0 237056.0 35358.1  0.0   7207296.0 2037363.1 15379136.0 1315369.4  48704.0 48604.3     28    3.889   0      0.000    3.889
229312.0 237056.0  0.0   30270.2 7207296.0 4734487.2 15379136.0 1361693.6  48704.0 48604.6     29    3.957   0      0.000    3.957
218944.0 224000.0  0.0   5056.0 7236224.0 231078.6 15379136.0 1404851.8  48704.0 48606.1     31    4.070   0      0.000    4.070
218944.0 211200.0 14008.9  0.0   7259392.0 3048612.2 15379136.0 1409763.8  48704.0 48606.8     32    4.125   0      0.000    4.125
205248.0 211200.0  0.0   224.0  7259392.0 5397387.1 15379136.0 1423628.7  48704.0 48613.5     33    4.159   0      0.000    4.159
205248.0 198400.0 320.0   0.0   7285888.0 1867202.3 15379136.0 1423692.7  48704.0 48616.9     34    4.178   0      0.000    4.178
205248.0 198400.0 320.0   0.0   7285888.0 3331156.4 15379136.0 1423692.7  48704.0 48617.1     34    4.178   0      0.000    4.178
205248.0 198400.0 320.0   0.0   7285888.0 3331180.7 15379136.0 1423692.7  48704.0 48617.4     34    4.178   0      0.000    4.178
205248.0 198400.0 320.0   0.0   7285888.0 3342153.5 15379136.0 1423692.7  48704.0 48617.4     34    4.178   0      0.000    4.178
210560.0 193088.0  0.0   193083.5 7285888.0 1890962.9 15379136.0 1423764.7  49280.0 49265.3     35    4.227   0      0.000    4.227
210560.0 272128.0 201557.1  0.0   7145280.0 770922.2 15379136.0 1580090.0  49472.0 49326.3     36    4.312   0      0.000    4.312
210560.0 272128.0 201557.1  0.0   7145280.0 5627005.1 15379136.0 1580090.0  49472.0 49360.5     36    4.312   0      0.000    4.312
299136.0 201088.0  0.0   201061.0 7145280.0 4387229.8 15379136.0 1838459.9  49472.0 49361.5     37    4.405   0      0.000    4.405
299136.0 291392.0 8512.0  0.0   7099008.0 5410316.6 15379136.0 2039325.8  49472.0 49366.2     38    4.454   0      0.000    4.454
296512.0 291392.0  0.0   150597.0 7099008.0 5904320.5 15379136.0 2039409.9  49472.0 49367.8     39    4.491   0      0.000    4.491
296512.0 277056.0 77506.2  0.0   7115968.0 5871578.5 15379136.0 2180655.7  49472.0 49373.6     40    4.542   0      0.000    4.542
262592.0 277056.0  0.0   58216.4 7115968.0 5889682.6 15379136.0 2221124.9  49472.0 49379.0     41    4.578   0      0.000    4.578
262592.0 244736.0 82166.5  0.0   7182208.0 6198227.6 15379136.0 2239087.9  49472.0 49379.4     42    4.628   0      0.000    4.628
242560.0 251648.0 144482.1  0.0   7186240.0 200644.5 15379136.0 2321086.5  49472.0 49380.5     44    4.695   0      0.000    4.695
244928.0 251648.0  0.0   20811.6 7186240.0 1164895.8 15379136.0 2465394.4  49472.0 49380.6     45    4.738   0      0.000    4.738
235008.0 240768.0  0.0   288.0  7203840.0 6916407.6 15379136.0 2486074.0  49472.0 49381.5     47    4.784   0      0.000    4.784
235008.0 227968.0 320.0   0.0   7226560.0 4968359.2 15379136.0 2486138.0  49472.0 49382.2     48    4.807   0      0.000    4.807
219968.0 227968.0  0.0   320.0  7226560.0 943094.7 15379136.0 2486218.0  49472.0 49382.9     49    4.830   0      0.000    4.830
219968.0 227968.0  0.0   320.0  7226560.0 943107.4 15379136.0 2486218.0  49472.0 49382.9     49    4.830   0      0.000    4.830
219968.0 227968.0  0.0   320.0  7226560.0 943288.6 15379136.0 2486218.0  49472.0 49383.6     49    4.830   0      0.000    4.830
219968.0 227968.0  0.0   320.0  7226560.0 943297.3 15379136.0 2486218.0  49472.0 49383.6     49    4.830   0      0.000    4.830
219968.0 227968.0  0.0   320.0  7226560.0 944434.6 15379136.0 2486218.0  49472.0 49384.6     49    4.830   0      0.000    4.830
219968.0 227968.0  0.0   320.0  7226560.0 944445.6 15379136.0 2486218.0  49472.0 49384.6     49    4.830   0      0.000    4.830
219968.0 227968.0  0.0   320.0  7226560.0 944456.2 15379136.0 2486218.0  49472.0 49384.6     49    4.830   0      0.000    4.830
219968.0 227968.0  0.0   320.0  7226560.0 965371.5 15379136.0 2486218.0  49472.0 49390.7     49    4.830   0      0.000    4.830
219968.0 227968.0  0.0   320.0  7226560.0 965382.4 15379136.0 2486218.0  49472.0 49391.4     49    4.830   0      0.000    4.830
219968.0 227968.0  0.0   320.0  7226560.0 965410.1 15379136.0 2486218.0  49472.0 49391.6     49    4.830   0      0.000    4.830
219968.0 227968.0  0.0   320.0  7226560.0 965420.7 15379136.0 2486218.0  49472.0 49392.0     49    4.830   0      0.000    4.830
219968.0 227968.0  0.0   320.0  7226560.0 1266561.3 15379136.0 2486218.0  49856.0 49689.1     49    4.830   0      0.000    4.830
219968.0 261632.0 208126.9  0.0   7166272.0 271955.9 15379136.0 2547171.4  49856.0 49714.4     50    4.905   0      0.000    4.905
219968.0 261632.0 208126.9  0.0   7166272.0 6849690.4 15379136.0 2547171.4  49856.0 49714.7     50    4.905   0      0.000    4.905
291328.0 198912.0  0.0   198864.4 7166272.0 6378509.0 15379136.0 2627783.9  49856.0 49715.4     51    4.992   0      0.000    4.992
291328.0 292928.0 140532.7 18432.0 7103680.0 7089458.9 15379136.0 2777615.7  49856.0 49715.4     53    5.078   0      0.000    5.078
279296.0 265792.0 97834.8  0.0   7144448.0 1493890.9 15379136.0 2959100.9  49856.0 49716.1     54    5.252   0      0.000    5.252
256704.0 265792.0  0.0   28032.0 7144448.0 4087096.5 15379136.0 3076148.6  49856.0 49716.1     55    5.329   0      0.000    5.329
256704.0 247360.0 26432.0  0.0   7185472.0 5956001.7 15379136.0 3103572.6  49856.0 49716.1     56    5.526   0      0.000    5.526
246784.0 234112.0 51104.1  0.0   7208640.0 224801.7 15379136.0 3246454.5  49856.0 49719.2     58    5.867   0      0.000    5.867
220800.0 234112.0  0.0   58272.1 7208640.0 2363253.4 15379136.0 3297474.6  49856.0 49719.2     59    6.008   0      0.000    6.008
220800.0 229696.0 136555.7  0.0   7230144.0 3629768.8 15379136.0 3355666.6  49856.0 49719.2     60    6.214   0      0.000    6.214
226112.0 229696.0  0.0   110056.0 7230144.0 4429176.5 15379136.0 3426958.3  49856.0 49719.9     61    6.458   0      0.000    6.458
226112.0 225536.0 119269.5  0.0   7237888.0 3600459.2 15379136.0 3533095.6  49856.0 49724.4     62    6.662   0      0.000    6.662
232320.0 141824.0  0.0   141779.5 7237888.0 3347692.1 15379136.0 3602995.8  49856.0 49726.3     63    6.828   0      0.000    6.828
232320.0 218368.0 90316.0  0.0   7238848.0 3795198.4 15379136.0 3683221.6  49856.0 49726.3     64    6.968   0      0.000    6.968
216704.0 218368.0  0.0   121042.3 7238848.0 5465518.5 15379136.0 3773373.6  49856.0 49730.1     65    7.115   0      0.000    7.115
216704.0 214848.0 122291.6 3136.1 7257984.0 7255972.2 15379136.0 3897864.0  49856.0 49730.4     67    7.228   0      0.000    7.228
208320.0 204608.0 48392.4  0.0   7276608.0 1670133.3 15379136.0 4079639.9  49856.0 49730.4     68    7.497   0      0.000    7.497
197568.0 204608.0  0.0   62975.1 7276608.0 3600090.2 15379136.0 4145680.6  49856.0 49730.6     69    7.660   0      0.000    7.660
197568.0 190784.0 61335.5  0.0   7301184.0 5595863.0 15379136.0 4207227.7  49856.0 49731.7     70    7.813   0      0.000    7.813
186368.0 179200.0 60503.5  0.0   7323968.0 144321.7 15379136.0 4324230.8  49856.0 49731.7     72    8.027   0      0.000    8.027
177216.0 179200.0  0.0   30848.0 7323968.0 2363525.9 15379136.0 4384386.3  49856.0 49731.7     73    8.165   0      0.000    8.165
177216.0 172480.0 40862.0  0.0   7339840.0 4010291.1 15379136.0 4415178.4  49856.0 49733.6     74    8.311   0      0.000    8.311
165824.0 172480.0  0.0   49677.4 7339840.0 5411451.8 15379136.0 4455920.4  49856.0 49733.6     75    8.444   0      0.000    8.444
165824.0 160512.0 42176.0  0.0   7363200.0 7075813.4 15379136.0 4505485.7  49856.0 49818.3     76    8.573   0      0.000    8.573
153408.0 160512.0  0.0   51900.0 7363200.0 6227301.6 15379136.0 4547573.7  49856.0 49818.6     77    8.792   0      0.000    8.792
153408.0 147776.0 45187.9  0.0   7388352.0 3790562.0 15379136.0 4599377.8  49856.0 49819.4     78    8.942   0      0.000    8.942
153408.0 147776.0 45187.9  0.0   7388352.0 6149420.4 15379136.0 4599377.8  49856.0 49819.6     78    8.942   0      0.000    8.942
140288.0 147776.0  0.0   56219.0 7388352.0   0.0    15379136.0 4644469.7  49856.0 49819.6     79    9.064   0      0.000    9.064
140288.0 147776.0  0.0   56219.0 7388352.0 451274.0 15379136.0 4644469.7  49856.0 49819.6     79    9.064   0      0.000    9.064
140288.0 147776.0  0.0   56219.0 7388352.0 451296.9 15379136.0 4644469.7  49856.0 49819.6     79    9.064   0      0.000    9.064
140288.0 147776.0  0.0   56219.0 7388352.0 3949699.2 15379136.0 4644469.7  50048.0 49905.1     79    9.064   0      0.000    9.064
140288.0 254912.0 140261.8  0.0   7179712.0 1885262.7 15379136.0 4897034.4  50048.0 49909.1     80    9.180   0      0.000    9.180
255488.0 139648.0  0.0   139605.1 7179712.0 380147.6 15379136.0 5107958.0  50048.0 49911.6     81    9.269   0      0.000    9.269
255488.0 268352.0 176456.3  0.0   7152832.0 143480.7 15379136.0 5316319.1  50048.0 49912.8     82    9.362   0      0.000    9.362
255488.0 268352.0 176456.3  0.0   7152832.0 7023484.4 15379136.0 5316319.1  50048.0 49913.0     82    9.362   0      0.000    9.362
259200.0 250752.0 60749.6  0.0   7179584.0 214959.3 15379136.0 5519872.6  50048.0 49914.0     84    9.482   0      0.000    9.482
247296.0 250752.0  0.0   29685.0 7179584.0 1061867.3 15379136.0 5519920.6  50048.0 49915.4     85    9.525   0      0.000    9.525
247296.0 234688.0 74607.7  0.0   7207552.0 1535906.0 15379136.0 5520478.4  50048.0 49915.4     86    9.574   0      0.000    9.574
255808.0 226176.0  0.0   226142.6 7207552.0 1666784.0 15379136.0 5545702.1  50048.0 49915.4     87    9.646   0      0.000    9.646
279168.0 128.0   0.0    96.0  7135168.0 1933901.7 15379136.0 5904743.2  50048.0 49915.8     89    9.804   0      0.000    9.804
279168.0 289088.0 174456.1  0.0   7111360.0 2519873.4 15379136.0 5904759.2  50048.0 49918.9     90    9.862   0      0.000    9.862
284544.0 289088.0  0.0   25845.1 7111360.0 4777148.5 15379136.0 6053444.5  50048.0 49918.9     91    9.923   0      0.000    9.923
284544.0 282624.0 352.0   0.0   7122368.0 6779310.1 15379136.0 6079045.6  50048.0 49918.9     92    9.969   0      0.000    9.969
278272.0 272000.0 320.0   0.0   7139264.0 337201.1 15379136.0 6079165.8  50048.0 49918.9     94   10.068   0      0.000   10.068
278272.0 272000.0 320.0   0.0   7139264.0 4290929.5 15379136.0 6079165.8  50048.0 49918.9     94   10.068   0      0.000   10.068
278272.0 272000.0 320.0   0.0   7139264.0 5199518.0 15379136.0 6079165.8  50048.0 49918.9     94   10.068   0      0.000   10.068
278272.0 272000.0 320.0   0.0   7139264.0 5199536.5 15379136.0 6079165.8  50048.0 49918.9     94   10.068   0      0.000   10.068
278272.0 272000.0 320.0   0.0   7139264.0 5199596.3 15379136.0 6079165.8  50048.0 49918.9     94   10.068   0      0.000   10.068
278272.0 272000.0 320.0   0.0   7139264.0 5407998.2 15379136.0 6079165.8  50048.0 49924.6     94   10.068   0      0.000   10.068
305792.0 244480.0  0.0   244450.9 7139264.0 4436797.6 15379136.0 6079213.9  50048.0 49924.6     95   10.146   0      0.000   10.146
305792.0 451456.0 305788.9  0.0   6786624.0 2594733.1 15379136.0 6290436.5  50048.0 49925.4     96   10.287   0      0.000   10.287
436480.0 451456.0  0.0   177865.3 6786624.0 2045665.9 15379136.0 6612061.0  50048.0 49926.5     97   10.466   0      0.000   10.466
436480.0 451456.0  0.0   177865.3 6786624.0 6137251.7 15379136.0 6612061.0  50048.0 49986.5     97   10.466   0      0.000   10.466
436480.0 419904.0 172850.2  0.0   6833152.0 4644822.5 15379136.0 6776234.3  50048.0 50016.6     98   10.618   0      0.000   10.618
397632.0 419904.0  0.0   106683.0 6833152.0 6012026.1 15379136.0 6900890.8  50048.0 50016.6     99   10.769   0      0.000   10.769
397632.0 384448.0 61216.3  0.0   6907456.0 6845467.0 15379136.0 7026872.7  50048.0 50020.1    101   10.930   0      0.000   10.930
361472.0 362560.0 195468.5  0.0   6964416.0 461987.9 15379136.0 7219509.9  50048.0 50022.8    102   11.310   0      0.000   11.310
346368.0 362560.0  0.0   98930.9 6964416.0 2470879.6 15379136.0 7413382.5  50048.0 50028.6    103   11.523   0      0.000   11.523
346368.0 336384.0 65856.1  0.0   7006784.0 2241131.2 15379136.0 7507927.1  50048.0 50028.6    104   11.690   0      0.000   11.690
346368.0 336384.0 65856.1 129372.2 7006784.0 7006784.0 15379136.0 7568799.2  50240.0 50087.8    105   11.690   0      0.000   11.690
316608.0 315200.0 174120.5  0.0   7057728.0 741170.6 15379136.0 7678463.8  50240.0 50088.0    106   12.012   0      0.000   12.012
316608.0 315200.0 174120.5  0.0   7057728.0 5353562.5 15379136.0 7678463.8  50240.0 50088.3    106   12.012   0      0.000   12.012
297984.0 315200.0  0.0   124419.9 7057728.0 3540844.3 15379136.0 7799557.2  50240.0 50090.2    107   12.167   0      0.000   12.167
297984.0 286656.0 98435.5 48320.1 7104896.0 7104896.0 15379136.0 8005078.2  50240.0 50090.2    109   12.324   0      0.000   12.324
283264.0 273728.0 80124.8  0.0   7132544.0 1559312.7 15379136.0 8062438.3  50240.0 50090.2    110   12.725   0      0.000   12.725
283264.0 273728.0 80124.8  0.0   7132544.0 7020986.4 15379136.0 8062438.3  50240.0 50090.8    110   12.725   0      0.000   12.725
270016.0 273728.0  0.0   44780.8 7132544.0 6198930.1 15379136.0 8142499.1  50240.0 50095.9    111   12.919   0      0.000   12.919
270016.0 289984.0 206225.7  0.0   7109568.0 6581541.4 15379136.0 8187175.9  50240.0 50096.3    112   13.133   0      0.000   13.133
278336.0 289984.0  0.0   86229.4 7109568.0 4757474.8 15379136.0 8387460.2  50240.0 50096.3    113   13.399   0      0.000   13.399
278336.0 270144.0 67579.2  0.0   7141056.0 2425195.6 15379136.0 8469013.6  50240.0 50098.3    114   13.559   0      0.000   13.559
278336.0 270144.0 67579.2 80713.5 7141056.0 7141056.0 15379136.0 8487888.8  50240.0 50099.6    115   13.559   0      0.000   13.559
260416.0 270144.0  0.0   127433.5 7141056.0 1546965.3 15379136.0 8525280.8  50240.0 50099.6    115   13.751   0      0.000   13.751
260416.0 270144.0  0.0   127433.5 7141056.0 2069134.9 15379136.0 8525280.8  50240.0 50099.8    115   13.751   0      0.000   13.751
260416.0 270144.0  0.0   127433.5 7141056.0 2069158.6 15379136.0 8525280.8  50240.0 50099.8    115   13.751   0      0.000   13.751
260416.0 270144.0  0.0   127433.5 7141056.0 2069184.2 15379136.0 8525280.8  50240.0 50099.8    115   13.751   0      0.000   13.751
260416.0 270144.0  0.0   127433.5 7141056.0 2069205.2 15379136.0 8525280.8  50240.0 50099.8    115   13.751   0      0.000   13.751
260416.0 270144.0  0.0   127433.5 7141056.0 2069226.0 15379136.0 8525280.8  50240.0 50099.8    115   13.751   0      0.000   13.751
260416.0 270144.0  0.0   127433.5 7141056.0 3853649.6 15379136.0 8525280.8  50240.0 50107.5    115   13.751   0      0.000   13.751
260416.0 292864.0 240015.6  0.0   7103808.0 4605267.2 15379136.0 8623125.2  50240.0 50107.5    116   13.971   0      0.000   13.971
281408.0 292864.0  0.0   93728.9 7103808.0 6320770.0 15379136.0 8715306.8  50240.0 50107.5    117   14.126   0      0.000   14.126
262720.0 276544.0  0.0   101696.2 7131584.0 308950.0 15379136.0 8880324.4  50240.0 50107.5    119   14.461   0      0.000   14.461
262720.0 258240.0 53184.0  0.0   7168576.0 2535736.4 15379136.0 8982100.6  50240.0 50108.3    120   14.625   0      0.000   14.625
244160.0 258240.0  0.0   102208.1 7168576.0 3576819.5 15379136.0 9035324.6  50240.0 50110.3    121   14.992   0      0.000   14.992
244160.0 231424.0 101856.1  0.0   7213952.0 5432351.6 15379136.0 9137548.7  50240.0 50110.3    122   15.177   0      0.000   15.177
220672.0 231424.0  0.0   96848.2 7213952.0 5959722.2 15379136.0 9239420.8  50240.0 50113.1    123   15.384   0      0.000   15.384
220672.0 225024.0 148600.8  32.0  7239488.0 7239488.0 15379136.0 9319911.6  50240.0 50114.2    125   15.550   0      0.000   15.550
219392.0 226176.0 320.0   0.0   7237184.0 2281067.7 15379136.0 9505655.6  50240.0 50114.2    126   15.719   0      0.000   15.719
228032.0 8512.0  0.0   8480.0 7237184.0 4675796.9 15379136.0 9505719.6  50240.0 50114.2    127   15.793   0      0.000   15.793
228032.0 225984.0 16704.0  0.0   7235520.0 6550568.2 15379136.0 9505783.6  50240.0 50116.2    128   15.864   0      0.000   15.864
222528.0 208704.0 82240.1  0.0   7258304.0 753609.4 15379136.0 9530783.2  50240.0 50116.2    130   16.028   0      0.000   16.028
233280.0 183360.0  0.0   183348.5 7258304.0 330805.0 15379136.0 9530847.2  50240.0 50124.2    131   16.124   0      0.000   16.124
233280.0 183360.0  32.0  183348.5 7258304.0 7258304.0 15379136.0 9531151.3  50240.0 50124.2    132   16.124   0      0.000   16.124
233280.0 239808.0 148642.6  32.0  7209920.0 7209920.0 15379136.0 9552203.9  50240.0 50125.0    133   16.203   0      0.000   16.203
233792.0 227136.0 50662.7  0.0   7228608.0 272065.8 15379136.0 9710247.0  50240.0 50125.0    134   16.349   0      0.000   16.349
228544.0 227136.0  0.0   352.0  7228608.0 172871.3 15379136.0 9760649.8  50240.0 50125.0    135   16.420   0      0.000   16.420
228544.0 227136.0  0.0   352.0  7228608.0 5849647.1 15379136.0 9760649.8  50240.0 50125.0    135   16.420   0      0.000   16.420
228544.0 227456.0 352.0   0.0   7233536.0 2894693.2 15379136.0 9760713.8  50240.0 50125.7    136   16.491   0      0.000   16.491
228544.0 227456.0 352.0   0.0   7233536.0 4379748.8 15379136.0 9760713.8  50240.0 50125.7    136   16.491   0      0.000   16.491
228544.0 227456.0 352.0   0.0   7233536.0 4584528.4 15379136.0 9760713.8  50240.0 50125.7    136   16.491   0      0.000   16.491
228544.0 227456.0 352.0   0.0   7233536.0 4584551.7 15379136.0 9760713.8  50240.0 50126.2    136   16.491   0      0.000   16.491
228544.0 227456.0 352.0   0.0   7233536.0 4584576.8 15379136.0 9760713.8  50240.0 50126.2    136   16.491   0      0.000   16.491
228544.0 227456.0 352.0   0.0   7233536.0 4584599.4 15379136.0 9760713.8  50240.0 50126.2    136   16.491   0      0.000   16.491
228544.0 227456.0 352.0   0.0   7233536.0 4584643.3 15379136.0 9760713.8  50240.0 50126.4    136   16.491   0      0.000   16.491
228544.0 227456.0 352.0   0.0   7233536.0 4584666.3 15379136.0 9760713.8  50240.0 50126.4    136   16.491   0      0.000   16.491
228544.0 227456.0 352.0   0.0   7233536.0 4584687.1 15379136.0 9760713.8  50240.0 50126.4    136   16.491   0      0.000   16.491
228544.0 227456.0 352.0   0.0   7233536.0 4584708.1 15379136.0 9760713.8  50240.0 50126.4    136   16.491   0      0.000   16.491
228544.0 227456.0 352.0   0.0   7233536.0 4584731.0 15379136.0 9760713.8  50240.0 50126.4    136   16.491   0      0.000   16.491
228544.0 227456.0 352.0   0.0   7233536.0 4584774.8 15379136.0 9760713.8  50240.0 50126.4    136   16.491   0      0.000   16.491
228544.0 227456.0 352.0   0.0   7233536.0 4584798.1 15379136.0 9760713.8  50240.0 50126.6    136   16.491   0      0.000   16.491
228544.0 227456.0 352.0  87137.0 7233536.0 7233536.0 15379136.0 9760729.8  50240.0 50132.7    137   16.491   0      0.000   16.491
243648.0 212352.0  0.0   212317.6 7233536.0 7039407.1 15379136.0 9760769.8  50240.0 50132.7    137   16.585   0      0.000   16.585
243648.0 327936.0 243616.4  32.0  7033664.0 7033664.0 15379136.0 9825422.7  50240.0 50132.8    139   16.734   0      0.000   16.734
328832.0 308992.0 106101.9  0.0   7051712.0 887626.7 15379136.0 10065443.5 50240.0 50133.6    140   17.076   0      0.000   17.076
299520.0 308992.0  0.0   55136.0 7051712.0 1853552.1 15379136.0 10168481.4 50240.0 50133.6    141   17.284   0      0.000   17.284
299520.0 280896.0 109600.1  0.0   7109120.0 2203748.0 15379136.0 10221489.4 50240.0 50133.6    142   17.537   0      0.000   17.537
264704.0 280896.0  0.0   101976.1 7109120.0 3410503.9 15379136.0 10331057.6 50240.0 50134.1    143   17.732   0      0.000   17.732
264704.0 260672.0 139184.0  0.0   7164160.0 1117860.8 15379136.0 10431471.4 50240.0 50134.1    144   18.104   0      0.000   18.104
249152.0 260672.0  0.0   120106.3 7164160.0 2420133.7 15379136.0 10569319.5 50240.0 50137.7    145   18.283   0      0.000   18.283
249152.0 244864.0 56128.1  0.0   7195520.0 2974843.5 15379136.0 10678941.8 50240.0 50138.7    146   18.478   0      0.000   18.478
235392.0 244864.0  0.0   80442.2 7195520.0 4851845.8 15379136.0 10729869.9 50240.0 50138.7    147   18.652   0      0.000   18.652
235392.0 233792.0 134973.1  0.0   7220352.0 5343988.5 15379136.0 10807964.1 50240.0 50138.7    148   18.846   0      0.000   18.846
227648.0 233792.0  0.0   68128.1 7220352.0 3310810.8 15379136.0 10913017.2 50240.0 50141.5    149   19.074   0      0.000   19.074
227648.0 232192.0 148797.3  0.0   7225152.0 4081476.0 15379136.0 10974955.9 50240.0 50142.2    150   19.273   0      0.000   19.273
221632.0 232192.0  0.0   112626.5 7225152.0 3665307.6 15379136.0 11122197.3 50240.0 50142.9    151   19.476   0      0.000   19.476
221632.0 238464.0 184268.6  0.0   7212608.0 3719290.3 15379136.0 11230579.8 50240.0 50144.2    152   19.672   0      0.000   19.672
234816.0 238464.0  0.0   64739.4 7212608.0 5197974.3 15379136.0 11443843.5 50240.0 50144.2    153   19.865   0      0.000   19.865
234816.0 231744.0 55520.1  0.0   7222976.0 6309490.9 15379136.0 11501402.9 50240.0 50144.2    154   20.013   0      0.000   20.013
223744.0 231744.0  0.0   77813.8 7222976.0 6556027.9 15379136.0 11550690.9 50240.0 50152.0    155   20.173   0      0.000   20.173
223744.0 212992.0 94055.1  0.0   7252800.0 6943430.8 15379136.0 11627856.7 50240.0 50152.0    156   20.359   0      0.000   20.359
211904.0 212992.0  0.0   42336.0 7252800.0 4952130.5 15379136.0 11721919.8 50240.0 50152.0    157   20.605   0      0.000   20.605
211904.0 205184.0 66466.0  0.0   7272448.0 921243.2 15379136.0 11764199.8 50240.0 50152.2    158   20.781   0      0.000   20.781
211904.0 205184.0 66466.0  0.0   7272448.0 1000417.4 15379136.0 11764199.8 50240.0 50152.2    158   20.781   0      0.000   20.781
211904.0 205184.0 66466.0  0.0   7272448.0 1000472.3 15379136.0 11764199.8 50240.0 50152.2    158   20.781   0      0.000   20.781
211904.0 205184.0 66466.0  0.0   7272448.0 1000491.2 15379136.0 11764199.8 50240.0 50152.2    158   20.781   0      0.000   20.781
211904.0 205184.0 66466.0  0.0   7272448.0 1000512.2 15379136.0 11764199.8 50240.0 50152.2    158   20.781   0      0.000   20.781
211904.0 205184.0 66466.0  0.0   7272448.0 1000529.0 15379136.0 11764199.8 50240.0 50152.2    158   20.781   0      0.000   20.781
211904.0 205184.0 66466.0  0.0   7272448.0 1000550.3 15379136.0 11764199.8 50240.0 50152.2    158   20.781   0      0.000   20.781
211904.0 205184.0 66466.0  0.0   7272448.0 1000593.8 15379136.0 11764199.8 50240.0 50152.2    158   20.781   0      0.000   20.781
211904.0 205184.0 66466.0  0.0   7272448.0 1000614.6 15379136.0 11764199.8 50240.0 50152.2    158   20.781   0      0.000   20.781
211904.0 205184.0 66466.0  0.0   7272448.0 1000633.6 15379136.0 11764199.8 50240.0 50152.4    158   20.781   0      0.000   20.781
211904.0 205184.0 66466.0  0.0   7272448.0 1000654.6 15379136.0 11764199.8 50240.0 50152.9    158   20.781   0      0.000   20.781
211904.0 205184.0 66466.0  0.0   7272448.0 1000673.4 15379136.0 11764199.8 50240.0 50155.8    158   20.781   0      0.000   20.781
211904.0 205184.0 66466.0  0.0   7272448.0 1000715.0 15379136.0 11764199.8 50240.0 50157.6    158   20.781   0      0.000   20.781
211904.0 205184.0 66466.0  0.0   7272448.0 1000736.0 15379136.0 11764199.8 50240.0 50158.5    158   20.781   0      0.000   20.781
211904.0 205184.0 66466.0  0.0   7272448.0 1000755.0 15379136.0 11764199.8 50240.0 50158.5    158   20.781   0      0.000   20.781
211904.0 205184.0 66466.0  0.0   7272448.0 1000782.2 15379136.0 11764199.8 50240.0 50158.8    158   20.781   0      0.000   20.781
211904.0 205184.0 66466.0  0.0   7272448.0 1000809.2 15379136.0 11764199.8 50240.0 50158.8    158   20.781   0      0.000   20.781
211904.0 205184.0 66466.0  0.0   7272448.0 2339466.1 15379136.0 11764199.8 50240.0 50160.6    158   20.781   0      0.000   20.781
211904.0 205184.0  0.0   205157.3 7272448.0 3355570.5 15379136.0 11883289.9 50240.0 50160.8    159   21.015   0      0.000   21.015
211904.0 269824.0 133474.3  0.0   7149888.0 4385246.3 15379136.0 12022309.6 50240.0 50160.8    160   21.190   0      0.000   21.190
267776.0 269824.0  0.0   39968.0 7149888.0 6026759.9 15379136.0 12172469.3 50240.0 50160.8    161   21.347   0      0.000   21.347
255552.0 261824.0  0.0   48032.0 7159936.0 262984.5 15379136.0 12264517.4 50240.0 50160.8    163   21.710   0      0.000   21.710
255552.0 260928.0 155376.8  0.0   7167680.0 1629658.9 15379136.0 12296093.4 50240.0 50162.1    164   21.901   0      0.000   21.901
248960.0 260928.0  0.0   82161.3 7167680.0 2898147.4 15379136.0 12435014.3 50240.0 50163.4    165   22.079   0      0.000   22.079
248960.0 237120.0 85100.4  0.0   7203456.0 3163217.6 15379136.0 12466670.3 50240.0 50163.4    166   22.262   0      0.000   22.262
230976.0 237120.0  0.0   120555.7 7203456.0 4331566.0 15379136.0 12562253.8 50240.0 50163.4    167   22.470   0      0.000   22.470
227264.0 222720.0  0.0   160.0  7235840.0 5174853.4 15379136.0 12757850.3 50240.0 50163.4    169   22.788   0      0.000   22.788
214400.0 220096.0  0.0   40352.8 7242176.0 494112.5 15379136.0 12808520.2 50240.0 50164.7    171   22.970   0      0.000   22.970
214400.0 207936.0 41113.8  0.0   7267200.0 3089152.3 15379136.0 12848625.0 50240.0 50164.7    172   23.062   0      0.000   23.062
206400.0 207936.0  0.0   9184.1 7267200.0 4741750.5 15379136.0 12889474.8 50240.0 50167.6    173   23.153   0      0.000   23.153
206400.0 193216.0 67934.1  0.0   7289920.0 5717373.4 15379136.0 12896873.5 50240.0 50167.6    174   23.258   0      0.000   23.258
200640.0 193216.0  0.0   123509.7 7289920.0 7248069.0 15379136.0 12960599.6 50240.0 50167.6    176   23.394   0      0.000   23.394
187968.0 196224.0  0.0   87468.6 7292672.0 119582.3 15379136.0 13216074.5 50240.0 50167.9    177   23.714   0      0.000   23.714
187968.0 189184.0 7420.0  0.0   7311168.0 1428467.2 15379136.0 13278036.6 50240.0 50167.9    178   23.832   0      0.000   23.832
189504.0 320.0   0.0   320.0  7311168.0 3268005.3 15379136.0 13290852.5 50240.0 50167.9    179   23.933   0      0.000   23.933
189504.0 187904.0 352.0   0.0   7312128.0 4361026.2 15379136.0 13290916.5 50240.0 50167.9    180   24.023   0      0.000   24.023
184704.0 187904.0  0.0   320.0  7312128.0 820817.6 15379136.0 13290988.5 50240.0 50167.9    181   24.118   0      0.000   24.118
184704.0 187904.0  0.0   320.0  7312128.0 921002.1 15379136.0 13290988.5 50240.0 50168.1    181   24.118   0      0.000   24.118
184704.0 187904.0  0.0   320.0  7312128.0 921025.0 15379136.0 13290988.5 50240.0 50168.1    181   24.118   0      0.000   24.118
184704.0 187904.0  0.0   320.0  7312128.0 921045.5 15379136.0 13290988.5 50240.0 50168.8    181   24.118   0      0.000   24.118
184704.0 187904.0  0.0   320.0  7312128.0 921064.1 15379136.0 13290988.5 50240.0 50168.8    181   24.118   0      0.000   24.118
184704.0 187904.0  0.0   320.0  7312128.0 921084.9 15379136.0 13290988.5 50240.0 50169.0    181   24.118   0      0.000   24.118
184704.0 187904.0  0.0   320.0  7312128.0 921128.3 15379136.0 13290988.5 50240.0 50169.0    181   24.118   0      0.000   24.118
184704.0 187904.0  0.0   320.0  7312128.0 921149.0 15379136.0 13290988.5 50240.0 50169.0    181   24.118   0      0.000   24.118
184704.0 187904.0  0.0   320.0  7312128.0 921167.7 15379136.0 13290988.5 50240.0 50169.0    181   24.118   0      0.000   24.118
184704.0 187904.0  0.0   320.0  7312128.0 921188.4 15379136.0 13290988.5 50240.0 50169.2    181   24.118   0      0.000   24.118
184704.0 187904.0  0.0   320.0  7312128.0 921207.3 15379136.0 13290988.5 50240.0 50170.6    181   24.118   0      0.000   24.118
184704.0 187904.0  0.0   320.0  7312128.0 921250.5 15379136.0 13290988.5 50240.0 50170.9    181   24.118   0      0.000   24.118
184704.0 187904.0  0.0   320.0  7312128.0 921269.4 15379136.0 13290988.5 50240.0 50170.9    181   24.118   0      0.000   24.118
184704.0 187904.0  0.0   320.0  7312128.0 921292.2 15379136.0 13290988.5 50240.0 50170.9    181   24.118   0      0.000   24.118
184704.0 187904.0  0.0   320.0  7312128.0 921311.1 15379136.0 13290988.5 50240.0 50170.9    181   24.118   0      0.000   24.118
184704.0 187904.0  0.0   320.0  7312128.0 921336.1 15379136.0 13290988.5 50240.0 50170.9    181   24.118   0      0.000   24.118
184704.0 187904.0  0.0   320.0  7312128.0 921390.7 15379136.0 13290988.5 50240.0 50170.9    181   24.118   0      0.000   24.118
184704.0 187904.0  0.0   320.0  7312128.0 6923971.0 15379136.0 13290988.5 50240.0 50173.4    181   24.118   0      0.000   24.118
184704.0 247744.0 184677.4  0.0   7194048.0 5433369.1 15379136.0 13364705.5 50240.0 50173.4    182   24.271   0      0.000   24.271
247744.0 247744.0  0.0   247741.1 7194048.0 2754086.1 15379136.0 13400805.8 50240.0 50173.4    183   24.447   0      0.000   24.447
247744.0 330432.0 211616.3  0.0   7028672.0 194192.5 15379136.0 13508442.4 50240.0 50174.3    184   24.644   0      0.000   24.644
312448.0 330432.0  0.0   79207.0 7028672.0 2046131.1 15379136.0 13717734.8 50240.0 50177.2    185   24.868   0      0.000   24.868
290368.0 291776.0  0.0   192.0  7085312.0 3077841.7 15379136.0 13892844.6 50240.0 50178.7    187   25.215   0      0.000   25.215
290368.0 290560.0 146525.1  0.0   7108416.0 3578742.7 15379136.0 13892900.6 50240.0 50178.9    188   25.414   0      0.000   25.414
275968.0 290560.0  0.0   110746.0 7108416.0 5180784.7 15379136.0 14035282.3 50240.0 50179.1    189   25.663   0      0.000   25.663
275968.0 263232.0 70432.2  32.0  7150336.0 7150336.0 15379136.0 14142929.9 50240.0 50179.1    191   25.882   0      0.000   25.882
259904.0 244352.0 97635.3  0.0   7185280.0 415955.4 15379136.0 14337407.7 50240.0 50180.7    192   26.348   0      0.000   26.348
244544.0 244352.0  0.0   139471.0 7185280.0 1129162.2 15379136.0 14429892.7 50240.0 50180.7    193   26.610   0      0.000   26.610
244544.0 263744.0 193659.0  0.0   7162048.0 2136321.4 15379136.0 14562147.6 50240.0 50181.7    194   26.858   0      0.000   26.858
244544.0 263744.0 193659.0  0.0   7162048.0 6317306.5 15379136.0 14562147.6 50240.0 50181.7    194   26.858   0      0.000   26.858
258816.0 263744.0 51035.8 140225.1 7162048.0 7162048.0 15379136.0 14783892.2 50240.0 50181.7    196   27.127   0      0.000   27.127
247488.0 249088.0  0.0   148138.8 7181632.0 523930.3 15379136.0 14995977.3 50240.0 50182.3    197   27.614   0      0.000   27.614
247488.0 243328.0 143137.8  0.0   7198720.0 2127321.9 15379136.0 15129840.1 50240.0 50182.3    198   27.862   0      0.000   27.862
234944.0 243328.0  0.0   132212.2 7198720.0   0.0    15379136.0 15272281.8 50240.0 50182.3    199   28.109   1      0.000   28.109
234944.0 243328.0  0.0   132212.2 7198720.0   0.0    15379136.0 15272281.8 50240.0 50182.3    199   28.109   1      0.000   28.109
234944.0 243328.0  0.0   132212.2 7198720.0   0.0    15379136.0 15272281.8 50240.0 50182.3    199   28.109   1      0.000   28.109
234944.0 243328.0  0.0   132212.2 7198720.0   0.0    15379136.0 15272281.8 50240.0 50182.3    199   28.109   1      0.000   28.109
234944.0 243328.0 45764.9  0.0   7198720.0 7198720.0 15379136.0 3087958.6  100416.0 50182.3    200   28.109   1      7.226   35.336
234944.0 226560.0 106788.9  0.0   7228032.0 6702476.9 15379136.0 3087958.6  100416.0 50183.5    200   28.369   1      7.226   35.595
228288.0 226560.0  0.0   154664.1 7228032.0 3331963.1 15379136.0 3192091.5  100416.0 50183.5    201   28.577   1      7.226   35.803
228288.0 228416.0 153105.6  0.0   7232704.0 2665317.1 15379136.0 3334943.6  100416.0 50183.5    202   28.773   1      7.226   35.999
227840.0 228416.0  0.0   71738.6 7232704.0 949306.6 15379136.0 3483865.2  100416.0 50185.6    203   28.977   1      7.226   36.204
227840.0 228416.0  0.0   71738.6 7232704.0 5758015.7 15379136.0 3483865.2  100416.0 50186.7    203   28.977   1      7.226   36.204
227840.0 224704.0 78400.1  0.0   7236992.0 995265.7 15379136.0 3545347.7  100416.0 50186.7    204   29.127   1      7.226   36.353
227840.0 224704.0 78400.1  0.0   7236992.0 2077233.1 15379136.0 3545347.7  100416.0 50186.7    204   29.127   1      7.226   36.353
227840.0 224704.0 78400.1  0.0   7236992.0 2077245.6 15379136.0 3545347.7  100416.0 50186.7    204   29.127   1      7.226   36.353
227840.0 224704.0 78400.1  0.0   7236992.0 2077277.3 15379136.0 3545347.7  100416.0 50187.0    204   29.127   1      7.226   36.353
227840.0 224704.0 78400.1  0.0   7236992.0 2077293.9 15379136.0 3545347.7  100416.0 50187.0    204   29.127   1      7.226   36.353
227840.0 224704.0 78400.1  0.0   7236992.0 4161371.6 15379136.0 3545347.7  100416.0 50190.0    204   29.127   1      7.226   36.353
216768.0 224704.0  0.0   125248.8 7236992.0 6501232.9 15379136.0 3619619.8  100416.0 50190.0    205   29.289   1      7.226   36.515
213568.0 213888.0  0.0   57792.0 7258880.0 1248134.0 15379136.0 3779053.4  100416.0 50190.2    207   29.554   1      7.226   36.780
213568.0 204096.0 102688.2  0.0   7271872.0 3460668.3 15379136.0 3836893.4  100416.0 50190.2    208   29.710   1      7.226   36.936
203712.0 204096.0  0.0   54080.0 7271872.0 5653338.5 15379136.0 3935493.6  100416.0 50190.5    209   29.860   1      7.226   37.086
203712.0 208704.0 143520.2 16544.0 7272128.0 7272128.0 15379136.0 4017901.6  100416.0 50190.5    211   30.141   1      7.226   37.367
203392.0 210688.0 150437.2  0.0   7268160.0 459199.6 15379136.0 4194917.8  100416.0 50191.0    212   30.535   1      7.226   37.762
205056.0 210688.0  0.0   81733.0 7268160.0 1476610.3 15379136.0 4323790.6  100416.0 50191.0    213   30.646   1      7.226   37.873
205056.0 208128.0 29535.4  0.0   7273280.0 3681594.7 15379136.0 4410865.9  100416.0 50191.0    214   30.685   1      7.226   37.912
213760.0 256.0   0.0   256.0  7273280.0 6279843.7 15379136.0 4436097.3  100416.0 50191.0    215   30.708   1      7.226   37.934
215744.0 216256.0  0.0   2272.0 7257024.0 1981699.8 15379136.0 4436193.4  100416.0 50191.0    217   30.751   1      7.226   37.977
215744.0 205376.0 82751.1  0.0   7268416.0 3700810.2 15379136.0 4436249.4  100416.0 50191.0    218   30.784   1      7.226   38.010
204928.0 205376.0  0.0   107579.8 7268416.0 4975408.1 15379136.0 4436309.4  100416.0 50191.0    219   30.819   1      7.226   38.045
204928.0 201600.0 20684.9  0.0   7283008.0 7091183.4 15379136.0 4527339.8  100416.0 50191.0    220   30.854   1      7.226   38.080
217408.0 216832.0 608.1   0.0   7255296.0 1940779.3 15379136.0 4680229.2  100416.0 50191.0    222   30.937   1      7.226   38.163
205504.0 216832.0  0.0   51437.5 7255296.0 4403246.0 15379136.0 4680581.3  100416.0 50191.0    223   30.967   1      7.226   38.194
205504.0 199808.0 90389.4  0.0   7284224.0 6889730.6 15379136.0 4731818.9  100416.0 50191.0    224   31.009   1      7.226   38.235
197568.0 195264.0 256.0   0.0   7296704.0 1749031.9 15379136.0 4813808.3  100416.0 50191.0    226   31.068   1      7.226   38.294
191488.0 195264.0  0.0   320.0  7296704.0 1431024.1 15379136.0 4813864.3  100416.0 50191.0    227   31.093   1      7.226   38.320
191488.0 195264.0  0.0   320.0  7296704.0 5951260.7 15379136.0 4813864.3  100416.0 50191.0    227   31.093   1      7.226   38.320
191488.0 186432.0 352.0   0.0   7311616.0 431084.4 15379136.0 4813944.3  100416.0 50191.0    228   31.117   1      7.226   38.344
191488.0 186432.0 352.0   0.0   7311616.0 431103.2 15379136.0 4813944.3  100416.0 50191.0    228   31.117   1      7.226   38.344
191488.0 186432.0 352.0   0.0   7311616.0 431128.3 15379136.0 4813944.3  100416.0 50191.0    228   31.117   1      7.226   38.344
191488.0 186432.0 352.0   0.0   7311616.0 431171.9 15379136.0 4813944.3  100416.0 50191.0    228   31.117   1      7.226   38.344
191488.0 186432.0 352.0   0.0   7311616.0 431194.5 15379136.0 4813944.3  100416.0 50191.0    228   31.117   1      7.226   38.344
191488.0 186432.0 352.0   0.0   7311616.0 431212.0 15379136.0 4813944.3  100416.0 50191.0    228   31.117   1      7.226   38.344
191488.0 186432.0 352.0   0.0   7311616.0 431232.7 15379136.0 4813944.3  100416.0 50191.0    228   31.117   1      7.226   38.344
191488.0 186432.0 352.0   0.0   7311616.0 431249.7 15379136.0 4813944.3  100416.0 50191.0    228   31.117   1      7.226   38.344
191488.0 186432.0 352.0   0.0   7311616.0 431297.2 15379136.0 4813944.3  100416.0 50191.0    228   31.117   1      7.226   38.344
191488.0 186432.0 352.0   0.0   7311616.0 431315.9 15379136.0 4813944.3  100416.0 50191.0    228   31.117   1      7.226   38.344
191488.0 186432.0 352.0   0.0   7311616.0 431336.5 15379136.0 4813944.3  100416.0 50191.0    228   31.117   1      7.226   38.344
191488.0 186432.0 352.0   0.0   7311616.0 431355.2 15379136.0 4813944.3  100416.0 50191.0    228   31.117   1      7.226   38.344
191488.0 186432.0 352.0   0.0   7311616.0 431374.1 15379136.0 4813944.3  100416.0 50191.0    228   31.117   1      7.226   38.344
191488.0 186432.0 352.0   0.0   7311616.0 602783.0 15379136.0 4813944.3  100416.0 50193.1    228   31.117   1      7.226   38.344
191488.0 186432.0  0.0   186422.2 7311616.0 903759.6 15379136.0 4926556.5  100416.0 50193.1    229   31.218   1      7.226   38.444
191488.0 314816.0 191464.0  0.0   7059904.0 1051865.9 15379136.0 4992551.6  100416.0 50193.1    230   31.330   1      7.226   38.556
312832.0 314816.0  0.0   146210.6 7059904.0 3228464.1 15379136.0 5092901.3  100416.0 50193.1    231   31.457   1      7.226   38.683
312832.0 296704.0 64224.1  0.0   7080000.0 3732657.2 15379136.0 5235530.4  100416.0 50193.1    232   31.584   1      7.226   38.810
278720.0 296704.0  0.0   99698.0 7080000.0 5642909.1 15379136.0 5298766.5  100416.0 50193.4    233   31.729   1      7.226   38.955
278720.0 271424.0 124182.8 6806.9 7139392.0 7139392.0 15379136.0 5406119.4  100416.0 50195.7    235   31.893   1      7.226   39.119
261568.0 271424.0 70670.4 117351.7 7139392.0 7139392.0 15379136.0 5545386.2  100416.0 50196.8    236   32.055   1      7.226   39.281
261568.0 278912.0 189838.8  0.0   7131712.0 3813371.3 15379136.0 5637461.0  100416.0 50196.8    236   32.231   1      7.226   39.458
263168.0 278912.0  0.0   111663.9 7131712.0 5657421.3 15379136.0 5781639.6  100416.0 50197.7    237   32.416   1      7.226   39.642
263168.0 251392.0 86733.9 93613.3 7174976.0 7174976.0 15379136.0 5949553.3  100416.0 50197.9    239   32.584   1      7.226   39.810
238272.0 225088.0 104756.1  0.0   7226176.0 1920413.8 15379136.0 6056534.7  100416.0 50197.9    240   32.894   1      7.226   40.120
213312.0 225088.0  0.0   105792.1 7226176.0 3646149.3 15379136.0 6159958.8  100416.0 50197.9    241   33.060   1      7.226   40.286
213312.0 205376.0 88567.0  0.0   7270848.0 3350232.7 15379136.0 6254494.8  100416.0 50197.9    242   33.238   1      7.226   40.464
213312.0 205376.0 88567.0  0.0   7270848.0 6952319.0 15379136.0 6254494.8  100416.0 50197.9    242   33.238   1      7.226   40.464
199616.0 205376.0  0.0   77824.3 7270848.0 6581270.2 15379136.0 6342367.5  100416.0 50198.0    243   33.384   1      7.226   40.610
199616.0 279040.0 199590.6  0.0   7131456.0 6063911.5 15379136.0 6485247.8  100416.0 50198.0    244   33.638   1      7.226   40.864
269632.0 279040.0  0.0   90249.3 7131456.0 6372274.5 15379136.0 6677230.4  100416.0 50198.0    245   33.874   1      7.226   41.100
269632.0 258496.0 100419.1  0.0   7161408.0 7137290.9 15379136.0 6759327.6  100416.0 50198.0    247   34.067   1      7.226   41.293
251584.0 258496.0  0.0   78622.2 7161408.0 7038633.4 15379136.0 6850520.3  100416.0 50198.0    248   34.273   1      7.226   41.499
251584.0 248640.0 144430.6  0.0   7189312.0 5688491.3 15379136.0 6920958.5  100416.0 50198.0    248   34.448   1      7.226   41.674
243392.0 248640.0  0.0   139398.2 7189312.0 3088703.7 15379136.0 7059631.0  100416.0 50198.1    249   34.673   1      7.226   41.899
243392.0 248640.0  0.0   139398.2 7189312.0 5814571.6 15379136.0 7059631.0  100416.0 50198.1    249   34.673   1      7.226   41.899
243392.0 231424.0 118634.6  0.0   7214720.0 878622.9 15379136.0 7197037.1  100416.0 50198.1    250   34.873   1      7.226   42.100
243392.0 231424.0 118634.6  0.0   7214720.0 2318571.1 15379136.0 7197037.1  100416.0 50198.1    250   34.873   1      7.226   42.100
243392.0 231424.0 118634.6  0.0   7214720.0 3430197.0 15379136.0 7197037.1  100416.0 50198.1    250   34.873   1      7.226   42.100
243392.0 231424.0 118634.6  0.0   7214720.0 4256853.7 15379136.0 7197037.1  100416.0 50198.1    250   34.873   1      7.226   42.100
243392.0 231424.0 118634.6  0.0   7214720.0 4256874.4 15379136.0 7197037.1  100416.0 50198.1    250   34.873   1      7.226   42.100
243392.0 231424.0 118634.6  0.0   7214720.0 4256891.0 15379136.0 7197037.1  100416.0 50198.3    250   34.873   1      7.226   42.100
243392.0 231424.0 118634.6  0.0   7214720.0 4256941.5 15379136.0 7197037.1  100416.0 50198.5    250   34.873   1      7.226   42.100
243392.0 231424.0 118634.6  0.0   7214720.0 4256960.2 15379136.0 7197037.1  100416.0 50198.5    250   34.873   1      7.226   42.100
243392.0 231424.0 118634.6  0.0   7214720.0 4256980.7 15379136.0 7197037.1  100416.0 50198.5    250   34.873   1      7.226   42.100
243392.0 231424.0 118634.6  0.0   7214720.0 4256999.5 15379136.0 7197037.1  100416.0 50198.5    250   34.873   1      7.226   42.100
243392.0 231424.0 118634.6  0.0   7214720.0 4257020.4 15379136.0 7197037.1  100416.0 50198.5    250   34.873   1      7.226   42.100
243392.0 231424.0 118634.6  0.0   7214720.0 4257060.9 15379136.0 7197037.1  100416.0 50198.5    250   34.873   1      7.226   42.100
243392.0 231424.0 118634.6  0.0   7214720.0 4257079.6 15379136.0 7197037.1  100416.0 50198.5    250   34.873   1      7.226   42.100
243392.0 231424.0 118634.6  0.0   7214720.0 4257102.4 15379136.0 7197037.1  100416.0 50198.7    250   34.873   1      7.226   42.100
243392.0 231424.0 118634.6  0.0   7214720.0 4257119.3 15379136.0 7197037.1  100416.0 50198.7    250   34.873   1      7.226   42.100
243392.0 231424.0 118634.6  0.0   7214720.0 4257144.3 15379136.0 7197037.1  100416.0 50198.7    250   34.873   1      7.226   42.100
243392.0 231424.0 118634.6  0.0   7214720.0 7214720.0 15379136.0 7197037.1  100416.0 50199.7    251   34.873   1      7.226   42.100
222144.0 214080.0 108857.1  0.0   7253312.0 1083687.8 15379136.0 7351012.2  100416.0 50199.9    252   35.226   1      7.226   42.452
208512.0 214080.0  0.0   96866.0 7253312.0 2924091.4 15379136.0 7459534.1  100416.0 50199.9    253   35.388   1      7.226   42.614
208512.0 201856.0 102720.2  0.0   7279168.0 4919217.6 15379136.0 7538064.0  100416.0 50200.4    254   35.545   1      7.226   42.771
203776.0 201856.0  0.0   54368.0 7279168.0 7279168.0 15379136.0 7640760.2  100416.0 50200.4    256   35.707   1      7.226   42.933
203776.0 203776.0 54240.0  0.0   7281984.0 7108997.5 15379136.0 7695144.2  100416.0 50200.4    257   36.188   1      7.226   43.415
220224.0 219392.0 138390.2  0.0   7249920.0 406735.5 15379136.0 7900512.4  100416.0 50200.4    258   36.548   1      7.226   43.774
229184.0 169088.0  0.0   169051.1 7249920.0 359822.1 15379136.0 8008799.7  100416.0 50200.8    259   36.727   1      7.226   43.954
229184.0 219904.0 109912.3  0.0   7240448.0 1510359.4 15379136.0 8177582.6  100416.0 50200.9    260   36.867   1      7.226   44.093
221504.0 219904.0  0.0   49472.0 7240448.0 3805602.3 15379136.0 8254474.9  100416.0 50200.9    261   36.925   1      7.226   44.152
221504.0 229440.0 288.0   0.0   7230656.0 6542082.6 15379136.0 8254538.9  100416.0 50200.9    262   36.973   1      7.226   44.199
233600.0 234624.0 320.0   0.0   7220288.0 1921353.8 15379136.0 8254634.9  100416.0 50200.9    264   37.068   1      7.226   44.294
224000.0 234624.0  0.0   53760.1 7220288.0 3735575.1 15379136.0 8254666.9  100416.0 50201.5    265   37.116   1      7.226   44.342
224000.0 235456.0 148900.2  0.0   7218624.0 4570544.4 15379136.0 8254904.7  100416.0 50276.4    266   37.181   1      7.226   44.407
247936.0 159936.0  0.0   159894.0 7218624.0 5968376.5 15379136.0 8275999.6  100416.0 50276.4    267   37.245   1      7.226   44.471
232000.0 234112.0  0.0   21402.3 7207488.0 465145.1 15379136.0 8367115.8  100416.0 50277.7    269   37.353   1      7.226   44.579
232000.0 223872.0 46509.3  0.0   7233664.0 2569536.5 15379136.0 8388254.2  100416.0 50277.8    270   37.402   1      7.226   44.628
219008.0 223872.0  0.0   25845.1 7233664.0 4808678.5 15379136.0 8434519.7  100416.0 50277.8    271   37.454   1      7.226   44.680
219008.0 217472.0 320.0   0.0   7253056.0 5048739.8 15379136.0 8460136.8  100416.0 50277.8    272   37.502   1      7.226   44.728
205504.0 217472.0  0.0   50797.8 7253056.0 2690993.2 15379136.0 8460224.9  100416.0 50277.8    273   37.550   1      7.226   44.776
205504.0 217472.0  0.0   50797.8 7253056.0 5609944.9 15379136.0 8460224.9  100416.0 50277.8    273   37.550   1      7.226   44.776
205504.0 191616.0 66162.2  0.0   7292416.0 975115.4 15379136.0 8460272.9  100416.0 50277.8    274   37.600   1      7.226   44.826
205504.0 191616.0 66162.2  0.0   7292416.0 2202218.5 15379136.0 8460272.9  100416.0 50277.8    274   37.600   1      7.226   44.826
205504.0 191616.0 66162.2  0.0   7292416.0 3390568.1 15379136.0 8460272.9  100416.0 50278.0    274   37.600   1      7.226   44.826
205504.0 191616.0 66162.2  0.0   7292416.0 4553124.2 15379136.0 8460272.9  100416.0 50278.0    274   37.600   1      7.226   44.826
205504.0 191616.0 66162.2  0.0   7292416.0 4553170.5 15379136.0 8460272.9  100416.0 50278.0    274   37.600   1      7.226   44.826
205504.0 191616.0 66162.2  0.0   7292416.0 4553189.6 15379136.0 8460272.9  100416.0 50278.0    274   37.600   1      7.226   44.826
205504.0 191616.0 66162.2  0.0   7292416.0 4553210.5 15379136.0 8460272.9  100416.0 50278.0    274   37.600   1      7.226   44.826
205504.0 191616.0 66162.2  0.0   7292416.0 4553229.1 15379136.0 8460272.9  100416.0 50278.2    274   37.600   1      7.226   44.826
205504.0 191616.0 66162.2  0.0   7292416.0 4553248.0 15379136.0 8460272.9  100416.0 50278.2    274   37.600   1      7.226   44.826
205504.0 191616.0 66162.2  0.0   7292416.0 4553293.0 15379136.0 8460272.9  100416.0 50278.2    274   37.600   1      7.226   44.826
205504.0 191616.0 66162.2  0.0   7292416.0 4553313.8 15379136.0 8460272.9  100416.0 50278.2    274   37.600   1      7.226   44.826
205504.0 191616.0 66162.2  0.0   7292416.0 4553334.4 15379136.0 8460272.9  100416.0 50278.2    274   37.600   1      7.226   44.826
205504.0 191616.0 66162.2  0.0   7292416.0 4553355.1 15379136.0 8460272.9  100416.0 50278.2    274   37.600   1      7.226   44.826
205504.0 191616.0 66162.2  0.0   7292416.0 4553373.8 15379136.0 8460272.9  100416.0 50278.2    274   37.600   1      7.226   44.826
212032.0 155328.0  0.0   155296.2 7292416.0 3696258.3 15379136.0 8480688.4  100416.0 50660.6    275   37.678   1      7.226   44.904
212032.0 259840.0 212024.5  0.0   7169856.0 4567037.4 15379136.0 8510172.1  100416.0 50660.8    276   37.763   1      7.226   44.989
250048.0 247744.0 5760.0  0.0   7191744.0 259291.2 15379136.0 8626525.1  100416.0 50660.8    278   37.900   1      7.226   45.126
235264.0 247744.0  0.0   54331.6 7191744.0 2863304.3 15379136.0 8632229.1  100416.0 50660.8    279   37.989   1      7.226   45.215
235264.0 231616.0 5376.0  0.0   7222656.0 5713830.2 15379136.0 8686480.7  100416.0 50660.8    280   38.068   1      7.226   45.294
225088.0 219648.0 1794.5  0.0   7244800.0 614525.1 15379136.0 8704626.1  100416.0 50831.4    282   38.184   1      7.226   45.411
212032.0 219648.0  0.0   81154.5 7244800.0 2404341.5 15379136.0 8706160.0  100416.0 50831.4    283   38.242   1      7.226   45.468
212032.0 200000.0 41753.9  0.0   7277504.0 5036626.5 15379136.0 8787032.5  100416.0 50831.9    284   38.298   1      7.226   45.524
195648.0 186752.0 21002.6  0.0   7307136.0 479954.5 15379136.0 8808891.0  100416.0 50831.9    286   38.394   1      7.226   45.620
181312.0 186752.0  0.0   640.0  7307136.0 2501185.2 15379136.0 8829661.6  100416.0 50840.3    287   38.442   1      7.226   45.668
181312.0 168832.0 37658.3  0.0   7339392.0 4732985.3 15379136.0 8830043.3  100416.0 50840.3    288   38.491   1      7.226   45.717
160256.0 151936.0 20951.5  0.0   7377344.0   0.0    15379136.0 8871792.0  100416.0 50840.3    290   38.587   1      7.226   45.813
147392.0 151936.0  0.0   320.0  7377344.0 1217608.2 15379136.0 8892561.2  100416.0 50840.4    291   38.635   1      7.226   45.861
147392.0 151936.0  0.0   320.0  7377344.0 5732922.1 15379136.0 8892561.2  100416.0 50840.4    291   38.635   1      7.226   45.861
147392.0 142208.0 320.0   0.0   7399936.0 1603613.1 15379136.0 8892617.2  100416.0 50840.4    292   38.684   1      7.226   45.910
147392.0 142208.0 320.0   0.0   7399936.0 3419104.7 15379136.0 8892617.2  100416.0 50840.4    292   38.684   1      7.226   45.910
147392.0 142208.0 320.0   0.0   7399936.0 3758901.1 15379136.0 8892617.2  100416.0 50840.4    292   38.684   1      7.226   45.910
147392.0 142208.0 320.0   0.0   7399936.0 3758923.7 15379136.0 8892617.2  100416.0 50840.4    292   38.684   1      7.226   45.910
147392.0 142208.0 320.0   0.0   7399936.0 3758942.4 15379136.0 8892617.2  100416.0 50840.4    292   38.684   1      7.226   45.910
147392.0 142208.0 320.0   0.0   7399936.0 3758963.3 15379136.0 8892617.2  100416.0 50840.4    292   38.684   1      7.226   45.910
147392.0 142208.0 320.0   0.0   7399936.0 3759005.7 15379136.0 8892617.2  100416.0 50840.4    292   38.684   1      7.226   45.910
147392.0 142208.0 320.0   0.0   7399936.0 3759026.4 15379136.0 8892617.2  100416.0 50840.4    292   38.684   1      7.226   45.910
147392.0 142208.0 320.0   0.0   7399936.0 3759045.2 15379136.0 8892617.2  100416.0 50840.4    292   38.684   1      7.226   45.910
147392.0 142208.0 320.0   0.0   7399936.0 3759065.9 15379136.0 8892617.2  100416.0 50840.4    292   38.684   1      7.226   45.910
147392.0 142208.0 320.0   0.0   7399936.0 3759084.5 15379136.0 8892617.2  100416.0 50840.4    292   38.684   1      7.226   45.910
147392.0 142208.0 320.0   0.0   7399936.0 3759128.0 15379136.0 8892617.2  100416.0 50840.4    292   38.684   1      7.226   45.910
147392.0 142208.0 320.0   0.0   7399936.0 3759148.6 15379136.0 8892617.2  100416.0 50840.4    292   38.684   1      7.226   45.910
147392.0 142208.0 320.0   0.0   7399936.0 3834646.5 15379136.0 8892617.2  100416.0 50840.4    292   38.684   1      7.226   45.910
147392.0 142208.0 320.0   0.0   7399936.0 3834667.1 15379136.0 8892617.2  100416.0 50840.4    292   38.684   1      7.226   45.910
147392.0 142208.0 320.0   0.0   7399936.0 3834687.8 15379136.0 8892617.2  100416.0 50840.4    292   38.684   1      7.226   45.910
147392.0 142208.0 320.0   0.0   7399936.0 3947145.9 15379136.0 8892617.2  100416.0 51175.0    292   38.684   1      7.226   45.910
147392.0 142208.0 320.0   0.0   7399936.0 5860906.0 15379136.0 8892617.2  100416.0 51257.7    292   38.684   1      7.226   45.910
158784.0 106624.0  0.0   106610.6 7399936.0 5934606.0 15379136.0 8892689.2  100416.0 51259.6    293   38.750   1      7.226   45.976
177792.0 178688.0  0.0   81046.9 7332160.0 170559.8 15379136.0 9020526.0  100416.0 51259.7    295   38.890   1      7.226   46.116
177792.0 173888.0 256.0   0.0   7337856.0 2959379.2 15379136.0 9101357.0  100416.0 51259.7    296   38.941   1      7.226   46.168
168960.0 173888.0  0.0   288.0  7337856.0 5780704.7 15379136.0 9101405.0  100416.0 51259.7    297   38.990   1      7.226   46.216
154304.0 163328.0  0.0   16672.0 7357248.0 1217581.3 15379136.0 9101525.0  100416.0 51259.7    299   39.088   1      7.226   46.314
154304.0 144512.0 23277.6  0.0   7390720.0 1842480.8 15379136.0 9101605.0  100416.0 51271.2    300   39.144   1      7.226   46.370
150912.0 144512.0  0.0   81392.9 7390720.0 3857492.5 15379136.0 9103941.3  100416.0 51272.6    301   39.199   1      7.226   46.425
150912.0 146176.0 896.1   0.0   7392448.0 6208305.2 15379136.0 9185066.3  100416.0 51272.8    302   39.252   1      7.226   46.478
137728.0 133568.0 288.0   0.0   7418240.0 1452252.5 15379136.0 9227727.2  100416.0 51273.0    304   39.350   1      7.226   46.576
128192.0 133568.0  0.0   4352.0 7418240.0 3804457.1 15379136.0 9227759.2  100416.0 51273.0    305   39.399   1      7.226   46.625
128192.0 119808.0 21064.3  0.0   7441536.0 6228182.7 15379136.0 9227843.2  100416.0 51273.0    306   39.448   1      7.226   46.674
115520.0 119808.0  0.0   352.0  7441536.0 6491551.6 15379136.0 9248627.5  100416.0 51273.0    307   39.497   1      7.226   46.723
115520.0 110848.0 352.0   0.0   7463168.0 2482607.5 15379136.0 9248699.5  100416.0 51273.1    308   39.545   1      7.226   46.771
115520.0 110848.0 352.0   0.0   7463168.0 3854696.5 15379136.0 9248699.5  100416.0 51273.1    308   39.545   1      7.226   46.771
115520.0 110848.0 352.0   0.0   7463168.0 4331697.4 15379136.0 9248699.5  100416.0 51273.1    308   39.545   1      7.226   46.771
115520.0 110848.0 352.0   0.0   7463168.0 4331720.3 15379136.0 9248699.5  100416.0 51273.1    308   39.545   1      7.226   46.771
115520.0 110848.0 352.0   0.0   7463168.0 4331739.0 15379136.0 9248699.5  100416.0 51273.1    308   39.545   1      7.226   46.771
115520.0 110848.0 352.0   0.0   7463168.0 4331758.0 15379136.0 9248699.5  100416.0 51273.1    308   39.545   1      7.226   46.771
115520.0 110848.0 352.0   0.0   7463168.0 4331801.4 15379136.0 9248699.5  100416.0 51273.1    308   39.545   1      7.226   46.771
115520.0 110848.0 352.0   0.0   7463168.0 4331822.4 15379136.0 9248699.5  100416.0 51273.1    308   39.545   1      7.226   46.771
115520.0 110848.0 352.0   0.0   7463168.0 4331841.0 15379136.0 9248699.5  100416.0 51273.1    308   39.545   1      7.226   46.771
115520.0 110848.0 352.0   0.0   7463168.0 4331859.7 15379136.0 9248699.5  100416.0 51273.1    308   39.545   1      7.226   46.771
115520.0 110848.0 352.0   0.0   7463168.0 4331878.4 15379136.0 9248699.5  100416.0 51273.1    308   39.545   1      7.226   46.771
115520.0 110848.0 352.0   0.0   7463168.0 4331925.2 15379136.0 9248699.5  100416.0 51273.1    308   39.545   1      7.226   46.771
115520.0 110848.0 352.0   0.0   7463168.0 4331944.1 15379136.0 9248699.5  100416.0 51273.1    308   39.545   1      7.226   46.771
115520.0 110848.0 352.0   0.0   7463168.0 4331967.2 15379136.0 9248699.5  100416.0 51273.1    308   39.545   1      7.226   46.771
115520.0 110848.0 352.0   0.0   7463168.0 4331983.8 15379136.0 9248699.5  100416.0 51273.1    308   39.545   1      7.226   46.771
115520.0 110848.0 352.0   0.0   7463168.0 4332012.8 15379136.0 9248699.5  100416.0 51273.1    308   39.545   1      7.226   46.771
115520.0 110848.0 352.0   0.0   7463168.0 7367943.9 15379136.0 9248699.5  100416.0 51288.9    308   39.545   1      7.226   46.771
128448.0 152576.0 122194.4  0.0   7384384.0   0.0    15379136.0 9318840.7  100416.0 51288.9    310   39.697   1      7.226   46.923
142016.0 152576.0  0.0   41458.0 7384384.0 2359425.7 15379136.0 9359472.6  100416.0 51288.9    311   39.749   1      7.226   46.976
142016.0 132160.0 40848.9  0.0   7415360.0 5127832.5 15379136.0 9400754.6  100416.0 51288.9    312   39.803   1      7.226   47.029
129664.0 126400.0 256.0   0.0   7433472.0 636676.9 15379136.0 9441451.5  100416.0 51288.9    314   39.902   1      7.226   47.129
122240.0 126400.0  0.0   1312.0 7433472.0 3088636.0 15379136.0 9441507.5  100416.0 51288.9    315   39.955   1      7.226   47.181
122240.0 117440.0 2784.2  0.0   7449856.0 4673702.5 15379136.0 9441579.5  100416.0 51289.6    316   40.004   1      7.226   47.230
121024.0 116928.0 608.0   0.0   7451584.0   0.0    15379136.0 9504885.5  100416.0 51289.8    318   40.104   1      7.226   47.330
108928.0 116928.0  0.0   21354.6 7451584.0 2477761.7 15379136.0 9505280.1  100416.0 51289.8    319   40.153   1      7.226   47.380
108928.0 105088.0 608.0   0.0   7475520.0 4968027.5 15379136.0 9526366.7  100416.0 51289.8    320   40.203   1      7.226   47.429
97472.0 105088.0  0.0   21250.4 7475520.0 7475520.0 15379136.0 9526734.8  100416.0 51290.1    322   40.253   1      7.226   47.479
94400.0 94016.0  0.0   42009.9 7498048.0 1211464.8 15379136.0 9547857.2  100416.0 51290.1    323   40.352   1      7.226   47.579
94400.0 91264.0 288.0   0.0   7503872.0 2323718.5 15379136.0 9589600.8  100416.0 51290.1    324   40.402   1      7.226   47.628
94400.0 91264.0 288.0   32.0  7503872.0 7503872.0 15379136.0 9589608.8  100416.0 51290.1    325   40.402   1      7.226   47.628
87744.0 91264.0  0.0   320.0  7503872.0 3528969.0 15379136.0 9589672.8  100416.0 51290.1    325   40.452   1      7.226   47.678
87744.0 91264.0  0.0   320.0  7503872.0 5735750.0 15379136.0 9589672.8  100416.0 51290.1    325   40.452   1      7.226   47.678
87744.0 91264.0  0.0   320.0  7503872.0 5736072.9 15379136.0 9589672.8  100416.0 51290.1    325   40.452   1      7.226   47.678
87744.0 91264.0  0.0   320.0  7503872.0 5736132.9 15379136.0 9589672.8  100416.0 51290.3    325   40.452   1      7.226   47.678
87744.0 91264.0  0.0   320.0  7503872.0 5736155.6 15379136.0 9589672.8  100416.0 51290.3    325   40.452   1      7.226   47.678
87744.0 91264.0  0.0   320.0  7503872.0 5736176.2 15379136.0 9589672.8  100416.0 51290.3    325   40.452   1      7.226   47.678
87744.0 91264.0  0.0   320.0  7503872.0 5736220.5 15379136.0 9589672.8  100416.0 51290.3    325   40.452   1      7.226   47.678
87744.0 91264.0  0.0   320.0  7503872.0 5736237.1 15379136.0 9589672.8  100416.0 51290.3    325   40.452   1      7.226   47.678
87744.0 91264.0  0.0   320.0  7503872.0 5736260.2 15379136.0 9589672.8  100416.0 51290.3    325   40.452   1      7.226   47.678
87744.0 99712.0 69888.5  0.0   7490112.0 1409892.0 15379136.0 9589728.8  100416.0 51295.0    326   40.503   1      7.226   47.730
113728.0 82432.0  0.0   82412.6 7490112.0 805357.4 15379136.0 9715647.7  100416.0 51295.0    327   40.582   1      7.226   47.808
113728.0 110400.0 224.0   0.0   7465408.0 3261199.5 15379136.0 9756727.2  100416.0 51295.9    328   40.638   1      7.226   47.865
106624.0 110400.0  0.0   256.0  7465408.0 6042453.1 15379136.0 9756767.2  100416.0 51295.9    329   40.689   1      7.226   47.915
100992.0 104512.0  0.0   288.0  7478400.0 1292612.4 15379136.0 9777165.0  100416.0 51295.9    331   40.799   1      7.226   48.025
100992.0 96832.0 2304.0  0.0   7491712.0 3740474.7 15379136.0 9777213.0  100416.0 51295.9    332   40.848   1      7.226   48.074
97280.0 96832.0  0.0   42898.8 7491712.0 4691968.0 15379136.0 9777293.0  100416.0 51296.6    333   40.901   1      7.226   48.127
97280.0 103744.0 60806.2  0.0   7482048.0 7473155.8 15379136.0 9799757.6  100416.0 51296.8    335   40.963   1      7.226   48.189
100480.0 93504.0 21242.3  0.0   7495552.0 2390983.4 15379136.0 9861373.8  100416.0 51296.8    336   41.064   1      7.226   48.290
90560.0 93504.0  0.0   576.0  7495552.0 4878883.4 15379136.0 9882392.1  100416.0 51296.8    337   41.114   1      7.226   48.340
77824.0 83840.0  0.0   20811.6 7515136.0   0.0    15379136.0 9903494.6  100416.0 51296.8    339   41.217   1      7.226   48.443
77824.0 75840.0 320.0   0.0   7535872.0 2126728.7 15379136.0 9903558.6  100416.0 51296.8    340   41.266   1      7.226   48.493
73472.0 75840.0  0.0   320.0  7535872.0 1548323.1 15379136.0 9903630.6  100416.0 51296.8    341   41.317   1      7.226   48.543
73472.0 75840.0  0.0   320.0  7535872.0 3574102.7 15379136.0 9903630.6  100416.0 51296.8    341   41.317   1      7.226   48.543
73472.0 75840.0  0.0   320.0  7535872.0 4445062.9 15379136.0 9903630.6  100416.0 51296.8    341   41.317   1      7.226   48.543
73472.0 75840.0  0.0   320.0  7535872.0 4445085.5 15379136.0 9903630.6  100416.0 51296.8    341   41.317   1      7.226   48.543
73472.0 75840.0  0.0   320.0  7535872.0 4445102.2 15379136.0 9903630.6  100416.0 51296.8    341   41.317   1      7.226   48.543
73472.0 75840.0  0.0   320.0  7535872.0 4445150.7 15379136.0 9903630.6  100416.0 51296.8    341   41.317   1      7.226   48.543
73472.0 75840.0  0.0   320.0  7535872.0 4445167.5 15379136.0 9903630.6  100416.0 51297.0    341   41.317   1      7.226   48.543
73472.0 75840.0  0.0   320.0  7535872.0 4445188.2 15379136.0 9903630.6  100416.0 51297.0    341   41.317   1      7.226   48.543
73472.0 75840.0  0.0   320.0  7535872.0 4445208.9 15379136.0 9903630.6  100416.0 51297.2    341   41.317   1      7.226   48.543
73472.0 75840.0  0.0   320.0  7535872.0 4522093.6 15379136.0 9903630.6  100416.0 51297.2    341   41.317   1      7.226   48.543
73472.0 75840.0  0.0   320.0  7535872.0 4522135.8 15379136.0 9903630.6  100416.0 51297.2    341   41.317   1      7.226   48.543
73472.0 75840.0  0.0   320.0  7535872.0 4522156.6 15379136.0 9903630.6  100416.0 51297.2    341   41.317   1      7.226   48.543
73472.0 75840.0  0.0   320.0  7535872.0 4522175.1 15379136.0 9903630.6  100416.0 51297.2    341   41.317   1      7.226   48.543
73472.0 75840.0 21223.8 320.0  7535872.0 7535872.0 15379136.0 9903630.6  100416.0 51301.9    342   41.317   1      7.226   48.543
94272.0 61440.0  0.0   61429.4 7516992.0 1103349.0 15379136.0 9948353.9  100416.0 51301.9    343   41.448   1      7.226   48.674
94272.0 91968.0 288.0   0.0   7503296.0 3589499.3 15379136.0 10009655.4 100416.0 51301.9    344   41.500   1      7.226   48.726
89152.0 91968.0  0.0   224.0  7503296.0 6219447.8 15379136.0 10009695.4 100416.0 51301.9    345   41.550   1      7.226   48.776
90496.0 49472.0  0.0   49440.0 7514368.0 1213104.5 15379136.0 10009815.4 100416.0 51301.9    347   41.653   1      7.226   48.879
90496.0 92224.0 45407.3  0.0   7505088.0 3180400.2 15379136.0 10009871.4 100416.0 51301.9    348   41.707   1      7.226   48.933
86528.0 92224.0  0.0   18208.2 7505088.0 4209897.2 15379136.0 10009919.4 100416.0 51303.9    349   41.757   1      7.226   48.983
86528.0 102016.0 82801.0  0.0   7485504.0 5916234.5 15379136.0 10011530.1 100416.0 51306.9    350   41.819   1      7.226   49.045
96256.0 101824.0 62300.2  0.0   7485888.0 385503.1 15379136.0 10115437.6 100416.0 51306.9    352   41.927   1      7.226   49.153
100352.0 101824.0  0.0   256.0  7485888.0 3110267.0 15379136.0 10177518.0 100416.0 51306.9    353   41.978   1      7.226   49.204
100352.0 102272.0 53579.6  0.0   7484992.0 5081035.3 15379136.0 10177574.0 100416.0 51306.9    354   42.038   1      7.226   49.264
100544.0 102272.0  0.0   320.0  7484992.0 7223310.2 15379136.0 10177622.0 100416.0 51306.9    355   42.088   1      7.226   49.315
100544.0 98112.0 352.0   0.0   7490880.0 7350803.1 15379136.0 10177702.0 100416.0 51306.9    356   42.141   1      7.226   49.367
94976.0 98112.0  0.0   1536.1 7490880.0 3531739.3 15379136.0 10177782.0 100416.0 51308.5    357   42.195   1      7.226   49.422
94976.0 98112.0  0.0   1536.1 7490880.0 4221284.1 15379136.0 10177782.0 100416.0 51308.5    357   42.195   1      7.226   49.422
94976.0 98112.0  0.0   1536.1 7490880.0 5337397.6 15379136.0 10177782.0 100416.0 51316.7    357   42.195   1      7.226   49.422
94976.0 98112.0  0.0   1536.1 7490880.0 7338528.5 15379136.0 10177782.0 100416.0 51318.5    357   42.195   1      7.226   49.422
94976.0 109888.0 82955.9  0.0   7469760.0 2690275.1 15379136.0 10179067.8 100416.0 51318.5    358   42.248   1      7.226   49.474
94976.0 109888.0 82955.9  0.0   7469760.0 6181480.1 15379136.0 10179067.8 100416.0 51318.7    358   42.248   1      7.226   49.474
106752.0 109888.0  0.0   288.0  7469760.0 1821328.6 15379136.0 10261763.9 100416.0 51318.7    359   42.317   1      7.226   49.544
106752.0 109888.0  0.0   288.0  7469760.0 3232814.6 15379136.0 10261763.9 100416.0 51318.7    359   42.317   1      7.226   49.544
106752.0 109888.0  0.0   288.0  7469760.0 3747837.2 15379136.0 10261763.9 100416.0 51318.7    359   42.317   1      7.226   49.544
106752.0 109888.0  0.0   288.0  7469760.0 3900315.8 15379136.0 10261763.9 100416.0 51318.7    359   42.317   1      7.226   49.544
106752.0 109888.0  0.0   288.0  7469760.0 3983919.0 15379136.0 10261763.9 100416.0 51318.7    359   42.317   1      7.226   49.544
106752.0 109888.0  0.0   288.0  7469760.0 4082270.4 15379136.0 10261763.9 100416.0 51318.7    359   42.317   1      7.226   49.544
106752.0 109888.0  0.0   288.0  7469760.0 4313372.6 15379136.0 10261763.9 100416.0 51319.5    359   42.317   1      7.226   49.544
106752.0 109888.0  0.0   288.0  7469760.0 4549390.8 15379136.0 10261763.9 100416.0 51319.5    359   42.317   1      7.226   49.544
106752.0 109888.0  0.0   288.0  7469760.0 4746121.0 15379136.0 10261763.9 100416.0 51319.5    359   42.317   1      7.226   49.544
106752.0 109888.0  0.0   288.0  7469760.0 5050971.8 15379136.0 10261763.9 100416.0 51319.5    359   42.317   1      7.226   49.544
106752.0 109888.0  0.0   288.0  7469760.0 5380407.8 15379136.0 10261763.9 100416.0 51319.5    359   42.317   1      7.226   49.544
106752.0 109888.0  0.0   288.0  7469760.0 6176921.8 15379136.0 10261763.9 100416.0 51319.5    359   42.317   1      7.226   49.544
106752.0 109888.0  0.0   288.0  7469760.0 7327440.2 15379136.0 10261763.9 100416.0 51319.5    359   42.317   1      7.226   49.544
106752.0 103168.0 320.0   0.0   7479616.0 1633833.0 15379136.0 10261795.9 100416.0 51329.9    360   42.375   1      7.226   49.601
118784.0 87488.0  0.0   87484.2 7479616.0 1753350.7 15379136.0 10384650.9 100416.0 51329.9    361   42.449   1      7.226   49.675
118784.0 121600.0 61663.8  0.0   7446336.0 3165475.9 15379136.0 10410567.1 100416.0 51329.9    362   42.509   1      7.226   49.735
115392.0 121600.0  0.0   40426.4 7446336.0 5904934.0 15379136.0 10472147.0 100416.0 51329.9    363   42.567   1      7.226   49.793
109952.0 113024.0  0.0   256.0  7461120.0 1170721.5 15379136.0 10512413.4 100416.0 51329.9    365   42.671   1      7.226   49.897
109952.0 106368.0 288.0   0.0   7473216.0 3672856.3 15379136.0 10512477.4 100416.0 51329.9    366   42.722   1      7.226   49.948
112064.0 62272.0  0.0   62258.3 7473216.0 4311330.0 15379136.0 10512541.4 100416.0 51330.0    367   42.794   1      7.226   50.020
112064.0 115776.0 61316.1  0.0   7457984.0 6526344.7 15379136.0 10514179.3 100416.0 51330.2    368   42.848   1      7.226   50.074
124928.0 118592.0 21930.7  0.0   7446016.0 1081727.7 15379136.0 10637761.0 100416.0 51330.2    370   42.963   1      7.226   50.189
112640.0 118592.0  0.0   20922.2 7446016.0 3618942.1 15379136.0 10659447.7 100416.0 51330.2    371   43.016   1      7.226   50.242
112640.0 110400.0 320.0   0.0   7466496.0 6188594.5 15379136.0 10680158.0 100416.0 51330.2    372   43.068   1      7.226   50.294
104768.0 101952.0 960.1   0.0   7482816.0 1134097.2 15379136.0 10680278.0 100416.0 51330.2    374   43.171   1      7.226   50.397
99968.0 101952.0  0.0   41337.8 7482816.0 3606987.3 15379136.0 10680971.8 100416.0 51330.2    375   43.223   1      7.226   50.449
99968.0 97408.0 320.0   0.0   7492160.0 3026483.4 15379136.0 10722081.7 100416.0 51330.7    376   43.275   1      7.226   50.501
99968.0 97408.0 320.0   0.0   7492160.0 6602191.7 15379136.0 10722081.7 100416.0 51330.7    376   43.275   1      7.226   50.501
94336.0 97408.0  0.0   288.0  7492160.0 1449980.0 15379136.0 10722145.7 100416.0 51330.7    377   43.328   1      7.226   50.554
94336.0 97408.0  0.0   288.0  7492160.0 2876186.8 15379136.0 10722145.7 100416.0 51330.7    377   43.328   1      7.226   50.554
94336.0 97408.0  0.0   288.0  7492160.0 2876209.4 15379136.0 10722145.7 100416.0 51330.7    377   43.328   1      7.226   50.554
94336.0 97408.0  0.0   288.0  7492160.0 2876228.0 15379136.0 10722145.7 100416.0 51330.7    377   43.328   1      7.226   50.554
94336.0 97408.0  0.0   288.0  7492160.0 2876248.3 15379136.0 10722145.7 100416.0 51330.7    377   43.328   1      7.226   50.554
94336.0 97408.0  0.0   288.0  7492160.0 2876290.9 15379136.0 10722145.7 100416.0 51330.7    377   43.328   1      7.226   50.554
94336.0 97408.0  0.0   288.0  7492160.0 2876311.4 15379136.0 10722145.7 100416.0 51330.7    377   43.328   1      7.226   50.554
94336.0 97408.0  0.0   288.0  7492160.0 2876330.0 15379136.0 10722145.7 100416.0 51330.7    377   43.328   1      7.226   50.554
94336.0 97408.0  0.0   288.0  7492160.0 2876350.7 15379136.0 10722145.7 100416.0 51330.7    377   43.328   1      7.226   50.554
94336.0 97408.0  0.0   288.0  7492160.0 2876369.2 15379136.0 10722145.7 100416.0 51330.7    377   43.328   1      7.226   50.554
94336.0 97408.0  0.0   288.0  7492160.0 2876412.1 15379136.0 10722145.7 100416.0 51330.7    377   43.328   1      7.226   50.554
94336.0 97408.0  0.0   288.0  7492160.0 3005765.3 15379136.0 10722145.7 100416.0 51331.3    377   43.328   1      7.226   50.554
94336.0 109120.0 81817.3  0.0   7471296.0 2515818.2 15379136.0 10783223.1 100416.0 51331.3    378   43.407   1      7.226   50.634
114368.0 103872.0  0.0   103833.4 7471296.0 4358149.6 15379136.0 10808718.2 100416.0 51332.3    379   43.468   1      7.226   50.695
114368.0 125760.0 288.0   0.0   7438016.0 6993510.5 15379136.0 10869766.0 100416.0 51332.3    380   43.521   1      7.226   50.747
121856.0 117504.0 256.0   0.0   7450176.0 1985437.6 15379136.0 10869882.0 100416.0 51332.3    382   43.625   1      7.226   50.851
113792.0 117504.0  0.0   40827.6 7450176.0 4663518.1 15379136.0 10869914.0 100416.0 51332.3    383   43.676   1      7.226   50.902
113792.0 113216.0 49440.0  0.0   7462528.0 6106495.3 15379136.0 10910533.6 100416.0 51332.8    384   43.735   1      7.226   50.961
109760.0 105408.0 40701.3  0.0   7474368.0 1100233.9 15379136.0 10953614.2 100416.0 51332.8    386   43.844   1      7.226   51.070
99840.0 105408.0  0.0   21898.7 7474368.0 3517540.5 15379136.0 10994091.5 100416.0 51332.8    387   43.896   1      7.226   51.123
99840.0 98240.0 256.0   0.0   7491456.0 6182347.4 15379136.0 11015803.9 100416.0 51332.8    388   43.949   1      7.226   51.175
95936.0 88960.0 24864.0  0.0   7504640.0 1411807.1 15379136.0 11015899.9 100416.0 51332.8    390   44.052   1      7.226   51.278
86848.0 88960.0  0.0   320.0  7504640.0 3391711.6 15379136.0 11015923.9 100416.0 51332.8    391   44.104   1      7.226   51.330
86848.0 83968.0 1824.2  0.0   7518720.0 2982516.9 15379136.0 11015955.9 100416.0 51337.3    392   44.156   1      7.226   51.382
86848.0 83968.0 1824.2  0.0   7518720.0 4338032.0 15379136.0 11015955.9 100416.0 51337.3    392   44.156   1      7.226   51.382
86848.0 83968.0 1824.2  0.0   7518720.0 4767971.9 15379136.0 11015955.9 100416.0 51337.3    392   44.156   1      7.226   51.382
86848.0 83968.0 1824.2  0.0   7518720.0 5712286.0 15379136.0 11015955.9 100416.0 51337.3    392   44.156   1      7.226   51.382
88192.0 82624.0  0.0   82589.1 7518720.0 214674.4 15379136.0 11038194.5 100416.0 51337.3    393   44.216   1      7.226   51.442
88192.0 82624.0  0.0   82589.1 7518720.0 2703443.8 15379136.0 11038194.5 100416.0 51337.3    393   44.216   1      7.226   51.442
88192.0 82624.0  0.0   82589.1 7518720.0 5512637.0 15379136.0 11038194.5 100416.0 51337.3    393   44.216   1      7.226   51.442
88192.0 97728.0 256.0   0.0   7494080.0 659468.4 15379136.0 11100101.9 100416.0 51337.3    394   44.269   1      7.226   51.496
88192.0 97728.0 256.0   0.0   7494080.0 2315292.5 15379136.0 11100101.9 100416.0 51337.3    394   44.269   1      7.226   51.496
88192.0 97728.0 256.0   0.0   7494080.0 3864355.8 15379136.0 11100101.9 100416.0 51337.3    394   44.269   1      7.226   51.496
88192.0 97728.0 256.0   0.0   7494080.0 5365634.5 15379136.0 11100101.9 100416.0 51337.3    394   44.269   1      7.226   51.496
88192.0 97728.0 256.0   0.0   7494080.0 6198811.0 15379136.0 11100101.9 100416.0 51337.3    394   44.269   1      7.226   51.496
88192.0 97728.0 256.0   0.0   7494080.0 6770821.7 15379136.0 11100101.9 100416.0 51337.3    394   44.269   1      7.226   51.496
94464.0 97728.0  0.0   256.0  7494080.0 247418.1 15379136.0 11100125.9 100416.0 51337.3    395   44.321   1      7.226   51.547
94464.0 97728.0  0.0   256.0  7494080.0 1231752.0 15379136.0 11100125.9 100416.0 51337.3    395   44.321   1      7.226   51.547
94464.0 97728.0  0.0   256.0  7494080.0 3014017.7 15379136.0 11100125.9 100416.0 51337.3    395   44.321   1      7.226   51.547
94464.0 97728.0  0.0   256.0  7494080.0 4900710.0 15379136.0 11100125.9 100416.0 51337.3    395   44.321   1      7.226   51.547
94464.0 97728.0  0.0   256.0  7494080.0 6035674.2 15379136.0 11100125.9 100416.0 51337.3    395   44.321   1      7.226   51.547
94464.0 99008.0 53664.5  0.0   7491520.0 4374997.0 15379136.0 11100165.9 100416.0 51337.3    396   44.374   1      7.226   51.600
112512.0 81600.0  0.0   81588.7 7491520.0 5464684.6 15379136.0 11124716.8 100416.0 51337.3    397   44.433   1      7.226   51.659
127552.0 130496.0  0.0   320.0  7428544.0 732172.6 15379136.0 11286684.1 100416.0 51337.3    399   44.562   1      7.226   51.788
127552.0 123904.0 288.0   0.0   7438080.0 3274301.9 15379136.0 11286724.1 100416.0 51337.3    400   44.614   1      7.226   51.840
119744.0 123904.0  0.0   288.0  7438080.0 5625944.7 15379136.0 11286796.1 100416.0 51338.2    401   44.666   1      7.226   51.892
123712.0 82112.0  0.0   82078.6 7458048.0   0.0    15379136.0 11286940.1 100416.0 51338.2    403   44.780   1      7.226   52.006
123712.0 133312.0 83153.0  0.0   7422912.0 1210376.1 15379136.0 11287857.9 100416.0 51338.5    404   44.836   1      7.226   52.063
130048.0 133312.0  0.0   544.0  7422912.0 3665044.1 15379136.0 11370827.1 100416.0 51338.5    405   44.903   1      7.226   52.130
130048.0 125952.0 1248.1  0.0   7433536.0 5664805.5 15379136.0 11371176.8 100416.0 51339.0    406   44.955   1      7.226   52.181
128128.0 124352.0 256.0   0.0   7437056.0 1062751.8 15379136.0 11434220.0 100416.0 51339.0    408   45.060   1      7.226   52.286
118976.0 124352.0  0.0   41239.2 7437056.0 3358578.5 15379136.0 11434268.0 100416.0 51339.0    409   45.113   1      7.226   52.339
118976.0 112000.0 20951.5  0.0   7458560.0 5067987.1 15379136.0 11434300.0 100416.0 51339.0    410   45.165   1      7.226   52.391
108992.0 112000.0  0.0   352.0  7458560.0 4664928.5 15379136.0 11455073.2 100416.0 51339.0    411   45.221   1      7.226   52.447
108992.0 105408.0 224.0   0.0   7475136.0 1325430.9 15379136.0 11455113.2 100416.0 51339.0    412   45.273   1      7.226   52.499
108992.0 105408.0 224.0   0.0   7475136.0 2561622.7 15379136.0 11455113.2 100416.0 51339.0    412   45.273   1      7.226   52.499
108992.0 105408.0 224.0   0.0   7475136.0 3180022.1 15379136.0 11455113.2 100416.0 51339.0    412   45.273   1      7.226   52.499
108992.0 105408.0 224.0   0.0   7475136.0 3180042.9 15379136.0 11455113.2 100416.0 51339.0    412   45.273   1      7.226   52.499
108992.0 105408.0 224.0   0.0   7475136.0 3180067.4 15379136.0 11455113.2 100416.0 51339.0    412   45.273   1      7.226   52.499
108992.0 105408.0 224.0   0.0   7475136.0 3180086.1 15379136.0 11455113.2 100416.0 51339.0    412   45.273   1      7.226   52.499
108992.0 105408.0 224.0   0.0   7475136.0 3180130.8 15379136.0 11455113.2 100416.0 51339.0    412   45.273   1      7.226   52.499
108992.0 105408.0 224.0   0.0   7475136.0 3180147.2 15379136.0 11455113.2 100416.0 51339.0    412   45.273   1      7.226   52.499
108992.0 105408.0 224.0   0.0   7475136.0 3180171.9 15379136.0 11455113.2 100416.0 51339.0    412   45.273   1      7.226   52.499
108992.0 105408.0 224.0   0.0   7475136.0 3180188.2 15379136.0 11455113.2 100416.0 51339.0    412   45.273   1      7.226   52.499
108992.0 105408.0 224.0   0.0   7475136.0 3180208.9 15379136.0 11455113.2 100416.0 51339.0    412   45.273   1      7.226   52.499
108992.0 105408.0 224.0   0.0   7475136.0 3180254.5 15379136.0 11455113.2 100416.0 51339.0    412   45.273   1      7.226   52.499
108992.0 105408.0 224.0   0.0   7475136.0 7103610.3 15379136.0 11455113.2 100416.0 51339.4    412   45.273   1      7.226   52.499
116032.0 141248.0 101985.7  0.0   7407040.0 180638.6 15379136.0 11561288.8 100416.0 51339.4    414   45.408   1      7.226   52.634
137600.0 141248.0  0.0   224.0  7407040.0 2688552.4 15379136.0 11662777.3 100416.0 51339.4    415   45.472   1      7.226   52.698
137600.0 133312.0 256.0   0.0   7418624.0 5179853.2 15379136.0 11662833.4 100416.0 51339.4    416   45.523   1      7.226   52.750
128512.0 123328.0 256.0   0.0   7437696.0 371198.2 15379136.0 11662953.4 100416.0 51339.6    418   45.628   1      7.226   52.854
116480.0 123328.0  0.0   8480.0 7437696.0 2886650.5 15379136.0 11663017.4 100416.0 51339.6    419   45.681   1      7.226   52.907
116480.0 110848.0 2816.2  0.0   7462208.0 4400698.0 15379136.0 11663081.4 100416.0 51339.6    420   45.733   1      7.226   52.959
116352.0 110848.0  0.0   60838.2 7462208.0 6958612.3 15379136.0 11665636.2 100416.0 51339.8    421   45.786   1      7.226   53.012
109376.0 111424.0  0.0   41636.8 7461760.0 1642033.4 15379136.0 11727564.4 100416.0 51339.8    423   45.892   1      7.226   53.118
109376.0 105216.0 320.0   0.0   7474944.0 4149932.4 15379136.0 11769021.3 100416.0 51339.8    424   45.946   1      7.226   53.172
100736.0 105216.0  0.0   288.0  7474944.0 6981997.9 15379136.0 11769077.3 100416.0 51339.8    425   45.998   1      7.226   53.224
96448.0 100416.0  0.0   288.0  7488384.0 1057243.8 15379136.0 11769221.3 100416.0 51339.8    427   46.103   1      7.226   53.329
96448.0 100416.0  0.0   288.0  7488384.0 7137444.9 15379136.0 11769221.3 100416.0 51339.8    427   46.103   1      7.226   53.329
96448.0 92224.0 320.0   0.0   7500864.0 1767304.0 15379136.0 11769285.3 100416.0 51339.8    428   46.156   1      7.226   53.382
96448.0 92224.0 320.0   0.0   7500864.0 1767349.1 15379136.0 11769285.3 100416.0 51339.8    428   46.156   1      7.226   53.382
96448.0 92224.0 320.0   0.0   7500864.0 1767373.5 15379136.0 11769285.3 100416.0 51339.8    428   46.156   1      7.226   53.382
96448.0 92224.0 320.0   0.0   7500864.0 1767395.8 15379136.0 11769285.3 100416.0 51339.8    428   46.156   1      7.226   53.382
96448.0 92224.0 320.0   0.0   7500864.0 1767414.2 15379136.0 11769285.3 100416.0 51339.8    428   46.156   1      7.226   53.382
96448.0 92224.0 320.0   0.0   7500864.0 1767434.5 15379136.0 11769285.3 100416.0 51339.8    428   46.156   1      7.226   53.382
96448.0 92224.0 320.0   0.0   7500864.0 1767477.5 15379136.0 11769285.3 100416.0 51339.8    428   46.156   1      7.226   53.382
96448.0 92224.0 320.0   0.0   7500864.0 1767498.3 15379136.0 11769285.3 100416.0 51339.8    428   46.156   1      7.226   53.382
96448.0 92224.0 320.0   0.0   7500864.0 1767521.0 15379136.0 11769285.3 100416.0 51339.8    428   46.156   1      7.226   53.382
96448.0 92224.0 320.0   0.0   7500864.0 1767539.4 15379136.0 11769285.3 100416.0 51339.8    428   46.156   1      7.226   53.382
96448.0 92224.0 320.0   0.0   7500864.0 1767559.9 15379136.0 11769285.3 100416.0 51339.8    428   46.156   1      7.226   53.382
96448.0 92224.0 320.0   0.0   7500864.0 1767599.4 15379136.0 11769285.3 100416.0 51339.8    428   46.156   1      7.226   53.382
96448.0 92224.0 320.0   0.0   7500864.0 1901534.3 15379136.0 11769285.3 100416.0 51340.5    428   46.156   1      7.226   53.382
100736.0 61440.0  0.0   61399.0 7500864.0 2621085.5 15379136.0 11769349.3 100416.0 51341.0    429   46.215   1      7.226   53.441
100736.0 99776.0 41054.4  0.0   7489024.0 4624385.3 15379136.0 11773480.3 100416.0 51341.0    430   46.268   1      7.226   53.494
96384.0 99776.0  0.0   256.0  7489024.0 7407750.9 15379136.0 11814446.9 100416.0 51341.0    432   46.321   1      7.226   53.547
88704.0 92608.0  0.0   224.0  7500544.0 2348278.3 15379136.0 11814590.9 100416.0 51341.0    433   46.425   1      7.226   53.652
88704.0 84608.0 256.0   0.0   7516224.0 4764577.4 15379136.0 11814622.9 100416.0 51341.0    434   46.502   1      7.226   53.729
90112.0 49472.0  0.0   49408.0 7516224.0 6427596.2 15379136.0 11814670.9 100416.0 51341.0    435   46.558   1      7.226   53.784
102528.0 81408.0  0.0   81390.6 7505600.0   0.0    15379136.0 11817916.9 100416.0 51341.0    437   46.671   1      7.226   53.897
102528.0 104192.0 41689.9  0.0   7481152.0 2439729.3 15379136.0 11919084.0 100416.0 51341.0    438   46.738   1      7.226   53.964
98112.0 104192.0  0.0   20922.2 7481152.0 4958430.8 15379136.0 11960587.6 100416.0 51341.0    439   46.794   1      7.226   54.020
90368.0 95872.0  0.0   16672.0 7495552.0 269966.9 15379136.0 11981377.9 100416.0 51341.0    441   46.899   1      7.226   54.125
90368.0 87936.0 352.0   0.0   7511232.0 2479986.6 15379136.0 11981425.9 100416.0 51341.2    442   46.951   1      7.226   54.177
88704.0 87936.0  0.0   41977.9 7511232.0 3827491.0 15379136.0 11981497.9 100416.0 51341.2    443   47.004   1      7.226   54.230
88704.0 86336.0 288.0   0.0   7514496.0 2720629.6 15379136.0 12023230.4 100416.0 51341.2    444   47.057   1      7.226   54.283
88704.0 86336.0 288.0   0.0   7514496.0 5653412.9 15379136.0 12023230.4 100416.0 51341.2    444   47.057   1      7.226   54.283
83520.0 86336.0  0.0   320.0  7514496.0 516968.9 15379136.0 12023294.4 100416.0 51341.2    445   47.110   1      7.226   54.337
83520.0 86336.0  0.0   320.0  7514496.0 1891847.0 15379136.0 12023294.4 100416.0 51341.2    445   47.110   1      7.226   54.337
83520.0 86336.0  0.0   320.0  7514496.0 1891869.6 15379136.0 12023294.4 100416.0 51341.2    445   47.110   1      7.226   54.337
83520.0 86336.0  0.0   320.0  7514496.0 1891889.9 15379136.0 12023294.4 100416.0 51341.2    445   47.110   1      7.226   54.337
83520.0 86336.0  0.0   320.0  7514496.0 1891937.1 15379136.0 12023294.4 100416.0 51341.2    445   47.110   1      7.226   54.337
83520.0 86336.0  0.0   320.0  7514496.0 1891955.3 15379136.0 12023294.4 100416.0 51341.2    445   47.110   1      7.226   54.337
83520.0 86336.0  0.0   320.0  7514496.0 1891975.5 15379136.0 12023294.4 100416.0 51341.2    445   47.110   1      7.226   54.337
83520.0 86336.0  0.0   320.0  7514496.0 1891993.8 15379136.0 12023294.4 100416.0 51341.2    445   47.110   1      7.226   54.337
83520.0 86336.0  0.0   320.0  7514496.0 1892016.2 15379136.0 12023294.4 100416.0 51341.2    445   47.110   1      7.226   54.337
83520.0 86336.0  0.0   320.0  7514496.0 1892061.2 15379136.0 12023294.4 100416.0 51341.2    445   47.110   1      7.226   54.337
83520.0 86336.0  0.0   320.0  7514496.0 1892079.5 15379136.0 12023294.4 100416.0 51341.2    445   47.110   1      7.226   54.337
83520.0 86336.0  0.0   320.0  7514496.0 1892099.8 15379136.0 12023294.4 100416.0 51341.2    445   47.110   1      7.226   54.337
83520.0 86336.0  0.0   320.0  7514496.0 1892118.1 15379136.0 12023294.4 100416.0 51341.2    445   47.110   1      7.226   54.337
83520.0 86336.0  0.0   320.0  7514496.0 1892138.4 15379136.0 12023294.4 100416.0 51341.2    445   47.110   1      7.226   54.337
83520.0 86336.0  0.0   320.0  7514496.0 1892179.3 15379136.0 12023294.4 100416.0 51341.5    445   47.110   1      7.226   54.337
83520.0 86336.0  0.0   320.0  7514496.0 7116682.7 15379136.0 12023294.4 100416.0 51345.3    445   47.110   1      7.226   54.337
105920.0 61760.0  0.0   61727.8 7489344.0   0.0    15379136.0 12089661.9 100416.0 51345.3    447   47.236   1      7.226   54.462
105920.0 102336.0 40394.4  0.0   7481280.0 2517306.1 15379136.0 12151261.9 100416.0 51345.3    448   47.297   1      7.226   54.524
100288.0 102336.0  0.0   320.0  7481280.0 5155123.0 15379136.0 12191440.3 100416.0 51345.3    449   47.354   1      7.226   54.580
94528.0 97664.0  0.0   320.0  7491584.0 302739.5 15379136.0 12191536.3 100416.0 51345.3    451   47.462   1      7.226   54.688
94528.0 88256.0 16672.0  0.0   7506752.0 2452959.0 15379136.0 12191608.3 100416.0 51345.5    452   47.515   1      7.226   54.741
89536.0 88256.0  0.0   43155.9 7506752.0 3993676.6 15379136.0 12191648.3 100416.0 51346.5    453   47.570   1      7.226   54.796
89536.0 89216.0 40765.3  0.0   7510784.0 6721701.4 15379136.0 12234538.9 100416.0 51346.5    454   47.628   1      7.226   54.854
87104.0 84416.0 1248.1  0.0   7518016.0 1412860.4 15379136.0 12275426.8 100416.0 51346.5    456   47.735   1      7.226   54.962
78080.0 84416.0  0.0   20962.4 7518016.0 3893279.2 15379136.0 12276410.9 100416.0 51346.5    457   47.790   1      7.226   55.016
78080.0 75776.0 832.0   0.0   7535680.0 6282938.9 15379136.0 12297113.4 100416.0 51346.5    458   47.845   1      7.226   55.071
73280.0 70464.0 352.0   0.0   7545792.0 338038.9 15379136.0 12297249.4 100416.0 51346.5    460   47.952   1      7.226   55.178
73280.0 70464.0 352.0   0.0   7545792.0 6083177.2 15379136.0 12297249.4 100416.0 51346.5    460   47.952   1      7.226   55.178
73280.0 70464.0 352.0   0.0   7545792.0 7285928.4 15379136.0 12297249.4 100416.0 51346.5    460   47.952   1      7.226   55.178
73280.0 70464.0 352.0   0.0   7545792.0 7311857.5 15379136.0 12297249.4 100416.0 51346.5    460   47.952   1      7.226   55.178
73280.0 70464.0 352.0   0.0   7545792.0 7311881.9 15379136.0 12297249.4 100416.0 51346.5    460   47.952   1      7.226   55.178
73280.0 70464.0 352.0   0.0   7545792.0 7311900.3 15379136.0 12297249.4 100416.0 51346.5    460   47.952   1      7.226   55.178
73280.0 70464.0 352.0   0.0   7545792.0 7311918.5 15379136.0 12297249.4 100416.0 51346.5    460   47.952   1      7.226   55.178
73280.0 70464.0 352.0   0.0   7545792.0 7311938.9 15379136.0 12297249.4 100416.0 51346.5    460   47.952   1      7.226   55.178
73280.0 70464.0 352.0   0.0   7545792.0 7311981.6 15379136.0 12297249.4 100416.0 51346.5    460   47.952   1      7.226   55.178
73280.0 70464.0 352.0   0.0   7545792.0 7312004.0 15379136.0 12297249.4 100416.0 51346.5    460   47.952   1      7.226   55.178
73280.0 70464.0 352.0   0.0   7545792.0 7312024.4 15379136.0 12297249.4 100416.0 51346.5    460   47.952   1      7.226   55.178
73280.0 70464.0 352.0   0.0   7545792.0 7312044.6 15379136.0 12297249.4 100416.0 51346.5    460   47.952   1      7.226   55.178
73280.0 70464.0 352.0   0.0   7545792.0 7312062.9 15379136.0 12297249.4 100416.0 51346.5    460   47.952   1      7.226   55.178
73280.0 70464.0 352.0   0.0   7545792.0 7545792.0 15379136.0 12297249.4 100416.0 51350.4    461   47.952   1      7.226   55.178
66176.0 78208.0 61029.7  0.0   7533120.0 548173.7 15379136.0 12362545.1 100416.0 51350.4    462   48.085   1      7.226   55.311
87680.0 60864.0  0.0   60812.9 7533120.0 2686951.0 15379136.0 12383007.6 100416.0 51350.4    463   48.141   1      7.226   55.367
87680.0 85184.0 224.0   0.0   7516672.0 5141982.5 15379136.0 12464027.2 100416.0 51350.4    464   48.201   1      7.226   55.427
86080.0 83648.0 256.0   0.0   7519808.0 449942.3 15379136.0 12504694.8 100416.0 51350.4    466   48.310   1      7.226   55.536
80896.0 83648.0  0.0   224.0  7519808.0 2913560.9 15379136.0 12504718.8 100416.0 51350.4    467   48.364   1      7.226   55.590
80896.0 75904.0 22069.2  0.0   7532736.0 4502356.8 15379136.0 12504742.8 100416.0 51350.8    468   48.422   1      7.226   55.648
86208.0 62272.0  0.0   62216.0 7532736.0 6763663.6 15379136.0 12506377.6 100416.0 51350.8    469   48.478   1      7.226   55.704
84224.0 86208.0  0.0   864.1  7517120.0 1636339.9 15379136.0 12628976.6 100416.0 51350.8    471   48.596   1      7.226   55.822
84224.0 78976.0 25098.6  0.0   7526336.0 3864480.4 15379136.0 12629646.4 100416.0 51350.8    472   48.650   1      7.226   55.876
77184.0 78976.0  0.0   608.0  7526336.0 6188544.4 15379136.0 12650413.0 100416.0 51350.8    473   48.705   1      7.226   55.931
69952.0 71616.0  0.0   640.0  7540736.0 411252.7 15379136.0 12671521.1 100416.0 51350.8    475   48.813   1      7.226   56.039
69952.0 65536.0 20631.4  0.0   7554048.0 1525617.1 15379136.0 12671926.8 100416.0 51350.8    476   48.868   1      7.226   56.094
69952.0 65536.0 20631.4  0.0   7554048.0 5451993.1 15379136.0 12671926.8 100416.0 51350.8    476   48.868   1      7.226   56.094
64064.0 65536.0  0.0   288.0  7554048.0 467575.0 15379136.0 12692326.3 100416.0 51350.8    477   48.921   1      7.226   56.148
64064.0 65536.0  0.0   288.0  7554048.0 1999034.8 15379136.0 12692326.3 100416.0 51350.8    477   48.921   1      7.226   56.148
64064.0 65536.0  0.0   288.0  7554048.0 2103357.8 15379136.0 12692326.3 100416.0 51350.8    477   48.921   1      7.226   56.148
64064.0 65536.0  0.0   288.0  7554048.0 2103378.3 15379136.0 12692326.3 100416.0 51350.8    477   48.921   1      7.226   56.148
64064.0 65536.0  0.0   288.0  7554048.0 2103398.8 15379136.0 12692326.3 100416.0 51350.8    477   48.921   1      7.226   56.148
64064.0 65536.0  0.0   288.0  7554048.0 2103417.0 15379136.0 12692326.3 100416.0 51350.8    477   48.921   1      7.226   56.148
64064.0 65536.0  0.0   288.0  7554048.0 2103460.9 15379136.0 12692326.3 100416.0 51350.8    477   48.921   1      7.226   56.148
64064.0 65536.0  0.0   288.0  7554048.0 2103481.2 15379136.0 12692326.3 100416.0 51350.8    477   48.921   1      7.226   56.148
64064.0 65536.0  0.0   288.0  7554048.0 2103497.5 15379136.0 12692326.3 100416.0 51350.8    477   48.921   1      7.226   56.148
64064.0 65536.0  0.0   288.0  7554048.0 2103519.8 15379136.0 12692326.3 100416.0 51350.8    477   48.921   1      7.226   56.148
64064.0 65536.0  0.0   288.0  7554048.0 2103538.1 15379136.0 12692326.3 100416.0 51350.8    477   48.921   1      7.226   56.148
64064.0 65536.0  0.0   288.0  7554048.0 2103585.9 15379136.0 12692326.3 100416.0 51350.8    477   48.921   1      7.226   56.148
64064.0 65536.0  0.0   288.0  7554048.0 2103602.1 15379136.0 12692326.3 100416.0 51350.8    477   48.921   1      7.226   56.148
64064.0 76160.0 62465.2  0.0   7537216.0 13282.5  15379136.0 12786308.5 100416.0 51351.8    478   48.993   1      7.226   56.219
85376.0 61376.0  0.0   61337.7 7537216.0 639123.0 15379136.0 12790652.8 100416.0 51351.8    479   49.059   1      7.226   56.285
85376.0 100160.0 81570.3  0.0   7489216.0 3120333.7 15379136.0 12831545.1 100416.0 51351.8    480   49.126   1      7.226   56.352
98496.0 100160.0  0.0   224.0  7489216.0 5678428.1 15379136.0 12912923.4 100416.0 51351.8    481   49.187   1      7.226   56.413
90816.0 92736.0  0.0   320.0  7498304.0 1016227.9 15379136.0 12953611.1 100416.0 51351.8    483   49.297   1      7.226   56.523
90816.0 87936.0 2496.2  0.0   7510784.0 3156574.1 15379136.0 12953659.1 100416.0 51352.3    484   49.352   1      7.226   56.578
95616.0 60928.0  0.0   60870.2 7510784.0 5741056.2 15379136.0 12955889.0 100416.0 51352.3    485   49.408   1      7.226   56.634
89984.0 93120.0  0.0   960.1  7500800.0 889219.0 15379136.0 13016571.3 100416.0 51352.3    487   49.519   1      7.226   56.745
89984.0 86656.0 640.0   0.0   7512896.0 3246048.6 15379136.0 13017265.1 100416.0 51352.3    488   49.573   1      7.226   56.799
83136.0 86656.0  0.0   608.0  7512896.0 5534046.6 15379136.0 13017641.1 100416.0 51352.3    489   49.627   1      7.226   56.853
83136.0 79488.0 352.0   0.0   7526912.0 7407999.5 15379136.0 13018017.1 100416.0 51352.3    491   49.681   1      7.226   56.907
75712.0 79488.0  0.0   320.0  7526912.0 7161194.9 15379136.0 13018097.1 100416.0 51352.3    491   49.736   1      7.226   56.962
75712.0 71936.0 320.0   0.0   7541888.0 2038360.2 15379136.0 13018161.1 100416.0 51352.3    492   49.791   1      7.226   57.017
75712.0 71936.0 320.0   0.0   7541888.0 2174550.9 15379136.0 13018161.1 100416.0 51352.3    492   49.791   1      7.226   57.017
75712.0 71936.0 320.0   0.0   7541888.0 2193502.2 15379136.0 13018161.1 100416.0 51352.3    492   49.791   1      7.226   57.017
75712.0 71936.0 320.0   0.0   7541888.0 2193524.5 15379136.0 13018161.1 100416.0 51352.3    492   49.791   1      7.226   57.017
75712.0 71936.0 320.0   0.0   7541888.0 2193543.1 15379136.0 13018161.1 100416.0 51352.3    492   49.791   1      7.226   57.017
75712.0 71936.0 320.0   0.0   7541888.0 2193565.4 15379136.0 13018161.1 100416.0 51352.3    492   49.791   1      7.226   57.017
75712.0 71936.0 320.0   0.0   7541888.0 2193605.2 15379136.0 13018161.1 100416.0 51352.3    492   49.791   1      7.226   57.017
75712.0 71936.0 320.0   0.0   7541888.0 2193625.5 15379136.0 13018161.1 100416.0 51352.3    492   49.791   1      7.226   57.017
75712.0 71936.0 320.0   0.0   7541888.0 2193645.8 15379136.0 13018161.1 100416.0 51352.3    492   49.791   1      7.226   57.017
75712.0 71936.0 320.0   0.0   7541888.0 2193666.1 15379136.0 13018161.1 100416.0 51352.3    492   49.791   1      7.226   57.017
75712.0 71936.0 320.0   0.0   7541888.0 2193684.4 15379136.0 13018161.1 100416.0 51352.3    492   49.791   1      7.226   57.017
75712.0 71936.0 320.0   0.0   7541888.0 2193729.2 15379136.0 13018161.1 100416.0 51352.3    492   49.791   1      7.226   57.017
75712.0 71936.0 320.0   0.0   7541888.0 2193749.5 15379136.0 13018161.1 100416.0 51352.3    492   49.791   1      7.226   57.017
75712.0 71936.0 320.0   0.0   7541888.0 2193769.7 15379136.0 13018161.1 100416.0 51352.3    492   49.791   1      7.226   57.017
75712.0 71936.0 320.0   0.0   7541888.0 2193790.0 15379136.0 13018161.1 100416.0 51352.3    492   49.791   1      7.226   57.017
75712.0 71936.0 320.0   0.0   7541888.0 2193812.4 15379136.0 13018161.1 100416.0 51352.3    492   49.791   1      7.226   57.017
84160.0 61824.0  0.0   61785.6 7541888.0 633199.1 15379136.0 13128962.6 100416.0 51353.8    493   49.876   1      7.226   57.102
84160.0 101120.0 81529.7  0.0   7487296.0 732375.1 15379136.0 13173814.6 100416.0 51353.8    494   49.946   1      7.226   57.172
97472.0 101120.0  0.0   288.0  7487296.0 3076759.0 15379136.0 13234840.2 100416.0 51353.8    495   50.003   1      7.226   57.229
97472.0 93504.0 320.0   0.0   7498560.0 5669060.3 15379136.0 13234904.2 100416.0 51353.8    496   50.057   1      7.226   57.283
89408.0 85184.0 320.0   0.0   7514944.0 887379.2 15379136.0 13235048.2 100416.0 51353.8    498   50.167   1      7.226   57.393
80768.0 85184.0  0.0   22730.9 7514944.0 1495888.0 15379136.0 13235100.2 100416.0 51353.8    499   50.223   1      7.226   57.449
80768.0 91072.0 61795.0  0.0   7507392.0 3170275.1 15379136.0 13350680.0 100416.0 51353.8    500   50.304   1      7.226   57.530
87552.0 91072.0  0.0   928.1  7507392.0 5771812.7 15379136.0 13432501.0 100416.0 51353.8    501   50.362   1      7.226   57.588
84544.0 83776.0  0.0   37354.6 7518208.0 866421.0 15379136.0 13433863.7 100416.0 51353.8    503   50.472   1      7.226   57.698
84544.0 81280.0 288.0   0.0   7523712.0 3336697.8 15379136.0 13454622.3 100416.0 51355.2    504   50.529   1      7.226   57.755
74944.0 81280.0  0.0   17024.0 7523712.0 5704127.2 15379136.0 13454678.3 100416.0 51355.2    505   50.585   1      7.226   57.811
69056.0 72064.0  0.0   288.0  7542528.0 751644.4 15379136.0 13455132.0 100416.0 51355.2    507   50.695   1      7.226   57.921
69056.0 72064.0  0.0   288.0  7542528.0 5289909.7 15379136.0 13455132.0 100416.0 51355.2    507   50.695   1      7.226   57.921
69056.0 65920.0 320.0   0.0   7554560.0 85419.2  15379136.0 13455196.0 100416.0 51355.2    508   50.750   1      7.226   57.976
69056.0 65920.0 320.0   0.0   7554560.0 524099.2 15379136.0 13455196.0 100416.0 51355.2    508   50.750   1      7.226   57.976
69056.0 65920.0 320.0   0.0   7554560.0 524607.8 15379136.0 13455196.0 100416.0 51355.2    508   50.750   1      7.226   57.976
69056.0 65920.0 320.0   0.0   7554560.0 524628.1 15379136.0 13455196.0 100416.0 51355.2    508   50.750   1      7.226   57.976
69056.0 65920.0 320.0   0.0   7554560.0 524648.4 15379136.0 13455196.0 100416.0 51355.2    508   50.750   1      7.226   57.976
69056.0 65920.0 320.0   0.0   7554560.0 524666.7 15379136.0 13455196.0 100416.0 51355.2    508   50.750   1      7.226   57.976
69056.0 65920.0 320.0   0.0   7554560.0 524686.9 15379136.0 13455196.0 100416.0 51355.2    508   50.750   1      7.226   57.976
69056.0 65920.0 320.0   0.0   7554560.0 524730.1 15379136.0 13455196.0 100416.0 51355.2    508   50.750   1      7.226   57.976
69056.0 65920.0 320.0   0.0   7554560.0 524750.4 15379136.0 13455196.0 100416.0 51355.2    508   50.750   1      7.226   57.976
69056.0 65920.0 320.0   0.0   7554560.0 524770.7 15379136.0 13455196.0 100416.0 51355.2    508   50.750   1      7.226   57.976
69056.0 65920.0 320.0   0.0   7554560.0 524791.0 15379136.0 13455196.0 100416.0 51355.2    508   50.750   1      7.226   57.976
69056.0 65920.0 320.0   0.0   7554560.0 524811.4 15379136.0 13455196.0 100416.0 51355.2    508   50.750   1      7.226   57.976
69056.0 65920.0 320.0   0.0   7554560.0 524851.9 15379136.0 13455196.0 100416.0 51355.2    508   50.750   1      7.226   57.976
69056.0 65920.0 320.0   0.0   7554560.0 524872.1 15379136.0 13455196.0 100416.0 51355.2    508   50.750   1      7.226   57.976
69056.0 65920.0 320.0   0.0   7554560.0 1155325.9 15379136.0 13455196.0 100416.0 51355.6    508   50.750   1      7.226   57.976
69376.0 65600.0  0.0   65555.7 7554560.0 1624692.0 15379136.0 13590242.2 100416.0 51355.6    509   50.827   1      7.226   58.053
69376.0 89856.0 60994.0  0.0   7509824.0 3629651.9 15379136.0 13594316.5 100416.0 51355.6    510   50.884   1      7.226   58.110
86848.0 89856.0  0.0   192.0  7509824.0 6360501.0 15379136.0 13655202.5 100416.0 51355.6    511   50.939   1      7.226   58.165
80064.0 83520.0  0.0   224.0  7519168.0 1421689.1 15379136.0 13655306.5 100416.0 51355.6    513   51.049   1      7.226   58.276
80064.0 76416.0 256.0   0.0   7533056.0 4049702.0 15379136.0 13655362.5 100416.0 51355.6    514   51.105   1      7.226   58.331
72320.0 76416.0  0.0   20405.1 7533056.0 5222318.3 15379136.0 13655410.5 100416.0 51355.6    515   51.166   1      7.226   58.392
72320.0 84224.0 62852.2  32.0  7521088.0 7521088.0 15379136.0 13675811.0 100416.0 51355.6    517   51.223   1      7.226   58.449
78208.0 75520.0 1536.1  0.0   7535808.0 1957909.6 15379136.0 13778914.3 100416.0 51355.6    518   51.339   1      7.226   58.565
83008.0 54016.0  0.0   53988.8 7535808.0 4008185.8 15379136.0 13780238.4 100416.0 51355.6    519   51.398   1      7.226   58.624
83008.0 80576.0 320.0   0.0   7525952.0 6752010.1 15379136.0 13821639.3 100416.0 51355.7    520   51.453   1      7.226   58.679
75008.0 72704.0 320.0   0.0   7541824.0 1222606.8 15379136.0 13821775.3 100416.0 51355.7    522   51.565   1      7.226   58.791
70080.0 72704.0  0.0   352.0  7541824.0 2647272.1 15379136.0 13821847.3 100416.0 51355.7    523   51.620   1      7.226   58.846
70080.0 72704.0  0.0   352.0  7541824.0 5071096.5 15379136.0 13821847.3 100416.0 51355.7    523   51.620   1      7.226   58.846
70080.0 72704.0  0.0   352.0  7541824.0 5888663.7 15379136.0 13821847.3 100416.0 51355.7    523   51.620   1      7.226   58.846
70080.0 72704.0  0.0   352.0  7541824.0 5888682.0 15379136.0 13821847.3 100416.0 51355.7    523   51.620   1      7.226   58.846
70080.0 72704.0  0.0   352.0  7541824.0 5888702.4 15379136.0 13821847.3 100416.0 51355.7    523   51.620   1      7.226   58.846
70080.0 72704.0  0.0   352.0  7541824.0 5888722.8 15379136.0 13821847.3 100416.0 51355.7    523   51.620   1      7.226   58.846
70080.0 72704.0  0.0   352.0  7541824.0 5888767.4 15379136.0 13821847.3 100416.0 51355.7    523   51.620   1      7.226   58.846
70080.0 72704.0  0.0   352.0  7541824.0 5888787.6 15379136.0 13821847.3 100416.0 51355.7    523   51.620   1      7.226   58.846
70080.0 72704.0  0.0   352.0  7541824.0 5888808.0 15379136.0 13821847.3 100416.0 51355.7    523   51.620   1      7.226   58.846
70080.0 72704.0  0.0   352.0  7541824.0 5888828.2 15379136.0 13821847.3 100416.0 51355.7    523   51.620   1      7.226   58.846
70080.0 72704.0  0.0   352.0  7541824.0 5888846.5 15379136.0 13821847.3 100416.0 51355.7    523   51.620   1      7.226   58.846
70080.0 83136.0 65728.5  0.0   7523264.0 3845523.7 15379136.0 13821927.3 100416.0 51356.5    524   51.676   1      7.226   58.903
84672.0 81600.0  0.0   81594.5 7523264.0 4830751.3 15379136.0 13846317.8 100416.0 51356.5    525   51.761   1      7.226   58.987
84672.0 97152.0 40394.4  0.0   7495232.0 7351016.6 15379136.0 13887282.3 100416.0 51356.5    527   51.820   1      7.226   59.046
95040.0 93760.0 40827.6  0.0   7500736.0 2347982.1 15379136.0 13927524.7 100416.0 51356.5    528   51.934   1      7.226   59.160
91648.0 93760.0  0.0   256.0  7500736.0 4904062.0 15379136.0 13968112.3 100416.0 51356.5    529   51.991   1      7.226   59.217
91648.0 88960.0 256.0   0.0   7508928.0 6230295.2 15379136.0 13968168.3 100416.0 51356.5    530   52.052   1      7.226   59.278
82688.0 91008.0 60806.2  0.0   7507520.0 292617.8 15379136.0 13990997.8 100416.0 51356.5    532   52.166   1      7.226   59.393
90560.0 91008.0  0.0   42352.6 7507520.0 2868074.6 15379136.0 14051608.2 100416.0 51356.5    533   52.227   1      7.226   59.453
90560.0 85312.0 21274.3  0.0   7513664.0 5108321.6 15379136.0 14093754.5 100416.0 51356.5    534   52.284   1      7.226   59.510
83968.0 82048.0 256.0   0.0   7523520.0 295477.9 15379136.0 14115176.9 100416.0 51356.5    536   52.396   1      7.226   59.622
79680.0 82048.0  0.0   672.0  7523520.0 2639770.6 15379136.0 14115224.9 100416.0 51356.5    537   52.453   1      7.226   59.679
79680.0 74048.0 20695.4  0.0   7535808.0 4973849.9 15379136.0 14115619.5 100416.0 51356.5    538   52.509   1      7.226   59.736
71936.0 74048.0  0.0   352.0  7535808.0 4550463.1 15379136.0 14136070.9 100416.0 51356.5    539   52.565   1      7.226   59.791
71936.0 74048.0  0.0   352.0  7535808.0 7163796.7 15379136.0 14136070.9 100416.0 51356.5    539   52.565   1      7.226   59.791
71936.0 69504.0 320.0   0.0   7548096.0 835011.5 15379136.0 14136134.9 100416.0 51356.5    540   52.621   1      7.226   59.847
71936.0 69504.0 320.0   0.0   7548096.0 1200757.8 15379136.0 14136134.9 100416.0 51356.5    540   52.621   1      7.226   59.847
71936.0 69504.0 320.0   0.0   7548096.0 1200776.0 15379136.0 14136134.9 100416.0 51356.5    540   52.621   1      7.226   59.847
71936.0 69504.0 320.0   0.0   7548096.0 1200794.3 15379136.0 14136134.9 100416.0 51356.5    540   52.621   1      7.226   59.847
71936.0 69504.0 320.0   0.0   7548096.0 1200814.6 15379136.0 14136134.9 100416.0 51356.5    540   52.621   1      7.226   59.847
71936.0 69504.0 320.0   0.0   7548096.0 1200834.9 15379136.0 14136134.9 100416.0 51356.5    540   52.621   1      7.226   59.847
71936.0 69504.0 320.0   0.0   7548096.0 1200878.8 15379136.0 14136134.9 100416.0 51356.5    540   52.621   1      7.226   59.847
71936.0 69504.0 320.0   0.0   7548096.0 1200897.1 15379136.0 14136134.9 100416.0 51356.5    540   52.621   1      7.226   59.847
71936.0 69504.0 320.0   0.0   7548096.0 2375123.9 15379136.0 14136134.9 100416.0 51357.7    540   52.621   1      7.226   59.847
76096.0 65344.0  0.0   65282.6 7548096.0 2585534.6 15379136.0 14239925.6 100416.0 51357.7    541   52.704   1      7.226   59.930
76096.0 90944.0 60887.3  0.0   7507648.0 3895229.6 15379136.0 14264433.8 100416.0 51357.7    542   52.763   1      7.226   59.989
88576.0 90944.0  0.0   224.0  7507648.0 6553588.2 15379136.0 14325213.3 100416.0 51357.7    543   52.820   1      7.226   60.046
86400.0 88768.0  0.0   224.0  7512000.0 1640974.2 15379136.0 14365848.9 100416.0 51357.7    545   52.932   1      7.226   60.158
86400.0 83648.0 256.0   0.0   7519488.0 4284248.6 15379136.0 14365904.9 100416.0 51357.7    546   52.988   1      7.226   60.214
93184.0 62848.0  0.0   62815.5 7519488.0 5636337.9 15379136.0 14365960.9 100416.0 51357.8    547   53.046   1      7.226   60.272
97600.0 99904.0  0.0   41045.3 7489728.0 680044.2 15379136.0 14428818.1 100416.0 51357.8    549   53.163   1      7.226   60.389
97600.0 95488.0 1152.1  0.0   7496448.0 3063581.9 15379136.0 14469613.2 100416.0 51357.8    550   53.220   1      7.226   60.446
92672.0 95488.0  0.0   37306.2 7496448.0 5383649.6 15379136.0 14470597.3 100416.0 51357.8    551   53.277   1      7.226   60.503
88768.0 90688.0  0.0   37314.4 7506176.0 387324.1 15379136.0 14491698.1 100416.0 51357.8    553   53.391   1      7.226   60.617
88768.0 86848.0 320.0   0.0   7513920.0 2509536.2 15379136.0 14512416.6 100416.0 51357.8    554   53.448   1      7.226   60.674
84416.0 86848.0  0.0   352.0  7513920.0 3146948.4 15379136.0 14512496.6 100416.0 51357.8    555   53.504   1      7.226   60.730
84416.0 86848.0  0.0   352.0  7513920.0 5599690.2 15379136.0 14512496.6 100416.0 51357.8    555   53.504   1      7.226   60.730
84416.0 86848.0  0.0   352.0  7513920.0 6978388.5 15379136.0 14512496.6 100416.0 51357.8    555   53.504   1      7.226   60.730
84416.0 86848.0  0.0   352.0  7513920.0 6978408.8 15379136.0 14512496.6 100416.0 51357.8    555   53.504   1      7.226   60.730
84416.0 86848.0  0.0   352.0  7513920.0 6978427.1 15379136.0 14512496.6 100416.0 51357.8    555   53.504   1      7.226   60.730
84416.0 86848.0  0.0   352.0  7513920.0 6978449.5 15379136.0 14512496.6 100416.0 51357.8    555   53.504   1      7.226   60.730
84416.0 86848.0  0.0   352.0  7513920.0 6978491.0 15379136.0 14512496.6 100416.0 51357.8    555   53.504   1      7.226   60.730
84416.0 86848.0  0.0   352.0  7513920.0 6978510.0 15379136.0 14512496.6 100416.0 51357.8    555   53.504   1      7.226   60.730
84416.0 86848.0  0.0   352.0  7513920.0 6978533.3 15379136.0 14512496.6 100416.0 51357.8    555   53.504   1      7.226   60.730
84416.0 86848.0  0.0   352.0  7513920.0 6978550.3 15379136.0 14512496.6 100416.0 51357.8    555   53.504   1      7.226   60.730
84416.0 86848.0  0.0   352.0  7513920.0 7015601.8 15379136.0 14512496.6 100416.0 51357.8    555   53.504   1      7.226   60.730
84416.0 78848.0 16448.4  0.0   7526272.0 6889981.2 15379136.0 14512568.6 100416.0 51357.8    556   53.562   1      7.226   60.788
88128.0 102592.0 80955.3  0.0   7484352.0 1366829.2 15379136.0 14577781.4 100416.0 51357.8    558   53.686   1      7.226   60.912
100480.0 102592.0  0.0   224.0  7484352.0 3836553.4 15379136.0 14658584.7 100416.0 51357.8    559   53.748   1      7.226   60.974
100480.0 97792.0 224.0   0.0   7491264.0 6537492.0 15379136.0 14658632.7 100416.0 51357.8    560   53.804   1      7.226   61.031
94592.0 91072.0 256.0   0.0   7503872.0 1568165.0 15379136.0 14658736.7 100416.0 51357.8    562   53.919   1      7.226   61.146
99136.0 60992.0  0.0   60959.3 7503872.0 3402907.8 15379136.0 14658768.7 100416.0 51357.8    563   53.979   1      7.226   61.205
99136.0 98496.0 42585.6  0.0   7491904.0 4712017.4 15379136.0 14659174.4 100416.0 51357.8    564   54.037   1      7.226   61.263
97088.0 98496.0  0.0   41719.5 7491904.0 7491904.0 15379136.0 14701540.1 100416.0 51357.8    566   54.096   1      7.226   61.322
93824.0 94592.0  0.0   41572.8 7497856.0 2036014.9 15379136.0 14744003.8 100416.0 51357.8    567   54.213   1      7.226   61.439
93824.0 91520.0 288.0   0.0   7504192.0 4635145.1 15379136.0 14785380.6 100416.0 51357.8    568   54.270   1      7.226   61.497
91200.0 91520.0  0.0   41271.2 7504192.0 6583612.8 15379136.0 14785428.6 100416.0 51357.8    569   54.328   1      7.226   61.554
83648.0 85440.0  0.0   288.0  7512896.0 832016.7 15379136.0 14806262.7 100416.0 51357.8    571   54.443   1      7.226   61.669
83648.0 85440.0  0.0   288.0  7512896.0 5784500.6 15379136.0 14806262.7 100416.0 51357.8    571   54.443   1      7.226   61.669
83648.0 81344.0 320.0   0.0   7524544.0 814675.1 15379136.0 14806334.7 100416.0 51357.8    572   54.500   1      7.226   61.726
83648.0 81344.0 320.0   0.0   7524544.0 2066702.0 15379136.0 14806334.7 100416.0 51357.8    572   54.500   1      7.226   61.726
83648.0 81344.0 320.0   0.0   7524544.0 2357878.5 15379136.0 14806334.7 100416.0 51357.8    572   54.500   1      7.226   61.726
83648.0 81344.0 320.0   0.0   7524544.0 2357898.9 15379136.0 14806334.7 100416.0 51357.8    572   54.500   1      7.226   61.726
83648.0 81344.0 320.0   0.0   7524544.0 2357919.2 15379136.0 14806334.7 100416.0 51357.8    572   54.500   1      7.226   61.726
83648.0 81344.0 320.0   0.0   7524544.0 2357939.5 15379136.0 14806334.7 100416.0 51357.8    572   54.500   1      7.226   61.726
83648.0 81344.0 320.0   0.0   7524544.0 2357957.8 15379136.0 14806334.7 100416.0 51357.8    572   54.500   1      7.226   61.726
83648.0 81344.0 320.0   0.0   7524544.0 2358001.9 15379136.0 14806334.7 100416.0 51357.8    572   54.500   1      7.226   61.726
83648.0 81344.0 320.0   0.0   7524544.0 2358024.2 15379136.0 14806334.7 100416.0 51357.8    572   54.500   1      7.226   61.726
83648.0 81344.0 320.0   0.0   7524544.0 2358042.6 15379136.0 14806334.7 100416.0 51357.8    572   54.500   1      7.226   61.726
83648.0 81344.0 320.0   0.0   7524544.0 2358063.0 15379136.0 14806334.7 100416.0 51357.8    572   54.500   1      7.226   61.726
83648.0 81344.0 320.0   0.0   7524544.0 2358081.2 15379136.0 14806334.7 100416.0 51357.8    572   54.500   1      7.226   61.726
83648.0 81344.0 320.0   0.0   7524544.0 2358124.0 15379136.0 14806334.7 100416.0 51357.8    572   54.500   1      7.226   61.726
83648.0 81344.0 320.0   0.0   7524544.0 5584743.0 15379136.0 14806334.7 100416.0 51357.8    572   54.500   1      7.226   61.726
91072.0 73920.0  0.0   73865.2 7524544.0 6186143.9 15379136.0 14867226.6 100416.0 51358.6    573   54.571   1      7.226   61.797
98944.0 81152.0  0.0   81117.9 7509440.0 727339.6 15379136.0 14891752.2 100416.0 51358.6    575   54.690   1      7.226   61.916
98944.0 101248.0 320.0   0.0   7487040.0 3177141.3 15379136.0 14972690.2 100416.0 51358.6    576   54.750   1      7.226   61.976
98560.0 101248.0  0.0   320.0  7487040.0 5616480.5 15379136.0 14972714.2 100416.0 51358.6    577   54.808   1      7.226   62.035
95744.0 97088.0  0.0   42090.3 7493888.0 343103.2 15379136.0 15013381.8 100416.0 51358.6    579   54.929   1      7.226   62.155
95744.0 108928.0 82033.0  0.0   7471680.0 1920875.3 15379136.0 15014987.6 100416.0 51358.6    580   54.990   1      7.226   62.216
107072.0 108928.0  0.0   288.0  7471680.0 4597102.3 15379136.0 15096756.8 100416.0 51358.6    581   55.055   1      7.226   62.281
107072.0 104384.0 672.0   0.0   7478080.0 7478080.0 15379136.0 15096796.8 100416.0 51358.6    583   55.113   1      7.226   62.339
101184.0 97664.0 288.0   0.0   7490688.0 2529144.8 15379136.0 15097839.5 100416.0 51358.6    584   55.229   1      7.226   62.456
93824.0 97664.0  0.0   320.0  7490688.0 4944938.8 15379136.0 15097887.5 100416.0 51358.6    585   55.288   1      7.226   62.514
93824.0 89728.0 640.0   0.0   7505984.0 6350128.2 15379136.0 15097951.5 100416.0 51358.6    586   55.346   1      7.226   62.572
83648.0 89728.0  0.0   21026.4 7505984.0 4474942.8 15379136.0 15098349.2 100416.0 51358.6    587   55.404   1      7.226   62.630
83648.0 89728.0  0.0   21026.4 7505984.0 5786266.4 15379136.0 15098349.2 100416.0 51358.6    587   55.404   1      7.226   62.630
83648.0 89728.0  0.0   21026.4 7505984.0 7016273.1 15379136.0 15098349.2 100416.0 51358.6    587   55.404   1      7.226   62.630
83648.0 80192.0 320.0   0.0   7525696.0 279178.0 15379136.0 15119091.6 100416.0 51358.6    588   55.461   1      7.226   62.687
83648.0 80192.0 320.0   0.0   7525696.0 279194.3 15379136.0 15119091.6 100416.0 51358.6    588   55.461   1      7.226   62.687
83648.0 80192.0 320.0   0.0   7525696.0 279214.6 15379136.0 15119091.6 100416.0 51358.6    588   55.461   1      7.226   62.687
83648.0 80192.0 320.0   0.0   7525696.0 279235.0 15379136.0 15119091.6 100416.0 51358.6    588   55.461   1      7.226   62.687
83648.0 80192.0 320.0   0.0   7525696.0 279282.7 15379136.0 15119091.6 100416.0 51358.6    588   55.461   1      7.226   62.687
83648.0 80192.0 320.0   0.0   7525696.0 279301.1 15379136.0 15119091.6 100416.0 51358.6    588   55.461   1      7.226   62.687
83648.0 80192.0 320.0   0.0   7525696.0 279321.4 15379136.0 15119091.6 100416.0 51358.6    588   55.461   1      7.226   62.687
83648.0 80192.0 320.0   0.0   7525696.0 279339.6 15379136.0 15119091.6 100416.0 51358.6    588   55.461   1      7.226   62.687
83648.0 80192.0 320.0   0.0   7525696.0 3107890.7 15379136.0 15119091.6 100416.0 51358.6    588   55.461   1      7.226   62.687
92480.0 66944.0  0.0   66931.7 7525696.0 3758590.7 15379136.0 15213294.5 100416.0 51358.6    589   55.543   1      7.226   62.769
92480.0 89024.0 192.0   0.0   7508032.0 6274445.1 15379136.0 15237942.8 100416.0 51358.6    590   55.613   1      7.226   62.839
85376.0 87232.0 40859.6  0.0   7515072.0 1330486.8 15379136.0 15238078.8 100416.0 51358.6    592   55.730   1      7.226   62.956
83776.0 87232.0  0.0   288.0  7515072.0 3843825.5 15379136.0 15278674.5 100416.0 51358.6    593   55.789   1      7.226   63.016
83776.0 80192.0 288.0   0.0   7525568.0 6551076.3 15379136.0 15278738.5 100416.0 51358.6    594   55.847   1      7.226   63.073
74048.0 80192.0  0.0   16736.0 7525568.0 7299244.2 15379136.0 15278802.5 100416.0 51358.6    596   55.906   1      7.226   63.132
88320.0 61568.0  0.0   61512.0 7532480.0   0.0    15379136.0 15322586.7 100416.0 51358.6    597   56.032   2      7.226   63.258
88320.0 61568.0  0.0   61512.0 7532480.0   0.0    15379136.0 15322586.7 100416.0 51358.6    597   56.032   2      7.226   63.258
88320.0 61568.0  0.0   61512.0 7532480.0   0.0    15379136.0 15322586.7 100416.0 51358.6    597   56.032   2      7.226   63.258
88320.0 61568.0  0.0    0.0   7532480.0 7486995.3 15379136.0 1929759.8  113856.0 51358.6    598   56.032   2     12.026   68.058
101248.0 103808.0  0.0   320.0  7481920.0 2856246.1 15379136.0 1991756.6  113856.0 51358.6    599   56.070   2     12.026   68.097
101248.0 98112.0 640.0   0.0   7490176.0 5756134.0 15379136.0 1991820.6  113856.0 51358.6    600   56.078   2     12.026   68.105
94656.0 90880.0 352.0   0.0   7504000.0 1229258.9 15379136.0 1992314.3  113856.0 51358.6    602   56.089   2     12.026   68.115
86976.0 90880.0  0.0   352.0  7504000.0 2181074.2 15379136.0 1992386.3  113856.0 51358.6    603   56.094   2     12.026   68.120
86976.0 90880.0  0.0   352.0  7504000.0 5403581.2 15379136.0 1992386.3  113856.0 51358.6    603   56.094   2     12.026   68.120
86976.0 90880.0  0.0   352.0  7504000.0 5470358.0 15379136.0 1992386.3  113856.0 51358.6    603   56.094   2     12.026   68.120
86976.0 90880.0  0.0   352.0  7504000.0 5470378.3 15379136.0 1992386.3  113856.0 51358.6    603   56.094   2     12.026   68.120
86976.0 90880.0  0.0   352.0  7504000.0 5470392.5 15379136.0 1992386.3  113856.0 51358.6    603   56.094   2     12.026   68.120
86976.0 90880.0  0.0   352.0  7504000.0 5470408.8 15379136.0 1992386.3  113856.0 51358.6    603   56.094   2     12.026   68.120
86976.0 90880.0  0.0   352.0  7504000.0 5470423.0 15379136.0 1992386.3  113856.0 51358.6    603   56.094   2     12.026   68.120
86976.0 90880.0  0.0   352.0  7504000.0 5470453.8 15379136.0 1992386.3  113856.0 51358.6    603   56.094   2     12.026   68.120
86976.0 90880.0  0.0   352.0  7504000.0 5470470.0 15379136.0 1992386.3  113856.0 51358.6    603   56.094   2     12.026   68.120
86976.0 90880.0  0.0   352.0  7504000.0 5572029.3 15379136.0 1992386.3  113856.0 51358.6    603   56.094   2     12.026   68.120
86976.0 94848.0 57536.5  0.0   7499840.0 5769417.1 15379136.0 1992442.3  113856.0 51358.6    604   56.112   2     12.026   68.139
106368.0 106880.0 40394.4  0.0   7475776.0 574095.2 15379136.0 2161993.6  113856.0 51358.6    606   56.173   2     12.026   68.199
103936.0 106880.0  0.0   288.0  7475776.0 3276079.9 15379136.0 2202220.0  113856.0 51358.6    607   56.191   2     12.026   68.218
103936.0 100544.0 256.0   0.0   7485056.0 6073519.0 15379136.0 2202260.0  113856.0 51358.6    608   56.201   2     12.026   68.227
96768.0 92736.0 256.0   0.0   7500032.0 1415990.6 15379136.0 2202364.0  113856.0 51358.6    610   56.219   2     12.026   68.245
88192.0 92736.0  0.0   2400.2 7500032.0 3291226.5 15379136.0 2202436.0  113856.0 51358.6    611   56.228   2     12.026   68.254
88192.0 97216.0 60774.2  0.0   7495104.0 5895900.8 15379136.0 2204678.8  113856.0 51358.6    612   56.247   2     12.026   68.273
93184.0 88960.0 1184.1  0.0   7507392.0 1208715.0 15379136.0 2286371.8  113856.0 51358.6    614   56.276   2     12.026   68.302
83008.0 88960.0  0.0   20922.2 7507392.0 3794511.2 15379136.0 2287355.9  113856.0 51358.6    615   56.290   2     12.026   68.316
83008.0 85248.0 41685.2  0.0   7519040.0 6527035.9 15379136.0 2308058.2  113856.0 51358.6    616   56.309   2     12.026   68.335
79360.0 89152.0 62556.3  0.0   7511232.0 651525.8 15379136.0 2349889.1  113856.0 51358.6    618   56.349   2     12.026   68.375
86784.0 89152.0  0.0   288.0  7511232.0 3181321.4 15379136.0 2412249.6  113856.0 51358.6    619   56.368   2     12.026   68.394
86784.0 83968.0 320.0   0.0   7518784.0 1739456.7 15379136.0 2412289.6  113856.0 51358.6    620   56.377   2     12.026   68.404
86784.0 83968.0 320.0   0.0   7518784.0 6787703.2 15379136.0 2412289.6  113856.0 51358.6    620   56.377   2     12.026   68.404
80832.0 83968.0  0.0   320.0  7518784.0 2945770.2 15379136.0 2412361.6  113856.0 51358.6    621   56.387   2     12.026   68.413
80832.0 83968.0  0.0   320.0  7518784.0 3473795.5 15379136.0 2412361.6  113856.0 51358.6    621   56.387   2     12.026   68.413
80832.0 83968.0  0.0   320.0  7518784.0 3473815.9 15379136.0 2412361.6  113856.0 51358.6    621   56.387   2     12.026   68.413
80832.0 83968.0  0.0   320.0  7518784.0 3473865.9 15379136.0 2412361.6  113856.0 51358.6    621   56.387   2     12.026   68.413
80832.0 83968.0  0.0   320.0  7518784.0 3473886.2 15379136.0 2412361.6  113856.0 51358.6    621   56.387   2     12.026   68.413
80832.0 83968.0  0.0   320.0  7518784.0 3473904.4 15379136.0 2412361.6  113856.0 51358.6    621   56.387   2     12.026   68.413
80832.0 83968.0  0.0   320.0  7518784.0 3473924.7 15379136.0 2412361.6  113856.0 51358.6    621   56.387   2     12.026   68.413
80832.0 83968.0  0.0   320.0  7518784.0 3473945.0 15379136.0 2412361.6  113856.0 51358.6    621   56.387   2     12.026   68.413
80832.0 83968.0  0.0   320.0  7518784.0 3473991.9 15379136.0 2412361.6  113856.0 51358.6    621   56.387   2     12.026   68.413
80832.0 77120.0 2624.5  0.0   7531584.0 2572641.3 15379136.0 2412441.6  113856.0 51392.8    622   56.397   2     12.026   68.423
73408.0 77120.0  0.0   2496.5 7531584.0 5377389.7 15379136.0 2412441.6  113856.0 51392.8    623   56.407   2     12.026   68.433
65984.0 69696.0  0.0   2496.5 7546432.0 1077772.6 15379136.0 2412441.6  113856.0 51392.8    625   56.427   2     12.026   68.453
65984.0 62336.0 2528.5  0.0   7561216.0 3800177.4 15379136.0 2412441.6  113856.0 51392.8    626   56.437   2     12.026   68.463
58816.0 62336.0  0.0   2528.5 7561216.0 6779168.5 15379136.0 2412441.6  113856.0 51392.8    627   56.446   2     12.026   68.472
52096.0 55360.0  0.0   2400.5 7575360.0 1975356.2 15379136.0 2412441.6  113856.0 51392.8    629   56.466   2     12.026   68.492
52096.0 48896.0 2560.5  0.0   7588544.0 4666198.0 15379136.0 2412441.6  113856.0 51392.8    630   56.476   2     12.026   68.502
45888.0 48896.0  0.0   2592.5 7588544.0 7564166.5 15379136.0 2412441.6  113856.0 51392.8    632   56.486   2     12.026   68.512
40192.0 43008.0  0.0   2624.5 7600640.0 2830100.7 15379136.0 2412441.6  113856.0 51392.8    633   56.505   2     12.026   68.532
40192.0 37632.0 2560.5  0.0   7611712.0 5334540.8 15379136.0 2412441.6  113856.0 51392.8    634   56.516   2     12.026   68.542
35200.0 32832.0 2560.5  0.0   7621504.0 661622.6 15379136.0 2412441.6  113856.0 51392.8    636   56.536   2     12.026   68.562
35200.0 32832.0 2560.5  0.0   7621504.0 5085991.7 15379136.0 2412441.6  113856.0 51392.8    636   56.536   2     12.026   68.562
31040.0 32832.0  0.0   480.1  7621504.0 279778.7 15379136.0 2413087.4  113856.0 51392.8    637   56.546   2     12.026   68.572
31040.0 32832.0  0.0   480.1  7621504.0 3236339.1 15379136.0 2413087.4  113856.0 51392.8    637   56.546   2     12.026   68.572
31040.0 32832.0  0.0   480.1  7621504.0 4582793.5 15379136.0 2413087.4  113856.0 51392.8    637   56.546   2     12.026   68.572
31040.0 32832.0  0.0   480.1  7621504.0 4783828.8 15379136.0 2413087.4  113856.0 51392.8    637   56.546   2     12.026   68.572
31040.0 32832.0  0.0   480.1  7621504.0 5889443.7 15379136.0 2413087.4  113856.0 51392.8    637   56.546   2     12.026   68.572
31040.0 32832.0  0.0   480.1  7621504.0 7256383.2 15379136.0 2413087.4  113856.0 51392.8    637   56.546   2     12.026   68.572
31040.0 29248.0 352.0   0.0   7629248.0 996757.2 15379136.0 2413087.4  113856.0 51392.8    638   56.560   2     12.026   68.587
31040.0 29248.0 352.0   0.0   7629248.0 1329078.0 15379136.0 2413087.4  113856.0 51392.8    638   56.560   2     12.026   68.587
31040.0 29248.0 352.0   0.0   7629248.0 1329096.3 15379136.0 2413087.4  113856.0 51392.8    638   56.560   2     12.026   68.587
31040.0 29248.0 352.0   0.0   7629248.0 1329118.7 15379136.0 2413087.4  113856.0 51392.8    638   56.560   2     12.026   68.587
31040.0 29248.0 352.0   0.0   7629248.0 1329136.9 15379136.0 2413087.4  113856.0 51392.8    638   56.560   2     12.026   68.587
