 S0C    S1C    S0U    S1U      EC       EU        OC         OU       PC     PU    YGC     YGCT    FGC    FGCT     GCT   
961152.0 961152.0  0.0    0.0   5767232.0 115344.7 15379136.0    0.0     21248.0 7327.0      0    0.000   0      0.000    0.000
961152.0 961152.0  0.0    0.0   5767232.0 346034.1 15379136.0    0.0     21248.0 13853.8      0    0.000   0      0.000    0.000
961152.0 961152.0  0.0    0.0   5767232.0 1845679.2 15379136.0    0.0     27008.0 26731.7      0    0.000   0      0.000    0.000
961152.0 961152.0  0.0    0.0   5767232.0 5652663.2 15379136.0    0.0     39104.0 38917.3      0    0.000   0      0.000    0.000
961152.0 961152.0  0.0   74144.7 5767232.0 1295637.9 15379136.0    0.0     47936.0 47856.2      1    0.042   0      0.000    0.042
961152.0 961152.0  0.0   74144.7 5767232.0 4472372.0 15379136.0    0.0     47936.0 47894.2      1    0.042   0      0.000    0.042
961152.0 961152.0 93404.1  0.0   5767232.0 2432839.7 15379136.0    0.0     47936.0 47934.7      2    0.139   0      0.000    0.139
961152.0 961152.0 93404.1 136879.2 5767232.0 5767232.0 15379136.0    0.0     47936.0 47935.4      3    0.139   0      0.000    0.139
961152.0 961152.0  0.0   149775.2 5767232.0 4031610.9 15379136.0    0.0     48128.0 48044.3      3    0.283   0      0.000    0.283
961152.0 961152.0 195039.1  0.0   5767232.0 1870484.8 15379136.0    0.0     48128.0 48045.9      4    0.474   0      0.000    0.474
961152.0 961152.0 195039.1  0.0   5767232.0 5686835.4 15379136.0    0.0     48128.0 48050.7      4    0.474   0      0.000    0.474
290944.0 961152.0  0.0   261257.1 5767232.0 3557295.8 15379136.0    0.0     48128.0 48053.3      5    0.706   0      0.000    0.706
290944.0 356160.0 290927.1  0.0   6977216.0 1425387.8 15379136.0  18208.0   48128.0 48053.5      6    1.074   0      0.000    1.074
290944.0 356160.0 290927.1  0.0   6977216.0 5425911.1 15379136.0  18208.0   48128.0 48058.7      6    1.074   0      0.000    1.074
381376.0 278976.0  0.0   278944.2 6977216.0 1983889.2 15379136.0  88790.3   48128.0 48060.0      7    1.476   0      0.000    1.476
381376.0 278976.0  0.0   278944.2 6977216.0 5742465.1 15379136.0  88790.3   48128.0 48060.9      7    1.476   0      0.000    1.476
381376.0 404032.0 296864.2  0.0   6881472.0 2477989.5 15379136.0  170606.3  48128.0 48069.1      8    1.750   0      0.000    1.750
381376.0 404032.0 296864.2 235469.9 6881472.0 6881472.0 15379136.0  234638.3  48320.0 48167.1      9    1.750   0      0.000    1.750
406336.0 405312.0 104289.5  0.0   6877888.0 731254.6 15379136.0  467950.5  48320.0 48195.6     10    2.271   0      0.000    2.271
412480.0 39168.0  0.0   39144.9 6877888.0 3579589.3 15379136.0  566729.2  48320.0 48197.2     11    2.437   0      0.000    2.437
423424.0 192.0   0.0   192.0  6848960.0 503629.1 15379136.0  627817.8  48320.0 48198.0     13    2.488   0      0.000    2.488
423424.0 421696.0 288.0   0.0   6844416.0 4478968.5 15379136.0  627857.8  48320.0 48246.6     14    2.491   0      0.000    2.491
415616.0 406144.0 5312.0  0.0   6867776.0 1536927.2 15379136.0  630207.6  48320.0 48252.0     16    2.508   0      0.000    2.508
393216.0 406144.0  0.0   12864.2 6867776.0 4917148.6 15379136.0  634351.6  48320.0 48283.9     17    2.528   0      0.000    2.528
393216.0 376576.0 26944.3  0.0   6919744.0 3046883.0 15379136.0  643733.4  48320.0 48287.5     18    2.565   0      0.000    2.565
393216.0 376576.0 26944.3  0.0   6919744.0 6818686.8 15379136.0  643733.4  48320.0 48287.7     18    2.565   0      0.000    2.565
353408.0 376576.0  0.0   63008.1 6919744.0 3543974.3 15379136.0  666141.6  48320.0 48288.4     19    2.645   0      0.000    2.645
353408.0 328832.0 80352.1  0.0   7007296.0 307292.3 15379136.0  718877.6  48320.0 48288.4     20    2.778   0      0.000    2.778
353408.0 328832.0 80352.1  0.0   7007296.0 4034335.0 15379136.0  718877.6  48320.0 48290.1     20    2.778   0      0.000    2.778
306240.0 328832.0  0.0   81435.5 7007296.0 1998290.0 15379136.0  791077.6  48320.0 48290.1     21    2.920   0      0.000    2.920
306240.0 287296.0 71896.1  0.0   7096000.0   0.0    15379136.0  872489.1  48320.0 48290.5     22    3.062   0      0.000    3.062
274176.0 287296.0  0.0   46216.5 7096000.0 1685279.0 15379136.0  938701.2  48320.0 48291.6     23    3.166   0      0.000    3.166
274176.0 267584.0 9260.5  0.0   7147776.0 4416497.2 15379136.0  990383.5  48320.0 48292.1     24    3.225   0      0.000    3.225
261184.0 267584.0  0.0   192.0  7147776.0 6919028.9 15379136.0 1005144.5  48320.0 48293.5     25    3.257   0      0.000    3.257
261184.0 253376.0 160.0   0.0   7174976.0 3013953.6 15379136.0 1005200.5  48320.0 48297.5     26    3.269   0      0.000    3.269
261184.0 253376.0 160.0   0.0   7174976.0 3014605.0 15379136.0 1005200.5  48320.0 48299.6     26    3.269   0      0.000    3.269
261184.0 253376.0 160.0   0.0   7174976.0 3014616.5 15379136.0 1005200.5  48320.0 48300.8     26    3.269   0      0.000    3.269
261184.0 253376.0 160.0   0.0   7174976.0 3014628.0 15379136.0 1005200.5  48320.0 48301.4     26    3.269   0      0.000    3.269
261184.0 253376.0 160.0   0.0   7174976.0 3023732.8 15379136.0 1005200.5  48320.0 48301.5     26    3.269   0      0.000    3.269
261184.0 253376.0 160.0   0.0   7174976.0 3023744.2 15379136.0 1005200.5  48320.0 48301.8     26    3.269   0      0.000    3.269
261184.0 253376.0 160.0   0.0   7174976.0 3023755.8 15379136.0 1005200.5  48320.0 48302.2     26    3.269   0      0.000    3.269
261184.0 253376.0 160.0   0.0   7174976.0 6992896.4 15379136.0 1005200.5  49280.0 49108.9     26    3.269   0      0.000    3.269
263424.0 251136.0  0.0   251124.2 7174976.0 4068065.3 15379136.0 1087176.6  49280.0 49124.3     27    3.331   0      0.000    3.331
263424.0 344768.0 249736.1  0.0   7000000.0 903529.1 15379136.0 1252242.5  49280.0 49208.1     28    3.412   0      0.000    3.412
322688.0 344768.0  0.0   81370.8 7000000.0 2175588.5 15379136.0 1342991.5  49280.0 49215.3     29    3.450   0      0.000    3.450
322688.0 316160.0 256.0   0.0   7050688.0 4389104.3 15379136.0 1424166.3  49280.0 49216.8     30    3.473   0      0.000    3.473
293568.0 316160.0  0.0   83771.2 7050688.0 4003191.0 15379136.0 1424226.3  49280.0 49220.1     31    3.491   0      0.000    3.491
293568.0 283904.0 20366.8  0.0   7112064.0 3777868.1 15379136.0 1507803.2  49280.0 49221.5     32    3.517   0      0.000    3.517
270528.0 283904.0  0.0   98460.4 7112064.0 3899365.8 15379136.0 1527990.1  49280.0 49227.3     33    3.542   0      0.000    3.542
270528.0 286912.0 176610.0  0.0   7115712.0 3278179.7 15379136.0 1609918.5  49280.0 49228.0     34    3.592   0      0.000    3.592
282688.0 286912.0  0.0   320.0  7115712.0 3154598.1 15379136.0 1708310.0  49280.0 49228.0     35    3.619   0      0.000    3.619
282688.0 276416.0 288.0   0.0   7130432.0 2845362.4 15379136.0 1708358.0  49280.0 49232.3     36    3.632   0      0.000    3.632
282688.0 276416.0 288.0   0.0   7130432.0 6837796.6 15379136.0 1708358.0  49280.0 49233.8     36    3.632   0      0.000    3.632
268544.0 276416.0  0.0   320.0  7130432.0 3597591.3 15379136.0 1708406.0  49280.0 49239.1     37    3.645   0      0.000    3.645
268544.0 259520.0 320.0   0.0   7161472.0 221682.4 15379136.0 1708478.0  49280.0 49239.5     38    3.657   0      0.000    3.657
268544.0 259520.0 320.0   0.0   7161472.0 3900294.1 15379136.0 1708478.0  49280.0 49239.7     38    3.657   0      0.000    3.657
268544.0 259520.0 320.0   0.0   7161472.0 6918254.7 15379136.0 1708478.0  49280.0 49239.7     38    3.657   0      0.000    3.657
249664.0 259520.0  0.0   320.0  7161472.0 857060.3 15379136.0 1708550.0  49280.0 49240.2     39    3.668   0      0.000    3.668
249664.0 259520.0  0.0   320.0  7161472.0 858758.0 15379136.0 1708550.0  49280.0 49240.2     39    3.668   0      0.000    3.668
249664.0 259520.0  0.0   320.0  7161472.0 858768.7 15379136.0 1708550.0  49280.0 49240.4     39    3.668   0      0.000    3.668
249664.0 259520.0  0.0   320.0  7161472.0 858779.6 15379136.0 1708550.0  49280.0 49240.4     39    3.668   0      0.000    3.668
249664.0 259520.0  0.0   320.0  7161472.0 858788.4 15379136.0 1708550.0  49280.0 49241.1     39    3.668   0      0.000    3.668
249664.0 259520.0  0.0   320.0  7161472.0 858799.5 15379136.0 1708550.0  49280.0 49241.1     39    3.668   0      0.000    3.668
249664.0 259520.0  0.0   320.0  7161472.0 858831.4 15379136.0 1708550.0  49280.0 49241.2     39    3.668   0      0.000    3.668
249664.0 259520.0  0.0   320.0  7161472.0 858842.3 15379136.0 1708550.0  49280.0 49241.3     39    3.668   0      0.000    3.668
249664.0 259520.0  0.0   320.0  7161472.0 858851.0 15379136.0 1708550.0  49280.0 49241.3     39    3.668   0      0.000    3.668
249664.0 259520.0  0.0   320.0  7161472.0 858862.0 15379136.0 1708550.0  49280.0 49241.3     39    3.668   0      0.000    3.668
249664.0 259520.0  0.0   320.0  7161472.0 1529557.1 15379136.0 1708550.0  49664.0 49577.7     39    3.668   0      0.000    3.668
249664.0 280192.0 189166.0  0.0   7129152.0 796783.1 15379136.0 1708630.0  49664.0 49578.4     40    3.713   0      0.000    3.713
249664.0 280192.0 189166.0  0.0   7129152.0 6909414.7 15379136.0 1708630.0  49664.0 49579.8     40    3.713   0      0.000    3.713
315200.0 245184.0  0.0   245140.0 7129152.0 6316381.7 15379136.0 1789836.2  49664.0 49582.5     41    3.797   0      0.000    3.797
310656.0 319360.0  0.0   128571.6 7050816.0   0.0    15379136.0 2014435.2  49664.0 49584.2     43    3.971   0      0.000    3.971
310656.0 297088.0 115795.9  0.0   7081792.0 2009773.1 15379136.0 2100849.0  49664.0 49584.3     44    4.059   0      0.000    4.059
281088.0 297088.0  0.0   71860.1 7081792.0 4327007.5 15379136.0 2215004.9  49664.0 49584.3     45    4.197   0      0.000    4.197
281088.0 273728.0 26912.0  0.0   7134720.0 6696953.9 15379136.0 2286181.0  49664.0 49584.5     46    4.351   0      0.000    4.351
263552.0 248064.0 66464.1  0.0   7177920.0 1521739.8 15379136.0 2348389.0  49664.0 49584.5     48    4.575   0      0.000    4.575
237824.0 248064.0  0.0   42176.0 7177920.0 4034120.6 15379136.0 2414773.1  49664.0 49584.5     49    4.666   0      0.000    4.666
237824.0 229632.0 29920.0  0.0   7222080.0 6003506.9 15379136.0 2456869.2  49664.0 49586.0     50    4.850   0      0.000    4.850
219328.0 229632.0 38701.5 39767.9 7222080.0 7222080.0 15379136.0 2508306.8  49664.0 49588.7     52    5.011   0      0.000    5.011
194560.0 206656.0  0.0   72302.9 7263552.0 1146061.5 15379136.0 2580624.2  49664.0 49589.0     53    5.241   0      0.000    5.241
194560.0 208000.0 138302.0  0.0   7273536.0 2610731.1 15379136.0 2651203.1  49664.0 49590.4     54    5.366   0      0.000    5.366
196352.0 208000.0  0.0   65002.7 7273536.0 4119456.8 15379136.0 2788292.8  49664.0 49590.6     55    5.504   0      0.000    5.504
196352.0 201984.0 122175.1  0.0   7285568.0 5675953.5 15379136.0 2852691.5  49664.0 49590.8     56    5.618   0      0.000    5.618
192960.0 201984.0  0.0   87669.6 7285568.0 7067712.0 15379136.0 2968551.0  49664.0 49591.2     57    5.736   0      0.000    5.736
189248.0 189184.0  0.0   106148.9 7307392.0 853341.1 15379136.0 3046939.4  49664.0 49594.0     59    5.917   0      0.000    5.917
189248.0 185600.0 34400.0  0.0   7314688.0 2560911.0 15379136.0 3131968.8  49664.0 49597.0     60    6.014   0      0.000    6.014
176960.0 185600.0  0.0   58944.1 7314688.0 4574797.1 15379136.0 3164224.9  49664.0 49597.0     61    6.100   0      0.000    6.100
176960.0 172928.0 34528.0  0.0   7339648.0 6670106.7 15379136.0 3223112.9  49664.0 49597.0     62    6.185   0      0.000    6.185
168768.0 162560.0 40117.1  0.0   7358208.0   0.0    15379136.0 3289526.7  49664.0 49597.3     64    6.501   0      0.000    6.501
154368.0 162560.0  0.0   67296.1 7358208.0 1319260.7 15379136.0 3329563.8  49664.0 49597.3     65    6.663   0      0.000    6.663
154368.0 149120.0 40164.6  0.0   7386048.0 2899052.3 15379136.0 3396779.8  49664.0 49597.5     66    6.762   0      0.000    6.762
154368.0 149120.0 40164.6  0.0   7386048.0 6449848.2 15379136.0 3396779.8  49856.0 49682.3     66    6.762   0      0.000    6.762
154368.0 149120.0 40164.6  0.0   7386048.0 6449867.1 15379136.0 3396779.8  49856.0 49682.3     66    6.762   0      0.000    6.762
154368.0 149120.0 40164.6  0.0   7386048.0 6450121.6 15379136.0 3396779.8  49856.0 49682.3     66    6.762   0      0.000    6.762
154368.0 149120.0 40164.6  0.0   7386048.0 6450142.6 15379136.0 3396779.8  49856.0 49682.3     66    6.762   0      0.000    6.762
154368.0 149120.0 40164.6  0.0   7386048.0 6450163.6 15379136.0 3396779.8  49856.0 49682.3     66    6.762   0      0.000    6.762
154368.0 149120.0 40164.6  0.0   7386048.0 6450184.5 15379136.0 3396779.8  49856.0 49682.9     66    6.762   0      0.000    6.762
154368.0 149120.0 40164.6  0.0   7386048.0 6450207.4 15379136.0 3396779.8  49856.0 49683.4     66    6.762   0      0.000    6.762
154816.0 148672.0  0.0   148635.3 7386048.0 2048332.4 15379136.0 3436824.4  49856.0 49755.6     67    6.886   0      0.000    6.886
154816.0 148672.0  0.0   148635.3 7386048.0 7103475.5 15379136.0 3436824.4  49856.0 49761.4     67    6.886   0      0.000    6.886
180928.0 185920.0  0.0   40459.5 7317696.0 721564.6 15379136.0 3610209.9  49856.0 49763.4     69    7.032   0      0.000    7.032
180928.0 196672.0 144146.6  0.0   7296192.0 3069079.8 15379136.0 3650465.5  49856.0 49764.6     70    7.083   0      0.000    7.083
198336.0 768.0   0.0   704.1  7296192.0 4837595.4 15379136.0 3815103.9  49856.0 49766.7     71    7.142   0      0.000    7.142
198336.0 189568.0 82085.9  0.0   7301632.0 7131564.5 15379136.0 3815613.6  49856.0 49773.0     72    7.180   0      0.000    7.180
190080.0 180160.0 50559.4  0.0   7319296.0 1504056.9 15379136.0 3897865.4  49856.0 49777.5     74    7.276   0      0.000    7.276
203584.0 158592.0  0.0   158586.7 7319296.0 3381542.9 15379136.0 3948252.9  49856.0 49777.9     75    7.334   0      0.000    7.334
203584.0 194112.0 82945.9  0.0   7291840.0 5136337.7 15379136.0 4130660.0  49856.0 49778.5     76    7.409   0      0.000    7.409
184576.0 194112.0  0.0   59778.8 7291840.0 7054675.2 15379136.0 4151404.3  49856.0 49778.5     77    7.447   0      0.000    7.447
178432.0 177088.0  0.0   288.0  7327872.0 1998934.9 15379136.0 4202911.1  49856.0 49779.0     79    7.528   0      0.000    7.528
178432.0 177728.0 352.0   0.0   7333376.0 3969500.0 15379136.0 4202975.1  49856.0 49779.0     80    7.575   0      0.000    7.575
178432.0 177728.0 352.0   0.0   7333376.0 7150819.3 15379136.0 4202975.1  49856.0 49779.2     80    7.575   0      0.000    7.575
175424.0 177728.0  0.0   320.0  7333376.0 486426.7 15379136.0 4203039.1  49856.0 49779.6     81    7.615   0      0.000    7.615
175424.0 177728.0  0.0   320.0  7333376.0 486449.6 15379136.0 4203039.1  49856.0 49779.6     81    7.615   0      0.000    7.615
175424.0 177728.0  0.0   320.0  7333376.0 486550.8 15379136.0 4203039.1  49856.0 49779.6     81    7.615   0      0.000    7.615
175424.0 177728.0  0.0   320.0  7333376.0 486573.7 15379136.0 4203039.1  49856.0 49780.0     81    7.615   0      0.000    7.615
175424.0 177728.0  0.0   320.0  7333376.0 486592.2 15379136.0 4203039.1  49856.0 49780.0     81    7.615   0      0.000    7.615
175424.0 177728.0  0.0   320.0  7333376.0 1275648.1 15379136.0 4203039.1  49856.0 49789.7     81    7.615   0      0.000    7.615
175424.0 177728.0  0.0   320.0  7333376.0 6200484.8 15379136.0 4203039.1  49856.0 49790.4     81    7.615   0      0.000    7.615
175424.0 210624.0 175403.0  0.0   7268288.0 3082020.9 15379136.0 4207967.2  49856.0 49791.1     82    7.697   0      0.000    7.697
210624.0 210624.0  0.0   210607.4 7268288.0 1479666.7 15379136.0 4303404.7  49856.0 49799.0     83    7.871   0      0.000    7.871
210624.0 210624.0 180537.4 210607.4 7268288.0 7268288.0 15379136.0 4442128.2  49856.0 49802.5     84    7.871   0      0.000    7.871
210624.0 302400.0 187769.5 98922.6 7084736.0 7084736.0 15379136.0 4559497.9  49856.0 49808.2     85    8.293   0      0.000    8.293
284928.0 302400.0  0.0   106430.4 7084736.0 7084736.0 15379136.0 4621737.6  49856.0 49808.6     86    8.700   0      0.000    8.700
264704.0 271488.0  0.0   125335.2 7133120.0 153032.4 15379136.0 4803327.9  49856.0 49810.6     87    9.091   0      0.000    9.091
264704.0 251392.0 80549.5  0.0   7173440.0 656749.5 15379136.0 4924087.1  50048.0 49869.7     88    9.251   0      0.000    9.251
236672.0 251392.0  0.0   99273.7 7173440.0 346537.4 15379136.0 5003596.6  50048.0 49922.3     89    9.417   0      0.000    9.417
236672.0 224960.0 84730.6  0.0   7227904.0 389683.6 15379136.0 5102548.0  50048.0 49948.9     90    9.639   0      0.000    9.639
236672.0 224960.0 84730.6  0.0   7227904.0 5451028.1 15379136.0 5102548.0  50048.0 49958.0     90    9.639   0      0.000    9.639
250368.0 199808.0  0.0   199792.0 7227904.0 2229451.7 15379136.0 5186174.6  50048.0 49968.2     91   10.019   0      0.000   10.019
250368.0 199808.0 190445.6 199792.0 7227904.0 7227904.0 15379136.0 5257227.1  50048.0 49969.7     92   10.019   0      0.000   10.019
250368.0 272832.0 206157.6  0.0   7143872.0 5572386.7 15379136.0 5327030.5  50048.0 49969.7     92   10.581   0      0.000   10.581
258240.0 272832.0  0.0   119360.1 7143872.0 1786513.2 15379136.0 5528046.8  50048.0 49970.9     93   11.401   0      0.000   11.401
258240.0 272832.0 112331.8 119360.1 7143872.0 7143872.0 15379136.0 5550142.8  50048.0 49970.9     94   11.401   0      0.000   11.401
258240.0 248320.0 128235.8  0.0   7182976.0 3524355.4 15379136.0 5628950.8  50048.0 49970.9     94   12.000   0      0.000   12.000
258240.0 248320.0 128235.8 94602.2 7182976.0 7182976.0 15379136.0 5671980.9  50048.0 49971.0     95   12.000   0      0.000   12.000
235968.0 248320.0  0.0   119886.7 7182976.0 3374163.5 15379136.0 5752682.6  50048.0 49971.1     95   12.802   0      0.000   12.802
235968.0 248320.0 49166.9 119886.7 7182976.0 7182976.0 15379136.0 5773924.8  50048.0 49971.3     96   12.802   0      0.000   12.802
235968.0 230464.0 81262.9  0.0   7223104.0 2155484.8 15379136.0 5870113.3  50048.0 49971.8     96   13.655   0      0.000   13.655
235968.0 230464.0 81262.9  0.0   7223104.0 4417337.4 15379136.0 5870113.3  50048.0 49973.8     96   13.655   0      0.000   13.655
235968.0 230464.0 81262.9  0.0   7223104.0 4417363.2 15379136.0 5870113.3  50048.0 49973.8     96   13.655   0      0.000   13.655
235968.0 230464.0 81262.9  0.0   7223104.0 4417384.8 15379136.0 5870113.3  50048.0 49973.8     96   13.655   0      0.000   13.655
235968.0 230464.0 81262.9  0.0   7223104.0 4417405.8 15379136.0 5870113.3  50048.0 49973.8     96   13.655   0      0.000   13.655
235968.0 230464.0 81262.9  0.0   7223104.0 4417428.9 15379136.0 5870113.3  50048.0 49973.8     96   13.655   0      0.000   13.655
235968.0 230464.0 81262.9  0.0   7223104.0 4417479.2 15379136.0 5870113.3  50048.0 49974.1     96   13.655   0      0.000   13.655
235968.0 230464.0 81262.9  0.0   7223104.0 4417502.3 15379136.0 5870113.3  50048.0 49974.1     96   13.655   0      0.000   13.655
235968.0 230464.0 81262.9  0.0   7223104.0 4620243.1 15379136.0 5870113.3  50048.0 49982.9     96   13.655   0      0.000   13.655
221888.0 230464.0  0.0   96847.6 7223104.0 481094.6 15379136.0 5943104.2  50048.0 49985.6     97   14.095   0      0.000   14.095
221888.0 230464.0  0.0   96847.6 7223104.0 4210818.0 15379136.0 5943104.2  50048.0 49985.6     97   14.095   0      0.000   14.095
221888.0 223040.0 145320.9  0.0   7243456.0 844821.3 15379136.0 6035259.2  50048.0 49986.0     98   14.608   0      0.000   14.608
221888.0 223040.0 145320.9  0.0   7243456.0 5000564.3 15379136.0 6035259.2  50048.0 49986.2     98   14.608   0      0.000   14.608
221888.0 223040.0 145320.9 113975.0 7243456.0 7243456.0 15379136.0 6160416.9  50048.0 49986.2     99   14.608   0      0.000   14.608
212416.0 223040.0  0.0   115671.0 7243456.0 2888519.3 15379136.0 6186945.0  50048.0 49986.2     99   15.669   0      0.000   15.669
212416.0 223040.0  0.0   115671.0 7243456.0 7183943.8 15379136.0 6186945.0  50048.0 49986.2     99   15.669   0      0.000   15.669
212416.0 210048.0 135619.9  0.0   7267072.0 3617753.2 15379136.0 6297857.7  50048.0 49986.2    100   16.112   0      0.000   16.112
212416.0 210048.0 135619.9 21344.0 7267072.0 7267072.0 15379136.0 6348891.6  50048.0 49986.2    101   16.112   0      0.000   16.112
208384.0 210048.0  0.0   73248.1 7267072.0 1436525.9 15379136.0 6433365.6  50048.0 49986.2    101   17.905   0      0.000   17.905
208384.0 210048.0  0.0   73248.1 7267072.0 5551862.2 15379136.0 6433365.6  50048.0 49988.5    101   17.905   0      0.000   17.905
208384.0 203328.0 87627.5  0.0   7277824.0 2071320.3 15379136.0 6506605.7  50048.0 49988.7    102   18.407   0      0.000   18.407
208384.0 203328.0 87627.5  0.0   7277824.0 6998201.9 15379136.0 6506605.7  50048.0 49989.1    102   18.407   0      0.000   18.407
213248.0 162752.0  0.0   162690.7 7277824.0 3354457.8 15379136.0 6553445.7  50048.0 49993.4    103   18.942   0      0.000   18.942
213248.0 162752.0 73497.4 162690.7 7277824.0 7277824.0 15379136.0 6580294.1  50048.0 49995.6    104   18.942   0      0.000   18.942
213248.0 206528.0 98357.4  0.0   7269760.0 3254084.7 15379136.0 6593750.1  50048.0 49996.9    104   19.700   0      0.000   19.700
213248.0 206528.0 98357.4 32960.0 7269760.0 7269760.0 15379136.0 6630565.7  50048.0 49996.9    105   19.700   0      0.000   19.700
202624.0 206528.0  0.0   82900.8 7269760.0 3661517.4 15379136.0 6675464.7  50048.0 49998.7    105   20.254   0      0.000   20.254
202624.0 208128.0 25034.3  0.0   7273280.0 269331.0 15379136.0 6675520.7  50048.0 49999.1    106   20.314   0      0.000   20.314
202624.0 208128.0 25034.3  0.0   7273280.0 3906847.1 15379136.0 6675520.7  50048.0 49999.9    106   20.314   0      0.000   20.314
214976.0 256.0   0.0   224.0  7273280.0 491912.0 15379136.0 6700347.0  50048.0 49999.9    107   20.367   0      0.000   20.367
214976.0 256.0   0.0   224.0  7273280.0 4557148.0 15379136.0 6700347.0  50048.0 50000.4    107   20.367   0      0.000   20.367
214976.0 218368.0 288.0   0.0   7252800.0 1445210.2 15379136.0 6700395.0  50048.0 50000.4    108   20.422   0      0.000   20.422
218880.0 320.0   0.0   320.0  7252800.0 927998.7 15379136.0 6700467.0  50240.0 50076.7    109   20.504   0      0.000   20.504
218880.0 320.0   0.0   320.0  7252800.0 3650092.4 15379136.0 6700467.0  50240.0 50076.7    109   20.504   0      0.000   20.504
218880.0 320.0   0.0   320.0  7252800.0 4400879.8 15379136.0 6700467.0  50240.0 50076.7    109   20.504   0      0.000   20.504
218880.0 320.0   0.0   320.0  7252800.0 5418936.0 15379136.0 6700467.0  50240.0 50076.8    109   20.504   0      0.000   20.504
218880.0 320.0   0.0   320.0  7252800.0 5418982.3 15379136.0 6700467.0  50240.0 50076.8    109   20.504   0      0.000   20.504
218880.0 320.0   0.0   320.0  7252800.0 5419005.1 15379136.0 6700467.0  50240.0 50077.7    109   20.504   0      0.000   20.504
218880.0 320.0   0.0   320.0  7252800.0 5419026.1 15379136.0 6700467.0  50240.0 50078.1    109   20.504   0      0.000   20.504
218880.0 320.0   0.0   320.0  7252800.0 5419049.4 15379136.0 6700467.0  50240.0 50078.2    109   20.504   0      0.000   20.504
218880.0 320.0   0.0   320.0  7252800.0 6387284.8 15379136.0 6700467.0  50240.0 50083.7    109   20.504   0      0.000   20.504
206272.0 207296.0  0.0   192.0  7263360.0 3170496.2 15379136.0 6778924.5  50240.0 50083.7    111   21.240   0      0.000   21.240
206272.0 207296.0 206243.6 192.0  7263360.0 7263360.0 15379136.0 6858806.8  50240.0 50085.5    112   21.240   0      0.000   21.240
206272.0 274304.0 206243.6  0.0   7140928.0 3672865.4 15379136.0 6860366.8  50240.0 50088.2    112   22.412   0      0.000   22.412
291776.0 185536.0  0.0   185478.3 7140928.0 137581.0 15379136.0 7036299.1  50240.0 50091.2    113   22.909   0      0.000   22.909
291776.0 185536.0  0.0   185478.3 7140928.0 4997041.4 15379136.0 7036299.1  50240.0 50093.8    113   22.909   0      0.000   22.909
291776.0 311744.0 204187.7  0.0   7066048.0 273176.1 15379136.0 7236768.7  50240.0 50095.2    114   23.946   0      0.000   23.946
291776.0 311744.0 204187.7  0.0   7066048.0 4762050.2 15379136.0 7236768.7  50240.0 50095.7    114   23.946   0      0.000   23.946
294336.0 311744.0  0.0   116425.5 7066048.0 731010.9 15379136.0 7464916.9  50240.0 50097.0    115   24.702   0      0.000   24.702
294336.0 311744.0  0.0   116425.5 7066048.0 5211926.9 15379136.0 7464916.9  50240.0 50100.4    115   24.702   0      0.000   24.702
294336.0 277824.0 97562.1  0.0   7117376.0 1045190.5 15379136.0 7541933.3  50240.0 50100.4    116   25.428   0      0.000   25.428
294336.0 277824.0 97562.1  0.0   7117376.0 5096832.2 15379136.0 7541933.3  50240.0 50100.4    116   25.428   0      0.000   25.428
269632.0 277824.0  0.0   131791.9 7117376.0 1064043.4 15379136.0 7608829.0  50240.0 50100.4    117   26.070   0      0.000   26.070
269632.0 277824.0  0.0   131791.9 7117376.0 5010661.2 15379136.0 7608829.0  50240.0 50100.4    117   26.070   0      0.000   26.070
269632.0 260416.0 71072.1  0.0   7159488.0 679057.2 15379136.0 7710963.1  50240.0 50100.4    118   26.853   0      0.000   26.853
269632.0 260416.0 71072.1  0.0   7159488.0 4728010.8 15379136.0 7710963.1  50240.0 50100.4    118   26.853   0      0.000   26.853
269632.0 260416.0 71072.1 96083.1 7159488.0 7159488.0 15379136.0 7781067.1  50240.0 50100.6    119   26.853   0      0.000   26.853
246784.0 260416.0  0.0   96115.1 7159488.0 4072489.7 15379136.0 7782067.1  50240.0 50100.6    119   27.654   0      0.000   27.654
246784.0 260416.0 86569.6 96115.1 7159488.0 7159488.0 15379136.0 7864338.3  50240.0 50100.6    120   27.654   0      0.000   27.654
246784.0 235840.0 86601.6  0.0   7206912.0 3214603.5 15379136.0 7877130.3  50240.0 50101.4    120   28.410   0      0.000   28.410
246784.0 235840.0 86601.6  0.0   7206912.0 6860719.0 15379136.0 7877130.3  50240.0 50101.5    120   28.410   0      0.000   28.410
222976.0 235840.0  0.0   101708.7 7206912.0 1089951.1 15379136.0 7961611.9  50240.0 50102.0    121   29.578   0      0.000   29.578
222976.0 235840.0  0.0   101708.7 7206912.0 4079203.3 15379136.0 7961611.9  50240.0 50102.0    121   29.578   0      0.000   29.578
222976.0 235840.0  0.0   101708.7 7206912.0 5879207.7 15379136.0 7961611.9  50240.0 50102.0    121   29.578   0      0.000   29.578
222976.0 235840.0  0.0   101708.7 7206912.0 5963133.2 15379136.0 7961611.9  50240.0 50102.5    121   29.578   0      0.000   29.578
222976.0 235840.0  0.0   101708.7 7206912.0 5963154.0 15379136.0 7961611.9  50240.0 50102.7    121   29.578   0      0.000   29.578
222976.0 235840.0  0.0   101708.7 7206912.0 5963203.1 15379136.0 7961611.9  50240.0 50103.2    121   29.578   0      0.000   29.578
222976.0 235840.0  0.0   101708.7 7206912.0 5963224.0 15379136.0 7961611.9  50240.0 50103.2    121   29.578   0      0.000   29.578
222976.0 235840.0  0.0   101708.7 7206912.0 5963247.0 15379136.0 7961611.9  50240.0 50103.2    121   29.578   0      0.000   29.578
222976.0 235840.0  0.0   101708.7 7206912.0 5963265.9 15379136.0 7961611.9  50240.0 50103.2    121   29.578   0      0.000   29.578
222976.0 235840.0  0.0   101708.7 7206912.0 5963289.1 15379136.0 7961611.9  50240.0 50103.2    121   29.578   0      0.000   29.578
222976.0 235840.0  0.0   101708.7 7206912.0 5963334.9 15379136.0 7961611.9  50240.0 50104.3    121   29.578   0      0.000   29.578
222976.0 235840.0  0.0   101708.7 7206912.0 5963358.0 15379136.0 7961611.9  50240.0 50104.3    121   29.578   0      0.000   29.578
222976.0 235840.0  0.0   101708.7 7206912.0 5963379.0 15379136.0 7961611.9  50240.0 50104.3    121   29.578   0      0.000   29.578
222976.0 235840.0  0.0   101708.7 7206912.0 5963402.2 15379136.0 7961611.9  50240.0 50104.3    121   29.578   0      0.000   29.578
222976.0 235840.0  0.0   101708.7 7206912.0 5963423.4 15379136.0 7961611.9  50240.0 50104.3    121   29.578   0      0.000   29.578
222976.0 235840.0  0.0   101708.7 7206912.0 5963466.7 15379136.0 7961611.9  50240.0 50105.0    121   29.578   0      0.000   29.578
222976.0 235840.0  0.0   101708.7 7206912.0 5963489.7 15379136.0 7961611.9  50240.0 50105.3    121   29.578   0      0.000   29.578
222976.0 235840.0  0.0   101708.7 7206912.0 5963510.7 15379136.0 7961611.9  50240.0 50107.6    121   29.578   0      0.000   29.578
222976.0 235840.0 171034.8 101708.7 7206912.0 7206912.0 15379136.0 8034344.6  50240.0 50109.2    122   29.578   0      0.000   29.578
222976.0 250240.0 209415.3  0.0   7189056.0 3383472.5 15379136.0 8059216.6  50240.0 50109.3    122   30.748   0      0.000   30.748
222976.0 250240.0 209415.3  0.0   7189056.0 6920873.1 15379136.0 8059216.6  50240.0 50109.5    122   30.748   0      0.000   30.748
247296.0 250240.0  0.0   142911.5 7189056.0 1360502.5 15379136.0 8149700.0  50240.0 50109.5    123   32.014   0      0.000   32.014
247296.0 250240.0  0.0   142911.5 7189056.0 5309098.1 15379136.0 8149700.0  50240.0 50110.4    123   32.014   0      0.000   32.014
247296.0 280704.0 242343.3  0.0   7128128.0 1270630.7 15379136.0 8237502.2  50240.0 50110.4    124   32.575   0      0.000   32.575
247296.0 280704.0 242343.3  0.0   7128128.0 5127990.3 15379136.0 8237502.2  50240.0 50110.9    124   32.575   0      0.000   32.575
247296.0 280704.0 242343.3 35664.5 7128128.0 7128128.0 15379136.0 8500218.7  50240.0 50110.9    125   32.575   0      0.000   32.575
281536.0 35712.0  0.0   35664.5 7128128.0 3560545.5 15379136.0 8500218.7  50240.0 50110.9    125   34.108   0      0.000   34.108
281536.0 35712.0 25568.0 35664.5 7128128.0 7128128.0 15379136.0 8535699.2  50240.0 50111.4    126   34.108   0      0.000   34.108
281536.0 281408.0 25568.0  0.0   7126592.0 4360174.9 15379136.0 8535699.2  50240.0 50111.4    126   34.423   0      0.000   34.423
276864.0 281408.0  0.0   36885.8 7126592.0 1350479.4 15379136.0 8561147.3  50240.0 50112.5    127   34.514   0      0.000   34.514
276864.0 281408.0  0.0   36885.8 7126592.0 5540597.5 15379136.0 8561147.3  50240.0 50112.5    127   34.514   0      0.000   34.514
276864.0 270400.0 39153.0  0.0   7142272.0 2683727.3 15379136.0 8569363.3  50240.0 50112.5    128   34.619   0      0.000   34.619
276864.0 270400.0 39153.0  0.0   7142272.0 6298616.0 15379136.0 8569363.3  50240.0 50112.5    128   34.619   0      0.000   34.619
267328.0 270400.0  0.0   13024.2 7142272.0 3064316.8 15379136.0 8585212.2  50240.0 50112.5    129   34.851   0      0.000   34.851
267328.0 270400.0 256.0   0.0   7157760.0   0.0    15379136.0 8592386.0  50240.0 50112.5    130   34.925   0      0.000   34.925
267328.0 264448.0 256.0   0.0   7157760.0 3900096.2 15379136.0 8592386.0  50240.0 50114.3    130   34.925   0      0.000   34.925
259456.0 264448.0  0.0   288.0  7157760.0 672107.4 15379136.0 8592434.0  50240.0 50114.3    131   34.997   0      0.000   34.997
259456.0 264448.0  0.0   288.0  7157760.0 4637290.1 15379136.0 8592434.0  50240.0 50114.3    131   34.997   0      0.000   34.997
259456.0 252800.0 256.0   0.0   7177280.0 1633668.5 15379136.0 8592482.0  50240.0 50114.5    132   35.076   0      0.000   35.076
259456.0 252800.0 256.0   0.0   7177280.0 5557017.2 15379136.0 8592482.0  50240.0 50114.5    132   35.076   0      0.000   35.076
244928.0 252800.0  0.0   288.0  7177280.0 2029961.0 15379136.0 8592538.0  50240.0 50114.5    133   35.152   0      0.000   35.152
244928.0 252800.0  0.0   288.0  7177280.0 2409582.4 15379136.0 8592538.0  50240.0 50114.8    133   35.152   0      0.000   35.152
244928.0 252800.0  0.0   288.0  7177280.0 2409603.3 15379136.0 8592538.0  50240.0 50114.8    133   35.152   0      0.000   35.152
244928.0 252800.0  0.0   288.0  7177280.0 2409624.4 15379136.0 8592538.0  50240.0 50114.8    133   35.152   0      0.000   35.152
244928.0 252800.0  0.0   288.0  7177280.0 2409645.4 15379136.0 8592538.0  50240.0 50114.8    133   35.152   0      0.000   35.152
244928.0 252800.0  0.0   288.0  7177280.0 2409688.2 15379136.0 8592538.0  50240.0 50115.0    133   35.152   0      0.000   35.152
244928.0 252800.0  0.0   288.0  7177280.0 2409709.3 15379136.0 8592538.0  50240.0 50115.7    133   35.152   0      0.000   35.152
244928.0 252800.0  0.0   288.0  7177280.0 2409728.1 15379136.0 8592538.0  50240.0 50115.8    133   35.152   0      0.000   35.152
244928.0 252800.0  0.0   288.0  7177280.0 2409748.9 15379136.0 8592538.0  50240.0 50116.3    133   35.152   0      0.000   35.152
244928.0 252800.0  0.0   288.0  7177280.0 2409768.1 15379136.0 8592538.0  50240.0 50116.5    133   35.152   0      0.000   35.152
244928.0 252800.0  0.0   288.0  7177280.0 2409813.7 15379136.0 8592538.0  50240.0 50116.7    133   35.152   0      0.000   35.152
244928.0 252800.0  0.0   288.0  7177280.0 2409832.3 15379136.0 8592538.0  50240.0 50116.7    133   35.152   0      0.000   35.152
244928.0 252800.0  0.0   288.0  7177280.0 2409851.1 15379136.0 8592538.0  50240.0 50116.7    133   35.152   0      0.000   35.152
244928.0 252800.0  0.0   288.0  7177280.0 4029411.3 15379136.0 8592538.0  50240.0 50117.1    133   35.152   0      0.000   35.152
244928.0 252800.0 736.2  288.0  7177280.0 7177280.0 15379136.0 8592538.0  50240.0 50117.1    134   35.152   0      0.000   35.152
244928.0 255488.0 137246.1  0.0   7178560.0 3161530.4 15379136.0 8592586.0  50240.0 50117.1    134   35.245   0      0.000   35.245
244928.0 255488.0 137246.1  0.0   7178560.0 6450787.7 15379136.0 8592586.0  50240.0 50117.3    134   35.245   0      0.000   35.245
276736.0 174656.0  0.0   174635.3 7178560.0 2946572.6 15379136.0 8672023.5  50240.0 50117.7    135   35.491   0      0.000   35.491
276736.0 174656.0  0.0   174635.3 7178560.0 6741538.1 15379136.0 8672023.5  50240.0 50119.2    135   35.491   0      0.000   35.491
276736.0 308544.0 216864.7  0.0   7072448.0 1077032.6 15379136.0 8845066.8  50240.0 50119.2    136   36.847   0      0.000   36.847
276736.0 308544.0 216864.7  0.0   7072448.0 4951279.6 15379136.0 8845066.8  50240.0 50119.2    136   36.847   0      0.000   36.847
276736.0 308544.0 216864.7 80744.0 7072448.0 7072448.0 15379136.0 9041175.5  50240.0 50119.2    137   36.847   0      0.000   36.847
287104.0 308544.0  0.0   88936.1 7072448.0 1694891.7 15379136.0 9076564.8  50240.0 50119.2    137   39.212   0      0.000   39.212
287104.0 308544.0  0.0   88936.1 7072448.0 5813276.5 15379136.0 9076564.8  50240.0 50119.6    137   39.212   0      0.000   39.212
287104.0 298432.0 174415.5  0.0   7092672.0 2544852.5 15379136.0 9140172.9  50240.0 50119.7    138   39.612   0      0.000   39.612
287104.0 298432.0 174415.5  0.0   7092672.0 6245208.6 15379136.0 9140172.9  50240.0 50119.9    138   39.612   0      0.000   39.612
287104.0 298432.0 174415.5 27968.1 7092672.0 7092672.0 15379136.0 9205780.3  50240.0 50120.4    139   39.612   0      0.000   39.612
287104.0 298432.0 174415.5 50455.9 7092672.0 7092672.0 15379136.0 9260680.9  50240.0 50120.4    139   39.612   0      0.000   39.612
284800.0 298432.0  0.0   62199.9 7092672.0 1258720.8 15379136.0 9273856.9  50240.0 50120.6    139   44.794   0      0.000   44.794
284800.0 298432.0  0.0   62199.9 7092672.0 4953732.2 15379136.0 9273856.9  50240.0 50120.6    139   44.794   0      0.000   44.794
284800.0 298432.0  0.0   62199.9 7092672.0 7092672.0 15379136.0 9273856.9  50240.0 50120.6    139   44.794   0      0.000   44.794
284800.0 298432.0 52662.9 62199.9 7092672.0 7092672.0 15379136.0 9289728.8  50240.0 50120.6    140   44.794   0      0.000   44.794
284800.0 298432.0 95935.8 62199.9 7092672.0 7092672.0 15379136.0 9335534.5  50240.0 50120.6    140   44.794   0      0.000   44.794
284800.0 266048.0 95967.8  0.0   7138688.0 4228646.1 15379136.0 9335534.5  50240.0 50120.6    140   48.298   0      0.000   48.298
284800.0 266048.0 95967.8 46638.9 7138688.0 7138688.0 15379136.0 9361469.3  50240.0 50120.6    141   48.298   0      0.000   48.298
284800.0 266048.0 95967.8 90191.0 7138688.0 7138688.0 15379136.0 9407858.2  50240.0 50120.6    141   48.298   0      0.000   48.298
250432.0 266048.0  0.0   99279.0 7138688.0 1829651.0 15379136.0 9428330.2  50240.0 50120.6    141   52.009   0      0.000   52.009
250432.0 266048.0  0.0   99279.0 7138688.0 5664572.2 15379136.0 9428330.2  50240.0 50121.1    141   52.009   0      0.000   52.009
250432.0 266048.0 48005.6 99279.0 7138688.0 7138688.0 15379136.0 9451794.3  50240.0 50121.1    142   52.009   0      0.000   52.009
250432.0 235584.0 92315.8  0.0   7203520.0 1141136.6 15379136.0 9524537.2  50240.0 50121.1    142   54.851   0      0.000   54.851
250432.0 235584.0 92315.8  0.0   7203520.0 4967878.5 15379136.0 9524537.2  50240.0 50121.3    142   54.851   0      0.000   54.851
250432.0 235584.0 92315.8 66913.0 7203520.0 7203520.0 15379136.0 9560068.9  50240.0 50121.3    143   54.851   0      0.000   54.851
221824.0 235584.0  0.0   96241.6 7203520.0 1307421.9 15379136.0 9610612.9  50240.0 50121.3    143   57.116   0      0.000   57.116
221824.0 235584.0  0.0   96241.6 7203520.0 3934053.8 15379136.0 9610612.9  50240.0 50121.3    143   57.116   0      0.000   57.116
221824.0 235584.0  0.0   96241.6 7203520.0 5275277.0 15379136.0 9610612.9  50240.0 50121.3    143   57.116   0      0.000   57.116
221824.0 233024.0 159819.2  0.0   7223488.0 943223.4 15379136.0 9702750.5  50240.0 50122.1    144   57.329   0      0.000   57.329
221824.0 233024.0 159819.2  0.0   7223488.0 4807856.1 15379136.0 9702750.5  50240.0 50122.1    144   57.329   0      0.000   57.329
221824.0 233024.0 159819.2 227075.4 7223488.0 7223488.0 15379136.0 9840691.5  50240.0 50122.1    145   57.329   0      0.000   57.329
238912.0 227136.0  0.0   227075.4 7223488.0 138791.5 15379136.0 9853843.5  50240.0 50122.1    145   59.992   0      0.000   59.992
238912.0 227136.0  0.0   227075.4 7223488.0 4541332.9 15379136.0 9853843.5  50240.0 50122.1    145   59.992   0      0.000   59.992
238912.0 227136.0 54706.1 227075.4 7223488.0 7223488.0 15379136.0 9979907.0  50240.0 50122.3    146   59.992   0      0.000   59.992
238912.0 261184.0 54706.1  0.0   7167168.0 4077235.7 15379136.0 9982787.0  50240.0 50123.5    146   60.747   0      0.000   60.747
238912.0 261184.0 54706.1 15552.0 7167168.0 7167168.0 15379136.0 10016812.1 50240.0 50123.5    147   60.747   0      0.000   60.747
261696.0 15616.0  0.0   15552.0 7167168.0 4039707.2 15379136.0 10016876.1 50240.0 50123.8    147   61.277   0      0.000   61.277
261696.0 254080.0 48704.0  0.0   7173760.0 1004467.1 15379136.0 10032308.1 50240.0 50123.8    148   61.406   0      0.000   61.406
261696.0 254080.0 48704.0  0.0   7173760.0 4718575.2 15379136.0 10032308.1 50240.0 50124.0    148   61.406   0      0.000   61.406
249856.0 254080.0  0.0   24704.0 7173760.0 1965680.2 15379136.0 10048084.1 50240.0 50124.0    149   61.527   0      0.000   61.527
249856.0 254080.0  0.0   24704.0 7173760.0 6075343.8 15379136.0 10048084.1 50240.0 50124.4    149   61.527   0      0.000   61.527
249856.0 245760.0 15876.9  0.0   7193920.0 2905249.1 15379136.0 10064476.1 50240.0 50124.4    150   61.894   0      0.000   61.894
249856.0 245760.0 15876.9  0.0   7193920.0 6925158.2 15379136.0 10064476.1 50240.0 50124.5    150   61.894   0      0.000   61.894
236928.0 245760.0  0.0   34626.5 7193920.0 3893464.4 15379136.0 10085718.1 50240.0 50124.7    151   61.986   0      0.000   61.986
236928.0 225024.0 50680.5  0.0   7227584.0 855730.2 15379136.0 10120126.4 50240.0 50124.7    152   62.068   0      0.000   62.068
236928.0 225024.0 50680.5  0.0   7227584.0 4905101.0 15379136.0 10120126.4 50240.0 50124.7    152   62.068   0      0.000   62.068
222208.0 225024.0  0.0   288.0  7227584.0 1811533.8 15379136.0 10170611.0 50240.0 50124.7    153   62.158   0      0.000   62.158
222208.0 225024.0  0.0   288.0  7227584.0 5875762.4 15379136.0 10170611.0 50240.0 50124.7    153   62.158   0      0.000   62.158
222208.0 217664.0 320.0   0.0   7249664.0 2472978.2 15379136.0 10170683.0 50240.0 50124.7    154   62.249   0      0.000   62.249
222208.0 217664.0 320.0   0.0   7249664.0 6342744.9 15379136.0 10170683.0 50240.0 50124.7    154   62.249   0      0.000   62.249
211840.0 217664.0  0.0   224.0  7249664.0 3087592.6 15379136.0 10170731.0 50240.0 50124.7    155   62.335   0      0.000   62.335
211840.0 217664.0  0.0   224.0  7249664.0 6173766.2 15379136.0 10170731.0 50240.0 50124.7    155   62.335   0      0.000   62.335
211840.0 217664.0  0.0   224.0  7249664.0 6473857.8 15379136.0 10170731.0 50240.0 50124.7    155   62.335   0      0.000   62.335
211840.0 217664.0  0.0   224.0  7249664.0 6473941.3 15379136.0 10170731.0 50240.0 50124.7    155   62.335   0      0.000   62.335
211840.0 217664.0  0.0   224.0  7249664.0 6473955.9 15379136.0 10170731.0 50240.0 50124.7    155   62.335   0      0.000   62.335
211840.0 217664.0  0.0   224.0  7249664.0 6473966.2 15379136.0 10170731.0 50240.0 50124.7    155   62.335   0      0.000   62.335
211840.0 217664.0  0.0   224.0  7249664.0 6473994.3 15379136.0 10170731.0 50240.0 50124.7    155   62.335   0      0.000   62.335
211840.0 217664.0  0.0   224.0  7249664.0 6474004.6 15379136.0 10170731.0 50240.0 50124.7    155   62.335   0      0.000   62.335
211840.0 217664.0  0.0   224.0  7249664.0 6474034.8 15379136.0 10170731.0 50240.0 50124.7    155   62.335   0      0.000   62.335
211840.0 217664.0  0.0   224.0  7249664.0 6474047.2 15379136.0 10170731.0 50240.0 50124.7    155   62.335   0      0.000   62.335
211840.0 217664.0  0.0   224.0  7249664.0 6474057.6 15379136.0 10170731.0 50240.0 50124.7    155   62.335   0      0.000   62.335
211840.0 204480.0 76214.5  0.0   7273216.0 121248.7 15379136.0 10170755.0 50240.0 50124.7    156   62.419   0      0.000   62.419
211840.0 204480.0 76214.5  0.0   7273216.0 515274.6 15379136.0 10170755.0 50240.0 50124.7    156   62.419   0      0.000   62.419
211840.0 204480.0 76214.5  0.0   7273216.0 2501732.4 15379136.0 10170755.0 50240.0 50124.7    156   62.419   0      0.000   62.419
211840.0 204480.0 76214.5  0.0   7273216.0 5902208.1 15379136.0 10170755.0 50240.0 50124.7    156   62.419   0      0.000   62.419
211840.0 204480.0  0.0   204458.2 7273216.0   0.0    15379136.0 10232055.1 50240.0 50124.7    157   63.599   0      0.000   63.599
211840.0 204480.0  0.0   204458.2 7273216.0 3967460.5 15379136.0 10232055.1 50240.0 50124.7    157   63.599   0      0.000   63.599
211840.0 204480.0 9248.0 204458.2 7273216.0 7273216.0 15379136.0 10257519.6 50240.0 50124.7    158   63.599   0      0.000   63.599
211840.0 249280.0 70816.2  0.0   7190976.0 1498713.2 15379136.0 10429369.5 50240.0 50124.7    158   65.397   0      0.000   65.397
211840.0 249280.0 70816.2  0.0   7190976.0 5278416.9 15379136.0 10429369.5 50240.0 50124.9    158   65.397   0      0.000   65.397
232128.0 249280.0  0.0   75072.1 7190976.0 1151714.6 15379136.0 10488969.5 50240.0 50124.9    159   65.963   0      0.000   65.963
232128.0 249280.0  0.0   75072.1 7190976.0 4935232.2 15379136.0 10488969.5 50240.0 50124.9    159   65.963   0      0.000   65.963
232128.0 216768.0 74240.1  0.0   7240640.0 289122.1 15379136.0 10559865.6 50240.0 50124.9    160   66.601   0      0.000   66.601
232128.0 216768.0 74240.1  0.0   7240640.0 4278903.5 15379136.0 10559865.6 50240.0 50124.9    160   66.601   0      0.000   66.601
232128.0 216768.0 74240.1 81326.5 7240640.0 7240640.0 15379136.0 10629129.7 50240.0 50124.9    161   66.601   0      0.000   66.601
204800.0 216768.0  0.0   81390.5 7240640.0 4130120.1 15379136.0 10634089.7 50240.0 50125.6    161   67.408   0      0.000   67.408
204800.0 216768.0 101621.8 81390.5 7240640.0 7240640.0 15379136.0 10680345.7 50240.0 50125.6    162   67.408   0      0.000   67.408
204800.0 204032.0 108981.8  0.0   7280704.0 2870060.2 15379136.0 10695257.7 50240.0 50125.9    162   68.601   0      0.000   68.601
204800.0 204032.0 108981.8  0.0   7280704.0 6311176.1 15379136.0 10695257.7 50240.0 50125.9    162   68.601   0      0.000   68.601
193088.0 204032.0  0.0   83672.6 7280704.0 1017376.9 15379136.0 10783865.8 50240.0 50125.9    163   69.853   0      0.000   69.853
193088.0 204032.0  0.0   83672.6 7280704.0 5175916.1 15379136.0 10783865.8 50240.0 50125.9    163   69.853   0      0.000   69.853
193088.0 202432.0 135871.0  0.0   7284672.0 626013.6 15379136.0 10865442.4 50240.0 50125.9    164   70.214   0      0.000   70.214
193088.0 202432.0 135871.0  0.0   7284672.0 1719433.9 15379136.0 10865442.4 50240.0 50125.9    164   70.214   0      0.000   70.214
193088.0 202432.0 135871.0  0.0   7284672.0 1719455.0 15379136.0 10865442.4 50240.0 50126.5    164   70.214   0      0.000   70.214
193088.0 202432.0 135871.0  0.0   7284672.0 1719478.2 15379136.0 10865442.4 50240.0 50126.7    164   70.214   0      0.000   70.214
193088.0 202432.0 135871.0  0.0   7284672.0 1719495.1 15379136.0 10865442.4 50240.0 50126.7    164   70.214   0      0.000   70.214
193088.0 202432.0 135871.0  0.0   7284672.0 1719516.0 15379136.0 10865442.4 50240.0 50126.7    164   70.214   0      0.000   70.214
193088.0 202432.0 135871.0  0.0   7284672.0 1719563.0 15379136.0 10865442.4 50240.0 50126.7    164   70.214   0      0.000   70.214
193088.0 202432.0 135871.0  0.0   7284672.0 1719583.9 15379136.0 10865442.4 50240.0 50126.7    164   70.214   0      0.000   70.214
193088.0 202432.0 135871.0  0.0   7284672.0 1719602.9 15379136.0 10865442.4 50240.0 50126.7    164   70.214   0      0.000   70.214
193088.0 202432.0 135871.0  0.0   7284672.0 1719621.7 15379136.0 10865442.4 50240.0 50127.7    164   70.214   0      0.000   70.214
193088.0 202432.0 135871.0  0.0   7284672.0 1719640.5 15379136.0 10865442.4 50240.0 50127.7    164   70.214   0      0.000   70.214
193088.0 202432.0 135871.0  0.0   7284672.0 1719685.2 15379136.0 10865442.4 50240.0 50127.7    164   70.214   0      0.000   70.214
193088.0 202432.0 135871.0  0.0   7284672.0 1719702.1 15379136.0 10865442.4 50240.0 50127.7    164   70.214   0      0.000   70.214
193088.0 202432.0 135871.0  0.0   7284672.0 1719721.1 15379136.0 10865442.4 50240.0 50127.7    164   70.214   0      0.000   70.214
193088.0 202432.0 135871.0  0.0   7284672.0 1719744.3 15379136.0 10865442.4 50240.0 50127.7    164   70.214   0      0.000   70.214
193088.0 202432.0 135871.0  0.0   7284672.0 1719763.1 15379136.0 10865442.4 50240.0 50127.7    164   70.214   0      0.000   70.214
193088.0 202432.0 135871.0  0.0   7284672.0 1719825.2 15379136.0 10865442.4 50240.0 50127.7    164   70.214   0      0.000   70.214
193088.0 202432.0 135871.0  0.0   7284672.0 1719846.4 15379136.0 10865442.4 50240.0 50127.7    164   70.214   0      0.000   70.214
193088.0 202432.0 135871.0  0.0   7284672.0 1798736.0 15379136.0 10865442.4 50240.0 50127.7    164   70.214   0      0.000   70.214
193088.0 202432.0 135871.0  0.0   7284672.0 5250811.6 15379136.0 10865442.4 50240.0 50129.6    164   70.214   0      0.000   70.214
193088.0 202432.0 135871.0 201351.3 7284672.0 7284672.0 15379136.0 10938446.5 50240.0 50129.6    165   70.214   0      0.000   70.214
193088.0 202432.0 135871.0 201383.3 7284672.0 7284672.0 15379136.0 10971142.4 50240.0 50129.6    165   70.214   0      0.000   70.214
203392.0 201472.0  0.0   201415.3 7284672.0 3180441.7 15379136.0 10975726.4 50240.0 50129.6    165   72.825   0      0.000   72.825
203392.0 201472.0  0.0   201415.3 7284672.0 3307520.2 15379136.0 10975726.4 50240.0 50129.6    165   72.825   0      0.000   72.825
203392.0 201472.0  0.0   201415.3 7284672.0 7153213.9 15379136.0 10975726.4 50240.0 50129.6    165   72.825   0      0.000   72.825
203392.0 220096.0 96512.1  0.0   7249344.0 3493954.1 15379136.0 11078512.7 50240.0 50129.6    166   73.071   0      0.000   73.071
203392.0 220096.0 96512.1  0.0   7249344.0 7249344.0 15379136.0 11078512.7 50240.0 50129.6    166   73.071   0      0.000   73.071
218624.0 220096.0  0.0   33344.1 7249344.0 1865480.4 15379136.0 11166776.8 50240.0 50129.6    167   74.542   0      0.000   74.542
218624.0 220096.0  0.0   33344.1 7249344.0 5734604.3 15379136.0 11166776.8 50240.0 50129.6    167   74.542   0      0.000   74.542
218624.0 218240.0 17856.0  0.0   7252672.0 2243395.3 15379136.0 11199992.9 50240.0 50129.6    168   74.830   0      0.000   74.830
218624.0 218240.0 17856.0  0.0   7252672.0 6586930.6 15379136.0 11199992.9 50240.0 50129.9    168   74.830   0      0.000   74.830
209152.0 218240.0  0.0   57771.5 7252672.0 3421413.4 15379136.0 11217752.9 50240.0 50129.9    169   75.010   0      0.000   75.010
209152.0 218240.0  0.0   57771.5 7252672.0 7252672.0 15379136.0 11217752.9 50240.0 50129.9    169   75.010   0      0.000   75.010
209152.0 201024.0 53056.1  0.0   7279360.0 4115947.0 15379136.0 11234704.9 50240.0 50129.9    170   75.142   0      0.000   75.142
209152.0 201024.0 53056.1 9492.4 7279360.0 7279360.0 15379136.0 11280384.9 50240.0 50130.2    171   75.142   0      0.000   75.142
197824.0 201024.0  0.0   24692.4 7279360.0 1933933.6 15379136.0 11287664.9 50240.0 50130.4    171   76.368   0      0.000   76.368
197824.0 201024.0  0.0   24692.4 7279360.0 5485587.8 15379136.0 11287664.9 50240.0 50130.4    171   76.368   0      0.000   76.368
197824.0 201024.0 73775.8 24692.4 7279360.0 7279360.0 15379136.0 11312259.0 50240.0 50130.4    172   76.368   0      0.000   76.368
197824.0 185728.0 73807.8  0.0   7305984.0 4076663.9 15379136.0 11312259.0 50240.0 50130.4    172   77.559   0      0.000   77.559
178112.0 185728.0  0.0   51169.8 7305984.0 559241.3 15379136.0 11397114.7 50240.0 50130.4    173   77.725   0      0.000   77.725
178112.0 185728.0  0.0   51169.8 7305984.0 4087347.0 15379136.0 11397114.7 50240.0 50130.4    173   77.725   0      0.000   77.725
178112.0 185728.0  64.0  51169.8 7305984.0 7305984.0 15379136.0 11422446.4 50240.0 50130.4    174   77.725   0      0.000   77.725
178112.0 179328.0 320.0   0.0   7330880.0 3808183.3 15379136.0 11448084.5 50240.0 50130.4    174   77.941   0      0.000   77.941
178560.0 179328.0  0.0   320.0  7330880.0   0.0    15379136.0 11448156.5 50240.0 50130.4    175   78.050   0      0.000   78.050
178560.0 179328.0  0.0   320.0  7330880.0 3436826.0 15379136.0 11448156.5 50240.0 50130.5    175   78.050   0      0.000   78.050
178560.0 179328.0  0.0   320.0  7330880.0 6011545.7 15379136.0 11448156.5 50240.0 50130.5    175   78.050   0      0.000   78.050
178560.0 176128.0 288.0   0.0   7334848.0 692919.4 15379136.0 11448196.5 50240.0 50130.5    176   78.140   0      0.000   78.140
178560.0 176128.0 288.0   0.0   7334848.0 1212453.6 15379136.0 11448196.5 50240.0 50130.5    176   78.140   0      0.000   78.140
178560.0 176128.0 288.0   0.0   7334848.0 1212472.0 15379136.0 11448196.5 50240.0 50130.5    176   78.140   0      0.000   78.140
178560.0 176128.0 288.0   0.0   7334848.0 1212484.5 15379136.0 11448196.5 50240.0 50130.5    176   78.140   0      0.000   78.140
178560.0 176128.0 288.0   0.0   7334848.0 1212499.1 15379136.0 11448196.5 50240.0 50130.5    176   78.140   0      0.000   78.140
178560.0 176128.0 288.0   0.0   7334848.0 1212563.1 15379136.0 11448196.5 50240.0 50130.5    176   78.140   0      0.000   78.140
178560.0 176128.0 288.0   0.0   7334848.0 1212575.5 15379136.0 11448196.5 50240.0 50130.5    176   78.140   0      0.000   78.140
178560.0 176128.0 288.0   0.0   7334848.0 2235446.6 15379136.0 11448196.5 50432.0 50315.6    176   78.140   0      0.000   78.140
178560.0 176128.0 288.0   0.0   7334848.0 4902358.9 15379136.0 11448196.5 50624.0 50508.5    176   78.140   0      0.000   78.140
168832.0 176128.0  0.0   65631.7 7334848.0 703808.6 15379136.0 11448260.5 50624.0 50508.5    177   78.252   0      0.000   78.252
168832.0 176128.0  0.0   65631.7 7334848.0 4485255.3 15379136.0 11448260.5 50624.0 50511.5    177   78.252   0      0.000   78.252
168832.0 162752.0 20779.2  0.0   7357952.0 745770.5 15379136.0 11513508.7 50624.0 50511.5    178   78.400   0      0.000   78.400
168832.0 162752.0 20779.2  0.0   7357952.0 4061190.6 15379136.0 11513508.7 50624.0 50511.8    178   78.400   0      0.000   78.400
156480.0 162752.0  0.0   20455.9 7357952.0 686761.4 15379136.0 11534223.9 50624.0 50511.9    179   78.507   0      0.000   78.507
156480.0 162752.0  0.0   20455.9 7357952.0 4399726.9 15379136.0 11534223.9 50624.0 50512.1    179   78.507   0      0.000   78.507
156480.0 149248.0 57052.9  0.0   7383808.0 820528.2 15379136.0 11534295.9 50624.0 50512.1    180   78.615   0      0.000   78.615
156480.0 149248.0 57052.9  0.0   7383808.0 4333658.9 15379136.0 11534295.9 50624.0 50512.1    180   78.615   0      0.000   78.615
143744.0 149248.0  0.0   20629.7 7383808.0 527368.3 15379136.0 11534367.9 50624.0 50512.1    181   78.715   0      0.000   78.715
143744.0 149248.0  0.0   20629.7 7383808.0 4201362.8 15379136.0 11534367.9 50624.0 50512.1    181   78.715   0      0.000   78.715
143744.0 141504.0 320.0   0.0   7404288.0 478517.6 15379136.0 11534431.9 50624.0 50512.1    182   78.805   0      0.000   78.805
143744.0 141504.0 320.0   0.0   7404288.0 4211504.8 15379136.0 11534431.9 50624.0 50512.1    182   78.805   0      0.000   78.805
138304.0 141504.0  0.0   288.0  7404288.0 842316.3 15379136.0 11534471.9 50624.0 50512.1    183   78.916   0      0.000   78.916
138304.0 141504.0  0.0   288.0  7404288.0 4659239.7 15379136.0 11534471.9 50624.0 50512.1    183   78.916   0      0.000   78.916
138304.0 134272.0 738.3   0.0   7416960.0 830659.6 15379136.0 11534527.9 50816.0 50676.3    184   79.006   0      0.000   79.006
138304.0 134272.0 738.3   0.0   7416960.0 3902287.3 15379136.0 11534527.9 50816.0 50677.6    184   79.006   0      0.000   79.006
138304.0 134272.0 738.3   0.0   7416960.0 3995224.2 15379136.0 11534527.9 50816.0 50685.4    184   79.006   0      0.000   79.006
138304.0 134272.0 738.3   0.0   7416960.0 3995242.8 15379136.0 11534527.9 50816.0 50685.4    184   79.006   0      0.000   79.006
138304.0 134272.0 738.3   0.0   7416960.0 3995265.4 15379136.0 11534527.9 50816.0 50685.4    184   79.006   0      0.000   79.006
138304.0 134272.0 738.3   0.0   7416960.0 3995283.9 15379136.0 11534527.9 50816.0 50685.4    184   79.006   0      0.000   79.006
138304.0 134272.0 738.3   0.0   7416960.0 4070957.5 15379136.0 11534527.9 50816.0 50685.4    184   79.006   0      0.000   79.006
138304.0 134272.0 738.3   0.0   7416960.0 4071003.0 15379136.0 11534527.9 50816.0 50685.4    184   79.006   0      0.000   79.006
138304.0 134272.0 738.3   0.0   7416960.0 4071023.6 15379136.0 11534527.9 50816.0 50685.5    184   79.006   0      0.000   79.006
138304.0 134272.0 738.3   0.0   7416960.0 4071042.1 15379136.0 11534527.9 50816.0 50685.5    184   79.006   0      0.000   79.006
138304.0 134272.0 738.3   0.0   7416960.0 4071060.6 15379136.0 11534527.9 50816.0 50685.5    184   79.006   0      0.000   79.006
138304.0 134272.0 738.3   0.0   7416960.0 4071081.1 15379136.0 11534527.9 50816.0 50685.5    184   79.006   0      0.000   79.006
138304.0 134272.0 738.3   0.0   7416960.0 4071120.8 15379136.0 11534527.9 50816.0 50685.5    184   79.006   0      0.000   79.006
138304.0 134272.0 738.3   0.0   7416960.0 4071143.4 15379136.0 11534527.9 50816.0 50685.5    184   79.006   0      0.000   79.006
138304.0 134272.0 738.3   0.0   7416960.0 4071161.9 15379136.0 11534527.9 50816.0 50685.5    184   79.006   0      0.000   79.006
138304.0 134272.0 738.3   0.0   7416960.0 4094150.0 15379136.0 11534527.9 51200.0 51026.5    184   79.006   0      0.000   79.006
138304.0 134272.0 738.3   0.0   7416960.0 7414380.7 15379136.0 11534527.9 51200.0 51119.0    184   79.006   0      0.000   79.006
146368.0 126208.0  0.0   126167.0 7416960.0 3227052.7 15379136.0 11575640.3 51200.0 51119.0    185   79.176   0      0.000   79.176
146368.0 126208.0  0.0   126167.0 7416960.0 7091971.3 15379136.0 11575640.3 51200.0 51119.1    185   79.176   0      0.000   79.176
146368.0 161664.0 82058.8  0.0   7366208.0 3532886.5 15379136.0 11579592.5 51200.0 51119.1    186   79.265   0      0.000   79.265
146368.0 161664.0 82058.8  0.0   7366208.0 7081205.2 15379136.0 11579592.5 51200.0 51119.1    186   79.265   0      0.000   79.265
157952.0 161664.0  0.0   320.0  7366208.0 3141844.3 15379136.0 11661615.4 51200.0 51119.1    187   79.778   0      0.000   79.778
157952.0 161664.0  0.0   320.0  7366208.0 6834976.5 15379136.0 11661615.4 51200.0 51119.1    187   79.778   0      0.000   79.778
157952.0 153408.0 256.0   0.0   7378176.0 3477882.0 15379136.0 11661671.4 51200.0 51119.1    188   79.871   0      0.000   79.871
143040.0 153408.0  0.0   41003.5 7378176.0   0.0    15379136.0 11661727.4 51200.0 51119.1    189   79.982   0      0.000   79.982
143040.0 153408.0  0.0   41003.5 7378176.0 3882353.7 15379136.0 11661727.4 51200.0 51119.1    189   79.982   0      0.000   79.982
143040.0 138944.0 192.0   0.0   7407552.0 462876.1 15379136.0 11661767.4 51200.0 51119.1    190   80.093   0      0.000   80.093
143040.0 138944.0 192.0   0.0   7407552.0 4480300.1 15379136.0 11661767.4 51200.0 51119.1    190   80.093   0      0.000   80.093
134144.0 138944.0  0.0   49408.0 7407552.0 1056688.3 15379136.0 11661823.4 51200.0 51119.1    191   80.198   0      0.000   80.198
134144.0 138944.0  0.0   49408.0 7407552.0 4622068.1 15379136.0 11661823.4 51200.0 51127.3    191   80.198   0      0.000   80.198
134144.0 130304.0 320.0   0.0   7425088.0 804380.5 15379136.0 11661895.4 51200.0 51127.3    192   80.311   0      0.000   80.311
134144.0 130304.0 320.0   0.0   7425088.0 3554703.4 15379136.0 11661895.4 51200.0 51127.3    192   80.311   0      0.000   80.311
134144.0 130304.0 320.0   0.0   7425088.0 5462981.0 15379136.0 11661895.4 51200.0 51127.3    192   80.311   0      0.000   80.311
134144.0 130304.0 320.0   0.0   7425088.0 5697737.7 15379136.0 11661895.4 51200.0 51127.3    192   80.311   0      0.000   80.311
134144.0 130304.0 320.0   0.0   7425088.0 5697760.4 15379136.0 11661895.4 51200.0 51127.3    192   80.311   0      0.000   80.311
134144.0 130304.0 320.0   0.0   7425088.0 5697781.1 15379136.0 11661895.4 51200.0 51127.3    192   80.311   0      0.000   80.311
134144.0 130304.0 320.0   0.0   7425088.0 5697801.6 15379136.0 11661895.4 51200.0 51127.3    192   80.311   0      0.000   80.311
134144.0 130304.0 320.0   0.0   7425088.0 5697843.6 15379136.0 11661895.4 51200.0 51127.3    192   80.311   0      0.000   80.311
134144.0 130304.0 320.0   0.0   7425088.0 5697864.2 15379136.0 11661895.4 51200.0 51127.3    192   80.311   0      0.000   80.311
134144.0 130304.0 320.0   0.0   7425088.0 5697882.7 15379136.0 11661895.4 51200.0 51127.3    192   80.311   0      0.000   80.311
134144.0 130304.0 320.0   0.0   7425088.0 5697903.3 15379136.0 11661895.4 51200.0 51127.3    192   80.311   0      0.000   80.311
134144.0 130304.0 320.0   0.0   7425088.0 5697923.8 15379136.0 11661895.4 51200.0 51127.3    192   80.311   0      0.000   80.311
134144.0 130304.0 320.0   0.0   7425088.0 5697968.6 15379136.0 11661895.4 51200.0 51127.3    192   80.311   0      0.000   80.311
134144.0 130304.0 320.0   0.0   7425088.0 5697989.2 15379136.0 11661895.4 51200.0 51127.3    192   80.311   0      0.000   80.311
134144.0 130304.0 320.0   0.0   7425088.0 5769782.5 15379136.0 11661895.4 51200.0 51130.9    192   80.311   0      0.000   80.311
137728.0 126720.0  0.0   126687.7 7425088.0 324267.3 15379136.0 11661959.4 51200.0 51142.9    193   80.421   0      0.000   80.421
137728.0 126720.0  0.0   126687.7 7425088.0 3615737.4 15379136.0 11661959.4 51200.0 51142.9    193   80.421   0      0.000   80.421
137728.0 144128.0 41639.1  0.0   7401280.0 314022.3 15379136.0 11665893.5 51200.0 51143.8    194   80.531   0      0.000   80.531
137728.0 144128.0 41639.1  0.0   7401280.0 4254252.1 15379136.0 11665893.5 51200.0 51143.8    194   80.531   0      0.000   80.531
140928.0 144128.0  0.0   192.0  7401280.0 609331.7 15379136.0 11707512.7 51200.0 51143.8    195   80.642   0      0.000   80.642
140928.0 144128.0  0.0   192.0  7401280.0 5020038.1 15379136.0 11707512.7 51200.0 51143.8    195   80.642   0      0.000   80.642
140928.0 133376.0 20875.1  0.0   7415232.0 1230269.3 15379136.0 11707588.7 51200.0 51143.8    196   80.732   0      0.000   80.732
140928.0 133376.0 20875.1  0.0   7415232.0 5126622.4 15379136.0 11707588.7 51200.0 51144.3    196   80.732   0      0.000   80.732
126208.0 133376.0  0.0   20661.7 7415232.0 1396966.2 15379136.0 11728263.9 51200.0 51144.3    197   80.831   0      0.000   80.831
126208.0 133376.0  0.0   20661.7 7415232.0 5517654.0 15379136.0 11728263.9 51200.0 51144.3    197   80.831   0      0.000   80.831
126208.0 122816.0 256.0   0.0   7440512.0 1989380.3 15379136.0 11728327.9 51200.0 51144.3    198   80.942   0      0.000   80.942
126208.0 122816.0 256.0   0.0   7440512.0 5950077.2 15379136.0 11728327.9 51200.0 51144.3    198   80.942   0      0.000   80.942
118784.0 122816.0  0.0   288.0  7440512.0 2450001.4 15379136.0 11728375.9 51200.0 51144.3    199   81.035   0      0.000   81.035
118784.0 122816.0  0.0   288.0  7440512.0 6266586.4 15379136.0 11728375.9 51200.0 51144.3    199   81.035   0      0.000   81.035
118784.0 114240.0 1216.1  0.0   7456512.0 2741925.3 15379136.0 11728447.9 51200.0 51145.2    200   81.125   0      0.000   81.125
118784.0 114240.0 1216.1  0.0   7456512.0 6874186.4 15379136.0 11728447.9 51200.0 51145.2    200   81.125   0      0.000   81.125
109568.0 114240.0  0.0   288.0  7456512.0 3251078.2 15379136.0 11729466.5 51200.0 51145.2    201   81.235   0      0.000   81.235
109568.0 114240.0  0.0   288.0  7456512.0 7121122.0 15379136.0 11729466.5 51200.0 51145.2    201   81.235   0      0.000   81.235
109568.0 104704.0 288.0   0.0   7475264.0 3126941.3 15379136.0 11729530.5 51200.0 51145.2    202   81.344   0      0.000   81.344
109568.0 104704.0 288.0   0.0   7475264.0 5638758.5 15379136.0 11729530.5 51200.0 51145.4    202   81.344   0      0.000   81.344
109568.0 104704.0 288.0   0.0   7475264.0 5638779.0 15379136.0 11729530.5 51200.0 51145.4    202   81.344   0      0.000   81.344
109568.0 104704.0 288.0   0.0   7475264.0 5638799.6 15379136.0 11729530.5 51200.0 51145.4    202   81.344   0      0.000   81.344
109568.0 104704.0 288.0   0.0   7475264.0 5809309.5 15379136.0 11729530.5 51200.0 51147.9    202   81.344   0      0.000   81.344
120448.0 85824.0  0.0   85785.2 7475264.0 565224.7 15379136.0 11729602.5 51200.0 51147.9    203   81.435   0      0.000   81.435
120448.0 85824.0  0.0   85785.2 7475264.0 4157734.8 15379136.0 11729602.5 51200.0 51147.9    203   81.435   0      0.000   81.435
120448.0 124032.0 62020.4  0.0   7441472.0 310412.9 15379136.0 11753826.1 51200.0 51147.9    204   81.546   0      0.000   81.546
120448.0 124032.0 62020.4  0.0   7441472.0 3976580.8 15379136.0 11753826.1 51200.0 51147.9    204   81.546   0      0.000   81.546
120448.0 124032.0 62020.4  0.0   7441472.0 7396772.5 15379136.0 11753826.1 51200.0 51147.9    204   81.546   0      0.000   81.546
119808.0 124032.0  0.0   320.0  7441472.0 3513764.7 15379136.0 11815826.7 51200.0 51149.1    205   82.001   0      0.000   82.001
119808.0 124032.0  32.0  320.0  7441472.0 7441472.0 15379136.0 11815834.7 51200.0 51149.1    206   82.001   0      0.000   82.001
119808.0 115200.0 288.0   0.0   7454528.0 4373026.8 15379136.0 11815882.7 51200.0 51149.1    206   82.104   0      0.000   82.104
112192.0 115200.0  0.0   41035.5 7454528.0 1046874.5 15379136.0 11815906.7 51200.0 51149.1    207   82.212   0      0.000   82.212
112192.0 115200.0  0.0   41035.5 7454528.0 5094984.0 15379136.0 11815906.7 51200.0 51149.1    207   82.212   0      0.000   82.212
112192.0 108032.0 256.0   0.0   7469312.0 1090384.2 15379136.0 11856710.1 51200.0 51149.1    208   82.528   0      0.000   82.528
112192.0 108032.0 256.0   0.0   7469312.0 5031466.2 15379136.0 11856710.1 51200.0 51149.1    208   82.528   0      0.000   82.528
103616.0 108032.0  0.0   320.0  7469312.0 1590039.0 15379136.0 11856774.1 51200.0 51149.1    209   82.618   0      0.000   82.618
103616.0 108032.0  0.0   320.0  7469312.0 5479151.6 15379136.0 11856774.1 51200.0 51149.1    209   82.618   0      0.000   82.618
103616.0 97600.0 8512.0  0.0   7488320.0 2187523.4 15379136.0 11856830.1 51200.0 51149.3    210   82.712   0      0.000   82.712
103616.0 97600.0 8512.0  0.0   7488320.0 5455304.3 15379136.0 11856830.1 51200.0 51149.3    210   82.712   0      0.000   82.712
103616.0 97600.0 8512.0  0.0   7488320.0 6488360.7 15379136.0 11856830.1 51200.0 51149.3    210   82.712   0      0.000   82.712
103616.0 97600.0 8512.0  0.0   7488320.0 6488389.6 15379136.0 11856830.1 51200.0 51149.3    210   82.712   0      0.000   82.712
103616.0 97600.0 8512.0  0.0   7488320.0 6488412.3 15379136.0 11856830.1 51200.0 51149.3    210   82.712   0      0.000   82.712
103616.0 97600.0 8512.0  0.0   7488320.0 6488457.1 15379136.0 11856830.1 51200.0 51149.3    210   82.712   0      0.000   82.712
103616.0 97600.0 8512.0  0.0   7488320.0 6488477.7 15379136.0 11856830.1 51200.0 51149.3    210   82.712   0      0.000   82.712
103616.0 97600.0 8512.0  0.0   7488320.0 6488496.2 15379136.0 11856830.1 51200.0 51149.3    210   82.712   0      0.000   82.712
103616.0 97600.0 8512.0  0.0   7488320.0 6488516.7 15379136.0 11856830.1 51200.0 51149.3    210   82.712   0      0.000   82.712
103616.0 97600.0 8512.0  0.0   7488320.0 6488535.2 15379136.0 11856830.1 51200.0 51149.3    210   82.712   0      0.000   82.712
103616.0 97600.0 8512.0  0.0   7488320.0 7171724.6 15379136.0 11856830.1 51200.0 51152.7    210   82.712   0      0.000   82.712
114048.0 85504.0  0.0   85466.1 7488320.0 2537763.7 15379136.0 11856894.1 51200.0 51152.7    211   82.822   0      0.000   82.822
114048.0 85504.0  0.0   85466.1 7488320.0 6294124.6 15379136.0 11856894.1 51200.0 51152.7    211   82.822   0      0.000   82.822
114048.0 110720.0 41251.6  0.0   7464768.0 2605239.8 15379136.0 11880880.8 51200.0 51152.7    212   82.929   0      0.000   82.929
114048.0 110720.0 41251.6  0.0   7464768.0 6223985.1 15379136.0 11880880.8 51200.0 51152.7    212   82.929   0      0.000   82.929
107200.0 110720.0  0.0   288.0  7464768.0 2299673.3 15379136.0 11922064.4 51200.0 51152.7    213   83.310   0      0.000   83.310
107200.0 110720.0  0.0   288.0  7464768.0 6185598.9 15379136.0 11922064.4 51200.0 51152.7    213   83.310   0      0.000   83.310
107200.0 102912.0 2304.0  0.0   7479424.0 3141316.9 15379136.0 11922120.4 51200.0 51152.7    214   83.424   0      0.000   83.424
107200.0 102912.0 2304.0  0.0   7479424.0 7333787.8 15379136.0 11922120.4 51200.0 51152.7    214   83.424   0      0.000   83.424
107648.0 57408.0  0.0   57387.5 7479424.0 3832115.2 15379136.0 11922152.4 51200.0 51152.7    215   83.529   0      0.000   83.529
107648.0 104000.0 288.0   0.0   7477888.0 106846.4 15379136.0 11922208.4 51200.0 51152.7    216   83.637   0      0.000   83.637
107648.0 104000.0 288.0   0.0   7477888.0 4320811.6 15379136.0 11922208.4 51200.0 51152.7    216   83.637   0      0.000   83.637
99968.0 104000.0  0.0   224.0  7477888.0 534304.5 15379136.0 11922240.4 51200.0 51152.7    217   83.746   0      0.000   83.746
99968.0 104000.0  0.0   224.0  7477888.0 4761769.4 15379136.0 11922240.4 51200.0 51152.7    217   83.746   0      0.000   83.746
99968.0 95744.0 224.0   0.0   7493824.0 994418.0 15379136.0 11922272.4 51200.0 51152.7    218   83.853   0      0.000   83.853
99968.0 95744.0 224.0   0.0   7493824.0 4608286.6 15379136.0 11922272.4 51200.0 51152.9    218   83.853   0      0.000   83.853
99968.0 95744.0 224.0   0.0   7493824.0 6758910.1 15379136.0 11922272.4 51200.0 51154.1    218   83.853   0      0.000   83.853
99968.0 95744.0 224.0   0.0   7493824.0 7093052.1 15379136.0 11922272.4 51200.0 51154.1    218   83.853   0      0.000   83.853
99968.0 95744.0 224.0   0.0   7493824.0 7093080.6 15379136.0 11922272.4 51200.0 51154.1    218   83.853   0      0.000   83.853
99968.0 95744.0 224.0   0.0   7493824.0 7093096.9 15379136.0 11922272.4 51200.0 51154.1    218   83.853   0      0.000   83.853
99968.0 95744.0 224.0   0.0   7493824.0 7093145.6 15379136.0 11922272.4 51200.0 51154.1    218   83.853   0      0.000   83.853
99968.0 95744.0 224.0   0.0   7493824.0 7093163.9 15379136.0 11922272.4 51200.0 51154.1    218   83.853   0      0.000   83.853
99968.0 95744.0 224.0   0.0   7493824.0 7093184.3 15379136.0 11922272.4 51200.0 51154.1    218   83.853   0      0.000   83.853
99968.0 95744.0 224.0   0.0   7493824.0 7093202.5 15379136.0 11922272.4 51200.0 51154.1    218   83.853   0      0.000   83.853
99968.0 95744.0 224.0   0.0   7493824.0 7093222.8 15379136.0 11922272.4 51200.0 51154.1    218   83.853   0      0.000   83.853
99968.0 95744.0 224.0   0.0   7493824.0 7093265.1 15379136.0 11922272.4 51200.0 51154.1    218   83.853   0      0.000   83.853
99968.0 95744.0 224.0   0.0   7493824.0 7093285.4 15379136.0 11922272.4 51200.0 51154.1    218   83.853   0      0.000   83.853
99968.0 95744.0 224.0   0.0   7493824.0 7093303.8 15379136.0 11922272.4 51200.0 51154.1    218   83.853   0      0.000   83.853
99968.0 95744.0 224.0   0.0   7493824.0 7093324.1 15379136.0 11922272.4 51200.0 51154.1    218   83.853   0      0.000   83.853
99968.0 95744.0 224.0   0.0   7493824.0 7093344.4 15379136.0 11922272.4 51200.0 51154.1    218   83.853   0      0.000   83.853
99968.0 95744.0 224.0   0.0   7493824.0 7093407.7 15379136.0 11922272.4 51200.0 51154.1    218   83.853   0      0.000   83.853
99968.0 95744.0 224.0   0.0   7493824.0 7093425.9 15379136.0 11922272.4 51200.0 51154.1    218   83.853   0      0.000   83.853
99968.0 95744.0 224.0   0.0   7493824.0 7093444.2 15379136.0 11922272.4 51200.0 51154.1    218   83.853   0      0.000   83.853
100672.0 53312.0  0.0   53280.4 7493824.0 3052016.5 15379136.0 11922312.4 51200.0 51157.3    219   83.961   0      0.000   83.961
100672.0 53312.0  0.0   53280.4 7493824.0 6611546.5 15379136.0 11922312.4 51200.0 51157.3    219   83.961   0      0.000   83.961
100672.0 107072.0 61163.8  0.0   7475392.0 3023135.9 15379136.0 11926220.6 51200.0 51157.3    220   84.073   0      0.000   84.073
100672.0 107072.0 61163.8  0.0   7475392.0 6653637.8 15379136.0 11926220.6 51200.0 51157.3    220   84.073   0      0.000   84.073
104512.0 107072.0  0.0   41462.5 7475392.0 2607511.9 15379136.0 12007449.9 51200.0 51157.3    221   84.192   0      0.000   84.192
104512.0 107072.0  0.0   41462.5 7475392.0 6272529.0 15379136.0 12007449.9 51200.0 51157.5    221   84.192   0      0.000   84.192
104512.0 106176.0 53102.8  0.0   7477184.0 2661417.6 15379136.0 12048768.4 51200.0 51157.7    222   84.661   0      0.000   84.661
104512.0 106176.0 53102.8  0.0   7477184.0 6879397.9 15379136.0 12048768.4 51200.0 51162.7    222   84.661   0      0.000   84.661
102464.0 106176.0  0.0   41035.5 7477184.0 3088391.7 15379136.0 12048824.4 51200.0 51162.7    223   84.770   0      0.000   84.770
102464.0 106176.0  0.0   41035.5 7477184.0 6901585.4 15379136.0 12048824.4 51200.0 51162.7    223   84.770   0      0.000   84.770
102464.0 100736.0 256.0   0.0   7486336.0 3288848.9 15379136.0 12048880.4 51200.0 51162.7    224   84.864   0      0.000   84.864
102464.0 100736.0 256.0   0.0   7486336.0 7043629.5 15379136.0 12048880.4 51200.0 51163.5    224   84.864   0      0.000   84.864
98304.0 100736.0  0.0   288.0  7486336.0 3491417.2 15379136.0 12048920.4 51200.0 51163.5    225   84.964   0      0.000   84.964
98304.0 100736.0  32.0  288.0  7486336.0 7486336.0 15379136.0 12048928.4 51200.0 51163.5    226   84.964   0      0.000   84.964
98304.0 95360.0 320.0   0.0   7495872.0 3857946.7 15379136.0 12048960.4 51200.0 51163.5    226   85.075   0      0.000   85.075
98304.0 95360.0 320.0   0.0   7495872.0 6971082.0 15379136.0 12048960.4 51200.0 51163.5    226   85.075   0      0.000   85.075
92032.0 95360.0  0.0   320.0  7495872.0 523675.9 15379136.0 12049008.4 51200.0 51163.5    227   85.183   0      0.000   85.183
92032.0 95360.0  0.0   320.0  7495872.0 523725.3 15379136.0 12049008.4 51200.0 51163.5    227   85.183   0      0.000   85.183
92032.0 95360.0  0.0   320.0  7495872.0 523747.7 15379136.0 12049008.4 51200.0 51163.5    227   85.183   0      0.000   85.183
92032.0 95360.0  0.0   320.0  7495872.0 523766.1 15379136.0 12049008.4 51200.0 51163.5    227   85.183   0      0.000   85.183
92032.0 95360.0  0.0   320.0  7495872.0 523786.5 15379136.0 12049008.4 51200.0 51163.5    227   85.183   0      0.000   85.183
92032.0 95360.0  0.0   320.0  7495872.0 523804.7 15379136.0 12049008.4 51200.0 51163.5    227   85.183   0      0.000   85.183
92032.0 95360.0  0.0   320.0  7495872.0 523852.3 15379136.0 12049008.4 51200.0 51163.5    227   85.183   0      0.000   85.183
92032.0 95360.0  0.0   320.0  7495872.0 523870.6 15379136.0 12049008.4 51200.0 51163.5    227   85.183   0      0.000   85.183
92032.0 95360.0  0.0   320.0  7495872.0 523890.9 15379136.0 12049008.4 51200.0 51163.7    227   85.183   0      0.000   85.183
92032.0 95360.0  0.0   320.0  7495872.0 523909.2 15379136.0 12049008.4 51200.0 51163.7    227   85.183   0      0.000   85.183
92032.0 95360.0  0.0   320.0  7495872.0 3209439.6 15379136.0 12049008.4 51200.0 51166.0    227   85.183   0      0.000   85.183
92032.0 95360.0  0.0   320.0  7495872.0 6410502.7 15379136.0 12049008.4 51200.0 51166.0    227   85.183   0      0.000   85.183
92032.0 101376.0 65445.4  0.0   7486784.0 3044616.2 15379136.0 12049072.4 51200.0 51166.8    228   85.277   0      0.000   85.277
92032.0 101376.0 65445.4  0.0   7486784.0 6898059.9 15379136.0 12049072.4 51200.0 51166.8    228   85.277   0      0.000   85.277
98048.0 101376.0  0.0   128.0  7486784.0 3265958.2 15379136.0 12114353.7 51200.0 51166.8    229   85.384   0      0.000   85.384
98048.0 101376.0  0.0   128.0  7486784.0 7257342.5 15379136.0 12114353.7 51200.0 51167.6    229   85.384   0      0.000   85.384
98048.0 104576.0 60638.6  0.0   7480384.0 3661307.4 15379136.0 12114425.7 51200.0 51167.6    230   85.480   0      0.000   85.480
98048.0 104576.0 60638.6  0.0   7480384.0 7462346.2 15379136.0 12114425.7 51200.0 51167.6    231   85.480   0      0.000   85.480
101248.0 104576.0  0.0   256.0  7480384.0 4549044.0 15379136.0 12114481.7 51200.0 51167.6    231   85.573   0      0.000   85.573
101248.0 99840.0 41003.5  0.0   7488448.0 918965.5 15379136.0 12114545.7 51200.0 51167.6    232   85.683   0      0.000   85.683
101248.0 99840.0 41003.5  0.0   7488448.0 4776252.8 15379136.0 12114545.7 51200.0 51167.6    232   85.683   0      0.000   85.683
96704.0 99840.0  0.0   288.0  7488448.0 1220416.7 15379136.0 12114601.7 51200.0 51167.6    233   85.795   0      0.000   85.795
96704.0 99840.0  0.0   288.0  7488448.0 4993013.7 15379136.0 12114601.7 51200.0 51167.6    233   85.795   0      0.000   85.795
96704.0 93248.0 256.0   0.0   7499584.0 1121888.1 15379136.0 12114633.7 51200.0 51167.6    234   85.886   0      0.000   85.886
96704.0 93248.0 256.0   0.0   7499584.0 4440232.1 15379136.0 12114633.7 51200.0 51167.6    234   85.886   0      0.000   85.886
96704.0 93248.0 256.0   0.0   7499584.0 7111919.0 15379136.0 12114633.7 51200.0 51168.4    234   85.886   0      0.000   85.886
89472.0 93248.0  0.0   320.0  7499584.0 1054434.0 15379136.0 12114713.7 51200.0 51169.1    235   85.996   0      0.000   85.996
89472.0 93248.0  0.0   320.0  7499584.0 1054454.3 15379136.0 12114713.7 51200.0 51169.1    235   85.996   0      0.000   85.996
89472.0 93248.0  0.0   320.0  7499584.0 1054476.7 15379136.0 12114713.7 51200.0 51169.1    235   85.996   0      0.000   85.996
89472.0 93248.0  0.0   320.0  7499584.0 1054497.0 15379136.0 12114713.7 51200.0 51169.1    235   85.996   0      0.000   85.996
89472.0 93248.0  0.0   320.0  7499584.0 1054515.2 15379136.0 12114713.7 51200.0 51169.1    235   85.996   0      0.000   85.996
89472.0 93248.0  0.0   320.0  7499584.0 1054562.1 15379136.0 12114713.7 51200.0 51169.1    235   85.996   0      0.000   85.996
89472.0 93248.0  0.0   320.0  7499584.0 1054582.3 15379136.0 12114713.7 51200.0 51170.2    235   85.996   0      0.000   85.996
89472.0 93248.0  0.0   320.0  7499584.0 1054600.6 15379136.0 12114713.7 51200.0 51170.5    235   85.996   0      0.000   85.996
89472.0 93248.0  0.0   320.0  7499584.0 1054618.9 15379136.0 12114713.7 51200.0 51170.5    235   85.996   0      0.000   85.996
89472.0 93248.0  0.0   320.0  7499584.0 1054639.2 15379136.0 12114713.7 51200.0 51170.6    235   85.996   0      0.000   85.996
89472.0 93248.0  0.0   320.0  7499584.0 1054683.3 15379136.0 12114713.7 51200.0 51170.6    235   85.996   0      0.000   85.996
89472.0 93248.0  0.0   320.0  7499584.0 1054701.7 15379136.0 12114713.7 51200.0 51170.6    235   85.996   0      0.000   85.996
89472.0 93248.0  0.0   320.0  7499584.0 1054722.0 15379136.0 12114713.7 51200.0 51170.6    235   85.996   0      0.000   85.996
89472.0 93248.0  0.0   320.0  7499584.0 2356460.0 15379136.0 12114713.7 51200.0 51173.2    235   85.996   0      0.000   85.996
89472.0 93248.0  0.0   320.0  7499584.0 6069765.2 15379136.0 12114713.7 51200.0 51173.2    235   85.996   0      0.000   85.996
89472.0 92096.0 44999.7  0.0   7505344.0 2261040.2 15379136.0 12114785.7 51200.0 51173.2    236   86.107   0      0.000   86.107
89472.0 92096.0 44999.7  0.0   7505344.0 6045227.3 15379136.0 12114785.7 51200.0 51173.8    236   86.107   0      0.000   86.107
85120.0 92096.0  0.0   20870.3 7505344.0 2088595.0 15379136.0 12159579.2 51200.0 51173.8    237   86.232   0      0.000   86.232
85120.0 92096.0  0.0   20870.3 7505344.0 5787240.6 15379136.0 12159579.2 51200.0 51173.8    237   86.232   0      0.000   86.232
85120.0 78912.0 20391.9  0.0   7525504.0 1781794.9 15379136.0 12180393.4 51200.0 51173.8    238   86.555   0      0.000   86.555
85120.0 78912.0 20391.9  0.0   7525504.0 5734401.5 15379136.0 12180393.4 51200.0 51173.8    238   86.555   0      0.000   86.555
80448.0 78912.0  0.0   41003.5 7525504.0 2243879.5 15379136.0 12180425.4 51200.0 51173.8    239   86.650   0      0.000   86.650
80448.0 78912.0  0.0   41003.5 7525504.0 6092878.3 15379136.0 12180425.4 51200.0 51173.8    239   86.650   0      0.000   86.650
80448.0 78656.0 288.0   0.0   7530432.0 2498287.3 15379136.0 12180481.4 51200.0 51173.8    240   86.756   0      0.000   86.756
80448.0 78656.0 288.0   0.0   7530432.0 6260270.7 15379136.0 12180481.4 51200.0 51173.8    240   86.756   0      0.000   86.756
76416.0 78656.0  0.0   288.0  7530432.0 2450133.0 15379136.0 12180545.4 51200.0 51173.8    241   86.865   0      0.000   86.865
76416.0 78656.0  0.0   288.0  7530432.0 6318229.9 15379136.0 12180545.4 51200.0 51173.8    241   86.865   0      0.000   86.865
76416.0 73792.0 320.0   0.0   7539328.0 3169845.8 15379136.0 12180617.4 51200.0 51173.8    242   86.976   0      0.000   86.976
76416.0 73792.0 320.0   0.0   7539328.0 6954520.1 15379136.0 12180617.4 51200.0 51177.0    242   86.976   0      0.000   86.976
70976.0 73792.0  0.0   320.0  7539328.0 1081658.3 15379136.0 12180673.4 51200.0 51177.0    243   87.085   0      0.000   87.085
70976.0 73792.0  0.0   320.0  7539328.0 1081748.0 15379136.0 12180673.4 51200.0 51177.0    243   87.085   0      0.000   87.085
70976.0 73792.0  0.0   320.0  7539328.0 1081770.3 15379136.0 12180673.4 51200.0 51177.0    243   87.085   0      0.000   87.085
70976.0 73792.0  0.0   320.0  7539328.0 1081790.6 15379136.0 12180673.4 51200.0 51177.0    243   87.085   0      0.000   87.085
70976.0 73792.0  0.0   320.0  7539328.0 1081810.8 15379136.0 12180673.4 51200.0 51177.0    243   87.085   0      0.000   87.085
70976.0 73792.0  0.0   320.0  7539328.0 1081829.1 15379136.0 12180673.4 51200.0 51177.0    243   87.085   0      0.000   87.085
70976.0 73792.0  0.0   320.0  7539328.0 1081876.5 15379136.0 12180673.4 51200.0 51177.0    243   87.085   0      0.000   87.085
70976.0 73792.0  0.0   320.0  7539328.0 1081895.0 15379136.0 12180673.4 51200.0 51177.0    243   87.085   0      0.000   87.085
70976.0 73792.0  0.0   320.0  7539328.0 1081915.3 15379136.0 12180673.4 51200.0 51177.0    243   87.085   0      0.000   87.085
70976.0 73792.0  0.0   320.0  7539328.0 1691864.4 15379136.0 12180673.4 51200.0 51181.7    243   87.085   0      0.000   87.085
70976.0 73792.0  0.0   320.0  7539328.0 5915678.8 15379136.0 12180673.4 51200.0 51181.7    243   87.085   0      0.000   87.085
70976.0 84032.0 65779.3  0.0   7521472.0 1066206.1 15379136.0 12201356.7 51200.0 51181.9    244   87.493   0      0.000   87.493
70976.0 84032.0 65779.3  0.0   7521472.0 5368999.0 15379136.0 12201356.7 51200.0 51181.9    244   87.493   0      0.000   87.493
85312.0 41024.0  0.0   40967.7 7521472.0 1800650.2 15379136.0 12226081.8 51200.0 51181.9    245   87.606   0      0.000   87.606
85312.0 41024.0  0.0   40967.7 7521472.0 5465552.0 15379136.0 12226081.8 51200.0 51181.9    245   87.606   0      0.000   87.606
85312.0 90368.0 53102.8  0.0   7508800.0 2130681.4 15379136.0 12267033.5 51200.0 51181.9    246   87.770   0      0.000   87.770
85312.0 90368.0 53102.8  0.0   7508800.0 6178388.3 15379136.0 12267033.5 51200.0 51181.9    246   87.770   0      0.000   87.770
89600.0 90368.0  0.0   41003.5 7508800.0 2593569.0 15379136.0 12267081.5 51200.0 51182.0    247   87.881   0      0.000   87.881
89600.0 90368.0  0.0   41003.5 7508800.0 6206318.3 15379136.0 12267081.5 51200.0 51182.0    247   87.881   0      0.000   87.881
89600.0 87936.0 288.0   0.0   7512000.0 2637579.6 15379136.0 12267145.5 51200.0 51182.0    248   87.992   0      0.000   87.992
89600.0 87936.0 288.0   0.0   7512000.0 6216755.0 15379136.0 12267145.5 51200.0 51182.0    248   87.992   0      0.000   87.992
85696.0 87936.0  0.0   288.0  7512000.0 2770400.6 15379136.0 12267185.5 51200.0 51182.5    249   88.087   0      0.000   88.087
85696.0 87936.0  0.0   288.0  7512000.0 6794380.0 15379136.0 12267185.5 51200.0 51182.5    249   88.087   0      0.000   88.087
85696.0 83008.0 256.0   0.0   7520832.0 3056893.4 15379136.0 12267225.5 51200.0 51182.5    250   88.197   0      0.000   88.197
85696.0 83008.0 256.0   0.0   7520832.0 6162438.3 15379136.0 12267225.5 51200.0 51182.7    250   88.197   0      0.000   88.197
80000.0 83008.0  0.0   320.0  7520832.0 1296730.7 15379136.0 12267265.5 51200.0 51183.0    251   88.308   0      0.000   88.308
80000.0 83008.0  0.0   320.0  7520832.0 1727122.8 15379136.0 12267265.5 51200.0 51183.0    251   88.308   0      0.000   88.308
80000.0 83008.0  0.0   320.0  7520832.0 1727145.3 15379136.0 12267265.5 51200.0 51183.0    251   88.308   0      0.000   88.308
80000.0 83008.0  0.0   320.0  7520832.0 1727167.6 15379136.0 12267265.5 51200.0 51183.0    251   88.308   0      0.000   88.308
80000.0 83008.0  0.0   320.0  7520832.0 1727185.9 15379136.0 12267265.5 51200.0 51183.0    251   88.308   0      0.000   88.308
80000.0 83008.0  0.0   320.0  7520832.0 1727202.5 15379136.0 12267265.5 51200.0 51183.0    251   88.308   0      0.000   88.308
80000.0 83008.0  0.0   320.0  7520832.0 1727248.7 15379136.0 12267265.5 51200.0 51183.0    251   88.308   0      0.000   88.308
80000.0 83008.0  0.0   320.0  7520832.0 1727269.0 15379136.0 12267265.5 51200.0 51183.0    251   88.308   0      0.000   88.308
80000.0 83008.0  0.0   320.0  7520832.0 1727289.5 15379136.0 12267265.5 51200.0 51183.0    251   88.308   0      0.000   88.308
80000.0 83008.0  0.0   320.0  7520832.0 1727307.8 15379136.0 12267265.5 51200.0 51183.0    251   88.308   0      0.000   88.308
80000.0 83008.0  0.0   320.0  7520832.0 4763314.7 15379136.0 12267265.5 51200.0 51185.2    251   88.308   0      0.000   88.308
80000.0 91264.0 65156.5  0.0   7507008.0 782653.7 15379136.0 12267329.5 51200.0 51185.2    252   88.406   0      0.000   88.406
80000.0 91264.0 65156.5  0.0   7507008.0 4682618.4 15379136.0 12267329.5 51200.0 51185.2    252   88.406   0      0.000   88.406
100480.0 82048.0  0.0   81994.8 7507008.0 673543.1 15379136.0 12271265.7 51200.0 51185.2    253   88.516   0      0.000   88.516
100480.0 82048.0  0.0   81994.8 7507008.0 4303676.2 15379136.0 12271265.7 51200.0 51185.2    253   88.516   0      0.000   88.516
100480.0 82048.0 28494.8 81994.8 7507008.0 7507008.0 15379136.0 12353228.6 51200.0 51185.2    254   88.516   0      0.000   88.516
100480.0 98624.0 28494.8  0.0   7490432.0 4153687.8 15379136.0 12353228.6 51200.0 51185.2    254   89.229   0      0.000   89.229
99328.0 98624.0  0.0   49408.0 7490432.0 817881.7 15379136.0 12353284.6 51200.0 51185.2    255   89.342   0      0.000   89.342
99328.0 98624.0  0.0   49408.0 7490432.0 4559937.1 15379136.0 12353284.6 51200.0 51185.2    255   89.342   0      0.000   89.342
99328.0 111744.0 82640.5  0.0   7466048.0 974140.0 15379136.0 12353364.6 51200.0 51185.2    256   89.455   0      0.000   89.455
99328.0 111744.0 82640.5  0.0   7466048.0 4641967.4 15379136.0 12353364.6 51200.0 51185.2    256   89.455   0      0.000   89.455
110144.0 111744.0  0.0   288.0  7466048.0 960782.8 15379136.0 12353428.6 51200.0 51185.2    257   89.569   0      0.000   89.569
110144.0 111744.0  0.0   288.0  7466048.0 4602557.4 15379136.0 12353428.6 51200.0 51185.2    257   89.569   0      0.000   89.569
110144.0 107840.0 256.0   0.0   7471552.0 974517.4 15379136.0 12353476.6 51200.0 51185.2    258   89.664   0      0.000   89.664
110144.0 107840.0 256.0   0.0   7471552.0 4588548.3 15379136.0 12353476.6 51200.0 51185.2    258   89.664   0      0.000   89.664
104832.0 107840.0  0.0   320.0  7471552.0 438261.0 15379136.0 12353500.6 51200.0 51185.2    259   89.771   0      0.000   89.771
104832.0 107840.0  0.0   320.0  7471552.0 2680848.3 15379136.0 12353500.6 51200.0 51185.2    259   89.771   0      0.000   89.771
104832.0 107840.0  0.0   320.0  7471552.0 2680872.9 15379136.0 12353500.6 51200.0 51185.2    259   89.771   0      0.000   89.771
104832.0 107840.0  0.0   320.0  7471552.0 2680893.2 15379136.0 12353500.6 51200.0 51185.2    259   89.771   0      0.000   89.771
104832.0 107840.0  0.0   320.0  7471552.0 2680913.6 15379136.0 12353500.6 51200.0 51185.2    259   89.771   0      0.000   89.771
104832.0 107840.0  0.0   320.0  7471552.0 2680933.9 15379136.0 12353500.6 51200.0 51185.2    259   89.771   0      0.000   89.771
104832.0 107840.0  0.0   320.0  7471552.0 2680977.5 15379136.0 12353500.6 51200.0 51185.2    259   89.771   0      0.000   89.771
104832.0 107840.0  0.0   320.0  7471552.0 2680997.8 15379136.0 12353500.6 51200.0 51185.2    259   89.771   0      0.000   89.771
104832.0 107840.0  0.0   320.0  7471552.0 2681018.1 15379136.0 12353500.6 51200.0 51185.2    259   89.771   0      0.000   89.771
104832.0 107840.0  0.0   320.0  7471552.0 2681036.4 15379136.0 12353500.6 51200.0 51185.2    259   89.771   0      0.000   89.771
104832.0 107840.0  0.0   320.0  7471552.0 2681056.6 15379136.0 12353500.6 51200.0 51185.2    259   89.771   0      0.000   89.771
104832.0 107840.0  0.0   320.0  7471552.0 2681101.1 15379136.0 12353500.6 51200.0 51185.2    259   89.771   0      0.000   89.771
104832.0 107840.0  0.0   320.0  7471552.0 2681121.4 15379136.0 12353500.6 51200.0 51185.2    259   89.771   0      0.000   89.771
104832.0 107840.0  0.0   320.0  7471552.0 2681139.6 15379136.0 12353500.6 51200.0 51185.2    259   89.771   0      0.000   89.771
104832.0 107840.0  0.0   320.0  7471552.0 3410568.1 15379136.0 12353500.6 51200.0 51189.3    259   89.771   0      0.000   89.771
104832.0 107840.0  0.0   320.0  7471552.0 6783591.5 15379136.0 12353500.6 51200.0 51189.6    259   89.771   0      0.000   89.771
104832.0 97216.0 24744.1  0.0   7487488.0 2551194.6 15379136.0 12353564.6 51200.0 51189.6    260   89.862   0      0.000   89.862
104832.0 97216.0 24744.1  0.0   7487488.0 6653909.3 15379136.0 12353564.6 51200.0 51189.6    260   89.862   0      0.000   89.862
103360.0 97216.0  0.0   61865.4 7487488.0 2978347.5 15379136.0 12357649.8 51200.0 51189.6    261   89.972   0      0.000   89.972
103360.0 97216.0  0.0   61865.4 7487488.0 6893126.4 15379136.0 12357649.8 51200.0 51189.6    261   89.972   0      0.000   89.972
103360.0 98176.0 16672.0  0.0   7488000.0 3482292.7 15379136.0 12419499.2 51200.0 51189.6    262   90.096   0      0.000   90.096
103360.0 98176.0 16672.0  0.0   7488000.0 7454443.4 15379136.0 12419499.2 51200.0 51189.6    262   90.096   0      0.000   90.096
95872.0 98176.0  0.0   768.0  7488000.0 3836802.4 15379136.0 12419531.2 51200.0 51189.6    263   90.203   0      0.000   90.203
95872.0 112768.0 90155.5  0.0   7464000.0 766792.2 15379136.0 12419579.2 51200.0 51189.6    264   90.313   0      0.000   90.313
95872.0 112768.0 90155.5  0.0   7464000.0 4607957.1 15379136.0 12419579.2 51200.0 51189.6    264   90.313   0      0.000   90.313
110080.0 112768.0  0.0   256.0  7464000.0 965490.1 15379136.0 12419635.2 51200.0 51189.6    265   90.421   0      0.000   90.421
110080.0 112768.0  0.0   256.0  7464000.0 4995862.3 15379136.0 12419635.2 51200.0 51189.6    265   90.421   0      0.000   90.421
110080.0 106816.0 320.0   0.0   7472640.0 1462804.8 15379136.0 12419699.2 51200.0 51189.6    266   90.512   0      0.000   90.512
110080.0 106816.0 320.0   0.0   7472640.0 4965161.6 15379136.0 12419699.2 51200.0 51189.6    266   90.512   0      0.000   90.512
103104.0 106816.0  0.0   288.0  7472640.0 560724.4 15379136.0 12419763.2 51200.0 51189.6    267   90.623   0      0.000   90.623
103104.0 106816.0  0.0   288.0  7472640.0 2844656.9 15379136.0 12419763.2 51200.0 51189.6    267   90.623   0      0.000   90.623
103104.0 106816.0  0.0   288.0  7472640.0 3363422.3 15379136.0 12419763.2 51200.0 51189.6    267   90.623   0      0.000   90.623
103104.0 106816.0  0.0   288.0  7472640.0 3363444.6 15379136.0 12419763.2 51200.0 51189.6    267   90.623   0      0.000   90.623
103104.0 106816.0  0.0   288.0  7472640.0 3363464.9 15379136.0 12419763.2 51200.0 51189.6    267   90.623   0      0.000   90.623
103104.0 106816.0  0.0   288.0  7472640.0 3363485.3 15379136.0 12419763.2 51200.0 51189.6    267   90.623   0      0.000   90.623
103104.0 106816.0  0.0   288.0  7472640.0 3363505.6 15379136.0 12419763.2 51200.0 51189.6    267   90.623   0      0.000   90.623
103104.0 106816.0  0.0   288.0  7472640.0 3363549.7 15379136.0 12419763.2 51200.0 51189.6    267   90.623   0      0.000   90.623
103104.0 106816.0  0.0   288.0  7472640.0 3363572.0 15379136.0 12419763.2 51200.0 51189.6    267   90.623   0      0.000   90.623
103104.0 106816.0  0.0   288.0  7472640.0 3363590.3 15379136.0 12419763.2 51200.0 51189.6    267   90.623   0      0.000   90.623
103104.0 106816.0  0.0   288.0  7472640.0 5390091.6 15379136.0 12419763.2 51200.0 51193.1    267   90.623   0      0.000   90.623
103104.0 118208.0 85740.7  0.0   7453120.0 872481.3 15379136.0 12440213.2 51200.0 51193.1    268   90.957   0      0.000   90.957
103104.0 118208.0 85740.7  0.0   7453120.0 4692399.2 15379136.0 12440213.2 51200.0 51193.1    268   90.957   0      0.000   90.957
121216.0 61824.0  0.0   61800.5 7453120.0 1113913.5 15379136.0 12464775.7 51200.0 51193.1    269   91.061   0      0.000   91.061
121216.0 61824.0  0.0   61800.5 7453120.0 4890018.1 15379136.0 12464775.7 51200.0 51193.1    269   91.061   0      0.000   91.061
121216.0 114496.0 20704.0  0.0   7453824.0 1435567.9 15379136.0 12526504.2 51200.0 51193.1    270   91.177   0      0.000   91.177
121216.0 114496.0 20704.0  0.0   7453824.0 5207081.9 15379136.0 12526504.2 51200.0 51193.1    270   91.177   0      0.000   91.177
109504.0 114496.0  0.0   40604.9 7453824.0 1719855.4 15379136.0 12526552.2 51200.0 51193.1    271   91.289   0      0.000   91.289
109504.0 114496.0  0.0   40604.9 7453824.0 5843845.6 15379136.0 12526552.2 51200.0 51193.1    271   91.289   0      0.000   91.289
109504.0 103872.0 20629.7  0.0   7476160.0 2310994.9 15379136.0 12526624.2 51200.0 51193.1    272   91.383   0      0.000   91.383
109504.0 103872.0 20629.7  0.0   7476160.0 6294605.1 15379136.0 12526624.2 51200.0 51193.1    272   91.383   0      0.000   91.383
101888.0 103872.0  0.0   224.0  7476160.0 2742785.8 15379136.0 12526688.2 51200.0 51193.1    273   91.523   0      0.000   91.523
101888.0 103872.0  0.0   224.0  7476160.0 6528542.9 15379136.0 12526688.2 51200.0 51193.1    273   91.523   0      0.000   91.523
101888.0 110016.0 70048.8  0.0   7469504.0 3162727.1 15379136.0 12526736.2 51200.0 51193.5    274   91.634   0      0.000   91.634
101888.0 110016.0 70048.8  0.0   7469504.0 7003911.2 15379136.0 12526736.2 51200.0 51193.5    274   91.634   0      0.000   91.634
107712.0 110016.0  0.0   320.0  7469504.0 3012085.0 15379136.0 12526808.2 51200.0 51193.5    275   91.745   0      0.000   91.745
107712.0 110016.0  0.0   320.0  7469504.0 4612418.5 15379136.0 12526808.2 51200.0 51193.5    275   91.745   0      0.000   91.745
107712.0 110016.0  0.0   320.0  7469504.0 4612515.4 15379136.0 12526808.2 51200.0 51193.5    275   91.745   0      0.000   91.745
107712.0 110016.0  0.0   320.0  7469504.0 4612533.7 15379136.0 12526808.2 51200.0 51193.5    275   91.745   0      0.000   91.745
107712.0 110016.0  0.0   320.0  7469504.0 4612556.0 15379136.0 12526808.2 51200.0 51193.5    275   91.745   0      0.000   91.745
107712.0 110016.0  0.0   320.0  7469504.0 4612574.3 15379136.0 12526808.2 51200.0 51193.5    275   91.745   0      0.000   91.745
107712.0 110016.0  0.0   320.0  7469504.0 4612592.6 15379136.0 12526808.2 51200.0 51193.5    275   91.745   0      0.000   91.745
107712.0 110016.0  0.0   320.0  7469504.0 4612637.8 15379136.0 12526808.2 51200.0 51193.5    275   91.745   0      0.000   91.745
107712.0 110016.0  0.0   320.0  7469504.0 4612658.4 15379136.0 12526808.2 51200.0 51193.5    275   91.745   0      0.000   91.745
107712.0 110016.0  0.0   320.0  7469504.0 4612676.6 15379136.0 12526808.2 51200.0 51193.5    275   91.745   0      0.000   91.745
107712.0 110016.0  0.0   320.0  7469504.0 4612696.9 15379136.0 12526808.2 51200.0 51193.5    275   91.745   0      0.000   91.745
107712.0 110016.0  0.0   320.0  7469504.0 5582830.7 15379136.0 12526808.2 51200.0 51198.4    275   91.745   0      0.000   91.745
107712.0 128128.0 105691.1  0.0   7433280.0 485492.5 15379136.0 12547074.9 51200.0 51198.5    276   92.047   0      0.000   92.047
107712.0 128128.0 105691.1  0.0   7433280.0 4218627.4 15379136.0 12547074.9 51200.0 51198.5    276   92.047   0      0.000   92.047
135680.0 81984.0  0.0   81938.1 7433280.0 748854.2 15379136.0 12551003.1 51200.0 51198.5    277   92.155   0      0.000   92.155
135680.0 81984.0  0.0   81938.1 7433280.0 4448198.6 15379136.0 12551003.1 51200.0 51198.5    277   92.155   0      0.000   92.155
135680.0 133120.0 1280.0  0.0   7420736.0 918234.9 15379136.0 12632833.3 51200.0 51198.5    278   92.287   0      0.000   92.287
135680.0 133120.0 1280.0  0.0   7420736.0 4528222.6 15379136.0 12632833.3 51200.0 51198.5    278   92.287   0      0.000   92.287
129792.0 133120.0  0.0   288.0  7420736.0 1068042.9 15379136.0 12632905.3 51200.0 51198.5    279   92.405   0      0.000   92.405
129792.0 133120.0  0.0   288.0  7420736.0 4998810.6 15379136.0 12632905.3 51200.0 51198.5    279   92.405   0      0.000   92.405
129792.0 125888.0 288.0   0.0   7433856.0 1374996.8 15379136.0 12632977.3 51200.0 51198.5    280   92.513   0      0.000   92.513
129792.0 125888.0 288.0   0.0   7433856.0 5189196.3 15379136.0 12632977.3 51200.0 51198.5    280   92.513   0      0.000   92.513
121408.0 125888.0  0.0   288.0  7433856.0 1751088.0 15379136.0 12633041.3 51200.0 51198.5    281   92.625   0      0.000   92.625
121408.0 125888.0  0.0   288.0  7433856.0 5438917.7 15379136.0 12633041.3 51200.0 51198.5    281   92.625   0      0.000   92.625
121408.0 121792.0 53728.8  0.0   7445952.0 2018936.9 15379136.0 12633073.3 51200.0 51198.5    282   92.718   0      0.000   92.718
121408.0 121792.0 53728.8  0.0   7445952.0 5547252.8 15379136.0 12633073.3 51200.0 51198.5    282   92.718   0      0.000   92.718
117632.0 121792.0  0.0   288.0  7445952.0 1635720.9 15379136.0 12633137.3 51200.0 51198.5    283   92.826   0      0.000   92.826
117632.0 121792.0  0.0   288.0  7445952.0 4654767.5 15379136.0 12633137.3 51200.0 51198.6    283   92.826   0      0.000   92.826
117632.0 121792.0  0.0   288.0  7445952.0 5959333.1 15379136.0 12633137.3 51200.0 51198.6    283   92.826   0      0.000   92.826
117632.0 121792.0  0.0   288.0  7445952.0 5959359.7 15379136.0 12633137.3 51200.0 51198.6    283   92.826   0      0.000   92.826
117632.0 121792.0  0.0   288.0  7445952.0 5959380.1 15379136.0 12633137.3 51200.0 51198.6    283   92.826   0      0.000   92.826
117632.0 121792.0  0.0   288.0  7445952.0 5959400.4 15379136.0 12633137.3 51200.0 51198.6    283   92.826   0      0.000   92.826
117632.0 121792.0  0.0   288.0  7445952.0 5959445.6 15379136.0 12633137.3 51200.0 51198.6    283   92.826   0      0.000   92.826
117632.0 121792.0  0.0   288.0  7445952.0 5959463.8 15379136.0 12633137.3 51200.0 51198.6    283   92.826   0      0.000   92.826
117632.0 121792.0  0.0   288.0  7445952.0 5959484.1 15379136.0 12633137.3 51200.0 51198.6    283   92.826   0      0.000   92.826
117632.0 121792.0  0.0   288.0  7445952.0 5959504.4 15379136.0 12633137.3 51200.0 51198.6    283   92.826   0      0.000   92.826
117632.0 121792.0  0.0   288.0  7445952.0 5959524.7 15379136.0 12633137.3 51200.0 51198.6    283   92.826   0      0.000   92.826
117632.0 121792.0  0.0   288.0  7445952.0 5959568.0 15379136.0 12633137.3 51200.0 51198.6    283   92.826   0      0.000   92.826
117632.0 121792.0  0.0   288.0  7445952.0 5959586.3 15379136.0 12633137.3 51200.0 51198.6    283   92.826   0      0.000   92.826
117632.0 121792.0  0.0   288.0  7445952.0 6919224.1 15379136.0 12633137.3 51200.0 51199.4    283   92.826   0      0.000   92.826
117632.0 139328.0 110032.4  0.0   7410880.0 3383764.2 15379136.0 12653666.3 51200.0 51199.9    284   92.933   0      0.000   92.933
117632.0 139328.0 110032.4  0.0   7410880.0 6703905.6 15379136.0 12653666.3 51200.0 51199.9    284   92.933   0      0.000   92.933
138688.0 139328.0  0.0   61714.9 7410880.0 3064141.0 15379136.0 12698416.9 51200.0 51199.9    285   93.049   0      0.000   93.049
138688.0 139328.0  0.0   61714.9 7410880.0 6793309.3 15379136.0 12698416.9 51200.0 51199.9    285   93.049   0      0.000   93.049
138688.0 135040.0 288.0   0.0   7415808.0 3351956.3 15379136.0 12760039.9 51200.0 51199.9    286   93.292   0      0.000   93.292
138688.0 135040.0 288.0   0.0   7415808.0 7233443.5 15379136.0 12760039.9 51200.0 51199.9    286   93.292   0      0.000   93.292
133696.0 135040.0  0.0   57814.2 7415808.0 3719296.4 15379136.0 12760099.9 51200.0 51199.9    287   93.406   0      0.000   93.406
133696.0 135040.0 20629.7 57814.2 7415808.0 7415808.0 15379136.0 12801322.2 51200.0 51199.9    288   93.406   0      0.000   93.406
133696.0 126656.0 20629.7  0.0   7429184.0 4004356.9 15379136.0 12801322.2 51200.0 51199.9    288   93.569   0      0.000   93.569
123392.0 126656.0  0.0   256.0  7429184.0 437105.5 15379136.0 12801394.2 51200.0 51199.9    289   93.671   0      0.000   93.671
123392.0 126656.0  0.0   256.0  7429184.0 4522496.2 15379136.0 12801394.2 51200.0 51199.9    289   93.671   0      0.000   93.671
123392.0 120832.0 49408.0  0.0   7445312.0 971382.9 15379136.0 12801434.2 51200.0 51199.9    290   93.784   0      0.000   93.784
123392.0 120832.0 49408.0  0.0   7445312.0 4565284.9 15379136.0 12801434.2 51200.0 51199.9    290   93.784   0      0.000   93.784
117696.0 120832.0  0.0   320.0  7445312.0 449371.1 15379136.0 12801482.2 51200.0 51199.9    291   93.893   0      0.000   93.893
117696.0 120832.0  0.0   320.0  7445312.0 3750380.2 15379136.0 12801482.2 51200.0 51199.9    291   93.893   0      0.000   93.893
117696.0 120832.0  0.0   320.0  7445312.0 6321715.4 15379136.0 12801482.2 51200.0 51199.9    291   93.893   0      0.000   93.893
117696.0 120832.0  0.0   320.0  7445312.0 7377344.3 15379136.0 12801482.2 51392.0 51200.1    291   93.893   0      0.000   93.893
117696.0 120832.0  0.0   320.0  7445312.0 7377386.5 15379136.0 12801482.2 51392.0 51200.1    291   93.893   0      0.000   93.893
117696.0 120832.0  0.0   320.0  7445312.0 7377409.0 15379136.0 12801482.2 51392.0 51200.1    291   93.893   0      0.000   93.893
117696.0 120832.0  0.0   320.0  7445312.0 7377429.5 15379136.0 12801482.2 51392.0 51200.1    291   93.893   0      0.000   93.893
117696.0 120832.0  0.0   320.0  7445312.0 7377447.7 15379136.0 12801482.2 51392.0 51200.1    291   93.893   0      0.000   93.893
117696.0 120832.0  0.0   320.0  7445312.0 7377468.1 15379136.0 12801482.2 51392.0 51200.1    291   93.893   0      0.000   93.893
117696.0 120832.0  0.0   320.0  7445312.0 7377514.4 15379136.0 12801482.2 51392.0 51200.1    291   93.893   0      0.000   93.893
117696.0 120832.0  0.0   320.0  7445312.0 7377534.7 15379136.0 12801482.2 51392.0 51200.1    291   93.893   0      0.000   93.893
117696.0 120832.0  0.0   320.0  7445312.0 7377553.0 15379136.0 12801482.2 51392.0 51200.1    291   93.893   0      0.000   93.893
117696.0 120832.0  0.0   320.0  7445312.0 7377573.4 15379136.0 12801482.2 51392.0 51200.1    291   93.893   0      0.000   93.893
117696.0 120832.0 224.1  320.0  7445312.0 7445312.0 15379136.0 12801482.2 51392.0 51200.1    292   93.893   0      0.000   93.893
117696.0 113920.0 768.2   0.0   7457920.0 3867630.6 15379136.0 12801554.2 51392.0 51206.3    292   93.993   0      0.000   93.993
117696.0 113920.0 768.2  736.2  7457920.0 7457920.0 15379136.0 12801562.2 51392.0 51206.3    293   93.993   0      0.000   93.993
126976.0 85952.0  0.0   85906.4 7457920.0 4138849.0 15379136.0 12801618.2 51392.0 51206.3    293   94.087   0      0.000   94.087
126976.0 85952.0 288.0  85906.4 7457920.0 7457920.0 15379136.0 12825028.0 51392.0 51206.3    294   94.087   0      0.000   94.087
126976.0 123136.0 320.0   0.0   7439424.0 3140998.4 15379136.0 12887331.4 51392.0 51206.3    294   94.550   0      0.000   94.550
126976.0 123136.0 320.0   0.0   7439424.0 6912893.6 15379136.0 12887331.4 51392.0 51206.3    294   94.550   0      0.000   94.550
125312.0 123136.0  0.0   60791.8 7439424.0 3399027.2 15379136.0 12887379.4 51392.0 51206.3    295   94.666   0      0.000   94.666
125312.0 123136.0  0.0   60791.8 7439424.0 7090980.9 15379136.0 12887379.4 51392.0 51206.3    295   94.666   0      0.000   94.666
125312.0 117632.0 37045.8  0.0   7446592.0 3655615.5 15379136.0 12887435.4 51392.0 51206.3    296   94.775   0      0.000   94.775
114816.0 117632.0  0.0   288.0  7446592.0   0.0    15379136.0 12887483.4 51392.0 51206.3    297   94.880   0      0.000   94.880
114816.0 117632.0  0.0   288.0  7446592.0 4100977.3 15379136.0 12887483.4 51392.0 51206.3    297   94.880   0      0.000   94.880
114816.0 111360.0 288.0   0.0   7463360.0 405134.8 15379136.0 12887547.4 51392.0 51206.3    298   94.994   0      0.000   94.994
114816.0 111360.0 288.0   0.0   7463360.0 4121935.7 15379136.0 12887547.4 51392.0 51206.3    298   94.994   0      0.000   94.994
107392.0 111360.0  0.0   608.0  7463360.0 432988.5 15379136.0 12887595.4 51392.0 51206.3    299   95.105   0      0.000   95.105
107392.0 111360.0  0.0   608.0  7463360.0 4550198.4 15379136.0 12887595.4 51392.0 51206.3    299   95.105   0      0.000   95.105
107392.0 103168.0 320.0   0.0   7478976.0 485769.2 15379136.0 12888009.1 51392.0 51206.6    300   95.203   0      0.000   95.203
107392.0 103168.0 320.0   0.0   7478976.0 3323744.7 15379136.0 12888009.1 51392.0 51206.6    300   95.203   0      0.000   95.203
107392.0 103168.0 320.0   0.0   7478976.0 4972696.9 15379136.0 12888009.1 51392.0 51206.6    300   95.203   0      0.000   95.203
107392.0 103168.0 320.0   0.0   7478976.0 5897870.1 15379136.0 12888009.1 51392.0 51206.6    300   95.203   0      0.000   95.203
107392.0 103168.0 320.0   0.0   7478976.0 5897892.5 15379136.0 12888009.1 51392.0 51206.6    300   95.203   0      0.000   95.203
107392.0 103168.0 320.0   0.0   7478976.0 5897938.4 15379136.0 12888009.1 51392.0 51206.6    300   95.203   0      0.000   95.203
107392.0 103168.0 320.0   0.0   7478976.0 5897956.6 15379136.0 12888009.1 51392.0 51206.6    300   95.203   0      0.000   95.203
107392.0 103168.0  0.0   103160.0 7478976.0 191945.4 15379136.0 12889553.1 51392.0 51208.2    301   95.496   0      0.000   95.496
107392.0 103168.0  0.0   103160.0 7478976.0 4096236.8 15379136.0 12889553.1 51392.0 51208.4    301   95.496   0      0.000   95.496
107392.0 103168.0 82341.8 103160.0 7478976.0 7478976.0 15379136.0 12893042.2 51392.0 51208.4    302   95.496   0      0.000   95.496
107392.0 135424.0 82341.8  0.0   7418688.0 2614869.3 15379136.0 12893042.2 51392.0 51208.4    302   96.571   0      0.000   96.571
107392.0 135424.0 82341.8  0.0   7418688.0 6110508.8 15379136.0 12893042.2 51392.0 51208.4    302   96.571   0      0.000   96.571
131392.0 135424.0  0.0   288.0  7418688.0 909310.9 15379136.0 12975172.1 51392.0 51208.4    303   97.612   0      0.000   97.612
131392.0 135424.0  0.0   288.0  7418688.0 4903985.6 15379136.0 12975172.1 51392.0 51208.4    303   97.612   0      0.000   97.612
131392.0 124736.0 40804.5  0.0   7433408.0 1112268.8 15379136.0 12975228.1 51392.0 51208.4    304   98.187   0      0.000   98.187
131392.0 124736.0 40804.5  0.0   7433408.0 5359842.0 15379136.0 12975228.1 51392.0 51208.4    304   98.187   0      0.000   98.187
117632.0 124736.0  0.0   20629.7 7433408.0 2066073.1 15379136.0 12975252.1 51392.0 51208.4    305   98.302   0      0.000   98.302
117632.0 124736.0  0.0   20629.7 7433408.0 5948059.7 15379136.0 12975252.1 51392.0 51208.4    305   98.302   0      0.000   98.302
117632.0 114368.0 256.0   0.0   7457536.0 2469419.3 15379136.0 12975308.1 51392.0 51208.4    306   98.412   0      0.000   98.412
117632.0 114368.0 256.0   0.0   7457536.0 6275251.8 15379136.0 12975308.1 51392.0 51208.4    306   98.412   0      0.000   98.412
110528.0 114368.0  0.0   256.0  7457536.0 2705594.2 15379136.0 12975356.1 51392.0 51208.4    307   98.519   0      0.000   98.519
110528.0 114368.0  0.0   256.0  7457536.0 7159696.4 15379136.0 12975356.1 51392.0 51208.4    307   98.519   0      0.000   98.519
110528.0 105600.0 4704.0  0.0   7473408.0 3697291.7 15379136.0 12975436.1 51392.0 51208.4    308   98.628   0      0.000   98.628
110528.0 105600.0 4704.0  0.0   7473408.0 7099538.7 15379136.0 12975436.1 51392.0 51208.4    308   98.628   0      0.000   98.628
101376.0 105600.0  0.0   320.0  7473408.0 1626428.6 15379136.0 12975838.8 51392.0 51208.5    309   98.759   0      0.000   98.759
101376.0 105600.0  0.0   320.0  7473408.0 3049135.5 15379136.0 12975838.8 51392.0 51208.5    309   98.759   0      0.000   98.759
101376.0 105600.0  0.0   320.0  7473408.0 4360981.9 15379136.0 12975838.8 51392.0 51208.5    309   98.759   0      0.000   98.759
101376.0 105600.0  0.0   320.0  7473408.0 4361006.3 15379136.0 12975838.8 51392.0 51208.5    309   98.759   0      0.000   98.759
101376.0 105600.0  0.0   320.0  7473408.0 4361022.5 15379136.0 12975838.8 51392.0 51208.5    309   98.759   0      0.000   98.759
101376.0 105600.0  0.0   320.0  7473408.0 4454446.1 15379136.0 12975838.8 51392.0 51208.5    309   98.759   0      0.000   98.759
101376.0 105600.0 101371.4 320.0  7473408.0 7470088.1 15379136.0 12975918.8 51392.0 51209.0    310   98.759   0      0.000   98.759
101376.0 123072.0 101371.4  0.0   7443392.0 4020924.4 15379136.0 12975942.8 51392.0 51209.0    310   99.345   0      0.000   99.345
140672.0 102208.0  0.0   102193.6 7443392.0 571432.4 15379136.0 12979922.9 51392.0 51209.0    311   99.454   0      0.000   99.454
140672.0 102208.0  0.0   102193.6 7443392.0 4386087.1 15379136.0 12979922.9 51392.0 51209.0    311   99.454   0      0.000   99.454
140672.0 102208.0 288.0  102193.6 7443392.0 7443392.0 15379136.0 13000626.2 51392.0 51209.0    312   99.454   0      0.000   99.454
140672.0 136384.0 320.0   0.0   7412480.0 585170.0 15379136.0 13082032.7 51392.0 51209.0    312  101.782   0      0.000  101.782
140672.0 136384.0 320.0   0.0   7412480.0 5206984.1 15379136.0 13082032.7 51392.0 51209.0    312  101.782   0      0.000  101.782
130240.0 136384.0  0.0   8448.0 7412480.0 1834064.1 15379136.0 13082088.7 51392.0 51209.0    313  101.896   0      0.000  101.896
130240.0 136384.0  0.0   8448.0 7412480.0 5804442.3 15379136.0 13082088.7 51392.0 51209.0    313  101.896   0      0.000  101.896
130240.0 130176.0 57387.5  0.0   7429120.0 2672516.7 15379136.0 13082160.7 51392.0 51209.0    314  102.008   0      0.000  102.008
130240.0 130176.0 57387.5  0.0   7429120.0 6626208.6 15379136.0 13082160.7 51392.0 51209.0    314  102.008   0      0.000  102.008
126080.0 130176.0  0.0   256.0  7429120.0 3031451.5 15379136.0 13082184.7 51392.0 51209.0    315  102.121   0      0.000  102.121
126080.0 130176.0  0.0   256.0  7429120.0 6865046.1 15379136.0 13082184.7 51392.0 51209.0    315  102.121   0      0.000  102.121
126080.0 121536.0 256.0   0.0   7441920.0 3559017.2 15379136.0 13082240.7 51392.0 51209.0    316  102.234   0      0.000  102.234
116544.0 121536.0  0.0   320.0  7441920.0 338798.8 15379136.0 13082312.7 51392.0 51209.0    317  102.361   0      0.000  102.361
116544.0 121536.0  0.0   320.0  7441920.0 3972761.6 15379136.0 13082312.7 51392.0 51209.0    317  102.361   0      0.000  102.361
116544.0 121536.0  0.0   320.0  7441920.0 5758430.6 15379136.0 13082312.7 51392.0 51209.0    317  102.361   0      0.000  102.361
116544.0 121536.0  0.0   320.0  7441920.0 5758442.8 15379136.0 13082312.7 51392.0 51209.0    317  102.361   0      0.000  102.361
116544.0 121536.0  0.0   320.0  7441920.0 5758461.0 15379136.0 13082312.7 51392.0 51209.0    317  102.361   0      0.000  102.361
116544.0 121536.0  0.0   320.0  7441920.0 5758477.3 15379136.0 13082312.7 51392.0 51209.0    317  102.361   0      0.000  102.361
116544.0 121536.0  0.0   320.0  7441920.0 5758509.4 15379136.0 13082312.7 51392.0 51209.0    317  102.361   0      0.000  102.361
116544.0 121536.0  0.0   320.0  7441920.0 5758523.7 15379136.0 13082312.7 51392.0 51209.0    317  102.361   0      0.000  102.361
116544.0 140480.0 113819.0  0.0   7408576.0 478920.4 15379136.0 13142483.5 51392.0 51210.3    318  102.997   0      0.000  102.997
116544.0 140480.0 113819.0  0.0   7408576.0 4452668.5 15379136.0 13142483.5 51392.0 51210.3    318  102.997   0      0.000  102.997
140352.0 140480.0  0.0   61746.9 7408576.0 1240284.3 15379136.0 13146414.5 51392.0 51210.3    319  103.097   0      0.000  103.097
140352.0 140480.0  0.0   61746.9 7408576.0 4989408.6 15379136.0 13146414.5 51392.0 51210.3    319  103.097   0      0.000  103.097
140352.0 140480.0 288.0  61746.9 7408576.0 7408576.0 15379136.0 13208037.5 51392.0 51210.3    320  103.097   0      0.000  103.097
140352.0 136000.0 288.0   0.0   7413184.0 3411024.3 15379136.0 13208037.5 51392.0 51210.3    320  104.415   0      0.000  104.415
140352.0 136000.0 288.0  16480.0 7413184.0 7413184.0 15379136.0 13208061.5 51392.0 51210.3    321  104.415   0      0.000  104.415
128320.0 136000.0  0.0   16672.0 7413184.0 4345610.2 15379136.0 13208109.5 51392.0 51210.3    321  104.533   0      0.000  104.533
128320.0 134464.0 73771.5  0.0   7420608.0 1298777.4 15379136.0 13208165.5 51392.0 51210.3    322  104.628   0      0.000  104.628
128320.0 134464.0 73771.5  0.0   7420608.0 5173330.4 15379136.0 13208165.5 51392.0 51210.3    322  104.628   0      0.000  104.628
130432.0 134464.0  0.0   288.0  7420608.0 1798331.6 15379136.0 13208205.5 51392.0 51210.3    323  104.743   0      0.000  104.743
130432.0 134464.0  0.0   288.0  7420608.0 5859757.4 15379136.0 13208205.5 51392.0 51210.3    323  104.743   0      0.000  104.743
130432.0 125952.0 256.0   0.0   7433152.0 2406785.3 15379136.0 13208261.5 51392.0 51210.3    324  104.856   0      0.000  104.856
130432.0 125952.0 256.0   0.0   7433152.0 6663935.3 15379136.0 13208261.5 51392.0 51210.3    324  104.856   0      0.000  104.856
117504.0 125952.0  0.0   20938.6 7433152.0 3342053.5 15379136.0 13208317.5 51392.0 51210.3    325  104.970   0      0.000  104.970
117504.0 125952.0  0.0   20938.6 7433152.0 6325549.9 15379136.0 13208317.5 51392.0 51210.3    325  104.970   0      0.000  104.970
117504.0 125952.0  0.0   20938.6 7433152.0 6895951.2 15379136.0 13208317.5 51392.0 51210.3    325  104.970   0      0.000  104.970
117504.0 125952.0  0.0   20938.6 7433152.0 6895973.6 15379136.0 13208317.5 51392.0 51210.3    325  104.970   0      0.000  104.970
117504.0 125952.0  0.0   20938.6 7433152.0 6896025.2 15379136.0 13208317.5 51392.0 51210.3    325  104.970   0      0.000  104.970
117504.0 125952.0  0.0   20938.6 7433152.0 6896039.5 15379136.0 13208317.5 51392.0 51210.3    325  104.970   0      0.000  104.970
117504.0 125952.0  0.0   20938.6 7433152.0 6896055.7 15379136.0 13208317.5 51392.0 51210.3    325  104.970   0      0.000  104.970
117504.0 125952.0  0.0   20938.6 7433152.0 6896074.0 15379136.0 13208317.5 51392.0 51210.3    325  104.970   0      0.000  104.970
117504.0 125952.0  0.0   20938.6 7433152.0 6896094.2 15379136.0 13208317.5 51392.0 51210.3    325  104.970   0      0.000  104.970
117504.0 125952.0  0.0   20938.6 7433152.0 6896143.3 15379136.0 13208317.5 51392.0 51210.3    325  104.970   0      0.000  104.970
117504.0 125952.0  0.0   20938.6 7433152.0 6896163.5 15379136.0 13208317.5 51392.0 51210.3    325  104.970   0      0.000  104.970
117504.0 125952.0  0.0   20938.6 7433152.0 6896179.8 15379136.0 13208317.5 51392.0 51210.3    325  104.970   0      0.000  104.970
117504.0 125952.0  0.0   20938.6 7433152.0 7136680.1 15379136.0 13208317.5 51392.0 51211.5    325  104.970   0      0.000  104.970
117504.0 117952.0 53344.4  0.0   7453632.0 3914065.4 15379136.0 13208397.5 51392.0 51211.5    326  105.088   0      0.000  105.088
117504.0 117952.0 53344.4  0.0   7453632.0 7188119.3 15379136.0 13208397.5 51392.0 51211.5    326  105.088   0      0.000  105.088
113408.0 117952.0  0.0   41649.5 7453632.0 3834868.1 15379136.0 13212216.5 51392.0 51211.5    327  105.183   0      0.000  105.183
113408.0 117952.0 41004.5 41649.5 7453632.0 7453632.0 15379136.0 13253714.2 51392.0 51211.5    328  105.183   0      0.000  105.183
113408.0 108736.0 41004.5  0.0   7467392.0 3732985.8 15379136.0 13253714.2 51392.0 51211.5    328  105.685   0      0.000  105.685
113408.0 108736.0 41004.5 224.0  7467392.0 7467392.0 15379136.0 13294510.7 51392.0 51211.5    329  105.685   0      0.000  105.685
106560.0 108736.0  0.0   224.0  7467392.0 1678901.7 15379136.0 13315113.8 51392.0 51211.5    329  107.556   0      0.000  107.556
106560.0 108736.0  0.0   224.0  7467392.0 6193550.7 15379136.0 13315113.8 51392.0 51211.5    329  107.556   0      0.000  107.556
106560.0 100288.0 20597.7  0.0   7482688.0 2663534.7 15379136.0 13315169.8 51392.0 51211.5    330  107.666   0      0.000  107.666
106560.0 100288.0 20597.7  0.0   7482688.0 6804645.5 15379136.0 13315169.8 51392.0 51211.5    330  107.666   0      0.000  107.666
97920.0 100288.0  0.0   288.0  7482688.0 3218778.8 15379136.0 13315209.8 51392.0 51211.5    331  107.784   0      0.000  107.784
97920.0 100288.0  0.0   288.0  7482688.0 7186062.5 15379136.0 13315209.8 51392.0 51211.5    331  107.784   0      0.000  107.784
97920.0 94592.0 2368.0  0.0   7497024.0 3606622.0 15379136.0 13315289.8 51392.0 51211.5    332  107.897   0      0.000  107.897
97920.0 94592.0 2368.0  0.0   7497024.0 7474754.9 15379136.0 13315289.8 51392.0 51213.1    333  107.897   0      0.000  107.897
91328.0 94592.0  0.0   320.0  7497024.0 3615609.4 15379136.0 13315337.8 51392.0 51213.1    333  108.009   0      0.000  108.009
91328.0 94592.0  0.0   320.0  7497024.0 6804028.7 15379136.0 13315337.8 51392.0 51213.1    333  108.009   0      0.000  108.009
91328.0 87808.0 384.0   0.0   7510400.0 547466.8 15379136.0 13315409.8 51392.0 51213.1    334  108.103   0      0.000  108.103
91328.0 87808.0 384.0   0.0   7510400.0 547491.4 15379136.0 13315409.8 51392.0 51213.1    334  108.103   0      0.000  108.103
91328.0 87808.0 384.0   0.0   7510400.0 547511.7 15379136.0 13315409.8 51392.0 51213.1    334  108.103   0      0.000  108.103
91328.0 87808.0 384.0   0.0   7510400.0 547532.0 15379136.0 13315409.8 51392.0 51213.1    334  108.103   0      0.000  108.103
91328.0 87808.0 384.0   0.0   7510400.0 547552.3 15379136.0 13315409.8 51392.0 51213.1    334  108.103   0      0.000  108.103
91328.0 87808.0 384.0   0.0   7510400.0 547595.9 15379136.0 13315409.8 51392.0 51213.1    334  108.103   0      0.000  108.103
91328.0 87808.0 384.0   0.0   7510400.0 1066601.9 15379136.0 13315409.8 51392.0 51213.6    334  108.103   0      0.000  108.103
91328.0 87808.0 384.0   0.0   7510400.0 5385433.2 15379136.0 13315409.8 51392.0 51213.6    334  108.103   0      0.000  108.103
90688.0 87808.0  0.0   45234.5 7510400.0 1027318.2 15379136.0 13315465.8 51392.0 51213.6    335  108.215   0      0.000  108.215
90688.0 87808.0  0.0   45234.5 7510400.0 4820921.1 15379136.0 13315465.8 51392.0 51213.6    335  108.215   0      0.000  108.215
90688.0 106112.0 81973.0  0.0   7477312.0 1274077.8 15379136.0 13319572.0 51392.0 51213.6    336  108.322   0      0.000  108.322
90688.0 106112.0 81973.0  0.0   7477312.0 5006857.4 15379136.0 13319572.0 51392.0 51213.6    336  108.322   0      0.000  108.322
90688.0 106112.0 81973.0 73305.4 7477312.0 7477312.0 15379136.0 13401377.1 51392.0 51213.6    337  108.322   0      0.000  108.322
115200.0 73344.0  0.0   73305.4 7477312.0 4187803.6 15379136.0 13401377.1 51392.0 51213.6    337  109.483   0      0.000  109.483
115200.0 116224.0 57419.5  0.0   7457088.0 976753.7 15379136.0 13401433.1 51392.0 51213.6    338  109.595   0      0.000  109.595
115200.0 116224.0 57419.5  0.0   7457088.0 5101470.5 15379136.0 13401433.1 51392.0 51213.6    338  109.595   0      0.000  109.595
113920.0 116224.0  0.0   288.0  7457088.0 1735334.0 15379136.0 13401481.1 51392.0 51213.6    339  109.707   0      0.000  109.707
113920.0 116224.0  0.0   288.0  7457088.0 5825457.0 15379136.0 13401481.1 51392.0 51213.6    339  109.707   0      0.000  109.707
113920.0 110912.0 256.0   0.0   7464704.0 2331819.4 15379136.0 13401537.1 51392.0 51213.6    340  109.822   0      0.000  109.822
113920.0 110912.0 256.0   0.0   7464704.0 6504189.9 15379136.0 13401537.1 51392.0 51213.6    340  109.822   0      0.000  109.822
107648.0 110912.0  0.0   41537.5 7464704.0 2845858.5 15379136.0 13401577.1 51392.0 51213.6    341  109.933   0      0.000  109.933
107648.0 110912.0  0.0   41537.5 7464704.0 5828903.4 15379136.0 13401577.1 51392.0 51213.6    341  109.933   0      0.000  109.933
107648.0 104768.0 320.0   0.0   7477120.0 826136.6 15379136.0 13401649.1 51392.0 51213.6    342  110.046   0      0.000  110.046
107648.0 104768.0 320.0   0.0   7477120.0 1549188.4 15379136.0 13401649.1 51392.0 51213.6    342  110.046   0      0.000  110.046
107648.0 104768.0 320.0   0.0   7477120.0 1549210.7 15379136.0 13401649.1 51392.0 51213.6    342  110.046   0      0.000  110.046
107648.0 104768.0 320.0   0.0   7477120.0 1549261.0 15379136.0 13401649.1 51392.0 51213.6    342  110.046   0      0.000  110.046
107648.0 104768.0 320.0   0.0   7477120.0 1549277.2 15379136.0 13401649.1 51392.0 51213.6    342  110.046   0      0.000  110.046
107648.0 104768.0 320.0   0.0   7477120.0 1549299.6 15379136.0 13401649.1 51392.0 51213.6    342  110.046   0      0.000  110.046
107648.0 104768.0 320.0   0.0   7477120.0 1549315.8 15379136.0 13401649.1 51392.0 51213.6    342  110.046   0      0.000  110.046
107648.0 104768.0 320.0   0.0   7477120.0 1632641.1 15379136.0 13401649.1 51392.0 51213.6    342  110.046   0      0.000  110.046
107648.0 104768.0 320.0   0.0   7477120.0 4291511.1 15379136.0 13401649.1 51392.0 51214.3    342  110.046   0      0.000  110.046
103872.0 104768.0  0.0   45315.9 7477120.0 652606.8 15379136.0 13401721.1 51392.0 51214.3    343  110.162   0      0.000  110.162
103872.0 104768.0  0.0   45315.9 7477120.0 4552283.5 15379136.0 13401721.1 51392.0 51214.3    343  110.162   0      0.000  110.162
103872.0 101184.0 128.0   0.0   7484480.0 914040.5 15379136.0 13446805.8 51392.0 51214.3    344  110.268   0      0.000  110.268
103872.0 101184.0 128.0   0.0   7484480.0 4887241.9 15379136.0 13446805.8 51392.0 51214.3    344  110.268   0      0.000  110.268
93824.0 101184.0  0.0   24430.8 7484480.0 1523209.1 15379136.0 13446853.8 51392.0 51214.3    345  110.391   0      0.000  110.391
93824.0 101184.0  0.0   24430.8 7484480.0 5706592.9 15379136.0 13446853.8 51392.0 51214.3    345  110.391   0      0.000  110.391
93824.0 87808.0 20518.9  0.0   7507904.0 2624485.7 15379136.0 13446917.8 51392.0 51215.3    346  110.501   0      0.000  110.501
93824.0 87808.0 20518.9  0.0   7507904.0 6537142.6 15379136.0 13446917.8 51392.0 51215.3    346  110.501   0      0.000  110.501
87488.0 87808.0  0.0   41035.5 7507904.0 3146523.7 15379136.0 13446989.8 51392.0 51215.3    347  110.613   0      0.000  110.613
87488.0 87808.0  0.0   41035.5 7507904.0 7249129.1 15379136.0 13446989.8 51392.0 51215.3    347  110.613   0      0.000  110.613
87488.0 85888.0 256.0   0.0   7516160.0 3755699.1 15379136.0 13447061.8 51392.0 51215.3    348  110.727   0      0.000  110.727
87488.0 85888.0 256.0   0.0   7516160.0 7360923.4 15379136.0 13447061.8 51392.0 51215.3    348  110.727   0      0.000  110.727
83712.0 85888.0  0.0   320.0  7516160.0 3860610.1 15379136.0 13447133.8 51392.0 51215.3    349  110.842   0      0.000  110.842
83712.0 81088.0 320.0   0.0   7524736.0 189172.9 15379136.0 13447173.8 51392.0 51215.3    350  110.936   0      0.000  110.936
83712.0 81088.0 320.0   0.0   7524736.0 1627824.2 15379136.0 13447173.8 51392.0 51215.3    350  110.936   0      0.000  110.936
83712.0 81088.0 320.0   0.0   7524736.0 1627893.1 15379136.0 13447173.8 51392.0 51215.3    350  110.936   0      0.000  110.936
83712.0 81088.0 320.0   0.0   7524736.0 1627911.3 15379136.0 13447173.8 51392.0 51215.3    350  110.936   0      0.000  110.936
83712.0 81088.0 320.0   0.0   7524736.0 1627935.6 15379136.0 13447173.8 51392.0 51215.3    350  110.936   0      0.000  110.936
83712.0 81088.0 320.0   0.0   7524736.0 1627951.9 15379136.0 13447173.8 51392.0 51215.3    350  110.936   0      0.000  110.936
83712.0 81088.0 320.0   0.0   7524736.0 1627998.2 15379136.0 13447173.8 51392.0 51215.3    350  110.936   0      0.000  110.936
83712.0 81088.0 320.0   0.0   7524736.0 1628016.6 15379136.0 13447173.8 51392.0 51215.3    350  110.936   0      0.000  110.936
83712.0 81088.0 320.0   0.0   7524736.0 1628036.9 15379136.0 13447173.8 51392.0 51215.3    350  110.936   0      0.000  110.936
83712.0 81088.0 320.0   0.0   7524736.0 2405105.7 15379136.0 13447173.8 51392.0 51249.1    350  110.936   0      0.000  110.936
83712.0 81088.0 320.0   0.0   7524736.0 5826572.4 15379136.0 13447173.8 51392.0 51249.1    350  110.936   0      0.000  110.936
77888.0 81088.0  0.0   2112.4 7524736.0 1929184.8 15379136.0 13447237.8 51392.0 51249.1    351  111.048   0      0.000  111.048
77888.0 81088.0  0.0   2112.4 7524736.0 5940578.0 15379136.0 13447237.8 51392.0 51249.1    351  111.048   0      0.000  111.048
77888.0 74880.0  64.0   0.0   7536768.0 2081472.4 15379136.0 13449243.9 51392.0 51249.1    352  111.159   0      0.000  111.159
77888.0 74880.0  64.0   0.0   7536768.0 5871010.2 15379136.0 13449243.9 51392.0 51249.1    352  111.159   0      0.000  111.159
71680.0 74880.0  0.0   288.0  7536768.0 2336848.5 15379136.0 13449307.9 51392.0 51249.1    353  111.255   0      0.000  111.255
71680.0 74880.0  0.0   288.0  7536768.0 6186147.5 15379136.0 13449307.9 51392.0 51249.1    353  111.255   0      0.000  111.255
71680.0 68352.0 224.0   0.0   7549504.0 2539061.7 15379136.0 13449331.9 51392.0 51249.1    354  111.368   0      0.000  111.368
71680.0 68352.0 224.0   0.0   7549504.0 6422023.0 15379136.0 13449331.9 51392.0 51249.1    354  111.368   0      0.000  111.368
64960.0 68352.0  0.0   256.0  7549504.0 2905671.3 15379136.0 13449395.9 51392.0 51249.1    355  111.483   0      0.000  111.483
64960.0 68352.0  0.0   256.0  7549504.0 6748276.7 15379136.0 13449395.9 51392.0 51249.1    355  111.483   0      0.000  111.483
64960.0 61632.0 224.0   0.0   7562944.0 3299527.7 15379136.0 13449411.9 51392.0 51249.1    356  111.595   0      0.000  111.595
64960.0 61632.0 224.0   0.0   7562944.0 7066642.6 15379136.0 13449411.9 51392.0 51249.1    356  111.595   0      0.000  111.595
58240.0 61632.0  0.0   256.0  7562944.0 3335849.0 15379136.0 13449467.9 51392.0 51249.1    357  111.704   0      0.000  111.704
58240.0 61632.0  0.0   256.0  7562944.0 4865239.1 15379136.0 13449467.9 51392.0 51249.1    357  111.704   0      0.000  111.704
58240.0 61632.0  0.0   256.0  7562944.0 4865298.3 15379136.0 13449467.9 51392.0 51249.1    357  111.704   0      0.000  111.704
58240.0 61632.0  0.0   256.0  7562944.0 4865353.4 15379136.0 13449467.9 51392.0 51249.1    357  111.704   0      0.000  111.704
58240.0 61632.0  0.0   256.0  7562944.0 4865371.8 15379136.0 13449467.9 51392.0 51249.1    357  111.704   0      0.000  111.704
58240.0 61632.0  0.0   256.0  7562944.0 4865390.0 15379136.0 13449467.9 51392.0 51249.1    357  111.704   0      0.000  111.704
58240.0 61632.0  0.0   256.0  7562944.0 4865410.4 15379136.0 13449467.9 51392.0 51249.1    357  111.704   0      0.000  111.704
58240.0 61632.0  0.0   256.0  7562944.0 4865426.6 15379136.0 13449467.9 51392.0 51249.1    357  111.704   0      0.000  111.704
58240.0 61632.0  0.0   256.0  7562944.0 4865477.4 15379136.0 13449467.9 51392.0 51249.1    357  111.704   0      0.000  111.704
58240.0 61632.0  0.0   256.0  7562944.0 4865824.3 15379136.0 13449467.9 51392.0 51272.6    357  111.704   0      0.000  111.704
