 S0C    S1C    S0U    S1U      EC       EU        OC         OU       PC     PU    YGC     YGCT    FGC    FGCT     GCT   
961152.0 961152.0  0.0    0.0   5767232.0 115344.7 15379136.0    0.0     21248.0 7372.1      0    0.000   0      0.000    0.000
961152.0 961152.0  0.0    0.0   5767232.0 346034.2 15379136.0    0.0     21248.0 16380.5      0    0.000   0      0.000    0.000
961152.0 961152.0  0.0    0.0   5767232.0 5537317.7 15379136.0    0.0     35264.0 35060.4      0    0.000   0      0.000    0.000
961152.0 961152.0  0.0   49400.6 5767232.0 1391526.2 15379136.0    0.0     47936.0 47850.8      1    0.042   0      0.000    0.042
961152.0 961152.0  0.0   49400.6 5767232.0 4156415.2 15379136.0    0.0     48128.0 48098.9      1    0.042   0      0.000    0.042
961152.0 961152.0 183616.3  0.0   5767232.0 2828404.9 15379136.0    0.0     48320.0 48141.1      2    0.116   0      0.000    0.116
961152.0 961152.0  0.0   232335.2 5767232.0 1144804.5 15379136.0    0.0     48320.0 48142.4      3    0.212   0      0.000    0.212
961152.0 961152.0  0.0   232335.2 5767232.0 4849413.7 15379136.0    0.0     48320.0 48173.9      3    0.212   0      0.000    0.212
436288.0 501056.0 394745.2  0.0   6687424.0 2172123.7 15379136.0    0.0     48320.0 48179.5      6    0.793   0      0.000    0.793
436288.0 501056.0 394745.2 56960.1 6687424.0 6687424.0 15379136.0  61489.9   48320.0 48182.7      7    0.793   0      0.000    0.793
487296.0 501056.0  0.0   289824.2 6687424.0 4771006.8 15379136.0  166836.7  48320.0 48262.2      7    1.066   0      0.000    1.066
487296.0 473856.0 285984.2  0.0   6728384.0 2383801.2 15379136.0  255320.7  48320.0 48265.8      8    1.339   0      0.000    1.339
451264.0 473856.0  0.0   259502.9 6728384.0 1282574.6 15379136.0  346504.7  48512.0 48362.3      9    1.623   0      0.000    1.623
451264.0 451456.0 140908.2  0.0   6786624.0 2657937.1 15379136.0  533512.9  48512.0 48394.8     10    1.860   0      0.000    1.860
468032.0 26176.0  0.0   26154.5 6786624.0 4995321.8 15379136.0  674328.9  48512.0 48395.6     11    1.994   0      0.000    1.994
485760.0 320.0   0.0   320.0  6731200.0 660531.6 15379136.0  730628.9  48512.0 48399.4     13    2.103   0      0.000    2.103
485760.0 484416.0 11264.5  0.0   6719360.0 3810974.1 15379136.0  730700.9  48512.0 48399.6     14    2.129   0      0.000    2.129
480448.0 471680.0 4896.1  0.0   6737408.0   0.0    15379136.0  741781.4  48512.0 48450.5     16    2.169   0      0.000    2.169
459584.0 471680.0  0.0   6560.0 6737408.0 3091886.2 15379136.0  745491.2  48512.0 48459.8     17    2.193   0      0.000    2.193
459584.0 442880.0 20800.5  0.0   6787072.0 2972001.4 15379136.0  751867.2  48512.0 48507.3     18    2.239   0      0.000    2.239
421248.0 442880.0  0.0   43296.2 6787072.0 1186245.2 15379136.0  771502.2  48512.0 48511.7     19    2.306   0      0.000    2.306
368384.0 395584.0  0.0   87584.2 6872704.0 1875523.7 15379136.0  865294.4  48704.0 48519.8     21    2.543   0      0.000    2.543
368384.0 395584.0  0.0   87584.2 6872704.0 5955921.2 15379136.0  865294.4  48704.0 48522.4     21    2.543   0      0.000    2.543
368384.0 347264.0 65792.1  0.0   6973888.0 3986013.2 15379136.0  948692.2  48704.0 48523.8     22    2.670   0      0.000    2.670
327616.0 347264.0  0.0   64089.6 6973888.0 2106468.9 15379136.0 1013900.3  48704.0 48523.9     23    2.915   0      0.000    2.915
327616.0 305984.0 82432.1  0.0   7055936.0 191974.7 15379136.0 1071377.1  48704.0 48524.2     24    3.110   0      0.000    3.110
290688.0 305984.0  0.0   56169.5 7055936.0 2737322.0 15379136.0 1153833.2  48704.0 48524.9     25    3.246   0      0.000    3.246
290688.0 276096.0 55006.5  0.0   7122752.0 3203973.9 15379136.0 1215555.7  48704.0 48526.4     26    3.477   0      0.000    3.477
264384.0 276096.0  0.0   41482.0 7122752.0 5060791.5 15379136.0 1264806.3  48704.0 48526.4     27    3.629   0      0.000    3.629
264384.0 253760.0 35441.6  0.0   7171392.0 7002856.6 15379136.0 1306184.3  48704.0 48527.0     28    3.798   0      0.000    3.798
242560.0 236224.0 9696.0  0.0   7210752.0 1793815.8 15379136.0 1378671.3  48704.0 48527.3     30    3.950   0      0.000    3.950
226560.0 236224.0  0.0   22508.3 7210752.0 3594054.8 15379136.0 1388239.3  48704.0 48529.0     31    4.000   0      0.000    4.000
226560.0 220544.0 224.0   0.0   7242432.0 3873040.5 15379136.0 1410555.6  48704.0 48530.9     32    4.036   0      0.000    4.036
213440.0 220544.0  0.0   256.0  7242432.0 678023.1 15379136.0 1410611.6  48704.0 48534.1     33    4.053   0      0.000    4.053
213440.0 220544.0  0.0   256.0  7242432.0 2538266.7 15379136.0 1410611.6  48704.0 48536.0     33    4.053   0      0.000    4.053
213440.0 220544.0  0.0   256.0  7242432.0 4515241.5 15379136.0 1410611.6  49280.0 49149.2     33    4.053   0      0.000    4.053
213440.0 228480.0 134818.0  0.0   7232576.0 5269092.5 15379136.0 1410675.6  49280.0 49174.4     34    4.087   0      0.000    4.087
240192.0 216768.0  0.0   216740.2 7232576.0 3501571.0 15379136.0 1560606.9  49280.0 49252.6     35    4.157   0      0.000    4.157
240192.0 252800.0 60627.2  0.0   7183936.0 2053706.8 15379136.0 1874175.0  49280.0 49253.9     36    4.231   0      0.000    4.231
247168.0 252800.0  0.0   288.0  7183936.0 2042175.9 15379136.0 1954816.8  49280.0 49254.5     37    4.258   0      0.000    4.258
247168.0 238464.0 10016.0  0.0   7203904.0 3971553.8 15379136.0 1954848.8  49280.0 49256.5     38    4.275   0      0.000    4.275
242048.0 238464.0  0.0   117999.2 7203904.0 4839525.5 15379136.0 1954904.8  49280.0 49257.0     39    4.305   0      0.000    4.305
242048.0 224896.0 63361.1  0.0   7222592.0 5458160.0 15379136.0 2016726.2  49280.0 49266.1     40    4.338   0      0.000    4.338
210240.0 224896.0  0.0   57981.8 7222592.0 5918583.3 15379136.0 2079837.0  49280.0 49268.0     41    4.373   0      0.000    4.373
192128.0 203200.0  0.0   41639.3 7276096.0 263204.8 15379136.0 2178434.6  49280.0 49268.5     43    4.432   0      0.000    4.432
192128.0 182976.0 33984.2  0.0   7314432.0 1212315.6 15379136.0 2219865.9  49280.0 49270.9     44    4.460   0      0.000    4.460
179456.0 182976.0  0.0   80913.5 7314432.0 3408953.8 15379136.0 2253612.0  49280.0 49271.5     45    4.491   0      0.000    4.491
179456.0 177280.0 256.0   0.0   7332800.0 5110973.1 15379136.0 2334345.6  49280.0 49272.2     46    4.518   0      0.000    4.518
173760.0 177280.0  0.0   288.0  7332800.0 2872059.1 15379136.0 2334393.6  49280.0 49272.6     47    4.536   0      0.000    4.536
173760.0 169152.0 320.0   0.0   7346624.0 592787.7 15379136.0 2334457.6  49280.0 49272.6     48    4.554   0      0.000    4.554
173760.0 169152.0 320.0   0.0   7346624.0 4643886.1 15379136.0 2334457.6  49280.0 49272.6     48    4.554   0      0.000    4.554
173760.0 169152.0 320.0   0.0   7346624.0 6212732.4 15379136.0 2334457.6  49280.0 49273.0     48    4.554   0      0.000    4.554
173760.0 169152.0 320.0   0.0   7346624.0 6564140.8 15379136.0 2334457.6  49280.0 49273.0     48    4.554   0      0.000    4.554
173760.0 169152.0 320.0   0.0   7346624.0 6564151.2 15379136.0 2334457.6  49280.0 49273.0     48    4.554   0      0.000    4.554
173760.0 169152.0 320.0   0.0   7346624.0 6564159.7 15379136.0 2334457.6  49280.0 49273.0     48    4.554   0      0.000    4.554
173760.0 169152.0 320.0   0.0   7346624.0 6564170.4 15379136.0 2334457.6  49280.0 49273.2     48    4.554   0      0.000    4.554
173760.0 169152.0 320.0   0.0   7346624.0 6564180.8 15379136.0 2334457.6  49280.0 49273.2     48    4.554   0      0.000    4.554
173760.0 169152.0 320.0   0.0   7346624.0 6573678.1 15379136.0 2334457.6  49280.0 49279.7     48    4.554   0      0.000    4.554
173760.0 169152.0 320.0   0.0   7346624.0 6573779.1 15379136.0 2334457.6  49280.0 49279.7     48    4.554   0      0.000    4.554
173760.0 169152.0 320.0   0.0   7346624.0 6573789.8 15379136.0 2334457.6  49280.0 49279.7     48    4.554   0      0.000    4.554
173760.0 169152.0 320.0   0.0   7346624.0 6573800.5 15379136.0 2334457.6  49280.0 49280.0     48    4.554   0      0.000    4.554
173760.0 169152.0 320.0   0.0   7346624.0 6573810.9 15379136.0 2334457.6  49472.0 49281.0     48    4.554   0      0.000    4.554
172480.0 169152.0  0.0   85839.7 7346624.0 4408844.5 15379136.0 2334497.6  49664.0 49621.3     49    4.583   0      0.000    4.583
172480.0 223360.0 172478.4  0.0   7242816.0 3046401.3 15379136.0 2380598.5  49664.0 49621.5     50    4.649   0      0.000    4.649
231616.0 215104.0  0.0   215087.7 7242816.0 2040045.3 15379136.0 2511736.8  49664.0 49622.0     51    4.746   0      0.000    4.746
231616.0 284992.0 187697.0  0.0   7119552.0 2190113.9 15379136.0 2689660.7  49664.0 49622.0     52    4.855   0      0.000    4.855
268416.0 284992.0  0.0   72977.2 7119552.0 3389436.1 15379136.0 2776209.9  49664.0 49622.0     53    5.015   0      0.000    5.015
268416.0 251648.0 91764.8  0.0   7169472.0 5721395.3 15379136.0 2868925.7  49664.0 49622.1     54    5.093   0      0.000    5.093
245376.0 251648.0 29920.0 29888.0 7169472.0 7169472.0 15379136.0 2989082.5  49664.0 49622.1     56    5.177   0      0.000    5.177
229952.0 237824.0  0.0   30048.0 7206336.0 745264.3 15379136.0 3021466.6  49664.0 49622.1     57    5.835   0      0.000    5.835
229952.0 221568.0 30016.0  0.0   7238016.0 1972044.3 15379136.0 3051458.6  49664.0 49622.4     58    6.141   0      0.000    6.141
213120.0 221568.0  0.0   87232.1 7238016.0 3667239.0 15379136.0 3081434.6  49664.0 49623.1     59    6.261   0      0.000    6.261
213120.0 202304.0 50368.0  0.0   7274112.0 5632176.5 15379136.0 3168610.7  49664.0 49623.1     60    6.408   0      0.000    6.408
195264.0 202304.0  0.0   85647.5 7274112.0 6370882.7 15379136.0 3202498.8  49664.0 49623.1     61    6.691   0      0.000    6.691
195264.0 187520.0 42208.0  0.0   7306752.0 6320135.6 15379136.0 3268306.3  49664.0 49629.1     62    6.994   0      0.000    6.994
195264.0 187520.0  0.0   187514.1 7306752.0 7006103.2 15379136.0 3295682.3  49664.0 49629.1     63    7.157   0      0.000    7.157
207360.0 215936.0  0.0   53344.1 7257664.0   0.0    15379136.0 3502270.4  49664.0 49630.8     65    7.377   0      0.000    7.377
207360.0 218816.0 144583.8  0.0   7251904.0 641608.9 15379136.0 3527874.5  49664.0 49630.8     66    7.492   0      0.000    7.492
211072.0 218816.0  0.0   52553.1 7251904.0 1577137.1 15379136.0 3673053.4  49664.0 49631.6     67    7.598   0      0.000    7.598
211072.0 202560.0 56639.4  0.0   7275904.0 3561385.3 15379136.0 3725458.6  49664.0 49632.5     68    7.710   0      0.000    7.710
197312.0 202560.0  0.0   38207.3 7275904.0 4680596.7 15379136.0 3781482.0  49664.0 49633.2     69    7.804   0      0.000    7.804
197312.0 185280.0 74819.1  0.0   7306944.0 4594779.4 15379136.0 3818561.2  49664.0 49633.2     70    8.113   0      0.000    8.113
175680.0 185280.0  0.0   67275.0 7306944.0 4300523.0 15379136.0 3893306.0  49664.0 49633.2     71    8.478   0      0.000    8.478
175680.0 167360.0 79520.1  0.0   7346496.0 5541182.8 15379136.0 3960501.1  49664.0 49633.4     72    8.583   0      0.000    8.583
163008.0 167360.0  0.0   88196.1 7346496.0 6987254.0 15379136.0 4039949.2  49664.0 49634.4     73    8.690   0      0.000    8.690
163008.0 158784.0 50166.6  0.0   7367744.0 3237773.9 15379136.0 4127549.3  49856.0 49720.9     74    8.815   0      0.000    8.815
163008.0 158784.0 50166.6  0.0   7367744.0 6784525.6 15379136.0 4127549.3  49856.0 49720.9     74    8.815   0      0.000    8.815
154112.0 158784.0  0.0   51499.2 7367744.0 2816008.1 15379136.0 4176075.9  49856.0 49721.5     75    8.927   0      0.000    8.927
154112.0 158784.0  0.0   51499.2 7367744.0 5461575.4 15379136.0 4176075.9  49856.0 49721.5     75    8.927   0      0.000    8.927
154112.0 150528.0 44268.4  0.0   7384896.0 335025.3 15379136.0 4221359.1  49856.0 49721.5     76    9.039   0      0.000    9.039
154112.0 150528.0 44268.4  0.0   7384896.0 2729233.9 15379136.0 4221359.1  49856.0 49721.5     76    9.039   0      0.000    9.039
154112.0 150528.0 44268.4  0.0   7384896.0 4964125.3 15379136.0 4221359.1  49856.0 49721.8     76    9.039   0      0.000    9.039
154112.0 150528.0 44268.4 105651.6 7384896.0 7384896.0 15379136.0 4224511.1  49856.0 49799.3     77    9.039   0      0.000    9.039
154112.0 150528.0  0.0   150525.1 7384896.0 4757588.6 15379136.0 4364995.5  49856.0 49807.4     77    9.183   0      0.000    9.183
154112.0 229760.0 138562.7  0.0   7230016.0 3997038.2 15379136.0 4558142.0  49856.0 49810.2     78    9.285   0      0.000    9.285
218752.0 229760.0  0.0   81980.9 7230016.0 5440150.0 15379136.0 4624453.6  49856.0 49810.7     79    9.337   0      0.000    9.337
218752.0 226688.0 149549.1  0.0   7236160.0 6302816.3 15379136.0 4705978.5  49856.0 49812.1     80    9.398   0      0.000    9.398
223872.0 226688.0  0.0   126770.1 7236160.0 6829708.8 15379136.0 4822515.6  49856.0 49812.4     81    9.465   0      0.000    9.465
223872.0 215360.0 81595.3  0.0   7250304.0 6334483.0 15379136.0 4949037.7  49856.0 49820.5     82    9.527   0      0.000    9.527
211008.0 215360.0  0.0   58966.1 7250304.0 6538685.8 15379136.0 5010867.1  49856.0 49822.1     83    9.572   0      0.000    9.572
211008.0 212480.0 131527.1  0.0   7264576.0 6886814.5 15379136.0 5053166.9  49856.0 49822.4     84    9.623   0      0.000    9.623
215360.0 212288.0 56056.5  0.0   7261888.0   0.0    15379136.0 5186543.1  49856.0 49822.6     86    9.726   0      0.000    9.726
215360.0 212288.0 56056.5  0.0   7261888.0 7207643.2 15379136.0 5186543.1  49856.0 49827.3     87    9.726   0      0.000    9.726
208064.0 212288.0  0.0   118162.0 7261888.0 7219569.5 15379136.0 5238269.3  49856.0 49828.8     88    9.788   0      0.000    9.788
208064.0 203008.0 67499.8  0.0   7278464.0 4804778.4 15379136.0 5305229.3  49856.0 49828.8     88    9.838   0      0.000    9.838
223808.0 182208.0  0.0   182161.4 7278464.0 2714957.0 15379136.0 5305313.4  49856.0 49830.7     89    9.897   0      0.000    9.897
223808.0 230016.0 288.0   0.0   7229504.0 647016.9 15379136.0 5487234.8  49856.0 49831.1     90    9.953   0      0.000    9.953
223808.0 230016.0 288.0   0.0   7229504.0 5175732.7 15379136.0 5487234.8  49856.0 49831.3     90    9.953   0      0.000    9.953
232768.0 256.0   0.0   256.0  7229504.0 1044685.0 15379136.0 5487298.8  49856.0 49833.5     91    9.989   0      0.000    9.989
232768.0 256.0   0.0   256.0  7229504.0 2163204.6 15379136.0 5487298.8  49856.0 49833.9     91    9.989   0      0.000    9.989
232768.0 256.0   0.0   256.0  7229504.0 2272917.6 15379136.0 5487298.8  49856.0 49834.1     91    9.989   0      0.000    9.989
232768.0 256.0   0.0   256.0  7229504.0 6665039.1 15379136.0 5487298.8  49856.0 49840.5     91    9.989   0      0.000    9.989
232768.0 282368.0 232749.3  0.0   7124800.0 4791839.9 15379136.0 5514386.8  49856.0 49842.6     92   10.074   0      0.000   10.074
315264.0 240576.0  0.0   240538.3 7124800.0 3777647.0 15379136.0 5738946.6  49856.0 49843.5     93   10.220   0      0.000   10.220
315264.0 310656.0 158136.2  0.0   7063616.0 3599982.0 15379136.0 5998132.8  49856.0 49846.0     94   10.388   0      0.000   10.388
315328.0 185152.0  0.0   185115.8 7063616.0 760877.3 15379136.0 6117565.0  50048.0 49905.3     95   10.555   0      0.000   10.555
315328.0 185152.0  0.0   185115.8 7063616.0 6149350.7 15379136.0 6117565.0  50048.0 49931.5     95   10.555   0      0.000   10.555
315328.0 309952.0 163679.0  0.0   7064256.0 5741640.2 15379136.0 6220080.8  50048.0 49935.8     96   10.718   0      0.000   10.718
297024.0 309952.0  0.0   144600.7 7064256.0 5777656.7 15379136.0 6349895.3  50048.0 49984.4     97   10.899   0      0.000   10.899
297024.0 282432.0 121578.5 26015.5 7110080.0 7110080.0 15379136.0 6462753.6  50048.0 49990.1     99   11.087   0      0.000   11.087
273984.0 282432.0  0.0   92255.7 7110080.0 4657574.5 15379136.0 6563807.1  50048.0 49993.6     99   11.322   0      0.000   11.322
273984.0 282432.0  0.0   92255.7 7110080.0 5667101.3 15379136.0 6563807.1  50048.0 50000.9     99   11.322   0      0.000   11.322
281024.0 640.0   0.0   608.0  7142528.0 5180921.4 15379136.0 6770465.1  50048.0 50003.9    101   11.661   0      0.000   11.661
281024.0 285696.0 174751.8  0.0   7118144.0 4190879.9 15379136.0 6770633.1  50048.0 50006.0    102   11.813   0      0.000   11.813
271744.0 285696.0  0.0   110805.3 7118144.0 5171589.4 15379136.0 6919793.0  50048.0 50007.4    103   12.013   0      0.000   12.013
271744.0 257280.0 123686.8  0.0   7160512.0 2864327.5 15379136.0 7028006.3  50048.0 50007.4    104   12.287   0      0.000   12.287
271744.0 257280.0 123686.8  0.0   7160512.0 3177345.4 15379136.0 7028006.3  50048.0 50007.7    104   12.287   0      0.000   12.287
271744.0 257280.0 123686.8 7191.8 7160512.0 7160512.0 15379136.0 7028014.3  50048.0 50009.1    105   12.287   0      0.000   12.287
259136.0 249088.0 108029.4  0.0   7181312.0 176917.6 15379136.0 7296781.7  50048.0 50011.8    106   12.720   0      0.000   12.720
259136.0 249088.0 108029.4  0.0   7181312.0 3073259.6 15379136.0 7296781.7  50048.0 50012.3    106   12.720   0      0.000   12.720
259136.0 249088.0 108029.4 49059.7 7181312.0 7181312.0 15379136.0 7329539.1  50048.0 50014.4    107   12.720   0      0.000   12.720
238656.0 232000.0 97849.3  0.0   7218880.0 94449.5  15379136.0 7523749.8  50048.0 50014.5    108   13.149   0      0.000   13.149
238656.0 232000.0 97849.3  0.0   7218880.0 7180598.2 15379136.0 7523749.8  50048.0 50014.9    109   13.149   0      0.000   13.149
232064.0 232000.0  0.0   152336.1 7218880.0 5504672.3 15379136.0 7619503.1  50048.0 50015.2    109   13.351   0      0.000   13.351
232064.0 227968.0 87372.3  0.0   7229504.0 4611372.1 15379136.0 7764655.2  50048.0 50016.4    110   13.533   0      0.000   13.533
222592.0 227968.0  0.0   90745.9 7229504.0 2117992.4 15379136.0 7837659.4  50048.0 50020.8    111   13.720   0      0.000   13.720
222592.0 227968.0  0.0   90745.9 7229504.0 6095479.2 15379136.0 7837659.4  50048.0 50022.0    111   13.720   0      0.000   13.720
222592.0 217600.0 87202.2  0.0   7249344.0 1256371.5 15379136.0 7916133.2  50048.0 50022.2    112   13.918   0      0.000   13.918
222592.0 217600.0 87202.2  0.0   7249344.0 1256434.8 15379136.0 7916133.2  50048.0 50022.2    112   13.918   0      0.000   13.918
222592.0 217600.0 87202.2  0.0   7249344.0 1256461.8 15379136.0 7916133.2  50048.0 50022.5    112   13.918   0      0.000   13.918
222592.0 217600.0 87202.2  0.0   7249344.0 7019340.9 15379136.0 7916133.2  50048.0 50026.3    112   13.918   0      0.000   13.918
229952.0 176512.0  0.0   176483.6 7249344.0 7207764.1 15379136.0 8003279.4  50048.0 50026.3    114   14.103   0      0.000   14.103
235584.0 188352.0  0.0   188335.0 7239040.0 424994.4 15379136.0 8166041.3  50048.0 50026.3    115   14.436   0      0.000   14.436
235584.0 234112.0 72648.4  0.0   7219840.0 1842641.0 15379136.0 8354015.3  50048.0 50026.3    116   14.600   0      0.000   14.600
225792.0 234112.0  0.0   129829.8 7219840.0 2758619.9 15379136.0 8418383.6  50048.0 50026.3    117   14.787   0      0.000   14.787
225792.0 222976.0 78720.0  0.0   7240768.0 3500007.1 15379136.0 8599704.8  50048.0 50026.6    118   14.959   0      0.000   14.959
213056.0 222976.0  0.0   115492.0 7240768.0 4455160.4 15379136.0 8639440.8  50048.0 50027.8    119   15.122   0      0.000   15.122
213056.0 214784.0 52057.4  0.0   7259968.0 6363780.2 15379136.0 8716113.6  50048.0 50028.0    120   15.214   0      0.000   15.214
222656.0 218560.0 53296.4  0.0   7248320.0 1296036.8 15379136.0 8768083.0  50048.0 50028.0    122   15.332   0      0.000   15.332
208448.0 218560.0  0.0   83510.2 7248320.0 3215350.6 15379136.0 8808603.8  50048.0 50028.0    123   15.393   0      0.000   15.393
208448.0 210304.0 17024.1  0.0   7268928.0 4888095.5 15379136.0 8889850.0  50048.0 50028.6    124   15.452   0      0.000   15.452
200320.0 210304.0  0.0   73315.4 7268928.0 5443484.9 15379136.0 8890247.7  50048.0 50028.6    125   15.512   0      0.000   15.512
200320.0 224448.0 181913.0  0.0   7240640.0 3934836.2 15379136.0 8930427.5  50048.0 50032.5    126   15.590   0      0.000   15.590
228160.0 220736.0  0.0   220733.6 7240640.0 2977213.7 15379136.0 9084754.4  50048.0 50032.5    127   15.694   0      0.000   15.694
228160.0 272128.0 186624.2  0.0   7145280.0 2031111.1 15379136.0 9277011.2  50048.0 50032.5    128   15.796   0      0.000   15.796
258944.0 272128.0  0.0   101143.8 7145280.0 1329923.2 15379136.0 9368702.2  50048.0 50032.5    129   15.872   0      0.000   15.872
258944.0 260352.0 20754.1  0.0   7168832.0 2793125.3 15379136.0 9394193.6  50048.0 50032.5    130   15.933   0      0.000   15.933
258304.0 260352.0  0.0   25627.1 7168832.0 3857059.6 15379136.0 9414747.7  50048.0 50032.5    131   15.993   0      0.000   15.993
258304.0 258624.0 288.0   0.0   7172288.0 4714483.5 15379136.0 9440162.8  50048.0 50032.5    132   16.052   0      0.000   16.052
256256.0 258624.0  0.0   288.0  7172288.0 4337093.1 15379136.0 9440234.9  50048.0 50032.5    133   16.112   0      0.000   16.112
256256.0 258624.0  0.0   288.0  7172288.0 6520239.1 15379136.0 9440234.9  50048.0 50032.5    133   16.112   0      0.000   16.112
256256.0 251840.0 288.0   0.0   7181440.0 506316.8 15379136.0 9440298.9  50048.0 50032.9    134   16.171   0      0.000   16.171
256256.0 251840.0 288.0   0.0   7181440.0 506372.2 15379136.0 9440298.9  50048.0 50032.9    134   16.171   0      0.000   16.171
256256.0 251840.0 288.0   0.0   7181440.0 506393.1 15379136.0 9440298.9  50048.0 50034.9    134   16.171   0      0.000   16.171
256256.0 251840.0 288.0   0.0   7181440.0 506416.1 15379136.0 9440298.9  50048.0 50034.9    134   16.171   0      0.000   16.171
256256.0 251840.0 288.0   0.0   7181440.0 506437.1 15379136.0 9440298.9  50048.0 50034.9    134   16.171   0      0.000   16.171
256256.0 251840.0 288.0   0.0   7181440.0 506476.0 15379136.0 9440298.9  50048.0 50035.3    134   16.171   0      0.000   16.171
256256.0 251840.0 288.0   0.0   7181440.0 506504.8 15379136.0 9440298.9  50048.0 50035.5    134   16.171   0      0.000   16.171
256256.0 251840.0 288.0   0.0   7181440.0 506525.8 15379136.0 9440298.9  50048.0 50035.5    134   16.171   0      0.000   16.171
256256.0 251840.0 288.0   0.0   7181440.0 506549.1 15379136.0 9440298.9  50048.0 50035.5    134   16.171   0      0.000   16.171
256256.0 251840.0 288.0   0.0   7181440.0 506567.6 15379136.0 9440298.9  50048.0 50035.5    134   16.171   0      0.000   16.171
256256.0 251840.0 288.0   0.0   7181440.0 506616.2 15379136.0 9440298.9  50048.0 50035.5    134   16.171   0      0.000   16.171
256256.0 251840.0 288.0   0.0   7181440.0 7141274.7 15379136.0 9440298.9  50048.0 50038.2    135   16.171   0      0.000   16.171
258624.0 249472.0  0.0   249459.6 7181440.0 6173748.4 15379136.0 9460935.0  50048.0 50039.5    135   16.297   0      0.000   16.297
258624.0 303680.0 156119.3  0.0   7082176.0 4185903.9 15379136.0 9587211.1  50048.0 50040.0    136   16.453   0      0.000   16.453
318848.0 192640.0  0.0   192607.2 7082176.0 4767641.7 15379136.0 9732192.5  50048.0 50040.0    137   16.640   0      0.000   16.640
318848.0 298688.0 108337.6  0.0   7072000.0 6567388.6 15379136.0 9904311.7  50048.0 50041.3    138   16.832   0      0.000   16.832
288000.0 298688.0 105665.1 54464.0 7072000.0 7072000.0 15379136.0 10061681.3 50048.0 50041.5    140   17.034   0      0.000   17.034
256320.0 271360.0  0.0   89154.0 7130176.0 690751.2 15379136.0 10169056.1 50048.0 50042.1    141   17.467   0      0.000   17.467
256320.0 243072.0 106221.9  0.0   7190144.0 342028.4 15379136.0 10256170.1 50048.0 50042.1    142   17.710   0      0.000   17.710
256320.0 243072.0 106221.9  0.0   7190144.0 6239061.1 15379136.0 10256170.1 50048.0 50045.5    142   17.710   0      0.000   17.710
233280.0 243072.0  0.0   112450.3 7190144.0 5955383.4 15379136.0 10358892.0 50048.0 50045.5    143   17.892   0      0.000   17.892
233280.0 241728.0 160139.0 23360.1 7206080.0 7206080.0 15379136.0 10467466.5 50048.0 50045.5    145   18.058   0      0.000   18.058
228672.0 238400.0 166361.5  0.0   7212736.0 438210.4 15379136.0 10701511.5 50048.0 50045.5    146   18.388   0      0.000   18.388
234816.0 238400.0  0.0   137277.2 7212736.0   0.0    15379136.0 10847353.2 50048.0 50045.5    147   18.577   0      0.000   18.577
234816.0 238400.0  0.0   137277.2 7212736.0 5200486.1 15379136.0 10847353.2 50240.0 50050.4    147   18.577   0      0.000   18.577
234816.0 231424.0 65493.1  0.0   7223296.0 4029067.3 15379136.0 10939137.2 50240.0 50050.4    148   18.824   0      0.000   18.824
233344.0 231424.0  0.0   148370.1 7223296.0 4823830.8 15379136.0 11004558.3 50240.0 50051.6    149   19.034   0      0.000   19.034
233344.0 228224.0 132609.0  0.0   7227968.0 5465782.3 15379136.0 11144270.0 50240.0 50051.6    150   19.257   0      0.000   19.257
221120.0 228224.0  0.0   127372.7 7227968.0 6838342.3 15379136.0 11269991.1 50240.0 50051.6    151   19.458   0      0.000   19.458
221120.0 214272.0 96544.1  0.0   7254144.0 7095287.1 15379136.0 11397906.2 50240.0 50051.6    152   19.650   0      0.000   19.650
211520.0 214272.0  0.0   73320.3 7254144.0 7036551.9 15379136.0 11484146.2 50240.0 50051.6    153   19.858   0      0.000   19.858
211520.0 203776.0 97454.5  0.0   7274240.0 5316730.4 15379136.0 11557402.7 50240.0 50051.6    154   20.044   0      0.000   20.044
196672.0 203776.0  0.0   115832.3 7274240.0 2912225.9 15379136.0 11626593.1 50240.0 50051.6    155   20.244   0      0.000   20.244
196672.0 203776.0  0.0   115832.3 7274240.0 7098345.3 15379136.0 11626593.1 50240.0 50051.6    155   20.244   0      0.000   20.244
196672.0 190336.0 116640.7  0.0   7302528.0 1128031.4 15379136.0 11741361.5 50240.0 50051.6    156   20.454   0      0.000   20.454
196672.0 190336.0 116640.7  0.0   7302528.0 2295118.9 15379136.0 11741361.5 50240.0 50051.8    156   20.454   0      0.000   20.454
196672.0 190336.0 116640.7  0.0   7302528.0 2875078.0 15379136.0 11741361.5 50240.0 50053.5    156   20.454   0      0.000   20.454
196672.0 190336.0 116640.7  0.0   7302528.0 2981862.6 15379136.0 11741361.5 50240.0 50053.7    156   20.454   0      0.000   20.454
196672.0 190336.0 116640.7  0.0   7302528.0 2981887.7 15379136.0 11741361.5 50240.0 50053.7    156   20.454   0      0.000   20.454
196672.0 190336.0 116640.7  0.0   7302528.0 2981908.8 15379136.0 11741361.5 50240.0 50053.7    156   20.454   0      0.000   20.454
196672.0 190336.0 116640.7  0.0   7302528.0 2981957.3 15379136.0 11741361.5 50240.0 50053.7    156   20.454   0      0.000   20.454
196672.0 190336.0 116640.7  0.0   7302528.0 2981978.8 15379136.0 11741361.5 50240.0 50053.7    156   20.454   0      0.000   20.454
196672.0 190336.0 116640.7  0.0   7302528.0 2981999.7 15379136.0 11741361.5 50240.0 50053.7    156   20.454   0      0.000   20.454
196672.0 190336.0 116640.7  0.0   7302528.0 2982020.6 15379136.0 11741361.5 50240.0 50053.7    156   20.454   0      0.000   20.454
196672.0 190336.0 116640.7  0.0   7302528.0 2982041.9 15379136.0 11741361.5 50240.0 50054.9    156   20.454   0      0.000   20.454
196672.0 190336.0 116640.7  0.0   7302528.0 2985615.8 15379136.0 11741361.5 50240.0 50055.3    156   20.454   0      0.000   20.454
196672.0 190336.0 116640.7  0.0   7302528.0 2985634.6 15379136.0 11741361.5 50240.0 50055.3    156   20.454   0      0.000   20.454
196672.0 190336.0 116640.7  0.0   7302528.0 2985655.3 15379136.0 11741361.5 50240.0 50056.0    156   20.454   0      0.000   20.454
196672.0 190336.0 116640.7  0.0   7302528.0 2985674.0 15379136.0 11741361.5 50240.0 50056.2    156   20.454   0      0.000   20.454
196672.0 190336.0  0.0   190326.5 7302528.0 313092.3 15379136.0 11830602.2 50240.0 50057.3    157   20.700   0      0.000   20.700
196672.0 236736.0 106383.2  0.0   7216064.0 1198866.8 15379136.0 11994109.1 50240.0 50057.5    158   20.952   0      0.000   20.952
228416.0 236736.0  0.0   109459.5 7216064.0 2830386.5 15379136.0 12102054.7 50240.0 50057.5    159   21.133   0      0.000   21.133
228416.0 227456.0 68298.3  0.0   7233664.0 4724781.2 15379136.0 12211526.3 50240.0 50057.5    160   21.315   0      0.000   21.315
229376.0 43008.0  0.0   42976.0 7233664.0 4752257.8 15379136.0 12279824.7 50240.0 50057.5    161   21.833   0      0.000   21.833
229376.0 238144.0 166601.1  0.0   7213248.0 6329578.1 15379136.0 12322848.7 50240.0 50057.5    162   22.038   0      0.000   22.038
238528.0 42560.0 29812.4 42560.0 7213248.0 7213248.0 15379136.0 12493729.8 50240.0 50058.0    164   22.238   0      0.000   22.238
238528.0 153920.0  0.0   153885.6 7182912.0   0.0    15379136.0 12703018.2 50240.0 50058.2    165   22.688   0      0.000   22.688
253440.0 247232.0 78590.7  0.0   7188864.0 1148511.9 15379136.0 12752745.9 50240.0 50058.2    166   22.785   0      0.000   22.785
249280.0 247232.0  0.0   27115.0 7188864.0 3152994.6 15379136.0 12753356.6 50240.0 50058.2    167   22.865   0      0.000   22.865
249280.0 249152.0 24544.0  0.0   7191104.0 4936606.9 15379136.0 12758468.6 50240.0 50058.7    168   22.950   0      0.000   22.950
244352.0 249152.0  0.0   38772.8 7191104.0 5658379.2 15379136.0 12763420.6 50240.0 50058.7    169   23.045   0      0.000   23.045
244352.0 232128.0 75778.8  0.0   7213056.0 7201591.5 15379136.0 12773151.2 50240.0 50061.9    171   23.148   0      0.000   23.148
233856.0 232128.0  0.0   133976.1 7213056.0 6427559.0 15379136.0 12799550.0 50240.0 50061.9    171   23.268   0      0.000   23.268
233856.0 224896.0 66836.4  0.0   7230784.0 6608534.7 15379136.0 12879232.4 50240.0 50061.9    172   23.402   0      0.000   23.402
237184.0 240320.0 224.0   0.0   7208896.0 6739293.8 15379136.0 13091635.9 50240.0 50061.9    174   23.718   0      0.000   23.718
230784.0 240320.0 288.0  57190.0 7208896.0 7208896.0 15379136.0 13116908.2 50240.0 50061.9    176   23.858   0      0.000   23.858
226112.0 229888.0  0.0   11303.8 7228864.0 601894.3 15379136.0 13130052.2 50240.0 50062.0    177   24.092   0      0.000   24.092
226112.0 229888.0  0.0   11303.8 7228864.0 6676376.3 15379136.0 13130052.2 50240.0 50062.0    177   24.092   0      0.000   24.092
226112.0 222848.0 256.0   0.0   7240576.0 3662016.2 15379136.0 13141092.0 50240.0 50062.0    178   24.177   0      0.000   24.177
226112.0 222848.0 256.0   0.0   7240576.0 5461810.9 15379136.0 13141092.0 50240.0 50062.0    178   24.177   0      0.000   24.177
226112.0 222848.0 256.0   0.0   7240576.0 5461857.1 15379136.0 13141092.0 50240.0 50062.0    178   24.177   0      0.000   24.177
226112.0 222848.0 256.0   0.0   7240576.0 5461879.8 15379136.0 13141092.0 50240.0 50062.0    178   24.177   0      0.000   24.177
226112.0 222848.0 256.0   0.0   7240576.0 5461898.5 15379136.0 13141092.0 50240.0 50062.0    178   24.177   0      0.000   24.177
226112.0 222848.0 256.0   0.0   7240576.0 5461919.3 15379136.0 13141092.0 50240.0 50062.0    178   24.177   0      0.000   24.177
226112.0 222848.0 256.0   0.0   7240576.0 5461938.1 15379136.0 13141092.0 50240.0 50062.0    178   24.177   0      0.000   24.177
226112.0 222848.0 256.0   0.0   7240576.0 5461985.5 15379136.0 13141092.0 50240.0 50062.5    178   24.177   0      0.000   24.177
226112.0 222848.0 256.0   0.0   7240576.0 5462004.2 15379136.0 13141092.0 50240.0 50062.5    178   24.177   0      0.000   24.177
226112.0 222848.0 256.0   0.0   7240576.0 5462025.0 15379136.0 13141092.0 50240.0 50062.7    178   24.177   0      0.000   24.177
226112.0 222848.0 256.0   0.0   7240576.0 5462043.8 15379136.0 13141092.0 50240.0 50062.7    178   24.177   0      0.000   24.177
226112.0 222848.0 256.0   0.0   7240576.0 5462060.5 15379136.0 13141092.0 50240.0 50062.9    178   24.177   0      0.000   24.177
226112.0 222848.0 256.0   0.0   7240576.0 5462104.1 15379136.0 13141092.0 50240.0 50062.9    178   24.177   0      0.000   24.177
226112.0 222848.0 256.0   0.0   7240576.0 5462122.8 15379136.0 13141092.0 50240.0 50062.9    178   24.177   0      0.000   24.177
226112.0 222848.0 256.0   0.0   7240576.0 5462145.6 15379136.0 13141092.0 50240.0 50063.2    178   24.177   0      0.000   24.177
226112.0 222848.0 256.0   0.0   7240576.0 5462182.9 15379136.0 13141092.0 50240.0 50063.7    178   24.177   0      0.000   24.177
226112.0 222848.0 256.0   0.0   7240576.0 7112276.6 15379136.0 13141092.0 50240.0 50067.2    179   24.177   0      0.000   24.177
224960.0 222848.0  0.0   113088.5 7240576.0 6261237.4 15379136.0 13141124.0 50240.0 50068.7    179   24.272   0      0.000   24.272
224960.0 282560.0 224954.1  0.0   7124416.0 6281827.1 15379136.0 13183255.6 50240.0 50068.7    180   24.432   0      0.000   24.432
310400.0 216768.0  0.0   216734.7 7124416.0 6464012.0 15379136.0 13271717.7 50240.0 50070.5    181   24.621   0      0.000   24.621
286848.0 294720.0  0.0   133900.2 7084416.0 187612.1 15379136.0 13577011.7 50240.0 50070.8    183   25.077   0      0.000   25.077
286848.0 276992.0 58400.0  0.0   7125696.0 1423258.7 15379136.0 13709495.9 50240.0 50072.2    184   25.303   0      0.000   25.303
264128.0 276992.0  0.0   74003.9 7125696.0 661902.1 15379136.0 13763775.9 50240.0 50072.9    185   25.495   0      0.000   25.495
264128.0 249152.0 89599.6  0.0   7176256.0   0.0    15379136.0 13836646.4 50240.0 50074.2    186   25.690   0      0.000   25.690
264128.0 249152.0 89599.6  0.0   7176256.0 6457436.8 15379136.0 13836646.4 50240.0 50076.5    186   25.690   0      0.000   25.690
254784.0 249152.0  0.0   153990.5 7176256.0 6919066.7 15379136.0 13926142.1 50240.0 50077.2    187   25.975   0      0.000   25.975
254784.0 241216.0 94479.9 160.0  7193536.0 7193536.0 15379136.0 14071394.4 50240.0 50077.2    189   26.197   0      0.000   26.197
232768.0 241216.0  0.0   70700.2 7193536.0 6576331.6 15379136.0 14160738.2 50240.0 50077.2    189   26.421   0      0.000   26.421
232768.0 265408.0 223630.6  0.0   7158720.0 5695082.2 15379136.0 14215710.3 50240.0 50079.1    190   26.677   0      0.000   26.677
272960.0 173824.0  0.0   173764.5 7158720.0 5410956.8 15379136.0 14412159.3 50240.0 50079.1    191   26.983   0      0.000   26.983
272960.0 257536.0 118110.6  0.0   7159040.0 5266083.3 15379136.0 14565577.0 50240.0 50079.1    192   27.253   0      0.000   27.253
252544.0 257536.0  0.0   142327.9 7159040.0 3615812.8 15379136.0 14724670.2 50240.0 50079.7    193   27.470   0      0.000   27.470
252544.0 247104.0 141480.8  0.0   7189888.0 4874293.3 15379136.0 14840262.2 50240.0 50080.2    194   27.712   0      0.000   27.712
241280.0 247104.0  0.0   83528.6 7189888.0 1913788.6 15379136.0 14998216.2 50240.0 50080.2    195   27.989   0      0.000   27.989
241280.0 258944.0 199439.3  0.0   7171648.0 2394353.2 15379136.0 15073424.8 50240.0 50080.2    196   28.270   0      0.000   28.270
256512.0 258944.0  0.0   63149.1 7171648.0   0.0    15379136.0 15246349.3 50240.0 50080.2    197   28.511   1      0.000   28.511
256512.0 258944.0  0.0   63149.1 7171648.0   0.0    15379136.0 15246349.3 50240.0 50080.2    197   28.511   1      0.000   28.511
256512.0 258944.0  0.0   63149.1 7171648.0   0.0    15379136.0 15246349.3 50240.0 50080.2    197   28.511   1      0.000   28.511
256512.0 258944.0  0.0   63149.1 7171648.0   0.0    15379136.0 15246349.3 50240.0 50080.2    197   28.511   1      0.000   28.511
256512.0 258944.0  0.0    0.0   7171648.0 3833095.5 15379136.0 3064615.3  100480.0 50080.2    197   28.511   1      7.377   35.888
256512.0 246528.0 130163.4  0.0   7186496.0 4726604.1 15379136.0 3064615.3  100480.0 50081.1    198   28.730   1      7.377   36.107
235136.0 246528.0  0.0   114922.8 7186496.0 3963790.2 15379136.0 3217366.1  100480.0 50084.4    199   28.946   1      7.377   36.323
235136.0 237760.0 158825.8  0.0   7214016.0 2443236.2 15379136.0 3321084.8  100480.0 50084.4    200   29.187   1      7.377   36.564
233600.0 237760.0  0.0   82506.2 7214016.0 261268.2 15379136.0 3470512.1  100480.0 50084.8    201   29.395   1      7.377   36.772
233600.0 237760.0  0.0   82506.2 7214016.0 5172907.2 15379136.0 3470512.1  100480.0 50087.5    201   29.395   1      7.377   36.772
233600.0 227520.0 89376.5  0.0   7228416.0 1651652.9 15379136.0 3540714.3  100480.0 50089.6    202   29.556   1      7.377   36.933
233600.0 227520.0 89376.5  0.0   7228416.0 2756173.7 15379136.0 3540714.3  100480.0 50089.9    202   29.556   1      7.377   36.933
233600.0 227520.0 89376.5  0.0   7228416.0 2756203.8 15379136.0 3540714.3  100480.0 50089.9    202   29.556   1      7.377   36.933
233600.0 227520.0 89376.5  0.0   7228416.0 6710052.8 15379136.0 3540714.3  100480.0 50091.4    202   29.556   1      7.377   36.933
222912.0 227520.0  0.0   134460.7 7228416.0 7206095.7 15379136.0 3630066.8  100480.0 50091.4    204   29.736   1      7.377   37.113
220992.0 225536.0  0.0   88593.7 7238464.0 1530403.1 15379136.0 3889181.4  100480.0 50091.4    205   30.008   1      7.377   37.385
220992.0 213440.0 103645.6  0.0   7255104.0 3593973.9 15379136.0 3998128.7  100480.0 50091.4    206   30.129   1      7.377   37.507
209664.0 213440.0  0.0   133253.8 7255104.0 5210293.9 15379136.0 4081293.7  100480.0 50091.4    207   30.278   1      7.377   37.655
209664.0 215040.0 34080.0  0.0   7259456.0 6622851.2 15379136.0 4198123.5  100480.0 50091.8    208   30.395   1      7.377   37.772
206656.0 215040.0 94199.6 116163.4 7259456.0 7259456.0 15379136.0 4306590.9  100480.0 50092.0    210   30.566   1      7.377   37.943
205632.0 198528.0  0.0   16704.0 7284352.0 1985142.7 15379136.0 4467281.0  100480.0 50092.0    211   30.785   1      7.377   38.162
205632.0 209472.0 16864.0  0.0   7270592.0 4069038.9 15379136.0 4467353.0  100480.0 50092.0    212   30.810   1      7.377   38.187
206528.0 209472.0  0.0   40864.8 7270592.0 5537011.2 15379136.0 4467590.8  100480.0 50092.0    213   30.834   1      7.377   38.211
193280.0 202432.0  0.0   66175.6 7280576.0 408881.6 15379136.0 4549817.0  100480.0 50092.2    215   30.904   1      7.377   38.281
193280.0 195776.0 448.0   0.0   7297984.0 1352698.2 15379136.0 4665812.5  100480.0 50092.2    216   30.939   1      7.377   38.316
187200.0 195776.0  0.0   83038.8 7297984.0 2917289.3 15379136.0 4666024.5  100480.0 50093.1    217   30.971   1      7.377   38.348
187200.0 177024.0 67504.1  0.0   7325312.0 4741363.2 15379136.0 4748843.4  100480.0 50093.1    218   31.013   1      7.377   38.390
197056.0 155648.0  0.0   155634.6 7325312.0 6154275.6 15379136.0 4841677.7  100480.0 50093.1    219   31.069   1      7.377   38.446
201856.0 144832.0  0.0   144812.1 7302912.0 224633.0 15379136.0 4913689.4  100480.0 50093.1    221   31.168   1      7.377   38.545
201856.0 198656.0 41625.9  0.0   7289024.0 737801.1 15379136.0 4984910.3  100480.0 50093.1    222   31.205   1      7.377   38.583
191808.0 198656.0  0.0   96760.2 7289024.0 1724264.0 15379136.0 5026292.2  100480.0 50093.1    223   31.244   1      7.377   38.621
191808.0 191360.0 25659.1  0.0   7306368.0 2474781.9 15379136.0 5122772.5  100480.0 50093.1    224   31.281   1      7.377   38.658
193664.0 384.0   0.0   352.0  7306368.0 1543588.1 15379136.0 5148171.6  100480.0 50093.1    225   31.307   1      7.377   38.684
193664.0 384.0   0.0   352.0  7306368.0 6957028.7 15379136.0 5148171.6  100480.0 50093.1    225   31.307   1      7.377   38.684
193664.0 193536.0 256.0   0.0   7302336.0 3069347.3 15379136.0 5148235.6  100480.0 50093.1    226   31.332   1      7.377   38.709
193664.0 193536.0 256.0   0.0   7302336.0 5000493.8 15379136.0 5148235.6  100480.0 50093.1    226   31.332   1      7.377   38.709
193664.0 193536.0 256.0   0.0   7302336.0 5251773.4 15379136.0 5148235.6  100480.0 50093.1    226   31.332   1      7.377   38.709
193664.0 193536.0 256.0   0.0   7302336.0 5251819.6 15379136.0 5148235.6  100480.0 50093.1    226   31.332   1      7.377   38.709
193664.0 193536.0 256.0   0.0   7302336.0 5388480.8 15379136.0 5148235.6  100480.0 50093.1    226   31.332   1      7.377   38.709
193664.0 193536.0 256.0   0.0   7302336.0 5388501.5 15379136.0 5148235.6  100480.0 50093.1    226   31.332   1      7.377   38.709
193664.0 193536.0 256.0   0.0   7302336.0 5388520.1 15379136.0 5148235.6  100480.0 50093.1    226   31.332   1      7.377   38.709
193664.0 193536.0 256.0   0.0   7302336.0 5388542.7 15379136.0 5148235.6  100480.0 50093.1    226   31.332   1      7.377   38.709
193664.0 193536.0 256.0   0.0   7302336.0 5388586.8 15379136.0 5148235.6  100480.0 50093.1    226   31.332   1      7.377   38.709
193664.0 193536.0 256.0   0.0   7302336.0 5388607.7 15379136.0 5148235.6  100480.0 50093.1    226   31.332   1      7.377   38.709
193664.0 193536.0 256.0   0.0   7302336.0 5388626.3 15379136.0 5148235.6  100480.0 50093.1    226   31.332   1      7.377   38.709
193664.0 193536.0 256.0   0.0   7302336.0 5388649.1 15379136.0 5148235.6  100480.0 50093.1    226   31.332   1      7.377   38.709
193664.0 193536.0 256.0   0.0   7302336.0 6552096.5 15379136.0 5148235.6  100480.0 50094.4    226   31.332   1      7.377   38.709
198336.0 112320.0  0.0   112315.6 7302336.0 4125227.5 15379136.0 5148283.6  100480.0 50094.4    227   31.374   1      7.377   38.751
198336.0 299392.0 198317.3  0.0   7090752.0 3392520.2 15379136.0 5327180.1  100480.0 50094.4    228   31.499   1      7.377   38.876
310848.0 184896.0  0.0   184881.0 7090752.0 4244554.2 15379136.0 5472038.0  100480.0 50094.4    229   31.623   1      7.377   39.001
310848.0 332864.0 222686.7  0.0   7023808.0 5073963.7 15379136.0 5580790.1  100480.0 50094.4    230   31.783   1      7.377   39.160
319104.0 332864.0  0.0   75904.1 7023808.0 6700532.2 15379136.0 5674864.5  100480.0 50094.4    231   31.923   1      7.377   39.300
319104.0 305344.0 76658.7  0.0   7065088.0 6339211.4 15379136.0 5750768.6  100480.0 50097.9    232   32.178   1      7.377   39.556
305600.0 305344.0  0.0   164730.1 7065088.0 5263556.2 15379136.0 5827339.3  100480.0 50098.3    233   32.400   1      7.377   39.777
305600.0 301184.0 155921.4  0.0   7082752.0 1548131.6 15379136.0 5991142.9  100480.0 50098.3    234   32.584   1      7.377   39.961
304576.0 301184.0  0.0   178760.1 7082752.0 2711970.5 15379136.0 6144452.3  100480.0 50098.3    235   32.764   1      7.377   40.142
304576.0 289984.0 107782.8  0.0   7094976.0 4322066.7 15379136.0 6313444.3  100480.0 50100.0    236   32.934   1      7.377   40.311
280384.0 289984.0  0.0   83896.9 7094976.0 5701842.4 15379136.0 6410731.0  100480.0 50100.0    237   33.142   1      7.377   40.519
280384.0 271424.0 79579.6  0.0   7137728.0 3196402.7 15379136.0 6493113.5  100480.0 50100.0    238   33.367   1      7.377   40.744
256256.0 271424.0  0.0   117489.7 7137728.0 4352413.6 15379136.0 6570661.2  100480.0 50100.0    239   33.569   1      7.377   40.946
256256.0 251200.0 64320.0  0.0   7182080.0 4509140.1 15379136.0 6687649.5  100480.0 50100.0    240   33.741   1      7.377   41.118
238272.0 251200.0  0.0   105521.0 7182080.0 3082641.3 15379136.0 6750881.5  100480.0 50100.0    241   33.928   1      7.377   41.305
238272.0 239744.0 149278.6  0.0   7210048.0 1643147.0 15379136.0 6855288.3  100480.0 50100.0    242   34.149   1      7.377   41.527
240896.0 151680.0  0.0   151669.6 7210048.0 1397555.4 15379136.0 6995362.8  100480.0 50100.0    243   34.391   1      7.377   41.769
240896.0 230976.0 104929.5  0.0   7217664.0 1103272.1 15379136.0 7149348.3  100480.0 50100.0    244   34.589   1      7.377   41.966
224512.0 230976.0  0.0   87808.5 7217664.0 952045.7 15379136.0 7249125.8  100480.0 50100.0    245   34.770   1      7.377   42.148
224512.0 230976.0  0.0   87808.5 7217664.0 6423520.1 15379136.0 7249125.8  100480.0 50100.1    245   34.770   1      7.377   42.148
224512.0 231808.0 163580.5  0.0   7225920.0 2763031.3 15379136.0 7334902.3  100480.0 50100.1    246   34.973   1      7.377   42.351
228096.0 231808.0  0.0   74530.1 7225920.0 102675.8 15379136.0 7484994.8  100480.0 50100.1    247   35.168   1      7.377   42.545
228096.0 231808.0  0.0   74530.1 7225920.0 4103286.4 15379136.0 7484994.8  100480.0 50100.1    247   35.168   1      7.377   42.545
228096.0 231808.0  0.0   74530.1 7225920.0 7182031.1 15379136.0 7484994.8  100480.0 50100.1    247   35.168   1      7.377   42.545
228096.0 217088.0 112666.8  0.0   7244352.0 2688410.4 15379136.0 7551308.9  100480.0 50100.1    248   35.364   1      7.377   42.741
228096.0 217088.0 112666.8  0.0   7244352.0 3278004.2 15379136.0 7551308.9  100480.0 50100.3    248   35.364   1      7.377   42.741
228096.0 217088.0 112666.8  0.0   7244352.0 3303207.6 15379136.0 7551308.9  100480.0 50100.3    248   35.364   1      7.377   42.741
228096.0 217088.0 112666.8  0.0   7244352.0 3303226.3 15379136.0 7551308.9  100480.0 50100.3    248   35.364   1      7.377   42.741
228096.0 217088.0 112666.8  0.0   7244352.0 3303251.1 15379136.0 7551308.9  100480.0 50100.3    248   35.364   1      7.377   42.741
228096.0 217088.0 112666.8  0.0   7244352.0 3303276.3 15379136.0 7551308.9  100480.0 50100.3    248   35.364   1      7.377   42.741
228096.0 217088.0 112666.8  0.0   7244352.0 3524460.4 15379136.0 7551308.9  100480.0 50100.3    248   35.364   1      7.377   42.741
228096.0 217088.0 112666.8  0.0   7244352.0 3657915.5 15379136.0 7551308.9  100480.0 50100.3    248   35.364   1      7.377   42.741
228096.0 217088.0 112666.8  0.0   7244352.0 3791333.0 15379136.0 7551308.9  100480.0 50100.3    248   35.364   1      7.377   42.741
228096.0 217088.0 112666.8  0.0   7244352.0 5509915.1 15379136.0 7551308.9  100480.0 50100.3    248   35.364   1      7.377   42.741
228096.0 217088.0  0.0   217063.8 7244352.0 93220.6  15379136.0 7663423.7  100480.0 50100.3    249   35.611   1      7.377   42.989
228096.0 217088.0  0.0   217063.8 7244352.0 2139621.8 15379136.0 7663423.7  100480.0 50100.3    249   35.611   1      7.377   42.989
228096.0 217088.0  0.0   217063.8 7244352.0 4185960.2 15379136.0 7663423.7  100480.0 50100.3    249   35.611   1      7.377   42.989
228096.0 217088.0  0.0   217063.8 7244352.0 6254623.6 15379136.0 7663423.7  100480.0 50100.3    249   35.611   1      7.377   42.989
228096.0 283264.0 65087.6  0.0   7123008.0 2699360.3 15379136.0 7837728.5  100480.0 50100.5    250   35.830   1      7.377   43.207
273920.0 283264.0  0.0   145304.8 7123008.0 3883100.5 15379136.0 7901109.6  100480.0 50100.5    251   36.002   1      7.377   43.380
273920.0 305664.0 254976.6  0.0   7078208.0 5398412.8 15379136.0 8015610.4  100480.0 50100.5    252   36.206   1      7.377   43.584
304256.0 305664.0  32.0  55331.1 7078208.0 7078208.0 15379136.0 8238263.5  100480.0 50100.5    254   36.426   1      7.377   43.803
304256.0 295872.0 83700.5 111499.4 7089408.0 7089408.0 15379136.0 8329852.9  100480.0 50100.5    255   36.839   1      7.377   44.216
283392.0 284608.0 33216.0  0.0   7120320.0 1314076.3 15379136.0 8441413.0  100480.0 50100.5    256   37.128   1      7.377   44.505
289664.0 178624.0  0.0   178568.1 7120320.0 1144884.3 15379136.0 8474557.0  100480.0 50100.5    257   37.312   1      7.377   44.690
289664.0 280704.0 82910.2  0.0   7119168.0 2265044.2 15379136.0 8656211.2  100480.0 50100.7    258   37.478   1      7.377   44.855
268416.0 280704.0  0.0   101024.2 7119168.0 3922268.8 15379136.0 8738841.4  100480.0 50100.7    259   37.542   1      7.377   44.919
268416.0 263168.0 63437.9  0.0   7157952.0 5692814.7 15379136.0 8839683.5  100480.0 50100.7    260   37.651   1      7.377   45.029
256064.0 263168.0  0.0   68561.5 7157952.0 6874391.3 15379136.0 8908132.4  100480.0 50100.7    261   37.780   1      7.377   45.157
247104.0 250624.0  0.0   38880.1 7182848.0 1326915.4 15379136.0 9029796.7  100480.0 50101.9    263   37.945   1      7.377   45.322
247104.0 243968.0 129686.9  0.0   7198464.0 2810233.4 15379136.0 9035716.8  100480.0 50101.9    264   38.043   1      7.377   45.420
240192.0 243968.0  0.0   39040.1 7198464.0 4592466.7 15379136.0 9140470.9  100480.0 50101.9    265   38.138   1      7.377   45.516
240192.0 236864.0 124949.4  0.0   7212480.0 5363926.8 15379136.0 9146604.7  100480.0 50101.9    266   38.314   1      7.377   45.691
226880.0 236864.0  0.0   74489.9 7212480.0 6208167.0 15379136.0 9195967.3  100480.0 50101.9    267   38.377   1      7.377   45.754
226880.0 224128.0 34334.2  0.0   7238528.0 6788519.6 15379136.0 9270209.2  100480.0 50101.9    268   38.448   1      7.377   45.825
220544.0 214784.0 50020.7  0.0   7254208.0 685171.1 15379136.0 9361279.1  100480.0 50101.9    270   38.564   1      7.377   45.941
216960.0 214784.0  0.0   320.0  7254208.0 1474358.6 15379136.0 9411059.9  100480.0 50101.9    271   38.621   1      7.377   45.998
216960.0 216576.0 320.0   0.0   7256000.0 382369.1 15379136.0 9411139.9  100480.0 50101.9    272   38.672   1      7.377   46.049
216960.0 216576.0 320.0   0.0   7256000.0 4516599.4 15379136.0 9411139.9  100480.0 50101.9    272   38.672   1      7.377   46.049
216960.0 216576.0 320.0   0.0   7256000.0 7230347.1 15379136.0 9411139.9  100480.0 50101.9    272   38.672   1      7.377   46.049
214080.0 216576.0  0.0   320.0  7256000.0 285666.9 15379136.0 9411203.9  100480.0 50101.9    273   38.727   1      7.377   46.105
214080.0 216576.0  0.0   320.0  7256000.0 285685.7 15379136.0 9411203.9  100480.0 50101.9    273   38.727   1      7.377   46.105
214080.0 216576.0  0.0   320.0  7256000.0 285710.6 15379136.0 9411203.9  100480.0 50101.9    273   38.727   1      7.377   46.105
214080.0 216576.0  0.0   320.0  7256000.0 285727.2 15379136.0 9411203.9  100480.0 50101.9    273   38.727   1      7.377   46.105
214080.0 216576.0  0.0   320.0  7256000.0 285750.1 15379136.0 9411203.9  100480.0 50101.9    273   38.727   1      7.377   46.105
214080.0 216576.0  0.0   320.0  7256000.0 285793.0 15379136.0 9411203.9  100480.0 50101.9    273   38.727   1      7.377   46.105
214080.0 216576.0  0.0   320.0  7256000.0 285813.6 15379136.0 9411203.9  100480.0 50101.9    273   38.727   1      7.377   46.105
214080.0 216576.0  0.0   320.0  7256000.0 285832.3 15379136.0 9411203.9  100480.0 50101.9    273   38.727   1      7.377   46.105
214080.0 216576.0  0.0   320.0  7256000.0 285853.1 15379136.0 9411203.9  100480.0 50101.9    273   38.727   1      7.377   46.105
214080.0 216576.0  0.0   320.0  7256000.0 285871.9 15379136.0 9411203.9  100480.0 50101.9    273   38.727   1      7.377   46.105
214080.0 216576.0  0.0   320.0  7256000.0 285916.8 15379136.0 9411203.9  100480.0 50101.9    273   38.727   1      7.377   46.105
214080.0 216576.0  0.0   320.0  7256000.0 285935.5 15379136.0 9411203.9  100480.0 50101.9    273   38.727   1      7.377   46.105
214080.0 216576.0  0.0   320.0  7256000.0 442078.2 15379136.0 9411203.9  100480.0 50325.5    273   38.727   1      7.377   46.105
214080.0 216576.0  0.0   320.0  7256000.0 6725058.7 15379136.0 9411203.9  100480.0 50477.7    273   38.727   1      7.377   46.105
206912.0 205760.0  0.0   102615.1 7269696.0 599267.5 15379136.0 9435862.5  100480.0 50477.7    275   38.838   1      7.377   46.216
206912.0 203520.0 288.0   0.0   7279104.0 2800101.3 15379136.0 9538273.7  100480.0 50480.7    276   38.893   1      7.377   46.270
198784.0 203520.0  0.0   320.0  7279104.0 4741568.7 15379136.0 9538345.7  100480.0 50480.7    277   38.946   1      7.377   46.323
198784.0 192960.0 320.0   0.0   7297792.0 6612920.6 15379136.0 9538425.7  100480.0 50480.7    278   38.999   1      7.377   46.376
186304.0 172480.0 39020.3  0.0   7330752.0 119002.2 15379136.0 9538521.7  100480.0 50649.9    280   39.103   1      7.377   46.481
174592.0 172480.0  0.0   82970.0 7330752.0 800071.3 15379136.0 9560769.4  100480.0 50651.4    281   39.180   1      7.377   46.557
174592.0 166016.0 20967.8  0.0   7348928.0 3100507.4 15379136.0 9643503.6  100480.0 50651.5    282   39.234   1      7.377   46.611
160896.0 166016.0  0.0   1824.2 7348928.0 4425147.7 15379136.0 9664223.4  100480.0 50659.4    283   39.287   1      7.377   46.664
160896.0 157248.0 62296.1  0.0   7371392.0 6797080.3 15379136.0 9665823.6  100480.0 50659.4    284   39.340   1      7.377   46.717
147136.0 140608.0 16672.0  0.0   7401792.0 1020082.0 15379136.0 9727947.7  100480.0 50659.4    286   39.449   1      7.377   46.827
136896.0 140608.0  0.0   320.0  7401792.0 3043938.1 15379136.0 9728019.7  100480.0 50659.4    287   39.504   1      7.377   46.881
136896.0 132480.0 352.0   0.0   7420160.0 4442793.8 15379136.0 9728099.7  100480.0 50659.9    288   39.558   1      7.377   46.935
127616.0 132480.0  0.0   389.4  7420160.0 740846.9 15379136.0 9728171.7  100480.0 50660.1    289   39.611   1      7.377   46.988
127616.0 132480.0  0.0   389.4  7420160.0 3103201.7 15379136.0 9728171.7  100480.0 50660.1    289   39.611   1      7.377   46.988
127616.0 132480.0  0.0   389.4  7420160.0 3103220.6 15379136.0 9728171.7  100480.0 50660.1    289   39.611   1      7.377   46.988
127616.0 132480.0  0.0   389.4  7420160.0 3103245.5 15379136.0 9728171.7  100480.0 50660.1    289   39.611   1      7.377   46.988
127616.0 132480.0  0.0   389.4  7420160.0 3103290.0 15379136.0 9728171.7  100480.0 50660.1    289   39.611   1      7.377   46.988
127616.0 132480.0  0.0   389.4  7420160.0 3103310.8 15379136.0 9728171.7  100480.0 50660.1    289   39.611   1      7.377   46.988
127616.0 132480.0  0.0   389.4  7420160.0 3103331.4 15379136.0 9728171.7  100480.0 50660.1    289   39.611   1      7.377   46.988
127616.0 132480.0  0.0   389.4  7420160.0 3103350.3 15379136.0 9728171.7  100480.0 50660.1    289   39.611   1      7.377   46.988
127616.0 132480.0  0.0   389.4  7420160.0 3103368.9 15379136.0 9728171.7  100480.0 50660.1    289   39.611   1      7.377   46.988
127616.0 132480.0  0.0   389.4  7420160.0 3103415.3 15379136.0 9728171.7  100480.0 50660.1    289   39.611   1      7.377   46.988
127616.0 132480.0  0.0   389.4  7420160.0 3103436.0 15379136.0 9728171.7  100480.0 50660.1    289   39.611   1      7.377   46.988
127616.0 132480.0  0.0   389.4  7420160.0 3103452.8 15379136.0 9728171.7  100480.0 50660.1    289   39.611   1      7.377   46.988
127616.0 132480.0  0.0   389.4  7420160.0 3103471.5 15379136.0 9728171.7  100480.0 50660.1    289   39.611   1      7.377   46.988
127616.0 132480.0  0.0   389.4  7420160.0 3103494.2 15379136.0 9728171.7  100480.0 50661.3    289   39.611   1      7.377   46.988
127616.0 132480.0  0.0   389.4  7420160.0 3103534.6 15379136.0 9728171.7  100480.0 50661.3    289   39.611   1      7.377   46.988
127616.0 132480.0  0.0   389.4  7420160.0 3103555.2 15379136.0 9728171.7  100480.0 50661.3    289   39.611   1      7.377   46.988
127616.0 132480.0  0.0   389.4  7420160.0 3103600.4 15379136.0 9728171.7  100480.0 50661.3    289   39.611   1      7.377   46.988
127616.0 132480.0  0.0   389.4  7420160.0 3202914.8 15379136.0 9728171.7  100480.0 50997.8    289   39.611   1      7.377   46.988
127616.0 132480.0  0.0   389.4  7420160.0 5282833.7 15379136.0 9728171.7  100480.0 51081.9    289   39.611   1      7.377   46.988
127616.0 154304.0 127228.1  0.0   7380928.0 4365090.5 15379136.0 9748777.9  100480.0 51081.9    290   39.687   1      7.377   47.064
151168.0 154304.0  0.0   60861.5 7380928.0 4923118.3 15379136.0 9834987.7  100480.0 51082.4    291   39.763   1      7.377   47.140
151168.0 171456.0 125105.3 224.0  7346624.0 7346624.0 15379136.0 9978554.7  100480.0 51082.4    293   39.839   1      7.377   47.217
167424.0 162496.0 288.0   0.0   7359616.0 2496393.8 15379136.0 9978634.7  100480.0 51082.6    294   39.962   1      7.377   47.339
156864.0 162496.0  0.0   320.0  7359616.0 4300497.1 15379136.0 9978706.7  100480.0 51093.3    295   40.016   1      7.377   47.394
156864.0 153600.0 59540.4  0.0   7379072.0 5148863.5 15379136.0 9978778.7  100480.0 51093.6    296   40.071   1      7.377   47.448
165824.0 102272.0  0.0   102221.8 7379072.0 6511310.6 15379136.0 10021696.9 100480.0 51093.9    297   40.133   1      7.377   47.511
150528.0 154176.0  0.0   1216.1 7369536.0 1056866.0 15379136.0 10104734.1 100480.0 51094.2    299   40.243   1      7.377   47.620
150528.0 140288.0 42196.5  0.0   7398720.0 3230095.8 15379136.0 10105730.2 100480.0 51094.4    300   40.297   1      7.377   47.674
133568.0 140288.0  0.0   20663.4 7398720.0 5496917.0 15379136.0 10147694.7 100480.0 51094.6    301   40.350   1      7.377   47.727
133568.0 130496.0 320.0  160.0  7425472.0 7425472.0 15379136.0 10168178.2 100480.0 51094.7    303   40.403   1      7.377   47.780
126656.0 122304.0 288.0   0.0   7440576.0 1973135.4 15379136.0 10168250.2 100480.0 51095.7    304   40.511   1      7.377   47.888
117568.0 122304.0  0.0   288.0  7440576.0 1583102.4 15379136.0 10168322.2 100480.0 51095.7    305   40.564   1      7.377   47.941
117568.0 122304.0  0.0   288.0  7440576.0 4003636.8 15379136.0 10168322.2 100480.0 51095.7    305   40.564   1      7.377   47.941
117568.0 122304.0  0.0   288.0  7440576.0 4281804.2 15379136.0 10168322.2 100480.0 51095.7    305   40.564   1      7.377   47.941
117568.0 122304.0  0.0   288.0  7440576.0 4281855.8 15379136.0 10168322.2 100480.0 51095.7    305   40.564   1      7.377   47.941
117568.0 122304.0  0.0   288.0  7440576.0 4281878.5 15379136.0 10168322.2 100480.0 51095.7    305   40.564   1      7.377   47.941
117568.0 122304.0  0.0   288.0  7440576.0 4281897.2 15379136.0 10168322.2 100480.0 51095.7    305   40.564   1      7.377   47.941
117568.0 122304.0  0.0   288.0  7440576.0 4281915.7 15379136.0 10168322.2 100480.0 51095.7    305   40.564   1      7.377   47.941
117568.0 122304.0  0.0   288.0  7440576.0 4281934.3 15379136.0 10168322.2 100480.0 51095.7    305   40.564   1      7.377   47.941
117568.0 122304.0  0.0   288.0  7440576.0 4281981.0 15379136.0 10168322.2 100480.0 51095.7    305   40.564   1      7.377   47.941
117568.0 122304.0  0.0   288.0  7440576.0 4282001.7 15379136.0 10168322.2 100480.0 51095.7    305   40.564   1      7.377   47.941
117568.0 122304.0  0.0   288.0  7440576.0 4282020.3 15379136.0 10168322.2 100480.0 51095.7    305   40.564   1      7.377   47.941
117568.0 122304.0  0.0   288.0  7440576.0 4282038.9 15379136.0 10168322.2 100480.0 51095.7    305   40.564   1      7.377   47.941
117568.0 122304.0  0.0   288.0  7440576.0 4282059.4 15379136.0 10168322.2 100480.0 51096.1    305   40.564   1      7.377   47.941
117568.0 122304.0  0.0   288.0  7440576.0 4282103.3 15379136.0 10168322.2 100480.0 51096.1    305   40.564   1      7.377   47.941
117568.0 122304.0  0.0   288.0  7440576.0 4282122.0 15379136.0 10168322.2 100480.0 51096.1    305   40.564   1      7.377   47.941
117568.0 122304.0  0.0   288.0  7440576.0 4282140.8 15379136.0 10168322.2 100480.0 51096.1    305   40.564   1      7.377   47.941
117568.0 138624.0 107073.3  0.0   7412288.0 189738.3 15379136.0 10189135.6 100480.0 51099.2    306   40.625   1      7.377   48.002
138688.0 61888.0  0.0   61882.8 7412288.0 812594.4 15379136.0 10213874.8 100480.0 51099.2    307   40.687   1      7.377   48.064
138688.0 160512.0 122903.8  0.0   7368512.0 3185606.9 15379136.0 10275601.8 100480.0 51099.2    308   40.757   1      7.377   48.135
156544.0 160512.0  0.0   256.0  7368512.0 5639644.9 15379136.0 10398321.7 100480.0 51099.2    309   40.818   1      7.377   48.195
146368.0 151744.0  0.0   288.0  7381248.0 737829.9 15379136.0 10398457.7 100480.0 51099.2    311   40.929   1      7.377   48.306
146368.0 140288.0 1536.1  0.0   7402880.0 2285427.2 15379136.0 10398521.7 100480.0 51099.2    312   40.989   1      7.377   48.366
141376.0 140288.0  0.0   62534.1 7402880.0 3898634.1 15379136.0 10399855.5 100480.0 51106.3    313   41.042   1      7.377   48.420
141376.0 148416.0 81104.3  0.0   7392704.0 4990311.5 15379136.0 10462177.7 100480.0 51106.3    314   41.105   1      7.377   48.482
139968.0 148416.0  0.0   22183.9 7392704.0 6076657.5 15379136.0 10482971.4 100480.0 51107.2    315   41.160   1      7.377   48.537
132416.0 139392.0  0.0   20556.1 7410176.0 773631.4 15379136.0 10567339.6 100480.0 51107.5    317   41.269   1      7.377   48.646
132416.0 123584.0 33056.0  0.0   7433536.0 2738691.3 15379136.0 10587687.8 100480.0 51107.5    318   41.323   1      7.377   48.700
116800.0 123584.0  0.0   41892.8 7433536.0 4493708.5 15379136.0 10587711.8 100480.0 51107.5    319   41.378   1      7.377   48.755
116800.0 111680.0 20644.7  0.0   7461056.0 6526063.9 15379136.0 10588093.5 100480.0 51107.6    320   41.432   1      7.377   48.809
110016.0 111680.0  0.0   320.0  7461056.0 5084134.2 15379136.0 10608518.2 100480.0 51109.0    321   41.486   1      7.377   48.864
110016.0 107584.0 352.0   0.0   7471936.0 479691.1 15379136.0 10608566.2 100480.0 51109.0    322   41.540   1      7.377   48.917
110016.0 107584.0 352.0   0.0   7471936.0 1626241.8 15379136.0 10608566.2 100480.0 51109.0    322   41.540   1      7.377   48.917
110016.0 107584.0 352.0   0.0   7471936.0 2085220.7 15379136.0 10608566.2 100480.0 51109.0    322   41.540   1      7.377   48.917
110016.0 107584.0 352.0   0.0   7471936.0 2102590.0 15379136.0 10608566.2 100480.0 51109.8    322   41.540   1      7.377   48.917
110016.0 107584.0 352.0   0.0   7471936.0 2102610.7 15379136.0 10608566.2 100480.0 51109.8    322   41.540   1      7.377   48.917
110016.0 107584.0 352.0   0.0   7471936.0 2102629.3 15379136.0 10608566.2 100480.0 51109.8    322   41.540   1      7.377   48.917
110016.0 107584.0 352.0   0.0   7471936.0 2102649.9 15379136.0 10608566.2 100480.0 51109.8    322   41.540   1      7.377   48.917
110016.0 107584.0 352.0   0.0   7471936.0 2102666.7 15379136.0 10608566.2 100480.0 51109.8    322   41.540   1      7.377   48.917
110016.0 107584.0 352.0   0.0   7471936.0 2102713.5 15379136.0 10608566.2 100480.0 51109.8    322   41.540   1      7.377   48.917
110016.0 107584.0 352.0   0.0   7471936.0 5022829.7 15379136.0 10608566.2 100480.0 51113.4    322   41.540   1      7.377   48.917
110912.0 106688.0  0.0   106630.4 7471936.0 3918578.0 15379136.0 10648867.3 100480.0 51113.6    323   41.606   1      7.377   48.983
110912.0 143616.0 102301.3  0.0   7402304.0 5744603.3 15379136.0 10735359.6 100480.0 51113.6    324   41.675   1      7.377   49.053
140864.0 137216.0 320.0   0.0   7411456.0 575019.7 15379136.0 10837497.0 100480.0 51113.6    326   41.788   1      7.377   49.165
132928.0 137216.0  0.0   288.0  7411456.0 2886955.1 15379136.0 10837569.0 100480.0 51113.6    327   41.841   1      7.377   49.219
132928.0 128064.0 640.0   0.0   7428544.0 4537646.3 15379136.0 10837633.0 100480.0 51113.6    328   41.895   1      7.377   49.273
123136.0 128064.0  0.0   42124.5 7428544.0 5900914.8 15379136.0 10838014.7 100480.0 51113.8    329   41.953   1      7.377   49.330
123136.0 115136.0 21895.6 320.1  7451264.0 7451264.0 15379136.0 10880199.5 100480.0 51114.3    331   42.014   1      7.377   49.391
133376.0 126016.0 42695.8  0.0   7430144.0 623427.7 15379136.0 10982688.3 100480.0 51114.7    332   42.139   1      7.377   49.516
118784.0 126016.0  0.0   41392.3 7430144.0 2793083.2 15379136.0 11025124.2 100480.0 51114.8    333   42.195   1      7.377   49.572
118784.0 116928.0 320.0   0.0   7453824.0 5209845.8 15379136.0 11066312.6 100480.0 51114.8    334   42.255   1      7.377   49.632
114432.0 116928.0  32.0  49472.0 7453824.0 7453824.0 15379136.0 11066376.6 100480.0 51114.8    336   42.311   1      7.377   49.688
109760.0 112448.0  0.0   320.0  7462656.0 1523583.0 15379136.0 11066504.6 100480.0 51116.2    337   42.419   1      7.377   49.796
109760.0 112448.0  32.0  320.0  7462656.0 7462656.0 15379136.0 11066512.6 100480.0 51116.2    338   42.419   1      7.377   49.796
109760.0 106432.0 320.0   0.0   7473344.0 2525288.5 15379136.0 11066576.6 100480.0 51116.8    338   42.473   1      7.377   49.850
109760.0 106432.0 320.0   0.0   7473344.0 2525313.6 15379136.0 11066576.6 100480.0 51116.8    338   42.473   1      7.377   49.850
109760.0 106432.0 320.0   0.0   7473344.0 2601558.4 15379136.0 11066576.6 100480.0 51116.8    338   42.473   1      7.377   49.850
109760.0 106432.0 320.0   0.0   7473344.0 2601581.2 15379136.0 11066576.6 100480.0 51116.8    338   42.473   1      7.377   49.850
109760.0 106432.0 320.0   0.0   7473344.0 2601601.9 15379136.0 11066576.6 100480.0 51116.8    338   42.473   1      7.377   49.850
109760.0 106432.0 320.0   0.0   7473344.0 2601644.6 15379136.0 11066576.6 100480.0 51116.8    338   42.473   1      7.377   49.850
109760.0 106432.0 320.0   0.0   7473344.0 2601663.8 15379136.0 11066576.6 100480.0 51117.0    338   42.473   1      7.377   49.850
109760.0 106432.0 320.0   0.0   7473344.0 2601682.4 15379136.0 11066576.6 100480.0 51117.0    338   42.473   1      7.377   49.850
109760.0 106432.0 320.0   0.0   7473344.0 2601702.9 15379136.0 11066576.6 100480.0 51117.0    338   42.473   1      7.377   49.850
109760.0 106432.0 320.0   0.0   7473344.0 2601723.5 15379136.0 11066576.6 100480.0 51117.0    338   42.473   1      7.377   49.850
109760.0 106432.0 320.0   0.0   7473344.0 2696905.2 15379136.0 11066576.6 100480.0 51121.3    338   42.473   1      7.377   49.850
98496.0 106432.0  0.0   24947.3 7473344.0 2002168.1 15379136.0 11066632.6 100480.0 51125.5    339   42.528   1      7.377   49.905
98496.0 112192.0 82310.8  0.0   7465152.0 3917243.9 15379136.0 11091391.7 100480.0 51125.5    340   42.589   1      7.377   49.966
109376.0 112192.0  0.0   288.0  7465152.0 6100241.2 15379136.0 11173530.6 100480.0 51125.5    341   42.645   1      7.377   50.022
102272.0 106048.0  0.0   288.0  7474112.0 833921.5 15379136.0 11173586.6 100480.0 51125.5    343   42.754   1      7.377   50.132
102272.0 98176.0 288.0   0.0   7489088.0 3269368.0 15379136.0 11173626.6 100480.0 51125.5    344   42.810   1      7.377   50.187
93696.0 98176.0  0.0   1280.1 7489088.0 4058498.3 15379136.0 11173666.6 100480.0 51126.9    345   42.864   1      7.377   50.241
93696.0 102912.0 63732.1  0.0   7483712.0 5521054.6 15379136.0 11174688.4 100480.0 51127.0    346   42.919   1      7.377   50.296
101504.0 102912.0 160.0  40987.7 7483712.0 7483712.0 15379136.0 11238168.7 100480.0 51127.1    348   42.977   1      7.377   50.354
109888.0 62208.0  0.0   62200.1 7479744.0 1298520.7 15379136.0 11280268.6 100480.0 51127.1    349   43.104   1      7.377   50.482
109888.0 107328.0 256.0   0.0   7472320.0 3665436.6 15379136.0 11342312.7 100480.0 51127.3    350   43.159   1      7.377   50.536
104192.0 107328.0  0.0   256.0  7472320.0 5684432.1 15379136.0 11342344.7 100480.0 51127.3    351   43.214   1      7.377   50.592
96704.0 100608.0  0.0   288.0  7484736.0 257395.3 15379136.0 11342771.3 100480.0 51127.3    353   43.325   1      7.377   50.702
96704.0 92544.0 320.0   0.0   7500288.0 63183.8  15379136.0 11342819.3 100480.0 51127.7    354   43.381   1      7.377   50.758
96704.0 92544.0 320.0   0.0   7500288.0 4197029.2 15379136.0 11342819.3 100480.0 51127.7    354   43.381   1      7.377   50.758
96704.0 92544.0 320.0   0.0   7500288.0 5496160.7 15379136.0 11342819.3 100480.0 51127.7    354   43.381   1      7.377   50.758
96704.0 92544.0 320.0   0.0   7500288.0 5514512.8 15379136.0 11342819.3 100480.0 51127.7    354   43.381   1      7.377   50.758
96704.0 92544.0 320.0   0.0   7500288.0 5514535.5 15379136.0 11342819.3 100480.0 51127.7    354   43.381   1      7.377   50.758
96704.0 92544.0 320.0   0.0   7500288.0 5514554.0 15379136.0 11342819.3 100480.0 51127.7    354   43.381   1      7.377   50.758
96704.0 92544.0 320.0   0.0   7500288.0 5514572.5 15379136.0 11342819.3 100480.0 51127.7    354   43.381   1      7.377   50.758
96704.0 92544.0 320.0   0.0   7500288.0 5514617.8 15379136.0 11342819.3 100480.0 51127.7    354   43.381   1      7.377   50.758
96704.0 92544.0 320.0   0.0   7500288.0 5514636.4 15379136.0 11342819.3 100480.0 51127.7    354   43.381   1      7.377   50.758
96704.0 92544.0 320.0   0.0   7500288.0 5514659.0 15379136.0 11342819.3 100480.0 51127.7    354   43.381   1      7.377   50.758
96704.0 92544.0 320.0   0.0   7500288.0 5514677.6 15379136.0 11342819.3 100480.0 51127.7    354   43.381   1      7.377   50.758
96704.0 92544.0 320.0   0.0   7500288.0 5514698.3 15379136.0 11342819.3 100480.0 51127.7    354   43.381   1      7.377   50.758
96704.0 92544.0 320.0   0.0   7500288.0 5514742.7 15379136.0 11342819.3 100480.0 51127.7    354   43.381   1      7.377   50.758
96704.0 92544.0 320.0   0.0   7500288.0 5514763.2 15379136.0 11342819.3 100480.0 51127.7    354   43.381   1      7.377   50.758
96704.0 92544.0 320.0   0.0   7500288.0 5514781.8 15379136.0 11342819.3 100480.0 51127.7    354   43.381   1      7.377   50.758
96704.0 92544.0 320.0   0.0   7500288.0 5514802.3 15379136.0 11342819.3 100480.0 51127.7    354   43.381   1      7.377   50.758
96704.0 92544.0 320.0   0.0   7500288.0 5514827.0 15379136.0 11342819.3 100480.0 51127.7    354   43.381   1      7.377   50.758
96704.0 92544.0 320.0   0.0   7500288.0 5514896.7 15379136.0 11342819.3 100480.0 51127.7    354   43.381   1      7.377   50.758
96704.0 92544.0 320.0   0.0   7500288.0 5514915.2 15379136.0 11342819.3 100480.0 51127.7    354   43.381   1      7.377   50.758
96704.0 92544.0 320.0   0.0   7500288.0 5514935.7 15379136.0 11342819.3 100480.0 51127.7    354   43.381   1      7.377   50.758
87616.0 92544.0  0.0   4448.4 7500288.0 530139.2 15379136.0 11342875.3 100480.0 51139.9    355   43.437   1      7.377   50.815
87616.0 81856.0 20818.9  0.0   7520064.0 1777317.7 15379136.0 11347173.4 100480.0 51139.9    356   43.496   1      7.377   50.873
91968.0 62336.0  0.0   62272.3 7520064.0 3508723.3 15379136.0 11428234.2 100480.0 51139.9    357   43.559   1      7.377   50.937
91968.0 88704.0 288.0   0.0   7508864.0 5710972.7 15379136.0 11530988.0 100480.0 51139.9    358   43.616   1      7.377   50.993
85184.0 81472.0 288.0   0.0   7522880.0 440367.0 15379136.0 11531116.0 100480.0 51139.9    360   43.726   1      7.377   51.103
76544.0 81472.0  0.0   20638.8 7522880.0 2039108.9 15379136.0 11531180.0 100480.0 51141.1    361   43.798   1      7.377   51.175
76544.0 87936.0 63570.6  0.0   7513664.0 1627118.5 15379136.0 11592209.1 100480.0 51143.2    362   43.855   1      7.377   51.233
88896.0 41920.0  0.0   41903.3 7513664.0 3635718.5 15379136.0 11655568.0 100480.0 51143.2    363   43.915   1      7.377   51.292
88896.0 86208.0 608.0   0.0   7514432.0 5357174.0 15379136.0 11697223.3 100480.0 51143.8    364   43.971   1      7.377   51.348
87680.0 86208.0  0.0   42548.5 7514432.0 7245973.6 15379136.0 11697607.4 100480.0 51146.3    365   44.031   1      7.377   51.408
79616.0 81600.0  0.0   320.0  7520256.0 2005929.8 15379136.0 11760695.7 100480.0 51146.3    367   44.142   1      7.377   51.519
79616.0 81408.0 41604.7  0.0   7526720.0 3751185.5 15379136.0 11760743.7 100480.0 51146.3    368   44.200   1      7.377   51.578
79424.0 81408.0  0.0   320.0  7526720.0 5247428.9 15379136.0 11760807.7 100480.0 51147.2    369   44.255   1      7.377   51.632
79424.0 76736.0 1824.2  0.0   7533376.0 1887015.2 15379136.0 11760871.7 100480.0 51149.5    370   44.324   1      7.377   51.701
79424.0 76736.0 1824.2  0.0   7533376.0 4424675.5 15379136.0 11760871.7 100480.0 51158.1    370   44.324   1      7.377   51.701
79424.0 76736.0 1824.2  0.0   7533376.0 6220595.7 15379136.0 11760871.7 100480.0 51159.5    370   44.324   1      7.377   51.701
87040.0 62336.0  0.0   62315.2 7533376.0 2219360.8 15379136.0 11803352.2 100480.0 51160.3    371   44.381   1      7.377   51.759
87040.0 62336.0  0.0   62315.2 7533376.0 6703625.0 15379136.0 11803352.2 100480.0 51160.5    371   44.381   1      7.377   51.759
87040.0 84544.0 288.0   0.0   7517952.0 3478358.9 15379136.0 11865423.6 100480.0 51160.5    372   44.436   1      7.377   51.813
81664.0 84544.0  0.0   288.0  7517952.0 227028.2 15379136.0 11865495.6 100480.0 51160.5    373   44.492   1      7.377   51.869
81664.0 84544.0  0.0   288.0  7517952.0 4245063.7 15379136.0 11865495.6 100480.0 51160.6    373   44.492   1      7.377   51.869
81664.0 84544.0  0.0   288.0  7517952.0 5958557.1 15379136.0 11865495.6 100480.0 51160.6    373   44.492   1      7.377   51.869
81664.0 84544.0  0.0   288.0  7517952.0 5958602.6 15379136.0 11865495.6 100480.0 51160.6    373   44.492   1      7.377   51.869
81664.0 84544.0  0.0   288.0  7517952.0 5958625.0 15379136.0 11865495.6 100480.0 51160.6    373   44.492   1      7.377   51.869
81664.0 84544.0  0.0   288.0  7517952.0 5958643.2 15379136.0 11865495.6 100480.0 51160.9    373   44.492   1      7.377   51.869
81664.0 84544.0  0.0   288.0  7517952.0 5958663.5 15379136.0 11865495.6 100480.0 51160.9    373   44.492   1      7.377   51.869
81664.0 84544.0  0.0   288.0  7517952.0 6265093.4 15379136.0 11865495.6 100480.0 51167.0    373   44.492   1      7.377   51.869
81664.0 84544.0  0.0   288.0  7517952.0 6841194.5 15379136.0 11865495.6 100480.0 51167.2    373   44.492   1      7.377   51.869
81664.0 92800.0 65866.7  0.0   7503936.0 5867590.5 15379136.0 11947951.6 100480.0 51167.2    374   44.558   1      7.377   51.935
100160.0 97472.0 288.0   0.0   7491904.0 914303.1 15379136.0 12055186.9 100480.0 51167.2    376   44.672   1      7.377   52.049
94336.0 97472.0  0.0   288.0  7491904.0 3314591.4 15379136.0 12055210.9 100480.0 51167.2    377   44.728   1      7.377   52.106
94336.0 90816.0 288.0   0.0   7504384.0 5524182.0 15379136.0 12055266.9 100480.0 51167.2    378   44.785   1      7.377   52.162
85696.0 90816.0  32.0  8480.0 7504384.0 7504384.0 15379136.0 12055330.9 100480.0 51167.2    380   44.862   1      7.377   52.240
81984.0 82176.0  0.0   33984.1 7521664.0 1661385.9 15379136.0 12055418.9 100480.0 51167.2    381   44.973   1      7.377   52.350
81984.0 77056.0 22516.1  0.0   7530496.0 973403.0 15379136.0 12056432.7 100480.0 51167.5    382   45.029   1      7.377   52.406
87296.0 62400.0  0.0   62392.1 7530496.0 1493673.4 15379136.0 12181301.0 100480.0 51167.5    383   45.103   1      7.377   52.480
87296.0 87488.0 41220.2  0.0   7514560.0 3535285.0 15379136.0 12243465.3 100480.0 51167.5    384   45.163   1      7.377   52.540
85504.0 87488.0  0.0   256.0  7514560.0 5587680.9 15379136.0 12243529.3 100480.0 51167.5    385   45.218   1      7.377   52.595
80192.0 83008.0  0.0   288.0  7521024.0 298865.6 15379136.0 12243649.3 100480.0 51167.9    387   45.329   1      7.377   52.707
80192.0 77120.0 320.0   0.0   7532224.0 1364853.7 15379136.0 12243697.3 100480.0 51167.9    388   45.386   1      7.377   52.763
80192.0 77120.0 320.0   0.0   7532224.0 7525030.3 15379136.0 12243697.3 100480.0 51167.9    388   45.386   1      7.377   52.763
73856.0 77120.0  0.0   320.0  7532224.0 484873.2 15379136.0 12243769.3 100480.0 51167.9    389   45.441   1      7.377   52.818
73856.0 77120.0  0.0   320.0  7532224.0 1609935.2 15379136.0 12243769.3 100480.0 51167.9    389   45.441   1      7.377   52.818
73856.0 77120.0  0.0   320.0  7532224.0 2734945.5 15379136.0 12243769.3 100480.0 51167.9    389   45.441   1      7.377   52.818
73856.0 77120.0  0.0   320.0  7532224.0 3834955.9 15379136.0 12243769.3 100480.0 51167.9    389   45.441   1      7.377   52.818
73856.0 77120.0  0.0   320.0  7532224.0 4959970.3 15379136.0 12243769.3 100480.0 51167.9    389   45.441   1      7.377   52.818
73856.0 77120.0  0.0   320.0  7532224.0 5110028.7 15379136.0 12243769.3 100480.0 51167.9    389   45.441   1      7.377   52.818
73856.0 77120.0  0.0   320.0  7532224.0 5110075.0 15379136.0 12243769.3 100480.0 51167.9    389   45.441   1      7.377   52.818
73856.0 77120.0  0.0   320.0  7532224.0 5110093.2 15379136.0 12243769.3 100480.0 51167.9    389   45.441   1      7.377   52.818
73856.0 77120.0  0.0   320.0  7532224.0 5110111.6 15379136.0 12243769.3 100480.0 51167.9    389   45.441   1      7.377   52.818
73856.0 77120.0  0.0   320.0  7532224.0 5110131.8 15379136.0 12243769.3 100480.0 51167.9    389   45.441   1      7.377   52.818
73856.0 77120.0  0.0   320.0  7532224.0 5110148.1 15379136.0 12243769.3 100480.0 51167.9    389   45.441   1      7.377   52.818
73856.0 77120.0  0.0   320.0  7532224.0 5110194.8 15379136.0 12243769.3 100480.0 51167.9    389   45.441   1      7.377   52.818
73856.0 77120.0  0.0   320.0  7532224.0 5110215.1 15379136.0 12243769.3 100480.0 51167.9    389   45.441   1      7.377   52.818
73856.0 77120.0  0.0   320.0  7532224.0 5110235.4 15379136.0 12243769.3 100480.0 51167.9    389   45.441   1      7.377   52.818
73856.0 77120.0  0.0   320.0  7532224.0 5264494.3 15379136.0 12243769.3 100480.0 51172.3    389   45.441   1      7.377   52.818
73856.0 83712.0 57667.1  0.0   7522112.0 3357147.5 15379136.0 12285324.1 100480.0 51174.5    390   45.502   1      7.377   52.879
85184.0 82240.0  0.0   82229.2 7522112.0 5246385.4 15379136.0 12371363.5 100480.0 51174.5    391   45.572   1      7.377   52.949
85184.0 97408.0 288.0   64.0  7494720.0 7494720.0 15379136.0 12473833.6 100480.0 51174.5    393   45.632   1      7.377   53.010
93824.0 89984.0 288.0   0.0   7505728.0 2154204.7 15379136.0 12473961.6 100480.0 51174.5    394   45.744   1      7.377   53.121
86016.0 89984.0  0.0   288.0  7505728.0 4417445.4 15379136.0 12474017.6 100480.0 51174.5    395   45.802   1      7.377   53.179
86016.0 81920.0 320.0   0.0   7521600.0 5259198.6 15379136.0 12474057.6 100480.0 51175.1    396   45.876   1      7.377   53.254
93184.0 63808.0  0.0   63752.5 7521600.0 7404060.2 15379136.0 12474097.6 100480.0 51175.1    397   45.936   1      7.377   53.313
80576.0 86464.0  0.0   22196.1 7509888.0 229702.3 15379136.0 12559019.6 100480.0 51175.7    399   46.049   1      7.377   53.427
80576.0 82240.0 41155.3  0.0   7525056.0 1953822.6 15379136.0 12581019.8 100480.0 51175.7    400   46.107   1      7.377   53.484
80000.0 82240.0  0.0   288.0  7525056.0 3949858.1 15379136.0 12621983.1 100480.0 51175.7    401   46.164   1      7.377   53.541
80000.0 77440.0 288.0   0.0   7532096.0 5402444.2 15379136.0 12622039.1 100480.0 51175.7    402   46.219   1      7.377   53.597
86016.0 57536.0  0.0   57504.8 7532096.0 6869800.7 15379136.0 12622107.2 100480.0 51176.4    403   46.279   1      7.377   53.656
86016.0 94592.0 62513.5  0.0   7500352.0 6955362.7 15379136.0 12663001.6 100480.0 51176.4    404   46.337   1      7.377   53.714
92160.0 94592.0  0.0   320.0  7500352.0 5036896.6 15379136.0 12725275.1 100480.0 51176.5    405   46.395   1      7.377   53.772
92160.0 89280.0 288.0   0.0   7508096.0 2145930.6 15379136.0 12725347.1 100480.0 51176.5    406   46.451   1      7.377   53.828
92160.0 89280.0 288.0   0.0   7508096.0 5261239.6 15379136.0 12725347.1 100480.0 51176.5    406   46.451   1      7.377   53.828
92160.0 89280.0 288.0   0.0   7508096.0 5581682.3 15379136.0 12725347.1 100480.0 51176.5    406   46.451   1      7.377   53.828
92160.0 89280.0 288.0   0.0   7508096.0 5581702.6 15379136.0 12725347.1 100480.0 51176.5    406   46.451   1      7.377   53.828
92160.0 89280.0 288.0   0.0   7508096.0 5581723.0 15379136.0 12725347.1 100480.0 51176.5    406   46.451   1      7.377   53.828
92160.0 89280.0 288.0   0.0   7508096.0 5581743.2 15379136.0 12725347.1 100480.0 51176.5    406   46.451   1      7.377   53.828
92160.0 89280.0 288.0   0.0   7508096.0 5581761.5 15379136.0 12725347.1 100480.0 51176.5    406   46.451   1      7.377   53.828
92160.0 89280.0 288.0   0.0   7508096.0 5581807.8 15379136.0 12725347.1 100480.0 51176.5    406   46.451   1      7.377   53.828
92160.0 89280.0 288.0   0.0   7508096.0 5581828.1 15379136.0 12725347.1 100480.0 51176.5    406   46.451   1      7.377   53.828
92160.0 89280.0 288.0   0.0   7508096.0 5581846.5 15379136.0 12725347.1 100480.0 51176.5    406   46.451   1      7.377   53.828
92160.0 89280.0 288.0   0.0   7508096.0 5581866.8 15379136.0 12725347.1 100480.0 51176.9    406   46.451   1      7.377   53.828
84544.0 89280.0  0.0   26897.2 7508096.0 2363374.4 15379136.0 12725411.1 100480.0 51179.2    407   46.526   1      7.377   53.903
84544.0 100672.0 82313.1  0.0   7488192.0 2846572.3 15379136.0 12749856.1 100480.0 51179.2    408   46.604   1      7.377   53.981
113280.0 81728.0  0.0   81673.4 7488192.0 4872071.4 15379136.0 12852872.8 100480.0 51179.2    409   46.679   1      7.377   54.057
113280.0 110912.0 256.0   0.0   7465344.0 7236802.0 15379136.0 12975639.0 100480.0 51179.2    410   46.742   1      7.377   54.119
107840.0 104320.0 256.0   0.0   7477376.0 1851517.3 15379136.0 12975743.0 100480.0 51179.2    412   46.856   1      7.377   54.233
98880.0 104320.0  0.0   9440.1 7477376.0 2847286.4 15379136.0 12975799.0 100480.0 51180.5    413   46.912   1      7.377   54.289
98880.0 113344.0 82589.0  0.0   7462848.0 3795421.3 15379136.0 13037444.1 100480.0 51180.5    414   46.977   1      7.377   54.355
106176.0 113344.0  0.0   21255.8 7462848.0 5531592.4 15379136.0 13099794.5 100480.0 51181.1    415   47.036   1      7.377   54.413
106176.0 99520.0 21499.6  32.0  7483840.0 7483840.0 15379136.0 13120954.4 100480.0 51181.1    417   47.098   1      7.377   54.475
97792.0 92288.0 20631.4  0.0   7499456.0 2230799.4 15379136.0 13184063.1 100480.0 51181.1    418   47.214   1      7.377   54.591
90624.0 92288.0  0.0   320.0  7499456.0 4369037.1 15379136.0 13204506.6 100480.0 51181.1    419   47.272   1      7.377   54.650
90624.0 88320.0 320.0   0.0   7510592.0 6508232.3 15379136.0 13204546.6 100480.0 51181.1    420   47.330   1      7.377   54.707
85568.0 88320.0  0.0   352.0  7510592.0 6857359.9 15379136.0 13204602.6 100480.0 51181.1    421   47.388   1      7.377   54.765
85568.0 82560.0 320.0   0.0   7521408.0 3646009.2 15379136.0 13204658.6 100480.0 51181.1    422   47.446   1      7.377   54.823
85568.0 82560.0 320.0   0.0   7521408.0 4537633.4 15379136.0 13204658.6 100480.0 51181.1    422   47.446   1      7.377   54.823
85568.0 82560.0 320.0   0.0   7521408.0 4537655.7 15379136.0 13204658.6 100480.0 51181.3    422   47.446   1      7.377   54.823
85568.0 82560.0 320.0   0.0   7521408.0 4537703.8 15379136.0 13204658.6 100480.0 51181.3    422   47.446   1      7.377   54.823
85568.0 82560.0 320.0   0.0   7521408.0 4537722.1 15379136.0 13204658.6 100480.0 51181.3    422   47.446   1      7.377   54.823
85568.0 82560.0 320.0   0.0   7521408.0 4537742.4 15379136.0 13204658.6 100480.0 51181.3    422   47.446   1      7.377   54.823
85568.0 82560.0 320.0   0.0   7521408.0 4537760.7 15379136.0 13204658.6 100480.0 51181.3    422   47.446   1      7.377   54.823
85568.0 82560.0 320.0   0.0   7521408.0 4537778.9 15379136.0 13204658.6 100480.0 51181.3    422   47.446   1      7.377   54.823
85568.0 82560.0 320.0   0.0   7521408.0 4537826.6 15379136.0 13204658.6 100480.0 51181.3    422   47.446   1      7.377   54.823
85568.0 82560.0 320.0   0.0   7521408.0 4537844.9 15379136.0 13204658.6 100480.0 51181.3    422   47.446   1      7.377   54.823
85568.0 82560.0 320.0   0.0   7521408.0 4537865.2 15379136.0 13204658.6 100480.0 51181.5    422   47.446   1      7.377   54.823
85568.0 82560.0 320.0   0.0   7521408.0 4537883.4 15379136.0 13204658.6 100480.0 51181.5    422   47.446   1      7.377   54.823
85568.0 82560.0 320.0   0.0   7521408.0 5351227.7 15379136.0 13204658.6 100480.0 51181.7    422   47.446   1      7.377   54.823
78592.0 82560.0  0.0   4160.4 7521408.0 6344098.1 15379136.0 13204730.6 100480.0 51182.8    423   47.505   1      7.377   54.882
90752.0 61696.0  0.0   61673.1 7526848.0 770177.5 15379136.0 13310166.1 100480.0 51182.8    425   47.639   1      7.377   55.016
90752.0 88000.0 320.0   0.0   7510784.0 3158701.9 15379136.0 13392087.1 100480.0 51182.8    426   47.700   1      7.377   55.077
84928.0 88000.0  0.0   320.0  7510784.0 5272527.9 15379136.0 13392135.1 100480.0 51182.8    427   47.757   1      7.377   55.134
84928.0 81600.0 288.0   32.0  7523008.0 7523008.0 15379136.0 13392215.1 100480.0 51182.8    429   47.815   1      7.377   55.192
78080.0 81600.0 320.1  288.0  7523008.0 7523008.0 15379136.0 13392287.1 100480.0 51184.2    430   47.876   1      7.377   55.253
98368.0 62784.0  0.0   62779.7 7510208.0 1618375.8 15379136.0 13455893.5 100480.0 51184.4    431   48.005   1      7.377   55.383
98368.0 95040.0 1088.1  0.0   7496128.0 3434827.1 15379136.0 13518437.3 100480.0 51184.4    432   48.063   1      7.377   55.440
94912.0 95040.0  0.0   41716.4 7496128.0 5619463.6 15379136.0 13519317.3 100480.0 51184.4    433   48.121   1      7.377   55.499
88640.0 91968.0  0.0   320.0  7502656.0 335159.3 15379136.0 13560885.9 100480.0 51184.4    435   48.237   1      7.377   55.615
88640.0 82240.0 16672.0  0.0   7518656.0 2565667.4 15379136.0 13560917.9 100480.0 51184.4    436   48.296   1      7.377   55.673
79232.0 82240.0  0.0   320.0  7518656.0 3986404.3 15379136.0 13560989.9 100480.0 51184.4    437   48.355   1      7.377   55.733
79232.0 75968.0 352.0   0.0   7534336.0 705954.8 15379136.0 13561045.9 100480.0 51187.0    438   48.415   1      7.377   55.792
79232.0 75968.0 352.0   0.0   7534336.0 1960105.7 15379136.0 13561045.9 100480.0 51187.0    438   48.415   1      7.377   55.792
79232.0 75968.0 352.0   0.0   7534336.0 1960126.0 15379136.0 13561045.9 100480.0 51187.0    438   48.415   1      7.377   55.792
79232.0 75968.0 352.0   0.0   7534336.0 1960176.9 15379136.0 13561045.9 100480.0 51187.0    438   48.415   1      7.377   55.792
79232.0 75968.0 352.0   0.0   7534336.0 1960197.3 15379136.0 13561045.9 100480.0 51187.0    438   48.415   1      7.377   55.792
79232.0 75968.0 352.0   0.0   7534336.0 1960215.5 15379136.0 13561045.9 100480.0 51187.0    438   48.415   1      7.377   55.792
79232.0 75968.0 352.0   0.0   7534336.0 1960233.8 15379136.0 13561045.9 100480.0 51187.0    438   48.415   1      7.377   55.792
79232.0 75968.0 352.0   0.0   7534336.0 1960252.2 15379136.0 13561045.9 100480.0 51187.0    438   48.415   1      7.377   55.792
79232.0 75968.0 352.0   0.0   7534336.0 1960301.7 15379136.0 13561045.9 100480.0 51187.0    438   48.415   1      7.377   55.792
79232.0 75968.0 352.0   0.0   7534336.0 1960320.0 15379136.0 13561045.9 100480.0 51187.0    438   48.415   1      7.377   55.792
79232.0 75968.0 352.0   0.0   7534336.0 1960340.3 15379136.0 13561045.9 100480.0 51187.0    438   48.415   1      7.377   55.792
79232.0 75968.0 352.0   0.0   7534336.0 1960356.6 15379136.0 13561045.9 100480.0 51187.0    438   48.415   1      7.377   55.792
79232.0 75968.0 352.0   0.0   7534336.0 1960379.1 15379136.0 13561045.9 100480.0 51187.0    438   48.415   1      7.377   55.792
79232.0 75968.0 352.0   0.0   7534336.0 1960419.9 15379136.0 13561045.9 100480.0 51187.0    438   48.415   1      7.377   55.792
79232.0 75968.0 352.0   0.0   7534336.0 1960438.2 15379136.0 13561045.9 100480.0 51187.0    438   48.415   1      7.377   55.792
79232.0 75968.0 352.0   0.0   7534336.0 1960462.6 15379136.0 13561045.9 100480.0 51187.0    438   48.415   1      7.377   55.792
79232.0 75968.0 352.0   0.0   7534336.0 1960505.5 15379136.0 13561045.9 100480.0 51187.0    438   48.415   1      7.377   55.792
79232.0 75968.0 352.0   0.0   7534336.0 2676508.1 15379136.0 13561045.9 100480.0 51195.6    438   48.415   1      7.377   55.792
79232.0 75968.0  0.0   75940.4 7534336.0 1266368.1 15379136.0 13706772.4 100480.0 51195.6    439   48.502   1      7.377   55.879
79232.0 136640.0 40340.6  0.0   7416256.0 3241381.6 15379136.0 13742242.9 100480.0 51195.6    440   48.564   1      7.377   55.941
132864.0 136640.0  0.0   288.0  7416256.0 5474078.3 15379136.0 13782367.5 100480.0 51195.6    441   48.624   1      7.377   56.001
122496.0 128448.0  0.0   40381.6 7428224.0   0.0    15379136.0 13782519.5 100480.0 51195.6    443   48.744   1      7.377   56.121
122496.0 117440.0 42070.0  0.0   7449600.0 1566000.6 15379136.0 13822661.1 100480.0 51195.6    444   48.806   1      7.377   56.183
114304.0 117440.0  0.0   288.0  7449600.0 3427306.2 15379136.0 13822709.1 100480.0 51196.2    445   48.867   1      7.377   56.244
114304.0 106944.0 21890.8  0.0   7468288.0 4107903.7 15379136.0 13822773.1 100480.0 51197.1    446   48.928   1      7.377   56.305
112384.0 106944.0  0.0   64023.5 7468288.0 4467150.6 15379136.0 13844398.5 100480.0 51197.5    447   48.988   1      7.377   56.365
112384.0 107712.0 40993.6  0.0   7469440.0 5962272.9 15379136.0 13908210.1 100480.0 51197.5    448   49.061   1      7.377   56.438
116928.0 122752.0 53554.1  0.0   7444032.0 478306.8 15379136.0 14093328.1 100480.0 51197.5    450   49.212   1      7.377   56.590
121536.0 122752.0  0.0   320.0  7444032.0 2679158.9 15379136.0 14093408.1 100480.0 51197.5    451   49.271   1      7.377   56.648
121536.0 119296.0 320.0   0.0   7448704.0 4812283.0 15379136.0 14093472.1 100480.0 51197.5    452   49.329   1      7.377   56.706
116352.0 119296.0  0.0   352.0  7448704.0 4498863.7 15379136.0 14093528.1 100480.0 51197.5    453   49.389   1      7.377   56.766
116352.0 112768.0 320.0   0.0   7460416.0 863913.2 15379136.0 14093608.1 100480.0 51197.5    454   49.446   1      7.377   56.824
116352.0 112768.0 320.0   0.0   7460416.0 1747198.5 15379136.0 14093608.1 100480.0 51197.5    454   49.446   1      7.377   56.824
116352.0 112768.0 320.0   0.0   7460416.0 1747251.0 15379136.0 14093608.1 100480.0 51197.5    454   49.446   1      7.377   56.824
116352.0 112768.0 320.0   0.0   7460416.0 1747271.4 15379136.0 14093608.1 100480.0 51197.5    454   49.446   1      7.377   56.824
116352.0 112768.0 320.0   0.0   7460416.0 1747291.8 15379136.0 14093608.1 100480.0 51197.5    454   49.446   1      7.377   56.824
116352.0 112768.0 320.0   0.0   7460416.0 1747308.0 15379136.0 14093608.1 100480.0 51197.5    454   49.446   1      7.377   56.824
116352.0 112768.0 320.0   0.0   7460416.0 1747328.3 15379136.0 14093608.1 100480.0 51197.5    454   49.446   1      7.377   56.824
116352.0 112768.0 320.0   0.0   7460416.0 1747374.4 15379136.0 14093608.1 100480.0 51197.5    454   49.446   1      7.377   56.824
116352.0 112768.0 320.0   0.0   7460416.0 1747396.8 15379136.0 14093608.1 100480.0 51197.5    454   49.446   1      7.377   56.824
116352.0 112768.0 320.0   0.0   7460416.0 1747415.0 15379136.0 14093608.1 100480.0 51197.5    454   49.446   1      7.377   56.824
116352.0 112768.0 320.0   0.0   7460416.0 3562058.8 15379136.0 14093608.1 100480.0 51199.2    454   49.446   1      7.377   56.824
104576.0 112768.0  0.0   25011.4 7460416.0 3828501.8 15379136.0 14093672.1 100480.0 51199.2    455   49.505   1      7.377   56.882
104576.0 124800.0 102534.7  0.0   7439936.0 6033054.8 15379136.0 14118507.4 100480.0 51199.5    456   49.574   1      7.377   56.952
121536.0 117696.0 320.0   0.0   7450304.0 595441.6 15379136.0 14220870.2 100480.0 51199.5    458   49.725   1      7.377   57.102
113472.0 117696.0  0.0   320.0  7450304.0 3142626.3 15379136.0 14220926.2 100480.0 51199.5    459   49.783   1      7.377   57.160
113472.0 108864.0 320.0   0.0   7467200.0 5287660.7 15379136.0 14220990.2 100480.0 51200.6    460   49.841   1      7.377   57.218
103744.0 108864.0  0.0   2240.2 7467200.0 5744030.4 15379136.0 14221062.2 100480.0 51202.0    461   49.899   1      7.377   57.276
103744.0 120640.0 88833.1  0.0   7448256.0 7035053.8 15379136.0 14223021.0 100480.0 51202.0    462   49.959   1      7.377   57.336
131392.0 132736.0 63196.3  0.0   7424064.0 717234.5 15379136.0 14347321.4 100480.0 51202.0    464   50.095   1      7.377   57.472
125696.0 132736.0  0.0   20556.1 7424064.0 2977596.8 15379136.0 14410273.8 100480.0 51202.0    465   50.155   1      7.377   57.532
125696.0 126848.0 62215.1  0.0   7435840.0 5033910.1 15379136.0 14430626.0 100480.0 51202.0    466   50.218   1      7.377   57.595
124160.0 126848.0  0.0   288.0  7435840.0 7292929.5 15379136.0 14430674.0 100480.0 51202.0    468   50.276   1      7.377   57.653
112640.0 115136.0  0.0   320.0  7450240.0 1469396.2 15379136.0 14430818.0 100480.0 51202.0    469   50.394   1      7.377   57.771
112640.0 115136.0  0.0   320.0  7450240.0 7338048.7 15379136.0 14430818.0 100480.0 51202.0    469   50.394   1      7.377   57.771
112640.0 105920.0 21038.0  0.0   7470976.0 1255423.4 15379136.0 14430898.0 100480.0 51202.0    470   50.453   1      7.377   57.830
112640.0 105920.0 21038.0  0.0   7470976.0 1317468.8 15379136.0 14430898.0 100480.0 51202.0    470   50.453   1      7.377   57.830
112640.0 105920.0 21038.0  0.0   7470976.0 1354710.7 15379136.0 14430898.0 100480.0 51202.0    470   50.453   1      7.377   57.830
112640.0 105920.0 21038.0  0.0   7470976.0 1416805.1 15379136.0 14430898.0 100480.0 51202.0    470   50.453   1      7.377   57.830
112640.0 105920.0 21038.0  0.0   7470976.0 1491933.7 15379136.0 14430898.0 100480.0 51202.0    470   50.453   1      7.377   57.830
112640.0 105920.0 21038.0  0.0   7470976.0 1628415.9 15379136.0 14430898.0 100480.0 51202.0    470   50.453   1      7.377   57.830
112640.0 105920.0 21038.0  0.0   7470976.0 1802119.6 15379136.0 14430898.0 100480.0 51202.0    470   50.453   1      7.377   57.830
112640.0 105920.0 21038.0  0.0   7470976.0 1988223.4 15379136.0 14430898.0 100480.0 51202.0    470   50.453   1      7.377   57.830
112640.0 105920.0 21038.0  0.0   7470976.0 2310844.1 15379136.0 14430898.0 100480.0 51202.0    470   50.453   1      7.377   57.830
112640.0 105920.0 21038.0  0.0   7470976.0 2955965.2 15379136.0 14430898.0 100480.0 51202.0    470   50.453   1      7.377   57.830
112640.0 105920.0 21038.0  0.0   7470976.0 3836799.0 15379136.0 14430898.0 100480.0 51202.0    470   50.453   1      7.377   57.830
112640.0 105920.0 21038.0  0.0   7470976.0 4978154.7 15379136.0 14430898.0 100480.0 51202.0    470   50.453   1      7.377   57.830
112640.0 105920.0 21038.0  0.0   7470976.0 6057520.8 15379136.0 14430898.0 100480.0 51202.0    470   50.453   1      7.377   57.830
116672.0 101888.0  0.0   101866.9 7470976.0 1979634.1 15379136.0 14451745.1 100480.0 51203.1    471   50.526   1      7.377   57.903
116672.0 140672.0 102411.5  0.0   7408192.0 461116.8 15379136.0 14557545.1 100480.0 51203.1    472   50.609   1      7.377   57.986
159488.0 121856.0  0.0   121798.9 7408192.0 2740205.0 15379136.0 14639626.3 100480.0 51203.1    473   50.687   1      7.377   58.065
159488.0 157760.0 288.0   0.0   7372288.0 4956235.5 15379136.0 14761177.2 100480.0 51203.1    474   50.755   1      7.377   58.132
151552.0 157760.0  0.0   16672.0 7372288.0 6867594.2 15379136.0 14761249.2 100480.0 51203.1    475   50.815   1      7.377   58.193
135616.0 141120.0  0.0   54460.0 7396864.0 537146.1 15379136.0 14761385.2 100480.0 51203.1    477   50.934   1      7.377   58.311
135616.0 130368.0 20873.8  0.0   7423552.0 2500159.9 15379136.0 14782843.0 100480.0 51203.1    478   50.993   1      7.377   58.370
121472.0 130368.0  0.0   41558.6 7423552.0 4237073.7 15379136.0 14803484.8 100480.0 51203.5    479   51.052   1      7.377   58.430
121472.0 116736.0 22728.0  0.0   7451328.0 5482419.5 15379136.0 14844829.2 100480.0 51203.5    480   51.112   1      7.377   58.489
117376.0 113472.0 20631.4  0.0   7458688.0 168564.1 15379136.0 14929518.0 100480.0 51203.5    482   51.233   1      7.377   58.610
112832.0 113472.0  0.0   288.0  7458688.0 2620894.5 15379136.0 14949933.4 100480.0 51203.5    483   51.295   1      7.377   58.672
112832.0 111232.0 288.0   0.0   7465472.0 4561151.0 15379136.0 14949997.4 100480.0 51203.5    484   51.355   1      7.377   58.732
108736.0 111232.0  0.0   320.0  7465472.0 6460454.8 15379136.0 14950045.4 100480.0 51203.5    485   51.415   1      7.377   58.792
108736.0 105664.0 288.0   0.0   7475136.0 5287218.2 15379136.0 14950117.4 100480.0 51203.5    486   51.475   1      7.377   58.852
108736.0 105664.0 288.0   0.0   7475136.0 6852242.5 15379136.0 14950117.4 100480.0 51204.5    486   51.475   1      7.377   58.852
108736.0 105664.0 288.0   0.0   7475136.0 6852287.3 15379136.0 14950117.4 100480.0 51204.5    486   51.475   1      7.377   58.852
108736.0 105664.0 288.0   0.0   7475136.0 6852313.8 15379136.0 14950117.4 100480.0 51204.5    486   51.475   1      7.377   58.852
108736.0 105664.0 288.0   0.0   7475136.0 6852332.1 15379136.0 14950117.4 100480.0 51204.5    486   51.475   1      7.377   58.852
108736.0 105664.0 288.0   0.0   7475136.0 6852352.3 15379136.0 14950117.4 100480.0 51204.5    486   51.475   1      7.377   58.852
108736.0 105664.0 288.0   0.0   7475136.0 6852368.5 15379136.0 14950117.4 100480.0 51204.5    486   51.475   1      7.377   58.852
108736.0 105664.0 288.0   0.0   7475136.0 6852414.4 15379136.0 14950117.4 100480.0 51204.5    486   51.475   1      7.377   58.852
108736.0 105664.0 288.0   0.0   7475136.0 6852436.7 15379136.0 14950117.4 100480.0 51204.5    486   51.475   1      7.377   58.852
108736.0 105664.0 288.0   0.0   7475136.0 6852454.9 15379136.0 14950117.4 100480.0 51204.5    486   51.475   1      7.377   58.852
108736.0 105664.0 288.0   0.0   7475136.0 6852475.4 15379136.0 14950117.4 100480.0 51204.5    486   51.475   1      7.377   58.852
108736.0 105664.0 288.0   0.0   7475136.0 6852493.6 15379136.0 14950117.4 100480.0 51204.5    486   51.475   1      7.377   58.852
108736.0 105664.0 288.0   0.0   7475136.0 6852536.2 15379136.0 14950117.4 100480.0 51204.5    486   51.475   1      7.377   58.852
108736.0 105664.0 288.0   0.0   7475136.0 6852554.5 15379136.0 14950117.4 100480.0 51204.5    486   51.475   1      7.377   58.852
108736.0 105664.0 288.0   0.0   7475136.0 6881635.7 15379136.0 14950117.4 100480.0 51204.5    486   51.475   1      7.377   58.852
101760.0 105664.0  0.0   36992.4 7475136.0 4516051.1 15379136.0 14950149.4 100480.0 51204.5    487   51.534   1      7.377   58.911
101760.0 114624.0 82275.2  0.0   7460288.0 4610277.9 15379136.0 14974483.2 100480.0 51204.5    488   51.598   1      7.377   58.975
126848.0 102400.0  0.0   102387.9 7460288.0 6919733.6 15379136.0 15138174.6 100480.0 51204.5    489   51.682   1      7.377   59.059
126848.0 129664.0 320.0   0.0   7430208.0   0.0    15379136.0 15301450.7 100480.0 51204.5    490   51.766   2      7.377   59.143
126848.0 129664.0  0.0    0.0   7430208.0 2011988.7 15379136.0 1718085.9  113792.0 51204.5    490   51.766   2     10.829   62.595
122112.0 129664.0  0.0   24928.0 7430208.0 4144964.7 15379136.0 1718085.9  113792.0 51204.5    491   51.779   2     10.829   62.608
122112.0 119232.0 320.0   0.0   7448192.0 6247575.1 15379136.0 1718190.0  113792.0 51204.5    492   51.786   2     10.829   62.615
115520.0 119168.0 61662.3  0.0   7451200.0 177630.4 15379136.0 1719315.8  113792.0 51204.5    494   51.813   2     10.829   62.642
115712.0 119168.0  0.0   640.0  7451200.0 2613411.6 15379136.0 1780722.2  113792.0 51204.5    495   51.831   2     10.829   62.660
115712.0 108096.0 21912.9  0.0   7465728.0 4439163.1 15379136.0 1781090.3  113792.0 51204.5    496   51.844   2     10.829   62.673
113024.0 108096.0  0.0   62911.9 7465728.0 6534122.2 15379136.0 1802803.2  113792.0 51204.5    497   51.864   2     10.829   62.693
106752.0 110144.0  0.0   288.0  7466368.0 1856571.4 15379136.0 1865547.2  113792.0 51204.5    499   51.891   2     10.829   62.719
106752.0 102912.0 320.0   0.0   7479872.0 4468286.2 15379136.0 1865611.2  113792.0 51204.5    500   51.899   2     10.829   62.727
98752.0 102912.0  0.0   352.0  7479872.0 5907855.7 15379136.0 1865683.2  113792.0 51204.5    501   51.906   2     10.829   62.735
98752.0 94400.0 320.0   0.0   7496384.0 4039474.9 15379136.0 1865755.2  113792.0 51204.5    502   51.913   2     10.829   62.742
98752.0 94400.0 320.0   0.0   7496384.0 5564422.0 15379136.0 1865755.2  113792.0 51204.5    502   51.913   2     10.829   62.742
98752.0 94400.0 320.0   0.0   7496384.0 5564442.4 15379136.0 1865755.2  113792.0 51204.5    502   51.913   2     10.829   62.742
98752.0 94400.0 320.0   0.0   7496384.0 5564471.6 15379136.0 1865755.2  113792.0 51204.5    502   51.913   2     10.829   62.742
98752.0 94400.0 320.0   0.0   7496384.0 5564513.3 15379136.0 1865755.2  113792.0 51204.5    502   51.913   2     10.829   62.742
98752.0 94400.0 320.0   0.0   7496384.0 5564527.6 15379136.0 1865755.2  113792.0 51204.5    502   51.913   2     10.829   62.742
98752.0 94400.0 320.0   0.0   7496384.0 5564544.0 15379136.0 1865755.2  113792.0 51204.5    502   51.913   2     10.829   62.742
98752.0 94400.0 320.0   0.0   7496384.0 5564558.2 15379136.0 1865755.2  113792.0 51204.5    502   51.913   2     10.829   62.742
98752.0 94400.0 320.0   0.0   7496384.0 5564616.0 15379136.0 1865755.2  113792.0 51204.5    502   51.913   2     10.829   62.742
98752.0 94400.0 320.0   0.0   7496384.0 5564630.2 15379136.0 1865755.2  113792.0 51204.5    502   51.913   2     10.829   62.742
98752.0 94400.0 320.0   0.0   7496384.0 5564644.4 15379136.0 1865755.2  113792.0 51204.5    502   51.913   2     10.829   62.742
98752.0 94400.0 320.0   0.0   7496384.0 5564658.8 15379136.0 1865755.2  113792.0 51204.5    502   51.913   2     10.829   62.742
98752.0 94400.0 320.0   0.0   7496384.0 5564672.9 15379136.0 1865755.2  113792.0 51204.5    502   51.913   2     10.829   62.742
98752.0 94400.0 320.0   0.0   7496384.0 7305182.0 15379136.0 1865755.2  113792.0 51206.2    502   51.913   2     10.829   62.742
104832.0 67392.0  0.0   67354.6 7496384.0 6181719.0 15379136.0 1865755.2  113792.0 51206.2    503   51.933   2     10.829   62.762
133248.0 106368.0  0.0   106349.2 7449920.0   0.0    15379136.0 1947076.8  113792.0 51206.2    505   51.991   2     10.829   62.820
133248.0 152896.0 102156.8  0.0   7383744.0 2797549.4 15379136.0 1951329.9  113792.0 51206.2    506   52.014   2     10.829   62.843
149440.0 152896.0  0.0   288.0  7383744.0 5277500.4 15379136.0 2053311.0  113792.0 51206.2    507   52.038   2     10.829   62.866
149440.0 145088.0 288.0   0.0   7395008.0 7168739.7 15379136.0 2053367.0  113792.0 51206.4    508   52.045   2     10.829   62.874
136448.0 152128.0 104202.0  0.0   7385280.0 1042974.2 15379136.0 2075468.7  113792.0 51206.4    510   52.086   2     10.829   62.915
141056.0 152128.0  0.0   41309.7 7385280.0 2473931.2 15379136.0 2137716.9  113792.0 51206.5    511   52.109   2     10.829   62.938
141056.0 131072.0 41019.7  0.0   7417408.0 4105869.1 15379136.0 2138719.5  113792.0 51207.4    512   52.126   2     10.829   62.955
130112.0 131072.0  0.0   62876.5 7417408.0 6237656.0 15379136.0 2179503.2  113792.0 51207.6    513   52.149   2     10.829   62.978
126400.0 128768.0  0.0   320.0  7430656.0 1610811.8 15379136.0 2242267.9  113792.0 51207.6    515   52.176   2     10.829   63.005
126400.0 119552.0 41252.2  0.0   7443584.0 4037772.1 15379136.0 2242339.9  113792.0 51207.6    516   52.192   2     10.829   63.021
117184.0 119552.0  0.0   320.0  7443584.0 5618297.5 15379136.0 2242411.9  113792.0 51207.6    517   52.200   2     10.829   63.029
117184.0 114112.0 320.0   0.0   7458240.0 4313343.1 15379136.0 2242467.9  113792.0 51207.6    518   52.208   2     10.829   63.036
117184.0 114112.0 320.0   0.0   7458240.0 5884932.2 15379136.0 2242467.9  113792.0 51207.6    518   52.208   2     10.829   63.036
117184.0 114112.0 320.0   0.0   7458240.0 5884982.9 15379136.0 2242467.9  113792.0 51207.6    518   52.208   2     10.829   63.036
117184.0 114112.0 320.0   0.0   7458240.0 5885005.4 15379136.0 2242467.9  113792.0 51207.6    518   52.208   2     10.829   63.036
117184.0 114112.0 320.0   0.0   7458240.0 5885023.6 15379136.0 2242467.9  113792.0 51207.6    518   52.208   2     10.829   63.036
117184.0 114112.0 320.0   0.0   7458240.0 5885044.1 15379136.0 2242467.9  113792.0 51207.6    518   52.208   2     10.829   63.036
117184.0 114112.0 320.0   0.0   7458240.0 5885062.3 15379136.0 2242467.9  113792.0 51207.6    518   52.208   2     10.829   63.036
117184.0 114112.0 320.0   0.0   7458240.0 5885109.0 15379136.0 2242467.9  113792.0 51207.6    518   52.208   2     10.829   63.036
117184.0 114112.0 320.0   0.0   7458240.0 5885129.2 15379136.0 2242467.9  113792.0 51207.6    518   52.208   2     10.829   63.036
117184.0 114112.0 320.0   0.0   7458240.0 5934153.2 15379136.0 2242467.9  113792.0 51207.6    518   52.208   2     10.829   63.036
114688.0 114112.0  0.0   53536.5 7458240.0 3715392.3 15379136.0 2242539.9  113792.0 51210.4    519   52.225   2     10.829   63.054
114688.0 126848.0 86933.2  0.0   7435840.0 4877007.0 15379136.0 2242539.9  113792.0 51210.4    520   52.248   2     10.829   63.077
126848.0 159104.0 61627.9  0.0   7371328.0   0.0    15379136.0 2349624.8  113792.0 51210.4    522   52.309   2     10.829   63.138
156992.0 159104.0  0.0   320.0  7371328.0 2613477.9 15379136.0 2411012.7  113792.0 51210.4    523   52.328   2     10.829   63.157
156992.0 153728.0 320.0   0.0   7378816.0 5185641.4 15379136.0 2411044.7  113792.0 51210.4    524   52.337   2     10.829   63.166
149376.0 153728.0  0.0   1504.1 7378816.0 6171051.7 15379136.0 2411100.7  113792.0 51210.5    525   52.345   2     10.829   63.174
152000.0 156544.0  0.0   61052.5 7376448.0 341889.6 15379136.0 2495370.6  113792.0 51210.5    527   52.394   2     10.829   63.223
152000.0 141632.0 41947.8  0.0   7395904.0 1909930.3 15379136.0 2496064.4  113792.0 51210.8    528   52.410   2     10.829   63.239
138752.0 141632.0  0.0   62632.6 7395904.0 3883915.8 15379136.0 2537792.2  113792.0 51210.8    529   52.433   2     10.829   63.262
138752.0 137216.0 288.0   0.0   7413568.0 6184706.9 15379136.0 2600197.0  113792.0 51210.8    530   52.455   2     10.829   63.283
134656.0 131264.0 320.0   0.0   7423616.0 1494321.1 15379136.0 2600333.0  113792.0 51210.8    532   52.471   2     10.829   63.300
124352.0 131264.0  0.0   16704.0 7423616.0 3825383.2 15379136.0 2600389.0  113792.0 51210.8    533   52.483   2     10.829   63.312
124352.0 120512.0 320.0   0.0   7444672.0 3491833.9 15379136.0 2600469.0  113792.0 51210.8    534   52.491   2     10.829   63.320
124352.0 120512.0 320.0   0.0   7444672.0 6442839.7 15379136.0 2600469.0  113792.0 51210.8    534   52.491   2     10.829   63.320
124352.0 120512.0 320.0   0.0   7444672.0 6442909.3 15379136.0 2600469.0  113792.0 51210.8    534   52.491   2     10.829   63.320
124352.0 120512.0 320.0   0.0   7444672.0 6442927.6 15379136.0 2600469.0  113792.0 51210.8    534   52.491   2     10.829   63.320
124352.0 120512.0 320.0   0.0   7444672.0 6442947.8 15379136.0 2600469.0  113792.0 51210.8    534   52.491   2     10.829   63.320
124352.0 120512.0 320.0   0.0   7444672.0 6442995.6 15379136.0 2600469.0  113792.0 51210.8    534   52.491   2     10.829   63.320
124352.0 120512.0 320.0   0.0   7444672.0 6443013.9 15379136.0 2600469.0  113792.0 51210.8    534   52.491   2     10.829   63.320
124352.0 120512.0 320.0   0.0   7444672.0 6443034.1 15379136.0 2600469.0  113792.0 51210.8    534   52.491   2     10.829   63.320
124352.0 120512.0 320.0   0.0   7444672.0 6443052.4 15379136.0 2600469.0  113792.0 51210.8    534   52.491   2     10.829   63.320
124352.0 120512.0 320.0   0.0   7444672.0 6443074.7 15379136.0 2600469.0  113792.0 51210.8    534   52.491   2     10.829   63.320
124352.0 120512.0 320.0   0.0   7444672.0 6874584.0 15379136.0 2600469.0  113792.0 51211.5    534   52.491   2     10.829   63.320
139136.0 105728.0  0.0   105710.0 7444672.0 4301998.5 15379136.0 2600533.0  113792.0 51212.1    535   52.519   2     10.829   63.348
139136.0 162560.0 125999.1  0.0   7364416.0 6305460.0 15379136.0 2600533.0  113792.0 51212.1    536   52.548   2     10.829   63.377
181568.0 183296.0 320.0   0.0   7322944.0 1513691.7 15379136.0 2747787.9  113792.0 51212.1    538   52.608   2     10.829   63.437
178368.0 183296.0  0.0   288.0  7322944.0 4123103.1 15379136.0 2747835.9  113792.0 51212.1    539   52.617   2     10.829   63.446
178368.0 172608.0 256.0   0.0   7338560.0 6651765.9 15379136.0 2747875.9  113792.0 51212.1    540   52.625   2     10.829   63.454
166208.0 159040.0 1824.2  0.0   7364288.0 959019.1 15379136.0 2747963.9  113792.0 51212.1    542   52.643   2     10.829   63.471
171904.0 101696.0  0.0   101687.8 7364288.0 2188808.5 15379136.0 2749621.8  113792.0 51212.1    543   52.666   2     10.829   63.495
171904.0 175232.0 84475.3  0.0   7339072.0 3266043.2 15379136.0 2790993.3  113792.0 51212.6    544   52.692   2     10.829   63.521
162624.0 175232.0  0.0   41327.8 7339072.0 5338718.9 15379136.0 2875248.8  113792.0 51212.6    545   52.723   2     10.829   63.552
140736.0 151168.0  0.0   41777.6 7375744.0 298148.0 15379136.0 2916388.7  113792.0 51212.6    547   52.761   2     10.829   63.590
140736.0 134848.0 21047.5  0.0   7413952.0 2545082.9 15379136.0 2957918.3  113792.0 51212.6    548   52.780   2     10.829   63.609
132480.0 134848.0  0.0   352.0  7413952.0 4475414.0 15379136.0 2978687.5  113792.0 51212.6    549   52.794   2     10.829   63.623
132480.0 129216.0 320.0   0.0   7427840.0 3225608.9 15379136.0 2978759.5  113792.0 51212.8    550   52.803   2     10.829   63.632
132480.0 129216.0 320.0   0.0   7427840.0 5803547.2 15379136.0 2978759.5  113792.0 51212.8    550   52.803   2     10.829   63.632
122624.0 129216.0  0.0   41541.4 7427840.0 380269.1 15379136.0 2978831.5  113792.0 51212.8    551   52.819   2     10.829   63.648
122624.0 129216.0  0.0   41541.4 7427840.0 1545146.7 15379136.0 2978831.5  113792.0 51212.8    551   52.819   2     10.829   63.648
122624.0 129216.0  0.0   41541.4 7427840.0 2670310.8 15379136.0 2978831.5  113792.0 51212.8    551   52.819   2     10.829   63.648
122624.0 129216.0  0.0   41541.4 7427840.0 3795477.5 15379136.0 2978831.5  113792.0 51212.8    551   52.819   2     10.829   63.648
122624.0 129216.0  0.0   41541.4 7427840.0 4744573.6 15379136.0 2978831.5  113792.0 51212.8    551   52.819   2     10.829   63.648
122624.0 129216.0  0.0   41541.4 7427840.0 4744618.9 15379136.0 2978831.5  113792.0 51212.8    551   52.819   2     10.829   63.648
122624.0 129216.0  0.0   41541.4 7427840.0 4744637.3 15379136.0 2978831.5  113792.0 51212.8    551   52.819   2     10.829   63.648
122624.0 129216.0  0.0   41541.4 7427840.0 5670798.6 15379136.0 2978831.5  113792.0 51213.7    551   52.819   2     10.829   63.648
122624.0 138816.0 101975.4  0.0   7411904.0 4311665.5 15379136.0 2999502.2  113792.0 51213.8    552   52.851   2     10.829   63.680
151168.0 126464.0  0.0   126445.0 7411904.0 5559148.1 15379136.0 3080386.7  113792.0 51213.8    553   52.893   2     10.829   63.722
148992.0 151040.0  0.0   320.0  7387328.0 985474.6 15379136.0 3206757.7  113792.0 51213.8    555   52.938   2     10.829   63.767
148992.0 145920.0 320.0   0.0   7394624.0 3776840.2 15379136.0 3206829.7  113792.0 51213.8    556   52.947   2     10.829   63.775
141952.0 145920.0  0.0   320.0  7394624.0 6124344.0 15379136.0 3206901.7  113792.0 51213.8    557   52.956   2     10.829   63.785
141952.0 137088.0 1504.1  0.0   7410496.0 7209264.9 15379136.0 3206973.7  113792.0 51213.8    558   52.966   2     10.829   63.795
154048.0 155840.0 1216.1  0.0   7377856.0 2013790.2 15379136.0 3291243.6  113792.0 51214.0    560   53.017   2     10.829   63.846
154624.0 155840.0  0.0   66127.6 7377856.0 3362809.8 15379136.0 3292241.3  113792.0 51214.0    561   53.039   2     10.829   63.868
154624.0 151424.0 62584.3  0.0   7383488.0 5484320.6 15379136.0 3353989.0  113792.0 51214.0    562   53.066   2     10.829   63.895
147712.0 143232.0 320.0   0.0   7398592.0 522825.1 15379136.0 3416433.5  113792.0 51214.0    564   53.096   2     10.829   63.925
138176.0 143232.0  0.0   320.0  7398592.0 3161154.1 15379136.0 3416489.5  113792.0 51214.0    565   53.105   2     10.829   63.934
138176.0 132736.0 320.0   0.0   7418624.0 4707254.6 15379136.0 3416553.5  113792.0 51214.2    566   53.115   2     10.829   63.944
126976.0 132736.0  0.0   320.0  7418624.0 2990798.1 15379136.0 3416625.5  113792.0 51214.2    567   53.124   2     10.829   63.953
126976.0 132736.0  0.0   320.0  7418624.0 5462152.9 15379136.0 3416625.5  113792.0 51214.2    567   53.124   2     10.829   63.953
126976.0 132736.0  0.0   320.0  7418624.0 5462259.7 15379136.0 3416625.5  113792.0 51214.2    567   53.124   2     10.829   63.953
126976.0 132736.0  0.0   320.0  7418624.0 5462278.0 15379136.0 3416625.5  113792.0 51214.2    567   53.124   2     10.829   63.953
126976.0 132736.0  0.0   320.0  7418624.0 5462300.5 15379136.0 3416625.5  113792.0 51214.2    567   53.124   2     10.829   63.953
126976.0 132736.0  0.0   320.0  7418624.0 5462347.0 15379136.0 3416625.5  113792.0 51214.2    567   53.124   2     10.829   63.953
126976.0 132736.0  0.0   320.0  7418624.0 5462367.2 15379136.0 3416625.5  113792.0 51214.2    567   53.124   2     10.829   63.953
126976.0 132736.0  0.0   320.0  7418624.0 5462385.5 15379136.0 3416625.5  113792.0 51214.2    567   53.124   2     10.829   63.953
126976.0 132736.0  0.0   320.0  7418624.0 5462405.8 15379136.0 3416625.5  113792.0 51214.2    567   53.124   2     10.829   63.953
126976.0 132736.0  0.0   320.0  7418624.0 5462426.0 15379136.0 3416625.5  113792.0 51214.2    567   53.124   2     10.829   63.953
126976.0 132736.0  0.0   320.0  7418624.0 5462471.1 15379136.0 3416625.5  113792.0 51214.2    567   53.124   2     10.829   63.953
126976.0 132736.0  0.0   320.0  7418624.0 5462491.4 15379136.0 3416625.5  113792.0 51214.2    567   53.124   2     10.829   63.953
126976.0 132736.0  0.0   320.0  7418624.0 5462507.6 15379136.0 3416625.5  113792.0 51214.2    567   53.124   2     10.829   63.953
126976.0 132736.0  0.0   320.0  7418624.0 5462530.0 15379136.0 3416625.5  113792.0 51214.2    567   53.124   2     10.829   63.953
126976.0 117632.0 20480.4  0.0   7444928.0 2080715.0 15379136.0 3416681.5  113792.0 51215.0    568   53.138   2     10.829   63.967
138240.0 106368.0  0.0   106318.7 7444928.0 3151301.3 15379136.0 3436982.0  113792.0 51215.0    569   53.177   2     10.829   64.006
138240.0 130048.0 20719.8  0.0   7421248.0 5488707.1 15379136.0 3563486.0  113792.0 51215.0    570   53.207   2     10.829   64.036
123776.0 120192.0 320.0   0.0   7445568.0 737410.9 15379136.0 3625233.4  113792.0 51215.0    572   53.244   2     10.829   64.073
116096.0 120192.0  0.0   320.0  7445568.0 3185682.5 15379136.0 3625289.4  113792.0 51215.0    573   53.254   2     10.829   64.083
116096.0 111552.0 640.0   0.0   7461888.0 4678817.1 15379136.0 3625361.4  113792.0 51215.2    574   53.264   2     10.829   64.092
117312.0 63232.0  0.0   63186.6 7461888.0 6453229.9 15379136.0 3625735.1  113792.0 51215.2    575   53.285   2     10.829   64.114
109760.0 113408.0  0.0   1536.1 7458816.0 1223728.2 15379136.0 3730113.2  113792.0 51215.2    577   53.329   2     10.829   64.158
109760.0 114816.0 62752.8  0.0   7459904.0 3263503.7 15379136.0 3731423.1  113792.0 51215.2    578   53.349   2     10.829   64.177
111424.0 114816.0  0.0   256.0  7459904.0 5699481.9 15379136.0 3793975.9  113792.0 51215.2    579   53.369   2     10.829   64.198
102592.0 107584.0  0.0   33376.1 7470528.0 761594.6 15379136.0 3794095.9  113792.0 51215.2    581   53.396   2     10.829   64.225
102592.0 95680.0 20631.4  0.0   7491264.0 2671998.6 15379136.0 3794485.6  113792.0 51215.2    582   53.411   2     10.829   64.240
92736.0 95680.0  0.0   352.0  7491264.0 2560282.1 15379136.0 3814905.1  113792.0 51215.2    583   53.426   2     10.829   64.255
92736.0 95680.0  0.0   352.0  7491264.0 7070032.6 15379136.0 3814905.1  113792.0 51215.2    583   53.426   2     10.829   64.255
92736.0 89472.0 352.0   0.0   7507328.0 853698.5 15379136.0 3814985.1  113792.0 51215.2    584   53.436   2     10.829   64.265
92736.0 89472.0 352.0   0.0   7507328.0 1794711.6 15379136.0 3814985.1  113792.0 51215.2    584   53.436   2     10.829   64.265
92736.0 89472.0 352.0   0.0   7507328.0 1794757.3 15379136.0 3814985.1  113792.0 51215.2    584   53.436   2     10.829   64.265
92736.0 89472.0 352.0   0.0   7507328.0 1794775.6 15379136.0 3814985.1  113792.0 51215.2    584   53.436   2     10.829   64.265
92736.0 89472.0 352.0   0.0   7507328.0 1794793.9 15379136.0 3814985.1  113792.0 51215.2    584   53.436   2     10.829   64.265
92736.0 89472.0 352.0   0.0   7507328.0 1794814.2 15379136.0 3814985.1  113792.0 51215.2    584   53.436   2     10.829   64.265
92736.0 89472.0 352.0   0.0   7507328.0 1794830.4 15379136.0 3814985.1  113792.0 51215.2    584   53.436   2     10.829   64.265
92736.0 89472.0 352.0   0.0   7507328.0 1794878.9 15379136.0 3814985.1  113792.0 51215.2    584   53.436   2     10.829   64.265
92736.0 89472.0 352.0   0.0   7507328.0 1794899.2 15379136.0 3814985.1  113792.0 51215.2    584   53.436   2     10.829   64.265
92736.0 89472.0 352.0   0.0   7507328.0 4790502.5 15379136.0 3814985.1  113792.0 51217.3    584   53.436   2     10.829   64.265
95616.0 86592.0  0.0   86559.1 7507328.0 5128147.1 15379136.0 3815049.1  113792.0 51217.3    585   53.460   2     10.829   64.289
118080.0 121408.0  0.0   192.0  7446720.0 257265.0 15379136.0 3963733.0  113792.0 51217.3    587   53.519   2     10.829   64.347
118080.0 114240.0 320.0   0.0   7457216.0 2888571.8 15379136.0 3963765.0  113792.0 51217.3    588   53.532   2     10.829   64.361
109952.0 114240.0  0.0   320.0  7457216.0 5339095.8 15379136.0 3963829.0  113792.0 51217.3    589   53.543   2     10.829   64.372
109952.0 105408.0 320.0   0.0   7474176.0 7085439.5 15379136.0 3963893.0  113792.0 51217.3    590   53.553   2     10.829   64.382
97280.0 104640.0 61925.2  0.0   7480256.0 1393419.9 15379136.0 3986169.5  113792.0 51217.3    592   53.594   2     10.829   64.423
97472.0 104640.0  0.0   21575.8 7480256.0 3427704.6 15379136.0 4047858.8  113792.0 51217.3    593   53.617   2     10.829   64.446
97472.0 94272.0 1504.1  0.0   7497792.0 5261541.7 15379136.0 4069201.3  113792.0 51217.3    594   53.632   2     10.829   64.461
101632.0 98688.0 320.0   0.0   7489216.0 341896.1 15379136.0 4132381.8  113792.0 51217.3    596   53.672   2     10.829   64.501
92544.0 98688.0  0.0   16704.0 7489216.0 2699699.5 15379136.0 4132453.8  113792.0 51217.3    597   53.685   2     10.829   64.514
92544.0 89536.0 352.0   0.0   7507456.0 4774025.7 15379136.0 4132525.8  113792.0 51217.3    598   53.696   2     10.829   64.525
86144.0 89536.0  0.0   960.1  7507456.0 3090125.7 15379136.0 4132573.8  113792.0 51217.3    599   53.706   2     10.829   64.535
86144.0 89536.0  0.0   960.1  7507456.0 6028619.2 15379136.0 4132573.8  113792.0 51217.3    599   53.706   2     10.829   64.535
86144.0 89536.0  0.0   960.1  7507456.0 7309766.5 15379136.0 4132573.8  113792.0 51217.3    599   53.706   2     10.829   64.535
86144.0 82624.0 352.0   0.0   7520768.0 388214.0 15379136.0 4133267.5  113792.0 51217.3    600   53.717   2     10.829   64.546
86144.0 82624.0 352.0   0.0   7520768.0 388699.7 15379136.0 4133267.5  113792.0 51217.3    600   53.717   2     10.829   64.546
86144.0 82624.0 352.0   0.0   7520768.0 1972023.4 15379136.0 4133267.5  113792.0 51217.3    600   53.717   2     10.829   64.546
86144.0 82624.0 352.0   0.0   7520768.0 4268517.9 15379136.0 4133267.5  113792.0 51217.3    600   53.717   2     10.829   64.546
86144.0 82624.0 352.0   0.0   7520768.0 6564961.2 15379136.0 4133267.5  113792.0 51217.3    600   53.717   2     10.829   64.546
86208.0 82560.0  0.0   82528.5 7520768.0 1300817.8 15379136.0 4133267.5  113792.0 51217.3    601   53.741   2     10.829   64.570
86208.0 82560.0  0.0   82528.5 7520768.0 2763582.7 15379136.0 4133267.5  113792.0 51217.3    601   53.741   2     10.829   64.570
86208.0 82560.0  0.0   82528.5 7520768.0 2763601.0 15379136.0 4133267.5  113792.0 51217.3    601   53.741   2     10.829   64.570
86208.0 82560.0  0.0   82528.5 7520768.0 3990786.1 15379136.0 4133267.5  113792.0 51217.3    601   53.741   2     10.829   64.570
86208.0 130816.0 86186.8  0.0   7427904.0 3687953.4 15379136.0 4174163.6  113792.0 51217.3    602   53.771   2     10.829   64.600
133376.0 128256.0  0.0   128207.8 7427904.0 5781786.7 15379136.0 4236024.5  113792.0 51217.3    603   53.810   2     10.829   64.639
147392.0 152064.0  0.0   320.0  7385408.0 1207476.8 15379136.0 4364148.2  113792.0 51217.3    605   53.857   2     10.829   64.686
147392.0 142144.0 320.0   0.0   7400000.0 3736704.5 15379136.0 4364228.2  113792.0 51217.3    606   53.874   2     10.829   64.703
136256.0 142144.0  0.0   1664.1 7400000.0 3842213.5 15379136.0 4364312.3  113792.0 51217.3    607   53.886   2     10.829   64.715
136256.0 138112.0 62868.1  0.0   7413312.0 4885448.6 15379136.0 4365814.1  113792.0 51217.3    608   53.908   2     10.829   64.737
152448.0 123776.0  0.0   123774.3 7413312.0 7396666.3 15379136.0 4469391.6  113792.0 51217.3    610   53.953   2     10.829   64.782
147200.0 156288.0  0.0   20859.6 7376960.0 2310433.6 15379136.0 4614171.6  113792.0 51217.3    611   54.000   2     10.829   64.829
147200.0 142080.0 288.0   0.0   7400256.0 4882487.9 15379136.0 4634779.2  113792.0 51217.3    612   54.016   2     10.829   64.844
136448.0 130560.0 352.0   0.0   7422528.0   0.0    15379136.0 4634875.2  113792.0 51217.3    614   54.038   2     10.829   64.867
120896.0 130560.0  0.0   21720.9 7422528.0 1869190.7 15379136.0 4634955.2  113792.0 51217.3    615   54.055   2     10.829   64.884
120896.0 112320.0 20174.6  0.0   7456320.0 2874310.9 15379136.0 4656405.8  113792.0 51217.3    616   54.074   2     10.829   64.902
120896.0 112320.0 20174.6  0.0   7456320.0 7392300.9 15379136.0 4656405.8  113792.0 51217.3    616   54.074   2     10.829   64.902
107776.0 112320.0  0.0   320.0  7456320.0 3511608.9 15379136.0 4676320.5  113792.0 51217.3    617   54.088   2     10.829   64.917
107776.0 112320.0  0.0   320.0  7456320.0 6544753.0 15379136.0 4676320.5  113792.0 51217.3    617   54.088   2     10.829   64.917
107776.0 112320.0  0.0   320.0  7456320.0 7416843.6 15379136.0 4676320.5  113792.0 51217.3    617   54.088   2     10.829   64.917
107776.0 112320.0  0.0   320.0  7456320.0 7416861.9 15379136.0 4676320.5  113792.0 51217.3    617   54.088   2     10.829   64.917
107776.0 112320.0  0.0   320.0  7456320.0 7416882.3 15379136.0 4676320.5  113792.0 51217.3    617   54.088   2     10.829   64.917
107776.0 112320.0  0.0   320.0  7456320.0 7416900.5 15379136.0 4676320.5  113792.0 51217.6    617   54.088   2     10.829   64.917
107776.0 112320.0  0.0   320.0  7456320.0 7416948.6 15379136.0 4676320.5  113792.0 51217.6    617   54.088   2     10.829   64.917
107776.0 112320.0  0.0   320.0  7456320.0 7416966.9 15379136.0 4676320.5  113792.0 51217.6    617   54.088   2     10.829   64.917
107776.0 112320.0  0.0   320.0  7456320.0 7416987.2 15379136.0 4676320.5  113792.0 51217.6    617   54.088   2     10.829   64.917
107776.0 112320.0  0.0   320.0  7456320.0 7417007.5 15379136.0 4676320.5  113792.0 51217.6    617   54.088   2     10.829   64.917
97792.0 103040.0  0.0   2560.5 7478720.0 729756.1 15379136.0 4676392.5  113792.0 51251.5    619   54.111   2     10.829   64.940
97792.0 92608.0 2528.5  0.0   7499136.0 3560048.3 15379136.0 4676392.5  113792.0 51252.6    620   54.123   2     10.829   64.952
87552.0 92608.0  0.0   2560.5 7499136.0 6017591.0 15379136.0 4676392.5  113792.0 51252.6    621   54.135   2     10.829   64.964
77760.0 82560.0  0.0   2560.5 7519424.0 1200175.8 15379136.0 4676392.5  113792.0 51252.6    623   54.159   2     10.829   64.988
77760.0 73088.0 2528.5  0.0   7538688.0 3666941.9 15379136.0 4676392.5  113792.0 51252.6    624   54.171   2     10.829   64.999
68544.0 73088.0  0.0   2592.5 7538688.0 5787710.2 15379136.0 4676392.5  113792.0 51252.6    625   54.182   2     10.829   65.011
60160.0 64256.0  0.0   2528.5 7556736.0 785114.2 15379136.0 4676496.5  113792.0 51252.6    627   54.209   2     10.829   65.038
60160.0 56384.0 1856.4  0.0   7572992.0 3433307.0 15379136.0 4677078.3  113792.0 51252.6    628   54.221   2     10.829   65.049
52800.0 56384.0  0.0   1920.4 7572992.0 5745234.1 15379136.0 4677102.3  113792.0 51252.6    629   54.232   2     10.829   65.061
46080.0 49344.0  0.0   1920.4 7587392.0 861185.9 15379136.0 4677102.3  113792.0 51252.6    631   54.256   2     10.829   65.084
46080.0 43008.0 1888.4  0.0   7600448.0 3440421.4 15379136.0 4677102.3  113792.0 51252.6    632   54.267   2     10.829   65.096
46080.0 43008.0 1888.4  0.0   7600448.0 7462704.8 15379136.0 4677102.3  113792.0 51252.6    632   54.267   2     10.829   65.096
46080.0 43008.0 1888.4  0.0   7600448.0 7462761.3 15379136.0 4677102.3  113792.0 51253.0    632   54.267   2     10.829   65.096
46080.0 43008.0 1888.4  0.0   7600448.0 7462792.0 15379136.0 4677102.3  113792.0 51253.0    632   54.267   2     10.829   65.096
46080.0 43008.0 1888.4  0.0   7600448.0 7462810.2 15379136.0 4677102.3  113792.0 51253.0    632   54.267   2     10.829   65.096
46080.0 43008.0 1888.4  0.0   7600448.0 7462830.6 15379136.0 4677102.3  113792.0 51253.0    632   54.267   2     10.829   65.096
46080.0 43008.0 1888.4  0.0   7600448.0 7462873.3 15379136.0 4677102.3  113792.0 51253.0    632   54.267   2     10.829   65.096
46080.0 43008.0 1888.4  0.0   7600448.0 7462893.5 15379136.0 4677102.3  113792.0 51253.0    632   54.267   2     10.829   65.096
46080.0 43008.0 1888.4  0.0   7600448.0 7462913.8 15379136.0 4677102.3  113792.0 51253.0    632   54.267   2     10.829   65.096
46080.0 43008.0 1888.4  0.0   7600448.0 7462932.1 15379136.0 4677102.3  113792.0 51253.0    632   54.267   2     10.829   65.096
46080.0 43008.0 1888.4  0.0   7600448.0 7462952.5 15379136.0 4677102.3  113792.0 51253.0    632   54.267   2     10.829   65.096
46080.0 43008.0 1888.4  0.0   7600448.0 7462997.1 15379136.0 4677102.3  113792.0 51253.0    632   54.267   2     10.829   65.096
46080.0 43008.0 1888.4  0.0   7600448.0 7463017.4 15379136.0 4677102.3  113792.0 51253.0    632   54.267   2     10.829   65.096
